{"label": "built", "peak": 1753710592, "storages": [{"bytes": 270532608, "paths": ["conceptualSpaces.0.params.10", "conceptualSpaces.0.layers.3._parameters.W", "conceptualSpaces.0.layers.3.vq._external_codebook", "conceptualSpaces.1.params.10", "conceptualSpaces.2.params.10", "conceptualSpaces.3.params.10"]}, {"bytes": 101548032, "paths": ["symbolSpace.subspace.params.58", "symbolSpace.subspace.layers.2._inter_predictor.network.0._parameters.weight"]}, {"bytes": 29589504, "paths": ["symbolSpace.subspace.params.52", "symbolSpace.subspace.layers.2.predictor.0._parameters.weight"]}, {"bytes": 29589504, "paths": ["symbolSpace.subspace.params.62", "symbolSpace.subspace.layers.2.word_predictor.0._parameters.weight"]}, {"bytes": 16908288, "paths": ["symbolSpace.subspace.layers.1._buffers._pending_truths"]}, {"bytes": 16777216, "paths": ["perceptualSpace.params.0", "perceptualSpace._owned_bases.what._parameters.W"]}, {"bytes": 12693504, "paths": ["symbolSpace.subspace.params.60", "symbolSpace.subspace.layers.2._inter_predictor.network.2._parameters.weight"]}, {"bytes": 12681216, "paths": ["symbolSpace.subspace.layers.2._ltm_store._buffers.slots"]}]}
ENTER _lex_embed_stem 1756692480
ENTER _stage_serial_concept_rows 4703879168
EXIT _stage_serial_concept_rows 5128028160
ENTER _stage_reading_word_concepts 5128028160
EXIT _stage_reading_word_concepts 5128028160
ENTER _stage_snapshot_bytes 5172232192
EXIT _stage_snapshot_bytes 5172281344
EXIT _lex_embed_stem 5172396032
{"label": "intact", "peak": 5225316352, "storages": [{"bytes": 528482304, "paths": ["inputSpace._owned_bases.what.W"]}, {"bytes": 270532608, "paths": ["conceptualSpaces.0.params.10", "conceptualSpaces.0.layers.3._parameters.W", "conceptualSpaces.0.layers.3.vq._external_codebook", "conceptualSpaces.1.params.10", "conceptualSpaces.2.params.10", "conceptualSpaces.3.params.10"]}, {"bytes": 101548032, "paths": ["symbolSpace.subspace.params.58", "symbolSpace.subspace.layers.2._inter_predictor.network.0._parameters.weight"]}, {"bytes": 33554432, "paths": ["wholeSpaces.3._staged_word_primitive_counts"]}, {"bytes": 29589504, "paths": ["symbolSpace.subspace.params.52", "symbolSpace.subspace.layers.2.predictor.0._parameters.weight"]}, {"bytes": 29589504, "paths": ["symbolSpace.subspace.params.62", "symbolSpace.subspace.layers.2.word_predictor.0._parameters.weight"]}, {"bytes": 20054016, "paths": ["perceptualSpace._forward_input.seed_event"]}, {"bytes": 16908288, "paths": ["._attention_words.1"]}, {"bytes": 16908288, "paths": ["._word_expectation.1"]}, {"bytes": 16908288, "paths": ["._word_expectation.2"]}, {"bytes": 16908288, "paths": ["._word_expectation.3", "._word_surprise", "conceptualSpaces.3._word_column"]}, {"bytes": 16908288, "paths": ["._word_expectation_input.0"]}, {"bytes": 16908288, "paths": ["._attention_forms.2"]}, {"bytes": 16908288, "paths": ["._open_read"]}, {"bytes": 16908288, "paths": ["symbolSpace.subspace.layers.1._buffers._pending_truths"]}, {"bytes": 16777216, "paths": ["perceptualSpace.params.0", "perceptualSpace._owned_bases.what._parameters.W"]}, {"bytes": 12693504, "paths": ["symbolSpace.subspace.params.60", "symbolSpace.subspace.layers.2._inter_predictor.network.2._parameters.weight"]}, {"bytes": 12681216, "paths": ["symbolSpace.subspace.layers.2._ltm_store._buffers.slots"]}]}
ENTER _lex_embed_stem 5225316352
ENTER _stage_serial_concept_rows 6028410880
EXIT _stage_serial_concept_rows 6028410880
ENTER _stage_reading_word_concepts 6028410880
EXIT _stage_reading_word_concepts 6028410880
ENTER _stage_snapshot_bytes 6028410880
EXIT _stage_snapshot_bytes 6028410880
EXIT _lex_embed_stem 6028410880
{"label": "shuffled", "peak": 6028410880, "storages": [{"bytes": 528482304, "paths": ["inputSpace._owned_bases.what.W"]}, {"bytes": 270532608, "paths": ["conceptualSpaces.0.params.10", "conceptualSpaces.0.layers.3._parameters.W", "conceptualSpaces.0.layers.3.vq._external_codebook", "conceptualSpaces.1.params.10", "conceptualSpaces.2.params.10", "conceptualSpaces.3.params.10"]}, {"bytes": 101548032, "paths": ["symbolSpace.subspace.params.58", "symbolSpace.subspace.layers.2._inter_predictor.network.0._parameters.weight"]}, {"bytes": 33554432, "paths": ["wholeSpaces.3._staged_word_primitive_counts"]}, {"bytes": 29589504, "paths": ["symbolSpace.subspace.params.52", "symbolSpace.subspace.layers.2.predictor.0._parameters.weight"]}, {"bytes": 29589504, "paths": ["symbolSpace.subspace.params.62", "symbolSpace.subspace.layers.2.word_predictor.0._parameters.weight"]}, {"bytes": 20054016, "paths": ["perceptualSpace._forward_input.seed_event"]}, {"bytes": 16908288, "paths": ["._attention_words.1"]}, {"bytes": 16908288, "paths": ["._word_expectation.1"]}, {"bytes": 16908288, "paths": ["._word_expectation.2"]}, {"bytes": 16908288, "paths": ["._word_expectation.3", "._word_surprise", "conceptualSpaces.3._word_column"]}, {"bytes": 16908288, "paths": ["._word_expectation_input.0"]}, {"bytes": 16908288, "paths": ["._attention_forms.2"]}, {"bytes": 16908288, "paths": ["._open_read"]}, {"bytes": 16908288, "paths": ["symbolSpace.subspace.layers.1._buffers._pending_truths"]}, {"bytes": 16777216, "paths": ["perceptualSpace.params.0", "perceptualSpace._owned_bases.what._parameters.W"]}, {"bytes": 12693504, "paths": ["symbolSpace.subspace.params.60", "symbolSpace.subspace.layers.2._inter_predictor.network.2._parameters.weight"]}, {"bytes": 12681216, "paths": ["symbolSpace.subspace.layers.2._ltm_store._buffers.slots"]}]}
.
=============================== warnings summary ===============================
doc/benchmarks/2026-10-03-operators-attention/nanochat_cache_probe.py::test_control_cache_lifetime
  /Users/arogers/github/WikiOracle/basicmodel/.venv/lib/python3.12/site-packages/torch/utils/_device.py:122: UserWarning: Sparse invariant checks are implicitly disabled. Memory errors (e.g. SEGFAULT) will occur when operating on a sparse tensor which violates the invariants, but checks incur performance overhead. To silence this warning, explicitly opt in or out. See `torch.sparse.check_sparse_tensor_invariants.__doc__` for guidance.  (Triggered internally at /Users/runner/work/pytorch/pytorch/aten/src/ATen/Context.cpp:855.)
    return func(*args, **kwargs)

-- Docs: https://docs.pytest.org/en/stable/how-to/capture-warnings.html
1 passed, 1 warning in 21.80s
