FF                                                                       [100%]
=================================== FAILURES ===================================
_______________ TestXorGrammarLearnsXor.test_xor_class_accuracy ________________
test/test_explicit_dimensions.py:248: in test_xor_class_accuracy
    self.assertGreaterEqual(
E   AssertionError: tensor(0.) not greater than or equal to 0.5 : Expected >=0.5 accuracy on class 0 from an unselected initialization, got 0.0
----------------------------- Captured stdout call -----------------------------
Starting with dynamic 2-dim embedding (words added at runtime)
  Building span table: 0/4 docs
Device: cpu
Peer pipeline: static PS/WS stage bodies compiled separately; legacy compatibility scheduler remains outside fullgraph capture


==== BasicModel ====

Trial [1/1]
Baseline test pass skipped (--test not specified). Re-invoke train.py with --test to include baseline + post-epoch evaluation.
Epoch [1/400]
[AMP] off (fp32, MODEL_AMP unset or =off)
batch = 0 (warm-up, 100.00%)
Train Loss: output=0.1757, reconstruction=0.3759
Epoch [2/400]
batch = 0 (Δ=0.300s, 100.00%)
Train Loss: output=0.1859, reconstruction=0.3715
Epoch [3/400]
batch = 0 (Δ=0.289s, 100.00%)
Train Loss: output=0.1761, reconstruction=0.4153
Epoch [4/400]
batch = 0 (Δ=0.309s, 100.00%)
Train Loss: output=0.1771, reconstruction=0.4065
Epoch [5/400]
batch = 0 (Δ=0.292s, 100.00%)
Train Loss: output=0.1808, reconstruction=0.3912
Epoch [6/400]
batch = 0 (Δ=0.279s, 100.00%)
Train Loss: output=0.1784, reconstruction=0.3802
Epoch [7/400]
batch = 0 (Δ=0.292s, 100.00%)
Train Loss: output=0.1752, reconstruction=0.3683
Epoch [8/400]
batch = 0 (Δ=0.294s, 100.00%)
Train Loss: output=0.1757, reconstruction=0.3669
Epoch [9/400]
batch = 0 (Δ=0.290s, 100.00%)
Train Loss: output=0.1779, reconstruction=0.3667
Epoch [10/400]
batch = 0 (Δ=0.290s, 100.00%)
Train Loss: output=0.1779, reconstruction=0.3678
Epoch [11/400]
batch = 0 (Δ=0.291s, 100.00%)
Train Loss: output=0.1761, reconstruction=0.3640
Epoch [12/400]
batch = 0 (Δ=0.290s, 100.00%)
Train Loss: output=0.1750, reconstruction=0.4122
Epoch [13/400]
batch = 0 (Δ=0.294s, 100.00%)
Train Loss: output=0.1758, reconstruction=0.3549
Epoch [14/400]
batch = 0 (Δ=0.253s, 100.00%)
Train Loss: output=0.1769, reconstruction=0.3634
Epoch [15/400]
batch = 0 (Δ=0.208s, 100.00%)
Train Loss: output=0.1766, reconstruction=0.3992
Epoch [16/400]
batch = 0 (Δ=0.205s, 100.00%)
Train Loss: output=0.1755, reconstruction=0.4005
Epoch [17/400]
batch = 0 (Δ=0.207s, 100.00%)
Train Loss: output=0.1750, reconstruction=0.3356
Epoch [18/400]
batch = 0 (Δ=0.254s, 100.00%)
Train Loss: output=0.1756, reconstruction=0.3532
Epoch [19/400]
batch = 0 (Δ=0.292s, 100.00%)
Train Loss: output=0.1762, reconstruction=0.3556
Epoch [20/400]
batch = 0 (Δ=0.294s, 100.00%)
Train Loss: output=0.1759, reconstruction=0.3639
Epoch [21/400]
batch = 0 (Δ=0.293s, 100.00%)
Train Loss: output=0.1752, reconstruction=0.3631
Epoch [22/400]
batch = 0 (Δ=0.363s, 100.00%)
Train Loss: output=0.1751, reconstruction=0.3654
Epoch [23/400]
batch = 0 (Δ=0.289s, 100.00%)
Train Loss: output=0.1755, reconstruction=0.3742
Epoch [24/400]
batch = 0 (Δ=0.292s, 100.00%)
Train Loss: output=0.1758, reconstruction=0.3695
Epoch [25/400]
batch = 0 (Δ=0.287s, 100.00%)
Train Loss: output=0.1754, reconstruction=0.3518
Epoch [26/400]
batch = 0 (Δ=0.288s, 100.00%)
Train Loss: output=0.1750, reconstruction=0.4074
Epoch [27/400]
batch = 0 (Δ=0.290s, 100.00%)
Train Loss: output=0.1752, reconstruction=0.3823
Epoch [28/400]
batch = 0 (Δ=0.293s, 100.00%)
Train Loss: output=0.1755, reconstruction=0.3730
Epoch [29/400]
batch = 0 (Δ=0.290s, 100.00%)
Train Loss: output=0.1754, reconstruction=0.3693
Epoch [30/400]
batch = 0 (Δ=0.290s, 100.00%)
Train Loss: output=0.1751, reconstruction=0.4005
Epoch [31/400]
batch = 0 (Δ=0.293s, 100.00%)
Train Loss: output=0.1750, reconstruction=0.3735
Epoch [32/400]
batch = 0 (Δ=0.288s, 100.00%)
Train Loss: output=0.1753, reconstruction=0.3927
Epoch [33/400]
batch = 0 (Δ=0.288s, 100.00%)
Train Loss: output=0.1753, reconstruction=0.3733
Epoch [34/400]
batch = 0 (Δ=0.286s, 100.00%)
Train Loss: output=0.1751, reconstruction=0.3735
Epoch [35/400]
batch = 0 (Δ=0.287s, 100.00%)
Train Loss: output=0.1750, reconstruction=0.3867
Epoch [36/400]
batch = 0 (Δ=0.292s, 100.00%)
Train Loss: output=0.1751, reconstruction=0.3888
Epoch [37/400]
batch = 0 (Δ=0.295s, 100.00%)
Train Loss: output=0.1752, reconstruction=0.3719
Epoch [38/400]
batch = 0 (Δ=0.293s, 100.00%)
Train Loss: output=0.1751, reconstruction=0.4047
Epoch [39/400]
batch = 0 (Δ=0.295s, 100.00%)
Train Loss: output=0.1750, reconstruction=0.3911
Epoch [40/400]
batch = 0 (Δ=0.289s, 100.00%)
Train Loss: output=0.1751, reconstruction=0.3274
Epoch [41/400]
batch = 0 (Δ=0.293s, 100.00%)
Train Loss: output=0.1752, reconstruction=0.3822
Epoch [42/400]
batch = 0 (Δ=0.291s, 100.00%)
Train Loss: output=0.1751, reconstruction=0.3862
Epoch [43/400]
batch = 0 (Δ=0.293s, 100.00%)
Train Loss: output=0.1750, reconstruction=0.3809
Epoch [44/400]
batch = 0 (Δ=0.297s, 100.00%)
Train Loss: output=0.1751, reconstruction=0.2301
Epoch [45/400]
batch = 0 (Δ=0.375s, 100.00%)
Train Loss: output=0.1751, reconstruction=0.0675
Epoch [46/400]
batch = 0 (Δ=0.295s, 100.00%)
Train Loss: output=0.1750, reconstruction=0.0720
Epoch [47/400]
batch = 0 (Δ=0.292s, 100.00%)
Train Loss: output=0.1750, reconstruction=0.0690
Epoch [48/400]
batch = 0 (Δ=0.292s, 100.00%)
Train Loss: output=0.1751, reconstruction=0.0756
Epoch [49/400]
batch = 0 (Δ=0.291s, 100.00%)
Train Loss: output=0.1751, reconstruction=0.0719
Epoch [50/400]
batch = 0 (Δ=0.291s, 100.00%)
Train Loss: output=0.1750, reconstruction=0.0703
Epoch [51/400]
batch = 0 (Δ=0.295s, 100.00%)
Train Loss: output=0.1750, reconstruction=0.0734
Epoch [52/400]
batch = 0 (Δ=0.280s, 100.00%)
Train Loss: output=0.1751, reconstruction=0.0718
Epoch [53/400]
batch = 0 (Δ=0.296s, 100.00%)
Train Loss: output=0.1750, reconstruction=0.0730
Epoch [54/400]
batch = 0 (Δ=0.293s, 100.00%)
Train Loss: output=0.1750, reconstruction=0.0724
Epoch [55/400]
batch = 0 (Δ=0.289s, 100.00%)
Train Loss: output=0.1750, reconstruction=0.0697
Epoch [56/400]
batch = 0 (Δ=0.288s, 100.00%)
Train Loss: output=0.1750, reconstruction=0.0728
Epoch [57/400]
batch = 0 (Δ=0.294s, 100.00%)
Train Loss: output=0.1750, reconstruction=0.0700
Epoch [58/400]
batch = 0 (Δ=0.290s, 100.00%)
Train Loss: output=0.1750, reconstruction=0.0715
Epoch [59/400]
batch = 0 (Δ=0.303s, 100.00%)
Train Loss: output=0.1750, reconstruction=0.0729
Epoch [60/400]
batch = 0 (Δ=0.291s, 100.00%)
Train Loss: output=0.1750, reconstruction=0.0718
Epoch [61/400]
batch = 0 (Δ=0.282s, 100.00%)
Train Loss: output=0.1750, reconstruction=0.0731
Epoch [62/400]
batch = 0 (Δ=0.293s, 100.00%)
Train Loss: output=0.1750, reconstruction=0.0728
Epoch [63/400]
batch = 0 (Δ=0.292s, 100.00%)
Train Loss: output=0.1750, reconstruction=0.0716
Epoch [64/400]
batch = 0 (Δ=0.294s, 100.00%)
Train Loss: output=0.1750, reconstruction=0.0718
Epoch [65/400]
batch = 0 (Δ=0.289s, 100.00%)
Train Loss: output=0.1750, reconstruction=0.0718
Epoch [66/400]
batch = 0 (Δ=0.291s, 100.00%)
Train Loss: output=0.1750, reconstruction=0.0705
Epoch [67/400]
batch = 0 (Δ=0.291s, 100.00%)
Train Loss: output=0.1750, reconstruction=0.0707
Epoch [68/400]
batch = 0 (Δ=0.380s, 100.00%)
Train Loss: output=0.1750, reconstruction=0.0733
Epoch [69/400]
batch = 0 (Δ=0.298s, 100.00%)
Train Loss: output=0.1750, reconstruction=0.0733
Epoch [70/400]
batch = 0 (Δ=0.294s, 100.00%)
Train Loss: output=0.1750, reconstruction=0.0729
Epoch [71/400]
batch = 0 (Δ=0.291s, 100.00%)
Train Loss: output=0.1750, reconstruction=0.0717
Epoch [72/400]
batch = 0 (Δ=0.290s, 100.00%)
Train Loss: output=0.1750, reconstruction=0.0713
Epoch [73/400]
batch = 0 (Δ=0.287s, 100.00%)
Train Loss: output=0.1750, reconstruction=0.0726
Epoch [74/400]
batch = 0 (Δ=0.276s, 100.00%)
Train Loss: output=0.1750, reconstruction=0.0731
Epoch [75/400]
batch = 0 (Δ=0.291s, 100.00%)
Train Loss: output=0.1750, reconstruction=0.0732
Epoch [76/400]
batch = 0 (Δ=0.296s, 100.00%)
Train Loss: output=0.1750, reconstruction=0.0733
Epoch [77/400]
batch = 0 (Δ=0.280s, 100.00%)
Train Loss: output=0.1750, reconstruction=0.0720
Epoch [78/400]
batch = 0 (Δ=0.284s, 100.00%)
Train Loss: output=0.1750, reconstruction=0.0722
Epoch [79/400]
batch = 0 (Δ=0.289s, 100.00%)
Train Loss: output=0.1750, reconstruction=0.0734
Epoch [80/400]
batch = 0 (Δ=0.291s, 100.00%)
Train Loss: output=0.1750, reconstruction=0.0710
Epoch [81/400]
batch = 0 (Δ=0.294s, 100.00%)
Train Loss: output=0.1750, reconstruction=0.0739
Epoch [82/400]
batch = 0 (Δ=0.289s, 100.00%)
Train Loss: output=0.1750, reconstruction=0.0733
Epoch [83/400]
batch = 0 (Δ=0.291s, 100.00%)
Train Loss: output=0.1750, reconstruction=0.0733
Epoch [84/400]
batch = 0 (Δ=0.291s, 100.00%)
Train Loss: output=0.1750, reconstruction=0.0722
Epoch [85/400]
batch = 0 (Δ=0.290s, 100.00%)
Train Loss: output=0.1750, reconstruction=0.0710
Epoch [86/400]
batch = 0 (Δ=0.297s, 100.00%)
Train Loss: output=0.1750, reconstruction=0.0711
Epoch [87/400]
batch = 0 (Δ=0.293s, 100.00%)
Train Loss: output=0.1750, reconstruction=0.0707
Epoch [88/400]
batch = 0 (Δ=0.292s, 100.00%)
Train Loss: output=0.1750, reconstruction=0.0725
Epoch [89/400]
batch = 0 (Δ=0.385s, 100.00%)
Train Loss: output=0.1750, reconstruction=0.0719
Epoch [90/400]
batch = 0 (Δ=0.294s, 100.00%)
Train Loss: output=0.1750, reconstruction=0.0720
Epoch [91/400]
batch = 0 (Δ=0.294s, 100.00%)
Train Loss: output=0.1750, reconstruction=0.0708
Epoch [92/400]
batch = 0 (Δ=0.292s, 100.00%)
Train Loss: output=0.1750, reconstruction=0.0734
Epoch [93/400]
batch = 0 (Δ=0.291s, 100.00%)
Train Loss: output=0.1750, reconstruction=0.0715
Epoch [94/400]
batch = 0 (Δ=0.288s, 100.00%)
Train Loss: output=0.1750, reconstruction=0.0736
Epoch [95/400]
batch = 0 (Δ=0.292s, 100.00%)
Train Loss: output=0.1750, reconstruction=0.0734
Epoch [96/400]
batch = 0 (Δ=0.289s, 100.00%)
Train Loss: output=0.1750, reconstruction=0.0713
Epoch [97/400]
batch = 0 (Δ=0.292s, 100.00%)
Train Loss: output=0.1750, reconstruction=0.0719
Epoch [98/400]
batch = 0 (Δ=0.295s, 100.00%)
Train Loss: output=0.1750, reconstruction=0.0716
Epoch [99/400]
batch = 0 (Δ=0.289s, 100.00%)
Train Loss: output=0.1750, reconstruction=0.0716
Epoch [100/400]
batch = 0 (Δ=0.292s, 100.00%)
Train Loss: output=0.1750, reconstruction=0.0714
Epoch [101/400]
batch = 0 (Δ=0.294s, 100.00%)
Train Loss: output=0.1750, reconstruction=0.0717
Epoch [102/400]
batch = 0 (Δ=0.292s, 100.00%)
Train Loss: output=0.1750, reconstruction=0.0710
Epoch [103/400]
batch = 0 (Δ=0.294s, 100.00%)
Train Loss: output=0.1750, reconstruction=0.0712
Epoch [104/400]
batch = 0 (Δ=0.294s, 100.00%)
Train Loss: output=0.1750, reconstruction=0.0737
Epoch [105/400]
batch = 0 (Δ=0.290s, 100.00%)
Train Loss: output=0.1750, reconstruction=0.0713
Epoch [106/400]
batch = 0 (Δ=0.294s, 100.00%)
Train Loss: output=0.1750, reconstruction=0.0745
Epoch [107/400]
batch = 0 (Δ=0.276s, 100.00%)
Train Loss: output=0.1750, reconstruction=0.0726
Epoch [108/400]
batch = 0 (Δ=0.295s, 100.00%)
Train Loss: output=0.1750, reconstruction=0.0739
Epoch [109/400]
batch = 0 (Δ=0.291s, 100.00%)
Train Loss: output=0.1750, reconstruction=0.0710
Epoch [110/400]
batch = 0 (Δ=0.291s, 100.00%)
Train Loss: output=0.1750, reconstruction=0.0744
Epoch [111/400]
batch = 0 (Δ=0.292s, 100.00%)
Train Loss: output=0.1750, reconstruction=0.0725
Epoch [112/400]
batch = 0 (Δ=0.290s, 100.00%)
Train Loss: output=0.1750, reconstruction=0.0714
Epoch [113/400]
batch = 0 (Δ=0.289s, 100.00%)
Train Loss: output=0.1750, reconstruction=0.0724
Epoch [114/400]
batch = 0 (Δ=0.379s, 100.00%)
Train Loss: output=0.1750, reconstruction=0.0705
Epoch [115/400]
batch = 0 (Δ=0.292s, 100.00%)
Train Loss: output=0.1750, reconstruction=0.0715
Epoch [116/400]
batch = 0 (Δ=0.295s, 100.00%)
Train Loss: output=0.1750, reconstruction=0.0715
Epoch [117/400]
batch = 0 (Δ=0.295s, 100.00%)
Train Loss: output=0.1750, reconstruction=0.0715
Epoch [118/400]
batch = 0 (Δ=0.294s, 100.00%)
Train Loss: output=0.1750, reconstruction=0.0728
Epoch [119/400]
batch = 0 (Δ=0.281s, 100.00%)
Train Loss: output=0.1750, reconstruction=0.0737
Epoch [120/400]
batch = 0 (Δ=0.275s, 100.00%)
Train Loss: output=0.1750, reconstruction=0.0752
Epoch [121/400]
batch = 0 (Δ=0.276s, 100.00%)
Train Loss: output=0.1750, reconstruction=0.0731
Epoch [122/400]
batch = 0 (Δ=0.295s, 100.00%)
Train Loss: output=0.1750, reconstruction=0.0740
Epoch [123/400]
batch = 0 (Δ=0.296s, 100.00%)
Train Loss: output=0.1750, reconstruction=0.0749
Epoch [124/400]
batch = 0 (Δ=0.294s, 100.00%)
Train Loss: output=0.1750, reconstruction=0.0752
Epoch [125/400]
batch = 0 (Δ=0.296s, 100.00%)
Train Loss: output=0.1750, reconstruction=0.0757
Epoch [126/400]
batch = 0 (Δ=0.295s, 100.00%)
Train Loss: output=0.1750, reconstruction=0.0716
Epoch [127/400]
batch = 0 (Δ=0.291s, 100.00%)
Train Loss: output=0.1750, reconstruction=0.0704
Epoch [128/400]
batch = 0 (Δ=0.287s, 100.00%)
Train Loss: output=0.1750, reconstruction=0.0758
Epoch [129/400]
batch = 0 (Δ=0.287s, 100.00%)
Train Loss: output=0.1750, reconstruction=0.0717
Epoch [130/400]
batch = 0 (Δ=0.288s, 100.00%)
Train Loss: output=0.1750, reconstruction=0.0744
Epoch [131/400]
batch = 0 (Δ=0.290s, 100.00%)
Train Loss: output=0.1750, reconstruction=0.0748
Epoch [132/400]
batch = 0 (Δ=0.286s, 100.00%)
Train Loss: output=0.1750, reconstruction=0.0749
Epoch [133/400]
batch = 0 (Δ=0.287s, 100.00%)
Train Loss: output=0.1750, reconstruction=0.0703
Epoch [134/400]
batch = 0 (Δ=0.286s, 100.00%)
Train Loss: output=0.1750, reconstruction=0.0739
Epoch [135/400]
batch = 0 (Δ=0.286s, 100.00%)
Train Loss: output=0.1750, reconstruction=0.0714
Epoch [136/400]
batch = 0 (Δ=0.264s, 100.00%)
Train Loss: output=0.1750, reconstruction=0.0835
Epoch [137/400]
batch = 0 (Δ=0.291s, 100.00%)
Train Loss: output=0.1750, reconstruction=0.0830
Epoch [138/400]
batch = 0 (Δ=0.374s, 100.00%)
Train Loss: output=0.1750, reconstruction=0.0850
Epoch [139/400]
batch = 0 (Δ=0.288s, 100.00%)
Train Loss: output=0.1750, reconstruction=0.0797
Epoch [140/400]
batch = 0 (Δ=0.288s, 100.00%)
Train Loss: output=0.1750, reconstruction=0.1858
Epoch [141/400]
batch = 0 (Δ=0.288s, 100.00%)
Train Loss: output=0.1750, reconstruction=0.2962
Epoch [142/400]
batch = 0 (Δ=0.288s, 100.00%)
Train Loss: output=0.1750, reconstruction=0.3451
Epoch [143/400]
batch = 0 (Δ=0.290s, 100.00%)
Train Loss: output=0.1750, reconstruction=0.3513
Epoch [144/400]
batch = 0 (Δ=0.289s, 100.00%)
Train Loss: output=0.1750, reconstruction=0.3826
Epoch [145/400]
batch = 0 (Δ=0.288s, 100.00%)
Train Loss: output=0.1750, reconstruction=0.4084
Epoch [146/400]
batch = 0 (Δ=0.289s, 100.00%)
Train Loss: output=0.1750, reconstruction=0.3688
Epoch [147/400]
batch = 0 (Δ=0.289s, 100.00%)
Train Loss: output=0.1750, reconstruction=0.3723
Epoch [148/400]
batch = 0 (Δ=0.291s, 100.00%)
Train Loss: output=0.1750, reconstruction=0.3736
Epoch [149/400]
batch = 0 (Δ=0.289s, 100.00%)
Train Loss: output=0.1750, reconstruction=0.3732
Epoch [150/400]
batch = 0 (Δ=0.288s, 100.00%)
Train Loss: output=0.1750, reconstruction=0.3857
Epoch [151/400]
batch = 0 (Δ=0.285s, 100.00%)
Train Loss: output=0.1750, reconstruction=0.3494
Epoch [152/400]
batch = 0 (Δ=0.289s, 100.00%)
Train Loss: output=0.1750, reconstruction=0.3686
Epoch [153/400]
batch = 0 (Δ=0.286s, 100.00%)
Train Loss: output=0.1750, reconstruction=0.3709
Epoch [154/400]
batch = 0 (Δ=0.287s, 100.00%)
Train Loss: output=0.1750, reconstruction=0.3891
Epoch [155/400]
batch = 0 (Δ=0.285s, 100.00%)
Train Loss: output=0.1750, reconstruction=0.3887
Epoch [156/400]
batch = 0 (Δ=0.257s, 100.00%)
Train Loss: output=0.1750, reconstruction=0.3732
Epoch [157/400]
batch = 0 (Δ=0.202s, 100.00%)
Train Loss: output=0.1750, reconstruction=0.3334
Epoch [158/400]
batch = 0 (Δ=0.199s, 100.00%)
Train Loss: output=0.1750, reconstruction=0.3342
Epoch [159/400]
batch = 0 (Δ=0.202s, 100.00%)
Train Loss: output=0.1750, reconstruction=0.3934
Epoch [160/400]
batch = 0 (Δ=0.198s, 100.00%)
Train Loss: output=0.1750, reconstruction=0.4178
Epoch [161/400]
batch = 0 (Δ=0.201s, 100.00%)
Train Loss: output=0.1750, reconstruction=0.3314
Epoch [162/400]
batch = 0 (Δ=0.202s, 100.00%)
Train Loss: output=0.1750, reconstruction=0.3974
Epoch [163/400]
batch = 0 (Δ=0.198s, 100.00%)
Train Loss: output=0.1750, reconstruction=0.4505
Epoch [164/400]
batch = 0 (Δ=0.205s, 100.00%)
Train Loss: output=0.1750, reconstruction=0.3361
Epoch [165/400]
batch = 0 (Δ=0.198s, 100.00%)
Train Loss: output=0.1750, reconstruction=0.3396
Epoch [166/400]
batch = 0 (Δ=0.204s, 100.00%)
Train Loss: output=0.1750, reconstruction=0.4525
Epoch [167/400]
batch = 0 (Δ=0.202s, 100.00%)
Train Loss: output=0.1750, reconstruction=0.4564
Epoch [168/400]
batch = 0 (Δ=0.200s, 100.00%)
Train Loss: output=0.1750, reconstruction=0.4502
Epoch [169/400]
batch = 0 (Δ=0.201s, 100.00%)
Train Loss: output=0.1750, reconstruction=0.3473
Epoch [170/400]
batch = 0 (Δ=0.200s, 100.00%)
Train Loss: output=0.1750, reconstruction=0.3474
Epoch [171/400]
batch = 0 (Δ=0.199s, 100.00%)
Train Loss: output=0.1750, reconstruction=0.3473
Epoch [172/400]
batch = 0 (Δ=0.200s, 100.00%)
Train Loss: output=0.1750, reconstruction=0.3490
Epoch [173/400]
batch = 0 (Δ=0.280s, 100.00%)
Train Loss: output=0.1750, reconstruction=0.3511
Epoch [174/400]
batch = 0 (Δ=0.203s, 100.00%)
Train Loss: output=0.1750, reconstruction=0.3518
Epoch [175/400]
batch = 0 (Δ=0.200s, 100.00%)
Train Loss: output=0.1750, reconstruction=0.4196
Epoch [176/400]
batch = 0 (Δ=0.195s, 100.00%)
Train Loss: output=0.1750, reconstruction=0.4398
Epoch [177/400]
batch = 0 (Δ=0.197s, 100.00%)
Train Loss: output=0.1750, reconstruction=0.4848
Epoch [178/400]
batch = 0 (Δ=0.203s, 100.00%)
Train Loss: output=0.1750, reconstruction=0.3517
Epoch [179/400]
batch = 0 (Δ=0.199s, 100.00%)
Train Loss: output=0.1750, reconstruction=0.3516
Epoch [180/400]
batch = 0 (Δ=0.199s, 100.00%)
Train Loss: output=0.1750, reconstruction=0.4438
Epoch [181/400]
batch = 0 (Δ=0.199s, 100.00%)
Train Loss: output=0.1750, reconstruction=0.3958
Epoch [182/400]
batch = 0 (Δ=0.200s, 100.00%)
Train Loss: output=0.1750, reconstruction=0.3500
Epoch [183/400]
batch = 0 (Δ=0.197s, 100.00%)
Train Loss: output=0.1750, reconstruction=0.3480
Epoch [184/400]
batch = 0 (Δ=0.199s, 100.00%)
Train Loss: output=0.1750, reconstruction=0.4323
Epoch [185/400]
batch = 0 (Δ=0.199s, 100.00%)
Train Loss: output=0.1750, reconstruction=0.3474
Epoch [186/400]
batch = 0 (Δ=0.201s, 100.00%)
Train Loss: output=0.1750, reconstruction=0.3472
Epoch [187/400]
batch = 0 (Δ=0.200s, 100.00%)
Train Loss: output=0.1750, reconstruction=0.3477
Epoch [188/400]
batch = 0 (Δ=0.198s, 100.00%)
Train Loss: output=0.1750, reconstruction=0.3488
Epoch [189/400]
batch = 0 (Δ=0.204s, 100.00%)
Train Loss: output=0.1750, reconstruction=0.3494
Epoch [190/400]
batch = 0 (Δ=0.202s, 100.00%)
Train Loss: output=0.1750, reconstruction=0.3499
Epoch [191/400]
batch = 0 (Δ=0.203s, 100.00%)
Train Loss: output=0.1750, reconstruction=0.3514
Epoch [192/400]
batch = 0 (Δ=0.200s, 100.00%)
Train Loss: output=0.1750, reconstruction=0.3539
Epoch [193/400]
batch = 0 (Δ=0.204s, 100.00%)
Train Loss: output=0.1750, reconstruction=0.3559
Epoch [194/400]
batch = 0 (Δ=0.203s, 100.00%)
Train Loss: output=0.1750, reconstruction=0.3555
Epoch [195/400]
batch = 0 (Δ=0.203s, 100.00%)
Train Loss: output=0.1750, reconstruction=0.3564
Epoch [196/400]
batch = 0 (Δ=0.200s, 100.00%)
Train Loss: output=0.1750, reconstruction=0.3570
Epoch [197/400]
batch = 0 (Δ=0.201s, 100.00%)
Train Loss: output=0.1750, reconstruction=0.4261
Epoch [198/400]
batch = 0 (Δ=0.200s, 100.00%)
Train Loss: output=0.1750, reconstruction=0.3598
Epoch [199/400]
batch = 0 (Δ=0.198s, 100.00%)
Train Loss: output=0.1750, reconstruction=0.3612
Epoch [200/400]
batch = 0 (Δ=0.199s, 100.00%)
Train Loss: output=0.1750, reconstruction=0.2984
Epoch [201/400]
batch = 0 (Δ=0.202s, 100.00%)
Train Loss: output=0.1750, reconstruction=0.3611
Epoch [202/400]
batch = 0 (Δ=0.199s, 100.00%)
Train Loss: output=0.1750, reconstruction=0.3603
Epoch [203/400]
batch = 0 (Δ=0.203s, 100.00%)
Train Loss: output=0.1750, reconstruction=0.3597
Epoch [204/400]
batch = 0 (Δ=0.198s, 100.00%)
Train Loss: output=0.1750, reconstruction=0.3794
Epoch [205/400]
batch = 0 (Δ=0.197s, 100.00%)
Train Loss: output=0.1750, reconstruction=0.3977
Epoch [206/400]
batch = 0 (Δ=0.202s, 100.00%)
Train Loss: output=0.1750, reconstruction=0.3565
Epoch [207/400]
batch = 0 (Δ=0.201s, 100.00%)
Train Loss: output=0.1750, reconstruction=0.3574
Epoch [208/400]
batch = 0 (Δ=0.200s, 100.00%)
Train Loss: output=0.1750, reconstruction=0.4327
Epoch [209/400]
batch = 0 (Δ=0.196s, 100.00%)
Train Loss: output=0.1750, reconstruction=0.3584
Epoch [210/400]
batch = 0 (Δ=0.203s, 100.00%)
Train Loss: output=0.1750, reconstruction=0.3595
Epoch [211/400]
batch = 0 (Δ=0.198s, 100.00%)
Train Loss: output=0.1750, reconstruction=0.3603
Epoch [212/400]
batch = 0 (Δ=0.203s, 100.00%)
Train Loss: output=0.1750, reconstruction=0.3619
Epoch [213/400]
batch = 0 (Δ=0.201s, 100.00%)
Train Loss: output=0.1750, reconstruction=0.3637
Epoch [214/400]
batch = 0 (Δ=0.209s, 100.00%)
Train Loss: output=0.1750, reconstruction=0.2265
Epoch [215/400]
batch = 0 (Δ=0.210s, 100.00%)
Train Loss: output=0.1750, reconstruction=0.1899
Epoch [216/400]
batch = 0 (Δ=0.208s, 100.00%)
Train Loss: output=0.1750, reconstruction=0.1360
Epoch [217/400]
batch = 0 (Δ=0.205s, 100.00%)
Train Loss: output=0.1750, reconstruction=0.1682
Epoch [218/400]
batch = 0 (Δ=0.207s, 100.00%)
Train Loss: output=0.1750, reconstruction=0.1599
Epoch [219/400]
batch = 0 (Δ=0.205s, 100.00%)
Train Loss: output=0.1750, reconstruction=0.2024
Epoch [220/400]
batch = 0 (Δ=0.204s, 100.00%)
Train Loss: output=0.1750, reconstruction=0.0814
Epoch [221/400]
batch = 0 (Δ=0.207s, 100.00%)
Train Loss: output=0.1750, reconstruction=0.0861
Epoch [222/400]
batch = 0 (Δ=0.207s, 100.00%)
Train Loss: output=0.1750, reconstruction=0.0863
Epoch [223/400]
batch = 0 (Δ=0.203s, 100.00%)
Train Loss: output=0.1750, reconstruction=0.0641
Epoch [224/400]
batch = 0 (Δ=0.207s, 100.00%)
Train Loss: output=0.1750, reconstruction=0.1334
Epoch [225/400]
batch = 0 (Δ=0.206s, 100.00%)
Train Loss: output=0.1750, reconstruction=0.0974
Epoch [226/400]
batch = 0 (Δ=0.212s, 100.00%)
Train Loss: output=0.1750, reconstruction=0.1061
Epoch [227/400]
batch = 0 (Δ=0.209s, 100.00%)
Train Loss: output=0.1750, reconstruction=0.1032
Epoch [228/400]
batch = 0 (Δ=0.206s, 100.00%)
Train Loss: output=0.1750, reconstruction=0.1493
Epoch [229/400]
batch = 0 (Δ=0.204s, 100.00%)
Train Loss: output=0.1750, reconstruction=0.1146
Epoch [230/400]
batch = 0 (Δ=0.205s, 100.00%)
Train Loss: output=0.1750, reconstruction=0.1179
Epoch [231/400]
batch = 0 (Δ=0.209s, 100.00%)
Train Loss: output=0.1750, reconstruction=0.0657
Epoch [232/400]
batch = 0 (Δ=0.207s, 100.00%)
Train Loss: output=0.1750, reconstruction=0.1220
Epoch [233/400]
batch = 0 (Δ=0.207s, 100.00%)
Train Loss: output=0.1750, reconstruction=0.0968
Epoch [234/400]
batch = 0 (Δ=0.209s, 100.00%)
Train Loss: output=0.1750, reconstruction=0.1253
Epoch [235/400]
batch = 0 (Δ=0.209s, 100.00%)
Train Loss: output=0.1750, reconstruction=0.0665
Epoch [236/400]
batch = 0 (Δ=0.292s, 100.00%)
Train Loss: output=0.1750, reconstruction=0.0662
Epoch [237/400]
batch = 0 (Δ=0.204s, 100.00%)
Train Loss: output=0.1750, reconstruction=0.0918
Epoch [238/400]
batch = 0 (Δ=0.203s, 100.00%)
Train Loss: output=0.1750, reconstruction=0.0914
Epoch [239/400]
batch = 0 (Δ=0.208s, 100.00%)
Train Loss: output=0.1750, reconstruction=0.1258
Epoch [240/400]
batch = 0 (Δ=0.206s, 100.00%)
Train Loss: output=0.1750, reconstruction=0.0850
Epoch [241/400]
batch = 0 (Δ=0.206s, 100.00%)
Train Loss: output=0.1750, reconstruction=0.1150
Epoch [242/400]
batch = 0 (Δ=0.207s, 100.00%)
Train Loss: output=0.1750, reconstruction=0.0886
Epoch [243/400]
batch = 0 (Δ=0.211s, 100.00%)
Train Loss: output=0.1750, reconstruction=0.0669
Epoch [244/400]
batch = 0 (Δ=0.205s, 100.00%)
Train Loss: output=0.1750, reconstruction=0.0672
Epoch [245/400]
batch = 0 (Δ=0.208s, 100.00%)
Train Loss: output=0.1750, reconstruction=0.0860
Epoch [246/400]
batch = 0 (Δ=0.209s, 100.00%)
Train Loss: output=0.1750, reconstruction=0.1095
Epoch [247/400]
batch = 0 (Δ=0.207s, 100.00%)
Train Loss: output=0.1750, reconstruction=0.0871
Epoch [248/400]
batch = 0 (Δ=0.206s, 100.00%)
Train Loss: output=0.1750, reconstruction=0.0868
Epoch [249/400]
batch = 0 (Δ=0.206s, 100.00%)
Train Loss: output=0.1750, reconstruction=0.0810
Epoch [250/400]
batch = 0 (Δ=0.209s, 100.00%)
Train Loss: output=0.1750, reconstruction=0.1029
Epoch [251/400]
batch = 0 (Δ=0.206s, 100.00%)
Train Loss: output=0.1750, reconstruction=0.0808
Epoch [252/400]
batch = 0 (Δ=0.209s, 100.00%)
Train Loss: output=0.1750, reconstruction=0.0680
Epoch [253/400]
batch = 0 (Δ=0.208s, 100.00%)
Train Loss: output=0.1750, reconstruction=0.1010
Epoch [254/400]
batch = 0 (Δ=0.205s, 100.00%)
Train Loss: output=0.1750, reconstruction=0.1057
Epoch [255/400]
batch = 0 (Δ=0.210s, 100.00%)
Train Loss: output=0.1750, reconstruction=0.0806
Epoch [256/400]
batch = 0 (Δ=0.209s, 100.00%)
Train Loss: output=0.1750, reconstruction=0.1039
Epoch [257/400]
batch = 0 (Δ=0.208s, 100.00%)
Train Loss: output=0.1750, reconstruction=0.0801
Epoch [258/400]
batch = 0 (Δ=0.211s, 100.00%)
Train Loss: output=0.1750, reconstruction=0.0799
Epoch [259/400]
batch = 0 (Δ=0.207s, 100.00%)
Train Loss: output=0.1750, reconstruction=0.0999
Epoch [260/400]
batch = 0 (Δ=0.204s, 100.00%)
Train Loss: output=0.1750, reconstruction=0.0826
Epoch [261/400]
batch = 0 (Δ=0.207s, 100.00%)
Train Loss: output=0.1750, reconstruction=0.0940
Epoch [262/400]
batch = 0 (Δ=0.203s, 100.00%)
Train Loss: output=0.1750, reconstruction=0.0786
Epoch [263/400]
batch = 0 (Δ=0.204s, 100.00%)
Train Loss: output=0.1750, reconstruction=0.0821
Epoch [264/400]
batch = 0 (Δ=0.207s, 100.00%)
Train Loss: output=0.1750, reconstruction=0.0809
Epoch [265/400]
batch = 0 (Δ=0.203s, 100.00%)
Train Loss: output=0.1750, reconstruction=0.0849
Epoch [266/400]
batch = 0 (Δ=0.208s, 100.00%)
Train Loss: output=0.1750, reconstruction=0.0897
Epoch [267/400]
batch = 0 (Δ=0.211s, 100.00%)
Train Loss: output=0.1750, reconstruction=0.0905
Epoch [268/400]
batch = 0 (Δ=0.204s, 100.00%)
Train Loss: output=0.1750, reconstruction=0.0940
Epoch [269/400]
batch = 0 (Δ=0.205s, 100.00%)
Train Loss: output=0.1750, reconstruction=0.0776
Epoch [270/400]
batch = 0 (Δ=0.206s, 100.00%)
Train Loss: output=0.1750, reconstruction=0.0773
Epoch [271/400]
batch = 0 (Δ=0.205s, 100.00%)
Train Loss: output=0.1750, reconstruction=0.0915
Epoch [272/400]
batch = 0 (Δ=0.211s, 100.00%)
Train Loss: output=0.1750, reconstruction=0.0800
Epoch [273/400]
batch = 0 (Δ=0.208s, 100.00%)
Train Loss: output=0.1750, reconstruction=0.0778
Epoch [274/400]
batch = 0 (Δ=0.204s, 100.00%)
Train Loss: output=0.1750, reconstruction=0.0982
Epoch [275/400]
batch = 0 (Δ=0.206s, 100.00%)
Train Loss: output=0.1750, reconstruction=0.0777
Epoch [276/400]
batch = 0 (Δ=0.205s, 100.00%)
Train Loss: output=0.1750, reconstruction=0.0896
Epoch [277/400]
batch = 0 (Δ=0.209s, 100.00%)
Train Loss: output=0.1750, reconstruction=0.0903
Epoch [278/400]
batch = 0 (Δ=0.208s, 100.00%)
Train Loss: output=0.1750, reconstruction=0.0828
Epoch [279/400]
batch = 0 (Δ=0.204s, 100.00%)
Train Loss: output=0.1750, reconstruction=0.0674
Epoch [280/400]
batch = 0 (Δ=0.206s, 100.00%)
Train Loss: output=0.1750, reconstruction=0.0859
Epoch [281/400]
batch = 0 (Δ=0.205s, 100.00%)
Train Loss: output=0.1750, reconstruction=0.0953
Epoch [282/400]
batch = 0 (Δ=0.205s, 100.00%)
Train Loss: output=0.1750, reconstruction=0.0864
Epoch [283/400]
batch = 0 (Δ=0.208s, 100.00%)
Train Loss: output=0.1750, reconstruction=0.0675
Epoch [284/400]
batch = 0 (Δ=0.207s, 100.00%)
Train Loss: output=0.1750, reconstruction=0.0886
Epoch [285/400]
batch = 0 (Δ=0.206s, 100.00%)
Train Loss: output=0.1750, reconstruction=0.0780
Epoch [286/400]
batch = 0 (Δ=0.209s, 100.00%)
Train Loss: output=0.1750, reconstruction=0.0762
Epoch [287/400]
batch = 0 (Δ=0.209s, 100.00%)
Train Loss: output=0.1750, reconstruction=0.0649
Epoch [288/400]
batch = 0 (Δ=0.207s, 100.00%)
Train Loss: output=0.1750, reconstruction=0.1004
Epoch [289/400]
batch = 0 (Δ=0.209s, 100.00%)
Train Loss: output=0.1750, reconstruction=0.0841
Epoch [290/400]
batch = 0 (Δ=0.207s, 100.00%)
Train Loss: output=0.1750, reconstruction=0.0740
Epoch [291/400]
batch = 0 (Δ=0.288s, 100.00%)
Train Loss: output=0.1750, reconstruction=0.0936
Epoch [292/400]
batch = 0 (Δ=0.206s, 100.00%)
Train Loss: output=0.1750, reconstruction=0.0605
Epoch [293/400]
batch = 0 (Δ=0.203s, 100.00%)
Train Loss: output=0.1750, reconstruction=0.0589
Epoch [294/400]
batch = 0 (Δ=0.205s, 100.00%)
Train Loss: output=0.1750, reconstruction=0.0588
Epoch [295/400]
batch = 0 (Δ=0.202s, 100.00%)
Train Loss: output=0.1750, reconstruction=0.0570
Epoch [296/400]
batch = 0 (Δ=0.204s, 100.00%)
Train Loss: output=0.1750, reconstruction=0.0569
Epoch [297/400]
batch = 0 (Δ=0.205s, 100.00%)
Train Loss: output=0.1750, reconstruction=0.0572
Epoch [298/400]
batch = 0 (Δ=0.207s, 100.00%)
Train Loss: output=0.1750, reconstruction=0.0887
Epoch [299/400]
batch = 0 (Δ=0.205s, 100.00%)
Train Loss: output=0.1750, reconstruction=0.1276
Epoch [300/400]
batch = 0 (Δ=0.203s, 100.00%)
Train Loss: output=0.1750, reconstruction=0.1512
Epoch [301/400]
batch = 0 (Δ=0.204s, 100.00%)
Train Loss: output=0.1750, reconstruction=0.0606
Epoch [302/400]
batch = 0 (Δ=0.204s, 100.00%)
Train Loss: output=0.1750, reconstruction=0.1132
Epoch [303/400]
batch = 0 (Δ=0.204s, 100.00%)
Train Loss: output=0.1750, reconstruction=0.1112
Epoch [304/400]
batch = 0 (Δ=0.202s, 100.00%)
Train Loss: output=0.1750, reconstruction=0.0891
Epoch [305/400]
batch = 0 (Δ=0.206s, 100.00%)
Train Loss: output=0.1750, reconstruction=0.0895
Epoch [306/400]
batch = 0 (Δ=0.206s, 100.00%)
Train Loss: output=0.1750, reconstruction=0.1188
Epoch [307/400]
batch = 0 (Δ=0.202s, 100.00%)
Train Loss: output=0.1750, reconstruction=0.1563
Epoch [308/400]
batch = 0 (Δ=0.204s, 100.00%)
Train Loss: output=0.1750, reconstruction=0.1185
Epoch [309/400]
batch = 0 (Δ=0.205s, 100.00%)
Train Loss: output=0.1750, reconstruction=0.0921
Epoch [310/400]
batch = 0 (Δ=0.209s, 100.00%)
Train Loss: output=0.1750, reconstruction=0.0640
Epoch [311/400]
batch = 0 (Δ=0.205s, 100.00%)
Train Loss: output=0.1750, reconstruction=0.1040
Epoch [312/400]
batch = 0 (Δ=0.208s, 100.00%)
Train Loss: output=0.1750, reconstruction=0.1046
Epoch [313/400]
batch = 0 (Δ=0.207s, 100.00%)
Train Loss: output=0.1750, reconstruction=0.0670
Epoch [314/400]
batch = 0 (Δ=0.209s, 100.00%)
Train Loss: output=0.1750, reconstruction=0.0977
Epoch [315/400]
batch = 0 (Δ=0.208s, 100.00%)
Train Loss: output=0.1750, reconstruction=0.0692
Epoch [316/400]
batch = 0 (Δ=0.207s, 100.00%)
Train Loss: output=0.1750, reconstruction=0.1433
Epoch [317/400]
batch = 0 (Δ=0.205s, 100.00%)
Train Loss: output=0.1750, reconstruction=0.0987
Epoch [318/400]
batch = 0 (Δ=0.204s, 100.00%)
Train Loss: output=0.1750, reconstruction=0.1360
Epoch [319/400]
batch = 0 (Δ=0.203s, 100.00%)
Train Loss: output=0.1750, reconstruction=0.1417
Epoch [320/400]
batch = 0 (Δ=0.208s, 100.00%)
Train Loss: output=0.1750, reconstruction=0.1123
Epoch [321/400]
batch = 0 (Δ=0.205s, 100.00%)
Train Loss: output=0.1750, reconstruction=0.1412
Epoch [322/400]
batch = 0 (Δ=0.205s, 100.00%)
Train Loss: output=0.1750, reconstruction=0.1136
Epoch [323/400]
batch = 0 (Δ=0.207s, 100.00%)
Train Loss: output=0.1750, reconstruction=0.1080
Epoch [324/400]
batch = 0 (Δ=0.206s, 100.00%)
Train Loss: output=0.1750, reconstruction=0.1453
Epoch [325/400]
batch = 0 (Δ=0.206s, 100.00%)
Train Loss: output=0.1750, reconstruction=0.1028
Epoch [326/400]
batch = 0 (Δ=0.205s, 100.00%)
Train Loss: output=0.1750, reconstruction=0.1072
Epoch [327/400]
batch = 0 (Δ=0.206s, 100.00%)
Train Loss: output=0.1750, reconstruction=0.1105
Epoch [328/400]
batch = 0 (Δ=0.206s, 100.00%)
Train Loss: output=0.1750, reconstruction=0.1142
Epoch [329/400]
batch = 0 (Δ=0.207s, 100.00%)
Train Loss: output=0.1750, reconstruction=0.1045
Epoch [330/400]
batch = 0 (Δ=0.209s, 100.00%)
Train Loss: output=0.1750, reconstruction=0.1530
Epoch [331/400]
batch = 0 (Δ=0.206s, 100.00%)
Train Loss: output=0.1750, reconstruction=0.1421
Epoch [332/400]
batch = 0 (Δ=0.207s, 100.00%)
Train Loss: output=0.1750, reconstruction=0.0708
Epoch [333/400]
batch = 0 (Δ=0.208s, 100.00%)
Train Loss: output=0.1750, reconstruction=0.1126
Epoch [334/400]
batch = 0 (Δ=0.208s, 100.00%)
Train Loss: output=0.1750, reconstruction=0.1081
Epoch [335/400]
batch = 0 (Δ=0.206s, 100.00%)
Train Loss: output=0.1750, reconstruction=0.1064
Epoch [336/400]
batch = 0 (Δ=0.200s, 100.00%)
Train Loss: output=0.1750, reconstruction=0.2288
Epoch [337/400]
batch = 0 (Δ=0.205s, 100.00%)
Train Loss: output=0.1750, reconstruction=0.1496
Epoch [338/400]
batch = 0 (Δ=0.204s, 100.00%)
Train Loss: output=0.1750, reconstruction=0.1066
Epoch [339/400]
batch = 0 (Δ=0.206s, 100.00%)
Train Loss: output=0.1750, reconstruction=0.1407
Epoch [340/400]
batch = 0 (Δ=0.204s, 100.00%)
Train Loss: output=0.1750, reconstruction=0.0725
Epoch [341/400]
batch = 0 (Δ=0.208s, 100.00%)
Train Loss: output=0.1750, reconstruction=0.1122
Epoch [342/400]
batch = 0 (Δ=0.211s, 100.00%)
Train Loss: output=0.1750, reconstruction=0.1505
Epoch [343/400]
batch = 0 (Δ=0.209s, 100.00%)
Train Loss: output=0.1750, reconstruction=0.0652
Epoch [344/400]
batch = 0 (Δ=0.208s, 100.00%)
Train Loss: output=0.1750, reconstruction=0.1092
Epoch [345/400]
batch = 0 (Δ=0.207s, 100.00%)
Train Loss: output=0.1750, reconstruction=0.1472
Epoch [346/400]
batch = 0 (Δ=0.203s, 100.00%)
Train Loss: output=0.1750, reconstruction=0.1591
Epoch [347/400]
batch = 0 (Δ=0.204s, 100.00%)
Train Loss: output=0.1750, reconstruction=0.1453
Epoch [348/400]
batch = 0 (Δ=0.207s, 100.00%)
Train Loss: output=0.1750, reconstruction=0.1100
Epoch [349/400]
batch = 0 (Δ=0.207s, 100.00%)
Train Loss: output=0.1750, reconstruction=0.1059
Epoch [350/400]
batch = 0 (Δ=0.205s, 100.00%)
Train Loss: output=0.1750, reconstruction=0.0640
Epoch [351/400]
batch = 0 (Δ=0.287s, 100.00%)
Train Loss: output=0.1750, reconstruction=0.0647
Epoch [352/400]
batch = 0 (Δ=0.204s, 100.00%)
Train Loss: output=0.1750, reconstruction=0.0650
Epoch [353/400]
batch = 0 (Δ=0.207s, 100.00%)
Train Loss: output=0.1750, reconstruction=0.0651
Epoch [354/400]
batch = 0 (Δ=0.207s, 100.00%)
Train Loss: output=0.1750, reconstruction=0.1134
Epoch [355/400]
batch = 0 (Δ=0.202s, 100.00%)
Train Loss: output=0.1750, reconstruction=0.0645
Epoch [356/400]
batch = 0 (Δ=0.210s, 100.00%)
Train Loss: output=0.1750, reconstruction=0.0708
Epoch [357/400]
batch = 0 (Δ=0.207s, 100.00%)
Train Loss: output=0.1750, reconstruction=0.0700
Epoch [358/400]
batch = 0 (Δ=0.218s, 100.00%)
Train Loss: output=0.1750, reconstruction=0.1085
Epoch [359/400]
batch = 0 (Δ=0.203s, 100.00%)
Train Loss: output=0.1750, reconstruction=0.0647
Epoch [360/400]
batch = 0 (Δ=0.206s, 100.00%)
Train Loss: output=0.1750, reconstruction=0.1098
Epoch [361/400]
batch = 0 (Δ=0.210s, 100.00%)
Train Loss: output=0.1750, reconstruction=0.1135
Epoch [362/400]
batch = 0 (Δ=0.211s, 100.00%)
Train Loss: output=0.1750, reconstruction=0.0733
Epoch [363/400]
batch = 0 (Δ=0.206s, 100.00%)
Train Loss: output=0.1750, reconstruction=0.1134
Epoch [364/400]
batch = 0 (Δ=0.207s, 100.00%)
Train Loss: output=0.1750, reconstruction=0.0702
Epoch [365/400]
batch = 0 (Δ=0.205s, 100.00%)
Train Loss: output=0.1750, reconstruction=0.1533
Epoch [366/400]
batch = 0 (Δ=0.207s, 100.00%)
Train Loss: output=0.1750, reconstruction=0.1095
Epoch [367/400]
batch = 0 (Δ=0.206s, 100.00%)
Train Loss: output=0.1750, reconstruction=0.1458
Epoch [368/400]
batch = 0 (Δ=0.206s, 100.00%)
Train Loss: output=0.1750, reconstruction=0.1087
Epoch [369/400]
batch = 0 (Δ=0.207s, 100.00%)
Train Loss: output=0.1750, reconstruction=0.1148
Epoch [370/400]
batch = 0 (Δ=0.208s, 100.00%)
Train Loss: output=0.1750, reconstruction=0.0654
Epoch [371/400]
batch = 0 (Δ=0.206s, 100.00%)
Train Loss: output=0.1750, reconstruction=0.1880
Epoch [372/400]
batch = 0 (Δ=0.209s, 100.00%)
Train Loss: output=0.1750, reconstruction=0.0718
Epoch [373/400]
batch = 0 (Δ=0.201s, 100.00%)
Train Loss: output=0.1750, reconstruction=0.1511
Epoch [374/400]
batch = 0 (Δ=0.206s, 100.00%)
Train Loss: output=0.1750, reconstruction=0.1855
Epoch [375/400]
batch = 0 (Δ=0.206s, 100.00%)
Train Loss: output=0.1750, reconstruction=0.1539
Epoch [376/400]
batch = 0 (Δ=0.203s, 100.00%)
Train Loss: output=0.1750, reconstruction=0.1976
Epoch [377/400]
batch = 0 (Δ=0.208s, 100.00%)
Train Loss: output=0.1750, reconstruction=0.1565
Epoch [378/400]
batch = 0 (Δ=0.204s, 100.00%)
Train Loss: output=0.1750, reconstruction=0.1575
Epoch [379/400]
batch = 0 (Δ=0.203s, 100.00%)
Train Loss: output=0.1750, reconstruction=0.1940
Epoch [380/400]
batch = 0 (Δ=0.208s, 100.00%)
Train Loss: output=0.1750, reconstruction=0.0735
Epoch [381/400]
batch = 0 (Δ=0.208s, 100.00%)
Train Loss: output=0.1750, reconstruction=0.1499
Epoch [382/400]
batch = 0 (Δ=0.204s, 100.00%)
Train Loss: output=0.1750, reconstruction=0.1088
Epoch [383/400]
batch = 0 (Δ=0.205s, 100.00%)
Train Loss: output=0.1750, reconstruction=0.1161
Epoch [384/400]
batch = 0 (Δ=0.204s, 100.00%)
Train Loss: output=0.1750, reconstruction=0.1107
Epoch [385/400]
batch = 0 (Δ=0.206s, 100.00%)
Train Loss: output=0.1750, reconstruction=0.1524
Epoch [386/400]
batch = 0 (Δ=0.206s, 100.00%)
Train Loss: output=0.1750, reconstruction=0.1153
Epoch [387/400]
batch = 0 (Δ=0.203s, 100.00%)
Train Loss: output=0.1750, reconstruction=0.1890
Epoch [388/400]
batch = 0 (Δ=0.204s, 100.00%)
Train Loss: output=0.1750, reconstruction=0.1509
Epoch [389/400]
batch = 0 (Δ=0.202s, 100.00%)
Train Loss: output=0.1750, reconstruction=0.1534
Epoch [390/400]
batch = 0 (Δ=0.202s, 100.00%)
Train Loss: output=0.1750, reconstruction=0.1463
Epoch [391/400]
batch = 0 (Δ=0.205s, 100.00%)
Train Loss: output=0.1750, reconstruction=0.1114
Epoch [392/400]
batch = 0 (Δ=0.203s, 100.00%)
Train Loss: output=0.1750, reconstruction=0.1530
Epoch [393/400]
batch = 0 (Δ=0.203s, 100.00%)
Train Loss: output=0.1750, reconstruction=0.1120
Epoch [394/400]
batch = 0 (Δ=0.203s, 100.00%)
Train Loss: output=0.1750, reconstruction=0.1517
Epoch [395/400]
batch = 0 (Δ=0.205s, 100.00%)
Train Loss: output=0.1750, reconstruction=0.1157
Epoch [396/400]
batch = 0 (Δ=0.202s, 100.00%)
Train Loss: output=0.1750, reconstruction=0.1907
Epoch [397/400]
batch = 0 (Δ=0.207s, 100.00%)
Train Loss: output=0.1750, reconstruction=0.0736
Epoch [398/400]
batch = 0 (Δ=0.204s, 100.00%)
Train Loss: output=0.1750, reconstruction=0.1569
Epoch [399/400]
batch = 0 (Δ=0.207s, 100.00%)
Train Loss: output=0.1750, reconstruction=0.1155
Epoch [400/400]
batch = 0 (Δ=0.204s, 100.00%)
Train Loss: output=0.1750, reconstruction=0.0750
Final Stats:
=== Selected operation grammar ===
batch = 0 (Δ=0.218s, 100.00%)
=== Input Reconstruction (test) ===
  row[0] input='hello world' -> reconstructed='there there' label=0.0000 predicted=0.4994 MISMATCH
  row[1] input='hello there' -> reconstructed='' label=1.0000 predicted=0.4995 MISMATCH
  row[2] input='loving world' -> reconstructed='' label=1.0000 predicted=0.4993 MISMATCH
  row[3] input='loving there' -> reconstructed='' label=0.0000 predicted=0.4995 MISMATCH
_____ TestXorGrammarReconstruction.test_piecewise_overall_at_least_50_pct ______
test/test_explicit_dimensions.py:289: in test_piecewise_overall_at_least_50_pct
    self.assertGreaterEqual(
E   AssertionError: 0.0 not greater than or equal to 0.5 : XOR_grammar reconstruction: 0/4 inputs recovered (expected >=50%). Sample reconstructions: [('hello world', '  ['), ('hello there', '  [')]
----------------------------- Captured stdout call -----------------------------
Starting with dynamic 2-dim embedding (words added at runtime)
  Building span table: 0/4 docs
Device: cpu
Peer pipeline: static PS/WS stage bodies compiled separately; legacy compatibility scheduler remains outside fullgraph capture


==== BasicModel ====

Trial [1/1]
Baseline test pass skipped (--test not specified). Re-invoke train.py with --test to include baseline + post-epoch evaluation.
Epoch [1/400]
batch = 0 (warm-up, 100.00%)
Train Loss: output=0.1751, reconstruction=0.6151
Epoch [2/400]
batch = 0 (Δ=0.208s, 100.00%)
Train Loss: output=0.1880, reconstruction=0.7526
Epoch [3/400]
batch = 0 (Δ=0.209s, 100.00%)
Train Loss: output=0.1758, reconstruction=0.9476
Epoch [4/400]
batch = 0 (Δ=0.206s, 100.00%)
Train Loss: output=0.1777, reconstruction=0.9581
Epoch [5/400]
batch = 0 (Δ=0.211s, 100.00%)
Train Loss: output=0.1822, reconstruction=0.9758
Epoch [6/400]
batch = 0 (Δ=0.203s, 100.00%)
Train Loss: output=0.1799, reconstruction=0.9276
Epoch [7/400]
batch = 0 (Δ=0.207s, 100.00%)
Train Loss: output=0.1759, reconstruction=0.7155
Epoch [8/400]
batch = 0 (Δ=0.210s, 100.00%)
Train Loss: output=0.1753, reconstruction=1.0213
Epoch [9/400]
batch = 0 (Δ=0.208s, 100.00%)
Train Loss: output=0.1779, reconstruction=1.0284
Epoch [10/400]
batch = 0 (Δ=0.296s, 100.00%)
Train Loss: output=0.1792, reconstruction=1.0316
Epoch [11/400]
batch = 0 (Δ=0.207s, 100.00%)
Train Loss: output=0.1787, reconstruction=0.4491
Epoch [12/400]
batch = 0 (Δ=0.211s, 100.00%)
Train Loss: output=0.1758, reconstruction=0.4404
Epoch [13/400]
batch = 0 (Δ=0.209s, 100.00%)
Train Loss: output=0.1752, reconstruction=0.5883
Epoch [14/400]
batch = 0 (Δ=0.205s, 100.00%)
Train Loss: output=0.1770, reconstruction=0.5509
Epoch [15/400]
batch = 0 (Δ=0.204s, 100.00%)
Train Loss: output=0.1782, reconstruction=0.4032
Epoch [16/400]
batch = 0 (Δ=0.210s, 100.00%)
Train Loss: output=0.1774, reconstruction=0.5402
Epoch [17/400]
batch = 0 (Δ=0.207s, 100.00%)
Train Loss: output=0.1756, reconstruction=0.5097
Epoch [18/400]
batch = 0 (Δ=0.206s, 100.00%)
Train Loss: output=0.1750, reconstruction=0.5316
Epoch [19/400]
batch = 0 (Δ=0.209s, 100.00%)
Train Loss: output=0.1759, reconstruction=0.3660
Epoch [20/400]
batch = 0 (Δ=0.208s, 100.00%)
Train Loss: output=0.1769, reconstruction=0.3615
Epoch [21/400]
batch = 0 (Δ=0.210s, 100.00%)
Train Loss: output=0.1766, reconstruction=0.3577
Epoch [22/400]
batch = 0 (Δ=0.208s, 100.00%)
Train Loss: output=0.1756, reconstruction=0.5002
Epoch [23/400]
batch = 0 (Δ=0.207s, 100.00%)
Train Loss: output=0.1750, reconstruction=0.4935
Epoch [24/400]
batch = 0 (Δ=0.208s, 100.00%)
Train Loss: output=0.1754, reconstruction=0.3560
Epoch [25/400]
batch = 0 (Δ=0.208s, 100.00%)
Train Loss: output=0.1760, reconstruction=0.3590
Epoch [26/400]
batch = 0 (Δ=0.211s, 100.00%)
Train Loss: output=0.1759, reconstruction=0.3627
Epoch [27/400]
batch = 0 (Δ=0.206s, 100.00%)
Train Loss: output=0.1753, reconstruction=0.5174
Epoch [28/400]
batch = 0 (Δ=0.206s, 100.00%)
Train Loss: output=0.1749, reconstruction=0.3703
Epoch [29/400]
batch = 0 (Δ=0.209s, 100.00%)
Train Loss: output=0.1752, reconstruction=0.3741
Epoch [30/400]
batch = 0 (Δ=0.207s, 100.00%)
Train Loss: output=0.1756, reconstruction=0.5103
Epoch [31/400]
batch = 0 (Δ=0.205s, 100.00%)
Train Loss: output=0.1756, reconstruction=0.5237
Epoch [32/400]
batch = 0 (Δ=0.209s, 100.00%)
Train Loss: output=0.1751, reconstruction=0.3816
Epoch [33/400]
batch = 0 (Δ=0.215s, 100.00%)
Train Loss: output=0.1750, reconstruction=0.3832
Epoch [34/400]
batch = 0 (Δ=0.208s, 100.00%)
Train Loss: output=0.1752, reconstruction=0.5113
Epoch [35/400]
batch = 0 (Δ=0.212s, 100.00%)
Train Loss: output=0.1755, reconstruction=0.3900
Epoch [36/400]
batch = 0 (Δ=0.208s, 100.00%)
Train Loss: output=0.1753, reconstruction=0.4900
Epoch [37/400]
batch = 0 (Δ=0.209s, 100.00%)
Train Loss: output=0.1750, reconstruction=0.4552
Epoch [38/400]
batch = 0 (Δ=0.206s, 100.00%)
Train Loss: output=0.1751, reconstruction=0.4986
Epoch [39/400]
batch = 0 (Δ=0.211s, 100.00%)
Train Loss: output=0.1753, reconstruction=0.5139
Epoch [40/400]
batch = 0 (Δ=0.208s, 100.00%)
Train Loss: output=0.1753, reconstruction=0.4039
Epoch [41/400]
batch = 0 (Δ=0.208s, 100.00%)
Train Loss: output=0.1752, reconstruction=0.4079
Epoch [42/400]
batch = 0 (Δ=0.208s, 100.00%)
Train Loss: output=0.1751, reconstruction=0.4118
Epoch [43/400]
batch = 0 (Δ=0.210s, 100.00%)
Train Loss: output=0.1752, reconstruction=0.4142
Epoch [44/400]
batch = 0 (Δ=0.210s, 100.00%)
Train Loss: output=0.1753, reconstruction=0.5137
Epoch [45/400]
batch = 0 (Δ=0.210s, 100.00%)
Train Loss: output=0.1752, reconstruction=0.4187
Epoch [46/400]
batch = 0 (Δ=0.207s, 100.00%)
Train Loss: output=0.1751, reconstruction=0.5650
Epoch [47/400]
batch = 0 (Δ=0.211s, 100.00%)
Train Loss: output=0.1751, reconstruction=0.5624
Epoch [48/400]
batch = 0 (Δ=0.208s, 100.00%)
Train Loss: output=0.1752, reconstruction=0.4301
Epoch [49/400]
batch = 0 (Δ=0.209s, 100.00%)
Train Loss: output=0.1752, reconstruction=0.4366
Epoch [50/400]
batch = 0 (Δ=0.208s, 100.00%)
Train Loss: output=0.1751, reconstruction=0.4428
Epoch [51/400]
batch = 0 (Δ=0.206s, 100.00%)
Train Loss: output=0.1751, reconstruction=0.4495
Epoch [52/400]
batch = 0 (Δ=0.209s, 100.00%)
Train Loss: output=0.1752, reconstruction=0.5221
Epoch [53/400]
batch = 0 (Δ=0.217s, 100.00%)
Train Loss: output=0.1752, reconstruction=0.4627
Epoch [54/400]
batch = 0 (Δ=0.211s, 100.00%)
Train Loss: output=0.1751, reconstruction=0.4683
Epoch [55/400]
batch = 0 (Δ=0.208s, 100.00%)
Train Loss: output=0.1752, reconstruction=0.4727
Epoch [56/400]
batch = 0 (Δ=0.213s, 100.00%)
Train Loss: output=0.1752, reconstruction=0.4763
Epoch [57/400]
batch = 0 (Δ=0.210s, 100.00%)
Train Loss: output=0.1752, reconstruction=0.4792
Epoch [58/400]
batch = 0 (Δ=0.210s, 100.00%)
Train Loss: output=0.1751, reconstruction=0.4821
Epoch [59/400]
batch = 0 (Δ=0.208s, 100.00%)
Train Loss: output=0.1751, reconstruction=0.4852
Epoch [60/400]
batch = 0 (Δ=0.209s, 100.00%)
Train Loss: output=0.1752, reconstruction=0.4891
Epoch [61/400]
batch = 0 (Δ=0.209s, 100.00%)
Train Loss: output=0.1751, reconstruction=0.4937
Epoch [62/400]
batch = 0 (Δ=0.210s, 100.00%)
Train Loss: output=0.1751, reconstruction=0.4974
Epoch [63/400]
batch = 0 (Δ=0.208s, 100.00%)
Train Loss: output=0.1751, reconstruction=0.4997
Epoch [64/400]
batch = 0 (Δ=0.210s, 100.00%)
Train Loss: output=0.1751, reconstruction=0.5530
Epoch [65/400]
batch = 0 (Δ=0.208s, 100.00%)
Train Loss: output=0.1751, reconstruction=0.5020
Epoch [66/400]
batch = 0 (Δ=0.209s, 100.00%)
Train Loss: output=0.1751, reconstruction=0.5022
Epoch [67/400]
batch = 0 (Δ=0.208s, 100.00%)
Train Loss: output=0.1751, reconstruction=0.5024
Epoch [68/400]
batch = 0 (Δ=0.213s, 100.00%)
Train Loss: output=0.1751, reconstruction=0.5024
Epoch [69/400]
batch = 0 (Δ=0.209s, 100.00%)
Train Loss: output=0.1751, reconstruction=0.5007
Epoch [70/400]
batch = 0 (Δ=0.204s, 100.00%)
Train Loss: output=0.1750, reconstruction=0.4979
Epoch [71/400]
batch = 0 (Δ=0.210s, 100.00%)
Train Loss: output=0.1750, reconstruction=0.4947
Epoch [72/400]
batch = 0 (Δ=0.208s, 100.00%)
Train Loss: output=0.1750, reconstruction=0.5440
Epoch [73/400]
batch = 0 (Δ=0.205s, 100.00%)
Train Loss: output=0.1750, reconstruction=0.4893
Epoch [74/400]
batch = 0 (Δ=0.209s, 100.00%)
Train Loss: output=0.1750, reconstruction=0.4877
Epoch [75/400]
batch = 0 (Δ=0.211s, 100.00%)
Train Loss: output=0.1750, reconstruction=0.6089
Epoch [76/400]
batch = 0 (Δ=0.295s, 100.00%)
Train Loss: output=0.1750, reconstruction=0.4895
Epoch [77/400]
batch = 0 (Δ=0.205s, 100.00%)
Train Loss: output=0.1750, reconstruction=0.4893
Epoch [78/400]
batch = 0 (Δ=0.206s, 100.00%)
Train Loss: output=0.1750, reconstruction=0.4885
Epoch [79/400]
batch = 0 (Δ=0.213s, 100.00%)
Train Loss: output=0.1750, reconstruction=0.4870
Epoch [80/400]
batch = 0 (Δ=0.209s, 100.00%)
Train Loss: output=0.1750, reconstruction=0.4863
Epoch [81/400]
batch = 0 (Δ=0.209s, 100.00%)
Train Loss: output=0.1750, reconstruction=0.5386
Epoch [82/400]
batch = 0 (Δ=0.209s, 100.00%)
Train Loss: output=0.1750, reconstruction=0.4911
Epoch [83/400]
batch = 0 (Δ=0.211s, 100.00%)
Train Loss: output=0.1750, reconstruction=0.4926
Epoch [84/400]
batch = 0 (Δ=0.209s, 100.00%)
Train Loss: output=0.1750, reconstruction=0.4905
Epoch [85/400]
batch = 0 (Δ=0.210s, 100.00%)
Train Loss: output=0.1750, reconstruction=0.4869
Epoch [86/400]
batch = 0 (Δ=0.209s, 100.00%)
Train Loss: output=0.1750, reconstruction=0.4831
Epoch [87/400]
batch = 0 (Δ=0.209s, 100.00%)
Train Loss: output=0.1750, reconstruction=0.4805
Epoch [88/400]
batch = 0 (Δ=0.216s, 100.00%)
Train Loss: output=0.1750, reconstruction=0.4799
Epoch [89/400]
batch = 0 (Δ=0.209s, 100.00%)
Train Loss: output=0.1750, reconstruction=0.4804
Epoch [90/400]
batch = 0 (Δ=0.205s, 100.00%)
Train Loss: output=0.1750, reconstruction=0.5911
Epoch [91/400]
batch = 0 (Δ=0.210s, 100.00%)
Train Loss: output=0.1750, reconstruction=0.5362
Epoch [92/400]
batch = 0 (Δ=0.208s, 100.00%)
Train Loss: output=0.1750, reconstruction=0.4815
Epoch [93/400]
batch = 0 (Δ=0.209s, 100.00%)
Train Loss: output=0.1750, reconstruction=0.4793
Epoch [94/400]
batch = 0 (Δ=0.208s, 100.00%)
Train Loss: output=0.1750, reconstruction=0.6103
Epoch [95/400]
batch = 0 (Δ=0.208s, 100.00%)
Train Loss: output=0.1750, reconstruction=0.4752
Epoch [96/400]
batch = 0 (Δ=0.208s, 100.00%)
Train Loss: output=0.1750, reconstruction=0.4739
Epoch [97/400]
batch = 0 (Δ=0.208s, 100.00%)
Train Loss: output=0.1750, reconstruction=0.4737
Epoch [98/400]
batch = 0 (Δ=0.210s, 100.00%)
Train Loss: output=0.1750, reconstruction=0.5333
Epoch [99/400]
batch = 0 (Δ=0.210s, 100.00%)
Train Loss: output=0.1750, reconstruction=0.4775
Epoch [100/400]
batch = 0 (Δ=0.215s, 100.00%)
Train Loss: output=0.1750, reconstruction=0.4769
Epoch [101/400]
batch = 0 (Δ=0.197s, 100.00%)
Train Loss: output=0.1750, reconstruction=0.5898
Epoch [102/400]
batch = 0 (Δ=0.202s, 100.00%)
Train Loss: output=0.1750, reconstruction=0.5326
Epoch [103/400]
batch = 0 (Δ=0.202s, 100.00%)
Train Loss: output=0.1750, reconstruction=0.6072
Epoch [104/400]
batch = 0 (Δ=0.197s, 100.00%)
Train Loss: output=0.1750, reconstruction=0.4688
Epoch [105/400]
batch = 0 (Δ=0.195s, 100.00%)
Train Loss: output=0.1750, reconstruction=0.4734
Epoch [106/400]
batch = 0 (Δ=0.203s, 100.00%)
Train Loss: output=0.1750, reconstruction=0.4796
Epoch [107/400]
batch = 0 (Δ=0.201s, 100.00%)
Train Loss: output=0.1749, reconstruction=0.4846
Epoch [108/400]
batch = 0 (Δ=0.204s, 100.00%)
Train Loss: output=0.1749, reconstruction=0.4851
Epoch [109/400]
batch = 0 (Δ=0.199s, 100.00%)
Train Loss: output=0.1749, reconstruction=0.4808
Epoch [110/400]
batch = 0 (Δ=0.205s, 100.00%)
Train Loss: output=0.1750, reconstruction=0.4767
Epoch [111/400]
batch = 0 (Δ=0.203s, 100.00%)
Train Loss: output=0.1750, reconstruction=0.4295
Epoch [112/400]
batch = 0 (Δ=0.198s, 100.00%)
Train Loss: output=0.1750, reconstruction=0.4692
Epoch [113/400]
batch = 0 (Δ=0.198s, 100.00%)
Train Loss: output=0.1750, reconstruction=0.4670
Epoch [114/400]
batch = 0 (Δ=0.198s, 100.00%)
Train Loss: output=0.1750, reconstruction=0.4967
Epoch [115/400]
batch = 0 (Δ=0.200s, 100.00%)
Train Loss: output=0.1750, reconstruction=0.4597
Epoch [116/400]
batch = 0 (Δ=0.203s, 100.00%)
Train Loss: output=0.1750, reconstruction=0.4575
Epoch [117/400]
batch = 0 (Δ=0.201s, 100.00%)
Train Loss: output=0.1750, reconstruction=0.4173
Epoch [118/400]
batch = 0 (Δ=0.199s, 100.00%)
Train Loss: output=0.1750, reconstruction=0.4628
Epoch [119/400]
batch = 0 (Δ=0.198s, 100.00%)
Train Loss: output=0.1750, reconstruction=0.4651
Epoch [120/400]
batch = 0 (Δ=0.204s, 100.00%)
Train Loss: output=0.1750, reconstruction=0.4650
Epoch [121/400]
batch = 0 (Δ=0.201s, 100.00%)
Train Loss: output=0.1750, reconstruction=0.4628
Epoch [122/400]
batch = 0 (Δ=0.203s, 100.00%)
Train Loss: output=0.1750, reconstruction=0.4601
Epoch [123/400]
batch = 0 (Δ=0.198s, 100.00%)
Train Loss: output=0.1750, reconstruction=0.4651
Epoch [124/400]
batch = 0 (Δ=0.205s, 100.00%)
Train Loss: output=0.1750, reconstruction=0.4589
Epoch [125/400]
batch = 0 (Δ=0.201s, 100.00%)
Train Loss: output=0.1750, reconstruction=0.4606
Epoch [126/400]
batch = 0 (Δ=0.200s, 100.00%)
Train Loss: output=0.1750, reconstruction=0.4630
Epoch [127/400]
batch = 0 (Δ=0.203s, 100.00%)
Train Loss: output=0.1750, reconstruction=0.4663
Epoch [128/400]
batch = 0 (Δ=0.201s, 100.00%)
Train Loss: output=0.1750, reconstruction=0.4683
Epoch [129/400]
batch = 0 (Δ=0.202s, 100.00%)
Train Loss: output=0.1750, reconstruction=0.4683
Epoch [130/400]
batch = 0 (Δ=0.205s, 100.00%)
Train Loss: output=0.1750, reconstruction=0.4672
Epoch [131/400]
batch = 0 (Δ=0.200s, 100.00%)
Train Loss: output=0.1750, reconstruction=0.4652
Epoch [132/400]
batch = 0 (Δ=0.202s, 100.00%)
Train Loss: output=0.1750, reconstruction=0.4621
Epoch [133/400]
batch = 0 (Δ=0.204s, 100.00%)
Train Loss: output=0.1750, reconstruction=0.4607
Epoch [134/400]
batch = 0 (Δ=0.202s, 100.00%)
Train Loss: output=0.1750, reconstruction=0.4614
Epoch [135/400]
batch = 0 (Δ=0.208s, 100.00%)
Train Loss: output=0.1750, reconstruction=0.4625
Epoch [136/400]
batch = 0 (Δ=0.205s, 100.00%)
Train Loss: output=0.1750, reconstruction=0.4626
Epoch [137/400]
batch = 0 (Δ=0.200s, 100.00%)
Train Loss: output=0.1750, reconstruction=0.4904
Epoch [138/400]
batch = 0 (Δ=0.203s, 100.00%)
Train Loss: output=0.1750, reconstruction=0.4692
Epoch [139/400]
batch = 0 (Δ=0.285s, 100.00%)
Train Loss: output=0.1750, reconstruction=0.4591
Epoch [140/400]
batch = 0 (Δ=0.199s, 100.00%)
Train Loss: output=0.1750, reconstruction=0.4952
Epoch [141/400]
batch = 0 (Δ=0.200s, 100.00%)
Train Loss: output=0.1750, reconstruction=0.3937
Epoch [142/400]
batch = 0 (Δ=0.199s, 100.00%)
Train Loss: output=0.1750, reconstruction=0.4220
Epoch [143/400]
batch = 0 (Δ=0.199s, 100.00%)
Train Loss: output=0.1749, reconstruction=0.3231
Epoch [144/400]
batch = 0 (Δ=0.202s, 100.00%)
Train Loss: output=0.1749, reconstruction=0.4582
Epoch [145/400]
batch = 0 (Δ=0.201s, 100.00%)
Train Loss: output=0.1749, reconstruction=0.3932
Epoch [146/400]
batch = 0 (Δ=0.201s, 100.00%)
Train Loss: output=0.1749, reconstruction=0.4571
Epoch [147/400]
batch = 0 (Δ=0.204s, 100.00%)
Train Loss: output=0.1750, reconstruction=0.5205
Epoch [148/400]
batch = 0 (Δ=0.204s, 100.00%)
Train Loss: output=0.1750, reconstruction=0.5223
Epoch [149/400]
batch = 0 (Δ=0.201s, 100.00%)
Train Loss: output=0.1749, reconstruction=0.4590
Epoch [150/400]
batch = 0 (Δ=0.200s, 100.00%)
Train Loss: output=0.1749, reconstruction=0.4609
Epoch [151/400]
batch = 0 (Δ=0.205s, 100.00%)
Train Loss: output=0.1749, reconstruction=0.5388
Epoch [152/400]
batch = 0 (Δ=0.209s, 100.00%)
Train Loss: output=0.1749, reconstruction=0.4600
Epoch [153/400]
batch = 0 (Δ=0.206s, 100.00%)
Train Loss: output=0.1749, reconstruction=0.4615
Epoch [154/400]
batch = 0 (Δ=0.203s, 100.00%)
Train Loss: output=0.1749, reconstruction=0.5224
Epoch [155/400]
batch = 0 (Δ=0.208s, 100.00%)
Train Loss: output=0.1749, reconstruction=0.4651
Epoch [156/400]
batch = 0 (Δ=0.282s, 100.00%)
Train Loss: output=0.1749, reconstruction=0.5752
Epoch [157/400]
batch = 0 (Δ=0.281s, 100.00%)
Train Loss: output=0.1749, reconstruction=0.4707
Epoch [158/400]
batch = 0 (Δ=0.286s, 100.00%)
Train Loss: output=0.1748, reconstruction=0.4745
Epoch [159/400]
batch = 0 (Δ=0.287s, 100.00%)
Train Loss: output=0.1748, reconstruction=0.5725
Epoch [160/400]
batch = 0 (Δ=0.274s, 100.00%)
Train Loss: output=0.1748, reconstruction=0.5578
Epoch [161/400]
batch = 0 (Δ=0.285s, 100.00%)
Train Loss: output=0.1749, reconstruction=0.5439
Epoch [162/400]
batch = 0 (Δ=0.286s, 100.00%)
Train Loss: output=0.1749, reconstruction=0.4962
Epoch [163/400]
batch = 0 (Δ=0.286s, 100.00%)
Train Loss: output=0.1750, reconstruction=0.5246
Epoch [164/400]
batch = 0 (Δ=0.288s, 100.00%)
Train Loss: output=0.1749, reconstruction=0.5237
Epoch [165/400]
batch = 0 (Δ=0.287s, 100.00%)
Train Loss: output=0.1749, reconstruction=0.4552
Epoch [166/400]
batch = 0 (Δ=0.288s, 100.00%)
Train Loss: output=0.1750, reconstruction=0.4796
Epoch [167/400]
batch = 0 (Δ=0.290s, 100.00%)
Train Loss: output=0.1750, reconstruction=0.4732
Epoch [168/400]
batch = 0 (Δ=0.284s, 100.00%)
Train Loss: output=0.1750, reconstruction=0.5018
Epoch [169/400]
batch = 0 (Δ=0.282s, 100.00%)
Train Loss: output=0.1750, reconstruction=0.4997
Epoch [170/400]
batch = 0 (Δ=0.273s, 100.00%)
Train Loss: output=0.1750, reconstruction=0.4977
Epoch [171/400]
batch = 0 (Δ=0.287s, 100.00%)
Train Loss: output=0.1750, reconstruction=0.5006
Epoch [172/400]
batch = 0 (Δ=0.284s, 100.00%)
Train Loss: output=0.1750, reconstruction=0.5347
Epoch [173/400]
batch = 0 (Δ=0.364s, 100.00%)
Train Loss: output=0.1750, reconstruction=0.5064
Epoch [174/400]
batch = 0 (Δ=0.285s, 100.00%)
Train Loss: output=0.1750, reconstruction=0.5700
Epoch [175/400]
batch = 0 (Δ=0.284s, 100.00%)
Train Loss: output=0.1750, reconstruction=0.5645
Epoch [176/400]
batch = 0 (Δ=0.283s, 100.00%)
Train Loss: output=0.1750, reconstruction=0.4300
Epoch [177/400]
batch = 0 (Δ=0.274s, 100.00%)
Train Loss: output=0.1750, reconstruction=0.4028
Epoch [178/400]
batch = 0 (Δ=0.286s, 100.00%)
Train Loss: output=0.1750, reconstruction=0.4134
Epoch [179/400]
batch = 0 (Δ=0.286s, 100.00%)
Train Loss: output=0.1750, reconstruction=0.5514
Epoch [180/400]
batch = 0 (Δ=0.286s, 100.00%)
Train Loss: output=0.1750, reconstruction=0.5481
Epoch [181/400]
batch = 0 (Δ=0.288s, 100.00%)
Train Loss: output=0.1750, reconstruction=0.4789
Epoch [182/400]
batch = 0 (Δ=0.284s, 100.00%)
Train Loss: output=0.1750, reconstruction=0.4789
Epoch [183/400]
batch = 0 (Δ=0.288s, 100.00%)
Train Loss: output=0.1750, reconstruction=0.4775
Epoch [184/400]
batch = 0 (Δ=0.286s, 100.00%)
Train Loss: output=0.1750, reconstruction=0.4760
Epoch [185/400]
batch = 0 (Δ=0.285s, 100.00%)
Train Loss: output=0.1750, reconstruction=0.4899
Epoch [186/400]
batch = 0 (Δ=0.282s, 100.00%)
Train Loss: output=0.1750, reconstruction=0.4764
Epoch [187/400]
batch = 0 (Δ=0.289s, 100.00%)
Train Loss: output=0.1750, reconstruction=0.4772
Epoch [188/400]
batch = 0 (Δ=0.284s, 100.00%)
Train Loss: output=0.1749, reconstruction=0.4194
Epoch [189/400]
batch = 0 (Δ=0.283s, 100.00%)
Train Loss: output=0.1749, reconstruction=0.4760
Epoch [190/400]
batch = 0 (Δ=0.284s, 100.00%)
Train Loss: output=0.1750, reconstruction=0.3944
Epoch [191/400]
batch = 0 (Δ=0.281s, 100.00%)
Train Loss: output=0.1750, reconstruction=0.4751
Epoch [192/400]
batch = 0 (Δ=0.282s, 100.00%)
Train Loss: output=0.1750, reconstruction=0.4842
Epoch [193/400]
batch = 0 (Δ=0.291s, 100.00%)
Train Loss: output=0.1750, reconstruction=0.4747
Epoch [194/400]
batch = 0 (Δ=0.372s, 100.00%)
Train Loss: output=0.1750, reconstruction=0.4746
Epoch [195/400]
batch = 0 (Δ=0.288s, 100.00%)
Train Loss: output=0.1750, reconstruction=0.4737
Epoch [196/400]
batch = 0 (Δ=0.283s, 100.00%)
Train Loss: output=0.1750, reconstruction=0.4732
Epoch [197/400]
batch = 0 (Δ=0.283s, 100.00%)
Train Loss: output=0.1750, reconstruction=0.4814
Epoch [198/400]
batch = 0 (Δ=0.282s, 100.00%)
Train Loss: output=0.1750, reconstruction=0.5022
Epoch [199/400]
batch = 0 (Δ=0.283s, 100.00%)
Train Loss: output=0.1750, reconstruction=0.4749
Epoch [200/400]
batch = 0 (Δ=0.287s, 100.00%)
Train Loss: output=0.1750, reconstruction=0.4581
Epoch [201/400]
batch = 0 (Δ=0.284s, 100.00%)
Train Loss: output=0.1750, reconstruction=0.5024
Epoch [202/400]
batch = 0 (Δ=0.285s, 100.00%)
Train Loss: output=0.1750, reconstruction=0.4759
Epoch [203/400]
batch = 0 (Δ=0.282s, 100.00%)
Train Loss: output=0.1750, reconstruction=0.4599
Epoch [204/400]
batch = 0 (Δ=0.286s, 100.00%)
Train Loss: output=0.1750, reconstruction=0.4991
Epoch [205/400]
batch = 0 (Δ=0.286s, 100.00%)
Train Loss: output=0.1750, reconstruction=0.3733
Epoch [206/400]
batch = 0 (Δ=0.286s, 100.00%)
Train Loss: output=0.1750, reconstruction=0.4570
Epoch [207/400]
batch = 0 (Δ=0.286s, 100.00%)
Train Loss: output=0.1750, reconstruction=0.4384
Epoch [208/400]
batch = 0 (Δ=0.282s, 100.00%)
Train Loss: output=0.1750, reconstruction=0.4780
Epoch [209/400]
batch = 0 (Δ=0.284s, 100.00%)
Train Loss: output=0.1750, reconstruction=0.4592
Epoch [210/400]
batch = 0 (Δ=0.288s, 100.00%)
Train Loss: output=0.1750, reconstruction=0.4620
Epoch [211/400]
batch = 0 (Δ=0.284s, 100.00%)
Train Loss: output=0.1750, reconstruction=0.4618
Epoch [212/400]
batch = 0 (Δ=0.280s, 100.00%)
Train Loss: output=0.1750, reconstruction=0.4598
Epoch [213/400]
batch = 0 (Δ=0.291s, 100.00%)
Train Loss: output=0.1751, reconstruction=0.4778
Epoch [214/400]
batch = 0 (Δ=0.285s, 100.00%)
Train Loss: output=0.1751, reconstruction=0.4524
Epoch [215/400]
batch = 0 (Δ=0.288s, 100.00%)
Train Loss: output=0.1751, reconstruction=0.4389
Epoch [216/400]
batch = 0 (Δ=0.292s, 100.00%)
Train Loss: output=0.1751, reconstruction=0.5192
Epoch [217/400]
batch = 0 (Δ=0.366s, 100.00%)
Train Loss: output=0.1750, reconstruction=0.4146
Epoch [218/400]
batch = 0 (Δ=0.285s, 100.00%)
Train Loss: output=0.1750, reconstruction=0.4760
Epoch [219/400]
batch = 0 (Δ=0.281s, 100.00%)
Train Loss: output=0.1750, reconstruction=0.4591
Epoch [220/400]
batch = 0 (Δ=0.285s, 100.00%)
Train Loss: output=0.1751, reconstruction=0.4560
Epoch [221/400]
batch = 0 (Δ=0.285s, 100.00%)
Train Loss: output=0.1750, reconstruction=0.3952
Epoch [222/400]
batch = 0 (Δ=0.280s, 100.00%)
Train Loss: output=0.1750, reconstruction=0.4775
Epoch [223/400]
batch = 0 (Δ=0.288s, 100.00%)
Train Loss: output=0.1749, reconstruction=0.4815
Epoch [224/400]
batch = 0 (Δ=0.283s, 100.00%)
Train Loss: output=0.1750, reconstruction=0.4786
Epoch [225/400]
batch = 0 (Δ=0.285s, 100.00%)
Train Loss: output=0.1750, reconstruction=0.4589
Epoch [226/400]
batch = 0 (Δ=0.282s, 100.00%)
Train Loss: output=0.1750, reconstruction=0.4967
Epoch [227/400]
batch = 0 (Δ=0.276s, 100.00%)
Train Loss: output=0.1750, reconstruction=0.4518
Epoch [228/400]
batch = 0 (Δ=0.289s, 100.00%)
Train Loss: output=0.1750, reconstruction=0.4799
Epoch [229/400]
batch = 0 (Δ=0.285s, 100.00%)
Train Loss: output=0.1750, reconstruction=0.4836
Epoch [230/400]
batch = 0 (Δ=0.287s, 100.00%)
Train Loss: output=0.1750, reconstruction=0.4583
Epoch [231/400]
batch = 0 (Δ=0.286s, 100.00%)
Train Loss: output=0.1748, reconstruction=0.4860
Epoch [232/400]
batch = 0 (Δ=0.283s, 100.00%)
Train Loss: output=0.1747, reconstruction=0.3934
Epoch [233/400]
batch = 0 (Δ=0.287s, 100.00%)
Train Loss: output=0.1746, reconstruction=0.4523
Epoch [234/400]
batch = 0 (Δ=0.287s, 100.00%)
Train Loss: output=0.1746, reconstruction=0.4460
Epoch [235/400]
batch = 0 (Δ=0.283s, 100.00%)
Train Loss: output=0.1747, reconstruction=0.4691
Epoch [236/400]
batch = 0 (Δ=0.287s, 100.00%)
Train Loss: output=0.1747, reconstruction=0.4664
Epoch [237/400]
batch = 0 (Δ=0.286s, 100.00%)
Train Loss: output=0.1748, reconstruction=0.4708
Epoch [238/400]
batch = 0 (Δ=0.283s, 100.00%)
Train Loss: output=0.1749, reconstruction=0.4357
Epoch [239/400]
batch = 0 (Δ=0.374s, 100.00%)
Train Loss: output=0.1750, reconstruction=0.3730
Epoch [240/400]
batch = 0 (Δ=0.282s, 100.00%)
Train Loss: output=0.1750, reconstruction=0.4619
Epoch [241/400]
batch = 0 (Δ=0.283s, 100.00%)
Train Loss: output=0.1750, reconstruction=0.4632
Epoch [242/400]
batch = 0 (Δ=0.287s, 100.00%)
Train Loss: output=0.1750, reconstruction=0.4032
Epoch [243/400]
batch = 0 (Δ=0.287s, 100.00%)
Train Loss: output=0.1750, reconstruction=0.4022
Epoch [244/400]
batch = 0 (Δ=0.286s, 100.00%)
Train Loss: output=0.1750, reconstruction=0.4635
Epoch [245/400]
batch = 0 (Δ=0.291s, 100.00%)
Train Loss: output=0.1751, reconstruction=0.4627
Epoch [246/400]
batch = 0 (Δ=0.288s, 100.00%)
Train Loss: output=0.1751, reconstruction=0.4616
Epoch [247/400]
batch = 0 (Δ=0.287s, 100.00%)
Train Loss: output=0.1751, reconstruction=0.4614
Epoch [248/400]
batch = 0 (Δ=0.284s, 100.00%)
Train Loss: output=0.1751, reconstruction=0.4325
Epoch [249/400]
batch = 0 (Δ=0.282s, 100.00%)
Train Loss: output=0.1750, reconstruction=0.3712
Epoch [250/400]
batch = 0 (Δ=0.284s, 100.00%)
Train Loss: output=0.1750, reconstruction=0.4640
Epoch [251/400]
batch = 0 (Δ=0.293s, 100.00%)
Train Loss: output=0.1750, reconstruction=0.4653
Epoch [252/400]
batch = 0 (Δ=0.288s, 100.00%)
Train Loss: output=0.1750, reconstruction=0.4674
Epoch [253/400]
batch = 0 (Δ=0.286s, 100.00%)
Train Loss: output=0.1750, reconstruction=0.4353
Epoch [254/400]
batch = 0 (Δ=0.285s, 100.00%)
Train Loss: output=0.1750, reconstruction=0.4360
Epoch [255/400]
batch = 0 (Δ=0.295s, 100.00%)
Train Loss: output=0.1750, reconstruction=0.4079
Epoch [256/400]
batch = 0 (Δ=0.286s, 100.00%)
Train Loss: output=0.1750, reconstruction=0.4659
Epoch [257/400]
batch = 0 (Δ=0.281s, 100.00%)
Train Loss: output=0.1750, reconstruction=0.4036
Epoch [258/400]
batch = 0 (Δ=0.280s, 100.00%)
Train Loss: output=0.1750, reconstruction=0.4096
Epoch [259/400]
batch = 0 (Δ=0.287s, 100.00%)
Train Loss: output=0.1750, reconstruction=0.4655
Epoch [260/400]
batch = 0 (Δ=0.279s, 100.00%)
Train Loss: output=0.1750, reconstruction=0.4380
Epoch [261/400]
batch = 0 (Δ=0.287s, 100.00%)
Train Loss: output=0.1750, reconstruction=0.4650
Epoch [262/400]
batch = 0 (Δ=0.282s, 100.00%)
Train Loss: output=0.1750, reconstruction=0.4652
Epoch [263/400]
batch = 0 (Δ=0.368s, 100.00%)
Train Loss: output=0.1750, reconstruction=0.4117
Epoch [264/400]
batch = 0 (Δ=0.284s, 100.00%)
Train Loss: output=0.1750, reconstruction=0.4460
Epoch [265/400]
batch = 0 (Δ=0.281s, 100.00%)
Train Loss: output=0.1750, reconstruction=0.4400
Epoch [266/400]
batch = 0 (Δ=0.281s, 100.00%)
Train Loss: output=0.1750, reconstruction=0.4130
Epoch [267/400]
batch = 0 (Δ=0.285s, 100.00%)
Train Loss: output=0.1750, reconstruction=0.4408
Epoch [268/400]
batch = 0 (Δ=0.285s, 100.00%)
Train Loss: output=0.1750, reconstruction=0.4683
Epoch [269/400]
batch = 0 (Δ=0.288s, 100.00%)
Train Loss: output=0.1750, reconstruction=0.4068
Epoch [270/400]
batch = 0 (Δ=0.282s, 100.00%)
Train Loss: output=0.1750, reconstruction=0.4405
Epoch [271/400]
batch = 0 (Δ=0.288s, 100.00%)
Train Loss: output=0.1750, reconstruction=0.3802
Epoch [272/400]
batch = 0 (Δ=0.280s, 100.00%)
Train Loss: output=0.1750, reconstruction=0.4420
Epoch [273/400]
batch = 0 (Δ=0.287s, 100.00%)
Train Loss: output=0.1750, reconstruction=0.4711
Epoch [274/400]
batch = 0 (Δ=0.291s, 100.00%)
Train Loss: output=0.1750, reconstruction=0.4430
Epoch [275/400]
batch = 0 (Δ=0.288s, 100.00%)
Train Loss: output=0.1750, reconstruction=0.4728
Epoch [276/400]
batch = 0 (Δ=0.285s, 100.00%)
Train Loss: output=0.1750, reconstruction=0.4445
Epoch [277/400]
batch = 0 (Δ=0.290s, 100.00%)
Train Loss: output=0.1750, reconstruction=0.3812
Epoch [278/400]
batch = 0 (Δ=0.286s, 100.00%)
Train Loss: output=0.1751, reconstruction=0.4698
Epoch [279/400]
batch = 0 (Δ=0.288s, 100.00%)
Train Loss: output=0.1752, reconstruction=0.4683
Epoch [280/400]
batch = 0 (Δ=0.283s, 100.00%)
Train Loss: output=0.1752, reconstruction=0.4578
Epoch [281/400]
batch = 0 (Δ=0.284s, 100.00%)
Train Loss: output=0.1751, reconstruction=0.4164
Epoch [282/400]
batch = 0 (Δ=0.284s, 100.00%)
Train Loss: output=0.1751, reconstruction=0.4792
Epoch [283/400]
batch = 0 (Δ=0.284s, 100.00%)
Train Loss: output=0.1751, reconstruction=0.4627
Epoch [284/400]
batch = 0 (Δ=0.282s, 100.00%)
Train Loss: output=0.1752, reconstruction=0.4859
Epoch [285/400]
batch = 0 (Δ=0.374s, 100.00%)
Train Loss: output=0.1752, reconstruction=0.4817
Epoch [286/400]
batch = 0 (Δ=0.281s, 100.00%)
Train Loss: output=0.1752, reconstruction=0.4474
Epoch [287/400]
batch = 0 (Δ=0.286s, 100.00%)
Train Loss: output=0.1751, reconstruction=0.4730
Epoch [288/400]
batch = 0 (Δ=0.282s, 100.00%)
Train Loss: output=0.1750, reconstruction=0.3915
Epoch [289/400]
batch = 0 (Δ=0.291s, 100.00%)
Train Loss: output=0.1750, reconstruction=0.4417
Epoch [290/400]
batch = 0 (Δ=0.264s, 100.00%)
Train Loss: output=0.1751, reconstruction=0.4424
Epoch [291/400]
batch = 0 (Δ=0.282s, 100.00%)
Train Loss: output=0.1751, reconstruction=0.4428
Epoch [292/400]
batch = 0 (Δ=0.285s, 100.00%)
Train Loss: output=0.1751, reconstruction=0.4229
Epoch [293/400]
batch = 0 (Δ=0.282s, 100.00%)
Train Loss: output=0.1750, reconstruction=0.4485
Epoch [294/400]
batch = 0 (Δ=0.283s, 100.00%)
Train Loss: output=0.1749, reconstruction=0.4775
Epoch [295/400]
batch = 0 (Δ=0.280s, 100.00%)
Train Loss: output=0.1749, reconstruction=0.4785
Epoch [296/400]
batch = 0 (Δ=0.288s, 100.00%)
Train Loss: output=0.1749, reconstruction=0.4768
Epoch [297/400]
batch = 0 (Δ=0.288s, 100.00%)
Train Loss: output=0.1749, reconstruction=0.4745
Epoch [298/400]
batch = 0 (Δ=0.286s, 100.00%)
Train Loss: output=0.1749, reconstruction=0.3900
Epoch [299/400]
batch = 0 (Δ=0.287s, 100.00%)
Train Loss: output=0.1748, reconstruction=0.4484
Epoch [300/400]
batch = 0 (Δ=0.286s, 100.00%)
Train Loss: output=0.1748, reconstruction=0.4487
Epoch [301/400]
batch = 0 (Δ=0.283s, 100.00%)
Train Loss: output=0.1748, reconstruction=0.4483
Epoch [302/400]
batch = 0 (Δ=0.275s, 100.00%)
Train Loss: output=0.1749, reconstruction=0.4486
Epoch [303/400]
batch = 0 (Δ=0.268s, 100.00%)
Train Loss: output=0.1749, reconstruction=0.4488
Epoch [304/400]
batch = 0 (Δ=0.277s, 100.00%)
Train Loss: output=0.1749, reconstruction=0.4766
Epoch [305/400]
batch = 0 (Δ=0.281s, 100.00%)
Train Loss: output=0.1749, reconstruction=0.3904
Epoch [306/400]
batch = 0 (Δ=0.282s, 100.00%)
Train Loss: output=0.1749, reconstruction=0.4574
Epoch [307/400]
batch = 0 (Δ=0.363s, 100.00%)
Train Loss: output=0.1749, reconstruction=0.4476
Epoch [308/400]
batch = 0 (Δ=0.285s, 100.00%)
Train Loss: output=0.1749, reconstruction=0.4743
Epoch [309/400]
batch = 0 (Δ=0.283s, 100.00%)
Train Loss: output=0.1749, reconstruction=0.4737
Epoch [310/400]
batch = 0 (Δ=0.278s, 100.00%)
Train Loss: output=0.1750, reconstruction=0.4748
Epoch [311/400]
batch = 0 (Δ=0.280s, 100.00%)
Train Loss: output=0.1750, reconstruction=0.4459
Epoch [312/400]
batch = 0 (Δ=0.279s, 100.00%)
Train Loss: output=0.1750, reconstruction=0.3883
Epoch [313/400]
batch = 0 (Δ=0.283s, 100.00%)
Train Loss: output=0.1750, reconstruction=0.3868
Epoch [314/400]
batch = 0 (Δ=0.268s, 100.00%)
Train Loss: output=0.1750, reconstruction=0.4444
Epoch [315/400]
batch = 0 (Δ=0.285s, 100.00%)
Train Loss: output=0.1749, reconstruction=0.4746
Epoch [316/400]
batch = 0 (Δ=0.285s, 100.00%)
Train Loss: output=0.1749, reconstruction=0.4744
Epoch [317/400]
batch = 0 (Δ=0.278s, 100.00%)
Train Loss: output=0.1749, reconstruction=0.4444
Epoch [318/400]
batch = 0 (Δ=0.278s, 100.00%)
Train Loss: output=0.1749, reconstruction=0.4729
Epoch [319/400]
batch = 0 (Δ=0.279s, 100.00%)
Train Loss: output=0.1750, reconstruction=0.4444
Epoch [320/400]
batch = 0 (Δ=0.283s, 100.00%)
Train Loss: output=0.1749, reconstruction=0.4728
Epoch [321/400]
batch = 0 (Δ=0.281s, 100.00%)
Train Loss: output=0.1749, reconstruction=0.4721
Epoch [322/400]
batch = 0 (Δ=0.279s, 100.00%)
Train Loss: output=0.1749, reconstruction=0.4718
Epoch [323/400]
batch = 0 (Δ=0.280s, 100.00%)
Train Loss: output=0.1750, reconstruction=0.4438
Epoch [324/400]
batch = 0 (Δ=0.279s, 100.00%)
Train Loss: output=0.1750, reconstruction=0.4442
Epoch [325/400]
batch = 0 (Δ=0.279s, 100.00%)
Train Loss: output=0.1750, reconstruction=0.4442
Epoch [326/400]
batch = 0 (Δ=0.274s, 100.00%)
Train Loss: output=0.1750, reconstruction=0.4724
Epoch [327/400]
batch = 0 (Δ=0.282s, 100.00%)
Train Loss: output=0.1750, reconstruction=0.4731
Epoch [328/400]
batch = 0 (Δ=0.286s, 100.00%)
Train Loss: output=0.1750, reconstruction=0.4175
Epoch [329/400]
batch = 0 (Δ=0.283s, 100.00%)
Train Loss: output=0.1750, reconstruction=0.4724
Epoch [330/400]
batch = 0 (Δ=0.373s, 100.00%)
Train Loss: output=0.1750, reconstruction=0.4726
Epoch [331/400]
batch = 0 (Δ=0.285s, 100.00%)
Train Loss: output=0.1750, reconstruction=0.4729
Epoch [332/400]
batch = 0 (Δ=0.281s, 100.00%)
Train Loss: output=0.1750, reconstruction=0.4648
Epoch [333/400]
batch = 0 (Δ=0.284s, 100.00%)
Train Loss: output=0.1750, reconstruction=0.4732
Epoch [334/400]
batch = 0 (Δ=0.282s, 100.00%)
Train Loss: output=0.1750, reconstruction=0.4339
Epoch [335/400]
batch = 0 (Δ=0.281s, 100.00%)
Train Loss: output=0.1750, reconstruction=0.4723
Epoch [336/400]
batch = 0 (Δ=0.279s, 100.00%)
Train Loss: output=0.1750, reconstruction=0.4905
Epoch [337/400]
batch = 0 (Δ=0.281s, 100.00%)
Train Loss: output=0.1750, reconstruction=0.4726
Epoch [338/400]
batch = 0 (Δ=0.282s, 100.00%)
Train Loss: output=0.1750, reconstruction=0.4836
Epoch [339/400]
batch = 0 (Δ=0.280s, 100.00%)
Train Loss: output=0.1750, reconstruction=0.4747
Epoch [340/400]
batch = 0 (Δ=0.276s, 100.00%)
Train Loss: output=0.1749, reconstruction=0.4172
Epoch [341/400]
batch = 0 (Δ=0.282s, 100.00%)
Train Loss: output=0.1750, reconstruction=0.4753
Epoch [342/400]
batch = 0 (Δ=0.282s, 100.00%)
Train Loss: output=0.1750, reconstruction=0.4762
Epoch [343/400]
batch = 0 (Δ=0.286s, 100.00%)
Train Loss: output=0.1749, reconstruction=0.4291
Epoch [344/400]
batch = 0 (Δ=0.284s, 100.00%)
Train Loss: output=0.1749, reconstruction=0.4778
Epoch [345/400]
batch = 0 (Δ=0.285s, 100.00%)
Train Loss: output=0.1749, reconstruction=0.4670
Epoch [346/400]
batch = 0 (Δ=0.289s, 100.00%)
Train Loss: output=0.1749, reconstruction=0.4584
Epoch [347/400]
batch = 0 (Δ=0.287s, 100.00%)
Train Loss: output=0.1749, reconstruction=0.4301
Epoch [348/400]
batch = 0 (Δ=0.290s, 100.00%)
Train Loss: output=0.1749, reconstruction=0.3983
Epoch [349/400]
batch = 0 (Δ=0.281s, 100.00%)
Train Loss: output=0.1750, reconstruction=0.4987
Epoch [350/400]
batch = 0 (Δ=0.285s, 100.00%)
Train Loss: output=0.1751, reconstruction=0.5022
Epoch [351/400]
batch = 0 (Δ=0.289s, 100.00%)
Train Loss: output=0.1752, reconstruction=0.5077
Epoch [352/400]
batch = 0 (Δ=0.285s, 100.00%)
Train Loss: output=0.1753, reconstruction=0.5121
Epoch [353/400]
batch = 0 (Δ=0.369s, 100.00%)
Train Loss: output=0.1752, reconstruction=0.5253
Epoch [354/400]
batch = 0 (Δ=0.282s, 100.00%)
Train Loss: output=0.1752, reconstruction=0.5021
Epoch [355/400]
batch = 0 (Δ=0.287s, 100.00%)
Train Loss: output=0.1752, reconstruction=0.4522
Epoch [356/400]
batch = 0 (Δ=0.281s, 100.00%)
Train Loss: output=0.1753, reconstruction=0.4912
Epoch [357/400]
batch = 0 (Δ=0.276s, 100.00%)
Train Loss: output=0.1754, reconstruction=0.4917
Epoch [358/400]
batch = 0 (Δ=0.281s, 100.00%)
Train Loss: output=0.1754, reconstruction=0.4964
Epoch [359/400]
batch = 0 (Δ=0.285s, 100.00%)
Train Loss: output=0.1752, reconstruction=0.5022
Epoch [360/400]
batch = 0 (Δ=0.287s, 100.00%)
Train Loss: output=0.1750, reconstruction=0.5061
Epoch [361/400]
batch = 0 (Δ=0.288s, 100.00%)
Train Loss: output=0.1750, reconstruction=0.5072
Epoch [362/400]
batch = 0 (Δ=0.287s, 100.00%)
Train Loss: output=0.1751, reconstruction=0.4652
Epoch [363/400]
batch = 0 (Δ=0.286s, 100.00%)
Train Loss: output=0.1752, reconstruction=0.4060
Epoch [364/400]
batch = 0 (Δ=0.284s, 100.00%)
Train Loss: output=0.1752, reconstruction=0.4846
Epoch [365/400]
batch = 0 (Δ=0.286s, 100.00%)
Train Loss: output=0.1752, reconstruction=0.4854
Epoch [366/400]
batch = 0 (Δ=0.291s, 100.00%)
Train Loss: output=0.1752, reconstruction=0.4862
Epoch [367/400]
batch = 0 (Δ=0.280s, 100.00%)
Train Loss: output=0.1751, reconstruction=0.4696
Epoch [368/400]
batch = 0 (Δ=0.290s, 100.00%)
Train Loss: output=0.1751, reconstruction=0.4290
Epoch [369/400]
batch = 0 (Δ=0.289s, 100.00%)
Train Loss: output=0.1751, reconstruction=0.4464
Epoch [370/400]
batch = 0 (Δ=0.290s, 100.00%)
Train Loss: output=0.1751, reconstruction=0.4895
Epoch [371/400]
batch = 0 (Δ=0.290s, 100.00%)
Train Loss: output=0.1750, reconstruction=0.5043
Epoch [372/400]
batch = 0 (Δ=0.288s, 100.00%)
Train Loss: output=0.1750, reconstruction=0.5058
Epoch [373/400]
batch = 0 (Δ=0.288s, 100.00%)
Train Loss: output=0.1750, reconstruction=0.4916
Epoch [374/400]
batch = 0 (Δ=0.292s, 100.00%)
Train Loss: output=0.1750, reconstruction=0.5054
Epoch [375/400]
batch = 0 (Δ=0.291s, 100.00%)
Train Loss: output=0.1750, reconstruction=0.5028
Epoch [376/400]
batch = 0 (Δ=0.370s, 100.00%)
Train Loss: output=0.1751, reconstruction=0.5008
Epoch [377/400]
batch = 0 (Δ=0.287s, 100.00%)
Train Loss: output=0.1751, reconstruction=0.5138
Epoch [378/400]
batch = 0 (Δ=0.289s, 100.00%)
Train Loss: output=0.1750, reconstruction=0.4836
Epoch [379/400]
batch = 0 (Δ=0.286s, 100.00%)
Train Loss: output=0.1750, reconstruction=0.4841
Epoch [380/400]
batch = 0 (Δ=0.286s, 100.00%)
Train Loss: output=0.1750, reconstruction=0.4840
Epoch [381/400]
batch = 0 (Δ=0.287s, 100.00%)
Train Loss: output=0.1751, reconstruction=0.4993
Epoch [382/400]
batch = 0 (Δ=0.288s, 100.00%)
Train Loss: output=0.1750, reconstruction=0.4234
Epoch [383/400]
batch = 0 (Δ=0.288s, 100.00%)
Train Loss: output=0.1750, reconstruction=0.5010
Epoch [384/400]
batch = 0 (Δ=0.273s, 100.00%)
Train Loss: output=0.1750, reconstruction=0.4883
Epoch [385/400]
batch = 0 (Δ=0.285s, 100.00%)
Train Loss: output=0.1750, reconstruction=0.5001
Epoch [386/400]
batch = 0 (Δ=0.286s, 100.00%)
Train Loss: output=0.1750, reconstruction=0.4976
Epoch [387/400]
batch = 0 (Δ=0.283s, 100.00%)
Train Loss: output=0.1750, reconstruction=0.4844
Epoch [388/400]
batch = 0 (Δ=0.287s, 100.00%)
Train Loss: output=0.1750, reconstruction=0.5656
Epoch [389/400]
batch = 0 (Δ=0.291s, 100.00%)
Train Loss: output=0.1750, reconstruction=0.4800
Epoch [390/400]
batch = 0 (Δ=0.288s, 100.00%)
Train Loss: output=0.1750, reconstruction=0.4644
Epoch [391/400]
batch = 0 (Δ=0.289s, 100.00%)
Train Loss: output=0.1750, reconstruction=0.4588
Epoch [392/400]
batch = 0 (Δ=0.288s, 100.00%)
Train Loss: output=0.1750, reconstruction=0.4074
Epoch [393/400]
batch = 0 (Δ=0.289s, 100.00%)
Train Loss: output=0.1750, reconstruction=0.5184
Epoch [394/400]
batch = 0 (Δ=0.293s, 100.00%)
Train Loss: output=0.1750, reconstruction=0.4715
Epoch [395/400]
batch = 0 (Δ=0.293s, 100.00%)
Train Loss: output=0.1750, reconstruction=0.4727
Epoch [396/400]
batch = 0 (Δ=0.284s, 100.00%)
Train Loss: output=0.1750, reconstruction=0.4080
Epoch [397/400]
batch = 0 (Δ=0.279s, 100.00%)
Train Loss: output=0.1750, reconstruction=0.3622
Epoch [398/400]
batch = 0 (Δ=0.288s, 100.00%)
Train Loss: output=0.1750, reconstruction=0.4722
Epoch [399/400]
batch = 0 (Δ=0.372s, 100.00%)
Train Loss: output=0.1750, reconstruction=0.4155
Epoch [400/400]
batch = 0 (Δ=0.286s, 100.00%)
Train Loss: output=0.1750, reconstruction=0.5000
Final Stats:
=== Selected operation grammar ===
batch = 0 (Δ=0.220s, 100.00%)
=== Input Reconstruction (test) ===
  row[0] input='hello world' -> reconstructed='[ [' label=0.0000 predicted=0.4992 MISMATCH
  row[1] input='hello there' -> reconstructed='' label=1.0000 predicted=0.4987 MISMATCH
  row[2] input='loving world' -> reconstructed='' label=1.0000 predicted=0.4994 MISMATCH
  row[3] input='loving there' -> reconstructed='' label=0.0000 predicted=0.4991 MISMATCH
=============================== warnings summary ===============================
test/test_explicit_dimensions.py::TestXorGrammarLearnsXor::test_xor_class_accuracy
test/test_explicit_dimensions.py::TestXorGrammarReconstruction::test_piecewise_overall_at_least_50_pct
  /Users/arogers/github/WikiOracle/basicmodel/bin/Models.py:7631: RuntimeWarning: output_state_boundary [config /Users/arogers/github/WikiOracle/basicmodel/data/XOR_grammar.xml]: supervised outputs with reconstruction and answerSynthesis=false use the direct head: output gradients train the whole input state; enable answerSynthesis for the concluded-idea state boundary
    warnings.warn(f"{site} [config {cfg}]: {detail}", RuntimeWarning)

test/test_explicit_dimensions.py::TestXorGrammarLearnsXor::test_xor_class_accuracy
  /Users/arogers/github/WikiOracle/basicmodel/.venv/lib/python3.12/site-packages/torch/utils/_device.py:122: UserWarning: Sparse invariant checks are implicitly disabled. Memory errors (e.g. SEGFAULT) will occur when operating on a sparse tensor which violates the invariants, but checks incur performance overhead. To silence this warning, explicitly opt in or out. See `torch.sparse.check_sparse_tensor_invariants.__doc__` for guidance.  (Triggered internally at /Users/runner/work/pytorch/pytorch/aten/src/ATen/Context.cpp:855.)
    return func(*args, **kwargs)

test/test_explicit_dimensions.py::TestXorGrammarLearnsXor::test_xor_class_accuracy
  /Users/arogers/github/WikiOracle/basicmodel/.venv/lib/python3.12/site-packages/torch/utils/_device.py:122: UserWarning: Converting a tensor with requires_grad=True to a scalar may lead to unexpected behavior.
  Consider using tensor.detach() first. (Triggered internally at /Users/runner/work/pytorch/pytorch/torch/csrc/autograd/generated/python_variable_methods.cpp:821.)
    return func(*args, **kwargs)

-- Docs: https://docs.pytest.org/en/stable/how-to/capture-warnings.html
=========================== short test summary info ============================
FAILED test/test_explicit_dimensions.py::TestXorGrammarLearnsXor::test_xor_class_accuracy
FAILED test/test_explicit_dimensions.py::TestXorGrammarReconstruction::test_piecewise_overall_at_least_50_pct
2 failed, 4 warnings in 202.07s (0:03:22)
