word_texts [['hi', 'no'], ['hi', 'go'], ['we', 'no'], ['we', 'go']]
tokens [['hi no'], ['hi go'], ['we no'], ['we go']]
part_spans tensor([[[0, 1],
         [1, 2],
         [2, 3],
         [3, 4],
         [4, 5],
         [0, 0],
         [0, 0],
         [0, 0]],

        [[0, 1],
         [1, 2],
         [2, 3],
         [3, 4],
         [4, 5],
         [0, 0],
         [0, 0],
         [0, 0]],

        [[0, 1],
         [1, 2],
         [2, 3],
         [3, 4],
         [4, 5],
         [0, 0],
         [0, 0],
         [0, 0]],

        [[0, 1],
         [1, 2],
         [2, 3],
         [3, 4],
         [4, 5],
         [0, 0],
         [0, 0],
         [0, 0]]])
native_part_spans tensor([[[0, 1],
         [1, 2],
         [2, 3],
         [3, 4],
         [4, 5]],

        [[0, 1],
         [1, 2],
         [2, 3],
         [3, 4],
         [4, 5]],

        [[0, 1],
         [1, 2],
         [2, 3],
         [3, 4],
         [4, 5]],

        [[0, 1],
         [1, 2],
         [2, 3],
         [3, 4],
         [4, 5]]])
native_indices tensor([[1, 2, 3, 4, 5],
        [1, 2, 3, 6, 5],
        [7, 8, 3, 4, 5],
        [7, 8, 3, 6, 5]])
_attention_forms ([['hi', 'no', '', '', '', '', '', ''], ['hi', 'go', '', '', '', '', '', ''], ['we', 'no', '', '', '', '', '', ''], ['we', 'go', '', '', '', '', '', '']], tensor([[ 0,  1, -1, -1, -1, -1, -1, -1],
        [ 0,  2, -1, -1, -1, -1, -1, -1],
        [ 3,  1, -1, -1, -1, -1, -1, -1],
        [ 3,  2, -1, -1, -1, -1, -1, -1]]), tensor([[[ 1.2928e-02,  1.3461e-02,  0.0000e+00,  1.3191e-02,  2.6712e-02,
           0.0000e+00,  9.8017e-02,  9.9518e-01, -8.7423e-08, -1.0000e+00,
           0.0000e+00,  1.0000e+00,  0.0000e+00,  1.0000e+00],
         [ 1.8545e-02,  3.3549e-02,  4.2586e-03,  0.0000e+00,  0.0000e+00,
           5.2097e-04,  9.8017e-02,  9.9518e-01, -8.7423e-08, -1.0000e+00,
           0.0000e+00,  1.0000e+00,  0.0000e+00,  1.0000e+00],
         [ 0.0000e+00,  3.5876e-03,  1.7621e-02,  3.2287e-02,  0.0000e+00,
           1.2446e-02,  9.9544e-02,  9.9503e-01, -4.9068e-02, -9.9880e-01,
           0.0000e+00,  1.0000e+00,  0.0000e+00,  1.0000e+00],
         [ 0.0000e+00,  2.1354e-02,  1.1870e-02,  1.4660e-02,  0.0000e+00,
           6.1820e-03,  1.0031e-01,  9.9496e-01, -7.3565e-02, -9.9729e-01,
           0.0000e+00,  1.0000e+00,  0.0000e+00,  1.0000e+00],
         [ 3.0983e-03,  0.0000e+00,  0.0000e+00,  0.0000e+00,  0.0000e+00,
           0.0000e+00,  1.0031e-01,  9.9496e-01, -7.3565e-02, -9.9729e-01,
           0.0000e+00,  1.0000e+00,  0.0000e+00,  1.0000e+00],
         [ 2.7014e-02,  1.0186e-02,  0.0000e+00,  0.0000e+00,  0.0000e+00,
           1.3345e-02,  0.0000e+00,  0.0000e+00,  0.0000e+00,  0.0000e+00,
           0.0000e+00,  1.0000e+00,  0.0000e+00,  1.0000e+00],
         [ 2.7014e-02,  1.0186e-02,  0.0000e+00,  0.0000e+00,  0.0000e+00,
           1.3345e-02,  0.0000e+00,  0.0000e+00,  0.0000e+00,  0.0000e+00,
           0.0000e+00,  1.0000e+00,  0.0000e+00,  1.0000e+00],
         [ 2.7014e-02,  1.0186e-02,  0.0000e+00,  0.0000e+00,  0.0000e+00,
           1.3345e-02,  0.0000e+00,  0.0000e+00,  0.0000e+00,  0.0000e+00,
           0.0000e+00,  1.0000e+00,  0.0000e+00,  1.0000e+00]],

        [[ 1.2928e-02,  1.3461e-02,  0.0000e+00,  1.3191e-02,  2.6712e-02,
           0.0000e+00,  9.8017e-02,  9.9518e-01, -8.7423e-08, -1.0000e+00,
           0.0000e+00,  1.0000e+00,  0.0000e+00,  1.0000e+00],
         [ 1.8545e-02,  3.3549e-02,  4.2586e-03,  0.0000e+00,  0.0000e+00,
           5.2097e-04,  9.8017e-02,  9.9518e-01, -8.7423e-08, -1.0000e+00,
           0.0000e+00,  1.0000e+00,  0.0000e+00,  1.0000e+00],
         [ 0.0000e+00,  3.5876e-03,  1.7621e-02,  3.2287e-02,  0.0000e+00,
           1.2446e-02,  9.9544e-02,  9.9503e-01, -4.9068e-02, -9.9880e-01,
           0.0000e+00,  1.0000e+00,  0.0000e+00,  1.0000e+00],
         [ 2.5941e-02,  0.0000e+00,  1.3704e-02,  1.3234e-02,  0.0000e+00,
           0.0000e+00,  1.0031e-01,  9.9496e-01, -7.3565e-02, -9.9729e-01,
           0.0000e+00,  1.0000e+00,  0.0000e+00,  1.0000e+00],
         [ 3.0983e-03,  0.0000e+00,  0.0000e+00,  0.0000e+00,  0.0000e+00,
           0.0000e+00,  1.0031e-01,  9.9496e-01, -7.3565e-02, -9.9729e-01,
           0.0000e+00,  1.0000e+00,  0.0000e+00,  1.0000e+00],
         [ 2.7014e-02,  1.0186e-02,  0.0000e+00,  0.0000e+00,  0.0000e+00,
           1.3345e-02,  0.0000e+00,  0.0000e+00,  0.0000e+00,  0.0000e+00,
           0.0000e+00,  1.0000e+00,  0.0000e+00,  1.0000e+00],
         [ 2.7014e-02,  1.0186e-02,  0.0000e+00,  0.0000e+00,  0.0000e+00,
           1.3345e-02,  0.0000e+00,  0.0000e+00,  0.0000e+00,  0.0000e+00,
           0.0000e+00,  1.0000e+00,  0.0000e+00,  1.0000e+00],
         [ 2.7014e-02,  1.0186e-02,  0.0000e+00,  0.0000e+00,  0.0000e+00,
           1.3345e-02,  0.0000e+00,  0.0000e+00,  0.0000e+00,  0.0000e+00,
           0.0000e+00,  1.0000e+00,  0.0000e+00,  1.0000e+00]],

        [[ 0.0000e+00,  0.0000e+00,  0.0000e+00,  1.0306e-02,  1.4119e-02,
           0.0000e+00,  9.8017e-02,  9.9518e-01, -8.7423e-08, -1.0000e+00,
           0.0000e+00,  1.0000e+00,  0.0000e+00,  1.0000e+00],
         [ 1.5081e-02,  0.0000e+00,  0.0000e+00,  3.3695e-02,  7.5247e-03,
           5.7128e-02,  9.8017e-02,  9.9518e-01, -8.7423e-08, -1.0000e+00,
           0.0000e+00,  1.0000e+00,  0.0000e+00,  1.0000e+00],
         [ 0.0000e+00,  3.5876e-03,  1.7621e-02,  3.2287e-02,  0.0000e+00,
           1.2446e-02,  9.9544e-02,  9.9503e-01, -4.9068e-02, -9.9880e-01,
           0.0000e+00,  1.0000e+00,  0.0000e+00,  1.0000e+00],
         [ 0.0000e+00,  2.1354e-02,  1.1870e-02,  1.4660e-02,  0.0000e+00,
           6.1820e-03,  1.0031e-01,  9.9496e-01, -7.3565e-02, -9.9729e-01,
           0.0000e+00,  1.0000e+00,  0.0000e+00,  1.0000e+00],
         [ 3.0983e-03,  0.0000e+00,  0.0000e+00,  0.0000e+00,  0.0000e+00,
           0.0000e+00,  1.0031e-01,  9.9496e-01, -7.3565e-02, -9.9729e-01,
           0.0000e+00,  1.0000e+00,  0.0000e+00,  1.0000e+00],
         [ 2.7014e-02,  1.0186e-02,  0.0000e+00,  0.0000e+00,  0.0000e+00,
           1.3345e-02,  0.0000e+00,  0.0000e+00,  0.0000e+00,  0.0000e+00,
           0.0000e+00,  1.0000e+00,  0.0000e+00,  1.0000e+00],
         [ 2.7014e-02,  1.0186e-02,  0.0000e+00,  0.0000e+00,  0.0000e+00,
           1.3345e-02,  0.0000e+00,  0.0000e+00,  0.0000e+00,  0.0000e+00,
           0.0000e+00,  1.0000e+00,  0.0000e+00,  1.0000e+00],
         [ 2.7014e-02,  1.0186e-02,  0.0000e+00,  0.0000e+00,  0.0000e+00,
           1.3345e-02,  0.0000e+00,  0.0000e+00,  0.0000e+00,  0.0000e+00,
           0.0000e+00,  1.0000e+00,  0.0000e+00,  1.0000e+00]],

        [[ 0.0000e+00,  0.0000e+00,  0.0000e+00,  1.0306e-02,  1.4119e-02,
           0.0000e+00,  9.8017e-02,  9.9518e-01, -8.7423e-08, -1.0000e+00,
           0.0000e+00,  1.0000e+00,  0.0000e+00,  1.0000e+00],
         [ 1.5081e-02,  0.0000e+00,  0.0000e+00,  3.3695e-02,  7.5247e-03,
           5.7128e-02,  9.8017e-02,  9.9518e-01, -8.7423e-08, -1.0000e+00,
           0.0000e+00,  1.0000e+00,  0.0000e+00,  1.0000e+00],
         [ 0.0000e+00,  3.5876e-03,  1.7621e-02,  3.2287e-02,  0.0000e+00,
           1.2446e-02,  9.9544e-02,  9.9503e-01, -4.9068e-02, -9.9880e-01,
           0.0000e+00,  1.0000e+00,  0.0000e+00,  1.0000e+00],
         [ 2.5941e-02,  0.0000e+00,  1.3704e-02,  1.3234e-02,  0.0000e+00,
           0.0000e+00,  1.0031e-01,  9.9496e-01, -7.3565e-02, -9.9729e-01,
           0.0000e+00,  1.0000e+00,  0.0000e+00,  1.0000e+00],
         [ 3.0983e-03,  0.0000e+00,  0.0000e+00,  0.0000e+00,  0.0000e+00,
           0.0000e+00,  1.0031e-01,  9.9496e-01, -7.3565e-02, -9.9729e-01,
           0.0000e+00,  1.0000e+00,  0.0000e+00,  1.0000e+00],
         [ 2.7014e-02,  1.0186e-02,  0.0000e+00,  0.0000e+00,  0.0000e+00,
           1.3345e-02,  0.0000e+00,  0.0000e+00,  0.0000e+00,  0.0000e+00,
           0.0000e+00,  1.0000e+00,  0.0000e+00,  1.0000e+00],
         [ 2.7014e-02,  1.0186e-02,  0.0000e+00,  0.0000e+00,  0.0000e+00,
           1.3345e-02,  0.0000e+00,  0.0000e+00,  0.0000e+00,  0.0000e+00,
           0.0000e+00,  1.0000e+00,  0.0000e+00,  1.0000e+00],
         [ 2.7014e-02,  1.0186e-02,  0.0000e+00,  0.0000e+00,  0.0000e+00,
           1.3345e-02,  0.0000e+00,  0.0000e+00,  0.0000e+00,  0.0000e+00,
           0.0000e+00,  1.0000e+00,  0.0000e+00,  1.0000e+00]]]), tensor([[ True,  True, False, False, False, False, False, False],
        [ True,  True, False, False, False, False, False, False],
        [ True,  True, False, False, False, False, False, False],
        [ True,  True, False, False, False, False, False, False]]))
_attention_spans tensor([[[0, 2],
         [2, 4],
         [0, 0],
         [0, 0],
         [0, 0],
         [0, 0],
         [0, 0],
         [0, 0]],

        [[0, 2],
         [2, 4],
         [0, 0],
         [0, 0],
         [0, 0],
         [0, 0],
         [0, 0],
         [0, 0]],

        [[0, 2],
         [2, 4],
         [0, 0],
         [0, 0],
         [0, 0],
         [0, 0],
         [0, 0],
         [0, 0]],

        [[0, 2],
         [2, 4],
         [0, 0],
         [0, 0],
         [0, 0],
         [0, 0],
         [0, 0],
         [0, 0]]])
_attention_words NarrowedWords(table=BracketTable(intervals=tensor([[[0, 2],
         [2, 4],
         [0, 0],
         [0, 0],
         [0, 0],
         [0, 0],
         [0, 0],
         [0, 0],
         [0, 0],
         [0, 0],
         [0, 0],
         [0, 0],
         [0, 0],
         [0, 0],
         [0, 0],
         [0, 0],
         [0, 0],
         [0, 0],
         [0, 0],
         [0, 0],
         [0, 0],
         [0, 0],
         [0, 0],
         [0, 0],
         [0, 0],
         [0, 0],
         [0, 0],
         [0, 0],
         [0, 0],
         [0, 0],
         [0, 0],
         [0, 0]],

        [[0, 2],
         [2, 4],
         [0, 0],
         [0, 0],
         [0, 0],
         [0, 0],
         [0, 0],
         [0, 0],
         [0, 0],
         [0, 0],
         [0, 0],
         [0, 0],
         [0, 0],
         [0, 0],
         [0, 0],
         [0, 0],
         [0, 0],
         [0, 0],
         [0, 0],
         [0, 0],
         [0, 0],
         [0, 0],
         [0, 0],
         [0, 0],
         [0, 0],
         [0, 0],
         [0, 0],
         [0, 0],
         [0, 0],
         [0, 0],
         [0, 0],
         [0, 0]],

        [[0, 2],
         [2, 4],
         [0, 0],
         [0, 0],
         [0, 0],
         [0, 0],
         [0, 0],
         [0, 0],
         [0, 0],
         [0, 0],
         [0, 0],
         [0, 0],
         [0, 0],
         [0, 0],
         [0, 0],
         [0, 0],
         [0, 0],
         [0, 0],
         [0, 0],
         [0, 0],
         [0, 0],
         [0, 0],
         [0, 0],
         [0, 0],
         [0, 0],
         [0, 0],
         [0, 0],
         [0, 0],
         [0, 0],
         [0, 0],
         [0, 0],
         [0, 0]],

        [[0, 2],
         [2, 4],
         [0, 0],
         [0, 0],
         [0, 0],
         [0, 0],
         [0, 0],
         [0, 0],
         [0, 0],
         [0, 0],
         [0, 0],
         [0, 0],
         [0, 0],
         [0, 0],
         [0, 0],
         [0, 0],
         [0, 0],
         [0, 0],
         [0, 0],
         [0, 0],
         [0, 0],
         [0, 0],
         [0, 0],
         [0, 0],
         [0, 0],
         [0, 0],
         [0, 0],
         [0, 0],
         [0, 0],
         [0, 0],
         [0, 0],
         [0, 0]]]), valid=tensor([[ True,  True, False, False, False, False, False, False, False, False,
         False, False, False, False, False, False, False, False, False, False,
         False, False, False, False, False, False, False, False, False, False,
         False, False],
        [ True,  True, False, False, False, False, False, False, False, False,
         False, False, False, False, False, False, False, False, False, False,
         False, False, False, False, False, False, False, False, False, False,
         False, False],
        [ True,  True, False, False, False, False, False, False, False, False,
         False, False, False, False, False, False, False, False, False, False,
         False, False, False, False, False, False, False, False, False, False,
         False, False],
        [ True,  True, False, False, False, False, False, False, False, False,
         False, False, False, False, False, False, False, False, False, False,
         False, False, False, False, False, False, False, False, False, False,
         False, False]]), space=tensor([[0, 0, 0, 0, 0, 0, 0, 0, 0, 0, 0, 0, 0, 0, 0, 0, 0, 0, 0, 0, 0, 0, 0, 0,
         0, 0, 0, 0, 0, 0, 0, 0],
        [0, 0, 0, 0, 0, 0, 0, 0, 0, 0, 0, 0, 0, 0, 0, 0, 0, 0, 0, 0, 0, 0, 0, 0,
         0, 0, 0, 0, 0, 0, 0, 0],
        [0, 0, 0, 0, 0, 0, 0, 0, 0, 0, 0, 0, 0, 0, 0, 0, 0, 0, 0, 0, 0, 0, 0, 0,
         0, 0, 0, 0, 0, 0, 0, 0],
        [0, 0, 0, 0, 0, 0, 0, 0, 0, 0, 0, 0, 0, 0, 0, 0, 0, 0, 0, 0, 0, 0, 0, 0,
         0, 0, 0, 0, 0, 0, 0, 0]]), level=tensor([[1, 1, 2, 2, 2, 2, 2, 2, 2, 2, 2, 2, 2, 2, 2, 2, 2, 2, 2, 2, 2, 2, 2, 2,
         2, 2, 2, 2, 2, 2, 2, 2],
        [1, 1, 2, 2, 2, 2, 2, 2, 2, 2, 2, 2, 2, 2, 2, 2, 2, 2, 2, 2, 2, 2, 2, 2,
         2, 2, 2, 2, 2, 2, 2, 2],
        [1, 1, 2, 2, 2, 2, 2, 2, 2, 2, 2, 2, 2, 2, 2, 2, 2, 2, 2, 2, 2, 2, 2, 2,
         2, 2, 2, 2, 2, 2, 2, 2],
        [1, 1, 2, 2, 2, 2, 2, 2, 2, 2, 2, 2, 2, 2, 2, 2, 2, 2, 2, 2, 2, 2, 2, 2,
         2, 2, 2, 2, 2, 2, 2, 2]]), done=tensor([[ True,  True, False, False, False, False, False, False, False, False,
         False, False, False, False, False, False, False, False, False, False,
         False, False, False, False, False, False, False, False, False, False,
         False, False],
        [ True,  True, False, False, False, False, False, False, False, False,
         False, False, False, False, False, False, False, False, False, False,
         False, False, False, False, False, False, False, False, False, False,
         False, False],
        [ True,  True, False, False, False, False, False, False, False, False,
         False, False, False, False, False, False, False, False, False, False,
         False, False, False, False, False, False, False, False, False, False,
         False, False],
        [ True,  True, False, False, False, False, False, False, False, False,
         False, False, False, False, False, False, False, False, False, False,
         False, False, False, False, False, False, False, False, False, False,
         False, False]]), spent=tensor([5, 5, 5, 5])), values=tensor([[[ 1.2928e-02,  1.3461e-02,  0.0000e+00,  1.3191e-02,  2.6712e-02,
           0.0000e+00,  9.8017e-02,  9.9518e-01, -8.7423e-08, -1.0000e+00,
           0.0000e+00,  1.0000e+00,  0.0000e+00,  1.0000e+00],
         [ 1.8545e-02,  3.3549e-02,  4.2586e-03,  0.0000e+00,  0.0000e+00,
           5.2097e-04,  9.8017e-02,  9.9518e-01, -8.7423e-08, -1.0000e+00,
           0.0000e+00,  1.0000e+00,  0.0000e+00,  1.0000e+00],
         [ 0.0000e+00,  0.0000e+00,  0.0000e+00,  0.0000e+00,  0.0000e+00,
           0.0000e+00,  0.0000e+00,  0.0000e+00,  0.0000e+00,  0.0000e+00,
           0.0000e+00,  0.0000e+00,  0.0000e+00,  0.0000e+00],
         [ 0.0000e+00,  0.0000e+00,  0.0000e+00,  0.0000e+00,  0.0000e+00,
           0.0000e+00,  0.0000e+00,  0.0000e+00,  0.0000e+00,  0.0000e+00,
           0.0000e+00,  0.0000e+00,  0.0000e+00,  0.0000e+00],
         [ 0.0000e+00,  0.0000e+00,  0.0000e+00,  0.0000e+00,  0.0000e+00,
           0.0000e+00,  0.0000e+00,  0.0000e+00,  0.0000e+00,  0.0000e+00,
           0.0000e+00,  0.0000e+00,  0.0000e+00,  0.0000e+00],
         [ 0.0000e+00,  0.0000e+00,  0.0000e+00,  0.0000e+00,  0.0000e+00,
           0.0000e+00,  0.0000e+00,  0.0000e+00,  0.0000e+00,  0.0000e+00,
           0.0000e+00,  0.0000e+00,  0.0000e+00,  0.0000e+00],
         [ 0.0000e+00,  0.0000e+00,  0.0000e+00,  0.0000e+00,  0.0000e+00,
           0.0000e+00,  0.0000e+00,  0.0000e+00,  0.0000e+00,  0.0000e+00,
           0.0000e+00,  0.0000e+00,  0.0000e+00,  0.0000e+00],
         [ 0.0000e+00,  0.0000e+00,  0.0000e+00,  0.0000e+00,  0.0000e+00,
           0.0000e+00,  0.0000e+00,  0.0000e+00,  0.0000e+00,  0.0000e+00,
           0.0000e+00,  0.0000e+00,  0.0000e+00,  0.0000e+00]],

        [[ 1.2928e-02,  1.3461e-02,  0.0000e+00,  1.3191e-02,  2.6712e-02,
           0.0000e+00,  9.8017e-02,  9.9518e-01, -8.7423e-08, -1.0000e+00,
           0.0000e+00,  1.0000e+00,  0.0000e+00,  1.0000e+00],
         [ 1.8545e-02,  3.3549e-02,  4.2586e-03,  0.0000e+00,  0.0000e+00,
           5.2097e-04,  9.8017e-02,  9.9518e-01, -8.7423e-08, -1.0000e+00,
           0.0000e+00,  1.0000e+00,  0.0000e+00,  1.0000e+00],
         [ 0.0000e+00,  0.0000e+00,  0.0000e+00,  0.0000e+00,  0.0000e+00,
           0.0000e+00,  0.0000e+00,  0.0000e+00,  0.0000e+00,  0.0000e+00,
           0.0000e+00,  0.0000e+00,  0.0000e+00,  0.0000e+00],
         [ 0.0000e+00,  0.0000e+00,  0.0000e+00,  0.0000e+00,  0.0000e+00,
           0.0000e+00,  0.0000e+00,  0.0000e+00,  0.0000e+00,  0.0000e+00,
           0.0000e+00,  0.0000e+00,  0.0000e+00,  0.0000e+00],
         [ 0.0000e+00,  0.0000e+00,  0.0000e+00,  0.0000e+00,  0.0000e+00,
           0.0000e+00,  0.0000e+00,  0.0000e+00,  0.0000e+00,  0.0000e+00,
           0.0000e+00,  0.0000e+00,  0.0000e+00,  0.0000e+00],
         [ 0.0000e+00,  0.0000e+00,  0.0000e+00,  0.0000e+00,  0.0000e+00,
           0.0000e+00,  0.0000e+00,  0.0000e+00,  0.0000e+00,  0.0000e+00,
           0.0000e+00,  0.0000e+00,  0.0000e+00,  0.0000e+00],
         [ 0.0000e+00,  0.0000e+00,  0.0000e+00,  0.0000e+00,  0.0000e+00,
           0.0000e+00,  0.0000e+00,  0.0000e+00,  0.0000e+00,  0.0000e+00,
           0.0000e+00,  0.0000e+00,  0.0000e+00,  0.0000e+00],
         [ 0.0000e+00,  0.0000e+00,  0.0000e+00,  0.0000e+00,  0.0000e+00,
           0.0000e+00,  0.0000e+00,  0.0000e+00,  0.0000e+00,  0.0000e+00,
           0.0000e+00,  0.0000e+00,  0.0000e+00,  0.0000e+00]],

        [[ 0.0000e+00,  0.0000e+00,  0.0000e+00,  1.0306e-02,  1.4119e-02,
           0.0000e+00,  9.8017e-02,  9.9518e-01, -8.7423e-08, -1.0000e+00,
           0.0000e+00,  1.0000e+00,  0.0000e+00,  1.0000e+00],
         [ 1.5081e-02,  0.0000e+00,  0.0000e+00,  3.3695e-02,  7.5247e-03,
           5.7128e-02,  9.8017e-02,  9.9518e-01, -8.7423e-08, -1.0000e+00,
           0.0000e+00,  1.0000e+00,  0.0000e+00,  1.0000e+00],
         [ 0.0000e+00,  0.0000e+00,  0.0000e+00,  0.0000e+00,  0.0000e+00,
           0.0000e+00,  0.0000e+00,  0.0000e+00,  0.0000e+00,  0.0000e+00,
           0.0000e+00,  0.0000e+00,  0.0000e+00,  0.0000e+00],
         [ 0.0000e+00,  0.0000e+00,  0.0000e+00,  0.0000e+00,  0.0000e+00,
           0.0000e+00,  0.0000e+00,  0.0000e+00,  0.0000e+00,  0.0000e+00,
           0.0000e+00,  0.0000e+00,  0.0000e+00,  0.0000e+00],
         [ 0.0000e+00,  0.0000e+00,  0.0000e+00,  0.0000e+00,  0.0000e+00,
           0.0000e+00,  0.0000e+00,  0.0000e+00,  0.0000e+00,  0.0000e+00,
           0.0000e+00,  0.0000e+00,  0.0000e+00,  0.0000e+00],
         [ 0.0000e+00,  0.0000e+00,  0.0000e+00,  0.0000e+00,  0.0000e+00,
           0.0000e+00,  0.0000e+00,  0.0000e+00,  0.0000e+00,  0.0000e+00,
           0.0000e+00,  0.0000e+00,  0.0000e+00,  0.0000e+00],
         [ 0.0000e+00,  0.0000e+00,  0.0000e+00,  0.0000e+00,  0.0000e+00,
           0.0000e+00,  0.0000e+00,  0.0000e+00,  0.0000e+00,  0.0000e+00,
           0.0000e+00,  0.0000e+00,  0.0000e+00,  0.0000e+00],
         [ 0.0000e+00,  0.0000e+00,  0.0000e+00,  0.0000e+00,  0.0000e+00,
           0.0000e+00,  0.0000e+00,  0.0000e+00,  0.0000e+00,  0.0000e+00,
           0.0000e+00,  0.0000e+00,  0.0000e+00,  0.0000e+00]],

        [[ 0.0000e+00,  0.0000e+00,  0.0000e+00,  1.0306e-02,  1.4119e-02,
           0.0000e+00,  9.8017e-02,  9.9518e-01, -8.7423e-08, -1.0000e+00,
           0.0000e+00,  1.0000e+00,  0.0000e+00,  1.0000e+00],
         [ 1.5081e-02,  0.0000e+00,  0.0000e+00,  3.3695e-02,  7.5247e-03,
           5.7128e-02,  9.8017e-02,  9.9518e-01, -8.7423e-08, -1.0000e+00,
           0.0000e+00,  1.0000e+00,  0.0000e+00,  1.0000e+00],
         [ 0.0000e+00,  0.0000e+00,  0.0000e+00,  0.0000e+00,  0.0000e+00,
           0.0000e+00,  0.0000e+00,  0.0000e+00,  0.0000e+00,  0.0000e+00,
           0.0000e+00,  0.0000e+00,  0.0000e+00,  0.0000e+00],
         [ 0.0000e+00,  0.0000e+00,  0.0000e+00,  0.0000e+00,  0.0000e+00,
           0.0000e+00,  0.0000e+00,  0.0000e+00,  0.0000e+00,  0.0000e+00,
           0.0000e+00,  0.0000e+00,  0.0000e+00,  0.0000e+00],
         [ 0.0000e+00,  0.0000e+00,  0.0000e+00,  0.0000e+00,  0.0000e+00,
           0.0000e+00,  0.0000e+00,  0.0000e+00,  0.0000e+00,  0.0000e+00,
           0.0000e+00,  0.0000e+00,  0.0000e+00,  0.0000e+00],
         [ 0.0000e+00,  0.0000e+00,  0.0000e+00,  0.0000e+00,  0.0000e+00,
           0.0000e+00,  0.0000e+00,  0.0000e+00,  0.0000e+00,  0.0000e+00,
           0.0000e+00,  0.0000e+00,  0.0000e+00,  0.0000e+00],
         [ 0.0000e+00,  0.0000e+00,  0.0000e+00,  0.0000e+00,  0.0000e+00,
           0.0000e+00,  0.0000e+00,  0.0000e+00,  0.0000e+00,  0.0000e+00,
           0.0000e+00,  0.0000e+00,  0.0000e+00,  0.0000e+00],
         [ 0.0000e+00,  0.0000e+00,  0.0000e+00,  0.0000e+00,  0.0000e+00,
           0.0000e+00,  0.0000e+00,  0.0000e+00,  0.0000e+00,  0.0000e+00,
           0.0000e+00,  0.0000e+00,  0.0000e+00,  0.0000e+00]]]), accepted=tensor([[ True,  True, False, False, False, False, False, False],
        [ True,  True, False, False, False, False, False, False],
        [ True,  True, False, False, False, False, False, False],
        [ True,  True, False, False, False, False, False, False]]), descended=tensor([[ True,  True, False, False, False, False, False, False],
        [ True,  True, False, False, False, False, False, False],
        [ True,  True, False, False, False, False, False, False],
        [ True,  True, False, False, False, False, False, False]]), actions=tensor([[ 1,  1,  2,  7,  8, -1, -1, -1, -1, -1, -1, -1, -1, -1, -1, -1, -1, -1,
         -1, -1, -1, -1, -1, -1, -1, -1, -1, -1, -1, -1, -1, -1],
        [ 1,  1,  2,  7,  8, -1, -1, -1, -1, -1, -1, -1, -1, -1, -1, -1, -1, -1,
         -1, -1, -1, -1, -1, -1, -1, -1, -1, -1, -1, -1, -1, -1],
        [ 1,  7,  8,  1,  2, -1, -1, -1, -1, -1, -1, -1, -1, -1, -1, -1, -1, -1,
         -1, -1, -1, -1, -1, -1, -1, -1, -1, -1, -1, -1, -1, -1],
        [ 1,  7,  8,  1,  2, -1, -1, -1, -1, -1, -1, -1, -1, -1, -1, -1, -1, -1,
         -1, -1, -1, -1, -1, -1, -1, -1, -1, -1, -1, -1, -1, -1]]), alternatives=tensor([[ True,  True,  True, False, False, False, False, False, False, False,
         False, False, False, False, False, False, False, False, False, False,
         False, False, False, False, False, False, False, False, False, False,
         False, False],
        [ True,  True,  True, False, False, False, False, False, False, False,
         False, False, False, False, False, False, False, False, False, False,
         False, False, False, False, False, False, False, False, False, False,
         False, False],
        [ True,  True,  True, False, False, False, False, False, False, False,
         False, False, False, False, False, False, False, False, False, False,
         False, False, False, False, False, False, False, False, False, False,
         False, False],
        [ True,  True,  True, False, False, False, False, False, False, False,
         False, False, False, False, False, False, False, False, False, False,
         False, False, False, False, False, False, False, False, False, False,
         False, False]]))
_reading_word_extents tensor([[[0, 2]],

        [[0, 2]],

        [[0, 2]],

        [[0, 2]]])
offsets None
raw tensor([[[104, 105,  32,  ...,   0,   0,   0]],

        [[104, 105,  32,  ...,   0,   0,   0]],

        [[119, 101,  32,  ...,   0,   0,   0]],

        [[119, 101,  32,  ...,   0,   0,   0]]])
F
=================================== FAILURES ===================================
________________________ test_native_admission_snapshot ________________________

    def test_native_admission_snapshot():
        from test_mm_xor import _fresh_model, _PROJECT
        from pathlib import Path
        m=_fresh_model(str(Path(_PROJECT)/'data/MM_xor.xml'))[0]
        with torch.no_grad():m(m.inputSpace.prepInput(['hi no','hi go','we no','we go']))
        fi=m.perceptualSpace._forward_input
        for n in ('word_texts','tokens','part_spans','native_part_spans','native_indices'):
            print(n,fi.get(n))
        for n in ('_attention_forms','_attention_spans','_attention_words','_reading_word_extents'):
            print(n,getattr(m,n,None))
        print('offsets',getattr(m.inputSpace,'_ar_word_part_offsets',None))
        print('raw',m._staged_concepts_in)
>       print('defs',m._concept_owner().definitions._by_form)
                     ^^^^^^^^^^^^^^^^^^^^^^^^^^^^^^^^^^^^^^^
E       AttributeError: 'DefinitionIndex' object has no attribute '_by_form'

doc/benchmarks/2026-10-03-operators-attention/inspect_admission.py:15: AttributeError
=============================== warnings summary ===============================
doc/benchmarks/2026-10-03-operators-attention/inspect_admission.py::test_native_admission_snapshot
  /Users/arogers/github/WikiOracle/basicmodel/test/test_mm_xor.py:171: PytestUnknownMarkWarning: Unknown pytest.mark.slow - is this a typo?  You can register custom marks to avoid this warning - for details, see https://docs.pytest.org/en/stable/how-to/mark.html
    @pytest.mark.slow

doc/benchmarks/2026-10-03-operators-attention/inspect_admission.py::test_native_admission_snapshot
  /Users/arogers/github/WikiOracle/basicmodel/test/test_mm_xor.py:176: PytestUnknownMarkWarning: Unknown pytest.mark.slow - is this a typo?  You can register custom marks to avoid this warning - for details, see https://docs.pytest.org/en/stable/how-to/mark.html
    @pytest.mark.slow

doc/benchmarks/2026-10-03-operators-attention/inspect_admission.py::test_native_admission_snapshot
  /Users/arogers/github/WikiOracle/basicmodel/test/test_mm_xor.py:182: PytestUnknownMarkWarning: Unknown pytest.mark.slow - is this a typo?  You can register custom marks to avoid this warning - for details, see https://docs.pytest.org/en/stable/how-to/mark.html
    @pytest.mark.slow

doc/benchmarks/2026-10-03-operators-attention/inspect_admission.py::test_native_admission_snapshot
  /Users/arogers/github/WikiOracle/basicmodel/.venv/lib/python3.12/site-packages/torch/utils/_device.py:122: UserWarning: Sparse invariant checks are implicitly disabled. Memory errors (e.g. SEGFAULT) will occur when operating on a sparse tensor which violates the invariants, but checks incur performance overhead. To silence this warning, explicitly opt in or out. See `torch.sparse.check_sparse_tensor_invariants.__doc__` for guidance.  (Triggered internally at /Users/runner/work/pytorch/pytorch/aten/src/ATen/Context.cpp:855.)
    return func(*args, **kwargs)

-- Docs: https://docs.pytest.org/en/stable/how-to/capture-warnings.html
=========================== short test summary info ============================
FAILED doc/benchmarks/2026-10-03-operators-attention/inspect_admission.py::test_native_admission_snapshot
1 failed, 4 warnings in 2.02s
