FFFFF                                                                    [100%]
=================================== FAILURES ===================================
________ test_word_and_grammatical_cuts_equal_the_meronomy_cut[abc123] _________
test/test_meronomy_ladder.py:46: in test_word_and_grammatical_cuts_equal_the_meronomy_cut
    canonical = WholeSpace.stage_analysis_spans(
bin/Spaces.py:23153: in stage_analysis_spans
    spans = WholeSpace._stage_type_run_spans(self, IS_concepts)
            ^^^^^^^^^^^^^^^^^^^^^^^^^^^^^^^^^^^^^^^^^^^^^^^^^^^
bin/Spaces.py:23217: in _stage_type_run_spans
    prop_lut, discard_mask = _analysis_property_signature(self)
                             ^^^^^^^^^^^^^^^^^^^^^^^^^^^^^^^^^^
bin/Spaces.py:21971: in _analysis_property_signature
    raise RuntimeError('property analysis requires learned primitive definitions')
E   RuntimeError: property analysis requires learned primitive definitions
_______ test_word_and_grammatical_cuts_equal_the_meronomy_cut[hi, there] _______
test/test_meronomy_ladder.py:46: in test_word_and_grammatical_cuts_equal_the_meronomy_cut
    canonical = WholeSpace.stage_analysis_spans(
bin/Spaces.py:23153: in stage_analysis_spans
    spans = WholeSpace._stage_type_run_spans(self, IS_concepts)
            ^^^^^^^^^^^^^^^^^^^^^^^^^^^^^^^^^^^^^^^^^^^^^^^^^^^
bin/Spaces.py:23217: in _stage_type_run_spans
    prop_lut, discard_mask = _analysis_property_signature(self)
                             ^^^^^^^^^^^^^^^^^^^^^^^^^^^^^^^^^^
bin/Spaces.py:21971: in _analysis_property_signature
    raise RuntimeError('property analysis requires learned primitive definitions')
E   RuntimeError: property analysis requires learned primitive definitions
_______ test_word_and_grammatical_cuts_equal_the_meronomy_cut[12 plus 1] _______
test/test_meronomy_ladder.py:46: in test_word_and_grammatical_cuts_equal_the_meronomy_cut
    canonical = WholeSpace.stage_analysis_spans(
bin/Spaces.py:23153: in stage_analysis_spans
    spans = WholeSpace._stage_type_run_spans(self, IS_concepts)
            ^^^^^^^^^^^^^^^^^^^^^^^^^^^^^^^^^^^^^^^^^^^^^^^^^^^
bin/Spaces.py:23217: in _stage_type_run_spans
    prop_lut, discard_mask = _analysis_property_signature(self)
                             ^^^^^^^^^^^^^^^^^^^^^^^^^^^^^^^^^^
bin/Spaces.py:21971: in _analysis_property_signature
    raise RuntimeError('property analysis requires learned primitive definitions')
E   RuntimeError: property analysis requires learned primitive definitions
_________ test_word_and_grammatical_cuts_equal_the_meronomy_cut[a...b] _________
test/test_meronomy_ladder.py:46: in test_word_and_grammatical_cuts_equal_the_meronomy_cut
    canonical = WholeSpace.stage_analysis_spans(
bin/Spaces.py:23153: in stage_analysis_spans
    spans = WholeSpace._stage_type_run_spans(self, IS_concepts)
            ^^^^^^^^^^^^^^^^^^^^^^^^^^^^^^^^^^^^^^^^^^^^^^^^^^^
bin/Spaces.py:23217: in _stage_type_run_spans
    prop_lut, discard_mask = _analysis_property_signature(self)
                             ^^^^^^^^^^^^^^^^^^^^^^^^^^^^^^^^^^
bin/Spaces.py:21971: in _analysis_property_signature
    raise RuntimeError('property analysis requires learned primitive definitions')
E   RuntimeError: property analysis requires learned primitive definitions
____________ test_tiling_ladder_nests_units_in_space_bounded_wholes ____________
test/test_meronomy_ladder.py:235: in test_tiling_ladder_nests_units_in_space_bounded_wholes
    WholeSpace.stage_analysis_spans(fake, _bytes("12 plus 1, ok"))
bin/Spaces.py:23153: in stage_analysis_spans
    spans = WholeSpace._stage_type_run_spans(self, IS_concepts)
            ^^^^^^^^^^^^^^^^^^^^^^^^^^^^^^^^^^^^^^^^^^^^^^^^^^^
bin/Spaces.py:23217: in _stage_type_run_spans
    prop_lut, discard_mask = _analysis_property_signature(self)
                             ^^^^^^^^^^^^^^^^^^^^^^^^^^^^^^^^^^
bin/Spaces.py:21971: in _analysis_property_signature
    raise RuntimeError('property analysis requires learned primitive definitions')
E   RuntimeError: property analysis requires learned primitive definitions
=========================== short test summary info ============================
FAILED test/test_meronomy_ladder.py::test_word_and_grammatical_cuts_equal_the_meronomy_cut[abc123]
FAILED test/test_meronomy_ladder.py::test_word_and_grammatical_cuts_equal_the_meronomy_cut[hi, there]
FAILED test/test_meronomy_ladder.py::test_word_and_grammatical_cuts_equal_the_meronomy_cut[12 plus 1]
FAILED test/test_meronomy_ladder.py::test_word_and_grammatical_cuts_equal_the_meronomy_cut[a...b]
FAILED test/test_meronomy_ladder.py::test_tiling_ladder_nests_units_in_space_bounded_wholes
5 failed in 3.87s
