............F........................................................... [ 49%]
..................................s..................................... [ 98%]
..                                                                       [100%]
=================================== FAILURES ===================================
____________ test_review17_measurement_wiring_on_one_ordinary_batch ____________

tmp_path = PosixPath('/private/var/folders/_y/q6ybzrpx39jd0fzf9g671z280000gn/T/pytest-of-arogers/pytest-1970/test_review17_measurement_wiri0')

    def test_review17_measurement_wiring_on_one_ordinary_batch(tmp_path):
        import json, os, sys
        from pathlib import Path
        from bounded_tests import run_guarded, GIB
        root=Path(__file__).resolve().parents[1]
        receipt=root/'doc/benchmarks/2026-10-03-operators-attention'
        env=os.environ.copy()
        env.update(PYTEST_PLUGINS='review17_gate_observer', MODEL_COMPILE='none',
            OWNERSHIP_OBSERVER_OUTPUT=str(tmp_path/'ownership'),
            ITEM7_XOR_MEASUREMENTS=str(tmp_path/'observations.jsonl'), ITEM7_XOR_GATE='5',
            REVIEW17_REPORTS=str(tmp_path/'reports.jsonl'),
            PYTHONPATH=os.pathsep.join(map(str,(receipt,root/'bin',root/'test'))))
        result=run_guarded([sys.executable,'-m','pytest','-q',str(receipt/'review17_observer_probe.py')],
            cwd=root,env=env,log_path=tmp_path/'observer.log',memory_bytes=8*GIB,timeout=1800)
>       assert result['exit_code']==0,(tmp_path/'observer.log').read_text()
E       AssertionError: F                                                                        [100%]
E         =================================== FAILURES ===================================
E         ___________ test_margin_and_ownership_observe_the_same_actual_steps ____________
E         
E             def test_margin_and_ownership_observe_the_same_actual_steps():
E                 from test_mm_xor import _fresh_model
E                 import review17_gate_observer
E                 model, _, data = _fresh_model('data/XOR_grammar.xml')
E                 optimizer = model.getOptimizer(lr=.01)
E                 owners=model.objective_parameter_groups(optimizer)
E                 assert 'compose_preference' not in owners
E                 preference=owners['reconstruction']
E                 assert any(p is model.languageSpace.decomposition_chooser.weight for p in preference)
E                 operation=model.languageSpace._tree_layer(2)
E                 assert all(any(p is anchor for p in preference) for anchor in
E                            (operation.stop_anchor,operation.reduce_anchor,operation.apply_anchor))
E                 raw, target = next(iter(data.data_loader(split='train', num_streams=4)))
E                 batch = model.inputSpace.prepInput(raw), model.outputSpace.prepOutput(target)
E                 from review17_run_audit import observe_run, json_value
E                 with observe_run() as run_audit:
E                     model.runEpoch(optimizer=optimizer,batchSize=4,split='train')
E                     model.runBatch(train=False,optimizer=None,batchSize=4,split='test',batch_override=batch)
E                 decomposition=run_audit['decomposition_chooser']
E                 assert decomposition['start']['weights'] == [1., 0., 0., 0., 0.]
E                 assert decomposition['start']['undos'] > 0
E         >       assert decomposition['start']['true_pair_in_shortlist_rate'] == 1.
E         E       assert 0.0 == 1.0
E         
E         doc/benchmarks/2026-10-03-operators-attention/review17_observer_probe.py:28: AssertionError
E         ----------------------------- Captured stdout call -----------------------------
E         [AMP] off (fp32, MODEL_AMP unset or =off)
E         batch = 0 (warm-up, 100.00%)
E         Training throughput: 1 batches in 0.573s; word units 100.0% of 8 words (letters-only 100.0% of 8).
E         batch = 0 (Δ=0.132s)
E         =============================== warnings summary ===============================
E         doc/benchmarks/2026-10-03-operators-attention/review17_observer_probe.py::test_margin_and_ownership_observe_the_same_actual_steps
E           /Users/arogers/github/WikiOracle/basicmodel/test/test_mm_xor.py:171: PytestUnknownMarkWarning: Unknown pytest.mark.slow - is this a typo?  You can register custom marks to avoid this warning - for details, see https://docs.pytest.org/en/stable/how-to/mark.html
E             @pytest.mark.slow
E         
E         doc/benchmarks/2026-10-03-operators-attention/review17_observer_probe.py::test_margin_and_ownership_observe_the_same_actual_steps
E           /Users/arogers/github/WikiOracle/basicmodel/test/test_mm_xor.py:176: PytestUnknownMarkWarning: Unknown pytest.mark.slow - is this a typo?  You can register custom marks to avoid this warning - for details, see https://docs.pytest.org/en/stable/how-to/mark.html
E             @pytest.mark.slow
E         
E         doc/benchmarks/2026-10-03-operators-attention/review17_observer_probe.py::test_margin_and_ownership_observe_the_same_actual_steps
E           /Users/arogers/github/WikiOracle/basicmodel/test/test_mm_xor.py:182: PytestUnknownMarkWarning: Unknown pytest.mark.slow - is this a typo?  You can register custom marks to avoid this warning - for details, see https://docs.pytest.org/en/stable/how-to/mark.html
E             @pytest.mark.slow
E         
E         doc/benchmarks/2026-10-03-operators-attention/review17_observer_probe.py::test_margin_and_ownership_observe_the_same_actual_steps
E           /Users/arogers/github/WikiOracle/basicmodel/.venv/lib/python3.12/site-packages/torch/utils/_device.py:122: UserWarning: Sparse invariant checks are implicitly disabled. Memory errors (e.g. SEGFAULT) will occur when operating on a sparse tensor which violates the invariants, but checks incur performance overhead. To silence this warning, explicitly opt in or out. See `torch.sparse.check_sparse_tensor_invariants.__doc__` for guidance.  (Triggered internally at /Users/runner/work/pytorch/pytorch/aten/src/ATen/Context.cpp:855.)
E             return func(*args, **kwargs)
E         
E         -- Docs: https://docs.pytest.org/en/stable/how-to/capture-warnings.html
E         =========================== short test summary info ============================
E         FAILED doc/benchmarks/2026-10-03-operators-attention/review17_observer_probe.py::test_margin_and_ownership_observe_the_same_actual_steps
E         1 failed, 4 warnings in 0.95s
E         
E       assert 1 == 0

test/test_review14_contracts.py:157: AssertionError
=============================== warnings summary ===============================
test/test_review14_contracts.py::test_net_evidence_interval_and_detached_native_sources
  /Users/arogers/github/WikiOracle/basicmodel/.venv/lib/python3.12/site-packages/torch/utils/_device.py:122: UserWarning: Sparse invariant checks are implicitly disabled. Memory errors (e.g. SEGFAULT) will occur when operating on a sparse tensor which violates the invariants, but checks incur performance overhead. To silence this warning, explicitly opt in or out. See `torch.sparse.check_sparse_tensor_invariants.__doc__` for guidance.  (Triggered internally at /Users/runner/work/pytorch/pytorch/aten/src/ATen/Context.cpp:855.)
    return func(*args, **kwargs)

test/test_output_walk.py::test_walk_unreduces_an_independently_selected_parent_and_emits_its_constituents
  /Users/arogers/github/WikiOracle/basicmodel/.venv/lib/python3.12/site-packages/torch/utils/_device.py:122: UserWarning: Converting a tensor with requires_grad=True to a scalar may lead to unexpected behavior.
  Consider using tensor.detach() first. (Triggered internally at /Users/runner/work/pytorch/pytorch/torch/csrc/autograd/generated/python_variable_methods.cpp:821.)
    return func(*args, **kwargs)

test/test_output_walk.py::test_runbatch_trains_generate_policy_from_reconstruction[True]
  /Users/arogers/github/WikiOracle/basicmodel/bin/Models.py:7164: RuntimeWarning: what_answer_target_shape [config /var/folders/_y/q6ybzrpx39jd0fzf9g671z280000gn/T/tmpy5ef5y2u/MM_ladder_walk.xml]: Data.what target (2, 1, 16) replaces the loader output (2, 1, 1) (placeholder labels)
    warnings.warn(f"{site} [config {cfg}]: {detail}", RuntimeWarning)

test/test_output_walk.py::test_runbatch_answer_availability_never_reassigns_the_decoder
  /Users/arogers/github/WikiOracle/basicmodel/bin/Models.py:7164: RuntimeWarning: what_answer_target_shape [config /var/folders/_y/q6ybzrpx39jd0fzf9g671z280000gn/T/tmpu6qfa_tx/MM_ladder_walk.xml]: Data.what target (2, 1, 16) replaces the loader output (2, 1, 1) (placeholder labels)
    warnings.warn(f"{site} [config {cfg}]: {detail}", RuntimeWarning)

test/test_output_walk.py::test_runbatch_output_masks_rows_without_reassigning_decoder_credit
  /Users/arogers/github/WikiOracle/basicmodel/bin/Models.py:7164: RuntimeWarning: what_answer_target_shape [config /var/folders/_y/q6ybzrpx39jd0fzf9g671z280000gn/T/tmp3u5x5f6y/MM_ladder_walk.xml]: Data.what target (2, 1, 16) replaces the loader output (2, 1, 1) (placeholder labels)
    warnings.warn(f"{site} [config {cfg}]: {detail}", RuntimeWarning)

test/test_output_walk.py::test_question_conditioner_optimizer_steps_both_widths
  /Users/arogers/github/WikiOracle/basicmodel/bin/Models.py:7164: RuntimeWarning: what_answer_target_shape [config /var/folders/_y/q6ybzrpx39jd0fzf9g671z280000gn/T/tmpsyoua7vh/MM_ladder_walk.xml]: Data.what target (2, 1, 16) replaces the loader output (2, 1, 1) (placeholder labels)
    warnings.warn(f"{site} [config {cfg}]: {detail}", RuntimeWarning)

test/test_generation_catalog.py::test_normal_supervised_output_respects_gradient_contract[False]
  /Users/arogers/github/WikiOracle/basicmodel/bin/Models.py:7164: RuntimeWarning: what_answer_target_shape [config /private/var/folders/_y/q6ybzrpx39jd0fzf9g671z280000gn/T/pytest-of-arogers/pytest-1970/test_normal_supervised_output_0/MM_ladder_native_answer.xml]: Data.what target (2, 1, 16) replaces the loader output (2, 1, 1) (placeholder labels)
    warnings.warn(f"{site} [config {cfg}]: {detail}", RuntimeWarning)

test/test_generation_catalog.py::test_normal_supervised_output_respects_gradient_contract[True]
  /Users/arogers/github/WikiOracle/basicmodel/bin/Models.py:7164: RuntimeWarning: what_answer_target_shape [config /private/var/folders/_y/q6ybzrpx39jd0fzf9g671z280000gn/T/pytest-of-arogers/pytest-1970/test_normal_supervised_output_1/MM_ladder_native_answer.xml]: Data.what target (2, 1, 16) replaces the loader output (2, 1, 1) (placeholder labels)
    warnings.warn(f"{site} [config {cfg}]: {detail}", RuntimeWarning)

-- Docs: https://docs.pytest.org/en/stable/how-to/capture-warnings.html
=========================== short test summary info ============================
FAILED test/test_review14_contracts.py::test_review17_measurement_wiring_on_one_ordinary_batch
1 failed, 144 passed, 1 skipped, 8 warnings in 149.27s (0:02:29)
