FFFF.FFFFF                                                               [100%]
=================================== FAILURES ===================================
________ test_probabilistic_disjunction_combines_certainty_and_identity ________

    def test_probabilistic_disjunction_combines_certainty_and_identity():
        from Language import DisjunctionLayer
        from Layers import Ops
        x = torch.tensor([[.3, .4]], requires_grad=True)
        y = torch.tensor([[0., .6]], requires_grad=True)
        expected = .8 * torch.tensor([[.3, .76]]) / (.3**2 + .76**2)**.5
        op = DisjunctionLayer()
        for value in (op(x, y), op.compose(x, y), Ops.disjunction(x, y)):
>           torch.testing.assert_close(value, expected)
E           AssertionError: Tensor-likes are not close!
E           
E           Mismatched elements: 2 / 2 (100.0%)
E           Greatest absolute difference: 0.244124174118042 at index (0, 1) (up to 1e-05 allowed)
E           Greatest relative difference: 0.48933255672454834 at index (0, 0) (up to 1.3e-06 allowed)

test/test_review12_contracts.py:16: AssertionError
___ test_disjunction_zero_identity_and_zero_direction_have_finite_gradients ____

    def test_disjunction_zero_identity_and_zero_direction_have_finite_gradients():
        from Language import DisjunctionLayer
        op = DisjunctionLayer()
        # Last pair has x+y-x*y == 0 at nonzero magnitudes; unit(0) is 0.
        x = torch.tensor([[.3, -.4], [0., 0.], [2., 0.]], requires_grad=True)
        y = torch.tensor([[0., 0.], [0., 0.], [2., 0.]], requires_grad=True)
        value = op.compose(x, y)
>       torch.testing.assert_close(value, torch.tensor([[.3, -.4], [0., 0.], [0., 0.]]))
E       AssertionError: Tensor-likes are not close!
E       
E       Mismatched elements: 3 / 6 (50.0%)
E       Greatest absolute difference: 2.0 at index (2, 0) (up to 1e-05 allowed)
E       Greatest relative difference: inf at index (2, 0) (up to 1.3e-06 allowed)

test/test_review12_contracts.py:30: AssertionError
_ test_disjunction_free_inverse_recovers_a_pair_without_operand_witnesses[reverse] _

face = 'reverse'

    @pytest.mark.parametrize('face', ['reverse', 'generate'])
    def test_disjunction_free_inverse_recovers_a_pair_without_operand_witnesses(face):
        from Language import DisjunctionLayer
        codes = torch.tensor([[.3, .4], [0., .6], [-.4, -.3]])
        parent = .8 * torch.tensor([[.3, .76]]) / (.3**2 + .76**2)**.5
        op = DisjunctionLayer()
        a, b = getattr(op, face)(parent, basis=codes)
        recovered = {tuple(a[0].tolist()), tuple(b[0].tolist())}
        assert recovered == {tuple(codes[0].tolist()), tuple(codes[1].tolist())}
>       torch.testing.assert_close(op.compose(a, b), parent)
E       AssertionError: Tensor-likes are not close!
E       
E       Mismatched elements: 2 / 2 (100.0%)
E       Greatest absolute difference: 0.244124174118042 at index (0, 1) (up to 1e-05 allowed)
E       Greatest relative difference: 0.48933255672454834 at index (0, 0) (up to 1.3e-06 allowed)

test/test_review12_contracts.py:44: AssertionError
_ test_disjunction_free_inverse_recovers_a_pair_without_operand_witnesses[generate] _

face = 'generate'

    @pytest.mark.parametrize('face', ['reverse', 'generate'])
    def test_disjunction_free_inverse_recovers_a_pair_without_operand_witnesses(face):
        from Language import DisjunctionLayer
        codes = torch.tensor([[.3, .4], [0., .6], [-.4, -.3]])
        parent = .8 * torch.tensor([[.3, .76]]) / (.3**2 + .76**2)**.5
        op = DisjunctionLayer()
        a, b = getattr(op, face)(parent, basis=codes)
        recovered = {tuple(a[0].tolist()), tuple(b[0].tolist())}
        assert recovered == {tuple(codes[0].tolist()), tuple(codes[1].tolist())}
>       torch.testing.assert_close(op.compose(a, b), parent)
E       AssertionError: Tensor-likes are not close!
E       
E       Mismatched elements: 2 / 2 (100.0%)
E       Greatest absolute difference: 0.244124174118042 at index (0, 1) (up to 1e-05 allowed)
E       Greatest relative difference: 0.48933255672454834 at index (0, 0) (up to 1.3e-06 allowed)

test/test_review12_contracts.py:44: AssertionError
_ test_nonlinear_composition_has_affine_xor_rank_while_sum_is_the_control[disjunction] _

name = 'disjunction'

    @pytest.mark.parametrize('name', ['conjunction', 'disjunction'])
    def test_nonlinear_composition_has_affine_xor_rank_while_sum_is_the_control(name):
        from Language import GRAMMAR_LAYER_CLASSES, SumLayer
        left = torch.tensor([[.2, -.3, .4], [.2, -.3, .4], [-.4, .1, .3], [-.4, .1, .3]], dtype=torch.float64)
        right = torch.tensor([[.3, .2, -.1], [-.1, .5, .2], [.3, .2, -.1], [-.1, .5, .2]], dtype=torch.float64)
        def design(op):
            return torch.cat((op.compose(left, right), torch.ones(4, 1, dtype=left.dtype)), dim=-1)
>       assert torch.linalg.matrix_rank(design(GRAMMAR_LAYER_CLASSES[name]())) == 4
E       AssertionError: assert tensor(3) == 4
E        +  where tensor(3) = <built-in function linalg_matrix_rank>(tensor([[ 0.2500, -0.0500,  0.1500,  1.0000],\n        [ 0.0500,  0.1000,  0.3000,  1.0000],\n        [-0.0500,  0.1500,  0.1000,  1.0000],\n        [-0.2500,  0.3000,  0.2500,  1.0000]], dtype=torch.float64))
E        +    where <built-in function linalg_matrix_rank> = <module 'torch.linalg' from '/Users/arogers/github/WikiOracle/basicmodel/.venv/lib/python3.12/site-packages/torch/linalg/__init__.py'>.matrix_rank
E        +      where <module 'torch.linalg' from '/Users/arogers/github/WikiOracle/basicmodel/.venv/lib/python3.12/site-packages/torch/linalg/__init__.py'> = torch.linalg
E        +    and   tensor([[ 0.2500, -0.0500,  0.1500,  1.0000],\n        [ 0.0500,  0.1000,  0.3000,  1.0000],\n        [-0.0500,  0.1500,  0.1000,  1.0000],\n        [-0.2500,  0.3000,  0.2500,  1.0000]], dtype=torch.float64) = <function test_nonlinear_composition_has_affine_xor_rank_while_sum_is_the_control.<locals>.design at 0x129a6ae80>(DisjunctionLayer())
E        +      where DisjunctionLayer() = <class 'Language.DisjunctionLayer'>()

test/test_review12_contracts.py:54: AssertionError
________ test_compose_audit_uses_held_rule_ids_and_names_with_positions ________

    def test_compose_audit_uses_held_rule_ids_and_names_with_positions():
>       from derivation_probe import named_compose_sequence
E       ModuleNotFoundError: No module named 'derivation_probe'

test/test_review12_contracts.py:59: ModuleNotFoundError
____ test_fixture_rules_select_probabilistic_disjunction[complete.grammar] _____

filename = 'complete.grammar'

    @pytest.mark.parametrize('filename', ['complete.grammar', 'XOR_grammar.xml', 'MM_grammar.xml'])
    def test_fixture_rules_select_probabilistic_disjunction(filename):
        from pathlib import Path
        import xml.etree.ElementTree as ET
        from Language import Grammar, GRAMMAR_LAYER_CLASSES
        root = ET.parse(Path(__file__).resolve().parents[1] / 'data' / filename).getroot()
        declarations = [r.text for r in root.findall('.//compose//rule') if 'disjunction.forward' in (r.text or '')]
        assert len(declarations) == 1
        grammar = Grammar()
        rules = []
        grammar._fill_rule_list(rules, {'rule': declarations[0]})
        assert rules[0].method_name == 'disjunction'
        x, y = torch.tensor([[.3, .4]]), torch.tensor([[0., .6]])
        value = GRAMMAR_LAYER_CLASSES[rules[0].method_name]().compose(x, y)
>       torch.testing.assert_close(value.norm(dim=-1), torch.tensor([.8]))
E       AssertionError: Tensor-likes are not close!
E       
E       Mismatched elements: 1 / 1 (100.0%)
E       Greatest absolute difference: 0.2779846787452698 at index (0,) (up to 1e-05 allowed)
E       Greatest relative difference: 0.347480833530426 at index (0,) (up to 1.3e-06 allowed)

test/test_review12_contracts.py:88: AssertionError
_____ test_fixture_rules_select_probabilistic_disjunction[XOR_grammar.xml] _____

filename = 'XOR_grammar.xml'

    @pytest.mark.parametrize('filename', ['complete.grammar', 'XOR_grammar.xml', 'MM_grammar.xml'])
    def test_fixture_rules_select_probabilistic_disjunction(filename):
        from pathlib import Path
        import xml.etree.ElementTree as ET
        from Language import Grammar, GRAMMAR_LAYER_CLASSES
        root = ET.parse(Path(__file__).resolve().parents[1] / 'data' / filename).getroot()
        declarations = [r.text for r in root.findall('.//compose//rule') if 'disjunction.forward' in (r.text or '')]
        assert len(declarations) == 1
        grammar = Grammar()
        rules = []
        grammar._fill_rule_list(rules, {'rule': declarations[0]})
        assert rules[0].method_name == 'disjunction'
        x, y = torch.tensor([[.3, .4]]), torch.tensor([[0., .6]])
        value = GRAMMAR_LAYER_CLASSES[rules[0].method_name]().compose(x, y)
>       torch.testing.assert_close(value.norm(dim=-1), torch.tensor([.8]))
E       AssertionError: Tensor-likes are not close!
E       
E       Mismatched elements: 1 / 1 (100.0%)
E       Greatest absolute difference: 0.2779846787452698 at index (0,) (up to 1e-05 allowed)
E       Greatest relative difference: 0.347480833530426 at index (0,) (up to 1.3e-06 allowed)

test/test_review12_contracts.py:88: AssertionError
_____ test_fixture_rules_select_probabilistic_disjunction[MM_grammar.xml] ______

filename = 'MM_grammar.xml'

    @pytest.mark.parametrize('filename', ['complete.grammar', 'XOR_grammar.xml', 'MM_grammar.xml'])
    def test_fixture_rules_select_probabilistic_disjunction(filename):
        from pathlib import Path
        import xml.etree.ElementTree as ET
        from Language import Grammar, GRAMMAR_LAYER_CLASSES
        root = ET.parse(Path(__file__).resolve().parents[1] / 'data' / filename).getroot()
        declarations = [r.text for r in root.findall('.//compose//rule') if 'disjunction.forward' in (r.text or '')]
>       assert len(declarations) == 1
E       assert 0 == 1
E        +  where 0 = len([])

test/test_review12_contracts.py:81: AssertionError
=========================== short test summary info ============================
FAILED test/test_review12_contracts.py::test_probabilistic_disjunction_combines_certainty_and_identity
FAILED test/test_review12_contracts.py::test_disjunction_zero_identity_and_zero_direction_have_finite_gradients
FAILED test/test_review12_contracts.py::test_disjunction_free_inverse_recovers_a_pair_without_operand_witnesses[reverse]
FAILED test/test_review12_contracts.py::test_disjunction_free_inverse_recovers_a_pair_without_operand_witnesses[generate]
FAILED test/test_review12_contracts.py::test_nonlinear_composition_has_affine_xor_rank_while_sum_is_the_control[disjunction]
FAILED test/test_review12_contracts.py::test_compose_audit_uses_held_rule_ids_and_names_with_positions
FAILED test/test_review12_contracts.py::test_fixture_rules_select_probabilistic_disjunction[complete.grammar]
FAILED test/test_review12_contracts.py::test_fixture_rules_select_probabilistic_disjunction[XOR_grammar.xml]
FAILED test/test_review12_contracts.py::test_fixture_rules_select_probabilistic_disjunction[MM_grammar.xml]
9 failed, 1 passed in 2.01s
