Device: cpu
/Users/arogers/github/WikiOracle/basicmodel/.venv/lib/python3.12/site-packages/torch/utils/_device.py:122: UserWarning: Sparse invariant checks are implicitly disabled. Memory errors (e.g. SEGFAULT) will occur when operating on a sparse tensor which violates the invariants, but checks incur performance overhead. To silence this warning, explicitly opt in or out. See `torch.sparse.check_sparse_tensor_invariants.__doc__` for guidance.  (Triggered internally at /Users/runner/work/pytorch/pytorch/aten/src/ATen/Context.cpp:855.)
  return func(*args, **kwargs)
Peer pipeline: static PS/WS stage bodies compiled separately; legacy compatibility scheduler remains outside fullgraph capture


==== BasicModel ====

Trial [1/1]
Baseline test pass skipped (--test not specified). Re-invoke train.py with --test to include baseline + post-epoch evaluation.
Epoch [1/400]
[AMP] off (fp32, MODEL_AMP unset or =off)
batch = 0 (warm-up, 100.00%)
Training throughput: 1 batches in 0.715s; word units 100.0% of 8 words (letters-only 100.0% of 8).
Train Loss: output=0.1928, reconstruction=1.6620
Epoch [2/400]
batch = 0 (Δ=0.291s, 100.00%)
Training throughput: 1 batches in 0.289s; word units 100.0% of 8 words (letters-only 100.0% of 8).
Train Loss: output=0.1883, reconstruction=2.2845
Epoch [3/400]
batch = 0 (Δ=0.291s, 100.00%)
Training throughput: 1 batches in 0.290s; word units 100.0% of 8 words (letters-only 100.0% of 8).
Train Loss: output=0.1767, reconstruction=2.8268
Epoch [4/400]
batch = 0 (Δ=0.291s, 100.00%)
Training throughput: 1 batches in 0.290s; word units 100.0% of 8 words (letters-only 100.0% of 8).
Train Loss: output=0.1876, reconstruction=3.2942
Epoch [5/400]
batch = 0 (Δ=0.291s, 100.00%)
Training throughput: 1 batches in 0.290s; word units 100.0% of 8 words (letters-only 100.0% of 8).
Train Loss: output=0.1750, reconstruction=3.6970
Epoch [6/400]
batch = 0 (Δ=0.291s, 100.00%)
Training throughput: 1 batches in 0.290s; word units 100.0% of 8 words (letters-only 100.0% of 8).
Train Loss: output=0.1839, reconstruction=4.0450
Epoch [7/400]
batch = 0 (Δ=0.290s, 100.00%)
Training throughput: 1 batches in 0.289s; word units 100.0% of 8 words (letters-only 100.0% of 8).
Train Loss: output=0.1762, reconstruction=4.3467
Epoch [8/400]
batch = 0 (Δ=0.288s, 100.00%)
Training throughput: 1 batches in 0.287s; word units 100.0% of 8 words (letters-only 100.0% of 8).
Train Loss: output=0.1793, reconstruction=4.6090
Epoch [9/400]
batch = 0 (Δ=0.293s, 100.00%)
Training throughput: 1 batches in 0.292s; word units 100.0% of 8 words (letters-only 100.0% of 8).
Train Loss: output=0.1788, reconstruction=4.8379
Epoch [10/400]
batch = 0 (Δ=0.291s, 100.00%)
Training throughput: 1 batches in 0.290s; word units 100.0% of 8 words (letters-only 100.0% of 8).
Train Loss: output=0.1755, reconstruction=5.0381
Epoch [11/400]
batch = 0 (Δ=0.288s, 100.00%)
Training throughput: 1 batches in 0.287s; word units 100.0% of 8 words (letters-only 100.0% of 8).
Train Loss: output=0.1792, reconstruction=5.2138
Epoch [12/400]
batch = 0 (Δ=0.292s, 100.00%)
Training throughput: 1 batches in 0.291s; word units 100.0% of 8 words (letters-only 100.0% of 8).
Train Loss: output=0.1758, reconstruction=5.3683
Epoch [13/400]
batch = 0 (Δ=0.293s, 100.00%)
Training throughput: 1 batches in 0.292s; word units 100.0% of 8 words (letters-only 100.0% of 8).
Train Loss: output=0.1761, reconstruction=5.5046
Epoch [14/400]
batch = 0 (Δ=0.291s, 100.00%)
Training throughput: 1 batches in 0.290s; word units 100.0% of 8 words (letters-only 100.0% of 8).
Train Loss: output=0.1775, reconstruction=5.6249
Epoch [15/400]
batch = 0 (Δ=0.293s, 100.00%)
Training throughput: 1 batches in 0.291s; word units 100.0% of 8 words (letters-only 100.0% of 8).
Train Loss: output=0.1755, reconstruction=5.7315
Epoch [16/400]
batch = 0 (Δ=0.291s, 100.00%)
Training throughput: 1 batches in 0.290s; word units 100.0% of 8 words (letters-only 100.0% of 8).
Train Loss: output=0.1754, reconstruction=5.8260
Epoch [17/400]
batch = 0 (Δ=0.293s, 100.00%)
Training throughput: 1 batches in 0.292s; word units 100.0% of 8 words (letters-only 100.0% of 8).
Train Loss: output=0.1764, reconstruction=5.9100
Epoch [18/400]
batch = 0 (Δ=0.373s, 100.00%)
Training throughput: 1 batches in 0.372s; word units 100.0% of 8 words (letters-only 100.0% of 8).
Train Loss: output=0.1758, reconstruction=5.9846
Epoch [19/400]
batch = 0 (Δ=0.293s, 100.00%)
Training throughput: 1 batches in 0.292s; word units 100.0% of 8 words (letters-only 100.0% of 8).
Train Loss: output=0.1750, reconstruction=6.0511
Epoch [20/400]
batch = 0 (Δ=0.291s, 100.00%)
Training throughput: 1 batches in 0.290s; word units 100.0% of 8 words (letters-only 100.0% of 8).
Train Loss: output=0.1753, reconstruction=6.1104
Epoch [21/400]
batch = 0 (Δ=0.296s, 100.00%)
Training throughput: 1 batches in 0.295s; word units 100.0% of 8 words (letters-only 100.0% of 8).
Train Loss: output=0.1757, reconstruction=6.1633
Epoch [22/400]
batch = 0 (Δ=0.296s, 100.00%)
Training throughput: 1 batches in 0.295s; word units 100.0% of 8 words (letters-only 100.0% of 8).
Train Loss: output=0.1755, reconstruction=6.2106
Epoch [23/400]
batch = 0 (Δ=0.290s, 100.00%)
Training throughput: 1 batches in 0.289s; word units 100.0% of 8 words (letters-only 100.0% of 8).
Train Loss: output=0.1752, reconstruction=6.2528
Epoch [24/400]
batch = 0 (Δ=0.294s, 100.00%)
Training throughput: 1 batches in 0.293s; word units 100.0% of 8 words (letters-only 100.0% of 8).
Train Loss: output=0.1750, reconstruction=6.2906
Epoch [25/400]
batch = 0 (Δ=0.293s, 100.00%)
Training throughput: 1 batches in 0.292s; word units 100.0% of 8 words (letters-only 100.0% of 8).
Train Loss: output=0.1751, reconstruction=6.3244
Epoch [26/400]
batch = 0 (Δ=0.292s, 100.00%)
Training throughput: 1 batches in 0.291s; word units 100.0% of 8 words (letters-only 100.0% of 8).
Train Loss: output=0.1752, reconstruction=6.3547
Epoch [27/400]
batch = 0 (Δ=0.291s, 100.00%)
Training throughput: 1 batches in 0.290s; word units 100.0% of 8 words (letters-only 100.0% of 8).
Train Loss: output=0.1752, reconstruction=6.3819
Epoch [28/400]
batch = 0 (Δ=0.295s, 100.00%)
Training throughput: 1 batches in 0.294s; word units 100.0% of 8 words (letters-only 100.0% of 8).
Train Loss: output=0.1752, reconstruction=6.4062
Epoch [29/400]
batch = 0 (Δ=0.293s, 100.00%)
Training throughput: 1 batches in 0.292s; word units 100.0% of 8 words (letters-only 100.0% of 8).
Train Loss: output=0.1751, reconstruction=6.4280
Epoch [30/400]
batch = 0 (Δ=0.292s, 100.00%)
Training throughput: 1 batches in 0.291s; word units 100.0% of 8 words (letters-only 100.0% of 8).
Train Loss: output=0.1751, reconstruction=6.4475
Epoch [31/400]
batch = 0 (Δ=0.293s, 100.00%)
Training throughput: 1 batches in 0.291s; word units 100.0% of 8 words (letters-only 100.0% of 8).
Train Loss: output=0.1750, reconstruction=6.4651
Epoch [32/400]
batch = 0 (Δ=0.291s, 100.00%)
Training throughput: 1 batches in 0.290s; word units 100.0% of 8 words (letters-only 100.0% of 8).
Train Loss: output=0.1750, reconstruction=6.4808
Epoch [33/400]
batch = 0 (Δ=0.292s, 100.00%)
Training throughput: 1 batches in 0.291s; word units 100.0% of 8 words (letters-only 100.0% of 8).
Train Loss: output=0.1750, reconstruction=6.4949
Epoch [34/400]
batch = 0 (Δ=0.294s, 100.00%)
Training throughput: 1 batches in 0.293s; word units 100.0% of 8 words (letters-only 100.0% of 8).
Train Loss: output=0.1750, reconstruction=6.5076
Epoch [35/400]
batch = 0 (Δ=0.294s, 100.00%)
Training throughput: 1 batches in 0.293s; word units 100.0% of 8 words (letters-only 100.0% of 8).
Train Loss: output=0.1750, reconstruction=6.5189
Epoch [36/400]
batch = 0 (Δ=0.291s, 100.00%)
Training throughput: 1 batches in 0.291s; word units 100.0% of 8 words (letters-only 100.0% of 8).
Train Loss: output=0.1750, reconstruction=6.5291
Epoch [37/400]
batch = 0 (Δ=0.376s, 100.00%)
Training throughput: 1 batches in 0.376s; word units 100.0% of 8 words (letters-only 100.0% of 8).
Train Loss: output=0.1750, reconstruction=6.5383
Epoch [38/400]
batch = 0 (Δ=0.293s, 100.00%)
Training throughput: 1 batches in 0.292s; word units 100.0% of 8 words (letters-only 100.0% of 8).
Train Loss: output=0.1750, reconstruction=6.5465
Epoch [39/400]
batch = 0 (Δ=0.299s, 100.00%)
Training throughput: 1 batches in 0.298s; word units 100.0% of 8 words (letters-only 100.0% of 8).
Train Loss: output=0.1750, reconstruction=6.5539
Epoch [40/400]
batch = 0 (Δ=0.293s, 100.00%)
Training throughput: 1 batches in 0.291s; word units 100.0% of 8 words (letters-only 100.0% of 8).
Train Loss: output=0.1750, reconstruction=6.5605
Epoch [41/400]
batch = 0 (Δ=0.295s, 100.00%)
Training throughput: 1 batches in 0.294s; word units 100.0% of 8 words (letters-only 100.0% of 8).
Train Loss: output=0.1750, reconstruction=6.5664
Epoch [42/400]
batch = 0 (Δ=0.297s, 100.00%)
Training throughput: 1 batches in 0.296s; word units 100.0% of 8 words (letters-only 100.0% of 8).
Train Loss: output=0.1750, reconstruction=6.5717
Epoch [43/400]
batch = 0 (Δ=0.295s, 100.00%)
Training throughput: 1 batches in 0.294s; word units 100.0% of 8 words (letters-only 100.0% of 8).
Train Loss: output=0.1750, reconstruction=6.5765
Epoch [44/400]
batch = 0 (Δ=0.295s, 100.00%)
Training throughput: 1 batches in 0.294s; word units 100.0% of 8 words (letters-only 100.0% of 8).
Train Loss: output=0.1750, reconstruction=6.5808
Epoch [45/400]
batch = 0 (Δ=0.296s, 100.00%)
Training throughput: 1 batches in 0.295s; word units 100.0% of 8 words (letters-only 100.0% of 8).
Train Loss: output=0.1750, reconstruction=6.5846
Epoch [46/400]
batch = 0 (Δ=0.296s, 100.00%)
Training throughput: 1 batches in 0.295s; word units 100.0% of 8 words (letters-only 100.0% of 8).
Train Loss: output=0.1750, reconstruction=6.5881
Epoch [47/400]
batch = 0 (Δ=0.292s, 100.00%)
Training throughput: 1 batches in 0.291s; word units 100.0% of 8 words (letters-only 100.0% of 8).
Train Loss: output=0.1750, reconstruction=6.5911
Epoch [48/400]
batch = 0 (Δ=0.296s, 100.00%)
Training throughput: 1 batches in 0.295s; word units 100.0% of 8 words (letters-only 100.0% of 8).
Train Loss: output=0.1750, reconstruction=6.5939
Epoch [49/400]
batch = 0 (Δ=0.292s, 100.00%)
Training throughput: 1 batches in 0.291s; word units 100.0% of 8 words (letters-only 100.0% of 8).
Train Loss: output=0.1750, reconstruction=6.5964
Epoch [50/400]
batch = 0 (Δ=0.296s, 100.00%)
Training throughput: 1 batches in 0.295s; word units 100.0% of 8 words (letters-only 100.0% of 8).
Train Loss: output=0.1750, reconstruction=6.5986
Epoch [51/400]
batch = 0 (Δ=0.296s, 100.00%)
Training throughput: 1 batches in 0.295s; word units 100.0% of 8 words (letters-only 100.0% of 8).
Train Loss: output=0.1750, reconstruction=6.6005
Epoch [52/400]
batch = 0 (Δ=0.294s, 100.00%)
Training throughput: 1 batches in 0.293s; word units 100.0% of 8 words (letters-only 100.0% of 8).
Train Loss: output=0.1750, reconstruction=6.6023
Epoch [53/400]
batch = 0 (Δ=0.294s, 100.00%)
Training throughput: 1 batches in 0.293s; word units 100.0% of 8 words (letters-only 100.0% of 8).
Train Loss: output=0.1750, reconstruction=6.6039
Epoch [54/400]
batch = 0 (Δ=0.295s, 100.00%)
Training throughput: 1 batches in 0.294s; word units 100.0% of 8 words (letters-only 100.0% of 8).
Train Loss: output=0.1750, reconstruction=6.6053
Epoch [55/400]
batch = 0 (Δ=0.385s, 100.00%)
Training throughput: 1 batches in 0.384s; word units 100.0% of 8 words (letters-only 100.0% of 8).
Train Loss: output=0.1750, reconstruction=6.6066
Epoch [56/400]
batch = 0 (Δ=0.295s, 100.00%)
Training throughput: 1 batches in 0.294s; word units 100.0% of 8 words (letters-only 100.0% of 8).
Train Loss: output=0.1750, reconstruction=6.6077
Epoch [57/400]
batch = 0 (Δ=0.296s, 100.00%)
Training throughput: 1 batches in 0.295s; word units 100.0% of 8 words (letters-only 100.0% of 8).
Train Loss: output=0.1750, reconstruction=6.6087
Epoch [58/400]
batch = 0 (Δ=0.295s, 100.00%)
Training throughput: 1 batches in 0.294s; word units 100.0% of 8 words (letters-only 100.0% of 8).
Train Loss: output=0.1750, reconstruction=6.6096
Epoch [59/400]
batch = 0 (Δ=0.298s, 100.00%)
Training throughput: 1 batches in 0.297s; word units 100.0% of 8 words (letters-only 100.0% of 8).
Train Loss: output=0.1750, reconstruction=6.6103
Epoch [60/400]
batch = 0 (Δ=0.297s, 100.00%)
Training throughput: 1 batches in 0.296s; word units 100.0% of 8 words (letters-only 100.0% of 8).
Train Loss: output=0.1750, reconstruction=6.6110
Epoch [61/400]
batch = 0 (Δ=0.304s, 100.00%)
Training throughput: 1 batches in 0.303s; word units 100.0% of 8 words (letters-only 100.0% of 8).
Train Loss: output=0.1750, reconstruction=6.6117
Epoch [62/400]
batch = 0 (Δ=0.297s, 100.00%)
Training throughput: 1 batches in 0.295s; word units 100.0% of 8 words (letters-only 100.0% of 8).
Train Loss: output=0.1750, reconstruction=6.6122
Epoch [63/400]
batch = 0 (Δ=0.299s, 100.00%)
Training throughput: 1 batches in 0.298s; word units 100.0% of 8 words (letters-only 100.0% of 8).
Train Loss: output=0.1750, reconstruction=6.6127
Epoch [64/400]
batch = 0 (Δ=0.298s, 100.00%)
Training throughput: 1 batches in 0.297s; word units 100.0% of 8 words (letters-only 100.0% of 8).
Train Loss: output=0.1750, reconstruction=6.6131
Epoch [65/400]
batch = 0 (Δ=0.300s, 100.00%)
Training throughput: 1 batches in 0.299s; word units 100.0% of 8 words (letters-only 100.0% of 8).
Train Loss: output=0.1750, reconstruction=6.6135
Epoch [66/400]
batch = 0 (Δ=0.300s, 100.00%)
Training throughput: 1 batches in 0.299s; word units 100.0% of 8 words (letters-only 100.0% of 8).
Train Loss: output=0.1750, reconstruction=6.6138
Epoch [67/400]
batch = 0 (Δ=0.300s, 100.00%)
Training throughput: 1 batches in 0.299s; word units 100.0% of 8 words (letters-only 100.0% of 8).
Train Loss: output=0.1750, reconstruction=6.6141
Epoch [68/400]
batch = 0 (Δ=0.299s, 100.00%)
Training throughput: 1 batches in 0.298s; word units 100.0% of 8 words (letters-only 100.0% of 8).
Train Loss: output=0.1750, reconstruction=6.6143
Epoch [69/400]
batch = 0 (Δ=0.296s, 100.00%)
Training throughput: 1 batches in 0.295s; word units 100.0% of 8 words (letters-only 100.0% of 8).
Train Loss: output=0.1750, reconstruction=6.6146
Epoch [70/400]
batch = 0 (Δ=0.299s, 100.00%)
Training throughput: 1 batches in 0.298s; word units 100.0% of 8 words (letters-only 100.0% of 8).
Train Loss: output=0.1750, reconstruction=6.6147
Epoch [71/400]
batch = 0 (Δ=0.299s, 100.00%)
Training throughput: 1 batches in 0.298s; word units 100.0% of 8 words (letters-only 100.0% of 8).
Train Loss: output=0.1750, reconstruction=6.6149
Epoch [72/400]
batch = 0 (Δ=0.301s, 100.00%)
Training throughput: 1 batches in 0.300s; word units 100.0% of 8 words (letters-only 100.0% of 8).
Train Loss: output=0.1750, reconstruction=6.6150
Epoch [73/400]
batch = 0 (Δ=0.383s, 100.00%)
Training throughput: 1 batches in 0.382s; word units 100.0% of 8 words (letters-only 100.0% of 8).
Train Loss: output=0.1750, reconstruction=6.6152
Epoch [74/400]
batch = 0 (Δ=0.298s, 100.00%)
Training throughput: 1 batches in 0.296s; word units 100.0% of 8 words (letters-only 100.0% of 8).
Train Loss: output=0.1750, reconstruction=6.6152
Epoch [75/400]
batch = 0 (Δ=0.298s, 100.00%)
Training throughput: 1 batches in 0.298s; word units 100.0% of 8 words (letters-only 100.0% of 8).
Train Loss: output=0.1750, reconstruction=6.6153
Epoch [76/400]
batch = 0 (Δ=0.297s, 100.00%)
Training throughput: 1 batches in 0.296s; word units 100.0% of 8 words (letters-only 100.0% of 8).
Train Loss: output=0.1750, reconstruction=6.6154
Epoch [77/400]
batch = 0 (Δ=0.298s, 100.00%)
Training throughput: 1 batches in 0.297s; word units 100.0% of 8 words (letters-only 100.0% of 8).
Train Loss: output=0.1750, reconstruction=6.6154
Epoch [78/400]
batch = 0 (Δ=0.301s, 100.00%)
Training throughput: 1 batches in 0.300s; word units 100.0% of 8 words (letters-only 100.0% of 8).
Train Loss: output=0.1750, reconstruction=6.6155
Epoch [79/400]
batch = 0 (Δ=0.302s, 100.00%)
Training throughput: 1 batches in 0.301s; word units 100.0% of 8 words (letters-only 100.0% of 8).
Train Loss: output=0.1750, reconstruction=6.6155
Epoch [80/400]
batch = 0 (Δ=0.300s, 100.00%)
Training throughput: 1 batches in 0.299s; word units 100.0% of 8 words (letters-only 100.0% of 8).
Train Loss: output=0.1750, reconstruction=6.6155
Epoch [81/400]
batch = 0 (Δ=0.301s, 100.00%)
Training throughput: 1 batches in 0.300s; word units 100.0% of 8 words (letters-only 100.0% of 8).
Train Loss: output=0.1750, reconstruction=6.6155
Epoch [82/400]
batch = 0 (Δ=0.297s, 100.00%)
Training throughput: 1 batches in 0.296s; word units 100.0% of 8 words (letters-only 100.0% of 8).
Train Loss: output=0.1750, reconstruction=6.6155
Epoch [83/400]
batch = 0 (Δ=0.305s, 100.00%)
Training throughput: 1 batches in 0.304s; word units 100.0% of 8 words (letters-only 100.0% of 8).
Train Loss: output=0.1750, reconstruction=6.6155
Epoch [84/400]
batch = 0 (Δ=0.301s, 100.00%)
Training throughput: 1 batches in 0.300s; word units 100.0% of 8 words (letters-only 100.0% of 8).
Train Loss: output=0.1750, reconstruction=6.6155
Epoch [85/400]
batch = 0 (Δ=0.300s, 100.00%)
Training throughput: 1 batches in 0.299s; word units 100.0% of 8 words (letters-only 100.0% of 8).
Train Loss: output=0.1750, reconstruction=6.6155
Epoch [86/400]
batch = 0 (Δ=0.302s, 100.00%)
Training throughput: 1 batches in 0.301s; word units 100.0% of 8 words (letters-only 100.0% of 8).
Train Loss: output=0.1750, reconstruction=6.6155
Epoch [87/400]
batch = 0 (Δ=0.300s, 100.00%)
Training throughput: 1 batches in 0.298s; word units 100.0% of 8 words (letters-only 100.0% of 8).
Train Loss: output=0.1750, reconstruction=6.6154
Epoch [88/400]
batch = 0 (Δ=0.302s, 100.00%)
Training throughput: 1 batches in 0.301s; word units 100.0% of 8 words (letters-only 100.0% of 8).
Train Loss: output=0.1750, reconstruction=6.6154
Epoch [89/400]
batch = 0 (Δ=0.299s, 100.00%)
Training throughput: 1 batches in 0.298s; word units 100.0% of 8 words (letters-only 100.0% of 8).
Train Loss: output=0.1750, reconstruction=6.6154
Epoch [90/400]
batch = 0 (Δ=0.305s, 100.00%)
Training throughput: 1 batches in 0.304s; word units 100.0% of 8 words (letters-only 100.0% of 8).
Train Loss: output=0.1750, reconstruction=6.6153
Epoch [91/400]
batch = 0 (Δ=0.379s, 100.00%)
Training throughput: 1 batches in 0.377s; word units 100.0% of 8 words (letters-only 100.0% of 8).
Train Loss: output=0.1750, reconstruction=6.6153
Epoch [92/400]
batch = 0 (Δ=0.301s, 100.00%)
Training throughput: 1 batches in 0.300s; word units 100.0% of 8 words (letters-only 100.0% of 8).
Train Loss: output=0.1750, reconstruction=6.6152
Epoch [93/400]
batch = 0 (Δ=0.302s, 100.00%)
Training throughput: 1 batches in 0.301s; word units 100.0% of 8 words (letters-only 100.0% of 8).
Train Loss: output=0.1750, reconstruction=6.6152
Epoch [94/400]
batch = 0 (Δ=0.304s, 100.00%)
Training throughput: 1 batches in 0.304s; word units 100.0% of 8 words (letters-only 100.0% of 8).
Train Loss: output=0.1750, reconstruction=6.6152
Epoch [95/400]
batch = 0 (Δ=0.301s, 100.00%)
Training throughput: 1 batches in 0.300s; word units 100.0% of 8 words (letters-only 100.0% of 8).
Train Loss: output=0.1750, reconstruction=6.6151
Epoch [96/400]
batch = 0 (Δ=0.300s, 100.00%)
Training throughput: 1 batches in 0.300s; word units 100.0% of 8 words (letters-only 100.0% of 8).
Train Loss: output=0.1750, reconstruction=6.6151
Epoch [97/400]
batch = 0 (Δ=0.302s, 100.00%)
Training throughput: 1 batches in 0.301s; word units 100.0% of 8 words (letters-only 100.0% of 8).
Train Loss: output=0.1750, reconstruction=6.6150
Epoch [98/400]
batch = 0 (Δ=0.301s, 100.00%)
Training throughput: 1 batches in 0.300s; word units 100.0% of 8 words (letters-only 100.0% of 8).
Train Loss: output=0.1750, reconstruction=6.6150
Epoch [99/400]
batch = 0 (Δ=0.299s, 100.00%)
Training throughput: 1 batches in 0.298s; word units 100.0% of 8 words (letters-only 100.0% of 8).
Train Loss: output=0.1750, reconstruction=6.6149
Epoch [100/400]
batch = 0 (Δ=0.305s, 100.00%)
Training throughput: 1 batches in 0.304s; word units 100.0% of 8 words (letters-only 100.0% of 8).
Train Loss: output=0.1750, reconstruction=6.6149
Epoch [101/400]
batch = 0 (Δ=0.306s, 100.00%)
Training throughput: 1 batches in 0.305s; word units 100.0% of 8 words (letters-only 100.0% of 8).
Train Loss: output=0.1750, reconstruction=6.6148
Epoch [102/400]
batch = 0 (Δ=0.305s, 100.00%)
Training throughput: 1 batches in 0.305s; word units 100.0% of 8 words (letters-only 100.0% of 8).
Train Loss: output=0.1750, reconstruction=6.6148
Epoch [103/400]
batch = 0 (Δ=0.302s, 100.00%)
Training throughput: 1 batches in 0.301s; word units 100.0% of 8 words (letters-only 100.0% of 8).
Train Loss: output=0.1750, reconstruction=6.6147
Epoch [104/400]
batch = 0 (Δ=0.305s, 100.00%)
Training throughput: 1 batches in 0.304s; word units 100.0% of 8 words (letters-only 100.0% of 8).
Train Loss: output=0.1750, reconstruction=6.6147
Epoch [105/400]
batch = 0 (Δ=0.301s, 100.00%)
Training throughput: 1 batches in 0.300s; word units 100.0% of 8 words (letters-only 100.0% of 8).
Train Loss: output=0.1750, reconstruction=6.6146
Epoch [106/400]
batch = 0 (Δ=0.303s, 100.00%)
Training throughput: 1 batches in 0.302s; word units 100.0% of 8 words (letters-only 100.0% of 8).
Train Loss: output=0.1750, reconstruction=6.6146
Epoch [107/400]
batch = 0 (Δ=0.305s, 100.00%)
Training throughput: 1 batches in 0.304s; word units 100.0% of 8 words (letters-only 100.0% of 8).
Train Loss: output=0.1750, reconstruction=6.6145
Epoch [108/400]
batch = 0 (Δ=0.304s, 100.00%)
Training throughput: 1 batches in 0.303s; word units 100.0% of 8 words (letters-only 100.0% of 8).
Train Loss: output=0.1750, reconstruction=6.6145
Epoch [109/400]
batch = 0 (Δ=0.386s, 100.00%)
Training throughput: 1 batches in 0.385s; word units 100.0% of 8 words (letters-only 100.0% of 8).
Train Loss: output=0.1750, reconstruction=6.6144
Epoch [110/400]
batch = 0 (Δ=0.303s, 100.00%)
Training throughput: 1 batches in 0.302s; word units 100.0% of 8 words (letters-only 100.0% of 8).
Train Loss: output=0.1750, reconstruction=6.6144
Epoch [111/400]
batch = 0 (Δ=0.304s, 100.00%)
Training throughput: 1 batches in 0.303s; word units 100.0% of 8 words (letters-only 100.0% of 8).
Train Loss: output=0.1750, reconstruction=6.6143
Epoch [112/400]
batch = 0 (Δ=0.300s, 100.00%)
Training throughput: 1 batches in 0.299s; word units 100.0% of 8 words (letters-only 100.0% of 8).
Train Loss: output=0.1750, reconstruction=6.6143
Epoch [113/400]
batch = 0 (Δ=0.300s, 100.00%)
Training throughput: 1 batches in 0.299s; word units 100.0% of 8 words (letters-only 100.0% of 8).
Train Loss: output=0.1750, reconstruction=6.6142
Epoch [114/400]
batch = 0 (Δ=0.301s, 100.00%)
Training throughput: 1 batches in 0.300s; word units 100.0% of 8 words (letters-only 100.0% of 8).
Train Loss: output=0.1750, reconstruction=6.6142
Epoch [115/400]
batch = 0 (Δ=0.303s, 100.00%)
Training throughput: 1 batches in 0.302s; word units 100.0% of 8 words (letters-only 100.0% of 8).
Train Loss: output=0.1750, reconstruction=6.6141
Epoch [116/400]
batch = 0 (Δ=0.306s, 100.00%)
Training throughput: 1 batches in 0.305s; word units 100.0% of 8 words (letters-only 100.0% of 8).
Train Loss: output=0.1750, reconstruction=6.6141
Epoch [117/400]
batch = 0 (Δ=0.303s, 100.00%)
Training throughput: 1 batches in 0.302s; word units 100.0% of 8 words (letters-only 100.0% of 8).
Train Loss: output=0.1750, reconstruction=6.6140
Epoch [118/400]
batch = 0 (Δ=0.303s, 100.00%)
Training throughput: 1 batches in 0.302s; word units 100.0% of 8 words (letters-only 100.0% of 8).
Train Loss: output=0.1750, reconstruction=6.6140
Epoch [119/400]
batch = 0 (Δ=0.302s, 100.00%)
Training throughput: 1 batches in 0.301s; word units 100.0% of 8 words (letters-only 100.0% of 8).
Train Loss: output=0.1750, reconstruction=6.6139
Epoch [120/400]
batch = 0 (Δ=0.300s, 100.00%)
Training throughput: 1 batches in 0.299s; word units 100.0% of 8 words (letters-only 100.0% of 8).
Train Loss: output=0.1750, reconstruction=6.6139
Epoch [121/400]
batch = 0 (Δ=0.299s, 100.00%)
Training throughput: 1 batches in 0.298s; word units 100.0% of 8 words (letters-only 100.0% of 8).
Train Loss: output=0.1750, reconstruction=6.6138
Epoch [122/400]
batch = 0 (Δ=0.306s, 100.00%)
Training throughput: 1 batches in 0.306s; word units 100.0% of 8 words (letters-only 100.0% of 8).
Train Loss: output=0.1750, reconstruction=6.6138
Epoch [123/400]
batch = 0 (Δ=0.304s, 100.00%)
Training throughput: 1 batches in 0.302s; word units 100.0% of 8 words (letters-only 100.0% of 8).
Train Loss: output=0.1750, reconstruction=6.6138
Epoch [124/400]
batch = 0 (Δ=0.305s, 100.00%)
Training throughput: 1 batches in 0.304s; word units 100.0% of 8 words (letters-only 100.0% of 8).
Train Loss: output=0.1750, reconstruction=6.6137
Epoch [125/400]
batch = 0 (Δ=0.303s, 100.00%)
Training throughput: 1 batches in 0.302s; word units 100.0% of 8 words (letters-only 100.0% of 8).
Train Loss: output=0.1750, reconstruction=6.6137
Epoch [126/400]
batch = 0 (Δ=0.393s, 100.00%)
Training throughput: 1 batches in 0.392s; word units 100.0% of 8 words (letters-only 100.0% of 8).
Train Loss: output=0.1750, reconstruction=6.6136
Epoch [127/400]
batch = 0 (Δ=0.303s, 100.00%)
Training throughput: 1 batches in 0.302s; word units 100.0% of 8 words (letters-only 100.0% of 8).
Train Loss: output=0.1750, reconstruction=6.6136
Epoch [128/400]
batch = 0 (Δ=0.302s, 100.00%)
Training throughput: 1 batches in 0.301s; word units 100.0% of 8 words (letters-only 100.0% of 8).
Train Loss: output=0.1750, reconstruction=6.6135
Epoch [129/400]
batch = 0 (Δ=0.307s, 100.00%)
Training throughput: 1 batches in 0.306s; word units 100.0% of 8 words (letters-only 100.0% of 8).
Train Loss: output=0.1750, reconstruction=6.6135
Epoch [130/400]
batch = 0 (Δ=0.303s, 100.00%)
Training throughput: 1 batches in 0.302s; word units 100.0% of 8 words (letters-only 100.0% of 8).
Train Loss: output=0.1750, reconstruction=6.6135
Epoch [131/400]
batch = 0 (Δ=0.307s, 100.00%)
Training throughput: 1 batches in 0.306s; word units 100.0% of 8 words (letters-only 100.0% of 8).
Train Loss: output=0.1750, reconstruction=6.6134
Epoch [132/400]
batch = 0 (Δ=0.304s, 100.00%)
Training throughput: 1 batches in 0.303s; word units 100.0% of 8 words (letters-only 100.0% of 8).
Train Loss: output=0.1750, reconstruction=6.6134
Epoch [133/400]
batch = 0 (Δ=0.304s, 100.00%)
Training throughput: 1 batches in 0.303s; word units 100.0% of 8 words (letters-only 100.0% of 8).
Train Loss: output=0.1750, reconstruction=6.6133
Epoch [134/400]
batch = 0 (Δ=0.305s, 100.00%)
Training throughput: 1 batches in 0.304s; word units 100.0% of 8 words (letters-only 100.0% of 8).
Train Loss: output=0.1750, reconstruction=6.6133
Epoch [135/400]
batch = 0 (Δ=0.304s, 100.00%)
Training throughput: 1 batches in 0.303s; word units 100.0% of 8 words (letters-only 100.0% of 8).
Train Loss: output=0.1750, reconstruction=6.6133
Epoch [136/400]
batch = 0 (Δ=0.306s, 100.00%)
Training throughput: 1 batches in 0.305s; word units 100.0% of 8 words (letters-only 100.0% of 8).
Train Loss: output=0.1750, reconstruction=6.6132
Epoch [137/400]
batch = 0 (Δ=0.305s, 100.00%)
Training throughput: 1 batches in 0.304s; word units 100.0% of 8 words (letters-only 100.0% of 8).
Train Loss: output=0.1750, reconstruction=6.6132
Epoch [138/400]
batch = 0 (Δ=0.307s, 100.00%)
Training throughput: 1 batches in 0.306s; word units 100.0% of 8 words (letters-only 100.0% of 8).
Train Loss: output=0.1750, reconstruction=6.6131
Epoch [139/400]
batch = 0 (Δ=0.303s, 100.00%)
Training throughput: 1 batches in 0.302s; word units 100.0% of 8 words (letters-only 100.0% of 8).
Train Loss: output=0.1750, reconstruction=6.6131
Epoch [140/400]
batch = 0 (Δ=0.306s, 100.00%)
Training throughput: 1 batches in 0.305s; word units 100.0% of 8 words (letters-only 100.0% of 8).
Train Loss: output=0.1750, reconstruction=6.6131
Epoch [141/400]
batch = 0 (Δ=0.304s, 100.00%)
Training throughput: 1 batches in 0.303s; word units 100.0% of 8 words (letters-only 100.0% of 8).
Train Loss: output=0.1750, reconstruction=6.6130
Epoch [142/400]
batch = 0 (Δ=0.304s, 100.00%)
Training throughput: 1 batches in 0.303s; word units 100.0% of 8 words (letters-only 100.0% of 8).
Train Loss: output=0.1750, reconstruction=6.6130
Epoch [143/400]
batch = 0 (Δ=0.306s, 100.00%)
Training throughput: 1 batches in 0.305s; word units 100.0% of 8 words (letters-only 100.0% of 8).
Train Loss: output=0.1750, reconstruction=6.6129
Epoch [144/400]
batch = 0 (Δ=0.387s, 100.00%)
Training throughput: 1 batches in 0.386s; word units 100.0% of 8 words (letters-only 100.0% of 8).
Train Loss: output=0.1752, reconstruction=6.6129
Epoch [145/400]
batch = 0 (Δ=0.307s, 100.00%)
Training throughput: 1 batches in 0.307s; word units 100.0% of 8 words (letters-only 100.0% of 8).
Train Loss: output=0.1759, reconstruction=6.6129
Epoch [146/400]
batch = 0 (Δ=0.306s, 100.00%)
Training throughput: 1 batches in 0.305s; word units 100.0% of 8 words (letters-only 100.0% of 8).
Train Loss: output=0.1793, reconstruction=6.6128
Epoch [147/400]
batch = 0 (Δ=0.312s, 100.00%)
Training throughput: 1 batches in 0.311s; word units 100.0% of 8 words (letters-only 100.0% of 8).
Train Loss: output=0.1807, reconstruction=6.6128
Epoch [148/400]
batch = 0 (Δ=0.305s, 100.00%)
Training throughput: 1 batches in 0.304s; word units 100.0% of 8 words (letters-only 100.0% of 8).
Train Loss: output=0.1752, reconstruction=6.6128
Epoch [149/400]
batch = 0 (Δ=0.306s, 100.00%)
Training throughput: 1 batches in 0.305s; word units 100.0% of 8 words (letters-only 100.0% of 8).
Train Loss: output=0.1784, reconstruction=6.6127
Epoch [150/400]
batch = 0 (Δ=0.311s, 100.00%)
Training throughput: 1 batches in 0.310s; word units 100.0% of 8 words (letters-only 100.0% of 8).
Train Loss: output=0.1755, reconstruction=6.6127
Epoch [151/400]
batch = 0 (Δ=0.305s, 100.00%)
Training throughput: 1 batches in 0.304s; word units 100.0% of 8 words (letters-only 100.0% of 8).
Train Loss: output=0.1764, reconstruction=6.6127
Epoch [152/400]
batch = 0 (Δ=0.310s, 100.00%)
Training throughput: 1 batches in 0.308s; word units 100.0% of 8 words (letters-only 100.0% of 8).
Train Loss: output=0.1762, reconstruction=6.6126
Epoch [153/400]
batch = 0 (Δ=0.309s, 100.00%)
Training throughput: 1 batches in 0.308s; word units 100.0% of 8 words (letters-only 100.0% of 8).
Train Loss: output=0.1751, reconstruction=6.6126
Epoch [154/400]
batch = 0 (Δ=0.306s, 100.00%)
Training throughput: 1 batches in 0.305s; word units 100.0% of 8 words (letters-only 100.0% of 8).
Train Loss: output=0.1762, reconstruction=6.6126
Epoch [155/400]
batch = 0 (Δ=0.306s, 100.00%)
Training throughput: 1 batches in 0.305s; word units 100.0% of 8 words (letters-only 100.0% of 8).
Train Loss: output=0.1752, reconstruction=6.6125
Epoch [156/400]
batch = 0 (Δ=0.307s, 100.00%)
Training throughput: 1 batches in 0.306s; word units 100.0% of 8 words (letters-only 100.0% of 8).
Train Loss: output=0.1754, reconstruction=6.6125
Epoch [157/400]
batch = 0 (Δ=0.308s, 100.00%)
Training throughput: 1 batches in 0.307s; word units 100.0% of 8 words (letters-only 100.0% of 8).
Train Loss: output=0.1756, reconstruction=6.6125
Epoch [158/400]
batch = 0 (Δ=0.307s, 100.00%)
Training throughput: 1 batches in 0.306s; word units 100.0% of 8 words (letters-only 100.0% of 8).
Train Loss: output=0.1750, reconstruction=6.6124
Epoch [159/400]
batch = 0 (Δ=0.312s, 100.00%)
Training throughput: 1 batches in 0.311s; word units 100.0% of 8 words (letters-only 100.0% of 8).
Train Loss: output=0.1754, reconstruction=6.6124
Epoch [160/400]
batch = 0 (Δ=0.306s, 100.00%)
Training throughput: 1 batches in 0.305s; word units 100.0% of 8 words (letters-only 100.0% of 8).
Train Loss: output=0.1752, reconstruction=6.6124
Epoch [161/400]
batch = 0 (Δ=0.308s, 100.00%)
Training throughput: 1 batches in 0.307s; word units 100.0% of 8 words (letters-only 100.0% of 8).
Train Loss: output=0.1750, reconstruction=6.6123
Epoch [162/400]
batch = 0 (Δ=0.388s, 100.00%)
Training throughput: 1 batches in 0.387s; word units 100.0% of 8 words (letters-only 100.0% of 8).
Train Loss: output=0.1752, reconstruction=6.6123
Epoch [163/400]
batch = 0 (Δ=0.306s, 100.00%)
Training throughput: 1 batches in 0.305s; word units 100.0% of 8 words (letters-only 100.0% of 8).
Train Loss: output=0.1750, reconstruction=6.6123
Epoch [164/400]
batch = 0 (Δ=0.307s, 100.00%)
Training throughput: 1 batches in 0.306s; word units 100.0% of 8 words (letters-only 100.0% of 8).
Train Loss: output=0.1751, reconstruction=6.6122
Epoch [165/400]
batch = 0 (Δ=0.309s, 100.00%)
Training throughput: 1 batches in 0.308s; word units 100.0% of 8 words (letters-only 100.0% of 8).
Train Loss: output=0.1751, reconstruction=6.6122
Epoch [166/400]
batch = 0 (Δ=0.309s, 100.00%)
Training throughput: 1 batches in 0.308s; word units 100.0% of 8 words (letters-only 100.0% of 8).
Train Loss: output=0.1750, reconstruction=6.6122
Epoch [167/400]
batch = 0 (Δ=0.307s, 100.00%)
Training throughput: 1 batches in 0.306s; word units 100.0% of 8 words (letters-only 100.0% of 8).
Train Loss: output=0.1751, reconstruction=6.6121
Epoch [168/400]
batch = 0 (Δ=0.312s, 100.00%)
Training throughput: 1 batches in 0.311s; word units 100.0% of 8 words (letters-only 100.0% of 8).
Train Loss: output=0.1750, reconstruction=6.6121
Epoch [169/400]
batch = 0 (Δ=0.308s, 100.00%)
Training throughput: 1 batches in 0.306s; word units 100.0% of 8 words (letters-only 100.0% of 8).
Train Loss: output=0.1750, reconstruction=6.6121
Epoch [170/400]
batch = 0 (Δ=0.307s, 100.00%)
Training throughput: 1 batches in 0.306s; word units 100.0% of 8 words (letters-only 100.0% of 8).
Train Loss: output=0.1750, reconstruction=6.6121
Epoch [171/400]
batch = 0 (Δ=0.310s, 100.00%)
Training throughput: 1 batches in 0.309s; word units 100.0% of 8 words (letters-only 100.0% of 8).
Train Loss: output=0.1750, reconstruction=6.6120
Epoch [172/400]
batch = 0 (Δ=0.310s, 100.00%)
Training throughput: 1 batches in 0.309s; word units 100.0% of 8 words (letters-only 100.0% of 8).
Train Loss: output=0.1750, reconstruction=6.6120
Epoch [173/400]
batch = 0 (Δ=0.308s, 100.00%)
Training throughput: 1 batches in 0.307s; word units 100.0% of 8 words (letters-only 100.0% of 8).
Train Loss: output=0.1750, reconstruction=6.6120
Epoch [174/400]
batch = 0 (Δ=0.305s, 100.00%)
Training throughput: 1 batches in 0.304s; word units 100.0% of 8 words (letters-only 100.0% of 8).
Train Loss: output=0.1750, reconstruction=6.6119
Epoch [175/400]
batch = 0 (Δ=0.309s, 100.00%)
Training throughput: 1 batches in 0.308s; word units 100.0% of 8 words (letters-only 100.0% of 8).
Train Loss: output=0.1750, reconstruction=6.6119
Epoch [176/400]
batch = 0 (Δ=0.310s, 100.00%)
Training throughput: 1 batches in 0.308s; word units 100.0% of 8 words (letters-only 100.0% of 8).
Train Loss: output=0.1750, reconstruction=6.6119
Epoch [177/400]
batch = 0 (Δ=0.309s, 100.00%)
Training throughput: 1 batches in 0.308s; word units 100.0% of 8 words (letters-only 100.0% of 8).
Train Loss: output=0.1750, reconstruction=6.6119
Epoch [178/400]
batch = 0 (Δ=0.309s, 100.00%)
Training throughput: 1 batches in 0.308s; word units 100.0% of 8 words (letters-only 100.0% of 8).
Train Loss: output=0.1750, reconstruction=6.6118
Epoch [179/400]
batch = 0 (Δ=0.395s, 100.00%)
Training throughput: 1 batches in 0.394s; word units 100.0% of 8 words (letters-only 100.0% of 8).
Train Loss: output=0.1750, reconstruction=6.6118
Epoch [180/400]
batch = 0 (Δ=0.312s, 100.00%)
Training throughput: 1 batches in 0.311s; word units 100.0% of 8 words (letters-only 100.0% of 8).
Train Loss: output=0.1750, reconstruction=6.6118
Epoch [181/400]
batch = 0 (Δ=0.308s, 100.00%)
Training throughput: 1 batches in 0.307s; word units 100.0% of 8 words (letters-only 100.0% of 8).
Train Loss: output=0.1750, reconstruction=6.6117
Epoch [182/400]
batch = 0 (Δ=0.311s, 100.00%)
Training throughput: 1 batches in 0.310s; word units 100.0% of 8 words (letters-only 100.0% of 8).
Train Loss: output=0.1750, reconstruction=6.6117
Epoch [183/400]
batch = 0 (Δ=0.311s, 100.00%)
Training throughput: 1 batches in 0.309s; word units 100.0% of 8 words (letters-only 100.0% of 8).
Train Loss: output=0.1750, reconstruction=6.6117
Epoch [184/400]
batch = 0 (Δ=0.310s, 100.00%)
Training throughput: 1 batches in 0.309s; word units 100.0% of 8 words (letters-only 100.0% of 8).
Train Loss: output=0.1750, reconstruction=6.6117
Epoch [185/400]
batch = 0 (Δ=0.311s, 100.00%)
Training throughput: 1 batches in 0.310s; word units 100.0% of 8 words (letters-only 100.0% of 8).
Train Loss: output=0.1750, reconstruction=6.6116
Epoch [186/400]
batch = 0 (Δ=0.310s, 100.00%)
Training throughput: 1 batches in 0.309s; word units 100.0% of 8 words (letters-only 100.0% of 8).
Train Loss: output=0.1750, reconstruction=6.6116
Epoch [187/400]
batch = 0 (Δ=0.310s, 100.00%)
Training throughput: 1 batches in 0.309s; word units 100.0% of 8 words (letters-only 100.0% of 8).
Train Loss: output=0.1750, reconstruction=6.6116
Epoch [188/400]
batch = 0 (Δ=0.308s, 100.00%)
Training throughput: 1 batches in 0.307s; word units 100.0% of 8 words (letters-only 100.0% of 8).
Train Loss: output=0.1750, reconstruction=6.6116
Epoch [189/400]
batch = 0 (Δ=0.311s, 100.00%)
Training throughput: 1 batches in 0.310s; word units 100.0% of 8 words (letters-only 100.0% of 8).
Train Loss: output=0.1750, reconstruction=6.6115
Epoch [190/400]
batch = 0 (Δ=0.312s, 100.00%)
Training throughput: 1 batches in 0.311s; word units 100.0% of 8 words (letters-only 100.0% of 8).
Train Loss: output=0.1750, reconstruction=6.6115
Epoch [191/400]
batch = 0 (Δ=0.309s, 100.00%)
Training throughput: 1 batches in 0.308s; word units 100.0% of 8 words (letters-only 100.0% of 8).
Train Loss: output=0.1750, reconstruction=6.6115
Epoch [192/400]
batch = 0 (Δ=0.313s, 100.00%)
Training throughput: 1 batches in 0.312s; word units 100.0% of 8 words (letters-only 100.0% of 8).
Train Loss: output=0.1750, reconstruction=6.6115
Epoch [193/400]
batch = 0 (Δ=0.313s, 100.00%)
Training throughput: 1 batches in 0.312s; word units 100.0% of 8 words (letters-only 100.0% of 8).
Train Loss: output=0.1750, reconstruction=6.6114
Epoch [194/400]
batch = 0 (Δ=0.390s, 100.00%)
Training throughput: 1 batches in 0.389s; word units 100.0% of 8 words (letters-only 100.0% of 8).
Train Loss: output=0.1750, reconstruction=6.6114
Epoch [195/400]
batch = 0 (Δ=0.313s, 100.00%)
Training throughput: 1 batches in 0.312s; word units 100.0% of 8 words (letters-only 100.0% of 8).
Train Loss: output=0.1750, reconstruction=6.6114
Epoch [196/400]
batch = 0 (Δ=0.310s, 100.00%)
Training throughput: 1 batches in 0.309s; word units 100.0% of 8 words (letters-only 100.0% of 8).
Train Loss: output=0.1750, reconstruction=6.6114
Epoch [197/400]
batch = 0 (Δ=0.311s, 100.00%)
Training throughput: 1 batches in 0.310s; word units 100.0% of 8 words (letters-only 100.0% of 8).
Train Loss: output=0.1750, reconstruction=6.6113
Epoch [198/400]
batch = 0 (Δ=0.309s, 100.00%)
Training throughput: 1 batches in 0.308s; word units 100.0% of 8 words (letters-only 100.0% of 8).
Train Loss: output=0.1750, reconstruction=6.6113
Epoch [199/400]
batch = 0 (Δ=0.311s, 100.00%)
Training throughput: 1 batches in 0.310s; word units 100.0% of 8 words (letters-only 100.0% of 8).
Train Loss: output=0.1750, reconstruction=6.6113
Epoch [200/400]
batch = 0 (Δ=0.310s, 100.00%)
Training throughput: 1 batches in 0.309s; word units 100.0% of 8 words (letters-only 100.0% of 8).
Train Loss: output=0.1750, reconstruction=6.6113
Epoch [201/400]
batch = 0 (Δ=0.312s, 100.00%)
Training throughput: 1 batches in 0.311s; word units 100.0% of 8 words (letters-only 100.0% of 8).
Train Loss: output=0.1750, reconstruction=6.6112
Epoch [202/400]
batch = 0 (Δ=0.310s, 100.00%)
Training throughput: 1 batches in 0.309s; word units 100.0% of 8 words (letters-only 100.0% of 8).
Train Loss: output=0.1750, reconstruction=6.6112
Epoch [203/400]
batch = 0 (Δ=0.312s, 100.00%)
Training throughput: 1 batches in 0.310s; word units 100.0% of 8 words (letters-only 100.0% of 8).
Train Loss: output=0.1750, reconstruction=6.6112
Epoch [204/400]
batch = 0 (Δ=0.310s, 100.00%)
Training throughput: 1 batches in 0.309s; word units 100.0% of 8 words (letters-only 100.0% of 8).
Train Loss: output=0.1750, reconstruction=6.6112
Epoch [205/400]
batch = 0 (Δ=0.312s, 100.00%)
Training throughput: 1 batches in 0.311s; word units 100.0% of 8 words (letters-only 100.0% of 8).
Train Loss: output=0.1750, reconstruction=6.6111
Epoch [206/400]
batch = 0 (Δ=0.317s, 100.00%)
Training throughput: 1 batches in 0.316s; word units 100.0% of 8 words (letters-only 100.0% of 8).
Train Loss: output=0.1750, reconstruction=6.6111
Epoch [207/400]
batch = 0 (Δ=0.312s, 100.00%)
Training throughput: 1 batches in 0.311s; word units 100.0% of 8 words (letters-only 100.0% of 8).
Train Loss: output=0.1750, reconstruction=6.6111
Epoch [208/400]
batch = 0 (Δ=0.312s, 100.00%)
Training throughput: 1 batches in 0.312s; word units 100.0% of 8 words (letters-only 100.0% of 8).
Train Loss: output=0.1750, reconstruction=6.6111
Epoch [209/400]
batch = 0 (Δ=0.394s, 100.00%)
Training throughput: 1 batches in 0.392s; word units 100.0% of 8 words (letters-only 100.0% of 8).
Train Loss: output=0.1750, reconstruction=6.6111
Epoch [210/400]
batch = 0 (Δ=0.316s, 100.00%)
Training throughput: 1 batches in 0.315s; word units 100.0% of 8 words (letters-only 100.0% of 8).
Train Loss: output=0.1750, reconstruction=6.6110
Epoch [211/400]
batch = 0 (Δ=0.311s, 100.00%)
Training throughput: 1 batches in 0.310s; word units 100.0% of 8 words (letters-only 100.0% of 8).
Train Loss: output=0.1750, reconstruction=6.6110
Epoch [212/400]
batch = 0 (Δ=0.311s, 100.00%)
Training throughput: 1 batches in 0.310s; word units 100.0% of 8 words (letters-only 100.0% of 8).
Train Loss: output=0.1750, reconstruction=6.6110
Epoch [213/400]
batch = 0 (Δ=0.316s, 100.00%)
Training throughput: 1 batches in 0.314s; word units 100.0% of 8 words (letters-only 100.0% of 8).
Train Loss: output=0.1750, reconstruction=6.6110
Epoch [214/400]
batch = 0 (Δ=0.313s, 100.00%)
Training throughput: 1 batches in 0.311s; word units 100.0% of 8 words (letters-only 100.0% of 8).
Train Loss: output=0.1750, reconstruction=6.6110
Epoch [215/400]
batch = 0 (Δ=0.312s, 100.00%)
Training throughput: 1 batches in 0.311s; word units 100.0% of 8 words (letters-only 100.0% of 8).
Train Loss: output=0.1750, reconstruction=6.6109
Epoch [216/400]
batch = 0 (Δ=0.316s, 100.00%)
Training throughput: 1 batches in 0.315s; word units 100.0% of 8 words (letters-only 100.0% of 8).
Train Loss: output=0.1750, reconstruction=6.6109
Epoch [217/400]
batch = 0 (Δ=0.314s, 100.00%)
Training throughput: 1 batches in 0.313s; word units 100.0% of 8 words (letters-only 100.0% of 8).
Train Loss: output=0.1750, reconstruction=6.6109
Epoch [218/400]
batch = 0 (Δ=0.312s, 100.00%)
Training throughput: 1 batches in 0.311s; word units 100.0% of 8 words (letters-only 100.0% of 8).
Train Loss: output=0.1750, reconstruction=6.6109
Epoch [219/400]
batch = 0 (Δ=0.312s, 100.00%)
Training throughput: 1 batches in 0.311s; word units 100.0% of 8 words (letters-only 100.0% of 8).
Train Loss: output=0.1750, reconstruction=6.6109
Epoch [220/400]
batch = 0 (Δ=0.314s, 100.00%)
Training throughput: 1 batches in 0.313s; word units 100.0% of 8 words (letters-only 100.0% of 8).
Train Loss: output=0.1750, reconstruction=6.6108
Epoch [221/400]
batch = 0 (Δ=0.311s, 100.00%)
Training throughput: 1 batches in 0.310s; word units 100.0% of 8 words (letters-only 100.0% of 8).
Train Loss: output=0.1750, reconstruction=6.6108
Epoch [222/400]
batch = 0 (Δ=0.314s, 100.00%)
Training throughput: 1 batches in 0.312s; word units 100.0% of 8 words (letters-only 100.0% of 8).
Train Loss: output=0.1750, reconstruction=6.6108
Epoch [223/400]
batch = 0 (Δ=0.313s, 100.00%)
Training throughput: 1 batches in 0.312s; word units 100.0% of 8 words (letters-only 100.0% of 8).
Train Loss: output=0.1750, reconstruction=6.6108
Epoch [224/400]
batch = 0 (Δ=0.313s, 100.00%)
Training throughput: 1 batches in 0.312s; word units 100.0% of 8 words (letters-only 100.0% of 8).
Train Loss: output=0.1750, reconstruction=6.6107
Epoch [225/400]
batch = 0 (Δ=0.397s, 100.00%)
Training throughput: 1 batches in 0.396s; word units 100.0% of 8 words (letters-only 100.0% of 8).
Train Loss: output=0.1750, reconstruction=6.6107
Epoch [226/400]
batch = 0 (Δ=0.313s, 100.00%)
Training throughput: 1 batches in 0.312s; word units 100.0% of 8 words (letters-only 100.0% of 8).
Train Loss: output=0.1750, reconstruction=6.6107
Epoch [227/400]
batch = 0 (Δ=0.317s, 100.00%)
Training throughput: 1 batches in 0.316s; word units 100.0% of 8 words (letters-only 100.0% of 8).
Train Loss: output=0.1750, reconstruction=6.6107
Epoch [228/400]
batch = 0 (Δ=0.314s, 100.00%)
Training throughput: 1 batches in 0.313s; word units 100.0% of 8 words (letters-only 100.0% of 8).
Train Loss: output=0.1750, reconstruction=6.6107
Epoch [229/400]
batch = 0 (Δ=0.315s, 100.00%)
Training throughput: 1 batches in 0.314s; word units 100.0% of 8 words (letters-only 100.0% of 8).
Train Loss: output=0.1750, reconstruction=6.6106
Epoch [230/400]
batch = 0 (Δ=0.312s, 100.00%)
Training throughput: 1 batches in 0.311s; word units 100.0% of 8 words (letters-only 100.0% of 8).
Train Loss: output=0.1750, reconstruction=6.6106
Epoch [231/400]
batch = 0 (Δ=0.317s, 100.00%)
Training throughput: 1 batches in 0.316s; word units 100.0% of 8 words (letters-only 100.0% of 8).
Train Loss: output=0.1750, reconstruction=6.6106
Epoch [232/400]
batch = 0 (Δ=0.313s, 100.00%)
Training throughput: 1 batches in 0.313s; word units 100.0% of 8 words (letters-only 100.0% of 8).
Train Loss: output=0.1750, reconstruction=6.6106
Epoch [233/400]
batch = 0 (Δ=0.313s, 100.00%)
Training throughput: 1 batches in 0.312s; word units 100.0% of 8 words (letters-only 100.0% of 8).
Train Loss: output=0.1750, reconstruction=6.6106
Epoch [234/400]
batch = 0 (Δ=0.316s, 100.00%)
Training throughput: 1 batches in 0.315s; word units 100.0% of 8 words (letters-only 100.0% of 8).
Train Loss: output=0.1750, reconstruction=6.6105
Epoch [235/400]
batch = 0 (Δ=0.314s, 100.00%)
Training throughput: 1 batches in 0.313s; word units 100.0% of 8 words (letters-only 100.0% of 8).
Train Loss: output=0.1750, reconstruction=6.6105
Epoch [236/400]
batch = 0 (Δ=0.316s, 100.00%)
Training throughput: 1 batches in 0.315s; word units 100.0% of 8 words (letters-only 100.0% of 8).
Train Loss: output=0.1750, reconstruction=6.6105
Epoch [237/400]
batch = 0 (Δ=0.315s, 100.00%)
Training throughput: 1 batches in 0.314s; word units 100.0% of 8 words (letters-only 100.0% of 8).
Train Loss: output=0.1750, reconstruction=6.6105
Epoch [238/400]
batch = 0 (Δ=0.316s, 100.00%)
Training throughput: 1 batches in 0.315s; word units 100.0% of 8 words (letters-only 100.0% of 8).
Train Loss: output=0.1750, reconstruction=6.6105
Epoch [239/400]
batch = 0 (Δ=0.314s, 100.00%)
Training throughput: 1 batches in 0.313s; word units 100.0% of 8 words (letters-only 100.0% of 8).
Train Loss: output=0.1750, reconstruction=6.6104
Epoch [240/400]
batch = 0 (Δ=0.312s, 100.00%)
Training throughput: 1 batches in 0.311s; word units 100.0% of 8 words (letters-only 100.0% of 8).
Train Loss: output=0.1750, reconstruction=6.6104
Epoch [241/400]
batch = 0 (Δ=0.394s, 100.00%)
Training throughput: 1 batches in 0.393s; word units 100.0% of 8 words (letters-only 100.0% of 8).
Train Loss: output=0.1750, reconstruction=6.6104
Epoch [242/400]
batch = 0 (Δ=0.320s, 100.00%)
Training throughput: 1 batches in 0.319s; word units 100.0% of 8 words (letters-only 100.0% of 8).
Train Loss: output=0.1750, reconstruction=6.6104
Epoch [243/400]
batch = 0 (Δ=0.315s, 100.00%)
Training throughput: 1 batches in 0.314s; word units 100.0% of 8 words (letters-only 100.0% of 8).
Train Loss: output=0.1750, reconstruction=6.6104
Epoch [244/400]
batch = 0 (Δ=0.315s, 100.00%)
Training throughput: 1 batches in 0.313s; word units 100.0% of 8 words (letters-only 100.0% of 8).
Train Loss: output=0.1750, reconstruction=6.6104
Epoch [245/400]
batch = 0 (Δ=0.316s, 100.00%)
Training throughput: 1 batches in 0.315s; word units 100.0% of 8 words (letters-only 100.0% of 8).
Train Loss: output=0.1750, reconstruction=6.6103
Epoch [246/400]
batch = 0 (Δ=0.316s, 100.00%)
Training throughput: 1 batches in 0.315s; word units 100.0% of 8 words (letters-only 100.0% of 8).
Train Loss: output=0.1750, reconstruction=6.6103
Epoch [247/400]
batch = 0 (Δ=0.314s, 100.00%)
Training throughput: 1 batches in 0.313s; word units 100.0% of 8 words (letters-only 100.0% of 8).
Train Loss: output=0.1750, reconstruction=6.6103
Epoch [248/400]
batch = 0 (Δ=0.318s, 100.00%)
Training throughput: 1 batches in 0.317s; word units 100.0% of 8 words (letters-only 100.0% of 8).
Train Loss: output=0.1750, reconstruction=6.6103
Epoch [249/400]
batch = 0 (Δ=0.317s, 100.00%)
Training throughput: 1 batches in 0.316s; word units 100.0% of 8 words (letters-only 100.0% of 8).
Train Loss: output=0.1750, reconstruction=6.6103
Epoch [250/400]
batch = 0 (Δ=0.317s, 100.00%)
Training throughput: 1 batches in 0.316s; word units 100.0% of 8 words (letters-only 100.0% of 8).
Train Loss: output=0.1750, reconstruction=6.6102
Epoch [251/400]
batch = 0 (Δ=0.315s, 100.00%)
Training throughput: 1 batches in 0.314s; word units 100.0% of 8 words (letters-only 100.0% of 8).
Train Loss: output=0.1750, reconstruction=6.6102
Epoch [252/400]
batch = 0 (Δ=0.316s, 100.00%)
Training throughput: 1 batches in 0.315s; word units 100.0% of 8 words (letters-only 100.0% of 8).
Train Loss: output=0.1750, reconstruction=6.6102
Epoch [253/400]
batch = 0 (Δ=0.315s, 100.00%)
Training throughput: 1 batches in 0.314s; word units 100.0% of 8 words (letters-only 100.0% of 8).
Train Loss: output=0.1750, reconstruction=6.6102
Epoch [254/400]
batch = 0 (Δ=0.319s, 100.00%)
Training throughput: 1 batches in 0.319s; word units 100.0% of 8 words (letters-only 100.0% of 8).
Train Loss: output=0.1750, reconstruction=6.6102
Epoch [255/400]
batch = 0 (Δ=0.319s, 100.00%)
Training throughput: 1 batches in 0.318s; word units 100.0% of 8 words (letters-only 100.0% of 8).
Train Loss: output=0.1750, reconstruction=6.6102
Epoch [256/400]
batch = 0 (Δ=0.307s, 100.00%)
Training throughput: 1 batches in 0.306s; word units 100.0% of 8 words (letters-only 100.0% of 8).
Train Loss: output=0.1750, reconstruction=6.6101
Epoch [257/400]
batch = 0 (Δ=0.390s, 100.00%)
Training throughput: 1 batches in 0.389s; word units 100.0% of 8 words (letters-only 100.0% of 8).
Train Loss: output=0.1750, reconstruction=6.6073
Epoch [258/400]
batch = 0 (Δ=0.312s, 100.00%)
Training throughput: 1 batches in 0.311s; word units 100.0% of 8 words (letters-only 100.0% of 8).
Train Loss: output=0.1750, reconstruction=6.6042
Epoch [259/400]
batch = 0 (Δ=0.307s, 100.00%)
Training throughput: 1 batches in 0.307s; word units 100.0% of 8 words (letters-only 100.0% of 8).
Train Loss: output=0.1750, reconstruction=6.6012
Epoch [260/400]
batch = 0 (Δ=0.306s, 100.00%)
Training throughput: 1 batches in 0.305s; word units 100.0% of 8 words (letters-only 100.0% of 8).
Train Loss: output=0.1750, reconstruction=6.5986
Epoch [261/400]
batch = 0 (Δ=0.308s, 100.00%)
Training throughput: 1 batches in 0.307s; word units 100.0% of 8 words (letters-only 100.0% of 8).
Train Loss: output=0.1750, reconstruction=6.5964
Epoch [262/400]
batch = 0 (Δ=0.310s, 100.00%)
Training throughput: 1 batches in 0.308s; word units 100.0% of 8 words (letters-only 100.0% of 8).
Train Loss: output=0.1750, reconstruction=6.5945
Epoch [263/400]
batch = 0 (Δ=0.315s, 100.00%)
Training throughput: 1 batches in 0.314s; word units 100.0% of 8 words (letters-only 100.0% of 8).
Train Loss: output=0.1750, reconstruction=6.5929
Epoch [264/400]
batch = 0 (Δ=0.310s, 100.00%)
Training throughput: 1 batches in 0.309s; word units 100.0% of 8 words (letters-only 100.0% of 8).
Train Loss: output=0.1751, reconstruction=6.5916
Epoch [265/400]
batch = 0 (Δ=0.313s, 100.00%)
Training throughput: 1 batches in 0.312s; word units 100.0% of 8 words (letters-only 100.0% of 8).
Train Loss: output=0.1756, reconstruction=6.5904
Epoch [266/400]
batch = 0 (Δ=0.308s, 100.00%)
Training throughput: 1 batches in 0.307s; word units 100.0% of 8 words (letters-only 100.0% of 8).
Train Loss: output=0.1777, reconstruction=6.5895
Epoch [267/400]
batch = 0 (Δ=0.308s, 100.00%)
Training throughput: 1 batches in 0.307s; word units 100.0% of 8 words (letters-only 100.0% of 8).
Train Loss: output=0.1819, reconstruction=6.5887
Epoch [268/400]
batch = 0 (Δ=0.310s, 100.00%)
Training throughput: 1 batches in 0.309s; word units 100.0% of 8 words (letters-only 100.0% of 8).
Train Loss: output=0.1783, reconstruction=6.5881
Epoch [269/400]
batch = 0 (Δ=0.312s, 100.00%)
Training throughput: 1 batches in 0.312s; word units 100.0% of 8 words (letters-only 100.0% of 8).
Train Loss: output=0.1761, reconstruction=6.5875
Epoch [270/400]
batch = 0 (Δ=0.312s, 100.00%)
Training throughput: 1 batches in 0.311s; word units 100.0% of 8 words (letters-only 100.0% of 8).
Train Loss: output=0.1781, reconstruction=6.5870
Epoch [271/400]
batch = 0 (Δ=0.316s, 100.00%)
Training throughput: 1 batches in 0.315s; word units 100.0% of 8 words (letters-only 100.0% of 8).
Train Loss: output=0.1753, reconstruction=6.5866
Epoch [272/400]
batch = 0 (Δ=0.312s, 100.00%)
Training throughput: 1 batches in 0.311s; word units 100.0% of 8 words (letters-only 100.0% of 8).
Train Loss: output=0.1770, reconstruction=6.5863
Epoch [273/400]
batch = 0 (Δ=0.311s, 100.00%)
Training throughput: 1 batches in 0.310s; word units 100.0% of 8 words (letters-only 100.0% of 8).
Train Loss: output=0.1753, reconstruction=6.5860
Epoch [274/400]
batch = 0 (Δ=0.309s, 100.00%)
Training throughput: 1 batches in 0.308s; word units 100.0% of 8 words (letters-only 100.0% of 8).
Train Loss: output=0.1761, reconstruction=6.5858
Epoch [275/400]
batch = 0 (Δ=0.397s, 100.00%)
Training throughput: 1 batches in 0.396s; word units 100.0% of 8 words (letters-only 100.0% of 8).
Train Loss: output=0.1754, reconstruction=6.5856
Epoch [276/400]
batch = 0 (Δ=0.311s, 100.00%)
Training throughput: 1 batches in 0.310s; word units 100.0% of 8 words (letters-only 100.0% of 8).
Train Loss: output=0.1755, reconstruction=6.5854
Epoch [277/400]
batch = 0 (Δ=0.310s, 100.00%)
Training throughput: 1 batches in 0.309s; word units 100.0% of 8 words (letters-only 100.0% of 8).
Train Loss: output=0.1755, reconstruction=6.5853
Epoch [278/400]
batch = 0 (Δ=0.309s, 100.00%)
Training throughput: 1 batches in 0.308s; word units 100.0% of 8 words (letters-only 100.0% of 8).
Train Loss: output=0.1752, reconstruction=6.5851
Epoch [279/400]
batch = 0 (Δ=0.311s, 100.00%)
Training throughput: 1 batches in 0.310s; word units 100.0% of 8 words (letters-only 100.0% of 8).
Train Loss: output=0.1754, reconstruction=6.5850
Epoch [280/400]
batch = 0 (Δ=0.310s, 100.00%)
Training throughput: 1 batches in 0.309s; word units 100.0% of 8 words (letters-only 100.0% of 8).
Train Loss: output=0.1750, reconstruction=6.5849
Epoch [281/400]
batch = 0 (Δ=0.307s, 100.00%)
Training throughput: 1 batches in 0.306s; word units 100.0% of 8 words (letters-only 100.0% of 8).
Train Loss: output=0.1753, reconstruction=6.5848
Epoch [282/400]
batch = 0 (Δ=0.309s, 100.00%)
Training throughput: 1 batches in 0.308s; word units 100.0% of 8 words (letters-only 100.0% of 8).
Train Loss: output=0.1750, reconstruction=6.5847
Epoch [283/400]
batch = 0 (Δ=0.309s, 100.00%)
Training throughput: 1 batches in 0.308s; word units 100.0% of 8 words (letters-only 100.0% of 8).
Train Loss: output=0.1752, reconstruction=6.5846
Epoch [284/400]
batch = 0 (Δ=0.312s, 100.00%)
Training throughput: 1 batches in 0.311s; word units 100.0% of 8 words (letters-only 100.0% of 8).
Train Loss: output=0.1750, reconstruction=6.5846
Epoch [285/400]
batch = 0 (Δ=0.309s, 100.00%)
Training throughput: 1 batches in 0.308s; word units 100.0% of 8 words (letters-only 100.0% of 8).
Train Loss: output=0.1751, reconstruction=6.5845
Epoch [286/400]
batch = 0 (Δ=0.312s, 100.00%)
Training throughput: 1 batches in 0.311s; word units 100.0% of 8 words (letters-only 100.0% of 8).
Train Loss: output=0.1750, reconstruction=6.5845
Epoch [287/400]
batch = 0 (Δ=0.313s, 100.00%)
Training throughput: 1 batches in 0.312s; word units 100.0% of 8 words (letters-only 100.0% of 8).
Train Loss: output=0.1751, reconstruction=6.5844
Epoch [288/400]
batch = 0 (Δ=0.310s, 100.00%)
Training throughput: 1 batches in 0.309s; word units 100.0% of 8 words (letters-only 100.0% of 8).
Train Loss: output=0.1750, reconstruction=6.5844
Epoch [289/400]
batch = 0 (Δ=0.311s, 100.00%)
Training throughput: 1 batches in 0.310s; word units 100.0% of 8 words (letters-only 100.0% of 8).
Train Loss: output=0.1750, reconstruction=6.5843
Epoch [290/400]
batch = 0 (Δ=0.311s, 100.00%)
Training throughput: 1 batches in 0.310s; word units 100.0% of 8 words (letters-only 100.0% of 8).
Train Loss: output=0.1750, reconstruction=6.5843
Epoch [291/400]
batch = 0 (Δ=0.310s, 100.00%)
Training throughput: 1 batches in 0.309s; word units 100.0% of 8 words (letters-only 100.0% of 8).
Train Loss: output=0.1750, reconstruction=6.5842
Epoch [292/400]
batch = 0 (Δ=0.392s, 100.00%)
Training throughput: 1 batches in 0.391s; word units 100.0% of 8 words (letters-only 100.0% of 8).
Train Loss: output=0.1750, reconstruction=6.5842
Epoch [293/400]
batch = 0 (Δ=0.311s, 100.00%)
Training throughput: 1 batches in 0.310s; word units 100.0% of 8 words (letters-only 100.0% of 8).
Train Loss: output=0.1750, reconstruction=6.5842
Epoch [294/400]
batch = 0 (Δ=0.311s, 100.00%)
Training throughput: 1 batches in 0.310s; word units 100.0% of 8 words (letters-only 100.0% of 8).
Train Loss: output=0.1750, reconstruction=6.5841
Epoch [295/400]
batch = 0 (Δ=0.310s, 100.00%)
Training throughput: 1 batches in 0.309s; word units 100.0% of 8 words (letters-only 100.0% of 8).
Train Loss: output=0.1750, reconstruction=6.5841
Epoch [296/400]
batch = 0 (Δ=0.313s, 100.00%)
Training throughput: 1 batches in 0.312s; word units 100.0% of 8 words (letters-only 100.0% of 8).
Train Loss: output=0.1750, reconstruction=6.5841
Epoch [297/400]
batch = 0 (Δ=0.312s, 100.00%)
Training throughput: 1 batches in 0.311s; word units 100.0% of 8 words (letters-only 100.0% of 8).
Train Loss: output=0.1750, reconstruction=6.5841
Epoch [298/400]
batch = 0 (Δ=0.309s, 100.00%)
Training throughput: 1 batches in 0.308s; word units 100.0% of 8 words (letters-only 100.0% of 8).
Train Loss: output=0.1750, reconstruction=6.5840
Epoch [299/400]
batch = 0 (Δ=0.311s, 100.00%)
Training throughput: 1 batches in 0.310s; word units 100.0% of 8 words (letters-only 100.0% of 8).
Train Loss: output=0.1750, reconstruction=6.5840
Epoch [300/400]
batch = 0 (Δ=0.311s, 100.00%)
Training throughput: 1 batches in 0.310s; word units 100.0% of 8 words (letters-only 100.0% of 8).
Train Loss: output=0.1750, reconstruction=6.5840
Epoch [301/400]
batch = 0 (Δ=0.309s, 100.00%)
Training throughput: 1 batches in 0.308s; word units 100.0% of 8 words (letters-only 100.0% of 8).
Train Loss: output=0.1750, reconstruction=6.5840
Epoch [302/400]
batch = 0 (Δ=0.308s, 100.00%)
Training throughput: 1 batches in 0.307s; word units 100.0% of 8 words (letters-only 100.0% of 8).
Train Loss: output=0.1750, reconstruction=6.5839
Epoch [303/400]
batch = 0 (Δ=0.308s, 100.00%)
Training throughput: 1 batches in 0.308s; word units 100.0% of 8 words (letters-only 100.0% of 8).
Train Loss: output=0.1750, reconstruction=6.5839
Epoch [304/400]
batch = 0 (Δ=0.315s, 100.00%)
Training throughput: 1 batches in 0.314s; word units 100.0% of 8 words (letters-only 100.0% of 8).
Train Loss: output=0.1750, reconstruction=6.5839
Epoch [305/400]
batch = 0 (Δ=0.314s, 100.00%)
Training throughput: 1 batches in 0.313s; word units 100.0% of 8 words (letters-only 100.0% of 8).
Train Loss: output=0.1750, reconstruction=6.5839
Epoch [306/400]
batch = 0 (Δ=0.310s, 100.00%)
Training throughput: 1 batches in 0.309s; word units 100.0% of 8 words (letters-only 100.0% of 8).
Train Loss: output=0.1750, reconstruction=6.5839
Epoch [307/400]
batch = 0 (Δ=0.312s, 100.00%)
Training throughput: 1 batches in 0.310s; word units 100.0% of 8 words (letters-only 100.0% of 8).
Train Loss: output=0.1750, reconstruction=6.5838
Epoch [308/400]
batch = 0 (Δ=0.310s, 100.00%)
Training throughput: 1 batches in 0.309s; word units 100.0% of 8 words (letters-only 100.0% of 8).
Train Loss: output=0.1750, reconstruction=6.5838
Epoch [309/400]
batch = 0 (Δ=0.309s, 100.00%)
Training throughput: 1 batches in 0.308s; word units 100.0% of 8 words (letters-only 100.0% of 8).
Train Loss: output=0.1750, reconstruction=6.5838
Epoch [310/400]
batch = 0 (Δ=0.394s, 100.00%)
Training throughput: 1 batches in 0.393s; word units 100.0% of 8 words (letters-only 100.0% of 8).
Train Loss: output=0.1750, reconstruction=6.5838
Epoch [311/400]
batch = 0 (Δ=0.312s, 100.00%)
Training throughput: 1 batches in 0.311s; word units 100.0% of 8 words (letters-only 100.0% of 8).
Train Loss: output=0.1750, reconstruction=6.5838
Epoch [312/400]
batch = 0 (Δ=0.313s, 100.00%)
Training throughput: 1 batches in 0.312s; word units 100.0% of 8 words (letters-only 100.0% of 8).
Train Loss: output=0.1750, reconstruction=6.5838
Epoch [313/400]
batch = 0 (Δ=0.312s, 100.00%)
Training throughput: 1 batches in 0.311s; word units 100.0% of 8 words (letters-only 100.0% of 8).
Train Loss: output=0.1750, reconstruction=6.5837
Epoch [314/400]
batch = 0 (Δ=0.309s, 100.00%)
Training throughput: 1 batches in 0.308s; word units 100.0% of 8 words (letters-only 100.0% of 8).
Train Loss: output=0.1750, reconstruction=6.5837
Epoch [315/400]
batch = 0 (Δ=0.310s, 100.00%)
Training throughput: 1 batches in 0.309s; word units 100.0% of 8 words (letters-only 100.0% of 8).
Train Loss: output=0.1750, reconstruction=6.5837
Epoch [316/400]
batch = 0 (Δ=0.309s, 100.00%)
Training throughput: 1 batches in 0.308s; word units 100.0% of 8 words (letters-only 100.0% of 8).
Train Loss: output=0.1750, reconstruction=6.5837
Epoch [317/400]
batch = 0 (Δ=0.312s, 100.00%)
Training throughput: 1 batches in 0.311s; word units 100.0% of 8 words (letters-only 100.0% of 8).
Train Loss: output=0.1750, reconstruction=6.5837
Epoch [318/400]
batch = 0 (Δ=0.307s, 100.00%)
Training throughput: 1 batches in 0.306s; word units 100.0% of 8 words (letters-only 100.0% of 8).
Train Loss: output=0.1750, reconstruction=6.5837
Epoch [319/400]
batch = 0 (Δ=0.310s, 100.00%)
Training throughput: 1 batches in 0.309s; word units 100.0% of 8 words (letters-only 100.0% of 8).
Train Loss: output=0.1750, reconstruction=6.5837
Epoch [320/400]
batch = 0 (Δ=0.312s, 100.00%)
Training throughput: 1 batches in 0.311s; word units 100.0% of 8 words (letters-only 100.0% of 8).
Train Loss: output=0.1750, reconstruction=6.5837
Epoch [321/400]
batch = 0 (Δ=0.311s, 100.00%)
Training throughput: 1 batches in 0.310s; word units 100.0% of 8 words (letters-only 100.0% of 8).
Train Loss: output=0.1750, reconstruction=6.5836
Epoch [322/400]
batch = 0 (Δ=0.311s, 100.00%)
Training throughput: 1 batches in 0.310s; word units 100.0% of 8 words (letters-only 100.0% of 8).
Train Loss: output=0.1750, reconstruction=6.5836
Epoch [323/400]
batch = 0 (Δ=0.309s, 100.00%)
Training throughput: 1 batches in 0.308s; word units 100.0% of 8 words (letters-only 100.0% of 8).
Train Loss: output=0.1750, reconstruction=6.5836
Epoch [324/400]
batch = 0 (Δ=0.311s, 100.00%)
Training throughput: 1 batches in 0.310s; word units 100.0% of 8 words (letters-only 100.0% of 8).
Train Loss: output=0.1750, reconstruction=6.5836
Epoch [325/400]
batch = 0 (Δ=0.310s, 100.00%)
Training throughput: 1 batches in 0.309s; word units 100.0% of 8 words (letters-only 100.0% of 8).
Train Loss: output=0.1750, reconstruction=6.5836
Epoch [326/400]
batch = 0 (Δ=0.312s, 100.00%)
Training throughput: 1 batches in 0.312s; word units 100.0% of 8 words (letters-only 100.0% of 8).
Train Loss: output=0.1750, reconstruction=6.5836
Epoch [327/400]
batch = 0 (Δ=0.312s, 100.00%)
Training throughput: 1 batches in 0.311s; word units 100.0% of 8 words (letters-only 100.0% of 8).
Train Loss: output=0.1750, reconstruction=6.5836
Epoch [328/400]
batch = 0 (Δ=0.390s, 100.00%)
Training throughput: 1 batches in 0.389s; word units 100.0% of 8 words (letters-only 100.0% of 8).
Train Loss: output=0.1750, reconstruction=6.5836
Epoch [329/400]
batch = 0 (Δ=0.311s, 100.00%)
Training throughput: 1 batches in 0.310s; word units 100.0% of 8 words (letters-only 100.0% of 8).
Train Loss: output=0.1750, reconstruction=6.5836
Epoch [330/400]
batch = 0 (Δ=0.309s, 100.00%)
Training throughput: 1 batches in 0.308s; word units 100.0% of 8 words (letters-only 100.0% of 8).
Train Loss: output=0.1750, reconstruction=6.5836
Epoch [331/400]
batch = 0 (Δ=0.312s, 100.00%)
Training throughput: 1 batches in 0.311s; word units 100.0% of 8 words (letters-only 100.0% of 8).
Train Loss: output=0.1750, reconstruction=6.5836
Epoch [332/400]
batch = 0 (Δ=0.311s, 100.00%)
Training throughput: 1 batches in 0.310s; word units 100.0% of 8 words (letters-only 100.0% of 8).
Train Loss: output=0.1750, reconstruction=6.5835
Epoch [333/400]
batch = 0 (Δ=0.312s, 100.00%)
Training throughput: 1 batches in 0.311s; word units 100.0% of 8 words (letters-only 100.0% of 8).
Train Loss: output=0.1750, reconstruction=6.5835
Epoch [334/400]
batch = 0 (Δ=0.310s, 100.00%)
Training throughput: 1 batches in 0.309s; word units 100.0% of 8 words (letters-only 100.0% of 8).
Train Loss: output=0.1750, reconstruction=6.5835
Epoch [335/400]
batch = 0 (Δ=0.314s, 100.00%)
Training throughput: 1 batches in 0.313s; word units 100.0% of 8 words (letters-only 100.0% of 8).
Train Loss: output=0.1750, reconstruction=6.5835
Epoch [336/400]
batch = 0 (Δ=0.311s, 100.00%)
Training throughput: 1 batches in 0.310s; word units 100.0% of 8 words (letters-only 100.0% of 8).
Train Loss: output=0.1750, reconstruction=6.5835
Epoch [337/400]
batch = 0 (Δ=0.307s, 100.00%)
Training throughput: 1 batches in 0.306s; word units 100.0% of 8 words (letters-only 100.0% of 8).
Train Loss: output=0.1750, reconstruction=6.5835
Epoch [338/400]
batch = 0 (Δ=0.311s, 100.00%)
Training throughput: 1 batches in 0.310s; word units 100.0% of 8 words (letters-only 100.0% of 8).
Train Loss: output=0.1750, reconstruction=6.5835
Epoch [339/400]
batch = 0 (Δ=0.308s, 100.00%)
Training throughput: 1 batches in 0.307s; word units 100.0% of 8 words (letters-only 100.0% of 8).
Train Loss: output=0.1750, reconstruction=6.5835
Epoch [340/400]
batch = 0 (Δ=0.309s, 100.00%)
Training throughput: 1 batches in 0.308s; word units 100.0% of 8 words (letters-only 100.0% of 8).
Train Loss: output=0.1750, reconstruction=6.5835
Epoch [341/400]
batch = 0 (Δ=0.312s, 100.00%)
Training throughput: 1 batches in 0.311s; word units 100.0% of 8 words (letters-only 100.0% of 8).
Train Loss: output=0.1750, reconstruction=6.5835
Epoch [342/400]
batch = 0 (Δ=0.312s, 100.00%)
Training throughput: 1 batches in 0.311s; word units 100.0% of 8 words (letters-only 100.0% of 8).
Train Loss: output=0.1750, reconstruction=6.5835
Epoch [343/400]
batch = 0 (Δ=0.310s, 100.00%)
Training throughput: 1 batches in 0.308s; word units 100.0% of 8 words (letters-only 100.0% of 8).
Train Loss: output=0.1750, reconstruction=6.5835
Epoch [344/400]
batch = 0 (Δ=0.308s, 100.00%)
Training throughput: 1 batches in 0.307s; word units 100.0% of 8 words (letters-only 100.0% of 8).
Train Loss: output=0.1750, reconstruction=6.5835
Epoch [345/400]
batch = 0 (Δ=0.309s, 100.00%)
Training throughput: 1 batches in 0.308s; word units 100.0% of 8 words (letters-only 100.0% of 8).
Train Loss: output=0.1750, reconstruction=6.5835
Epoch [346/400]
batch = 0 (Δ=0.391s, 100.00%)
Training throughput: 1 batches in 0.390s; word units 100.0% of 8 words (letters-only 100.0% of 8).
Train Loss: output=0.1750, reconstruction=6.5835
Epoch [347/400]
batch = 0 (Δ=0.314s, 100.00%)
Training throughput: 1 batches in 0.313s; word units 100.0% of 8 words (letters-only 100.0% of 8).
Train Loss: output=0.1750, reconstruction=6.5834
Epoch [348/400]
batch = 0 (Δ=0.309s, 100.00%)
Training throughput: 1 batches in 0.308s; word units 100.0% of 8 words (letters-only 100.0% of 8).
Train Loss: output=0.1750, reconstruction=6.5834
Epoch [349/400]
batch = 0 (Δ=0.317s, 100.00%)
Training throughput: 1 batches in 0.316s; word units 100.0% of 8 words (letters-only 100.0% of 8).
Train Loss: output=0.1750, reconstruction=6.5834
Epoch [350/400]
batch = 0 (Δ=0.310s, 100.00%)
Training throughput: 1 batches in 0.309s; word units 100.0% of 8 words (letters-only 100.0% of 8).
Train Loss: output=0.1750, reconstruction=6.5834
Epoch [351/400]
batch = 0 (Δ=0.309s, 100.00%)
Training throughput: 1 batches in 0.308s; word units 100.0% of 8 words (letters-only 100.0% of 8).
Train Loss: output=0.1750, reconstruction=6.5834
Epoch [352/400]
batch = 0 (Δ=0.314s, 100.00%)
Training throughput: 1 batches in 0.313s; word units 100.0% of 8 words (letters-only 100.0% of 8).
Train Loss: output=0.1750, reconstruction=6.5834
Epoch [353/400]
batch = 0 (Δ=0.308s, 100.00%)
Training throughput: 1 batches in 0.307s; word units 100.0% of 8 words (letters-only 100.0% of 8).
Train Loss: output=0.1750, reconstruction=6.5834
Epoch [354/400]
batch = 0 (Δ=0.311s, 100.00%)
Training throughput: 1 batches in 0.310s; word units 100.0% of 8 words (letters-only 100.0% of 8).
Train Loss: output=0.1750, reconstruction=6.5834
Epoch [355/400]
batch = 0 (Δ=0.309s, 100.00%)
Training throughput: 1 batches in 0.308s; word units 100.0% of 8 words (letters-only 100.0% of 8).
Train Loss: output=0.1750, reconstruction=6.5834
Epoch [356/400]
batch = 0 (Δ=0.310s, 100.00%)
Training throughput: 1 batches in 0.309s; word units 100.0% of 8 words (letters-only 100.0% of 8).
Train Loss: output=0.1750, reconstruction=6.5834
Epoch [357/400]
batch = 0 (Δ=0.310s, 100.00%)
Training throughput: 1 batches in 0.309s; word units 100.0% of 8 words (letters-only 100.0% of 8).
Train Loss: output=0.1750, reconstruction=6.5834
Epoch [358/400]
batch = 0 (Δ=0.310s, 100.00%)
Training throughput: 1 batches in 0.309s; word units 100.0% of 8 words (letters-only 100.0% of 8).
Train Loss: output=0.1750, reconstruction=6.5834
Epoch [359/400]
batch = 0 (Δ=0.311s, 100.00%)
Training throughput: 1 batches in 0.310s; word units 100.0% of 8 words (letters-only 100.0% of 8).
Train Loss: output=0.1750, reconstruction=6.5834
Epoch [360/400]
batch = 0 (Δ=0.308s, 100.00%)
Training throughput: 1 batches in 0.307s; word units 100.0% of 8 words (letters-only 100.0% of 8).
Train Loss: output=0.1750, reconstruction=6.5834
Epoch [361/400]
batch = 0 (Δ=0.309s, 100.00%)
Training throughput: 1 batches in 0.308s; word units 100.0% of 8 words (letters-only 100.0% of 8).
Train Loss: output=0.1750, reconstruction=6.5834
Epoch [362/400]
batch = 0 (Δ=0.315s, 100.00%)
Training throughput: 1 batches in 0.314s; word units 100.0% of 8 words (letters-only 100.0% of 8).
Train Loss: output=0.1750, reconstruction=6.5834
Epoch [363/400]
batch = 0 (Δ=0.311s, 100.00%)
Training throughput: 1 batches in 0.310s; word units 100.0% of 8 words (letters-only 100.0% of 8).
Train Loss: output=0.1750, reconstruction=6.5834
Epoch [364/400]
batch = 0 (Δ=0.385s, 100.00%)
Training throughput: 1 batches in 0.384s; word units 100.0% of 8 words (letters-only 100.0% of 8).
Train Loss: output=0.1750, reconstruction=6.5834
Epoch [365/400]
batch = 0 (Δ=0.311s, 100.00%)
Training throughput: 1 batches in 0.311s; word units 100.0% of 8 words (letters-only 100.0% of 8).
Train Loss: output=0.1750, reconstruction=6.5834
Epoch [366/400]
batch = 0 (Δ=0.313s, 100.00%)
Training throughput: 1 batches in 0.311s; word units 100.0% of 8 words (letters-only 100.0% of 8).
Train Loss: output=0.1750, reconstruction=6.5834
Epoch [367/400]
batch = 0 (Δ=0.308s, 100.00%)
Training throughput: 1 batches in 0.307s; word units 100.0% of 8 words (letters-only 100.0% of 8).
Train Loss: output=0.1750, reconstruction=6.5834
Epoch [368/400]
batch = 0 (Δ=0.309s, 100.00%)
Training throughput: 1 batches in 0.308s; word units 100.0% of 8 words (letters-only 100.0% of 8).
Train Loss: output=0.1750, reconstruction=6.5834
Epoch [369/400]
batch = 0 (Δ=0.309s, 100.00%)
Training throughput: 1 batches in 0.308s; word units 100.0% of 8 words (letters-only 100.0% of 8).
Train Loss: output=0.1750, reconstruction=6.5834
Epoch [370/400]
batch = 0 (Δ=0.310s, 100.00%)
Training throughput: 1 batches in 0.309s; word units 100.0% of 8 words (letters-only 100.0% of 8).
Train Loss: output=0.1750, reconstruction=6.5833
Epoch [371/400]
batch = 0 (Δ=0.309s, 100.00%)
Training throughput: 1 batches in 0.308s; word units 100.0% of 8 words (letters-only 100.0% of 8).
Train Loss: output=0.1750, reconstruction=6.5833
Epoch [372/400]
batch = 0 (Δ=0.310s, 100.00%)
Training throughput: 1 batches in 0.309s; word units 100.0% of 8 words (letters-only 100.0% of 8).
Train Loss: output=0.1750, reconstruction=6.5833
Epoch [373/400]
batch = 0 (Δ=0.314s, 100.00%)
Training throughput: 1 batches in 0.312s; word units 100.0% of 8 words (letters-only 100.0% of 8).
Train Loss: output=0.1750, reconstruction=6.5833
Epoch [374/400]
batch = 0 (Δ=0.309s, 100.00%)
Training throughput: 1 batches in 0.308s; word units 100.0% of 8 words (letters-only 100.0% of 8).
Train Loss: output=0.1750, reconstruction=6.5833
Epoch [375/400]
batch = 0 (Δ=0.310s, 100.00%)
Training throughput: 1 batches in 0.308s; word units 100.0% of 8 words (letters-only 100.0% of 8).
Train Loss: output=0.1750, reconstruction=6.5833
Epoch [376/400]
batch = 0 (Δ=0.309s, 100.00%)
Training throughput: 1 batches in 0.308s; word units 100.0% of 8 words (letters-only 100.0% of 8).
Train Loss: output=0.1750, reconstruction=6.5833
Epoch [377/400]
batch = 0 (Δ=0.311s, 100.00%)
Training throughput: 1 batches in 0.310s; word units 100.0% of 8 words (letters-only 100.0% of 8).
Train Loss: output=0.1750, reconstruction=6.5833
Epoch [378/400]
batch = 0 (Δ=0.311s, 100.00%)
Training throughput: 1 batches in 0.310s; word units 100.0% of 8 words (letters-only 100.0% of 8).
Train Loss: output=0.1750, reconstruction=6.5833
Epoch [379/400]
batch = 0 (Δ=0.307s, 100.00%)
Training throughput: 1 batches in 0.306s; word units 100.0% of 8 words (letters-only 100.0% of 8).
Train Loss: output=0.1750, reconstruction=6.5833
Epoch [380/400]
batch = 0 (Δ=0.311s, 100.00%)
Training throughput: 1 batches in 0.310s; word units 100.0% of 8 words (letters-only 100.0% of 8).
Train Loss: output=0.1750, reconstruction=6.5833
Epoch [381/400]
batch = 0 (Δ=0.311s, 100.00%)
Training throughput: 1 batches in 0.310s; word units 100.0% of 8 words (letters-only 100.0% of 8).
Train Loss: output=0.1750, reconstruction=6.5833
Epoch [382/400]
batch = 0 (Δ=0.394s, 100.00%)
Training throughput: 1 batches in 0.393s; word units 100.0% of 8 words (letters-only 100.0% of 8).
Train Loss: output=0.1750, reconstruction=6.5833
Epoch [383/400]
batch = 0 (Δ=0.314s, 100.00%)
Training throughput: 1 batches in 0.312s; word units 100.0% of 8 words (letters-only 100.0% of 8).
Train Loss: output=0.1750, reconstruction=6.5833
Epoch [384/400]
batch = 0 (Δ=0.313s, 100.00%)
Training throughput: 1 batches in 0.312s; word units 100.0% of 8 words (letters-only 100.0% of 8).
Train Loss: output=0.1750, reconstruction=6.5833
Epoch [385/400]
batch = 0 (Δ=0.310s, 100.00%)
Training throughput: 1 batches in 0.309s; word units 100.0% of 8 words (letters-only 100.0% of 8).
Train Loss: output=0.1750, reconstruction=6.5833
Epoch [386/400]
batch = 0 (Δ=0.310s, 100.00%)
Training throughput: 1 batches in 0.309s; word units 100.0% of 8 words (letters-only 100.0% of 8).
Train Loss: output=0.1750, reconstruction=6.5833
Epoch [387/400]
batch = 0 (Δ=0.314s, 100.00%)
Training throughput: 1 batches in 0.312s; word units 100.0% of 8 words (letters-only 100.0% of 8).
Train Loss: output=0.1750, reconstruction=6.5833
Epoch [388/400]
batch = 0 (Δ=0.309s, 100.00%)
Training throughput: 1 batches in 0.308s; word units 100.0% of 8 words (letters-only 100.0% of 8).
Train Loss: output=0.1750, reconstruction=6.5833
Epoch [389/400]
batch = 0 (Δ=0.316s, 100.00%)
Training throughput: 1 batches in 0.315s; word units 100.0% of 8 words (letters-only 100.0% of 8).
Train Loss: output=0.1750, reconstruction=6.5833
Epoch [390/400]
batch = 0 (Δ=0.311s, 100.00%)
Training throughput: 1 batches in 0.310s; word units 100.0% of 8 words (letters-only 100.0% of 8).
Train Loss: output=0.1750, reconstruction=6.5833
Epoch [391/400]
batch = 0 (Δ=0.310s, 100.00%)
Training throughput: 1 batches in 0.309s; word units 100.0% of 8 words (letters-only 100.0% of 8).
Train Loss: output=0.1750, reconstruction=6.5833
Epoch [392/400]
batch = 0 (Δ=0.308s, 100.00%)
Training throughput: 1 batches in 0.307s; word units 100.0% of 8 words (letters-only 100.0% of 8).
Train Loss: output=0.1750, reconstruction=6.5833
Epoch [393/400]
batch = 0 (Δ=0.309s, 100.00%)
Training throughput: 1 batches in 0.308s; word units 100.0% of 8 words (letters-only 100.0% of 8).
Train Loss: output=0.1750, reconstruction=6.5833
Epoch [394/400]
batch = 0 (Δ=0.312s, 100.00%)
Training throughput: 1 batches in 0.311s; word units 100.0% of 8 words (letters-only 100.0% of 8).
Train Loss: output=0.1750, reconstruction=6.5833
Epoch [395/400]
batch = 0 (Δ=0.311s, 100.00%)
Training throughput: 1 batches in 0.310s; word units 100.0% of 8 words (letters-only 100.0% of 8).
Train Loss: output=0.1750, reconstruction=6.5833
Epoch [396/400]
batch = 0 (Δ=0.310s, 100.00%)
Training throughput: 1 batches in 0.310s; word units 100.0% of 8 words (letters-only 100.0% of 8).
Train Loss: output=0.1751, reconstruction=6.5833
Epoch [397/400]
batch = 0 (Δ=0.311s, 100.00%)
Training throughput: 1 batches in 0.310s; word units 100.0% of 8 words (letters-only 100.0% of 8).
Train Loss: output=0.1752, reconstruction=6.5833
Epoch [398/400]
batch = 0 (Δ=0.311s, 100.00%)
Training throughput: 1 batches in 0.310s; word units 100.0% of 8 words (letters-only 100.0% of 8).
Train Loss: output=0.1759, reconstruction=6.5833
Epoch [399/400]
batch = 0 (Δ=0.313s, 100.00%)
Training throughput: 1 batches in 0.312s; word units 100.0% of 8 words (letters-only 100.0% of 8).
Train Loss: output=0.1782, reconstruction=6.5833
Epoch [400/400]
batch = 0 (Δ=0.391s, 100.00%)
Training throughput: 1 batches in 0.390s; word units 100.0% of 8 words (letters-only 100.0% of 8).
Train Loss: output=0.1823, reconstruction=6.5833
Final Stats:
=== Selected operation grammar ===
batch = 0 (Δ=0.277s, 100.00%)
Training throughput: 1 batches in 0.216s; word units 100.0% of 8 words (letters-only 100.0% of 8).
=== Input Reconstruction (test) ===
  row[0] input='hello world' -> reconstructed='hello ' label=0.0000 predicted=0.4003 MISMATCH
  row[1] input='hello there' -> reconstructed='hello ' label=1.0000 predicted=0.4019 MISMATCH
  row[2] input='loving world' -> reconstructed='world ' label=1.0000 predicted=0.3952 MISMATCH
  row[3] input='loving there' -> reconstructed='there ' label=0.0000 predicted=0.3968 MISMATCH
