F                                                                        [100%]
=================================== FAILURES ===================================
____________ TestMMXorConvergence.test_mm_grammar_learns_xor_signal ____________
test/test_mm_xor.py:187: in test_mm_grammar_learns_xor_signal
    self._fit_xor(os.path.join(_PROJECT, "data", "MM_grammar.xml"),
test/test_mm_xor.py:162: in _fit_xor
    _, _, output, _ = m.forward(inp)
                      ^^^^^^^^^^^^^^
bin/Models.py:154: in masked
    return method(self, *args, **kwargs)
           ^^^^^^^^^^^^^^^^^^^^^^^^^^^^^
bin/Models.py:8768: in forward
    return self._forward_per_stage(inputData)
           ^^^^^^^^^^^^^^^^^^^^^^^^^^^^^^^^^^
bin/Models.py:23741: in _forward_per_stage
    body_result = self._forward_body(
bin/Models.py:17672: in _forward_body
    return self._forward_body_per_word(
bin/Models.py:21917: in _forward_body_per_word
    self._run_tensor_peer_word_pipeline(N_words))
    ^^^^^^^^^^^^^^^^^^^^^^^^^^^^^^^^^^^^^^^^^^^^
bin/Models.py:21459: in _run_tensor_peer_word_pipeline
    feedback, trip_count) = self._run_sentence_word_bricks(
bin/Models.py:20722: in _run_sentence_word_bricks
    chosen = self._commit_sentence(chosen, sid, present, observations, predictions, wins)
             ^^^^^^^^^^^^^^^^^^^^^^^^^^^^^^^^^^^^^^^^^^^^^^^^^^^^^^^^^^^^^^^^^^^^^^^^^^^^
bin/Models.py:20506: in _commit_sentence
    row = _append_observed_meaning(store, view['clauses'][b],
bin/Models.py:163: in _append_observed_meaning
    return store.write_clause(clause, trust=trust, kind=kind, stream=stream,
.venv/lib/python3.12/site-packages/torch/utils/_contextlib.py:124: in decorate_context
    return func(*args, **kwargs)
           ^^^^^^^^^^^^^^^^^^^^^
bin/ClauseRow.py:301: in write_clause
    preflight(clause)
bin/ClauseRow.py:256: in preflight
    child_ids = tuple(preflight(child) for child in value.children)
                ^^^^^^^^^^^^^^^^^^^^^^^^^^^^^^^^^^^^^^^^^^^^^^^^^^^
bin/ClauseRow.py:256: in <genexpr>
    child_ids = tuple(preflight(child) for child in value.children)
                      ^^^^^^^^^^^^^^^^
bin/ClauseRow.py:271: in preflight
    raise ValueError('a relation requires three resolved row references')
E   ValueError: a relation requires three resolved row references
----------------------------- Captured stdout call -----------------------------
Starting with dynamic 6-dim embedding (words added at runtime)
  Building span table: 0/4 docs
=============================== warnings summary ===============================
test/test_mm_xor.py::TestMMXorConvergence::test_mm_grammar_learns_xor_signal
  /Users/arogers/github/WikiOracle/basicmodel/.venv/lib/python3.12/site-packages/torch/utils/_device.py:122: UserWarning: Sparse invariant checks are implicitly disabled. Memory errors (e.g. SEGFAULT) will occur when operating on a sparse tensor which violates the invariants, but checks incur performance overhead. To silence this warning, explicitly opt in or out. See `torch.sparse.check_sparse_tensor_invariants.__doc__` for guidance.  (Triggered internally at /Users/runner/work/pytorch/pytorch/aten/src/ATen/Context.cpp:855.)
    return func(*args, **kwargs)

test/test_mm_xor.py::TestMMXorConvergence::test_mm_grammar_learns_xor_signal
  /Users/arogers/github/WikiOracle/basicmodel/bin/Models.py:7631: RuntimeWarning: output_state_boundary [config /Users/arogers/github/WikiOracle/basicmodel/data/MM_grammar.xml]: supervised outputs with reconstruction and answerSynthesis=false use the direct head: output gradients train the whole input state; enable answerSynthesis for the concluded-idea state boundary
    warnings.warn(f"{site} [config {cfg}]: {detail}", RuntimeWarning)

-- Docs: https://docs.pytest.org/en/stable/how-to/capture-warnings.html
=========================== short test summary info ============================
FAILED test/test_mm_xor.py::TestMMXorConvergence::test_mm_grammar_learns_xor_signal
1 failed, 2 warnings in 2.92s
