doc/benchmarks/2026-09-30-item7-review-round4/probe_graph_owners.py::test_graph_release_memory_owners

=============================== warnings summary ===============================
../../../../../../../var/folders/_y/q6ybzrpx39jd0fzf9g671z280000gn/T/basicmodel-item7-round4-ag-zba0g_m6/test/test_word_store.py:161
  /var/folders/_y/q6ybzrpx39jd0fzf9g671z280000gn/T/basicmodel-item7-round4-ag-zba0g_m6/test/test_word_store.py:161: PytestUnknownMarkWarning: Unknown pytest.mark.slow - is this a typo?  You can register custom marks to avoid this warning - for details, see https://docs.pytest.org/en/stable/how-to/mark.html
    @pytest.mark.slow

../../../../../../../var/folders/_y/q6ybzrpx39jd0fzf9g671z280000gn/T/basicmodel-item7-round4-ag-zba0g_m6/test/test_word_store.py:167
  /var/folders/_y/q6ybzrpx39jd0fzf9g671z280000gn/T/basicmodel-item7-round4-ag-zba0g_m6/test/test_word_store.py:167: PytestUnknownMarkWarning: Unknown pytest.mark.slow - is this a typo?  You can register custom marks to avoid this warning - for details, see https://docs.pytest.org/en/stable/how-to/mark.html
    @pytest.mark.slow

../../../../../../../var/folders/_y/q6ybzrpx39jd0fzf9g671z280000gn/T/basicmodel-item7-round4-ag-zba0g_m6/test/test_word_store.py:201
  /var/folders/_y/q6ybzrpx39jd0fzf9g671z280000gn/T/basicmodel-item7-round4-ag-zba0g_m6/test/test_word_store.py:201: PytestUnknownMarkWarning: Unknown pytest.mark.slow - is this a typo?  You can register custom marks to avoid this warning - for details, see https://docs.pytest.org/en/stable/how-to/mark.html
    @pytest.mark.slow

../../../../../../../var/folders/_y/q6ybzrpx39jd0fzf9g671z280000gn/T/basicmodel-item7-round4-ag-zba0g_m6/test/test_word_store.py:273
  /var/folders/_y/q6ybzrpx39jd0fzf9g671z280000gn/T/basicmodel-item7-round4-ag-zba0g_m6/test/test_word_store.py:273: PytestUnknownMarkWarning: Unknown pytest.mark.slow - is this a typo?  You can register custom marks to avoid this warning - for details, see https://docs.pytest.org/en/stable/how-to/mark.html
    @pytest.mark.slow

../../../../../../../var/folders/_y/q6ybzrpx39jd0fzf9g671z280000gn/T/basicmodel-item7-round4-ag-zba0g_m6/test/test_word_store.py:304
  /var/folders/_y/q6ybzrpx39jd0fzf9g671z280000gn/T/basicmodel-item7-round4-ag-zba0g_m6/test/test_word_store.py:304: PytestUnknownMarkWarning: Unknown pytest.mark.slow - is this a typo?  You can register custom marks to avoid this warning - for details, see https://docs.pytest.org/en/stable/how-to/mark.html
    @pytest.mark.slow

../../../../../../../var/folders/_y/q6ybzrpx39jd0fzf9g671z280000gn/T/basicmodel-item7-round4-ag-zba0g_m6/test/test_word_store.py:341
  /var/folders/_y/q6ybzrpx39jd0fzf9g671z280000gn/T/basicmodel-item7-round4-ag-zba0g_m6/test/test_word_store.py:341: PytestUnknownMarkWarning: Unknown pytest.mark.slow - is this a typo?  You can register custom marks to avoid this warning - for details, see https://docs.pytest.org/en/stable/how-to/mark.html
    @pytest.mark.slow

../../../../../../../var/folders/_y/q6ybzrpx39jd0fzf9g671z280000gn/T/basicmodel-item7-round4-ag-zba0g_m6/test/test_word_store.py:391
  /var/folders/_y/q6ybzrpx39jd0fzf9g671z280000gn/T/basicmodel-item7-round4-ag-zba0g_m6/test/test_word_store.py:391: PytestUnknownMarkWarning: Unknown pytest.mark.slow - is this a typo?  You can register custom marks to avoid this warning - for details, see https://docs.pytest.org/en/stable/how-to/mark.html
    @pytest.mark.slow

../../../../../../../var/folders/_y/q6ybzrpx39jd0fzf9g671z280000gn/T/basicmodel-item7-round4-ag-zba0g_m6/test/test_word_store.py:411
  /var/folders/_y/q6ybzrpx39jd0fzf9g671z280000gn/T/basicmodel-item7-round4-ag-zba0g_m6/test/test_word_store.py:411: PytestUnknownMarkWarning: Unknown pytest.mark.slow - is this a typo?  You can register custom marks to avoid this warning - for details, see https://docs.pytest.org/en/stable/how-to/mark.html
    @pytest.mark.slow

../../../../../../../var/folders/_y/q6ybzrpx39jd0fzf9g671z280000gn/T/basicmodel-item7-round4-ag-zba0g_m6/test/test_word_store.py:651
  /var/folders/_y/q6ybzrpx39jd0fzf9g671z280000gn/T/basicmodel-item7-round4-ag-zba0g_m6/test/test_word_store.py:651: PytestUnknownMarkWarning: Unknown pytest.mark.slow - is this a typo?  You can register custom marks to avoid this warning - for details, see https://docs.pytest.org/en/stable/how-to/mark.html
    @pytest.mark.slow

../../../../../../../var/folders/_y/q6ybzrpx39jd0fzf9g671z280000gn/T/basicmodel-item7-round4-ag-zba0g_m6/test/test_word_store.py:668
  /var/folders/_y/q6ybzrpx39jd0fzf9g671z280000gn/T/basicmodel-item7-round4-ag-zba0g_m6/test/test_word_store.py:668: PytestUnknownMarkWarning: Unknown pytest.mark.slow - is this a typo?  You can register custom marks to avoid this warning - for details, see https://docs.pytest.org/en/stable/how-to/mark.html
    @pytest.mark.slow

../../../../../../../var/folders/_y/q6ybzrpx39jd0fzf9g671z280000gn/T/basicmodel-item7-round4-ag-zba0g_m6/test/test_word_store.py:701
  /var/folders/_y/q6ybzrpx39jd0fzf9g671z280000gn/T/basicmodel-item7-round4-ag-zba0g_m6/test/test_word_store.py:701: PytestUnknownMarkWarning: Unknown pytest.mark.slow - is this a typo?  You can register custom marks to avoid this warning - for details, see https://docs.pytest.org/en/stable/how-to/mark.html
    @pytest.mark.slow

../../../../../../../var/folders/_y/q6ybzrpx39jd0fzf9g671z280000gn/T/basicmodel-item7-round4-ag-zba0g_m6/test/test_word_store.py:726
  /var/folders/_y/q6ybzrpx39jd0fzf9g671z280000gn/T/basicmodel-item7-round4-ag-zba0g_m6/test/test_word_store.py:726: PytestUnknownMarkWarning: Unknown pytest.mark.slow - is this a typo?  You can register custom marks to avoid this warning - for details, see https://docs.pytest.org/en/stable/how-to/mark.html
    @pytest.mark.slow

../../../../../../../var/folders/_y/q6ybzrpx39jd0fzf9g671z280000gn/T/basicmodel-item7-round4-ag-zba0g_m6/test/test_word_store.py:763
  /var/folders/_y/q6ybzrpx39jd0fzf9g671z280000gn/T/basicmodel-item7-round4-ag-zba0g_m6/test/test_word_store.py:763: PytestUnknownMarkWarning: Unknown pytest.mark.slow - is this a typo?  You can register custom marks to avoid this warning - for details, see https://docs.pytest.org/en/stable/how-to/mark.html
    @pytest.mark.slow

../../../../../../../var/folders/_y/q6ybzrpx39jd0fzf9g671z280000gn/T/basicmodel-item7-round4-ag-zba0g_m6/test/test_word_store.py:793
  /var/folders/_y/q6ybzrpx39jd0fzf9g671z280000gn/T/basicmodel-item7-round4-ag-zba0g_m6/test/test_word_store.py:793: PytestUnknownMarkWarning: Unknown pytest.mark.slow - is this a typo?  You can register custom marks to avoid this warning - for details, see https://docs.pytest.org/en/stable/how-to/mark.html
    @pytest.mark.slow

../../../../../../../var/folders/_y/q6ybzrpx39jd0fzf9g671z280000gn/T/basicmodel-item7-round4-ag-zba0g_m6/test/test_word_store.py:820
  /var/folders/_y/q6ybzrpx39jd0fzf9g671z280000gn/T/basicmodel-item7-round4-ag-zba0g_m6/test/test_word_store.py:820: PytestUnknownMarkWarning: Unknown pytest.mark.slow - is this a typo?  You can register custom marks to avoid this warning - for details, see https://docs.pytest.org/en/stable/how-to/mark.html
    @pytest.mark.slow

../../../../../../../var/folders/_y/q6ybzrpx39jd0fzf9g671z280000gn/T/basicmodel-item7-round4-ag-zba0g_m6/test/test_word_store.py:866
  /var/folders/_y/q6ybzrpx39jd0fzf9g671z280000gn/T/basicmodel-item7-round4-ag-zba0g_m6/test/test_word_store.py:866: PytestUnknownMarkWarning: Unknown pytest.mark.slow - is this a typo?  You can register custom marks to avoid this warning - for details, see https://docs.pytest.org/en/stable/how-to/mark.html
    @pytest.mark.slow

-- Docs: https://docs.pytest.org/en/stable/how-to/capture-warnings.html
1 test collected in 2.86s
