[slow coverage warning] Latest weekly slow-test run has failures; see tmp/slow-tests/latest.json.
[collect] 1 selectors; limit 1800s, 8.0 GiB
[collect] exit 0; 7.0s; peak 0.46 GiB
[worker-000] 134 selectors; limit 1800s, 8.0 GiB
[worker-001] 256 selectors; limit 1800s, 8.0 GiB
[worker-002] 137 selectors; limit 1800s, 8.0 GiB
[worker-003] 108 selectors; limit 1800s, 8.0 GiB
[worker-004] 177 selectors; limit 1800s, 8.0 GiB
[worker-005] 133 selectors; limit 1800s, 8.0 GiB
[worker-006] 256 selectors; limit 1800s, 8.0 GiB
[worker-007] 256 selectors; limit 1800s, 8.0 GiB
[worker-008] 112 selectors; limit 1800s, 8.0 GiB
[worker-009] 146 selectors; limit 1800s, 8.0 GiB
[worker-000] exit 1; 13.0s; peak 1.39 GiB
[worker-010] 105 selectors; limit 1800s, 8.0 GiB
[worker-005] exit 0; 15.1s; peak 0.82 GiB
[worker-011] 237 selectors; limit 1800s, 8.0 GiB
[worker-009] exit 1; 17.8s; peak 1.71 GiB
[worker-012] 187 selectors; limit 1800s, 8.0 GiB
[worker-008] exit 1; 18.9s; peak 1.10 GiB
[worker-013] 207 selectors; limit 1800s, 8.0 GiB
[worker-007] exit 0; 23.3s; peak 0.66 GiB
[worker-014] 143 selectors; limit 1800s, 8.0 GiB
[worker-004] exit 0; 32.5s; peak 0.70 GiB
[worker-015] 124 selectors; limit 1800s, 8.0 GiB
[worker-002] exit 0; 33.8s; peak 0.84 GiB
[worker-016] 175 selectors; limit 1800s, 8.0 GiB
[worker-012] exit 1; 17.8s; peak 1.23 GiB
[worker-017] 226 selectors; limit 1800s, 8.0 GiB
[worker-013] exit 0; 22.4s; peak 0.95 GiB
[worker-018] 142 selectors; limit 1800s, 8.0 GiB
[worker-014] exit 0; 19.4s; peak 3.13 GiB
[worker-019] 116 selectors; limit 1800s, 8.0 GiB
[worker-018] exit 1; 10.0s; peak 0.75 GiB
[worker-020] 136 selectors; limit 1800s, 8.0 GiB
[worker-011] exit 1; 37.5s; peak 3.87 GiB
[worker-021] 114 selectors; limit 1800s, 8.0 GiB
[worker-006] exit 1; 61.3s; peak 1.13 GiB
[worker-022] 125 selectors; limit 1800s, 8.0 GiB
[worker-021] exit 1; 12.1s; peak 0.82 GiB
[worker-023] 122 selectors; limit 1800s, 8.0 GiB
[worker-019] exit 0; 23.0s; peak 4.02 GiB
[worker-024] 120 selectors; limit 1800s, 8.0 GiB
[worker-020] exit 1; 17.1s; peak 1.18 GiB
[worker-025] 111 selectors; limit 1800s, 8.0 GiB
[worker-010] exit 0; 58.6s; peak 1.80 GiB
[worker-026] 108 selectors; limit 1800s, 8.0 GiB
[worker-003] exit 0; 72.6s; peak 2.40 GiB
[worker-027] 131 selectors; limit 1800s, 8.0 GiB
[worker-026] exit 1; 7.2s; peak 0.63 GiB
[worker-028] 219 selectors; limit 1800s, 8.0 GiB
[worker-015] exit 1; 48.9s; peak 2.50 GiB
[worker-029] 256 selectors; limit 1800s, 8.0 GiB
[worker-028] exit 1; 11.3s; peak 2.36 GiB
[worker-029] exit 0; 9.5s; peak 0.53 GiB
[worker-030] 150 selectors; limit 1800s, 8.0 GiB
[worker-031] 161 selectors; limit 1800s, 8.0 GiB
[worker-022] exit 1; 36.2s; peak 1.34 GiB
[worker-032] 147 selectors; limit 1800s, 8.0 GiB
[worker-032] exit 0; 13.3s; peak 0.96 GiB
[worker-033] 140 selectors; limit 1800s, 8.0 GiB
[worker-001] exit 1; 121.1s; peak 2.30 GiB
[worker-033] exit 0; 11.0s; peak 0.71 GiB
[worker-034] 102 selectors; limit 1800s, 8.0 GiB
[worker-024] exit 0; 89.7s; peak 1.93 GiB
[worker-034] exit 1; 53.5s; peak 1.46 GiB
[worker-030] exit 1; 86.1s; peak 2.06 GiB
[worker-027] exit 0; 108.0s; peak 0.98 GiB
[worker-031] exit 0; 120.7s; peak 1.04 GiB
[worker-023] exit 1; 238.1s; peak 1.63 GiB
[worker-025] exit 0; 423.2s; peak 2.05 GiB
[worker-016] interrupted 125; 575.6s; peak 2.73 GiB
[worker-017] interrupted 125; 574.5s; peak 2.06 GiB
Result: interrupted, exit 130; 5469/5519 cases completed.
doc/benchmarks/2026-10-07-item6-5/full-sweep/result.json
