.....................F..ss...sssss...............sssss.s..s..ssss.s.s... [ 57%]
..................................s..................                    [100%]
=================================== FAILURES ===================================
_________ TestReasoningCDEModel.test_answer_query_degrades_gracefully __________
test/test_reasoning_cde_model.py:70: in test_answer_query_degrades_gracefully
    self.assertIsNone(self.m.answer_query('hello there'))
                      ^^^^^^^^^^^^^^^^^^^^^^^^^^^^^^^^^^
.venv/lib/python3.12/site-packages/torch/utils/_contextlib.py:124: in decorate_context
    return func(*args, **kwargs)
           ^^^^^^^^^^^^^^^^^^^^^
bin/Models.py:22945: in answer_query
    understanding = self.understand(inputs)
                    ^^^^^^^^^^^^^^^^^^^^^^^
bin/Models.py:8600: in understand
    execution = self._execute_input_sentence(input_data, executor)
                ^^^^^^^^^^^^^^^^^^^^^^^^^^^^^^^^^^^^^^^^^^^^^^^^^^
bin/Models.py:153: in masked
    return method(self, *args, **kwargs)
           ^^^^^^^^^^^^^^^^^^^^^^^^^^^^^
bin/Models.py:8596: in _execute_input_sentence
    return (executor or self.forward)(input_data)
           ^^^^^^^^^^^^^^^^^^^^^^^^^^^^^^^^^^^^^^
bin/Models.py:153: in masked
    return method(self, *args, **kwargs)
           ^^^^^^^^^^^^^^^^^^^^^^^^^^^^^
bin/Models.py:8374: in forward
    return self._forward_per_stage(inputData)
           ^^^^^^^^^^^^^^^^^^^^^^^^^^^^^^^^^^
bin/Models.py:23636: in _forward_per_stage
    body_result = self._forward_body(
bin/Models.py:17428: in _forward_body
    return self._forward_body_per_word(
bin/Models.py:22171: in _forward_body_per_word
    self._run_tensor_peer_word_pipeline(N_words))
    ^^^^^^^^^^^^^^^^^^^^^^^^^^^^^^^^^^^^^^^^^^^^
bin/Models.py:21724: in _run_tensor_peer_word_pipeline
    feedback, trip_count) = self._run_sentence_word_bricks(
bin/Models.py:20824: in _run_sentence_word_bricks
    (chosen, reconstruction), costs, wins = sentence_pair(cache, compose, score,
bin/SentenceCompose.py:142: in sentence_pair
    exploit = compose(cache, None)
              ^^^^^^^^^^^^^^^^^^^^
bin/Models.py:20738: in compose
    current_lang, current_stm, current_feedback = compose_word(
bin/Models.py:21487: in stage_cs_lang
    proposal = language.choose_operation(
bin/Language.py:12825: in choose_operation
    _, _, route = self.language_layer.operation_layer(
.venv/lib/python3.12/site-packages/torch/nn/modules/module.py:1783: in _wrapped_call_impl
    return self._call_impl(*args, **kwargs)
           ^^^^^^^^^^^^^^^^^^^^^^^^^^^^^^^^
.venv/lib/python3.12/site-packages/torch/nn/modules/module.py:1794: in _call_impl
    return forward_call(*args, **kwargs)
           ^^^^^^^^^^^^^^^^^^^^^^^^^^^^^
bin/Language.py:7287: in forward
    stop_scores, binary_scores = self.chooser.score_binary(
test/reading_fixtures.py:149: in binary_scores
    return stop, scores.masked_fill(~mask, -torch.inf) + 1e6
                 ^^^^^^^^^^^^^^^^^^^^^^^^^^^^^^^^^^^^^
.venv/lib/python3.12/site-packages/torch/utils/_device.py:122: in __torch_function__
    return func(*args, **kwargs)
           ^^^^^^^^^^^^^^^^^^^^^
E   RuntimeError: The size of tensor a (20) must match the size of tensor b (34) at non-singleton dimension 2
---------------------------- Captured stdout setup -----------------------------
[BasicModel] No checkpoint at /Users/arogers/github/WikiOracle/basicmodel/output/MM_query_reasoning.ckpt, starting fresh
=============================== warnings summary ===============================
test/test_reasoning.py::TestIsConsistent::test_consistent_truths
  /Users/arogers/github/WikiOracle/basicmodel/.venv/lib/python3.12/site-packages/torch/utils/_device.py:122: UserWarning: Sparse invariant checks are implicitly disabled. Memory errors (e.g. SEGFAULT) will occur when operating on a sparse tensor which violates the invariants, but checks incur performance overhead. To silence this warning, explicitly opt in or out. See `torch.sparse.check_sparse_tensor_invariants.__doc__` for guidance.  (Triggered internally at /Users/runner/work/pytorch/pytorch/aten/src/ATen/Context.cpp:855.)
    return func(*args, **kwargs)

test/test_reasoning_cde_model.py::TestReasoningCDEModel::test_answer_query_degrades_gracefully
  /Users/arogers/github/WikiOracle/basicmodel/test/../bin/Spaces.py:1253: RuntimeWarning: EventEncoding[WholeSpace]: nDim=8 leaves no content width after the canonical band (nWhere=4 + nWhen=4); raise <nDim> to at least 9 if this space builds a what-basis.
    warnings.warn(

test/test_recon_bench.py::test_run_record_schema_smoke
  /Users/arogers/github/WikiOracle/basicmodel/test/../bin/Models.py:7199: RuntimeWarning: reconstruction_zeroed [config /Users/arogers/github/WikiOracle/basicmodel/data/MM_xor_fixture.xml]: perceptual reconstruction inputs missing (mask, target); percept .what=Codebook, pred_full shape=(4, 8, 104)
    warnings.warn(f"{site} [config {cfg}]: {detail}", RuntimeWarning)

test/test_recon_bench.py::test_decode_rows_align_with_last_eval_batch
  /Users/arogers/github/WikiOracle/basicmodel/test/../bin/Models.py:7199: RuntimeWarning: reconstruction_zeroed [config /Users/arogers/github/WikiOracle/basicmodel/data/MM_xor_fixture.xml]: perceptual reconstruction inputs missing (mask, target); percept .what=Codebook, pred_full shape=(2, 8, 104)
    warnings.warn(f"{site} [config {cfg}]: {detail}", RuntimeWarning)

test/test_reconstruction_roundtrip.py::test_idempotent_config_trains_one_epoch_clean
  /Users/arogers/github/WikiOracle/basicmodel/test/../bin/Models.py:7199: RuntimeWarning: reconstruction_zeroed [config /Users/arogers/github/WikiOracle/basicmodel/data/idempotent.xml]: perceptual reconstruction inputs missing (mask, target); percept .what=Codebook, pred_full shape=(4, 10, 104)
    warnings.warn(f"{site} [config {cfg}]: {detail}", RuntimeWarning)

test/test_reconstruction_scope.py::test_missing_packed_sentence_does_not_dilute_the_owned_reconstruction
  /Users/arogers/github/WikiOracle/basicmodel/test/../bin/Models.py:7199: RuntimeWarning: what_answer_target_shape [config /private/var/folders/_y/q6ybzrpx39jd0fzf9g671z280000gn/T/pytest-of-arogers/pytest-3220/test_missing_packed_sentence_d0/packed_parity.xml]: Data.what target (1, 16) replaces the loader output (1, 0) (placeholder labels)
    warnings.warn(f"{site} [config {cfg}]: {detail}", RuntimeWarning)

-- Docs: https://docs.pytest.org/en/stable/how-to/capture-warnings.html
=========================== short test summary info ============================
FAILED test/test_reasoning_cde_model.py::TestReasoningCDEModel::test_answer_query_degrades_gracefully
1 failed, 103 passed, 21 skipped, 6 warnings in 34.04s
