FF                                                                       [100%]
=================================== FAILURES ===================================
_______________ TestXorGrammarLearnsXor.test_xor_class_accuracy ________________
/Users/arogers/github/WikiOracle/basicmodel/test/test_explicit_dimensions.py:248: in test_xor_class_accuracy
    self.assertGreaterEqual(
E   AssertionError: tensor(0.) not greater than or equal to 0.5 : Expected >=0.5 accuracy on class 0 from an unselected initialization, got 0.0
----------------------------- Captured stdout call -----------------------------
Starting with dynamic 2-dim embedding (words added at runtime)
  Building span table: 0/4 docs
Device: cpu
Peer pipeline: static PS/WS stage bodies compiled separately; legacy compatibility scheduler remains outside fullgraph capture


==== BasicModel ====

Trial [1/1]
Baseline test pass skipped (--test not specified). Re-invoke train.py with --test to include baseline + post-epoch evaluation.
Epoch [1/400]
[AMP] off (fp32, MODEL_AMP unset or =off)
batch = 0 (warm-up, 100.00%)
Train Loss: output=0.1753, reconstruction=0.3226
Epoch [2/400]
batch = 0 (Δ=0.264s, 100.00%)
Train Loss: output=0.1851, reconstruction=0.1453
Epoch [3/400]
batch = 0 (Δ=0.263s, 100.00%)
Train Loss: output=0.1757, reconstruction=0.1404
Epoch [4/400]
batch = 0 (Δ=0.258s, 100.00%)
Train Loss: output=0.1768, reconstruction=0.1371
Epoch [5/400]
batch = 0 (Δ=0.253s, 100.00%)
Train Loss: output=0.1802, reconstruction=0.1005
Epoch [6/400]
batch = 0 (Δ=0.184s, 100.00%)
Train Loss: output=0.1780, reconstruction=0.1304
Epoch [7/400]
batch = 0 (Δ=0.222s, 100.00%)
Train Loss: output=0.1750, reconstruction=0.1557
Epoch [8/400]
batch = 0 (Δ=0.259s, 100.00%)
Train Loss: output=0.1751, reconstruction=0.1549
Epoch [9/400]
batch = 0 (Δ=0.259s, 100.00%)
Train Loss: output=0.1772, reconstruction=0.1229
Epoch [10/400]
batch = 0 (Δ=0.261s, 100.00%)
Train Loss: output=0.1774, reconstruction=0.1216
Epoch [11/400]
batch = 0 (Δ=0.261s, 100.00%)
Train Loss: output=0.1758, reconstruction=0.1198
Epoch [12/400]
batch = 0 (Δ=0.260s, 100.00%)
Train Loss: output=0.1745, reconstruction=0.1185
Epoch [13/400]
batch = 0 (Δ=0.262s, 100.00%)
Train Loss: output=0.1748, reconstruction=0.1137
Epoch [14/400]
batch = 0 (Δ=0.263s, 100.00%)
Train Loss: output=0.1759, reconstruction=0.0953
Epoch [15/400]
batch = 0 (Δ=0.257s, 100.00%)
Train Loss: output=0.1760, reconstruction=0.1215
Epoch [16/400]
batch = 0 (Δ=0.260s, 100.00%)
Train Loss: output=0.1750, reconstruction=0.1090
Epoch [17/400]
batch = 0 (Δ=0.261s, 100.00%)
Train Loss: output=0.1741, reconstruction=0.1211
Epoch [18/400]
batch = 0 (Δ=0.260s, 100.00%)
Train Loss: output=0.1743, reconstruction=0.1135
Epoch [19/400]
batch = 0 (Δ=0.257s, 100.00%)
Train Loss: output=0.1750, reconstruction=0.1073
Epoch [20/400]
batch = 0 (Δ=0.258s, 100.00%)
Train Loss: output=0.1750, reconstruction=0.1125
Epoch [21/400]
batch = 0 (Δ=0.328s, 100.00%)
Train Loss: output=0.1743, reconstruction=0.1015
Epoch [22/400]
batch = 0 (Δ=0.259s, 100.00%)
Train Loss: output=0.1738, reconstruction=0.1144
Epoch [23/400]
batch = 0 (Δ=0.256s, 100.00%)
Train Loss: output=0.1740, reconstruction=0.1131
Epoch [24/400]
batch = 0 (Δ=0.262s, 100.00%)
Train Loss: output=0.1744, reconstruction=0.1122
Epoch [25/400]
batch = 0 (Δ=0.257s, 100.00%)
Train Loss: output=0.1743, reconstruction=0.1152
Epoch [26/400]
batch = 0 (Δ=0.261s, 100.00%)
Train Loss: output=0.1739, reconstruction=0.1093
Epoch [27/400]
batch = 0 (Δ=0.260s, 100.00%)
Train Loss: output=0.1736, reconstruction=0.1132
Epoch [28/400]
batch = 0 (Δ=0.264s, 100.00%)
Train Loss: output=0.1739, reconstruction=0.1074
Epoch [29/400]
batch = 0 (Δ=0.266s, 100.00%)
Train Loss: output=0.1741, reconstruction=0.1088
Epoch [30/400]
batch = 0 (Δ=0.258s, 100.00%)
Train Loss: output=0.1738, reconstruction=0.1070
Epoch [31/400]
batch = 0 (Δ=0.257s, 100.00%)
Train Loss: output=0.1734, reconstruction=0.1006
Epoch [32/400]
batch = 0 (Δ=0.256s, 100.00%)
Train Loss: output=0.1734, reconstruction=0.1015
Epoch [33/400]
batch = 0 (Δ=0.261s, 100.00%)
Train Loss: output=0.1735, reconstruction=0.1016
Epoch [34/400]
batch = 0 (Δ=0.258s, 100.00%)
Train Loss: output=0.1734, reconstruction=0.1008
Epoch [35/400]
batch = 0 (Δ=0.263s, 100.00%)
Train Loss: output=0.1732, reconstruction=0.0991
Epoch [36/400]
batch = 0 (Δ=0.260s, 100.00%)
Train Loss: output=0.1734, reconstruction=0.0972
Epoch [37/400]
batch = 0 (Δ=0.260s, 100.00%)
Train Loss: output=0.1736, reconstruction=0.0951
Epoch [38/400]
batch = 0 (Δ=0.261s, 100.00%)
Train Loss: output=0.1735, reconstruction=0.0930
Epoch [39/400]
batch = 0 (Δ=0.263s, 100.00%)
Train Loss: output=0.1731, reconstruction=0.0911
Epoch [40/400]
batch = 0 (Δ=0.264s, 100.00%)
Train Loss: output=0.1730, reconstruction=0.0895
Epoch [41/400]
batch = 0 (Δ=0.250s, 100.00%)
Train Loss: output=0.1731, reconstruction=0.0880
Epoch [42/400]
batch = 0 (Δ=0.260s, 100.00%)
Train Loss: output=0.1731, reconstruction=0.0867
Epoch [43/400]
batch = 0 (Δ=0.258s, 100.00%)
Train Loss: output=0.1731, reconstruction=0.0854
Epoch [44/400]
batch = 0 (Δ=0.330s, 100.00%)
Train Loss: output=0.1732, reconstruction=0.0832
Epoch [45/400]
batch = 0 (Δ=0.259s, 100.00%)
Train Loss: output=0.1732, reconstruction=0.0811
Epoch [46/400]
batch = 0 (Δ=0.257s, 100.00%)
Train Loss: output=0.1731, reconstruction=0.0724
Epoch [47/400]
batch = 0 (Δ=0.260s, 100.00%)
Train Loss: output=0.1730, reconstruction=0.0749
Epoch [48/400]
batch = 0 (Δ=0.260s, 100.00%)
Train Loss: output=0.1730, reconstruction=0.0780
Epoch [49/400]
batch = 0 (Δ=0.257s, 100.00%)
Train Loss: output=0.1730, reconstruction=0.0774
Epoch [50/400]
batch = 0 (Δ=0.259s, 100.00%)
Train Loss: output=0.1729, reconstruction=0.0764
Epoch [51/400]
batch = 0 (Δ=0.263s, 100.00%)
Train Loss: output=0.1729, reconstruction=0.0752
Epoch [52/400]
batch = 0 (Δ=0.256s, 100.00%)
Train Loss: output=0.1729, reconstruction=0.0738
Epoch [53/400]
batch = 0 (Δ=0.257s, 100.00%)
Train Loss: output=0.1728, reconstruction=0.0712
Epoch [54/400]
batch = 0 (Δ=0.258s, 100.00%)
Train Loss: output=0.1728, reconstruction=0.0708
Epoch [55/400]
batch = 0 (Δ=0.264s, 100.00%)
Train Loss: output=0.1728, reconstruction=0.0715
Epoch [56/400]
batch = 0 (Δ=0.261s, 100.00%)
Train Loss: output=0.1728, reconstruction=0.0712
Epoch [57/400]
batch = 0 (Δ=0.262s, 100.00%)
Train Loss: output=0.1727, reconstruction=0.0704
Epoch [58/400]
batch = 0 (Δ=0.262s, 100.00%)
Train Loss: output=0.1730, reconstruction=0.0697
Epoch [59/400]
batch = 0 (Δ=0.260s, 100.00%)
Train Loss: output=0.1734, reconstruction=0.0692
Epoch [60/400]
batch = 0 (Δ=0.262s, 100.00%)
Train Loss: output=0.1735, reconstruction=0.0692
Epoch [61/400]
batch = 0 (Δ=0.252s, 100.00%)
Train Loss: output=0.1736, reconstruction=0.0692
Epoch [62/400]
batch = 0 (Δ=0.257s, 100.00%)
Train Loss: output=0.1737, reconstruction=0.0675
Epoch [63/400]
batch = 0 (Δ=0.258s, 100.00%)
Train Loss: output=0.1739, reconstruction=0.0700
Epoch [64/400]
batch = 0 (Δ=0.258s, 100.00%)
Train Loss: output=0.1740, reconstruction=0.0698
Epoch [65/400]
batch = 0 (Δ=0.262s, 100.00%)
Train Loss: output=0.1740, reconstruction=0.0695
Epoch [66/400]
batch = 0 (Δ=0.256s, 100.00%)
Train Loss: output=0.1740, reconstruction=0.0692
Epoch [67/400]
batch = 0 (Δ=0.338s, 100.00%)
Train Loss: output=0.1740, reconstruction=0.0672
Epoch [68/400]
batch = 0 (Δ=0.257s, 100.00%)
Train Loss: output=0.1740, reconstruction=0.0699
Epoch [69/400]
batch = 0 (Δ=0.267s, 100.00%)
Train Loss: output=0.1740, reconstruction=0.0703
Epoch [70/400]
batch = 0 (Δ=0.257s, 100.00%)
Train Loss: output=0.1740, reconstruction=0.0705
Epoch [71/400]
batch = 0 (Δ=0.261s, 100.00%)
Train Loss: output=0.1740, reconstruction=0.0705
Epoch [72/400]
batch = 0 (Δ=0.246s, 100.00%)
Train Loss: output=0.1740, reconstruction=0.0705
Epoch [73/400]
batch = 0 (Δ=0.257s, 100.00%)
Train Loss: output=0.1739, reconstruction=0.0709
Epoch [74/400]
batch = 0 (Δ=0.263s, 100.00%)
Train Loss: output=0.1739, reconstruction=0.0712
Epoch [75/400]
batch = 0 (Δ=0.257s, 100.00%)
Train Loss: output=0.1739, reconstruction=0.0713
Epoch [76/400]
batch = 0 (Δ=0.263s, 100.00%)
Train Loss: output=0.1739, reconstruction=0.0715
Epoch [77/400]
batch = 0 (Δ=0.262s, 100.00%)
Train Loss: output=0.1739, reconstruction=0.0718
Epoch [78/400]
batch = 0 (Δ=0.262s, 100.00%)
Train Loss: output=0.1739, reconstruction=0.0717
Epoch [79/400]
batch = 0 (Δ=0.259s, 100.00%)
Train Loss: output=0.1739, reconstruction=0.0717
Epoch [80/400]
batch = 0 (Δ=0.260s, 100.00%)
Train Loss: output=0.1739, reconstruction=0.0721
Epoch [81/400]
batch = 0 (Δ=0.259s, 100.00%)
Train Loss: output=0.1739, reconstruction=0.0726
Epoch [82/400]
batch = 0 (Δ=0.261s, 100.00%)
Train Loss: output=0.1738, reconstruction=0.0730
Epoch [83/400]
batch = 0 (Δ=0.261s, 100.00%)
Train Loss: output=0.1738, reconstruction=0.0729
Epoch [84/400]
batch = 0 (Δ=0.264s, 100.00%)
Train Loss: output=0.1739, reconstruction=0.0704
Epoch [85/400]
batch = 0 (Δ=0.262s, 100.00%)
Train Loss: output=0.1739, reconstruction=0.0724
Epoch [86/400]
batch = 0 (Δ=0.261s, 100.00%)
Train Loss: output=0.1738, reconstruction=0.0728
Epoch [87/400]
batch = 0 (Δ=0.258s, 100.00%)
Train Loss: output=0.1738, reconstruction=0.0732
Epoch [88/400]
batch = 0 (Δ=0.260s, 100.00%)
Train Loss: output=0.1738, reconstruction=0.0735
Epoch [89/400]
batch = 0 (Δ=0.260s, 100.00%)
Train Loss: output=0.1738, reconstruction=0.0704
Epoch [90/400]
batch = 0 (Δ=0.264s, 100.00%)
Train Loss: output=0.1738, reconstruction=0.0717
Epoch [91/400]
batch = 0 (Δ=0.334s, 100.00%)
Train Loss: output=0.1738, reconstruction=0.0732
Epoch [92/400]
batch = 0 (Δ=0.255s, 100.00%)
Train Loss: output=0.1738, reconstruction=0.0725
Epoch [93/400]
batch = 0 (Δ=0.256s, 100.00%)
Train Loss: output=0.1738, reconstruction=0.0729
Epoch [94/400]
batch = 0 (Δ=0.256s, 100.00%)
Train Loss: output=0.1738, reconstruction=0.0727
Epoch [95/400]
batch = 0 (Δ=0.259s, 100.00%)
Train Loss: output=0.1739, reconstruction=0.0720
Epoch [96/400]
batch = 0 (Δ=0.261s, 100.00%)
Train Loss: output=0.1740, reconstruction=0.0713
Epoch [97/400]
batch = 0 (Δ=0.257s, 100.00%)
Train Loss: output=0.1740, reconstruction=0.0715
Epoch [98/400]
batch = 0 (Δ=0.263s, 100.00%)
Train Loss: output=0.1739, reconstruction=0.0714
Epoch [99/400]
batch = 0 (Δ=0.259s, 100.00%)
Train Loss: output=0.1739, reconstruction=0.0716
Epoch [100/400]
batch = 0 (Δ=0.256s, 100.00%)
Train Loss: output=0.1739, reconstruction=0.0720
Epoch [101/400]
batch = 0 (Δ=0.262s, 100.00%)
Train Loss: output=0.1740, reconstruction=0.0711
Epoch [102/400]
batch = 0 (Δ=0.262s, 100.00%)
Train Loss: output=0.1740, reconstruction=0.0714
Epoch [103/400]
batch = 0 (Δ=0.261s, 100.00%)
Train Loss: output=0.1739, reconstruction=0.0710
Epoch [104/400]
batch = 0 (Δ=0.258s, 100.00%)
Train Loss: output=0.1738, reconstruction=0.0709
Epoch [105/400]
batch = 0 (Δ=0.239s, 100.00%)
Train Loss: output=0.1738, reconstruction=0.0711
Epoch [106/400]
batch = 0 (Δ=0.265s, 100.00%)
Train Loss: output=0.1740, reconstruction=0.0704
Epoch [107/400]
batch = 0 (Δ=0.258s, 100.00%)
Train Loss: output=0.1741, reconstruction=0.0707
Epoch [108/400]
batch = 0 (Δ=0.257s, 100.00%)
Train Loss: output=0.1741, reconstruction=0.0707
Epoch [109/400]
batch = 0 (Δ=0.259s, 100.00%)
Train Loss: output=0.1740, reconstruction=0.0705
Epoch [110/400]
batch = 0 (Δ=0.260s, 100.00%)
Train Loss: output=0.1739, reconstruction=0.0702
Epoch [111/400]
batch = 0 (Δ=0.259s, 100.00%)
Train Loss: output=0.1740, reconstruction=0.0706
Epoch [112/400]
batch = 0 (Δ=0.265s, 100.00%)
Train Loss: output=0.1742, reconstruction=0.0709
Epoch [113/400]
batch = 0 (Δ=0.259s, 100.00%)
Train Loss: output=0.1742, reconstruction=0.0711
Epoch [114/400]
batch = 0 (Δ=0.328s, 100.00%)
Train Loss: output=0.1740, reconstruction=0.0712
Epoch [115/400]
batch = 0 (Δ=0.259s, 100.00%)
Train Loss: output=0.1739, reconstruction=0.0714
Epoch [116/400]
batch = 0 (Δ=0.256s, 100.00%)
Train Loss: output=0.1738, reconstruction=0.0712
Epoch [117/400]
batch = 0 (Δ=0.257s, 100.00%)
Train Loss: output=0.1739, reconstruction=0.0711
Epoch [118/400]
batch = 0 (Δ=0.254s, 100.00%)
Train Loss: output=0.1740, reconstruction=0.0709
Epoch [119/400]
batch = 0 (Δ=0.259s, 100.00%)
Train Loss: output=0.1738, reconstruction=0.0695
Epoch [120/400]
batch = 0 (Δ=0.259s, 100.00%)
Train Loss: output=0.1737, reconstruction=0.0706
Epoch [121/400]
batch = 0 (Δ=0.263s, 100.00%)
Train Loss: output=0.1737, reconstruction=0.0711
Epoch [122/400]
batch = 0 (Δ=0.258s, 100.00%)
Train Loss: output=0.1737, reconstruction=0.0709
Epoch [123/400]
batch = 0 (Δ=0.260s, 100.00%)
Train Loss: output=0.1737, reconstruction=0.0706
Epoch [124/400]
batch = 0 (Δ=0.264s, 100.00%)
Train Loss: output=0.1737, reconstruction=0.0699
Epoch [125/400]
batch = 0 (Δ=0.258s, 100.00%)
Train Loss: output=0.1737, reconstruction=0.0712
Epoch [126/400]
batch = 0 (Δ=0.267s, 100.00%)
Train Loss: output=0.1737, reconstruction=0.0712
Epoch [127/400]
batch = 0 (Δ=0.262s, 100.00%)
Train Loss: output=0.1737, reconstruction=0.0720
Epoch [128/400]
batch = 0 (Δ=0.262s, 100.00%)
Train Loss: output=0.1737, reconstruction=0.0717
Epoch [129/400]
batch = 0 (Δ=0.248s, 100.00%)
Train Loss: output=0.1737, reconstruction=0.0715
Epoch [130/400]
batch = 0 (Δ=0.263s, 100.00%)
Train Loss: output=0.1737, reconstruction=0.0712
Epoch [131/400]
batch = 0 (Δ=0.261s, 100.00%)
Train Loss: output=0.1737, reconstruction=0.0714
Epoch [132/400]
batch = 0 (Δ=0.262s, 100.00%)
Train Loss: output=0.1738, reconstruction=0.0716
Epoch [133/400]
batch = 0 (Δ=0.257s, 100.00%)
Train Loss: output=0.1738, reconstruction=0.0717
Epoch [134/400]
batch = 0 (Δ=0.267s, 100.00%)
Train Loss: output=0.1738, reconstruction=0.0717
Epoch [135/400]
batch = 0 (Δ=0.260s, 100.00%)
Train Loss: output=0.1738, reconstruction=0.0703
Epoch [136/400]
batch = 0 (Δ=0.334s, 100.00%)
Train Loss: output=0.1738, reconstruction=0.0711
Epoch [137/400]
batch = 0 (Δ=0.259s, 100.00%)
Train Loss: output=0.1738, reconstruction=0.0729
Epoch [138/400]
batch = 0 (Δ=0.258s, 100.00%)
Train Loss: output=0.1739, reconstruction=0.0728
Epoch [139/400]
batch = 0 (Δ=0.258s, 100.00%)
Train Loss: output=0.1739, reconstruction=0.0725
Epoch [140/400]
batch = 0 (Δ=0.258s, 100.00%)
Train Loss: output=0.1739, reconstruction=0.0700
Epoch [141/400]
batch = 0 (Δ=0.260s, 100.00%)
Train Loss: output=0.1739, reconstruction=0.0742
Epoch [142/400]
batch = 0 (Δ=0.258s, 100.00%)
Train Loss: output=0.1738, reconstruction=0.0696
Epoch [143/400]
batch = 0 (Δ=0.261s, 100.00%)
Train Loss: output=0.1739, reconstruction=0.1674
Epoch [144/400]
batch = 0 (Δ=0.261s, 100.00%)
Train Loss: output=0.1739, reconstruction=0.2892
Epoch [145/400]
batch = 0 (Δ=0.257s, 100.00%)
Train Loss: output=0.1739, reconstruction=0.2899
Epoch [146/400]
batch = 0 (Δ=0.258s, 100.00%)
Train Loss: output=0.1739, reconstruction=0.2966
Epoch [147/400]
batch = 0 (Δ=0.261s, 100.00%)
Train Loss: output=0.1739, reconstruction=0.2902
Epoch [148/400]
batch = 0 (Δ=0.262s, 100.00%)
Train Loss: output=0.1740, reconstruction=0.2916
Epoch [149/400]
batch = 0 (Δ=0.265s, 100.00%)
Train Loss: output=0.1739, reconstruction=0.2900
Epoch [150/400]
batch = 0 (Δ=0.262s, 100.00%)
Train Loss: output=0.1740, reconstruction=0.2971
Epoch [151/400]
batch = 0 (Δ=0.257s, 100.00%)
Train Loss: output=0.1739, reconstruction=0.2995
Epoch [152/400]
batch = 0 (Δ=0.263s, 100.00%)
Train Loss: output=0.1739, reconstruction=0.2938
Epoch [153/400]
batch = 0 (Δ=0.262s, 100.00%)
Train Loss: output=0.1741, reconstruction=0.2931
Epoch [154/400]
batch = 0 (Δ=0.260s, 100.00%)
Train Loss: output=0.1740, reconstruction=0.2601
Epoch [155/400]
batch = 0 (Δ=0.238s, 100.00%)
Train Loss: output=0.1741, reconstruction=0.3190
Epoch [156/400]
batch = 0 (Δ=0.184s, 100.00%)
Train Loss: output=0.1739, reconstruction=0.2448
Epoch [157/400]
batch = 0 (Δ=0.187s, 100.00%)
Train Loss: output=0.1740, reconstruction=0.1966
Epoch [158/400]
batch = 0 (Δ=0.184s, 100.00%)
Train Loss: output=0.1741, reconstruction=0.1970
Epoch [159/400]
batch = 0 (Δ=0.182s, 100.00%)
Train Loss: output=0.1741, reconstruction=0.2161
Epoch [160/400]
batch = 0 (Δ=0.185s, 100.00%)
Train Loss: output=0.1741, reconstruction=0.2241
Epoch [161/400]
batch = 0 (Δ=0.182s, 100.00%)
Train Loss: output=0.1740, reconstruction=0.2555
Epoch [162/400]
batch = 0 (Δ=0.189s, 100.00%)
Train Loss: output=0.1742, reconstruction=0.2030
Epoch [163/400]
batch = 0 (Δ=0.184s, 100.00%)
Train Loss: output=0.1741, reconstruction=0.2025
Epoch [164/400]
batch = 0 (Δ=0.183s, 100.00%)
Train Loss: output=0.1743, reconstruction=0.2037
Epoch [165/400]
batch = 0 (Δ=0.257s, 100.00%)
Train Loss: output=0.1742, reconstruction=0.2073
Epoch [166/400]
batch = 0 (Δ=0.181s, 100.00%)
Train Loss: output=0.1743, reconstruction=0.2102
Epoch [167/400]
batch = 0 (Δ=0.189s, 100.00%)
Train Loss: output=0.1743, reconstruction=0.2117
Epoch [168/400]
batch = 0 (Δ=0.187s, 100.00%)
Train Loss: output=0.1742, reconstruction=0.2267
Epoch [169/400]
batch = 0 (Δ=0.181s, 100.00%)
Train Loss: output=0.1744, reconstruction=0.2376
Epoch [170/400]
batch = 0 (Δ=0.186s, 100.00%)
Train Loss: output=0.1741, reconstruction=0.2589
Epoch [171/400]
batch = 0 (Δ=0.185s, 100.00%)
Train Loss: output=0.1744, reconstruction=0.2180
Epoch [172/400]
batch = 0 (Δ=0.189s, 100.00%)
Train Loss: output=0.1742, reconstruction=0.2171
Epoch [173/400]
batch = 0 (Δ=0.188s, 100.00%)
Train Loss: output=0.1745, reconstruction=0.2174
Epoch [174/400]
batch = 0 (Δ=0.189s, 100.00%)
Train Loss: output=0.1744, reconstruction=0.2824
Epoch [175/400]
batch = 0 (Δ=0.184s, 100.00%)
Train Loss: output=0.1743, reconstruction=0.2207
Epoch [176/400]
batch = 0 (Δ=0.187s, 100.00%)
Train Loss: output=0.1747, reconstruction=0.2207
Epoch [177/400]
batch = 0 (Δ=0.187s, 100.00%)
Train Loss: output=0.1743, reconstruction=0.3006
Epoch [178/400]
batch = 0 (Δ=0.183s, 100.00%)
Train Loss: output=0.1749, reconstruction=0.2202
Epoch [179/400]
batch = 0 (Δ=0.184s, 100.00%)
Train Loss: output=0.1744, reconstruction=0.2227
Epoch [180/400]
batch = 0 (Δ=0.181s, 100.00%)
Train Loss: output=0.1747, reconstruction=0.2252
Epoch [181/400]
batch = 0 (Δ=0.185s, 100.00%)
Train Loss: output=0.1748, reconstruction=0.2241
Epoch [182/400]
batch = 0 (Δ=0.187s, 100.00%)
Train Loss: output=0.1744, reconstruction=0.2991
Epoch [183/400]
batch = 0 (Δ=0.185s, 100.00%)
Train Loss: output=0.1752, reconstruction=0.2204
Epoch [184/400]
batch = 0 (Δ=0.184s, 100.00%)
Train Loss: output=0.1744, reconstruction=0.2236
Epoch [185/400]
batch = 0 (Δ=0.185s, 100.00%)
Train Loss: output=0.1750, reconstruction=0.2249
Epoch [186/400]
batch = 0 (Δ=0.188s, 100.00%)
Train Loss: output=0.1748, reconstruction=0.2219
Epoch [187/400]
batch = 0 (Δ=0.185s, 100.00%)
Train Loss: output=0.1746, reconstruction=0.2179
Epoch [188/400]
batch = 0 (Δ=0.186s, 100.00%)
Train Loss: output=0.1753, reconstruction=0.2181
Epoch [189/400]
batch = 0 (Δ=0.189s, 100.00%)
Train Loss: output=0.1744, reconstruction=0.2616
Epoch [190/400]
batch = 0 (Δ=0.185s, 100.00%)
Train Loss: output=0.1752, reconstruction=0.2235
Epoch [191/400]
batch = 0 (Δ=0.184s, 100.00%)
Train Loss: output=0.1753, reconstruction=0.2207
Epoch [192/400]
batch = 0 (Δ=0.185s, 100.00%)
Train Loss: output=0.1746, reconstruction=0.2386
Epoch [193/400]
batch = 0 (Δ=0.185s, 100.00%)
Train Loss: output=0.1754, reconstruction=0.2146
Epoch [194/400]
batch = 0 (Δ=0.179s, 100.00%)
Train Loss: output=0.1744, reconstruction=0.2180
Epoch [195/400]
batch = 0 (Δ=0.183s, 100.00%)
Train Loss: output=0.1752, reconstruction=0.2211
Epoch [196/400]
batch = 0 (Δ=0.182s, 100.00%)
Train Loss: output=0.1756, reconstruction=0.2198
Epoch [197/400]
batch = 0 (Δ=0.179s, 100.00%)
Train Loss: output=0.1745, reconstruction=0.1847
Epoch [198/400]
batch = 0 (Δ=0.185s, 100.00%)
Train Loss: output=0.1755, reconstruction=0.2592
Epoch [199/400]
batch = 0 (Δ=0.181s, 100.00%)
Train Loss: output=0.1746, reconstruction=0.2893
Epoch [200/400]
batch = 0 (Δ=0.185s, 100.00%)
Train Loss: output=0.1748, reconstruction=0.2768
Epoch [201/400]
batch = 0 (Δ=0.185s, 100.00%)
Train Loss: output=0.1759, reconstruction=0.2854
Epoch [202/400]
batch = 0 (Δ=0.187s, 100.00%)
Train Loss: output=0.1747, reconstruction=0.2160
Epoch [203/400]
batch = 0 (Δ=0.181s, 100.00%)
Train Loss: output=0.1752, reconstruction=0.2450
Epoch [204/400]
batch = 0 (Δ=0.184s, 100.00%)
Train Loss: output=0.1751, reconstruction=0.2144
Epoch [205/400]
batch = 0 (Δ=0.181s, 100.00%)
Train Loss: output=0.1744, reconstruction=0.2176
Epoch [206/400]
batch = 0 (Δ=0.181s, 100.00%)
Train Loss: output=0.1759, reconstruction=0.2954
Epoch [207/400]
batch = 0 (Δ=0.180s, 100.00%)
Train Loss: output=0.1753, reconstruction=0.2170
Epoch [208/400]
batch = 0 (Δ=0.180s, 100.00%)
Train Loss: output=0.1746, reconstruction=0.2579
Epoch [209/400]
batch = 0 (Δ=0.179s, 100.00%)
Train Loss: output=0.1753, reconstruction=0.2152
Epoch [210/400]
batch = 0 (Δ=0.179s, 100.00%)
Train Loss: output=0.1745, reconstruction=0.2516
Epoch [211/400]
batch = 0 (Δ=0.181s, 100.00%)
Train Loss: output=0.1747, reconstruction=0.2182
Epoch [212/400]
batch = 0 (Δ=0.249s, 100.00%)
Train Loss: output=0.1757, reconstruction=0.2978
Epoch [213/400]
batch = 0 (Δ=0.251s, 100.00%)
Train Loss: output=0.1751, reconstruction=0.3032
Epoch [214/400]
batch = 0 (Δ=0.244s, 100.00%)
Train Loss: output=0.1748, reconstruction=0.2458
Epoch [215/400]
batch = 0 (Δ=0.232s, 100.00%)
Train Loss: output=0.1750, reconstruction=0.1959
Epoch [216/400]
batch = 0 (Δ=0.333s, 100.00%)
Train Loss: output=0.1743, reconstruction=0.2047
Epoch [217/400]
batch = 0 (Δ=0.254s, 100.00%)
Train Loss: output=0.1754, reconstruction=0.2007
Epoch [218/400]
batch = 0 (Δ=0.237s, 100.00%)
Train Loss: output=0.1754, reconstruction=0.2077
Epoch [219/400]
batch = 0 (Δ=0.256s, 100.00%)
Train Loss: output=0.1747, reconstruction=0.2111
Epoch [220/400]
batch = 0 (Δ=0.256s, 100.00%)
Train Loss: output=0.1748, reconstruction=0.2183
Epoch [221/400]
batch = 0 (Δ=0.257s, 100.00%)
Train Loss: output=0.1747, reconstruction=0.0666
Epoch [222/400]
batch = 0 (Δ=0.254s, 100.00%)
Train Loss: output=0.1743, reconstruction=0.0656
Epoch [223/400]
batch = 0 (Δ=0.251s, 100.00%)
Train Loss: output=0.1751, reconstruction=0.0663
Epoch [224/400]
batch = 0 (Δ=0.252s, 100.00%)
Train Loss: output=0.1752, reconstruction=0.0660
Epoch [225/400]
batch = 0 (Δ=0.253s, 100.00%)
Train Loss: output=0.1743, reconstruction=0.0651
Epoch [226/400]
batch = 0 (Δ=0.259s, 100.00%)
Train Loss: output=0.1748, reconstruction=0.0642
Epoch [227/400]
batch = 0 (Δ=0.259s, 100.00%)
Train Loss: output=0.1745, reconstruction=0.1014
Epoch [228/400]
batch = 0 (Δ=0.254s, 100.00%)
Train Loss: output=0.1744, reconstruction=0.0652
Epoch [229/400]
batch = 0 (Δ=0.257s, 100.00%)
Train Loss: output=0.1753, reconstruction=0.0676
Epoch [230/400]
batch = 0 (Δ=0.247s, 100.00%)
Train Loss: output=0.1748, reconstruction=0.0651
Epoch [231/400]
batch = 0 (Δ=0.243s, 100.00%)
Train Loss: output=0.1745, reconstruction=0.0658
Epoch [232/400]
batch = 0 (Δ=0.257s, 100.00%)
Train Loss: output=0.1748, reconstruction=0.0679
Epoch [233/400]
batch = 0 (Δ=0.258s, 100.00%)
Train Loss: output=0.1745, reconstruction=0.0710
Epoch [234/400]
batch = 0 (Δ=0.259s, 100.00%)
Train Loss: output=0.1747, reconstruction=0.0738
Epoch [235/400]
batch = 0 (Δ=0.253s, 100.00%)
Train Loss: output=0.1753, reconstruction=0.0751
Epoch [236/400]
batch = 0 (Δ=0.259s, 100.00%)
Train Loss: output=0.1751, reconstruction=0.0746
Epoch [237/400]
batch = 0 (Δ=0.263s, 100.00%)
Train Loss: output=0.1747, reconstruction=0.0737
Epoch [238/400]
batch = 0 (Δ=0.255s, 100.00%)
Train Loss: output=0.1749, reconstruction=0.0735
Epoch [239/400]
batch = 0 (Δ=0.325s, 100.00%)
Train Loss: output=0.1746, reconstruction=0.0742
Epoch [240/400]
batch = 0 (Δ=0.259s, 100.00%)
Train Loss: output=0.1749, reconstruction=0.0749
Epoch [241/400]
batch = 0 (Δ=0.250s, 100.00%)
Train Loss: output=0.1753, reconstruction=0.0700
Epoch [242/400]
batch = 0 (Δ=0.252s, 100.00%)
Train Loss: output=0.1750, reconstruction=0.0732
Epoch [243/400]
batch = 0 (Δ=0.254s, 100.00%)
Train Loss: output=0.1747, reconstruction=0.0671
Epoch [244/400]
batch = 0 (Δ=0.245s, 100.00%)
Train Loss: output=0.1749, reconstruction=0.0711
Epoch [245/400]
batch = 0 (Δ=0.253s, 100.00%)
Train Loss: output=0.1746, reconstruction=0.0712
Epoch [246/400]
batch = 0 (Δ=0.255s, 100.00%)
Train Loss: output=0.1748, reconstruction=0.0716
Epoch [247/400]
batch = 0 (Δ=0.247s, 100.00%)
Train Loss: output=0.1753, reconstruction=0.0715
Epoch [248/400]
batch = 0 (Δ=0.255s, 100.00%)
Train Loss: output=0.1747, reconstruction=0.0705
Epoch [249/400]
batch = 0 (Δ=0.257s, 100.00%)
Train Loss: output=0.1748, reconstruction=0.0694
Epoch [250/400]
batch = 0 (Δ=0.257s, 100.00%)
Train Loss: output=0.1748, reconstruction=0.0692
Epoch [251/400]
batch = 0 (Δ=0.252s, 100.00%)
Train Loss: output=0.1745, reconstruction=0.0650
Epoch [252/400]
batch = 0 (Δ=0.254s, 100.00%)
Train Loss: output=0.1751, reconstruction=0.0701
Epoch [253/400]
batch = 0 (Δ=0.250s, 100.00%)
Train Loss: output=0.1752, reconstruction=0.0698
Epoch [254/400]
batch = 0 (Δ=0.235s, 100.00%)
Train Loss: output=0.1746, reconstruction=0.0688
Epoch [255/400]
batch = 0 (Δ=0.255s, 100.00%)
Train Loss: output=0.1748, reconstruction=0.0679
Epoch [256/400]
batch = 0 (Δ=0.260s, 100.00%)
Train Loss: output=0.1747, reconstruction=0.0694
Epoch [257/400]
batch = 0 (Δ=0.250s, 100.00%)
Train Loss: output=0.1746, reconstruction=0.0684
Epoch [258/400]
batch = 0 (Δ=0.254s, 100.00%)
Train Loss: output=0.1750, reconstruction=0.0688
Epoch [259/400]
batch = 0 (Δ=0.251s, 100.00%)
Train Loss: output=0.1748, reconstruction=0.0640
Epoch [260/400]
batch = 0 (Δ=0.249s, 100.00%)
Train Loss: output=0.1746, reconstruction=0.0678
Epoch [261/400]
batch = 0 (Δ=0.252s, 100.00%)
Train Loss: output=0.1748, reconstruction=0.0675
Epoch [262/400]
batch = 0 (Δ=0.327s, 100.00%)
Train Loss: output=0.1745, reconstruction=0.0632
Epoch [263/400]
batch = 0 (Δ=0.254s, 100.00%)
Train Loss: output=0.1746, reconstruction=0.0688
Epoch [264/400]
batch = 0 (Δ=0.259s, 100.00%)
Train Loss: output=0.1751, reconstruction=0.0690
Epoch [265/400]
batch = 0 (Δ=0.261s, 100.00%)
Train Loss: output=0.1745, reconstruction=0.0684
Epoch [266/400]
batch = 0 (Δ=0.258s, 100.00%)
Train Loss: output=0.1747, reconstruction=0.0677
Epoch [267/400]
batch = 0 (Δ=0.258s, 100.00%)
Train Loss: output=0.1748, reconstruction=0.0674
Epoch [268/400]
batch = 0 (Δ=0.262s, 100.00%)
Train Loss: output=0.1745, reconstruction=0.0679
Epoch [269/400]
batch = 0 (Δ=0.251s, 100.00%)
Train Loss: output=0.1747, reconstruction=0.0684
Epoch [270/400]
batch = 0 (Δ=0.256s, 100.00%)
Train Loss: output=0.1750, reconstruction=0.0686
Epoch [271/400]
batch = 0 (Δ=0.265s, 100.00%)
Train Loss: output=0.1745, reconstruction=0.0681
Epoch [272/400]
batch = 0 (Δ=0.260s, 100.00%)
Train Loss: output=0.1748, reconstruction=0.0676
Epoch [273/400]
batch = 0 (Δ=0.255s, 100.00%)
Train Loss: output=0.1747, reconstruction=0.0678
Epoch [274/400]
batch = 0 (Δ=0.254s, 100.00%)
Train Loss: output=0.1745, reconstruction=0.0684
Epoch [275/400]
batch = 0 (Δ=0.270s, 100.00%)
Train Loss: output=0.1749, reconstruction=0.0688
Epoch [276/400]
batch = 0 (Δ=0.254s, 100.00%)
Train Loss: output=0.1747, reconstruction=0.0685
Epoch [277/400]
batch = 0 (Δ=0.259s, 100.00%)
Train Loss: output=0.1746, reconstruction=0.0681
Epoch [278/400]
batch = 0 (Δ=0.266s, 100.00%)
Train Loss: output=0.1748, reconstruction=0.0681
Epoch [279/400]
batch = 0 (Δ=0.258s, 100.00%)
Train Loss: output=0.1745, reconstruction=0.0639
Epoch [280/400]
batch = 0 (Δ=0.257s, 100.00%)
Train Loss: output=0.1746, reconstruction=0.0694
Epoch [281/400]
batch = 0 (Δ=0.257s, 100.00%)
Train Loss: output=0.1750, reconstruction=0.0696
Epoch [282/400]
batch = 0 (Δ=0.260s, 100.00%)
Train Loss: output=0.1745, reconstruction=0.0689
Epoch [283/400]
batch = 0 (Δ=0.253s, 100.00%)
Train Loss: output=0.1747, reconstruction=0.0683
Epoch [284/400]
batch = 0 (Δ=0.255s, 100.00%)
Train Loss: output=0.1748, reconstruction=0.0637
Epoch [285/400]
batch = 0 (Δ=0.344s, 100.00%)
Train Loss: output=0.1747, reconstruction=0.0690
Epoch [286/400]
batch = 0 (Δ=0.256s, 100.00%)
Train Loss: output=0.1752, reconstruction=0.0701
Epoch [287/400]
batch = 0 (Δ=0.251s, 100.00%)
Train Loss: output=0.1753, reconstruction=0.0700
Epoch [288/400]
batch = 0 (Δ=0.266s, 100.00%)
Train Loss: output=0.1750, reconstruction=0.0684
Epoch [289/400]
batch = 0 (Δ=0.258s, 100.00%)
Train Loss: output=0.1747, reconstruction=0.0675
Epoch [290/400]
batch = 0 (Δ=0.259s, 100.00%)
Train Loss: output=0.1750, reconstruction=0.0657
Epoch [291/400]
batch = 0 (Δ=0.263s, 100.00%)
Train Loss: output=0.1745, reconstruction=0.0668
Epoch [292/400]
batch = 0 (Δ=0.259s, 100.00%)
Train Loss: output=0.1747, reconstruction=0.0694
Epoch [293/400]
batch = 0 (Δ=0.257s, 100.00%)
Train Loss: output=0.1749, reconstruction=0.0719
Epoch [294/400]
batch = 0 (Δ=0.266s, 100.00%)
Train Loss: output=0.1743, reconstruction=0.0682
Epoch [295/400]
batch = 0 (Δ=0.254s, 100.00%)
Train Loss: output=0.1750, reconstruction=0.0716
Epoch [296/400]
batch = 0 (Δ=0.260s, 100.00%)
Train Loss: output=0.1748, reconstruction=0.0694
Epoch [297/400]
batch = 0 (Δ=0.263s, 100.00%)
Train Loss: output=0.1744, reconstruction=0.0648
Epoch [298/400]
batch = 0 (Δ=0.248s, 100.00%)
Train Loss: output=0.1757, reconstruction=0.0704
Epoch [299/400]
batch = 0 (Δ=0.252s, 100.00%)
Train Loss: output=0.1753, reconstruction=0.0688
Epoch [300/400]
batch = 0 (Δ=0.259s, 100.00%)
Train Loss: output=0.1751, reconstruction=0.0667
Epoch [301/400]
batch = 0 (Δ=0.256s, 100.00%)
Train Loss: output=0.1754, reconstruction=0.0652
Epoch [302/400]
batch = 0 (Δ=0.250s, 100.00%)
Train Loss: output=0.1751, reconstruction=0.0650
Epoch [303/400]
batch = 0 (Δ=0.256s, 100.00%)
Train Loss: output=0.1751, reconstruction=0.0615
Epoch [304/400]
batch = 0 (Δ=0.265s, 100.00%)
Train Loss: output=0.1754, reconstruction=0.0621
Epoch [305/400]
batch = 0 (Δ=0.261s, 100.00%)
Train Loss: output=0.1751, reconstruction=0.0659
Epoch [306/400]
batch = 0 (Δ=0.263s, 100.00%)
Train Loss: output=0.1744, reconstruction=0.0656
Epoch [307/400]
batch = 0 (Δ=0.256s, 100.00%)
Train Loss: output=0.1747, reconstruction=0.0662
Epoch [308/400]
batch = 0 (Δ=0.335s, 100.00%)
Train Loss: output=0.1743, reconstruction=0.0677
Epoch [309/400]
batch = 0 (Δ=0.256s, 100.00%)
Train Loss: output=0.1747, reconstruction=0.0686
Epoch [310/400]
batch = 0 (Δ=0.257s, 100.00%)
Train Loss: output=0.1753, reconstruction=0.0692
Epoch [311/400]
batch = 0 (Δ=0.253s, 100.00%)
Train Loss: output=0.1746, reconstruction=0.0637
Epoch [312/400]
batch = 0 (Δ=0.225s, 100.00%)
Train Loss: output=0.1746, reconstruction=0.0673
Epoch [313/400]
batch = 0 (Δ=0.249s, 100.00%)
Train Loss: output=0.1745, reconstruction=0.0671
Epoch [314/400]
batch = 0 (Δ=0.256s, 100.00%)
Train Loss: output=0.1743, reconstruction=0.0631
Epoch [315/400]
batch = 0 (Δ=0.261s, 100.00%)
Train Loss: output=0.1751, reconstruction=0.0639
Epoch [316/400]
batch = 0 (Δ=0.244s, 100.00%)
Train Loss: output=0.1750, reconstruction=0.0684
Epoch [317/400]
batch = 0 (Δ=0.258s, 100.00%)
Train Loss: output=0.1744, reconstruction=0.0683
Epoch [318/400]
batch = 0 (Δ=0.259s, 100.00%)
Train Loss: output=0.1746, reconstruction=0.0669
Epoch [319/400]
batch = 0 (Δ=0.258s, 100.00%)
Train Loss: output=0.1743, reconstruction=0.0693
Epoch [320/400]
batch = 0 (Δ=0.256s, 100.00%)
Train Loss: output=0.1744, reconstruction=0.0703
Epoch [321/400]
batch = 0 (Δ=0.257s, 100.00%)
Train Loss: output=0.1749, reconstruction=0.0641
Epoch [322/400]
batch = 0 (Δ=0.253s, 100.00%)
Train Loss: output=0.1743, reconstruction=0.0708
Epoch [323/400]
batch = 0 (Δ=0.247s, 100.00%)
Train Loss: output=0.1746, reconstruction=0.0704
Epoch [324/400]
batch = 0 (Δ=0.252s, 100.00%)
Train Loss: output=0.1745, reconstruction=0.0705
Epoch [325/400]
batch = 0 (Δ=0.255s, 100.00%)
Train Loss: output=0.1743, reconstruction=0.0717
Epoch [326/400]
batch = 0 (Δ=0.256s, 100.00%)
Train Loss: output=0.1749, reconstruction=0.0727
Epoch [327/400]
batch = 0 (Δ=0.255s, 100.00%)
Train Loss: output=0.1748, reconstruction=0.0726
Epoch [328/400]
batch = 0 (Δ=0.259s, 100.00%)
Train Loss: output=0.1744, reconstruction=0.0721
Epoch [329/400]
batch = 0 (Δ=0.254s, 100.00%)
Train Loss: output=0.1746, reconstruction=0.0687
Epoch [330/400]
batch = 0 (Δ=0.252s, 100.00%)
Train Loss: output=0.1743, reconstruction=0.0729
Epoch [331/400]
batch = 0 (Δ=0.324s, 100.00%)
Train Loss: output=0.1745, reconstruction=0.0735
Epoch [332/400]
batch = 0 (Δ=0.255s, 100.00%)
Train Loss: output=0.1751, reconstruction=0.0736
Epoch [333/400]
batch = 0 (Δ=0.253s, 100.00%)
Train Loss: output=0.1743, reconstruction=0.0693
Epoch [334/400]
batch = 0 (Δ=0.252s, 100.00%)
Train Loss: output=0.1746, reconstruction=0.0732
Epoch [335/400]
batch = 0 (Δ=0.258s, 100.00%)
Train Loss: output=0.1745, reconstruction=0.0736
Epoch [336/400]
batch = 0 (Δ=0.258s, 100.00%)
Train Loss: output=0.1743, reconstruction=0.0745
Epoch [337/400]
batch = 0 (Δ=0.257s, 100.00%)
Train Loss: output=0.1750, reconstruction=0.0752
Epoch [338/400]
batch = 0 (Δ=0.256s, 100.00%)
Train Loss: output=0.1748, reconstruction=0.0699
Epoch [339/400]
batch = 0 (Δ=0.256s, 100.00%)
Train Loss: output=0.1744, reconstruction=0.0743
Epoch [340/400]
batch = 0 (Δ=0.253s, 100.00%)
Train Loss: output=0.1747, reconstruction=0.0696
Epoch [341/400]
batch = 0 (Δ=0.252s, 100.00%)
Train Loss: output=0.1743, reconstruction=0.0744
Epoch [342/400]
batch = 0 (Δ=0.253s, 100.00%)
Train Loss: output=0.1751, reconstruction=0.0749
Epoch [343/400]
batch = 0 (Δ=0.251s, 100.00%)
Train Loss: output=0.1752, reconstruction=0.0699
Epoch [344/400]
batch = 0 (Δ=0.251s, 100.00%)
Train Loss: output=0.1746, reconstruction=0.0744
Epoch [345/400]
batch = 0 (Δ=0.256s, 100.00%)
Train Loss: output=0.1745, reconstruction=0.0741
Epoch [346/400]
batch = 0 (Δ=0.261s, 100.00%)
Train Loss: output=0.1744, reconstruction=0.0745
Epoch [347/400]
batch = 0 (Δ=0.260s, 100.00%)
Train Loss: output=0.1743, reconstruction=0.0754
Epoch [348/400]
batch = 0 (Δ=0.259s, 100.00%)
Train Loss: output=0.1747, reconstruction=0.0759
Epoch [349/400]
batch = 0 (Δ=0.258s, 100.00%)
Train Loss: output=0.1744, reconstruction=0.0757
Epoch [350/400]
batch = 0 (Δ=0.259s, 100.00%)
Train Loss: output=0.1744, reconstruction=0.0753
Epoch [351/400]
batch = 0 (Δ=0.255s, 100.00%)
Train Loss: output=0.1746, reconstruction=0.0753
Epoch [352/400]
batch = 0 (Δ=0.328s, 100.00%)
Train Loss: output=0.1743, reconstruction=0.0759
Epoch [353/400]
batch = 0 (Δ=0.258s, 100.00%)
Train Loss: output=0.1746, reconstruction=0.0716
Epoch [354/400]
batch = 0 (Δ=0.253s, 100.00%)
Train Loss: output=0.1752, reconstruction=0.0708
Epoch [355/400]
batch = 0 (Δ=0.253s, 100.00%)
Train Loss: output=0.1746, reconstruction=0.0707
Epoch [356/400]
batch = 0 (Δ=0.257s, 100.00%)
Train Loss: output=0.1746, reconstruction=0.0699
Epoch [357/400]
batch = 0 (Δ=0.254s, 100.00%)
Train Loss: output=0.1745, reconstruction=0.0736
Epoch [358/400]
batch = 0 (Δ=0.251s, 100.00%)
Train Loss: output=0.1745, reconstruction=0.0740
Epoch [359/400]
batch = 0 (Δ=0.241s, 100.00%)
Train Loss: output=0.1752, reconstruction=0.0990
Epoch [360/400]
batch = 0 (Δ=0.244s, 100.00%)
Train Loss: output=0.1750, reconstruction=0.0998
Epoch [361/400]
batch = 0 (Δ=0.243s, 100.00%)
Train Loss: output=0.1745, reconstruction=0.0733
Epoch [362/400]
batch = 0 (Δ=0.248s, 100.00%)
Train Loss: output=0.1746, reconstruction=0.0730
Epoch [363/400]
batch = 0 (Δ=0.253s, 100.00%)
Train Loss: output=0.1743, reconstruction=0.0928
Epoch [364/400]
batch = 0 (Δ=0.242s, 100.00%)
Train Loss: output=0.1751, reconstruction=0.0998
Epoch [365/400]
batch = 0 (Δ=0.242s, 100.00%)
Train Loss: output=0.1751, reconstruction=0.0735
Epoch [366/400]
batch = 0 (Δ=0.244s, 100.00%)
Train Loss: output=0.1748, reconstruction=0.0683
Epoch [367/400]
batch = 0 (Δ=0.244s, 100.00%)
Train Loss: output=0.1745, reconstruction=0.0988
Epoch [368/400]
batch = 0 (Δ=0.241s, 100.00%)
Train Loss: output=0.1744, reconstruction=0.0694
Epoch [369/400]
batch = 0 (Δ=0.243s, 100.00%)
Train Loss: output=0.1747, reconstruction=0.0727
Epoch [370/400]
batch = 0 (Δ=0.243s, 100.00%)
Train Loss: output=0.1752, reconstruction=0.0680
Epoch [371/400]
batch = 0 (Δ=0.243s, 100.00%)
Train Loss: output=0.1750, reconstruction=0.0970
Epoch [372/400]
batch = 0 (Δ=0.243s, 100.00%)
Train Loss: output=0.1747, reconstruction=0.0713
Epoch [373/400]
batch = 0 (Δ=0.244s, 100.00%)
Train Loss: output=0.1745, reconstruction=0.0709
Epoch [374/400]
batch = 0 (Δ=0.244s, 100.00%)
Train Loss: output=0.1744, reconstruction=0.0940
Epoch [375/400]
batch = 0 (Δ=0.309s, 100.00%)
Train Loss: output=0.1751, reconstruction=0.0718
Epoch [376/400]
batch = 0 (Δ=0.243s, 100.00%)
Train Loss: output=0.1751, reconstruction=0.0718
Epoch [377/400]
batch = 0 (Δ=0.245s, 100.00%)
Train Loss: output=0.1750, reconstruction=0.0711
Epoch [378/400]
batch = 0 (Δ=0.242s, 100.00%)
Train Loss: output=0.1745, reconstruction=0.0705
Epoch [379/400]
batch = 0 (Δ=0.234s, 100.00%)
Train Loss: output=0.1744, reconstruction=0.0703
Epoch [380/400]
batch = 0 (Δ=0.246s, 100.00%)
Train Loss: output=0.1745, reconstruction=0.0704
Epoch [381/400]
batch = 0 (Δ=0.243s, 100.00%)
Train Loss: output=0.1751, reconstruction=0.0705
Epoch [382/400]
batch = 0 (Δ=0.243s, 100.00%)
Train Loss: output=0.1751, reconstruction=0.0985
Epoch [383/400]
batch = 0 (Δ=0.244s, 100.00%)
Train Loss: output=0.1750, reconstruction=0.0701
Epoch [384/400]
batch = 0 (Δ=0.242s, 100.00%)
Train Loss: output=0.1747, reconstruction=0.0694
Epoch [385/400]
batch = 0 (Δ=0.243s, 100.00%)
Train Loss: output=0.1745, reconstruction=0.0693
Epoch [386/400]
batch = 0 (Δ=0.244s, 100.00%)
Train Loss: output=0.1750, reconstruction=0.0695
Epoch [387/400]
batch = 0 (Δ=0.243s, 100.00%)
Train Loss: output=0.1751, reconstruction=0.0694
Epoch [388/400]
batch = 0 (Δ=0.244s, 100.00%)
Train Loss: output=0.1750, reconstruction=0.0690
Epoch [389/400]
batch = 0 (Δ=0.245s, 100.00%)
Train Loss: output=0.1750, reconstruction=0.0687
Epoch [390/400]
batch = 0 (Δ=0.245s, 100.00%)
Train Loss: output=0.1750, reconstruction=0.0687
Epoch [391/400]
batch = 0 (Δ=0.243s, 100.00%)
Train Loss: output=0.1750, reconstruction=0.0688
Epoch [392/400]
batch = 0 (Δ=0.243s, 100.00%)
Train Loss: output=0.1750, reconstruction=0.0688
Epoch [393/400]
batch = 0 (Δ=0.248s, 100.00%)
Train Loss: output=0.1750, reconstruction=0.0686
Epoch [394/400]
batch = 0 (Δ=0.243s, 100.00%)
Train Loss: output=0.1750, reconstruction=0.0682
Epoch [395/400]
batch = 0 (Δ=0.242s, 100.00%)
Train Loss: output=0.1750, reconstruction=0.0677
Epoch [396/400]
batch = 0 (Δ=0.244s, 100.00%)
Train Loss: output=0.1750, reconstruction=0.0675
Epoch [397/400]
batch = 0 (Δ=0.242s, 100.00%)
Train Loss: output=0.1750, reconstruction=0.0676
Epoch [398/400]
batch = 0 (Δ=0.309s, 100.00%)
Train Loss: output=0.1750, reconstruction=0.0676
Epoch [399/400]
batch = 0 (Δ=0.242s, 100.00%)
Train Loss: output=0.1750, reconstruction=0.1228
Epoch [400/400]
batch = 0 (Δ=0.242s, 100.00%)
Train Loss: output=0.1750, reconstruction=0.1873
Final Stats:
=== Selected operation grammar ===
batch = 0 (Δ=0.209s, 100.00%)
=== Input Reconstruction (test) ===
  row[0] input='hello world' -> reconstructed='loving loving' label=0.0000 predicted=0.4952 MISMATCH
  row[1] input='hello there' -> reconstructed='' label=1.0000 predicted=0.4947 MISMATCH
  row[2] input='loving world' -> reconstructed='' label=1.0000 predicted=0.4965 MISMATCH
  row[3] input='loving there' -> reconstructed='' label=0.0000 predicted=0.4960 MISMATCH
_____ TestXorGrammarReconstruction.test_piecewise_overall_at_least_50_pct ______
/Users/arogers/github/WikiOracle/basicmodel/test/test_explicit_dimensions.py:289: in test_piecewise_overall_at_least_50_pct
    self.assertGreaterEqual(
E   AssertionError: 0.0 not greater than or equal to 0.5 : XOR_grammar reconstruction: 0/4 inputs recovered (expected >=50%). Sample reconstructions: [('hello world', 'hello'), ('hello there', 'hello')]
----------------------------- Captured stdout call -----------------------------
Starting with dynamic 2-dim embedding (words added at runtime)
  Building span table: 0/4 docs
Device: cpu
Peer pipeline: static PS/WS stage bodies compiled separately; legacy compatibility scheduler remains outside fullgraph capture


==== BasicModel ====

Trial [1/1]
Baseline test pass skipped (--test not specified). Re-invoke train.py with --test to include baseline + post-epoch evaluation.
Epoch [1/400]
batch = 0 (warm-up, 100.00%)
Train Loss: output=0.1764, reconstruction=0.2977
Epoch [2/400]
batch = 0 (Δ=0.174s, 100.00%)
Train Loss: output=0.1816, reconstruction=0.3121
Epoch [3/400]
batch = 0 (Δ=0.241s, 100.00%)
Train Loss: output=0.1752, reconstruction=0.2810
Epoch [4/400]
batch = 0 (Δ=0.233s, 100.00%)
Train Loss: output=0.1751, reconstruction=0.2822
Epoch [5/400]
batch = 0 (Δ=0.244s, 100.00%)
Train Loss: output=0.1772, reconstruction=0.2552
Epoch [6/400]
batch = 0 (Δ=0.248s, 100.00%)
Train Loss: output=0.1754, reconstruction=0.2546
Epoch [7/400]
batch = 0 (Δ=0.243s, 100.00%)
Train Loss: output=0.1735, reconstruction=0.1950
Epoch [8/400]
batch = 0 (Δ=0.243s, 100.00%)
Train Loss: output=0.1742, reconstruction=0.2157
Epoch [9/400]
batch = 0 (Δ=0.242s, 100.00%)
Train Loss: output=0.1756, reconstruction=0.2108
Epoch [10/400]
batch = 0 (Δ=0.243s, 100.00%)
Train Loss: output=0.1754, reconstruction=0.1766
Epoch [11/400]
batch = 0 (Δ=0.241s, 100.00%)
Train Loss: output=0.1745, reconstruction=0.1662
Epoch [12/400]
batch = 0 (Δ=0.236s, 100.00%)
Train Loss: output=0.1747, reconstruction=0.1702
Epoch [13/400]
batch = 0 (Δ=0.241s, 100.00%)
Train Loss: output=0.1759, reconstruction=0.1674
Epoch [14/400]
batch = 0 (Δ=0.244s, 100.00%)
Train Loss: output=0.1762, reconstruction=0.1653
Epoch [15/400]
batch = 0 (Δ=0.239s, 100.00%)
Train Loss: output=0.1755, reconstruction=0.1634
Epoch [16/400]
batch = 0 (Δ=0.245s, 100.00%)
Train Loss: output=0.1753, reconstruction=0.1699
Epoch [17/400]
batch = 0 (Δ=0.245s, 100.00%)
Train Loss: output=0.1759, reconstruction=0.1609
Epoch [18/400]
batch = 0 (Δ=0.244s, 100.00%)
Train Loss: output=0.1763, reconstruction=0.1600
Epoch [19/400]
batch = 0 (Δ=0.243s, 100.00%)
Train Loss: output=0.1760, reconstruction=0.1564
Epoch [20/400]
batch = 0 (Δ=0.312s, 100.00%)
Train Loss: output=0.1756, reconstruction=0.1536
Epoch [21/400]
batch = 0 (Δ=0.240s, 100.00%)
Train Loss: output=0.1757, reconstruction=0.3121
Epoch [22/400]
batch = 0 (Δ=0.246s, 100.00%)
Train Loss: output=0.1760, reconstruction=0.3407
Epoch [23/400]
batch = 0 (Δ=0.242s, 100.00%)
Train Loss: output=0.1758, reconstruction=0.4037
Epoch [24/400]
batch = 0 (Δ=0.245s, 100.00%)
Train Loss: output=0.1754, reconstruction=0.1983
Epoch [25/400]
batch = 0 (Δ=0.242s, 100.00%)
Train Loss: output=0.1753, reconstruction=0.1444
Epoch [26/400]
batch = 0 (Δ=0.239s, 100.00%)
Train Loss: output=0.1755, reconstruction=0.1443
Epoch [27/400]
batch = 0 (Δ=0.243s, 100.00%)
Train Loss: output=0.1754, reconstruction=0.1522
Epoch [28/400]
batch = 0 (Δ=0.245s, 100.00%)
Train Loss: output=0.1751, reconstruction=0.2183
Epoch [29/400]
batch = 0 (Δ=0.241s, 100.00%)
Train Loss: output=0.1749, reconstruction=0.1455
Epoch [30/400]
batch = 0 (Δ=0.244s, 100.00%)
Train Loss: output=0.1751, reconstruction=0.1548
Epoch [31/400]
batch = 0 (Δ=0.244s, 100.00%)
Train Loss: output=0.1749, reconstruction=0.1490
Epoch [32/400]
batch = 0 (Δ=0.244s, 100.00%)
Train Loss: output=0.1746, reconstruction=0.2338
Epoch [33/400]
batch = 0 (Δ=0.243s, 100.00%)
Train Loss: output=0.1746, reconstruction=0.1523
Epoch [34/400]
batch = 0 (Δ=0.246s, 100.00%)
Train Loss: output=0.1746, reconstruction=0.1772
Epoch [35/400]
batch = 0 (Δ=0.242s, 100.00%)
Train Loss: output=0.1745, reconstruction=0.1694
Epoch [36/400]
batch = 0 (Δ=0.245s, 100.00%)
Train Loss: output=0.1743, reconstruction=0.1696
Epoch [37/400]
batch = 0 (Δ=0.242s, 100.00%)
Train Loss: output=0.1742, reconstruction=0.2667
Epoch [38/400]
batch = 0 (Δ=0.242s, 100.00%)
Train Loss: output=0.1742, reconstruction=0.2315
Epoch [39/400]
batch = 0 (Δ=0.243s, 100.00%)
Train Loss: output=0.1740, reconstruction=0.1769
Epoch [40/400]
batch = 0 (Δ=0.243s, 100.00%)
Train Loss: output=0.1739, reconstruction=0.1806
Epoch [41/400]
batch = 0 (Δ=0.239s, 100.00%)
Train Loss: output=0.1739, reconstruction=0.1875
Epoch [42/400]
batch = 0 (Δ=0.243s, 100.00%)
Train Loss: output=0.1738, reconstruction=0.1886
Epoch [43/400]
batch = 0 (Δ=0.240s, 100.00%)
Train Loss: output=0.1737, reconstruction=0.1886
Epoch [44/400]
batch = 0 (Δ=0.321s, 100.00%)
Train Loss: output=0.1737, reconstruction=0.1928
Epoch [45/400]
batch = 0 (Δ=0.242s, 100.00%)
Train Loss: output=0.1737, reconstruction=0.1978
Epoch [46/400]
batch = 0 (Δ=0.240s, 100.00%)
Train Loss: output=0.1736, reconstruction=0.2010
Epoch [47/400]
batch = 0 (Δ=0.241s, 100.00%)
Train Loss: output=0.1735, reconstruction=0.2055
Epoch [48/400]
batch = 0 (Δ=0.241s, 100.00%)
Train Loss: output=0.1735, reconstruction=0.2089
Epoch [49/400]
batch = 0 (Δ=0.232s, 100.00%)
Train Loss: output=0.1735, reconstruction=0.2111
Epoch [50/400]
batch = 0 (Δ=0.244s, 100.00%)
Train Loss: output=0.1735, reconstruction=0.2131
Epoch [51/400]
batch = 0 (Δ=0.240s, 100.00%)
Train Loss: output=0.1736, reconstruction=0.2161
Epoch [52/400]
batch = 0 (Δ=0.240s, 100.00%)
Train Loss: output=0.1737, reconstruction=0.2135
Epoch [53/400]
batch = 0 (Δ=0.246s, 100.00%)
Train Loss: output=0.1737, reconstruction=0.2165
Epoch [54/400]
batch = 0 (Δ=0.241s, 100.00%)
Train Loss: output=0.1737, reconstruction=0.2180
Epoch [55/400]
batch = 0 (Δ=0.241s, 100.00%)
Train Loss: output=0.1738, reconstruction=0.2181
Epoch [56/400]
batch = 0 (Δ=0.243s, 100.00%)
Train Loss: output=0.1738, reconstruction=0.2186
Epoch [57/400]
batch = 0 (Δ=0.241s, 100.00%)
Train Loss: output=0.1739, reconstruction=0.2160
Epoch [58/400]
batch = 0 (Δ=0.241s, 100.00%)
Train Loss: output=0.1740, reconstruction=0.2180
Epoch [59/400]
batch = 0 (Δ=0.242s, 100.00%)
Train Loss: output=0.1741, reconstruction=0.2176
Epoch [60/400]
batch = 0 (Δ=0.246s, 100.00%)
Train Loss: output=0.1741, reconstruction=0.2186
Epoch [61/400]
batch = 0 (Δ=0.242s, 100.00%)
Train Loss: output=0.1741, reconstruction=0.2050
Epoch [62/400]
batch = 0 (Δ=0.242s, 100.00%)
Train Loss: output=0.1741, reconstruction=0.2165
Epoch [63/400]
batch = 0 (Δ=0.243s, 100.00%)
Train Loss: output=0.1743, reconstruction=0.2155
Epoch [64/400]
batch = 0 (Δ=0.241s, 100.00%)
Train Loss: output=0.1744, reconstruction=0.2159
Epoch [65/400]
batch = 0 (Δ=0.238s, 100.00%)
Train Loss: output=0.1744, reconstruction=0.2164
Epoch [66/400]
batch = 0 (Δ=0.306s, 100.00%)
Train Loss: output=0.1744, reconstruction=0.2065
Epoch [67/400]
batch = 0 (Δ=0.226s, 100.00%)
Train Loss: output=0.1745, reconstruction=0.2093
Epoch [68/400]
batch = 0 (Δ=0.241s, 100.00%)
Train Loss: output=0.1746, reconstruction=0.2137
Epoch [69/400]
batch = 0 (Δ=0.243s, 100.00%)
Train Loss: output=0.1747, reconstruction=0.2137
Epoch [70/400]
batch = 0 (Δ=0.242s, 100.00%)
Train Loss: output=0.1747, reconstruction=0.2079
Epoch [71/400]
batch = 0 (Δ=0.243s, 100.00%)
Train Loss: output=0.1746, reconstruction=0.2133
Epoch [72/400]
batch = 0 (Δ=0.240s, 100.00%)
Train Loss: output=0.1746, reconstruction=0.2185
Epoch [73/400]
batch = 0 (Δ=0.245s, 100.00%)
Train Loss: output=0.1747, reconstruction=0.2075
Epoch [74/400]
batch = 0 (Δ=0.242s, 100.00%)
Train Loss: output=0.1747, reconstruction=0.2116
Epoch [75/400]
batch = 0 (Δ=0.240s, 100.00%)
Train Loss: output=0.1748, reconstruction=0.2050
Epoch [76/400]
batch = 0 (Δ=0.242s, 100.00%)
Train Loss: output=0.1748, reconstruction=0.2032
Epoch [77/400]
batch = 0 (Δ=0.242s, 100.00%)
Train Loss: output=0.1748, reconstruction=0.2689
Epoch [78/400]
batch = 0 (Δ=0.240s, 100.00%)
Train Loss: output=0.1748, reconstruction=0.2182
Epoch [79/400]
batch = 0 (Δ=0.241s, 100.00%)
Train Loss: output=0.1749, reconstruction=0.1984
Epoch [80/400]
batch = 0 (Δ=0.243s, 100.00%)
Train Loss: output=0.1749, reconstruction=0.1898
Epoch [81/400]
batch = 0 (Δ=0.236s, 100.00%)
Train Loss: output=0.1749, reconstruction=0.1985
Epoch [82/400]
batch = 0 (Δ=0.242s, 100.00%)
Train Loss: output=0.1750, reconstruction=0.1963
Epoch [83/400]
batch = 0 (Δ=0.241s, 100.00%)
Train Loss: output=0.1750, reconstruction=0.5028
Epoch [84/400]
batch = 0 (Δ=0.239s, 100.00%)
Train Loss: output=0.1751, reconstruction=0.4482
Epoch [85/400]
batch = 0 (Δ=0.240s, 100.00%)
Train Loss: output=0.1751, reconstruction=0.5407
Epoch [86/400]
batch = 0 (Δ=0.239s, 100.00%)
Train Loss: output=0.1750, reconstruction=0.6570
Epoch [87/400]
batch = 0 (Δ=0.240s, 100.00%)
Train Loss: output=0.1750, reconstruction=0.6490
Epoch [88/400]
batch = 0 (Δ=0.238s, 100.00%)
Train Loss: output=0.1750, reconstruction=0.6558
Epoch [89/400]
batch = 0 (Δ=0.309s, 100.00%)
Train Loss: output=0.1750, reconstruction=0.6320
Epoch [90/400]
batch = 0 (Δ=0.240s, 100.00%)
Train Loss: output=0.1749, reconstruction=0.6649
Epoch [91/400]
batch = 0 (Δ=0.243s, 100.00%)
Train Loss: output=0.1749, reconstruction=0.6656
Epoch [92/400]
batch = 0 (Δ=0.241s, 100.00%)
Train Loss: output=0.1749, reconstruction=0.6418
Epoch [93/400]
batch = 0 (Δ=0.241s, 100.00%)
Train Loss: output=0.1748, reconstruction=0.6345
Epoch [94/400]
batch = 0 (Δ=0.241s, 100.00%)
Train Loss: output=0.1748, reconstruction=0.6376
Epoch [95/400]
batch = 0 (Δ=0.241s, 100.00%)
Train Loss: output=0.1748, reconstruction=0.6232
Epoch [96/400]
batch = 0 (Δ=0.242s, 100.00%)
Train Loss: output=0.1748, reconstruction=0.5600
Epoch [97/400]
batch = 0 (Δ=0.240s, 100.00%)
Train Loss: output=0.1749, reconstruction=0.6548
Epoch [98/400]
batch = 0 (Δ=0.241s, 100.00%)
Train Loss: output=0.1749, reconstruction=0.6370
Epoch [99/400]
batch = 0 (Δ=0.241s, 100.00%)
Train Loss: output=0.1748, reconstruction=0.5630
Epoch [100/400]
batch = 0 (Δ=0.241s, 100.00%)
Train Loss: output=0.1748, reconstruction=0.6383
Epoch [101/400]
batch = 0 (Δ=0.240s, 100.00%)
Train Loss: output=0.1747, reconstruction=0.6508
Epoch [102/400]
batch = 0 (Δ=0.235s, 100.00%)
Train Loss: output=0.1747, reconstruction=0.6490
Epoch [103/400]
batch = 0 (Δ=0.240s, 100.00%)
Train Loss: output=0.1750, reconstruction=0.5314
Epoch [104/400]
batch = 0 (Δ=0.243s, 100.00%)
Train Loss: output=0.1750, reconstruction=0.5182
Epoch [105/400]
batch = 0 (Δ=0.242s, 100.00%)
Train Loss: output=0.1751, reconstruction=0.5256
Epoch [106/400]
batch = 0 (Δ=0.239s, 100.00%)
Train Loss: output=0.1751, reconstruction=0.5630
Epoch [107/400]
batch = 0 (Δ=0.242s, 100.00%)
Train Loss: output=0.1750, reconstruction=0.5753
Epoch [108/400]
batch = 0 (Δ=0.242s, 100.00%)
Train Loss: output=0.1751, reconstruction=0.7146
Epoch [109/400]
batch = 0 (Δ=0.244s, 100.00%)
Train Loss: output=0.1750, reconstruction=0.6208
Epoch [110/400]
batch = 0 (Δ=0.242s, 100.00%)
Train Loss: output=0.1750, reconstruction=0.6311
Epoch [111/400]
batch = 0 (Δ=0.241s, 100.00%)
Train Loss: output=0.1789, reconstruction=0.4414
Epoch [112/400]
batch = 0 (Δ=0.309s, 100.00%)
Train Loss: output=0.1762, reconstruction=0.3589
Epoch [113/400]
batch = 0 (Δ=0.242s, 100.00%)
Train Loss: output=0.1781, reconstruction=0.3386
Epoch [114/400]
batch = 0 (Δ=0.241s, 100.00%)
Train Loss: output=0.1771, reconstruction=0.3165
Epoch [115/400]
batch = 0 (Δ=0.243s, 100.00%)
Train Loss: output=0.1748, reconstruction=0.2836
Epoch [116/400]
batch = 0 (Δ=0.229s, 100.00%)
Train Loss: output=0.1772, reconstruction=0.2818
Epoch [117/400]
batch = 0 (Δ=0.242s, 100.00%)
Train Loss: output=0.1765, reconstruction=0.2947
Epoch [118/400]
batch = 0 (Δ=0.238s, 100.00%)
Train Loss: output=0.1738, reconstruction=0.2910
Epoch [119/400]
batch = 0 (Δ=0.242s, 100.00%)
Train Loss: output=0.1742, reconstruction=0.2821
Epoch [120/400]
batch = 0 (Δ=0.241s, 100.00%)
Train Loss: output=0.1744, reconstruction=0.2020
Epoch [121/400]
batch = 0 (Δ=0.243s, 100.00%)
Train Loss: output=0.1737, reconstruction=0.2833
Epoch [122/400]
batch = 0 (Δ=0.240s, 100.00%)
Train Loss: output=0.1753, reconstruction=0.2554
Epoch [123/400]
batch = 0 (Δ=0.241s, 100.00%)
Train Loss: output=0.1760, reconstruction=0.2900
Epoch [124/400]
batch = 0 (Δ=0.243s, 100.00%)
Train Loss: output=0.1746, reconstruction=0.2824
Epoch [125/400]
batch = 0 (Δ=0.242s, 100.00%)
Train Loss: output=0.1740, reconstruction=0.2898
Epoch [126/400]
batch = 0 (Δ=0.242s, 100.00%)
Train Loss: output=0.1746, reconstruction=0.3072
Epoch [127/400]
batch = 0 (Δ=0.245s, 100.00%)
Train Loss: output=0.1742, reconstruction=0.2960
Epoch [128/400]
batch = 0 (Δ=0.241s, 100.00%)
Train Loss: output=0.1744, reconstruction=0.2898
Epoch [129/400]
batch = 0 (Δ=0.243s, 100.00%)
Train Loss: output=0.1750, reconstruction=0.2919
Epoch [130/400]
batch = 0 (Δ=0.242s, 100.00%)
Train Loss: output=0.1745, reconstruction=0.2942
Epoch [131/400]
batch = 0 (Δ=0.242s, 100.00%)
Train Loss: output=0.1741, reconstruction=0.3040
Epoch [132/400]
batch = 0 (Δ=0.243s, 100.00%)
Train Loss: output=0.1746, reconstruction=0.3009
Epoch [133/400]
batch = 0 (Δ=0.255s, 100.00%)
Train Loss: output=0.1748, reconstruction=0.2902
Epoch [134/400]
batch = 0 (Δ=0.243s, 100.00%)
Train Loss: output=0.1745, reconstruction=0.3111
Epoch [135/400]
batch = 0 (Δ=0.310s, 100.00%)
Train Loss: output=0.1746, reconstruction=0.2928
Epoch [136/400]
batch = 0 (Δ=0.229s, 100.00%)
Train Loss: output=0.1747, reconstruction=0.2953
Epoch [137/400]
batch = 0 (Δ=0.235s, 100.00%)
Train Loss: output=0.1745, reconstruction=0.2967
Epoch [138/400]
batch = 0 (Δ=0.242s, 100.00%)
Train Loss: output=0.1746, reconstruction=0.2943
Epoch [139/400]
batch = 0 (Δ=0.242s, 100.00%)
Train Loss: output=0.1749, reconstruction=0.2678
Epoch [140/400]
batch = 0 (Δ=0.243s, 100.00%)
Train Loss: output=0.1747, reconstruction=0.3154
Epoch [141/400]
batch = 0 (Δ=0.241s, 100.00%)
Train Loss: output=0.1746, reconstruction=0.3052
Epoch [142/400]
batch = 0 (Δ=0.245s, 100.00%)
Train Loss: output=0.1747, reconstruction=0.3061
Epoch [143/400]
batch = 0 (Δ=0.241s, 100.00%)
Train Loss: output=0.1746, reconstruction=0.2972
Epoch [144/400]
batch = 0 (Δ=0.242s, 100.00%)
Train Loss: output=0.1745, reconstruction=0.2978
Epoch [145/400]
batch = 0 (Δ=0.241s, 100.00%)
Train Loss: output=0.1746, reconstruction=0.2632
Epoch [146/400]
batch = 0 (Δ=0.241s, 100.00%)
Train Loss: output=0.1747, reconstruction=0.2960
Epoch [147/400]
batch = 0 (Δ=0.242s, 100.00%)
Train Loss: output=0.1745, reconstruction=0.2976
Epoch [148/400]
batch = 0 (Δ=0.241s, 100.00%)
Train Loss: output=0.1745, reconstruction=0.2976
Epoch [149/400]
batch = 0 (Δ=0.243s, 100.00%)
Train Loss: output=0.1745, reconstruction=0.3076
Epoch [150/400]
batch = 0 (Δ=0.241s, 100.00%)
Train Loss: output=0.1744, reconstruction=0.3003
Epoch [151/400]
batch = 0 (Δ=0.238s, 100.00%)
Train Loss: output=0.1745, reconstruction=0.3170
Epoch [152/400]
batch = 0 (Δ=0.242s, 100.00%)
Train Loss: output=0.1746, reconstruction=0.3189
Epoch [153/400]
batch = 0 (Δ=0.243s, 100.00%)
Train Loss: output=0.1745, reconstruction=0.3004
Epoch [154/400]
batch = 0 (Δ=0.246s, 100.00%)
Train Loss: output=0.1745, reconstruction=0.3108
Epoch [155/400]
batch = 0 (Δ=0.242s, 100.00%)
Train Loss: output=0.1745, reconstruction=0.3122
Epoch [156/400]
batch = 0 (Δ=0.241s, 100.00%)
Train Loss: output=0.1744, reconstruction=0.2837
Epoch [157/400]
batch = 0 (Δ=0.233s, 100.00%)
Train Loss: output=0.1744, reconstruction=0.2172
Epoch [158/400]
batch = 0 (Δ=0.213s, 100.00%)
Train Loss: output=0.1744, reconstruction=0.2468
Epoch [159/400]
batch = 0 (Δ=0.169s, 100.00%)
Train Loss: output=0.1743, reconstruction=0.1771
Epoch [160/400]
batch = 0 (Δ=0.240s, 100.00%)
Train Loss: output=0.1743, reconstruction=0.2183
Epoch [161/400]
batch = 0 (Δ=0.172s, 100.00%)
Train Loss: output=0.1743, reconstruction=0.2192
Epoch [162/400]
batch = 0 (Δ=0.172s, 100.00%)
Train Loss: output=0.1743, reconstruction=0.3183
Epoch [163/400]
batch = 0 (Δ=0.172s, 100.00%)
Train Loss: output=0.1744, reconstruction=0.2215
Epoch [164/400]
batch = 0 (Δ=0.172s, 100.00%)
Train Loss: output=0.1744, reconstruction=0.2245
Epoch [165/400]
batch = 0 (Δ=0.168s, 100.00%)
Train Loss: output=0.1745, reconstruction=0.2277
Epoch [166/400]
batch = 0 (Δ=0.170s, 100.00%)
Train Loss: output=0.1746, reconstruction=0.2321
Epoch [167/400]
batch = 0 (Δ=0.168s, 100.00%)
Train Loss: output=0.1746, reconstruction=0.2366
Epoch [168/400]
batch = 0 (Δ=0.172s, 100.00%)
Train Loss: output=0.1745, reconstruction=0.2380
Epoch [169/400]
batch = 0 (Δ=0.170s, 100.00%)
Train Loss: output=0.1745, reconstruction=0.2389
Epoch [170/400]
batch = 0 (Δ=0.173s, 100.00%)
Train Loss: output=0.1744, reconstruction=0.2402
Epoch [171/400]
batch = 0 (Δ=0.174s, 100.00%)
Train Loss: output=0.1745, reconstruction=0.2403
Epoch [172/400]
batch = 0 (Δ=0.169s, 100.00%)
Train Loss: output=0.1745, reconstruction=0.2411
Epoch [173/400]
batch = 0 (Δ=0.170s, 100.00%)
Train Loss: output=0.1746, reconstruction=0.2409
Epoch [174/400]
batch = 0 (Δ=0.174s, 100.00%)
Train Loss: output=0.1748, reconstruction=0.3016
Epoch [175/400]
batch = 0 (Δ=0.172s, 100.00%)
Train Loss: output=0.1749, reconstruction=0.3179
Epoch [176/400]
batch = 0 (Δ=0.171s, 100.00%)
Train Loss: output=0.1749, reconstruction=0.2429
Epoch [177/400]
batch = 0 (Δ=0.170s, 100.00%)
Train Loss: output=0.1750, reconstruction=0.3315
Epoch [178/400]
batch = 0 (Δ=0.172s, 100.00%)
Train Loss: output=0.1749, reconstruction=0.2446
Epoch [179/400]
batch = 0 (Δ=0.170s, 100.00%)
Train Loss: output=0.1749, reconstruction=0.2448
Epoch [180/400]
batch = 0 (Δ=0.172s, 100.00%)
Train Loss: output=0.1750, reconstruction=0.2452
Epoch [181/400]
batch = 0 (Δ=0.171s, 100.00%)
Train Loss: output=0.1750, reconstruction=0.2448
Epoch [182/400]
batch = 0 (Δ=0.172s, 100.00%)
Train Loss: output=0.1750, reconstruction=0.1842
Epoch [183/400]
batch = 0 (Δ=0.172s, 100.00%)
Train Loss: output=0.1750, reconstruction=0.1839
Epoch [184/400]
batch = 0 (Δ=0.169s, 100.00%)
Train Loss: output=0.1750, reconstruction=0.1583
Epoch [185/400]
batch = 0 (Δ=0.169s, 100.00%)
Train Loss: output=0.1751, reconstruction=0.0676
Epoch [186/400]
batch = 0 (Δ=0.173s, 100.00%)
Train Loss: output=0.1751, reconstruction=0.1215
Epoch [187/400]
batch = 0 (Δ=0.171s, 100.00%)
Train Loss: output=0.1751, reconstruction=0.1189
Epoch [188/400]
batch = 0 (Δ=0.173s, 100.00%)
Train Loss: output=0.1751, reconstruction=0.1192
Epoch [189/400]
batch = 0 (Δ=0.171s, 100.00%)
Train Loss: output=0.1751, reconstruction=0.1305
Epoch [190/400]
batch = 0 (Δ=0.169s, 100.00%)
Train Loss: output=0.1751, reconstruction=0.1265
Epoch [191/400]
batch = 0 (Δ=0.172s, 100.00%)
Train Loss: output=0.1751, reconstruction=0.1656
Epoch [192/400]
batch = 0 (Δ=0.168s, 100.00%)
Train Loss: output=0.1751, reconstruction=0.1511
Epoch [193/400]
batch = 0 (Δ=0.172s, 100.00%)
Train Loss: output=0.1752, reconstruction=0.1691
Epoch [194/400]
batch = 0 (Δ=0.169s, 100.00%)
Train Loss: output=0.1752, reconstruction=0.1711
Epoch [195/400]
batch = 0 (Δ=0.181s, 100.00%)
Train Loss: output=0.1752, reconstruction=0.1154
Epoch [196/400]
batch = 0 (Δ=0.172s, 100.00%)
Train Loss: output=0.1751, reconstruction=0.1241
Epoch [197/400]
batch = 0 (Δ=0.170s, 100.00%)
Train Loss: output=0.1751, reconstruction=0.1443
Epoch [198/400]
batch = 0 (Δ=0.171s, 100.00%)
Train Loss: output=0.1751, reconstruction=0.1408
Epoch [199/400]
batch = 0 (Δ=0.171s, 100.00%)
Train Loss: output=0.1751, reconstruction=0.1827
Epoch [200/400]
batch = 0 (Δ=0.173s, 100.00%)
Train Loss: output=0.1752, reconstruction=0.0905
Epoch [201/400]
batch = 0 (Δ=0.171s, 100.00%)
Train Loss: output=0.1751, reconstruction=0.1072
Epoch [202/400]
batch = 0 (Δ=0.174s, 100.00%)
Train Loss: output=0.1752, reconstruction=0.0724
Epoch [203/400]
batch = 0 (Δ=0.170s, 100.00%)
Train Loss: output=0.1753, reconstruction=0.0670
Epoch [204/400]
batch = 0 (Δ=0.175s, 100.00%)
Train Loss: output=0.1753, reconstruction=0.0669
Epoch [205/400]
batch = 0 (Δ=0.172s, 100.00%)
Train Loss: output=0.1753, reconstruction=0.0665
Epoch [206/400]
batch = 0 (Δ=0.174s, 100.00%)
Train Loss: output=0.1753, reconstruction=0.0664
Epoch [207/400]
batch = 0 (Δ=0.173s, 100.00%)
Train Loss: output=0.1753, reconstruction=0.0661
Epoch [208/400]
batch = 0 (Δ=0.172s, 100.00%)
Train Loss: output=0.1753, reconstruction=0.0658
Epoch [209/400]
batch = 0 (Δ=0.172s, 100.00%)
Train Loss: output=0.1753, reconstruction=0.0656
Epoch [210/400]
batch = 0 (Δ=0.172s, 100.00%)
Train Loss: output=0.1753, reconstruction=0.0655
Epoch [211/400]
batch = 0 (Δ=0.171s, 100.00%)
Train Loss: output=0.1753, reconstruction=0.0652
Epoch [212/400]
batch = 0 (Δ=0.172s, 100.00%)
Train Loss: output=0.1753, reconstruction=0.0649
Epoch [213/400]
batch = 0 (Δ=0.171s, 100.00%)
Train Loss: output=0.1753, reconstruction=0.1099
Epoch [214/400]
batch = 0 (Δ=0.173s, 100.00%)
Train Loss: output=0.1754, reconstruction=0.0649
Epoch [215/400]
batch = 0 (Δ=0.240s, 100.00%)
Train Loss: output=0.1753, reconstruction=0.1038
Epoch [216/400]
batch = 0 (Δ=0.171s, 100.00%)
Train Loss: output=0.1754, reconstruction=0.0646
Epoch [217/400]
batch = 0 (Δ=0.168s, 100.00%)
Train Loss: output=0.1754, reconstruction=0.1703
Epoch [218/400]
batch = 0 (Δ=0.171s, 100.00%)
Train Loss: output=0.1755, reconstruction=0.1012
Epoch [219/400]
batch = 0 (Δ=0.169s, 100.00%)
Train Loss: output=0.1755, reconstruction=0.0625
Epoch [220/400]
batch = 0 (Δ=0.173s, 100.00%)
Train Loss: output=0.1757, reconstruction=0.0639
Epoch [221/400]
batch = 0 (Δ=0.179s, 100.00%)
Train Loss: output=0.1758, reconstruction=0.0766
Epoch [222/400]
batch = 0 (Δ=0.178s, 100.00%)
Train Loss: output=0.1758, reconstruction=0.0667
Epoch [223/400]
batch = 0 (Δ=0.212s, 100.00%)
Train Loss: output=0.1757, reconstruction=0.0678
Epoch [224/400]
batch = 0 (Δ=0.243s, 100.00%)
Train Loss: output=0.1755, reconstruction=0.0675
Epoch [225/400]
batch = 0 (Δ=0.241s, 100.00%)
Train Loss: output=0.1753, reconstruction=0.0627
Epoch [226/400]
batch = 0 (Δ=0.242s, 100.00%)
Train Loss: output=0.1752, reconstruction=0.0617
Epoch [227/400]
batch = 0 (Δ=0.244s, 100.00%)
Train Loss: output=0.1752, reconstruction=0.0612
Epoch [228/400]
batch = 0 (Δ=0.233s, 100.00%)
Train Loss: output=0.1753, reconstruction=0.0682
Epoch [229/400]
batch = 0 (Δ=0.241s, 100.00%)
Train Loss: output=0.1754, reconstruction=0.0689
Epoch [230/400]
batch = 0 (Δ=0.241s, 100.00%)
Train Loss: output=0.1755, reconstruction=0.0637
Epoch [231/400]
batch = 0 (Δ=0.241s, 100.00%)
Train Loss: output=0.1754, reconstruction=0.0636
Epoch [232/400]
batch = 0 (Δ=0.241s, 100.00%)
Train Loss: output=0.1751, reconstruction=0.0715
Epoch [233/400]
batch = 0 (Δ=0.241s, 100.00%)
Train Loss: output=0.1750, reconstruction=0.0646
Epoch [234/400]
batch = 0 (Δ=0.241s, 100.00%)
Train Loss: output=0.1750, reconstruction=0.0739
Epoch [235/400]
batch = 0 (Δ=0.243s, 100.00%)
Train Loss: output=0.1750, reconstruction=0.0668
Epoch [236/400]
batch = 0 (Δ=0.243s, 100.00%)
Train Loss: output=0.1750, reconstruction=0.0668
Epoch [237/400]
batch = 0 (Δ=0.241s, 100.00%)
Train Loss: output=0.1750, reconstruction=0.0667
Epoch [238/400]
batch = 0 (Δ=0.242s, 100.00%)
Train Loss: output=0.1750, reconstruction=0.0754
Epoch [239/400]
batch = 0 (Δ=0.240s, 100.00%)
Train Loss: output=0.1750, reconstruction=0.0761
Epoch [240/400]
batch = 0 (Δ=0.240s, 100.00%)
Train Loss: output=0.1752, reconstruction=0.0679
Epoch [241/400]
batch = 0 (Δ=0.232s, 100.00%)
Train Loss: output=0.1750, reconstruction=0.0816
Epoch [242/400]
batch = 0 (Δ=0.260s, 100.00%)
Train Loss: output=0.1750, reconstruction=0.0821
Epoch [243/400]
batch = 0 (Δ=0.248s, 100.00%)
Train Loss: output=0.1750, reconstruction=0.0731
Epoch [244/400]
batch = 0 (Δ=0.307s, 100.00%)
Train Loss: output=0.1750, reconstruction=0.0679
Epoch [245/400]
batch = 0 (Δ=0.240s, 100.00%)
Train Loss: output=0.1750, reconstruction=0.0804
Epoch [246/400]
batch = 0 (Δ=0.239s, 100.00%)
Train Loss: output=0.1750, reconstruction=0.0766
Epoch [247/400]
batch = 0 (Δ=0.243s, 100.00%)
Train Loss: output=0.1750, reconstruction=0.0768
Epoch [248/400]
batch = 0 (Δ=0.239s, 100.00%)
Train Loss: output=0.1750, reconstruction=0.0720
Epoch [249/400]
batch = 0 (Δ=0.243s, 100.00%)
Train Loss: output=0.1750, reconstruction=0.0726
Epoch [250/400]
batch = 0 (Δ=0.236s, 100.00%)
Train Loss: output=0.1750, reconstruction=0.0790
Epoch [251/400]
batch = 0 (Δ=0.243s, 100.00%)
Train Loss: output=0.1750, reconstruction=0.0875
Epoch [252/400]
batch = 0 (Δ=0.242s, 100.00%)
Train Loss: output=0.1750, reconstruction=0.0718
Epoch [253/400]
batch = 0 (Δ=0.242s, 100.00%)
Train Loss: output=0.1750, reconstruction=0.0674
Epoch [254/400]
batch = 0 (Δ=0.242s, 100.00%)
Train Loss: output=0.1750, reconstruction=0.0672
Epoch [255/400]
batch = 0 (Δ=0.242s, 100.00%)
Train Loss: output=0.1750, reconstruction=0.0799
Epoch [256/400]
batch = 0 (Δ=0.231s, 100.00%)
Train Loss: output=0.1750, reconstruction=0.0711
Epoch [257/400]
batch = 0 (Δ=0.239s, 100.00%)
Train Loss: output=0.1750, reconstruction=0.0755
Epoch [258/400]
batch = 0 (Δ=0.241s, 100.00%)
Train Loss: output=0.1750, reconstruction=0.0795
Epoch [259/400]
batch = 0 (Δ=0.239s, 100.00%)
Train Loss: output=0.1750, reconstruction=0.0827
Epoch [260/400]
batch = 0 (Δ=0.240s, 100.00%)
Train Loss: output=0.1750, reconstruction=0.0780
Epoch [261/400]
batch = 0 (Δ=0.239s, 100.00%)
Train Loss: output=0.1750, reconstruction=0.0748
Epoch [262/400]
batch = 0 (Δ=0.234s, 100.00%)
Train Loss: output=0.1750, reconstruction=0.0678
Epoch [263/400]
batch = 0 (Δ=0.242s, 100.00%)
Train Loss: output=0.1750, reconstruction=0.0708
Epoch [264/400]
batch = 0 (Δ=0.240s, 100.00%)
Train Loss: output=0.1750, reconstruction=0.0719
Epoch [265/400]
batch = 0 (Δ=0.236s, 100.00%)
Train Loss: output=0.1750, reconstruction=0.0849
Epoch [266/400]
batch = 0 (Δ=0.240s, 100.00%)
Train Loss: output=0.1750, reconstruction=0.0734
Epoch [267/400]
batch = 0 (Δ=0.240s, 100.00%)
Train Loss: output=0.1750, reconstruction=0.0819
Epoch [268/400]
batch = 0 (Δ=0.312s, 100.00%)
Train Loss: output=0.1750, reconstruction=0.0669
Epoch [269/400]
batch = 0 (Δ=0.239s, 100.00%)
Train Loss: output=0.1750, reconstruction=0.0769
Epoch [270/400]
batch = 0 (Δ=0.239s, 100.00%)
Train Loss: output=0.1750, reconstruction=0.0713
Epoch [271/400]
batch = 0 (Δ=0.240s, 100.00%)
Train Loss: output=0.1750, reconstruction=0.0772
Epoch [272/400]
batch = 0 (Δ=0.241s, 100.00%)
Train Loss: output=0.1750, reconstruction=0.0677
Epoch [273/400]
batch = 0 (Δ=0.240s, 100.00%)
Train Loss: output=0.1750, reconstruction=0.0674
Epoch [274/400]
batch = 0 (Δ=0.240s, 100.00%)
Train Loss: output=0.1750, reconstruction=0.0776
Epoch [275/400]
batch = 0 (Δ=0.240s, 100.00%)
Train Loss: output=0.1750, reconstruction=0.0675
Epoch [276/400]
batch = 0 (Δ=0.241s, 100.00%)
Train Loss: output=0.1750, reconstruction=0.0672
Epoch [277/400]
batch = 0 (Δ=0.242s, 100.00%)
Train Loss: output=0.1750, reconstruction=0.0678
Epoch [278/400]
batch = 0 (Δ=0.236s, 100.00%)
Train Loss: output=0.1750, reconstruction=0.0775
Epoch [279/400]
batch = 0 (Δ=0.241s, 100.00%)
Train Loss: output=0.1750, reconstruction=0.0682
Epoch [280/400]
batch = 0 (Δ=0.240s, 100.00%)
Train Loss: output=0.1750, reconstruction=0.0691
Epoch [281/400]
batch = 0 (Δ=0.240s, 100.00%)
Train Loss: output=0.1750, reconstruction=0.0779
Epoch [282/400]
batch = 0 (Δ=0.235s, 100.00%)
Train Loss: output=0.1750, reconstruction=0.0775
Epoch [283/400]
batch = 0 (Δ=0.240s, 100.00%)
Train Loss: output=0.1750, reconstruction=0.0765
Epoch [284/400]
batch = 0 (Δ=0.235s, 100.00%)
Train Loss: output=0.1750, reconstruction=0.0840
Epoch [285/400]
batch = 0 (Δ=0.236s, 100.00%)
Train Loss: output=0.1752, reconstruction=0.0667
Epoch [286/400]
batch = 0 (Δ=0.241s, 100.00%)
Train Loss: output=0.1752, reconstruction=0.0721
Epoch [287/400]
batch = 0 (Δ=0.236s, 100.00%)
Train Loss: output=0.1747, reconstruction=0.0769
Epoch [288/400]
batch = 0 (Δ=0.240s, 100.00%)
Train Loss: output=0.1743, reconstruction=0.0766
Epoch [289/400]
batch = 0 (Δ=0.240s, 100.00%)
Train Loss: output=0.1739, reconstruction=0.0698
Epoch [290/400]
batch = 0 (Δ=0.306s, 100.00%)
Train Loss: output=0.1751, reconstruction=0.0685
Epoch [291/400]
batch = 0 (Δ=0.238s, 100.00%)
Train Loss: output=0.1753, reconstruction=0.0751
Epoch [292/400]
batch = 0 (Δ=0.239s, 100.00%)
Train Loss: output=0.1750, reconstruction=0.0599
Epoch [293/400]
batch = 0 (Δ=0.236s, 100.00%)
Train Loss: output=0.1752, reconstruction=0.0635
Epoch [294/400]
batch = 0 (Δ=0.241s, 100.00%)
Train Loss: output=0.1750, reconstruction=0.0639
Epoch [295/400]
batch = 0 (Δ=0.232s, 100.00%)
Train Loss: output=0.1751, reconstruction=0.0534
Epoch [296/400]
batch = 0 (Δ=0.237s, 100.00%)
Train Loss: output=0.1750, reconstruction=0.0612
Epoch [297/400]
batch = 0 (Δ=0.243s, 100.00%)
Train Loss: output=0.1750, reconstruction=0.0613
Epoch [298/400]
batch = 0 (Δ=0.245s, 100.00%)
Train Loss: output=0.1752, reconstruction=0.0923
Epoch [299/400]
batch = 0 (Δ=0.239s, 100.00%)
Train Loss: output=0.1750, reconstruction=0.0787
Epoch [300/400]
batch = 0 (Δ=0.241s, 100.00%)
Train Loss: output=0.1752, reconstruction=0.0802
Epoch [301/400]
batch = 0 (Δ=0.241s, 100.00%)
Train Loss: output=0.1751, reconstruction=0.0904
Epoch [302/400]
batch = 0 (Δ=0.242s, 100.00%)
Train Loss: output=0.1751, reconstruction=0.0839
Epoch [303/400]
batch = 0 (Δ=0.241s, 100.00%)
Train Loss: output=0.1751, reconstruction=0.0808
Epoch [304/400]
batch = 0 (Δ=0.220s, 100.00%)
Train Loss: output=0.1751, reconstruction=0.0782
Epoch [305/400]
batch = 0 (Δ=0.240s, 100.00%)
Train Loss: output=0.1751, reconstruction=0.0859
Epoch [306/400]
batch = 0 (Δ=0.237s, 100.00%)
Train Loss: output=0.1750, reconstruction=0.0826
Epoch [307/400]
batch = 0 (Δ=0.239s, 100.00%)
Train Loss: output=0.1751, reconstruction=0.0875
Epoch [308/400]
batch = 0 (Δ=0.240s, 100.00%)
Train Loss: output=0.1750, reconstruction=0.0735
Epoch [309/400]
batch = 0 (Δ=0.241s, 100.00%)
Train Loss: output=0.1751, reconstruction=0.0722
Epoch [310/400]
batch = 0 (Δ=0.232s, 100.00%)
Train Loss: output=0.1750, reconstruction=0.0779
Epoch [311/400]
batch = 0 (Δ=0.240s, 100.00%)
Train Loss: output=0.1751, reconstruction=0.0731
Epoch [312/400]
batch = 0 (Δ=0.229s, 100.00%)
Train Loss: output=0.1750, reconstruction=0.0774
Epoch [313/400]
batch = 0 (Δ=0.240s, 100.00%)
Train Loss: output=0.1751, reconstruction=0.0708
Epoch [314/400]
batch = 0 (Δ=0.308s, 100.00%)
Train Loss: output=0.1750, reconstruction=0.0678
Epoch [315/400]
batch = 0 (Δ=0.239s, 100.00%)
Train Loss: output=0.1751, reconstruction=0.0727
Epoch [316/400]
batch = 0 (Δ=0.240s, 100.00%)
Train Loss: output=0.1750, reconstruction=0.0714
Epoch [317/400]
batch = 0 (Δ=0.235s, 100.00%)
Train Loss: output=0.1751, reconstruction=0.0608
Epoch [318/400]
batch = 0 (Δ=0.244s, 100.00%)
Train Loss: output=0.1750, reconstruction=0.0663
Epoch [319/400]
batch = 0 (Δ=0.240s, 100.00%)
Train Loss: output=0.1751, reconstruction=0.0659
Epoch [320/400]
batch = 0 (Δ=0.241s, 100.00%)
Train Loss: output=0.1750, reconstruction=0.0747
Epoch [321/400]
batch = 0 (Δ=0.241s, 100.00%)
Train Loss: output=0.1750, reconstruction=0.0716
Epoch [322/400]
batch = 0 (Δ=0.239s, 100.00%)
Train Loss: output=0.1750, reconstruction=0.0619
Epoch [323/400]
batch = 0 (Δ=0.240s, 100.00%)
Train Loss: output=0.1750, reconstruction=0.0646
Epoch [324/400]
batch = 0 (Δ=0.242s, 100.00%)
Train Loss: output=0.1751, reconstruction=0.0639
Epoch [325/400]
batch = 0 (Δ=0.244s, 100.00%)
Train Loss: output=0.1750, reconstruction=0.0652
Epoch [326/400]
batch = 0 (Δ=0.237s, 100.00%)
Train Loss: output=0.1751, reconstruction=0.0773
Epoch [327/400]
batch = 0 (Δ=0.240s, 100.00%)
Train Loss: output=0.1750, reconstruction=0.0607
Epoch [328/400]
batch = 0 (Δ=0.244s, 100.00%)
Train Loss: output=0.1750, reconstruction=0.0707
Epoch [329/400]
batch = 0 (Δ=0.241s, 100.00%)
Train Loss: output=0.1750, reconstruction=0.0709
Epoch [330/400]
batch = 0 (Δ=0.239s, 100.00%)
Train Loss: output=0.1750, reconstruction=0.0774
Epoch [331/400]
batch = 0 (Δ=0.242s, 100.00%)
Train Loss: output=0.1750, reconstruction=0.0637
Epoch [332/400]
batch = 0 (Δ=0.235s, 100.00%)
Train Loss: output=0.1750, reconstruction=0.0636
Epoch [333/400]
batch = 0 (Δ=0.241s, 100.00%)
Train Loss: output=0.1750, reconstruction=0.0673
Epoch [334/400]
batch = 0 (Δ=0.233s, 100.00%)
Train Loss: output=0.1750, reconstruction=0.0702
Epoch [335/400]
batch = 0 (Δ=0.240s, 100.00%)
Train Loss: output=0.1750, reconstruction=0.0762
Epoch [336/400]
batch = 0 (Δ=0.241s, 100.00%)
Train Loss: output=0.1750, reconstruction=0.0762
Epoch [337/400]
batch = 0 (Δ=0.239s, 100.00%)
Train Loss: output=0.1750, reconstruction=0.0774
Epoch [338/400]
batch = 0 (Δ=0.305s, 100.00%)
Train Loss: output=0.1750, reconstruction=0.0779
Epoch [339/400]
batch = 0 (Δ=0.238s, 100.00%)
Train Loss: output=0.1750, reconstruction=0.0611
Epoch [340/400]
batch = 0 (Δ=0.238s, 100.00%)
Train Loss: output=0.1750, reconstruction=0.0723
Epoch [341/400]
batch = 0 (Δ=0.239s, 100.00%)
Train Loss: output=0.1750, reconstruction=0.0610
Epoch [342/400]
batch = 0 (Δ=0.242s, 100.00%)
Train Loss: output=0.1750, reconstruction=0.0767
Epoch [343/400]
batch = 0 (Δ=0.237s, 100.00%)
Train Loss: output=0.1750, reconstruction=0.0791
Epoch [344/400]
batch = 0 (Δ=0.240s, 100.00%)
Train Loss: output=0.1750, reconstruction=0.0682
Epoch [345/400]
batch = 0 (Δ=0.245s, 100.00%)
Train Loss: output=0.1750, reconstruction=0.0649
Epoch [346/400]
batch = 0 (Δ=0.229s, 100.00%)
Train Loss: output=0.1750, reconstruction=0.0604
Epoch [347/400]
batch = 0 (Δ=0.241s, 100.00%)
Train Loss: output=0.1750, reconstruction=0.0605
Epoch [348/400]
batch = 0 (Δ=0.241s, 100.00%)
Train Loss: output=0.1750, reconstruction=0.0759
Epoch [349/400]
batch = 0 (Δ=0.241s, 100.00%)
Train Loss: output=0.1750, reconstruction=0.0601
Epoch [350/400]
batch = 0 (Δ=0.241s, 100.00%)
Train Loss: output=0.1750, reconstruction=0.0697
Epoch [351/400]
batch = 0 (Δ=0.247s, 100.00%)
Train Loss: output=0.1750, reconstruction=0.0601
Epoch [352/400]
batch = 0 (Δ=0.240s, 100.00%)
Train Loss: output=0.1750, reconstruction=0.0600
Epoch [353/400]
batch = 0 (Δ=0.240s, 100.00%)
Train Loss: output=0.1750, reconstruction=0.0775
Epoch [354/400]
batch = 0 (Δ=0.239s, 100.00%)
Train Loss: output=0.1750, reconstruction=0.0559
Epoch [355/400]
batch = 0 (Δ=0.240s, 100.00%)
Train Loss: output=0.1750, reconstruction=0.0712
Epoch [356/400]
batch = 0 (Δ=0.239s, 100.00%)
Train Loss: output=0.1750, reconstruction=0.0617
Epoch [357/400]
batch = 0 (Δ=0.231s, 100.00%)
Train Loss: output=0.1750, reconstruction=0.0722
Epoch [358/400]
batch = 0 (Δ=0.239s, 100.00%)
Train Loss: output=0.1750, reconstruction=0.0848
Epoch [359/400]
batch = 0 (Δ=0.240s, 100.00%)
Train Loss: output=0.1750, reconstruction=0.0599
Epoch [360/400]
batch = 0 (Δ=0.240s, 100.00%)
Train Loss: output=0.1750, reconstruction=0.0607
Epoch [361/400]
batch = 0 (Δ=0.239s, 100.00%)
Train Loss: output=0.1750, reconstruction=0.0792
Epoch [362/400]
batch = 0 (Δ=0.307s, 100.00%)
Train Loss: output=0.1750, reconstruction=0.0623
Epoch [363/400]
batch = 0 (Δ=0.238s, 100.00%)
Train Loss: output=0.1750, reconstruction=0.0709
Epoch [364/400]
batch = 0 (Δ=0.238s, 100.00%)
Train Loss: output=0.1750, reconstruction=0.0693
Epoch [365/400]
batch = 0 (Δ=0.240s, 100.00%)
Train Loss: output=0.1750, reconstruction=0.0690
Epoch [366/400]
batch = 0 (Δ=0.239s, 100.00%)
Train Loss: output=0.1750, reconstruction=0.0831
Epoch [367/400]
batch = 0 (Δ=0.242s, 100.00%)
Train Loss: output=0.1750, reconstruction=0.0806
Epoch [368/400]
batch = 0 (Δ=0.241s, 100.00%)
Train Loss: output=0.1750, reconstruction=0.0796
Epoch [369/400]
batch = 0 (Δ=0.239s, 100.00%)
Train Loss: output=0.1750, reconstruction=0.0881
Epoch [370/400]
batch = 0 (Δ=0.240s, 100.00%)
Train Loss: output=0.1750, reconstruction=0.0625
Epoch [371/400]
batch = 0 (Δ=0.241s, 100.00%)
Train Loss: output=0.1750, reconstruction=0.0857
Epoch [372/400]
batch = 0 (Δ=0.239s, 100.00%)
Train Loss: output=0.1750, reconstruction=0.0709
Epoch [373/400]
batch = 0 (Δ=0.240s, 100.00%)
Train Loss: output=0.1750, reconstruction=0.0743
Epoch [374/400]
batch = 0 (Δ=0.240s, 100.00%)
Train Loss: output=0.1750, reconstruction=0.0724
Epoch [375/400]
batch = 0 (Δ=0.239s, 100.00%)
Train Loss: output=0.1750, reconstruction=0.0668
Epoch [376/400]
batch = 0 (Δ=0.240s, 100.00%)
Train Loss: output=0.1750, reconstruction=0.0860
Epoch [377/400]
batch = 0 (Δ=0.233s, 100.00%)
Train Loss: output=0.1750, reconstruction=0.0813
Epoch [378/400]
batch = 0 (Δ=0.240s, 100.00%)
Train Loss: output=0.1750, reconstruction=0.0681
Epoch [379/400]
batch = 0 (Δ=0.242s, 100.00%)
Train Loss: output=0.1750, reconstruction=0.0825
Epoch [380/400]
batch = 0 (Δ=0.240s, 100.00%)
Train Loss: output=0.1750, reconstruction=0.0743
Epoch [381/400]
batch = 0 (Δ=0.240s, 100.00%)
Train Loss: output=0.1750, reconstruction=0.0696
Epoch [382/400]
batch = 0 (Δ=0.239s, 100.00%)
Train Loss: output=0.1750, reconstruction=0.0776
Epoch [383/400]
batch = 0 (Δ=0.240s, 100.00%)
Train Loss: output=0.1750, reconstruction=0.0822
Epoch [384/400]
batch = 0 (Δ=0.305s, 100.00%)
Train Loss: output=0.1750, reconstruction=0.0788
Epoch [385/400]
batch = 0 (Δ=0.239s, 100.00%)
Train Loss: output=0.1750, reconstruction=0.0835
Epoch [386/400]
batch = 0 (Δ=0.238s, 100.00%)
Train Loss: output=0.1750, reconstruction=0.0893
Epoch [387/400]
batch = 0 (Δ=0.240s, 100.00%)
Train Loss: output=0.1750, reconstruction=0.0972
Epoch [388/400]
batch = 0 (Δ=0.240s, 100.00%)
Train Loss: output=0.1751, reconstruction=0.0910
Epoch [389/400]
batch = 0 (Δ=0.239s, 100.00%)
Train Loss: output=0.1752, reconstruction=0.0753
Epoch [390/400]
batch = 0 (Δ=0.238s, 100.00%)
Train Loss: output=0.1753, reconstruction=0.0862
Epoch [391/400]
batch = 0 (Δ=0.240s, 100.00%)
Train Loss: output=0.1752, reconstruction=0.0755
Epoch [392/400]
batch = 0 (Δ=0.245s, 100.00%)
Train Loss: output=0.1752, reconstruction=0.0763
Epoch [393/400]
batch = 0 (Δ=0.244s, 100.00%)
Train Loss: output=0.1752, reconstruction=0.0820
Epoch [394/400]
batch = 0 (Δ=0.239s, 100.00%)
Train Loss: output=0.1751, reconstruction=0.0773
Epoch [395/400]
batch = 0 (Δ=0.223s, 100.00%)
Train Loss: output=0.1750, reconstruction=0.0819
Epoch [396/400]
batch = 0 (Δ=0.241s, 100.00%)
Train Loss: output=0.1749, reconstruction=0.0830
Epoch [397/400]
batch = 0 (Δ=0.240s, 100.00%)
Train Loss: output=0.1749, reconstruction=0.0789
Epoch [398/400]
batch = 0 (Δ=0.240s, 100.00%)
Train Loss: output=0.1748, reconstruction=0.0838
Epoch [399/400]
batch = 0 (Δ=0.234s, 100.00%)
Train Loss: output=0.1748, reconstruction=0.0884
Epoch [400/400]
batch = 0 (Δ=0.241s, 100.00%)
Train Loss: output=0.1748, reconstruction=0.0802
Final Stats:
=== Selected operation grammar ===
batch = 0 (Δ=0.192s, 100.00%)
=== Input Reconstruction (test) ===
  row[0] input='hello world' -> reconstructed='hello hello' label=0.0000 predicted=0.5002 MISMATCH
  row[1] input='hello there' -> reconstructed='' label=1.0000 predicted=0.5025 MISMATCH
  row[2] input='loving world' -> reconstructed='' label=1.0000 predicted=0.5003 MISMATCH
  row[3] input='loving there' -> reconstructed='' label=0.0000 predicted=0.5006 MISMATCH
=============================== warnings summary ===============================
test/test_explicit_dimensions.py::TestXorGrammarLearnsXor::test_xor_class_accuracy
test/test_explicit_dimensions.py::TestXorGrammarReconstruction::test_piecewise_overall_at_least_50_pct
  /private/var/folders/_y/q6ybzrpx39jd0fzf9g671z280000gn/T/basicmodel-item7-round2-unqmrds7/bin/Models.py:7631: RuntimeWarning: output_state_boundary [config /private/var/folders/_y/q6ybzrpx39jd0fzf9g671z280000gn/T/basicmodel-item7-round2-unqmrds7/data/XOR_grammar.xml]: supervised outputs with reconstruction and answerSynthesis=false use the direct head: output gradients train the whole input state; enable answerSynthesis for the concluded-idea state boundary
    warnings.warn(f"{site} [config {cfg}]: {detail}", RuntimeWarning)

test/test_explicit_dimensions.py::TestXorGrammarLearnsXor::test_xor_class_accuracy
  /Users/arogers/github/WikiOracle/basicmodel/.venv/lib/python3.12/site-packages/torch/utils/_device.py:122: UserWarning: Sparse invariant checks are implicitly disabled. Memory errors (e.g. SEGFAULT) will occur when operating on a sparse tensor which violates the invariants, but checks incur performance overhead. To silence this warning, explicitly opt in or out. See `torch.sparse.check_sparse_tensor_invariants.__doc__` for guidance.  (Triggered internally at /Users/runner/work/pytorch/pytorch/aten/src/ATen/Context.cpp:855.)
    return func(*args, **kwargs)

test/test_explicit_dimensions.py::TestXorGrammarLearnsXor::test_xor_class_accuracy
  /Users/arogers/github/WikiOracle/basicmodel/.venv/lib/python3.12/site-packages/torch/utils/_device.py:122: UserWarning: Converting a tensor with requires_grad=True to a scalar may lead to unexpected behavior.
  Consider using tensor.detach() first. (Triggered internally at /Users/runner/work/pytorch/pytorch/torch/csrc/autograd/generated/python_variable_methods.cpp:821.)
    return func(*args, **kwargs)

-- Docs: https://docs.pytest.org/en/stable/how-to/capture-warnings.html
=========================== short test summary info ============================
FAILED test/test_explicit_dimensions.py::TestXorGrammarLearnsXor::test_xor_class_accuracy
FAILED test/test_explicit_dimensions.py::TestXorGrammarReconstruction::test_piecewise_overall_at_least_50_pct
2 failed, 4 warnings in 194.94s (0:03:14)
