.................ssssss.....sssssss..................................... [ 51%]
................................F..................................      [100%]
=================================== FAILURES ===================================
_______ test_grammar_resolves_each_word_to_its_full_object_code[aligned] _______
test/test_grammar_object_leaves.py:37: in test_grammar_resolves_each_word_to_its_full_object_code
    model(inputs)
.venv/lib/python3.12/site-packages/torch/nn/modules/module.py:1783: in _wrapped_call_impl
    return self._call_impl(*args, **kwargs)
           ^^^^^^^^^^^^^^^^^^^^^^^^^^^^^^^^
.venv/lib/python3.12/site-packages/torch/nn/modules/module.py:1794: in _call_impl
    return forward_call(*args, **kwargs)
           ^^^^^^^^^^^^^^^^^^^^^^^^^^^^^
bin/Models.py:153: in masked
    return method(self, *args, **kwargs)
           ^^^^^^^^^^^^^^^^^^^^^^^^^^^^^
bin/Models.py:8319: in forward
    return self._forward_per_stage(inputData)
           ^^^^^^^^^^^^^^^^^^^^^^^^^^^^^^^^^^
bin/Models.py:23419: in _forward_per_stage
    body_result = self._forward_body(
bin/Models.py:17297: in _forward_body
    return self._forward_body_per_word(
bin/Models.py:21954: in _forward_body_per_word
    self._run_tensor_peer_word_pipeline(N_words))
    ^^^^^^^^^^^^^^^^^^^^^^^^^^^^^^^^^^^^^^^^^^^^
bin/Models.py:21507: in _run_tensor_peer_word_pipeline
    feedback, trip_count) = self._run_sentence_word_bricks(
bin/Models.py:20616: in _run_sentence_word_bricks
    (chosen, reconstruction), costs, wins = sentence_pair(cache, compose, score,
bin/SentenceCompose.py:142: in sentence_pair
    exploit = compose(cache, None)
              ^^^^^^^^^^^^^^^^^^^^
bin/Models.py:20544: in compose
    current_lang, current_stm, current_feedback = compose_word(
bin/Models.py:21214: in stage_cs_lang
    resolved = FunctionalPeerSTM.resolve_top_reference(
test/test_grammar_object_leaves.py:30: in observed
    torch.testing.assert_close(idea[gate], expected, rtol=0, atol=0)
E   AssertionError: Tensor-likes are not equal!
E   
E   Mismatched elements: 28 / 64 (43.8%)
E   Greatest absolute difference: 1.0677614212036133 at index (0, 0)
E   Greatest relative difference: 2.0 at index (0, 0)
=============================== warnings summary ===============================
test/test_generation_catalog.py::test_declared_generation_catalog_shares_one_optimizer_owner[False]
  /Users/arogers/github/WikiOracle/basicmodel/.venv/lib/python3.12/site-packages/torch/utils/_device.py:122: UserWarning: Sparse invariant checks are implicitly disabled. Memory errors (e.g. SEGFAULT) will occur when operating on a sparse tensor which violates the invariants, but checks incur performance overhead. To silence this warning, explicitly opt in or out. See `torch.sparse.check_sparse_tensor_invariants.__doc__` for guidance.  (Triggered internally at /Users/runner/work/pytorch/pytorch/aten/src/ATen/Context.cpp:855.)
    return func(*args, **kwargs)

test/test_generation_catalog.py::test_normal_supervised_output_respects_gradient_contract[False]
  /Users/arogers/github/WikiOracle/basicmodel/bin/Models.py:7170: RuntimeWarning: what_answer_target_shape [config /private/var/folders/_y/q6ybzrpx39jd0fzf9g671z280000gn/T/pytest-of-arogers/pytest-2539/test_normal_supervised_output_0/MM_ladder_native_answer.xml]: Data.what target (2, 1, 16) replaces the loader output (2, 1, 1) (placeholder labels)
    warnings.warn(f"{site} [config {cfg}]: {detail}", RuntimeWarning)

test/test_generation_catalog.py::test_normal_supervised_output_respects_gradient_contract[True]
  /Users/arogers/github/WikiOracle/basicmodel/bin/Models.py:7170: RuntimeWarning: what_answer_target_shape [config /private/var/folders/_y/q6ybzrpx39jd0fzf9g671z280000gn/T/pytest-of-arogers/pytest-2539/test_normal_supervised_output_1/MM_ladder_native_answer.xml]: Data.what target (2, 1, 16) replaces the loader output (2, 1, 1) (placeholder labels)
    warnings.warn(f"{site} [config {cfg}]: {detail}", RuntimeWarning)

test/test_global_consume.py::test_consume_width_mismatch_slices_to_common
  /Users/arogers/github/WikiOracle/basicmodel/.venv/lib/python3.12/site-packages/torch/utils/_device.py:122: UserWarning: Converting a tensor with requires_grad=True to a scalar may lead to unexpected behavior.
  Consider using tensor.detach() first. (Triggered internally at /Users/runner/work/pytorch/pytorch/torch/csrc/autograd/generated/python_variable_methods.cpp:821.)
    return func(*args, **kwargs)

-- Docs: https://docs.pytest.org/en/stable/how-to/capture-warnings.html
=========================== short test summary info ============================
FAILED test/test_grammar_object_leaves.py::test_grammar_resolves_each_word_to_its_full_object_code[aligned]
1 failed, 125 passed, 13 skipped, 4 warnings in 14.53s
