........................................................................ [ 33%]
........................................................................ [ 66%]
........................................................................ [ 99%]
.                                                                        [100%]
=============================== warnings summary ===============================
test/test_lexicon_ownership.py::TestLexiconOwnership::test_embedding_lives_on_perceptual_space
  /Users/arogers/github/WikiOracle/basicmodel/bin/Models.py:7649: RuntimeWarning: output_state_boundary [config /var/folders/_y/q6ybzrpx39jd0fzf9g671z280000gn/T/tmpq45291km.xml]: supervised outputs with reconstruction and answerSynthesis=false use the direct head: output gradients train the whole input state; enable answerSynthesis for the concluded-idea state boundary
    warnings.warn(f"{site} [config {cfg}]: {detail}", RuntimeWarning)

test/test_lexicon_ownership.py::TestLexiconOwnership::test_embedding_symbolic_back_ref_wired
  /Users/arogers/github/WikiOracle/basicmodel/bin/Models.py:7649: RuntimeWarning: output_state_boundary [config /var/folders/_y/q6ybzrpx39jd0fzf9g671z280000gn/T/tmp9aj05ri0.xml]: supervised outputs with reconstruction and answerSynthesis=false use the direct head: output gradients train the whole input state; enable answerSynthesis for the concluded-idea state boundary
    warnings.warn(f"{site} [config {cfg}]: {detail}", RuntimeWarning)

test/test_lexicon_ownership.py::TestLexiconOwnership::test_getW_wraps_into_unit_cell
  /Users/arogers/github/WikiOracle/basicmodel/bin/Models.py:7649: RuntimeWarning: output_state_boundary [config /var/folders/_y/q6ybzrpx39jd0fzf9g671z280000gn/T/tmpnq6ylr9z.xml]: supervised outputs with reconstruction and answerSynthesis=false use the direct head: output gradients train the whole input state; enable answerSynthesis for the concluded-idea state boundary
    warnings.warn(f"{site} [config {cfg}]: {detail}", RuntimeWarning)

test/test_lexicon_ownership.py::TestLexiconOwnership::test_get_embedding_returns_perceptual
  /Users/arogers/github/WikiOracle/basicmodel/bin/Models.py:7649: RuntimeWarning: output_state_boundary [config /var/folders/_y/q6ybzrpx39jd0fzf9g671z280000gn/T/tmpb0g7smfa.xml]: supervised outputs with reconstruction and answerSynthesis=false use the direct head: output gradients train the whole input state; enable answerSynthesis for the concluded-idea state boundary
    warnings.warn(f"{site} [config {cfg}]: {detail}", RuntimeWarning)

test/test_lexicon_ownership.py::TestLexiconOwnership::test_optimizer_excludes_emb_params_when_frozen
  /Users/arogers/github/WikiOracle/basicmodel/bin/Models.py:7649: RuntimeWarning: output_state_boundary [config /var/folders/_y/q6ybzrpx39jd0fzf9g671z280000gn/T/tmp1m90b3zt.xml]: supervised outputs with reconstruction and answerSynthesis=false use the direct head: output gradients train the whole input state; enable answerSynthesis for the concluded-idea state boundary
    warnings.warn(f"{site} [config {cfg}]: {detail}", RuntimeWarning)

test/test_lexicon_ownership.py::TestLexiconOwnership::test_optimizer_includes_emb_params_when_trainable
  /Users/arogers/github/WikiOracle/basicmodel/bin/Models.py:7649: RuntimeWarning: output_state_boundary [config /var/folders/_y/q6ybzrpx39jd0fzf9g671z280000gn/T/tmpe3icx4li.xml]: supervised outputs with reconstruction and answerSynthesis=false use the direct head: output gradients train the whole input state; enable answerSynthesis for the concluded-idea state boundary
    warnings.warn(f"{site} [config {cfg}]: {detail}", RuntimeWarning)

test/test_lexicon_ownership.py::TestLexiconOwnership::test_output_space_text_mode_reads_perceptual
  /Users/arogers/github/WikiOracle/basicmodel/bin/Models.py:7649: RuntimeWarning: output_state_boundary [config /var/folders/_y/q6ybzrpx39jd0fzf9g671z280000gn/T/tmpmxg_z3d8.xml]: supervised outputs with reconstruction and answerSynthesis=false use the direct head: output gradients train the whole input state; enable answerSynthesis for the concluded-idea state boundary
    warnings.warn(f"{site} [config {cfg}]: {detail}", RuntimeWarning)

test/test_lexicon_ownership.py::TestLexiconOwnership::test_save_and_load_embeddings_round_trip
  /Users/arogers/github/WikiOracle/basicmodel/bin/Models.py:7649: RuntimeWarning: output_state_boundary [config /var/folders/_y/q6ybzrpx39jd0fzf9g671z280000gn/T/tmprz2uwzvh.xml]: supervised outputs with reconstruction and answerSynthesis=false use the direct head: output gradients train the whole input state; enable answerSynthesis for the concluded-idea state boundary
    warnings.warn(f"{site} [config {cfg}]: {detail}", RuntimeWarning)

test/test_lexicon_ownership.py::TestLexiconOwnership::test_symbolic_space_paired_row_api_is_retired
  /Users/arogers/github/WikiOracle/basicmodel/bin/Models.py:7649: RuntimeWarning: output_state_boundary [config /var/folders/_y/q6ybzrpx39jd0fzf9g671z280000gn/T/tmpssp5ejde.xml]: supervised outputs with reconstruction and answerSynthesis=false use the direct head: output gradients train the whole input state; enable answerSynthesis for the concluded-idea state boundary
    warnings.warn(f"{site} [config {cfg}]: {detail}", RuntimeWarning)

test/test_lexicon_ownership.py::TestCheckpointBundle::test_ckpt_includes_embedding_vectors
  /Users/arogers/github/WikiOracle/basicmodel/bin/Models.py:7649: RuntimeWarning: output_state_boundary [config /var/folders/_y/q6ybzrpx39jd0fzf9g671z280000gn/T/tmpvtqd5n__.xml]: supervised outputs with reconstruction and answerSynthesis=false use the direct head: output gradients train the whole input state; enable answerSynthesis for the concluded-idea state boundary
    warnings.warn(f"{site} [config {cfg}]: {detail}", RuntimeWarning)

test/test_lexicon_ownership.py::TestCheckpointBundle::test_ckpt_includes_vocab_and_bpe_extras
  /Users/arogers/github/WikiOracle/basicmodel/bin/Models.py:7649: RuntimeWarning: output_state_boundary [config /var/folders/_y/q6ybzrpx39jd0fzf9g671z280000gn/T/tmpemzlf7pt.xml]: supervised outputs with reconstruction and answerSynthesis=false use the direct head: output gradients train the whole input state; enable answerSynthesis for the concluded-idea state boundary
    warnings.warn(f"{site} [config {cfg}]: {detail}", RuntimeWarning)

test/test_lift_lower_recommender.py::TestLiftLowerRecommender::test_lift_reverse_uses_recommender_with_basis
  /Users/arogers/github/WikiOracle/basicmodel/.venv/lib/python3.12/site-packages/torch/utils/_device.py:122: UserWarning: Converting a tensor with requires_grad=True to a scalar may lead to unexpected behavior.
  Consider using tensor.detach() first. (Triggered internally at /Users/runner/work/pytorch/pytorch/torch/csrc/autograd/generated/python_variable_methods.cpp:821.)
    return func(*args, **kwargs)

-- Docs: https://docs.pytest.org/en/stable/how-to/capture-warnings.html
217 passed, 12 warnings in 6.40s
