Starting with dynamic 2-dim embedding (words added at runtime)
  Building span table: 0/4 docs
/Users/arogers/github/WikiOracle/basicmodel/bin/Models.py:7649: RuntimeWarning: output_state_boundary [config /Users/arogers/github/WikiOracle/basicmodel/doc/benchmarks/2026-10-01-stage1-and-suite-trim/stage1/XOR_grammar_reconstruction.xml]: supervised outputs with reconstruction and answerSynthesis=false use the direct head: output gradients train the whole input state; enable answerSynthesis for the concluded-idea state boundary
  warnings.warn(f"{site} [config {cfg}]: {detail}", RuntimeWarning)
Device: cpu
Peer pipeline: static PS/WS stage bodies compiled separately; legacy compatibility scheduler remains outside fullgraph capture


==== BasicModel ====

Trial [1/1]
Baseline test pass skipped (--test not specified). Re-invoke train.py with --test to include baseline + post-epoch evaluation.
Epoch [1/400]
[AMP] off (fp32, MODEL_AMP unset or =off)
/Users/arogers/github/WikiOracle/basicmodel/.venv/lib/python3.12/site-packages/torch/utils/_device.py:122: UserWarning: Sparse invariant checks are implicitly disabled. Memory errors (e.g. SEGFAULT) will occur when operating on a sparse tensor which violates the invariants, but checks incur performance overhead. To silence this warning, explicitly opt in or out. See `torch.sparse.check_sparse_tensor_invariants.__doc__` for guidance.  (Triggered internally at /Users/runner/work/pytorch/pytorch/aten/src/ATen/Context.cpp:855.)
  return func(*args, **kwargs)
Traceback (most recent call last):
  File "/Users/arogers/github/WikiOracle/basicmodel/test/objective_conflicts_probe.py", line 531, in <module>
    results=Models.ModelFactory._run_hydrated(str(config),arch,arch.get('data',{}),arch.get('training',{}))
            ^^^^^^^^^^^^^^^^^^^^^^^^^^^^^^^^^^^^^^^^^^^^^^^^^^^^^^^^^^^^^^^^^^^^^^^^^^^^^^^^^^^^^^^^^^^^^^^
  File "/Users/arogers/github/WikiOracle/basicmodel/bin/Models.py", line 25687, in _run_hydrated
    m.run(_t("numTrials", 1),
  File "/Users/arogers/github/WikiOracle/basicmodel/bin/Models.py", line 3887, in run
    acc[trial, :] = self.runTrial(
                    ^^^^^^^^^^^^^^
  File "/Users/arogers/github/WikiOracle/basicmodel/bin/Models.py", line 11067, in runTrial
    outErr, inErr, allOut, lastIn = self.runEpoch(optimizer=self._optimizer, batchSize=batchSize, split="train")
                                    ^^^^^^^^^^^^^^^^^^^^^^^^^^^^^^^^^^^^^^^^^^^^^^^^^^^^^^^^^^^^^^^^^^^^^^^^^^^^
  File "/Users/arogers/github/WikiOracle/basicmodel/bin/ModeSchedule.py", line 14, in run
    return method(model, *args, **kwargs)
           ^^^^^^^^^^^^^^^^^^^^^^^^^^^^^^
  File "/Users/arogers/github/WikiOracle/basicmodel/bin/Models.py", line 16556, in runEpoch
    result, _ = self.runBatch(
                ^^^^^^^^^^^^^^
  File "/Users/arogers/github/WikiOracle/basicmodel/bin/Models.py", line 14321, in runBatch
    return self._run_sentence_batch(*args, **kwargs)
           ^^^^^^^^^^^^^^^^^^^^^^^^^^^^^^^^^^^^^^^^^
  File "/Users/arogers/github/WikiOracle/basicmodel/bin/Models.py", line 14502, in _run_sentence_batch
    return self._run_batch_once(**call)
           ^^^^^^^^^^^^^^^^^^^^^^^^^^^^
  File "/Users/arogers/github/WikiOracle/basicmodel/doc/benchmarks/2026-10-01-stage1-and-suite-trim/cost-function/XOR_grammar-step5a/_run_batch_once.instrumented.py", line 370, in _run_batch_once
    _what_answers = self._what_or_think(
                    ^^^^^^^^^^^^^^^^^^^^
  File "/Users/arogers/github/WikiOracle/basicmodel/bin/Models.py", line 9275, in _what_or_think
    return self.what(questions, input_data, executor=executor, record=record)
           ^^^^^^^^^^^^^^^^^^^^^^^^^^^^^^^^^^^^^^^^^^^^^^^^^^^^^^^^^^^^^^^^^^
  File "/Users/arogers/github/WikiOracle/basicmodel/bin/Models.py", line 10758, in what
    execution = self._execute_input_sentence(input_data, executor)
                ^^^^^^^^^^^^^^^^^^^^^^^^^^^^^^^^^^^^^^^^^^^^^^^^^^
  File "/Users/arogers/github/WikiOracle/basicmodel/bin/Models.py", line 154, in masked
    return method(self, *args, **kwargs)
           ^^^^^^^^^^^^^^^^^^^^^^^^^^^^^
  File "/Users/arogers/github/WikiOracle/basicmodel/bin/Models.py", line 8974, in _execute_input_sentence
    return (executor or self.forward)(input_data)
           ^^^^^^^^^^^^^^^^^^^^^^^^^^^^^^^^^^^^^^
  File "/Users/arogers/github/WikiOracle/basicmodel/bin/Models.py", line 154, in masked
    return method(self, *args, **kwargs)
           ^^^^^^^^^^^^^^^^^^^^^^^^^^^^^
  File "/Users/arogers/github/WikiOracle/basicmodel/bin/Models.py", line 8786, in forward
    return self._forward_per_stage(inputData)
           ^^^^^^^^^^^^^^^^^^^^^^^^^^^^^^^^^^
  File "/Users/arogers/github/WikiOracle/basicmodel/bin/Models.py", line 24398, in _forward_per_stage
    body_result = self._forward_body(
                  ^^^^^^^^^^^^^^^^^^^
  File "/Users/arogers/github/WikiOracle/basicmodel/bin/Models.py", line 18098, in _forward_body
    return self._forward_body_per_word(
           ^^^^^^^^^^^^^^^^^^^^^^^^^^^^
  File "/Users/arogers/github/WikiOracle/basicmodel/bin/Models.py", line 22581, in _forward_body_per_word
    self._run_tensor_peer_word_pipeline(N_words))
    ^^^^^^^^^^^^^^^^^^^^^^^^^^^^^^^^^^^^^^^^^^^^
  File "/Users/arogers/github/WikiOracle/basicmodel/bin/Models.py", line 22119, in _run_tensor_peer_word_pipeline
    feedback, trip_count) = self._run_sentence_word_bricks(
                            ^^^^^^^^^^^^^^^^^^^^^^^^^^^^^^^
  File "/Users/arogers/github/WikiOracle/basicmodel/bin/Models.py", line 21289, in _run_sentence_word_bricks
    (chosen, reconstruction), costs, wins = sentence_pair(cache, compose, score,
                                            ^^^^^^^^^^^^^^^^^^^^^^^^^^^^^^^^^^^^
  File "/Users/arogers/github/WikiOracle/basicmodel/test/objective_conflicts_probe.py", line 505, in paired
    value=original_pair(cache,compose,observed_score,step,active=active,training=training)
          ^^^^^^^^^^^^^^^^^^^^^^^^^^^^^^^^^^^^^^^^^^^^^^^^^^^^^^^^^^^^^^^^^^^^^^^^^^^^^^^^
  File "/Users/arogers/github/WikiOracle/basicmodel/bin/SentenceCompose.py", line 139, in sentence_pair
    cost_a, state_a = score(exploit, False)
                      ^^^^^^^^^^^^^^^^^^^^^
  File "/Users/arogers/github/WikiOracle/basicmodel/test/objective_conflicts_probe.py", line 502, in observed_score
    result=score(*args)
           ^^^^^^^^^^^^
  File "/Users/arogers/github/WikiOracle/basicmodel/bin/Models.py", line 21266, in score
    cost, reconstruction, observation, pending = self._sentence_path_cost(path, sid, present)
                                                 ^^^^^^^^^^^^^^^^^^^^^^^^^^^^^^^^^^^^^^^^^^^^
  File "/Users/arogers/github/WikiOracle/basicmodel/doc/benchmarks/2026-10-01-stage1-and-suite-trim/cost-function/XOR_grammar-step5a/_sentence_path_cost.instrumented.py", line 10, in _sentence_path_cost
    reconstruction = self._compiled_reconstruct()(
                     ^^^^^^^^^^^^^^^^^^^^^^^^^^^^^
  File "/Users/arogers/github/WikiOracle/basicmodel/bin/Models.py", line 12873, in _reconstruct_sentences
    recovered) = torch.while_loop(
                 ^^^^^^^^^^^^^^^^^
  File "/Users/arogers/github/WikiOracle/basicmodel/.venv/lib/python3.12/site-packages/torch/_higher_order_ops/while_loop.py", line 254, in while_loop
    return _hop_compile_and_call(
           ^^^^^^^^^^^^^^^^^^^^^^
  File "/Users/arogers/github/WikiOracle/basicmodel/.venv/lib/python3.12/site-packages/torch/_higher_order_ops/utils.py", line 118, in _hop_compile_and_call
    return torch.compile(fn, backend=backend, fullgraph=True)(
           ^^^^^^^^^^^^^^^^^^^^^^^^^^^^^^^^^^^^^^^^^^^^^^^^^^^
  File "/Users/arogers/github/WikiOracle/basicmodel/.venv/lib/python3.12/site-packages/torch/_dynamo/eval_frame.py", line 1261, in compile_wrapper
    result = fn(*args, **kwargs)
             ^^^^^^^^^^^^^^^^^^^
  File "/Users/arogers/github/WikiOracle/basicmodel/.venv/lib/python3.12/site-packages/torch/_dynamo/convert_frame.py", line 2649, in __call__
    result = self._torchdynamo_orig_backend(
             ^^^^^^^^^^^^^^^^^^^^^^^^^^^^^^^
  File "/Users/arogers/github/WikiOracle/basicmodel/.venv/lib/python3.12/site-packages/torch/_dynamo/convert_frame.py", line 778, in __call__
    result = _compile(
             ^^^^^^^^^
  File "/Users/arogers/github/WikiOracle/basicmodel/.venv/lib/python3.12/site-packages/torch/_dynamo/convert_frame.py", line 2116, in _compile
    guarded_code, tracer_output = compile_inner(code, one_graph, hooks)
                                  ^^^^^^^^^^^^^^^^^^^^^^^^^^^^^^^^^^^^^
  File "/Users/arogers/github/WikiOracle/basicmodel/.venv/lib/python3.12/site-packages/torch/_utils_internal.py", line 114, in wrapper_function
    return function(*args, **kwargs)
           ^^^^^^^^^^^^^^^^^^^^^^^^^
  File "/Users/arogers/github/WikiOracle/basicmodel/.venv/lib/python3.12/site-packages/torch/_dynamo/convert_frame.py", line 1701, in compile_inner
    result = _compile_inner(code, one_graph, hooks)
             ^^^^^^^^^^^^^^^^^^^^^^^^^^^^^^^^^^^^^^
  File "/Users/arogers/github/WikiOracle/basicmodel/.venv/lib/python3.12/site-packages/torch/_dynamo/convert_frame.py", line 1761, in _compile_inner
    dynamo_output = compile_frame(
                    ^^^^^^^^^^^^^^
  File "/Users/arogers/github/WikiOracle/basicmodel/.venv/lib/python3.12/site-packages/torch/_dynamo/convert_frame.py", line 1598, in compile_frame
    bytecode, tracer_output = transform_code_object(code, transform)
                              ^^^^^^^^^^^^^^^^^^^^^^^^^^^^^^^^^^^^^^
  File "/Users/arogers/github/WikiOracle/basicmodel/.venv/lib/python3.12/site-packages/torch/_dynamo/bytecode_transformation.py", line 1843, in transform_code_object
    tracer_output = transformations(instructions, code_options)
                    ^^^^^^^^^^^^^^^^^^^^^^^^^^^^^^^^^^^^^^^^^^^
  File "/Users/arogers/github/WikiOracle/basicmodel/.venv/lib/python3.12/site-packages/torch/_dynamo/convert_frame.py", line 1569, in transform
    tracer_output = trace_frame(
                    ^^^^^^^^^^^^
  File "/Users/arogers/github/WikiOracle/basicmodel/.venv/lib/python3.12/site-packages/torch/_dynamo/convert_frame.py", line 369, in _fn
    return fn(*args, **kwargs)
           ^^^^^^^^^^^^^^^^^^^
  File "/Users/arogers/github/WikiOracle/basicmodel/.venv/lib/python3.12/site-packages/torch/_dynamo/convert_frame.py", line 968, in trace_frame
    run_tracer()
  File "/Users/arogers/github/WikiOracle/basicmodel/.venv/lib/python3.12/site-packages/torch/_dynamo/convert_frame.py", line 949, in run_tracer
    tracer.run()
  File "/Users/arogers/github/WikiOracle/basicmodel/.venv/lib/python3.12/site-packages/torch/_dynamo/symbolic_convert.py", line 2094, in run
    while self.step():
          ^^^^^^^^^^^
  File "/Users/arogers/github/WikiOracle/basicmodel/.venv/lib/python3.12/site-packages/torch/_dynamo/symbolic_convert.py", line 1747, in step
    self.dispatch_table[inst.opcode](self, inst)
  File "/Users/arogers/github/WikiOracle/basicmodel/.venv/lib/python3.12/site-packages/torch/_dynamo/symbolic_convert.py", line 1105, in wrapper
    return inner_fn(self, inst)
           ^^^^^^^^^^^^^^^^^^^^
  File "/Users/arogers/github/WikiOracle/basicmodel/.venv/lib/python3.12/site-packages/torch/_dynamo/symbolic_convert.py", line 3286, in CALL_FUNCTION_EX
    self.call_function(fn, argsvars.items, kwargsvars)
  File "/Users/arogers/github/WikiOracle/basicmodel/.venv/lib/python3.12/site-packages/torch/_dynamo/symbolic_convert.py", line 1637, in call_function
    self.push(fn.call_function(self, args, kwargs))  # type: ignore[arg-type]
              ^^^^^^^^^^^^^^^^^^^^^^^^^^^^^^^^^^^^
  File "/Users/arogers/github/WikiOracle/basicmodel/.venv/lib/python3.12/site-packages/torch/_dynamo/variables/lazy.py", line 707, in realize_and_forward
    return getattr(self.realize(), name)(*args, **kwargs)
           ^^^^^^^^^^^^^^^^^^^^^^^^^^^^^^^^^^^^^^^^^^^^^^
  File "/Users/arogers/github/WikiOracle/basicmodel/.venv/lib/python3.12/site-packages/torch/_dynamo/variables/higher_order_ops.py", line 2236, in wrapped_call_function
    return original_call_function(self, *args, **kwargs)
           ^^^^^^^^^^^^^^^^^^^^^^^^^^^^^^^^^^^^^^^^^^^^^
  File "/Users/arogers/github/WikiOracle/basicmodel/.venv/lib/python3.12/site-packages/torch/_dynamo/variables/higher_order_ops.py", line 2325, in call_function
    return dispatch_torch_function(tx, self, args, kwargs)
           ^^^^^^^^^^^^^^^^^^^^^^^^^^^^^^^^^^^^^^^^^^^^^^^
  File "/Users/arogers/github/WikiOracle/basicmodel/.venv/lib/python3.12/site-packages/torch/_dynamo/variables/torch_function.py", line 560, in dispatch_torch_function
    res = tx.symbolic_torch_function_state.call_torch_function_mode(
          ^^^^^^^^^^^^^^^^^^^^^^^^^^^^^^^^^^^^^^^^^^^^^^^^^^^^^^^^^^
  File "/Users/arogers/github/WikiOracle/basicmodel/.venv/lib/python3.12/site-packages/torch/_dynamo/variables/torch_function.py", line 326, in call_torch_function_mode
    return cur_mode.call_torch_function(tx, fn, types, args, kwargs)
           ^^^^^^^^^^^^^^^^^^^^^^^^^^^^^^^^^^^^^^^^^^^^^^^^^^^^^^^^^
  File "/Users/arogers/github/WikiOracle/basicmodel/.venv/lib/python3.12/site-packages/torch/_dynamo/variables/torch_function.py", line 188, in call_torch_function
    return call_torch_function(
           ^^^^^^^^^^^^^^^^^^^^
  File "/Users/arogers/github/WikiOracle/basicmodel/.venv/lib/python3.12/site-packages/torch/_dynamo/variables/torch_function.py", line 514, in call_torch_function
    return torch_function_var.call_function(tx, tf_args, {})
           ^^^^^^^^^^^^^^^^^^^^^^^^^^^^^^^^^^^^^^^^^^^^^^^^^
  File "/Users/arogers/github/WikiOracle/basicmodel/.venv/lib/python3.12/site-packages/torch/_dynamo/variables/functions.py", line 1842, in call_function
    return super().call_function(tx, args, kwargs)
           ^^^^^^^^^^^^^^^^^^^^^^^^^^^^^^^^^^^^^^^
  File "/Users/arogers/github/WikiOracle/basicmodel/.venv/lib/python3.12/site-packages/torch/_dynamo/variables/functions.py", line 971, in call_function
    return super().call_function(tx, args, kwargs)
           ^^^^^^^^^^^^^^^^^^^^^^^^^^^^^^^^^^^^^^^
  File "/Users/arogers/github/WikiOracle/basicmodel/.venv/lib/python3.12/site-packages/torch/_dynamo/variables/functions.py", line 577, in call_function
    return tx.inline_user_function_return(
           ^^^^^^^^^^^^^^^^^^^^^^^^^^^^^^^
  File "/Users/arogers/github/WikiOracle/basicmodel/.venv/lib/python3.12/site-packages/torch/_dynamo/symbolic_convert.py", line 1665, in inline_user_function_return
    return InliningInstructionTranslator.inline_call(
           ^^^^^^^^^^^^^^^^^^^^^^^^^^^^^^^^^^^^^^^^^^
  File "/Users/arogers/github/WikiOracle/basicmodel/.venv/lib/python3.12/site-packages/torch/_dynamo/symbolic_convert.py", line 5996, in inline_call
    return tracer.inline_call_()
           ^^^^^^^^^^^^^^^^^^^^^
  File "/Users/arogers/github/WikiOracle/basicmodel/.venv/lib/python3.12/site-packages/torch/_dynamo/symbolic_convert.py", line 6231, in inline_call_
    self.run()
  File "/Users/arogers/github/WikiOracle/basicmodel/.venv/lib/python3.12/site-packages/torch/_dynamo/symbolic_convert.py", line 2094, in run
    while self.step():
          ^^^^^^^^^^^
  File "/Users/arogers/github/WikiOracle/basicmodel/.venv/lib/python3.12/site-packages/torch/_dynamo/symbolic_convert.py", line 1747, in step
    self.dispatch_table[inst.opcode](self, inst)
  File "/Users/arogers/github/WikiOracle/basicmodel/.venv/lib/python3.12/site-packages/torch/_dynamo/symbolic_convert.py", line 1105, in wrapper
    return inner_fn(self, inst)
           ^^^^^^^^^^^^^^^^^^^^
  File "/Users/arogers/github/WikiOracle/basicmodel/.venv/lib/python3.12/site-packages/torch/_dynamo/symbolic_convert.py", line 3286, in CALL_FUNCTION_EX
    self.call_function(fn, argsvars.items, kwargsvars)
  File "/Users/arogers/github/WikiOracle/basicmodel/.venv/lib/python3.12/site-packages/torch/_dynamo/symbolic_convert.py", line 1637, in call_function
    self.push(fn.call_function(self, args, kwargs))  # type: ignore[arg-type]
              ^^^^^^^^^^^^^^^^^^^^^^^^^^^^^^^^^^^^
  File "/Users/arogers/github/WikiOracle/basicmodel/.venv/lib/python3.12/site-packages/torch/_dynamo/variables/higher_order_ops.py", line 2236, in wrapped_call_function
    return original_call_function(self, *args, **kwargs)
           ^^^^^^^^^^^^^^^^^^^^^^^^^^^^^^^^^^^^^^^^^^^^^
  File "/Users/arogers/github/WikiOracle/basicmodel/.venv/lib/python3.12/site-packages/torch/_dynamo/variables/higher_order_ops.py", line 2327, in call_function
    return self._call_function(tx, args, kwargs)
           ^^^^^^^^^^^^^^^^^^^^^^^^^^^^^^^^^^^^^
  File "/Users/arogers/github/WikiOracle/basicmodel/.venv/lib/python3.12/site-packages/torch/_dynamo/variables/higher_order_ops.py", line 2914, in _call_function
    return _call_while_loop(
           ^^^^^^^^^^^^^^^^^
  File "/Users/arogers/github/WikiOracle/basicmodel/.venv/lib/python3.12/site-packages/torch/_dynamo/variables/higher_order_ops.py", line 937, in _call_while_loop
    ) = speculate_subgraph(
        ^^^^^^^^^^^^^^^^^^^
  File "/Users/arogers/github/WikiOracle/basicmodel/.venv/lib/python3.12/site-packages/torch/_dynamo/variables/higher_order_ops.py", line 2072, in speculate_subgraph
    output = trace_hop_function(
             ^^^^^^^^^^^^^^^^^^^
  File "/Users/arogers/github/WikiOracle/basicmodel/.venv/lib/python3.12/site-packages/torch/_dynamo/variables/higher_order_ops.py", line 1556, in trace_hop_function
    output = f.call_function(tx, args, sub_kwargs)
             ^^^^^^^^^^^^^^^^^^^^^^^^^^^^^^^^^^^^^
  File "/Users/arogers/github/WikiOracle/basicmodel/.venv/lib/python3.12/site-packages/torch/_dynamo/variables/functions.py", line 971, in call_function
    return super().call_function(tx, args, kwargs)
           ^^^^^^^^^^^^^^^^^^^^^^^^^^^^^^^^^^^^^^^
  File "/Users/arogers/github/WikiOracle/basicmodel/.venv/lib/python3.12/site-packages/torch/_dynamo/variables/functions.py", line 577, in call_function
    return tx.inline_user_function_return(
           ^^^^^^^^^^^^^^^^^^^^^^^^^^^^^^^
  File "/Users/arogers/github/WikiOracle/basicmodel/.venv/lib/python3.12/site-packages/torch/_dynamo/symbolic_convert.py", line 1665, in inline_user_function_return
    return InliningInstructionTranslator.inline_call(
           ^^^^^^^^^^^^^^^^^^^^^^^^^^^^^^^^^^^^^^^^^^
  File "/Users/arogers/github/WikiOracle/basicmodel/.venv/lib/python3.12/site-packages/torch/_dynamo/symbolic_convert.py", line 5996, in inline_call
    return tracer.inline_call_()
           ^^^^^^^^^^^^^^^^^^^^^
  File "/Users/arogers/github/WikiOracle/basicmodel/.venv/lib/python3.12/site-packages/torch/_dynamo/symbolic_convert.py", line 6231, in inline_call_
    self.run()
  File "/Users/arogers/github/WikiOracle/basicmodel/.venv/lib/python3.12/site-packages/torch/_dynamo/symbolic_convert.py", line 2094, in run
    while self.step():
          ^^^^^^^^^^^
  File "/Users/arogers/github/WikiOracle/basicmodel/.venv/lib/python3.12/site-packages/torch/_dynamo/symbolic_convert.py", line 1747, in step
    self.dispatch_table[inst.opcode](self, inst)
  File "/Users/arogers/github/WikiOracle/basicmodel/.venv/lib/python3.12/site-packages/torch/_dynamo/symbolic_convert.py", line 1105, in wrapper
    return inner_fn(self, inst)
           ^^^^^^^^^^^^^^^^^^^^
  File "/Users/arogers/github/WikiOracle/basicmodel/.venv/lib/python3.12/site-packages/torch/_dynamo/symbolic_convert.py", line 3286, in CALL_FUNCTION_EX
    self.call_function(fn, argsvars.items, kwargsvars)
  File "/Users/arogers/github/WikiOracle/basicmodel/.venv/lib/python3.12/site-packages/torch/_dynamo/symbolic_convert.py", line 1637, in call_function
    self.push(fn.call_function(self, args, kwargs))  # type: ignore[arg-type]
              ^^^^^^^^^^^^^^^^^^^^^^^^^^^^^^^^^^^^
  File "/Users/arogers/github/WikiOracle/basicmodel/.venv/lib/python3.12/site-packages/torch/_dynamo/variables/lazy.py", line 707, in realize_and_forward
    return getattr(self.realize(), name)(*args, **kwargs)
           ^^^^^^^^^^^^^^^^^^^^^^^^^^^^^^^^^^^^^^^^^^^^^^
  File "/Users/arogers/github/WikiOracle/basicmodel/.venv/lib/python3.12/site-packages/torch/_dynamo/variables/functions.py", line 971, in call_function
    return super().call_function(tx, args, kwargs)
           ^^^^^^^^^^^^^^^^^^^^^^^^^^^^^^^^^^^^^^^
  File "/Users/arogers/github/WikiOracle/basicmodel/.venv/lib/python3.12/site-packages/torch/_dynamo/variables/functions.py", line 577, in call_function
    return tx.inline_user_function_return(
           ^^^^^^^^^^^^^^^^^^^^^^^^^^^^^^^
  File "/Users/arogers/github/WikiOracle/basicmodel/.venv/lib/python3.12/site-packages/torch/_dynamo/symbolic_convert.py", line 1665, in inline_user_function_return
    return InliningInstructionTranslator.inline_call(
           ^^^^^^^^^^^^^^^^^^^^^^^^^^^^^^^^^^^^^^^^^^
  File "/Users/arogers/github/WikiOracle/basicmodel/.venv/lib/python3.12/site-packages/torch/_dynamo/symbolic_convert.py", line 5996, in inline_call
    return tracer.inline_call_()
           ^^^^^^^^^^^^^^^^^^^^^
  File "/Users/arogers/github/WikiOracle/basicmodel/.venv/lib/python3.12/site-packages/torch/_dynamo/symbolic_convert.py", line 6231, in inline_call_
    self.run()
  File "/Users/arogers/github/WikiOracle/basicmodel/.venv/lib/python3.12/site-packages/torch/_dynamo/symbolic_convert.py", line 2094, in run
    while self.step():
          ^^^^^^^^^^^
  File "/Users/arogers/github/WikiOracle/basicmodel/.venv/lib/python3.12/site-packages/torch/_dynamo/symbolic_convert.py", line 1747, in step
    self.dispatch_table[inst.opcode](self, inst)
  File "/Users/arogers/github/WikiOracle/basicmodel/.venv/lib/python3.12/site-packages/torch/_dynamo/symbolic_convert.py", line 1105, in wrapper
    return inner_fn(self, inst)
           ^^^^^^^^^^^^^^^^^^^^
  File "/Users/arogers/github/WikiOracle/basicmodel/.venv/lib/python3.12/site-packages/torch/_dynamo/symbolic_convert.py", line 4750, in CALL
    self._call(inst)
  File "/Users/arogers/github/WikiOracle/basicmodel/.venv/lib/python3.12/site-packages/torch/_dynamo/symbolic_convert.py", line 4741, in _call
    self.call_function(fn, args, kwargs)
  File "/Users/arogers/github/WikiOracle/basicmodel/.venv/lib/python3.12/site-packages/torch/_dynamo/symbolic_convert.py", line 1637, in call_function
    self.push(fn.call_function(self, args, kwargs))  # type: ignore[arg-type]
              ^^^^^^^^^^^^^^^^^^^^^^^^^^^^^^^^^^^^
  File "/Users/arogers/github/WikiOracle/basicmodel/.venv/lib/python3.12/site-packages/torch/_dynamo/variables/functions.py", line 1842, in call_function
    return super().call_function(tx, args, kwargs)
           ^^^^^^^^^^^^^^^^^^^^^^^^^^^^^^^^^^^^^^^
  File "/Users/arogers/github/WikiOracle/basicmodel/.venv/lib/python3.12/site-packages/torch/_dynamo/variables/functions.py", line 971, in call_function
    return super().call_function(tx, args, kwargs)
           ^^^^^^^^^^^^^^^^^^^^^^^^^^^^^^^^^^^^^^^
  File "/Users/arogers/github/WikiOracle/basicmodel/.venv/lib/python3.12/site-packages/torch/_dynamo/variables/functions.py", line 577, in call_function
    return tx.inline_user_function_return(
           ^^^^^^^^^^^^^^^^^^^^^^^^^^^^^^^
  File "/Users/arogers/github/WikiOracle/basicmodel/.venv/lib/python3.12/site-packages/torch/_dynamo/symbolic_convert.py", line 1665, in inline_user_function_return
    return InliningInstructionTranslator.inline_call(
           ^^^^^^^^^^^^^^^^^^^^^^^^^^^^^^^^^^^^^^^^^^
  File "/Users/arogers/github/WikiOracle/basicmodel/.venv/lib/python3.12/site-packages/torch/_dynamo/symbolic_convert.py", line 5996, in inline_call
    return tracer.inline_call_()
           ^^^^^^^^^^^^^^^^^^^^^
  File "/Users/arogers/github/WikiOracle/basicmodel/.venv/lib/python3.12/site-packages/torch/_dynamo/symbolic_convert.py", line 6231, in inline_call_
    self.run()
  File "/Users/arogers/github/WikiOracle/basicmodel/.venv/lib/python3.12/site-packages/torch/_dynamo/symbolic_convert.py", line 2094, in run
    while self.step():
          ^^^^^^^^^^^
  File "/Users/arogers/github/WikiOracle/basicmodel/.venv/lib/python3.12/site-packages/torch/_dynamo/symbolic_convert.py", line 1747, in step
    self.dispatch_table[inst.opcode](self, inst)
  File "/Users/arogers/github/WikiOracle/basicmodel/.venv/lib/python3.12/site-packages/torch/_dynamo/symbolic_convert.py", line 3367, in LOAD_ATTR
    self._load_attr(inst.argval)
  File "/Users/arogers/github/WikiOracle/basicmodel/.venv/lib/python3.12/site-packages/torch/_dynamo/symbolic_convert.py", line 3348, in _load_attr
    obj = self.pop().realize()
          ^^^^^^^^^^^^^^^^^^^^
  File "/Users/arogers/github/WikiOracle/basicmodel/.venv/lib/python3.12/site-packages/torch/_dynamo/variables/lazy.py", line 168, in realize
    self._cache.realize()
  File "/Users/arogers/github/WikiOracle/basicmodel/.venv/lib/python3.12/site-packages/torch/_dynamo/variables/lazy.py", line 50, in realize
    self.vt = builder.VariableBuilder(
              ^^^^^^^^^^^^^^^^^^^^^^^^
  File "/Users/arogers/github/WikiOracle/basicmodel/.venv/lib/python3.12/site-packages/torch/_dynamo/variables/builder.py", line 823, in __call__
    return self._call_impl(value)
           ^^^^^^^^^^^^^^^^^^^^^^
  File "/Users/arogers/github/WikiOracle/basicmodel/.venv/lib/python3.12/site-packages/torch/_dynamo/variables/builder.py", line 860, in _call_impl
    vt = self._wrap(value)
         ^^^^^^^^^^^^^^^^^
  File "/Users/arogers/github/WikiOracle/basicmodel/.venv/lib/python3.12/site-packages/torch/_dynamo/variables/builder.py", line 1123, in _wrap
    return type_dispatch(self, value)
           ^^^^^^^^^^^^^^^^^^^^^^^^^^
  File "/Users/arogers/github/WikiOracle/basicmodel/.venv/lib/python3.12/site-packages/torch/_dynamo/variables/builder.py", line 3072, in wrap_tensor
    example_value = wrap_to_fake_tensor_and_record(
                    ^^^^^^^^^^^^^^^^^^^^^^^^^^^^^^^
  File "/Users/arogers/github/WikiOracle/basicmodel/.venv/lib/python3.12/site-packages/torch/_dynamo/variables/builder.py", line 4898, in wrap_to_fake_tensor_and_record
    return _wrap_to_fake_tensor_and_record_impl(
           ^^^^^^^^^^^^^^^^^^^^^^^^^^^^^^^^^^^^^
  File "/Users/arogers/github/WikiOracle/basicmodel/.venv/lib/python3.12/site-packages/torch/_dynamo/variables/builder.py", line 4969, in _wrap_to_fake_tensor_and_record_impl
    fake_e = wrap_fake_exception(
             ^^^^^^^^^^^^^^^^^^^^
  File "/Users/arogers/github/WikiOracle/basicmodel/.venv/lib/python3.12/site-packages/torch/_dynamo/utils.py", line 3523, in wrap_fake_exception
    return fn()
           ^^^^
  File "/Users/arogers/github/WikiOracle/basicmodel/.venv/lib/python3.12/site-packages/torch/_dynamo/variables/builder.py", line 4970, in <lambda>
    lambda: tx.fake_mode.from_tensor(
            ^^^^^^^^^^^^^^^^^^^^^^^^^
  File "/Users/arogers/github/WikiOracle/basicmodel/.venv/lib/python3.12/site-packages/torch/_subclasses/fake_tensor.py", line 3483, in from_tensor
    return self.fake_tensor_converter.from_real_tensor(
           ^^^^^^^^^^^^^^^^^^^^^^^^^^^^^^^^^^^^^^^^^^^^
  File "/Users/arogers/github/WikiOracle/basicmodel/.venv/lib/python3.12/site-packages/torch/_subclasses/fake_tensor.py", line 552, in from_real_tensor
    out = self.meta_converter(
          ^^^^^^^^^^^^^^^^^^^^
  File "/Users/arogers/github/WikiOracle/basicmodel/.venv/lib/python3.12/site-packages/torch/_subclasses/meta_utils.py", line 2405, in __call__
    r = self.meta_tensor(
        ^^^^^^^^^^^^^^^^^
  File "/Users/arogers/github/WikiOracle/basicmodel/.venv/lib/python3.12/site-packages/torch/_subclasses/meta_utils.py", line 2046, in meta_tensor
    ) = sym_sizes_strides_storage_offset(t, source, symbolic_context)
        ^^^^^^^^^^^^^^^^^^^^^^^^^^^^^^^^^^^^^^^^^^^^^^^^^^^^^^^^^^^^^
  File "/Users/arogers/github/WikiOracle/basicmodel/.venv/lib/python3.12/site-packages/torch/_subclasses/meta_utils.py", line 1172, in sym_sizes_strides_storage_offset
    return shape_env._create_symbolic_sizes_strides_storage_offset(
           ^^^^^^^^^^^^^^^^^^^^^^^^^^^^^^^^^^^^^^^^^^^^^^^^^^^^^^^^
  File "/Users/arogers/github/WikiOracle/basicmodel/.venv/lib/python3.12/site-packages/torch/fx/experimental/recording.py", line 298, in wrapper
    return retlog(fn(*args, **kwargs))
                  ^^^^^^^^^^^^^^^^^^^
  File "/Users/arogers/github/WikiOracle/basicmodel/.venv/lib/python3.12/site-packages/torch/fx/experimental/symbolic_shapes.py", line 5256, in _create_symbolic_sizes_strides_storage_offset
    size: list[sympy.Expr] = self._produce_dyn_sizes_from_int_tuple(
                             ^^^^^^^^^^^^^^^^^^^^^^^^^^^^^^^^^^^^^^^
  File "/Users/arogers/github/WikiOracle/basicmodel/.venv/lib/python3.12/site-packages/torch/fx/experimental/symbolic_shapes.py", line 4838, in _produce_dyn_sizes_from_int_tuple
    sym = self.create_symbol(
          ^^^^^^^^^^^^^^^^^^^
  File "/Users/arogers/github/WikiOracle/basicmodel/.venv/lib/python3.12/site-packages/torch/fx/experimental/recording.py", line 298, in wrapper
    return retlog(fn(*args, **kwargs))
                  ^^^^^^^^^^^^^^^^^^^
  File "/Users/arogers/github/WikiOracle/basicmodel/.venv/lib/python3.12/site-packages/torch/fx/experimental/symbolic_shapes.py", line 5927, in create_symbol
    raise ConstraintViolationError(
torch.fx.experimental.symbolic_shapes.ConstraintViolationError: 7 not in range [3, 6]

from user code:
   File "/Users/arogers/github/WikiOracle/basicmodel/.venv/lib/python3.12/site-packages/torch/_higher_order_ops/while_loop.py", line 250, in _while_loop_op_wrapper
    return while_loop_op(*args, **kwargs)
           ^^^^^^^^^^^^^^^^^^^^^^^^^^^^^^
  File "/Users/arogers/github/WikiOracle/basicmodel/.venv/lib/python3.12/site-packages/torch/utils/_device.py", line 122, in __torch_function__
    return func(*args, **kwargs)
           ^^^^^^^^^^^^^^^^^^^^^
  File "/Users/arogers/github/WikiOracle/basicmodel/.venv/lib/python3.12/site-packages/torch/_higher_order_ops/while_loop.py", line 224, in flat_body_fn
    return body_fn(*carried, *additional)
           ^^^^^^^^^^^^^^^^^^^^^^^^^^^^^^
  File "/Users/arogers/github/WikiOracle/basicmodel/bin/Models.py", line 12850, in body
    byte_d = self._byte_word_cost(
             ^^^^^^^^^^^^^^^^^^^^^
  File "/Users/arogers/github/WikiOracle/basicmodel/bin/Models.py", line 13045, in _byte_word_cost
    W, P = int(target_bytes.shape[1]), int(target_bytes.shape[2])
               ^^^^^^^^^^^^^^^^^^^^^^^^^^^^^^^^^^^^^^^^^^^^^^^^^^

Set TORCHDYNAMO_VERBOSE=1 for the internal stack trace (please do this especially if you're reporting a bug to PyTorch). For even more developer context, set TORCH_LOGS="+dynamo"

