Device: cpu
Peer pipeline: static PS/WS stage bodies compiled separately; legacy compatibility scheduler remains outside fullgraph capture


==== BasicModel ====

Trial [1/1]
Baseline test pass skipped (--test not specified). Re-invoke train.py with --test to include baseline + post-epoch evaluation.
Epoch [1/400]
[AMP] off (fp32, MODEL_AMP unset or =off)
/Users/arogers/github/WikiOracle/basicmodel/.venv/lib/python3.12/site-packages/torch/utils/_device.py:122: UserWarning: Sparse invariant checks are implicitly disabled. Memory errors (e.g. SEGFAULT) will occur when operating on a sparse tensor which violates the invariants, but checks incur performance overhead. To silence this warning, explicitly opt in or out. See `torch.sparse.check_sparse_tensor_invariants.__doc__` for guidance.  (Triggered internally at /Users/runner/work/pytorch/pytorch/aten/src/ATen/Context.cpp:855.)
  return func(*args, **kwargs)
batch = 0 (warm-up, 100.00%)
Training throughput: 1 batches in 50.674s; word units 100.0% of 8 words (letters-only 100.0% of 8).
Train Loss: output=0.1753, reconstruction=0.0016
Epoch [2/400]
batch = 0 (Δ=0.251s, 100.00%)
Training throughput: 1 batches in 0.250s; word units 100.0% of 8 words (letters-only 100.0% of 8).
Train Loss: output=0.1751, reconstruction=0.8097
Epoch [3/400]
batch = 0 (Δ=0.248s, 100.00%)
Training throughput: 1 batches in 0.247s; word units 100.0% of 8 words (letters-only 100.0% of 8).
Train Loss: output=0.1753, reconstruction=0.0023
Epoch [4/400]
batch = 0 (Δ=0.249s, 100.00%)
Training throughput: 1 batches in 0.248s; word units 100.0% of 8 words (letters-only 100.0% of 8).
Train Loss: output=0.1757, reconstruction=0.7745
Epoch [5/400]
batch = 0 (Δ=0.242s, 100.00%)
Training throughput: 1 batches in 0.241s; word units 100.0% of 8 words (letters-only 100.0% of 8).
Train Loss: output=0.1747, reconstruction=0.7433
Epoch [6/400]
batch = 0 (Δ=0.245s, 100.00%)
Training throughput: 1 batches in 0.244s; word units 100.0% of 8 words (letters-only 100.0% of 8).
Train Loss: output=0.1744, reconstruction=0.0043
Epoch [7/400]
batch = 0 (Δ=0.249s, 100.00%)
Training throughput: 1 batches in 0.248s; word units 100.0% of 8 words (letters-only 100.0% of 8).
Train Loss: output=0.1758, reconstruction=0.0052
Epoch [8/400]
batch = 0 (Δ=0.244s, 100.00%)
Training throughput: 1 batches in 0.244s; word units 100.0% of 8 words (letters-only 100.0% of 8).
Train Loss: output=0.1762, reconstruction=0.6268
Epoch [9/400]
batch = 0 (Δ=0.245s, 100.00%)
Training throughput: 1 batches in 0.245s; word units 100.0% of 8 words (letters-only 100.0% of 8).
Train Loss: output=0.1761, reconstruction=0.5964
Epoch [10/400]
batch = 0 (Δ=0.240s, 100.00%)
Training throughput: 1 batches in 0.239s; word units 100.0% of 8 words (letters-only 100.0% of 8).
Train Loss: output=0.1743, reconstruction=0.0073
Epoch [11/400]
batch = 0 (Δ=0.246s, 100.00%)
Training throughput: 1 batches in 0.246s; word units 100.0% of 8 words (letters-only 100.0% of 8).
Train Loss: output=0.1743, reconstruction=0.0076
Epoch [12/400]
batch = 0 (Δ=0.243s, 100.00%)
Training throughput: 1 batches in 0.243s; word units 100.0% of 8 words (letters-only 100.0% of 8).
Train Loss: output=0.1746, reconstruction=0.5300
Epoch [13/400]
batch = 0 (Δ=0.247s, 100.00%)
Training throughput: 1 batches in 0.246s; word units 100.0% of 8 words (letters-only 100.0% of 8).
Train Loss: output=0.1746, reconstruction=0.5137
Epoch [14/400]
batch = 0 (Δ=0.245s, 100.00%)
Training throughput: 1 batches in 0.244s; word units 100.0% of 8 words (letters-only 100.0% of 8).
Train Loss: output=0.1746, reconstruction=0.4991
Epoch [15/400]
batch = 0 (Δ=0.242s, 100.00%)
Training throughput: 1 batches in 0.241s; word units 100.0% of 8 words (letters-only 100.0% of 8).
Train Loss: output=0.1743, reconstruction=0.0076
Epoch [16/400]
batch = 0 (Δ=0.244s, 100.00%)
Training throughput: 1 batches in 0.244s; word units 100.0% of 8 words (letters-only 100.0% of 8).
Train Loss: output=0.1746, reconstruction=0.4750
Epoch [17/400]
batch = 0 (Δ=0.250s, 100.00%)
Training throughput: 1 batches in 0.249s; word units 100.0% of 8 words (letters-only 100.0% of 8).
Train Loss: output=0.1746, reconstruction=0.4649
Epoch [18/400]
batch = 0 (Δ=0.247s, 100.00%)
Training throughput: 1 batches in 0.246s; word units 100.0% of 8 words (letters-only 100.0% of 8).
Train Loss: output=0.1747, reconstruction=0.4556
Epoch [19/400]
batch = 0 (Δ=0.245s, 100.00%)
Training throughput: 1 batches in 0.245s; word units 100.0% of 8 words (letters-only 100.0% of 8).
Train Loss: output=0.1743, reconstruction=0.0073
Epoch [20/400]
batch = 0 (Δ=0.245s, 100.00%)
Training throughput: 1 batches in 0.244s; word units 100.0% of 8 words (letters-only 100.0% of 8).
Train Loss: output=0.1747, reconstruction=0.4390
Epoch [21/400]
batch = 0 (Δ=0.243s, 100.00%)
Training throughput: 1 batches in 0.243s; word units 100.0% of 8 words (letters-only 100.0% of 8).
Train Loss: output=0.1747, reconstruction=0.4317
Epoch [22/400]
batch = 0 (Δ=0.245s, 100.00%)
Training throughput: 1 batches in 0.245s; word units 100.0% of 8 words (letters-only 100.0% of 8).
Train Loss: output=0.1747, reconstruction=0.4249
Epoch [23/400]
batch = 0 (Δ=0.243s, 100.00%)
Training throughput: 1 batches in 0.242s; word units 100.0% of 8 words (letters-only 100.0% of 8).
Train Loss: output=0.1747, reconstruction=0.4185
Epoch [24/400]
batch = 0 (Δ=0.245s, 100.00%)
Training throughput: 1 batches in 0.245s; word units 100.0% of 8 words (letters-only 100.0% of 8).
Train Loss: output=0.1747, reconstruction=0.4125
Epoch [25/400]
batch = 0 (Δ=0.243s, 100.00%)
Training throughput: 1 batches in 0.242s; word units 100.0% of 8 words (letters-only 100.0% of 8).
Train Loss: output=0.1747, reconstruction=0.4067
Epoch [26/400]
batch = 0 (Δ=0.249s, 100.00%)
Training throughput: 1 batches in 0.249s; word units 100.0% of 8 words (letters-only 100.0% of 8).
Train Loss: output=0.1744, reconstruction=0.0078
Epoch [27/400]
batch = 0 (Δ=0.243s, 100.00%)
Training throughput: 1 batches in 0.242s; word units 100.0% of 8 words (letters-only 100.0% of 8).
Train Loss: output=0.1748, reconstruction=0.3963
Epoch [28/400]
batch = 0 (Δ=0.242s, 100.00%)
Training throughput: 1 batches in 0.241s; word units 100.0% of 8 words (letters-only 100.0% of 8).
Train Loss: output=0.1748, reconstruction=0.3915
Epoch [29/400]
batch = 0 (Δ=0.246s, 100.00%)
Training throughput: 1 batches in 0.245s; word units 100.0% of 8 words (letters-only 100.0% of 8).
Train Loss: output=0.1748, reconstruction=0.3868
Epoch [30/400]
batch = 0 (Δ=0.246s, 100.00%)
Training throughput: 1 batches in 0.245s; word units 100.0% of 8 words (letters-only 100.0% of 8).
Train Loss: output=0.1748, reconstruction=0.3823
Epoch [31/400]
batch = 0 (Δ=0.243s, 100.00%)
Training throughput: 1 batches in 0.243s; word units 100.0% of 8 words (letters-only 100.0% of 8).
Train Loss: output=0.1748, reconstruction=0.3780
Epoch [32/400]
batch = 0 (Δ=0.244s, 100.00%)
Training throughput: 1 batches in 0.243s; word units 100.0% of 8 words (letters-only 100.0% of 8).
Train Loss: output=0.1748, reconstruction=0.3737
Epoch [33/400]
batch = 0 (Δ=0.244s, 100.00%)
Training throughput: 1 batches in 0.243s; word units 100.0% of 8 words (letters-only 100.0% of 8).
Train Loss: output=0.1749, reconstruction=0.3694
Epoch [34/400]
batch = 0 (Δ=0.246s, 100.00%)
Training throughput: 1 batches in 0.245s; word units 100.0% of 8 words (letters-only 100.0% of 8).
Train Loss: output=0.1749, reconstruction=0.8548
Epoch [35/400]
batch = 0 (Δ=0.244s, 100.00%)
Training throughput: 1 batches in 0.243s; word units 100.0% of 8 words (letters-only 100.0% of 8).
Train Loss: output=0.1749, reconstruction=0.3609
Epoch [36/400]
batch = 0 (Δ=0.246s, 100.00%)
Training throughput: 1 batches in 0.245s; word units 100.0% of 8 words (letters-only 100.0% of 8).
Train Loss: output=0.1749, reconstruction=0.3566
Epoch [37/400]
batch = 0 (Δ=0.245s, 100.00%)
Training throughput: 1 batches in 0.245s; word units 100.0% of 8 words (letters-only 100.0% of 8).
Train Loss: output=0.1751, reconstruction=0.3526
Epoch [38/400]
batch = 0 (Δ=0.256s, 100.00%)
Training throughput: 1 batches in 0.255s; word units 100.0% of 8 words (letters-only 100.0% of 8).
Train Loss: output=0.1751, reconstruction=0.3487
Epoch [39/400]
batch = 0 (Δ=0.249s, 100.00%)
Training throughput: 1 batches in 0.248s; word units 100.0% of 8 words (letters-only 100.0% of 8).
Train Loss: output=0.1751, reconstruction=0.3450
Epoch [40/400]
batch = 0 (Δ=0.244s, 100.00%)
Training throughput: 1 batches in 0.243s; word units 100.0% of 8 words (letters-only 100.0% of 8).
Train Loss: output=0.1747, reconstruction=0.0119
Epoch [41/400]
batch = 0 (Δ=0.248s, 100.00%)
Training throughput: 1 batches in 0.248s; word units 100.0% of 8 words (letters-only 100.0% of 8).
Train Loss: output=0.1747, reconstruction=0.0123
Epoch [42/400]
batch = 0 (Δ=0.246s, 100.00%)
Training throughput: 1 batches in 0.246s; word units 100.0% of 8 words (letters-only 100.0% of 8).
Train Loss: output=0.1747, reconstruction=0.0127
Epoch [43/400]
batch = 0 (Δ=0.247s, 100.00%)
Training throughput: 1 batches in 0.247s; word units 100.0% of 8 words (letters-only 100.0% of 8).
Train Loss: output=0.1747, reconstruction=0.0130
Epoch [44/400]
batch = 0 (Δ=0.248s, 100.00%)
Training throughput: 1 batches in 0.248s; word units 100.0% of 8 words (letters-only 100.0% of 8).
Train Loss: output=0.1751, reconstruction=0.3283
Epoch [45/400]
batch = 0 (Δ=0.246s, 100.00%)
Training throughput: 1 batches in 0.245s; word units 100.0% of 8 words (letters-only 100.0% of 8).
Train Loss: output=0.1751, reconstruction=0.3255
Epoch [46/400]
batch = 0 (Δ=0.250s, 100.00%)
Training throughput: 1 batches in 0.249s; word units 100.0% of 8 words (letters-only 100.0% of 8).
Train Loss: output=0.1751, reconstruction=0.3225
Epoch [47/400]
batch = 0 (Δ=0.245s, 100.00%)
Training throughput: 1 batches in 0.244s; word units 100.0% of 8 words (letters-only 100.0% of 8).
Train Loss: output=0.1751, reconstruction=0.3194
Epoch [48/400]
batch = 0 (Δ=0.249s, 100.00%)
Training throughput: 1 batches in 0.248s; word units 100.0% of 8 words (letters-only 100.0% of 8).
Train Loss: output=0.1751, reconstruction=0.3164
Epoch [49/400]
batch = 0 (Δ=0.249s, 100.00%)
Training throughput: 1 batches in 0.248s; word units 100.0% of 8 words (letters-only 100.0% of 8).
Train Loss: output=0.1751, reconstruction=0.3136
Epoch [50/400]
batch = 0 (Δ=0.248s, 100.00%)
Training throughput: 1 batches in 0.247s; word units 100.0% of 8 words (letters-only 100.0% of 8).
Train Loss: output=0.1752, reconstruction=0.3108
Epoch [51/400]
batch = 0 (Δ=0.250s, 100.00%)
Training throughput: 1 batches in 0.249s; word units 100.0% of 8 words (letters-only 100.0% of 8).
Train Loss: output=0.1743, reconstruction=0.9463
Epoch [52/400]
batch = 0 (Δ=0.258s, 100.00%)
Training throughput: 1 batches in 0.258s; word units 100.0% of 8 words (letters-only 100.0% of 8).
Train Loss: output=0.1757, reconstruction=0.3058
Epoch [53/400]
batch = 0 (Δ=0.254s, 100.00%)
Training throughput: 1 batches in 0.253s; word units 100.0% of 8 words (letters-only 100.0% of 8).
Train Loss: output=0.1743, reconstruction=0.9458
Epoch [54/400]
batch = 0 (Δ=0.251s, 100.00%)
Training throughput: 1 batches in 0.251s; word units 100.0% of 8 words (letters-only 100.0% of 8).
Train Loss: output=0.1743, reconstruction=0.9475
Epoch [55/400]
batch = 0 (Δ=0.250s, 100.00%)
Training throughput: 1 batches in 0.250s; word units 100.0% of 8 words (letters-only 100.0% of 8).
Train Loss: output=0.1743, reconstruction=0.9502
Epoch [56/400]
batch = 0 (Δ=0.247s, 100.00%)
Training throughput: 1 batches in 0.246s; word units 100.0% of 8 words (letters-only 100.0% of 8).
Train Loss: output=0.1749, reconstruction=0.0174
Epoch [57/400]
batch = 0 (Δ=0.249s, 100.00%)
Training throughput: 1 batches in 0.249s; word units 100.0% of 8 words (letters-only 100.0% of 8).
Train Loss: output=0.1743, reconstruction=0.9573
Epoch [58/400]
batch = 0 (Δ=0.250s, 100.00%)
Training throughput: 1 batches in 0.250s; word units 100.0% of 8 words (letters-only 100.0% of 8).
Train Loss: output=0.1743, reconstruction=0.9614
Epoch [59/400]
batch = 0 (Δ=0.248s, 100.00%)
Training throughput: 1 batches in 0.247s; word units 100.0% of 8 words (letters-only 100.0% of 8).
Train Loss: output=0.1740, reconstruction=0.6938
Epoch [60/400]
batch = 0 (Δ=0.248s, 100.00%)
Training throughput: 1 batches in 0.247s; word units 100.0% of 8 words (letters-only 100.0% of 8).
Train Loss: output=0.1752, reconstruction=0.2877
Epoch [61/400]
batch = 0 (Δ=0.252s, 100.00%)
Training throughput: 1 batches in 0.251s; word units 100.0% of 8 words (letters-only 100.0% of 8).
Train Loss: output=0.1743, reconstruction=0.9708
Epoch [62/400]
batch = 0 (Δ=0.246s, 100.00%)
Training throughput: 1 batches in 0.246s; word units 100.0% of 8 words (letters-only 100.0% of 8).
Train Loss: output=0.1743, reconstruction=0.9725
Epoch [63/400]
batch = 0 (Δ=0.249s, 100.00%)
Training throughput: 1 batches in 0.248s; word units 100.0% of 8 words (letters-only 100.0% of 8).
Train Loss: output=0.1743, reconstruction=0.9651
Epoch [64/400]
batch = 0 (Δ=0.251s, 100.00%)
Training throughput: 1 batches in 0.250s; word units 100.0% of 8 words (letters-only 100.0% of 8).
Train Loss: output=0.1755, reconstruction=0.0205
Epoch [65/400]
batch = 0 (Δ=0.249s, 100.00%)
Training throughput: 1 batches in 0.248s; word units 100.0% of 8 words (letters-only 100.0% of 8).
Train Loss: output=0.1750, reconstruction=0.0209
Epoch [66/400]
batch = 0 (Δ=0.247s, 100.00%)
Training throughput: 1 batches in 0.247s; word units 100.0% of 8 words (letters-only 100.0% of 8).
Train Loss: output=0.1750, reconstruction=0.0213
Epoch [67/400]
batch = 0 (Δ=0.249s, 100.00%)
Training throughput: 1 batches in 0.249s; word units 100.0% of 8 words (letters-only 100.0% of 8).
Train Loss: output=0.1752, reconstruction=0.2755
Epoch [68/400]
batch = 0 (Δ=0.248s, 100.00%)
Training throughput: 1 batches in 0.247s; word units 100.0% of 8 words (letters-only 100.0% of 8).
Train Loss: output=0.1742, reconstruction=0.9369
Epoch [69/400]
batch = 0 (Δ=0.248s, 100.00%)
Training throughput: 1 batches in 0.247s; word units 100.0% of 8 words (letters-only 100.0% of 8).
Train Loss: output=0.1752, reconstruction=0.2734
Epoch [70/400]
batch = 0 (Δ=0.256s, 100.00%)
Training throughput: 1 batches in 0.253s; word units 100.0% of 8 words (letters-only 100.0% of 8).
Train Loss: output=0.1740, reconstruction=0.6851
Epoch [71/400]
batch = 0 (Δ=0.248s, 100.00%)
Training throughput: 1 batches in 0.248s; word units 100.0% of 8 words (letters-only 100.0% of 8).
Train Loss: output=0.1757, reconstruction=0.2717
Epoch [72/400]
batch = 0 (Δ=0.252s, 100.00%)
Training throughput: 1 batches in 0.252s; word units 100.0% of 8 words (letters-only 100.0% of 8).
Train Loss: output=0.1751, reconstruction=0.0230
Epoch [73/400]
batch = 0 (Δ=0.254s, 100.00%)
Training throughput: 1 batches in 0.253s; word units 100.0% of 8 words (letters-only 100.0% of 8).
Train Loss: output=0.1757, reconstruction=0.2698
Epoch [74/400]
batch = 0 (Δ=0.250s, 100.00%)
Training throughput: 1 batches in 0.249s; word units 100.0% of 8 words (letters-only 100.0% of 8).
Train Loss: output=0.1757, reconstruction=0.2689
Epoch [75/400]
batch = 0 (Δ=0.248s, 100.00%)
Training throughput: 1 batches in 0.247s; word units 100.0% of 8 words (letters-only 100.0% of 8).
Train Loss: output=0.1741, reconstruction=0.9319
Epoch [76/400]
batch = 0 (Δ=0.253s, 100.00%)
Training throughput: 1 batches in 0.252s; word units 100.0% of 8 words (letters-only 100.0% of 8).
Train Loss: output=0.1752, reconstruction=0.2666
Epoch [77/400]
batch = 0 (Δ=0.247s, 100.00%)
Training throughput: 1 batches in 0.246s; word units 100.0% of 8 words (letters-only 100.0% of 8).
Train Loss: output=0.1741, reconstruction=0.9375
Epoch [78/400]
batch = 0 (Δ=0.252s, 100.00%)
Training throughput: 1 batches in 0.252s; word units 100.0% of 8 words (letters-only 100.0% of 8).
Train Loss: output=0.1756, reconstruction=0.0253
Epoch [79/400]
batch = 0 (Δ=0.249s, 100.00%)
Training throughput: 1 batches in 0.248s; word units 100.0% of 8 words (letters-only 100.0% of 8).
Train Loss: output=0.1741, reconstruction=0.9369
Epoch [80/400]
batch = 0 (Δ=0.250s, 100.00%)
Training throughput: 1 batches in 0.249s; word units 100.0% of 8 words (letters-only 100.0% of 8).
Train Loss: output=0.1741, reconstruction=0.9346
Epoch [81/400]
batch = 0 (Δ=0.247s, 100.00%)
Training throughput: 1 batches in 0.247s; word units 100.0% of 8 words (letters-only 100.0% of 8).
Train Loss: output=0.1751, reconstruction=0.0268
Epoch [82/400]
batch = 0 (Δ=0.251s, 100.00%)
Training throughput: 1 batches in 0.251s; word units 100.0% of 8 words (letters-only 100.0% of 8).
Train Loss: output=0.1752, reconstruction=0.2584
Epoch [83/400]
batch = 0 (Δ=0.250s, 100.00%)
Training throughput: 1 batches in 0.250s; word units 100.0% of 8 words (letters-only 100.0% of 8).
Train Loss: output=0.1741, reconstruction=0.9186
Epoch [84/400]
batch = 0 (Δ=0.722s, 100.00%)
Training throughput: 1 batches in 0.721s; word units 100.0% of 8 words (letters-only 100.0% of 8).
Train Loss: output=0.1755, reconstruction=0.2559
Epoch [85/400]
batch = 0 (Δ=0.250s, 100.00%)
Training throughput: 1 batches in 0.250s; word units 100.0% of 8 words (letters-only 100.0% of 8).
Train Loss: output=0.1740, reconstruction=0.9205
Epoch [86/400]
batch = 0 (Δ=0.251s, 100.00%)
Training throughput: 1 batches in 0.251s; word units 100.0% of 8 words (letters-only 100.0% of 8).
Train Loss: output=0.1740, reconstruction=0.9242
Epoch [87/400]
batch = 0 (Δ=0.258s, 100.00%)
Training throughput: 1 batches in 0.257s; word units 100.0% of 8 words (letters-only 100.0% of 8).
Train Loss: output=0.1740, reconstruction=0.9283
Epoch [88/400]
batch = 0 (Δ=0.251s, 100.00%)
Training throughput: 1 batches in 0.251s; word units 100.0% of 8 words (letters-only 100.0% of 8).
Train Loss: output=0.1755, reconstruction=0.2503
Epoch [89/400]
batch = 0 (Δ=0.253s, 100.00%)
Training throughput: 1 batches in 0.253s; word units 100.0% of 8 words (letters-only 100.0% of 8).
Train Loss: output=0.1740, reconstruction=0.9391
Epoch [90/400]
batch = 0 (Δ=0.246s, 100.00%)
Training throughput: 1 batches in 0.246s; word units 100.0% of 8 words (letters-only 100.0% of 8).
Train Loss: output=0.1755, reconstruction=0.0313
Epoch [91/400]
batch = 0 (Δ=0.249s, 100.00%)
Training throughput: 1 batches in 0.248s; word units 100.0% of 8 words (letters-only 100.0% of 8).
Train Loss: output=0.1740, reconstruction=0.7296
Epoch [92/400]
batch = 0 (Δ=0.251s, 100.00%)
Training throughput: 1 batches in 0.250s; word units 100.0% of 8 words (letters-only 100.0% of 8).
Train Loss: output=0.1739, reconstruction=0.9478
Epoch [93/400]
batch = 0 (Δ=0.249s, 100.00%)
Training throughput: 1 batches in 0.249s; word units 100.0% of 8 words (letters-only 100.0% of 8).
Train Loss: output=0.1739, reconstruction=0.9512
Epoch [94/400]
batch = 0 (Δ=0.250s, 100.00%)
Training throughput: 1 batches in 0.249s; word units 100.0% of 8 words (letters-only 100.0% of 8).
Train Loss: output=0.1750, reconstruction=0.2449
Epoch [95/400]
batch = 0 (Δ=0.248s, 100.00%)
Training throughput: 1 batches in 0.248s; word units 100.0% of 8 words (letters-only 100.0% of 8).
Train Loss: output=0.1753, reconstruction=0.2442
Epoch [96/400]
batch = 0 (Δ=0.250s, 100.00%)
Training throughput: 1 batches in 0.249s; word units 100.0% of 8 words (letters-only 100.0% of 8).
Train Loss: output=0.1750, reconstruction=0.2435
Epoch [97/400]
batch = 0 (Δ=0.253s, 100.00%)
Training throughput: 1 batches in 0.253s; word units 100.0% of 8 words (letters-only 100.0% of 8).
Train Loss: output=0.1739, reconstruction=0.9544
Epoch [98/400]
batch = 0 (Δ=0.252s, 100.00%)
Training throughput: 1 batches in 0.252s; word units 100.0% of 8 words (letters-only 100.0% of 8).
Train Loss: output=0.1740, reconstruction=0.7488
Epoch [99/400]
batch = 0 (Δ=0.250s, 100.00%)
Training throughput: 1 batches in 0.250s; word units 100.0% of 8 words (letters-only 100.0% of 8).
Train Loss: output=0.1738, reconstruction=0.9605
Epoch [100/400]
batch = 0 (Δ=0.249s, 100.00%)
Training throughput: 1 batches in 0.249s; word units 100.0% of 8 words (letters-only 100.0% of 8).
Train Loss: output=0.1749, reconstruction=0.2412
Epoch [101/400]
batch = 0 (Δ=0.245s, 100.00%)
Training throughput: 1 batches in 0.244s; word units 100.0% of 8 words (letters-only 100.0% of 8).
Train Loss: output=0.1741, reconstruction=0.7629
Epoch [102/400]
batch = 0 (Δ=0.250s, 100.00%)
Training throughput: 1 batches in 0.250s; word units 100.0% of 8 words (letters-only 100.0% of 8).
Train Loss: output=0.1749, reconstruction=0.2399
Epoch [103/400]
batch = 0 (Δ=0.249s, 100.00%)
Training throughput: 1 batches in 0.248s; word units 100.0% of 8 words (letters-only 100.0% of 8).
Train Loss: output=0.1749, reconstruction=0.2394
Epoch [104/400]
batch = 0 (Δ=0.250s, 100.00%)
Training throughput: 1 batches in 0.250s; word units 100.0% of 8 words (letters-only 100.0% of 8).
Train Loss: output=0.1753, reconstruction=0.2388
Epoch [105/400]
batch = 0 (Δ=0.251s, 100.00%)
Training throughput: 1 batches in 0.250s; word units 100.0% of 8 words (letters-only 100.0% of 8).
Train Loss: output=0.1753, reconstruction=0.2383
Epoch [106/400]
batch = 0 (Δ=0.246s, 100.00%)
Training throughput: 1 batches in 0.246s; word units 100.0% of 8 words (letters-only 100.0% of 8).
Train Loss: output=0.1739, reconstruction=0.9892
Epoch [107/400]
batch = 0 (Δ=0.249s, 100.00%)
Training throughput: 1 batches in 0.248s; word units 100.0% of 8 words (letters-only 100.0% of 8).
Train Loss: output=0.1739, reconstruction=0.9886
Epoch [108/400]
batch = 0 (Δ=0.247s, 100.00%)
Training throughput: 1 batches in 0.246s; word units 100.0% of 8 words (letters-only 100.0% of 8).
Train Loss: output=0.1749, reconstruction=0.2307
Epoch [109/400]
batch = 0 (Δ=0.248s, 100.00%)
Training throughput: 1 batches in 0.247s; word units 100.0% of 8 words (letters-only 100.0% of 8).
Train Loss: output=0.1739, reconstruction=0.9525
Epoch [110/400]
batch = 0 (Δ=0.250s, 100.00%)
Training throughput: 1 batches in 0.250s; word units 100.0% of 8 words (letters-only 100.0% of 8).
Train Loss: output=0.1752, reconstruction=0.2122
Epoch [111/400]
batch = 0 (Δ=0.247s, 100.00%)
Training throughput: 1 batches in 0.246s; word units 100.0% of 8 words (letters-only 100.0% of 8).
Train Loss: output=0.1742, reconstruction=0.7781
Epoch [112/400]
batch = 0 (Δ=0.247s, 100.00%)
Training throughput: 1 batches in 0.246s; word units 100.0% of 8 words (letters-only 100.0% of 8).
Train Loss: output=0.1738, reconstruction=0.9168
Epoch [113/400]
batch = 0 (Δ=0.248s, 100.00%)
Training throughput: 1 batches in 0.247s; word units 100.0% of 8 words (letters-only 100.0% of 8).
Train Loss: output=0.1749, reconstruction=0.1957
Epoch [114/400]
batch = 0 (Δ=0.246s, 100.00%)
Training throughput: 1 batches in 0.245s; word units 100.0% of 8 words (letters-only 100.0% of 8).
Train Loss: output=0.1751, reconstruction=0.1931
Epoch [115/400]
batch = 0 (Δ=0.248s, 100.00%)
Training throughput: 1 batches in 0.247s; word units 100.0% of 8 words (letters-only 100.0% of 8).
Train Loss: output=0.1738, reconstruction=0.9191
Epoch [116/400]
batch = 0 (Δ=0.244s, 100.00%)
Training throughput: 1 batches in 0.243s; word units 100.0% of 8 words (letters-only 100.0% of 8).
Train Loss: output=0.1750, reconstruction=0.1889
Epoch [117/400]
batch = 0 (Δ=0.247s, 100.00%)
Training throughput: 1 batches in 0.247s; word units 100.0% of 8 words (letters-only 100.0% of 8).
Train Loss: output=0.1747, reconstruction=0.9317
Epoch [118/400]
batch = 0 (Δ=0.247s, 100.00%)
Training throughput: 1 batches in 0.246s; word units 100.0% of 8 words (letters-only 100.0% of 8).
Train Loss: output=0.1747, reconstruction=0.9426
Epoch [119/400]
batch = 0 (Δ=0.246s, 100.00%)
Training throughput: 1 batches in 0.246s; word units 100.0% of 8 words (letters-only 100.0% of 8).
Train Loss: output=0.1746, reconstruction=0.9513
Epoch [120/400]
batch = 0 (Δ=0.247s, 100.00%)
Training throughput: 1 batches in 0.246s; word units 100.0% of 8 words (letters-only 100.0% of 8).
Train Loss: output=0.1746, reconstruction=0.9466
Epoch [121/400]
batch = 0 (Δ=0.250s, 100.00%)
Training throughput: 1 batches in 0.250s; word units 100.0% of 8 words (letters-only 100.0% of 8).
Train Loss: output=0.1740, reconstruction=0.9378
Epoch [122/400]
batch = 0 (Δ=0.248s, 100.00%)
Training throughput: 1 batches in 0.247s; word units 100.0% of 8 words (letters-only 100.0% of 8).
Train Loss: output=0.1750, reconstruction=0.1876
Epoch [123/400]
batch = 0 (Δ=0.248s, 100.00%)
Training throughput: 1 batches in 0.247s; word units 100.0% of 8 words (letters-only 100.0% of 8).
Train Loss: output=0.1751, reconstruction=0.1875
Epoch [124/400]
batch = 0 (Δ=0.249s, 100.00%)
Training throughput: 1 batches in 0.249s; word units 100.0% of 8 words (letters-only 100.0% of 8).
Train Loss: output=0.1751, reconstruction=0.1875
Epoch [125/400]
batch = 0 (Δ=0.245s, 100.00%)
Training throughput: 1 batches in 0.244s; word units 100.0% of 8 words (letters-only 100.0% of 8).
Train Loss: output=0.1751, reconstruction=0.1876
Epoch [126/400]
batch = 0 (Δ=0.248s, 100.00%)
Training throughput: 1 batches in 0.247s; word units 100.0% of 8 words (letters-only 100.0% of 8).
Train Loss: output=0.1752, reconstruction=0.1878
Epoch [127/400]
batch = 0 (Δ=0.248s, 100.00%)
Training throughput: 1 batches in 0.248s; word units 100.0% of 8 words (letters-only 100.0% of 8).
Train Loss: output=0.1752, reconstruction=0.1881
Epoch [128/400]
batch = 0 (Δ=0.249s, 100.00%)
Training throughput: 1 batches in 0.249s; word units 100.0% of 8 words (letters-only 100.0% of 8).
Train Loss: output=0.1753, reconstruction=0.1887
Epoch [129/400]
batch = 0 (Δ=0.250s, 100.00%)
Training throughput: 1 batches in 0.249s; word units 100.0% of 8 words (letters-only 100.0% of 8).
Train Loss: output=0.1753, reconstruction=0.1898
Epoch [130/400]
batch = 0 (Δ=0.249s, 100.00%)
Training throughput: 1 batches in 0.249s; word units 100.0% of 8 words (letters-only 100.0% of 8).
Train Loss: output=0.1754, reconstruction=0.1911
Epoch [131/400]
batch = 0 (Δ=0.252s, 100.00%)
Training throughput: 1 batches in 0.252s; word units 100.0% of 8 words (letters-only 100.0% of 8).
Train Loss: output=0.1754, reconstruction=0.1929
Epoch [132/400]
batch = 0 (Δ=0.250s, 100.00%)
Training throughput: 1 batches in 0.250s; word units 100.0% of 8 words (letters-only 100.0% of 8).
Train Loss: output=0.1755, reconstruction=0.1953
Epoch [133/400]
batch = 0 (Δ=0.246s, 100.00%)
Training throughput: 1 batches in 0.245s; word units 100.0% of 8 words (letters-only 100.0% of 8).
Train Loss: output=0.1759, reconstruction=0.1983
Epoch [134/400]
batch = 0 (Δ=0.250s, 100.00%)
Training throughput: 1 batches in 0.249s; word units 100.0% of 8 words (letters-only 100.0% of 8).
Train Loss: output=0.1755, reconstruction=0.2068
Epoch [135/400]
batch = 0 (Δ=0.250s, 100.00%)
Training throughput: 1 batches in 0.249s; word units 100.0% of 8 words (letters-only 100.0% of 8).
Train Loss: output=0.1755, reconstruction=0.2162
Epoch [136/400]
batch = 0 (Δ=0.249s, 100.00%)
Training throughput: 1 batches in 0.248s; word units 100.0% of 8 words (letters-only 100.0% of 8).
Train Loss: output=0.1757, reconstruction=0.2251
Epoch [137/400]
batch = 0 (Δ=0.250s, 100.00%)
Training throughput: 1 batches in 0.249s; word units 100.0% of 8 words (letters-only 100.0% of 8).
Train Loss: output=0.1759, reconstruction=0.2354
Epoch [138/400]
batch = 0 (Δ=0.249s, 100.00%)
Training throughput: 1 batches in 0.249s; word units 100.0% of 8 words (letters-only 100.0% of 8).
Train Loss: output=0.1758, reconstruction=0.2459
Epoch [139/400]
batch = 0 (Δ=0.251s, 100.00%)
Training throughput: 1 batches in 0.250s; word units 100.0% of 8 words (letters-only 100.0% of 8).
Train Loss: output=0.1758, reconstruction=0.2557
Epoch [140/400]
batch = 0 (Δ=0.249s, 100.00%)
Training throughput: 1 batches in 0.248s; word units 100.0% of 8 words (letters-only 100.0% of 8).
Train Loss: output=0.1755, reconstruction=0.3275
Epoch [141/400]
batch = 0 (Δ=0.248s, 100.00%)
Training throughput: 1 batches in 0.247s; word units 100.0% of 8 words (letters-only 100.0% of 8).
Train Loss: output=0.1755, reconstruction=0.3332
Epoch [142/400]
batch = 0 (Δ=0.250s, 100.00%)
Training throughput: 1 batches in 0.249s; word units 100.0% of 8 words (letters-only 100.0% of 8).
Train Loss: output=0.1755, reconstruction=0.3404
Epoch [143/400]
batch = 0 (Δ=0.248s, 100.00%)
Training throughput: 1 batches in 0.248s; word units 100.0% of 8 words (letters-only 100.0% of 8).
Train Loss: output=0.1756, reconstruction=0.3487
Epoch [144/400]
batch = 0 (Δ=0.247s, 100.00%)
Training throughput: 1 batches in 0.246s; word units 100.0% of 8 words (letters-only 100.0% of 8).
Train Loss: output=0.1756, reconstruction=0.3580
Epoch [145/400]
batch = 0 (Δ=0.249s, 100.00%)
Training throughput: 1 batches in 0.249s; word units 100.0% of 8 words (letters-only 100.0% of 8).
Train Loss: output=0.1756, reconstruction=0.3682
Epoch [146/400]
batch = 0 (Δ=0.247s, 100.00%)
Training throughput: 1 batches in 0.247s; word units 100.0% of 8 words (letters-only 100.0% of 8).
Train Loss: output=0.1756, reconstruction=0.3788
Epoch [147/400]
batch = 0 (Δ=0.247s, 100.00%)
Training throughput: 1 batches in 0.246s; word units 100.0% of 8 words (letters-only 100.0% of 8).
Train Loss: output=0.1757, reconstruction=0.1653
Epoch [148/400]
batch = 0 (Δ=0.251s, 100.00%)
Training throughput: 1 batches in 0.250s; word units 100.0% of 8 words (letters-only 100.0% of 8).
Train Loss: output=0.1760, reconstruction=0.0994
Epoch [149/400]
batch = 0 (Δ=0.246s, 100.00%)
Training throughput: 1 batches in 0.245s; word units 100.0% of 8 words (letters-only 100.0% of 8).
Train Loss: output=0.1758, reconstruction=0.4142
Epoch [150/400]
batch = 0 (Δ=0.250s, 100.00%)
Training throughput: 1 batches in 0.249s; word units 100.0% of 8 words (letters-only 100.0% of 8).
Train Loss: output=0.1759, reconstruction=0.4289
Epoch [151/400]
batch = 0 (Δ=0.246s, 100.00%)
Training throughput: 1 batches in 0.246s; word units 100.0% of 8 words (letters-only 100.0% of 8).
Train Loss: output=0.1759, reconstruction=0.0825
Epoch [152/400]
batch = 0 (Δ=0.245s, 100.00%)
Training throughput: 1 batches in 0.245s; word units 100.0% of 8 words (letters-only 100.0% of 8).
Train Loss: output=0.1759, reconstruction=0.0772
Epoch [153/400]
batch = 0 (Δ=0.248s, 100.00%)
Training throughput: 1 batches in 0.247s; word units 100.0% of 8 words (letters-only 100.0% of 8).
Train Loss: output=0.1760, reconstruction=0.3859
Epoch [154/400]
batch = 0 (Δ=0.250s, 100.00%)
Training throughput: 1 batches in 0.250s; word units 100.0% of 8 words (letters-only 100.0% of 8).
Train Loss: output=0.1760, reconstruction=0.3954
Epoch [155/400]
batch = 0 (Δ=0.248s, 100.00%)
Training throughput: 1 batches in 0.247s; word units 100.0% of 8 words (letters-only 100.0% of 8).
Train Loss: output=0.1760, reconstruction=0.4051
Epoch [156/400]
batch = 0 (Δ=0.247s, 100.00%)
Training throughput: 1 batches in 0.247s; word units 100.0% of 8 words (letters-only 100.0% of 8).
Train Loss: output=0.1760, reconstruction=0.4149
Epoch [157/400]
batch = 0 (Δ=0.247s, 100.00%)
Training throughput: 1 batches in 0.246s; word units 100.0% of 8 words (letters-only 100.0% of 8).
Train Loss: output=0.1760, reconstruction=0.4248
Epoch [158/400]
batch = 0 (Δ=0.243s, 100.00%)
Training throughput: 1 batches in 0.243s; word units 100.0% of 8 words (letters-only 100.0% of 8).
Train Loss: output=0.1760, reconstruction=0.4341
Epoch [159/400]
batch = 0 (Δ=0.246s, 100.00%)
Training throughput: 1 batches in 0.245s; word units 100.0% of 8 words (letters-only 100.0% of 8).
Train Loss: output=0.1761, reconstruction=0.4431
Epoch [160/400]
batch = 0 (Δ=0.247s, 100.00%)
Training throughput: 1 batches in 0.246s; word units 100.0% of 8 words (letters-only 100.0% of 8).
Train Loss: output=0.1761, reconstruction=0.4519
Epoch [161/400]
batch = 0 (Δ=0.243s, 100.00%)
Training throughput: 1 batches in 0.242s; word units 100.0% of 8 words (letters-only 100.0% of 8).
Train Loss: output=0.1761, reconstruction=0.4605
Epoch [162/400]
batch = 0 (Δ=0.247s, 100.00%)
Training throughput: 1 batches in 0.247s; word units 100.0% of 8 words (letters-only 100.0% of 8).
Train Loss: output=0.1761, reconstruction=0.4695
Epoch [163/400]
batch = 0 (Δ=0.246s, 100.00%)
Training throughput: 1 batches in 0.246s; word units 100.0% of 8 words (letters-only 100.0% of 8).
Train Loss: output=0.1761, reconstruction=0.4785
Epoch [164/400]
batch = 0 (Δ=0.249s, 100.00%)
Training throughput: 1 batches in 0.248s; word units 100.0% of 8 words (letters-only 100.0% of 8).
Train Loss: output=0.1761, reconstruction=0.4874
Epoch [165/400]
batch = 0 (Δ=0.249s, 100.00%)
Training throughput: 1 batches in 0.248s; word units 100.0% of 8 words (letters-only 100.0% of 8).
Train Loss: output=0.1761, reconstruction=0.4961
Epoch [166/400]
batch = 0 (Δ=0.246s, 100.00%)
Training throughput: 1 batches in 0.245s; word units 100.0% of 8 words (letters-only 100.0% of 8).
Train Loss: output=0.1761, reconstruction=0.0350
Epoch [167/400]
batch = 0 (Δ=0.724s, 100.00%)
Training throughput: 1 batches in 0.723s; word units 100.0% of 8 words (letters-only 100.0% of 8).
Train Loss: output=0.1762, reconstruction=0.5140
Epoch [168/400]
batch = 0 (Δ=0.244s, 100.00%)
Training throughput: 1 batches in 0.243s; word units 100.0% of 8 words (letters-only 100.0% of 8).
Train Loss: output=0.1761, reconstruction=0.2074
Epoch [169/400]
batch = 0 (Δ=0.249s, 100.00%)
Training throughput: 1 batches in 0.248s; word units 100.0% of 8 words (letters-only 100.0% of 8).
Train Loss: output=0.1761, reconstruction=0.7419
Epoch [170/400]
batch = 0 (Δ=0.257s, 100.00%)
Training throughput: 1 batches in 0.257s; word units 100.0% of 8 words (letters-only 100.0% of 8).
Train Loss: output=0.1761, reconstruction=0.5802
Epoch [171/400]
batch = 0 (Δ=0.248s, 100.00%)
Training throughput: 1 batches in 0.248s; word units 100.0% of 8 words (letters-only 100.0% of 8).
Train Loss: output=0.1762, reconstruction=0.6041
Epoch [172/400]
batch = 0 (Δ=0.254s, 100.00%)
Training throughput: 1 batches in 0.253s; word units 100.0% of 8 words (letters-only 100.0% of 8).
Train Loss: output=0.1762, reconstruction=0.0215
Epoch [173/400]
batch = 0 (Δ=0.251s, 100.00%)
Training throughput: 1 batches in 0.251s; word units 100.0% of 8 words (letters-only 100.0% of 8).
Train Loss: output=0.1762, reconstruction=0.6424
Epoch [174/400]
batch = 0 (Δ=0.248s, 100.00%)
Training throughput: 1 batches in 0.248s; word units 100.0% of 8 words (letters-only 100.0% of 8).
Train Loss: output=0.1762, reconstruction=0.6571
Epoch [175/400]
batch = 0 (Δ=0.252s, 100.00%)
Training throughput: 1 batches in 0.252s; word units 100.0% of 8 words (letters-only 100.0% of 8).
Train Loss: output=0.1762, reconstruction=0.6695
Epoch [176/400]
batch = 0 (Δ=0.247s, 100.00%)
Training throughput: 1 batches in 0.247s; word units 100.0% of 8 words (letters-only 100.0% of 8).
Train Loss: output=0.1762, reconstruction=0.6775
Epoch [177/400]
batch = 0 (Δ=0.247s, 100.00%)
Training throughput: 1 batches in 0.246s; word units 100.0% of 8 words (letters-only 100.0% of 8).
Train Loss: output=0.1762, reconstruction=0.0177
Epoch [178/400]
batch = 0 (Δ=0.250s, 100.00%)
Training throughput: 1 batches in 0.249s; word units 100.0% of 8 words (letters-only 100.0% of 8).
Train Loss: output=0.1762, reconstruction=0.0174
Epoch [179/400]
batch = 0 (Δ=0.249s, 100.00%)
Training throughput: 1 batches in 0.249s; word units 100.0% of 8 words (letters-only 100.0% of 8).
Train Loss: output=0.1762, reconstruction=0.6891
Epoch [180/400]
batch = 0 (Δ=0.249s, 100.00%)
Training throughput: 1 batches in 0.249s; word units 100.0% of 8 words (letters-only 100.0% of 8).
Train Loss: output=0.1762, reconstruction=0.0168
Epoch [181/400]
batch = 0 (Δ=0.249s, 100.00%)
Training throughput: 1 batches in 0.249s; word units 100.0% of 8 words (letters-only 100.0% of 8).
Train Loss: output=0.1762, reconstruction=0.6986
Epoch [182/400]
batch = 0 (Δ=0.245s, 100.00%)
Training throughput: 1 batches in 0.245s; word units 100.0% of 8 words (letters-only 100.0% of 8).
Train Loss: output=0.1762, reconstruction=0.0195
Epoch [183/400]
batch = 0 (Δ=0.248s, 100.00%)
Training throughput: 1 batches in 0.247s; word units 100.0% of 8 words (letters-only 100.0% of 8).
Train Loss: output=0.1761, reconstruction=0.0211
Epoch [184/400]
batch = 0 (Δ=0.245s, 100.00%)
Training throughput: 1 batches in 0.245s; word units 100.0% of 8 words (letters-only 100.0% of 8).
Train Loss: output=0.1761, reconstruction=0.7230
Epoch [185/400]
batch = 0 (Δ=0.248s, 100.00%)
Training throughput: 1 batches in 0.247s; word units 100.0% of 8 words (letters-only 100.0% of 8).
Train Loss: output=0.1760, reconstruction=0.7282
Epoch [186/400]
batch = 0 (Δ=0.247s, 100.00%)
Training throughput: 1 batches in 0.246s; word units 100.0% of 8 words (letters-only 100.0% of 8).
Train Loss: output=0.1760, reconstruction=0.0244
Epoch [187/400]
batch = 0 (Δ=0.249s, 100.00%)
Training throughput: 1 batches in 0.248s; word units 100.0% of 8 words (letters-only 100.0% of 8).
Train Loss: output=0.1760, reconstruction=0.7355
Epoch [188/400]
batch = 0 (Δ=0.249s, 100.00%)
Training throughput: 1 batches in 0.249s; word units 100.0% of 8 words (letters-only 100.0% of 8).
Train Loss: output=0.1759, reconstruction=0.7385
Epoch [189/400]
batch = 0 (Δ=0.247s, 100.00%)
Training throughput: 1 batches in 0.247s; word units 100.0% of 8 words (letters-only 100.0% of 8).
Train Loss: output=0.1760, reconstruction=0.0253
Epoch [190/400]
batch = 0 (Δ=0.248s, 100.00%)
Training throughput: 1 batches in 0.247s; word units 100.0% of 8 words (letters-only 100.0% of 8).
Train Loss: output=0.1759, reconstruction=0.7424
Epoch [191/400]
batch = 0 (Δ=0.245s, 100.00%)
Training throughput: 1 batches in 0.245s; word units 100.0% of 8 words (letters-only 100.0% of 8).
Train Loss: output=0.1759, reconstruction=0.7439
Epoch [192/400]
batch = 0 (Δ=0.247s, 100.00%)
Training throughput: 1 batches in 0.247s; word units 100.0% of 8 words (letters-only 100.0% of 8).
Train Loss: output=0.1759, reconstruction=0.0223
Epoch [193/400]
batch = 0 (Δ=0.245s, 100.00%)
Training throughput: 1 batches in 0.244s; word units 100.0% of 8 words (letters-only 100.0% of 8).
Train Loss: output=0.1759, reconstruction=0.7468
Epoch [194/400]
batch = 0 (Δ=0.247s, 100.00%)
Training throughput: 1 batches in 0.247s; word units 100.0% of 8 words (letters-only 100.0% of 8).
Train Loss: output=0.1758, reconstruction=0.7473
Epoch [195/400]
batch = 0 (Δ=0.247s, 100.00%)
Training throughput: 1 batches in 0.247s; word units 100.0% of 8 words (letters-only 100.0% of 8).
Train Loss: output=0.1758, reconstruction=0.7466
Epoch [196/400]
batch = 0 (Δ=0.248s, 100.00%)
Training throughput: 1 batches in 0.247s; word units 100.0% of 8 words (letters-only 100.0% of 8).
Train Loss: output=0.1758, reconstruction=0.7463
Epoch [197/400]
batch = 0 (Δ=0.251s, 100.00%)
Training throughput: 1 batches in 0.250s; word units 100.0% of 8 words (letters-only 100.0% of 8).
Train Loss: output=0.1757, reconstruction=0.7470
Epoch [198/400]
batch = 0 (Δ=0.248s, 100.00%)
Training throughput: 1 batches in 0.248s; word units 100.0% of 8 words (letters-only 100.0% of 8).
Train Loss: output=0.1757, reconstruction=0.7482
Epoch [199/400]
batch = 0 (Δ=0.248s, 100.00%)
Training throughput: 1 batches in 0.247s; word units 100.0% of 8 words (letters-only 100.0% of 8).
Train Loss: output=0.1757, reconstruction=0.0172
Epoch [200/400]
batch = 0 (Δ=0.248s, 100.00%)
Training throughput: 1 batches in 0.248s; word units 100.0% of 8 words (letters-only 100.0% of 8).
Train Loss: output=0.1757, reconstruction=0.7545
Epoch [201/400]
batch = 0 (Δ=0.249s, 100.00%)
Training throughput: 1 batches in 0.248s; word units 100.0% of 8 words (letters-only 100.0% of 8).
Train Loss: output=0.1757, reconstruction=0.7584
Epoch [202/400]
batch = 0 (Δ=0.250s, 100.00%)
Training throughput: 1 batches in 0.249s; word units 100.0% of 8 words (letters-only 100.0% of 8).
Train Loss: output=0.1757, reconstruction=0.7621
Epoch [203/400]
batch = 0 (Δ=0.246s, 100.00%)
Training throughput: 1 batches in 0.245s; word units 100.0% of 8 words (letters-only 100.0% of 8).
Train Loss: output=0.1757, reconstruction=0.7656
Epoch [204/400]
batch = 0 (Δ=0.249s, 100.00%)
Training throughput: 1 batches in 0.249s; word units 100.0% of 8 words (letters-only 100.0% of 8).
Train Loss: output=0.1758, reconstruction=0.0103
Epoch [205/400]
batch = 0 (Δ=0.251s, 100.00%)
Training throughput: 1 batches in 0.250s; word units 100.0% of 8 words (letters-only 100.0% of 8).
Train Loss: output=0.1757, reconstruction=0.7724
Epoch [206/400]
batch = 0 (Δ=0.249s, 100.00%)
Training throughput: 1 batches in 0.248s; word units 100.0% of 8 words (letters-only 100.0% of 8).
Train Loss: output=0.1758, reconstruction=0.0094
Epoch [207/400]
batch = 0 (Δ=0.247s, 100.00%)
Training throughput: 1 batches in 0.246s; word units 100.0% of 8 words (letters-only 100.0% of 8).
Train Loss: output=0.1757, reconstruction=0.7821
Epoch [208/400]
batch = 0 (Δ=0.248s, 100.00%)
Training throughput: 1 batches in 0.247s; word units 100.0% of 8 words (letters-only 100.0% of 8).
Train Loss: output=0.1757, reconstruction=0.7869
Epoch [209/400]
batch = 0 (Δ=0.249s, 100.00%)
Training throughput: 1 batches in 0.249s; word units 100.0% of 8 words (letters-only 100.0% of 8).
Train Loss: output=0.1757, reconstruction=0.7915
Epoch [210/400]
batch = 0 (Δ=0.248s, 100.00%)
Training throughput: 1 batches in 0.247s; word units 100.0% of 8 words (letters-only 100.0% of 8).
Train Loss: output=0.1757, reconstruction=0.7956
Epoch [211/400]
batch = 0 (Δ=0.249s, 100.00%)
Training throughput: 1 batches in 0.248s; word units 100.0% of 8 words (letters-only 100.0% of 8).
Train Loss: output=0.1756, reconstruction=0.7992
Epoch [212/400]
batch = 0 (Δ=0.246s, 100.00%)
Training throughput: 1 batches in 0.246s; word units 100.0% of 8 words (letters-only 100.0% of 8).
Train Loss: output=0.1757, reconstruction=0.0184
Epoch [213/400]
batch = 0 (Δ=0.247s, 100.00%)
Training throughput: 1 batches in 0.247s; word units 100.0% of 8 words (letters-only 100.0% of 8).
Train Loss: output=0.1756, reconstruction=0.8054
Epoch [214/400]
batch = 0 (Δ=0.251s, 100.00%)
Training throughput: 1 batches in 0.250s; word units 100.0% of 8 words (letters-only 100.0% of 8).
Train Loss: output=0.1756, reconstruction=0.8083
Epoch [215/400]
batch = 0 (Δ=0.249s, 100.00%)
Training throughput: 1 batches in 0.249s; word units 100.0% of 8 words (letters-only 100.0% of 8).
Train Loss: output=0.1756, reconstruction=0.8111
Epoch [216/400]
batch = 0 (Δ=0.252s, 100.00%)
Training throughput: 1 batches in 0.251s; word units 100.0% of 8 words (letters-only 100.0% of 8).
Train Loss: output=0.1757, reconstruction=0.0194
Epoch [217/400]
batch = 0 (Δ=0.250s, 100.00%)
Training throughput: 1 batches in 0.250s; word units 100.0% of 8 words (letters-only 100.0% of 8).
Train Loss: output=0.1756, reconstruction=0.0191
Epoch [218/400]
batch = 0 (Δ=0.250s, 100.00%)
Training throughput: 1 batches in 0.249s; word units 100.0% of 8 words (letters-only 100.0% of 8).
Train Loss: output=0.1755, reconstruction=0.8164
Epoch [219/400]
batch = 0 (Δ=0.249s, 100.00%)
Training throughput: 1 batches in 0.248s; word units 100.0% of 8 words (letters-only 100.0% of 8).
Train Loss: output=0.1756, reconstruction=0.0180
Epoch [220/400]
batch = 0 (Δ=0.250s, 100.00%)
Training throughput: 1 batches in 0.249s; word units 100.0% of 8 words (letters-only 100.0% of 8).
Train Loss: output=0.1756, reconstruction=0.0171
Epoch [221/400]
batch = 0 (Δ=0.249s, 100.00%)
Training throughput: 1 batches in 0.248s; word units 100.0% of 8 words (letters-only 100.0% of 8).
Train Loss: output=0.1755, reconstruction=0.8181
Epoch [222/400]
batch = 0 (Δ=0.247s, 100.00%)
Training throughput: 1 batches in 0.247s; word units 100.0% of 8 words (letters-only 100.0% of 8).
Train Loss: output=0.1755, reconstruction=0.8188
Epoch [223/400]
batch = 0 (Δ=0.251s, 100.00%)
Training throughput: 1 batches in 0.250s; word units 100.0% of 8 words (letters-only 100.0% of 8).
Train Loss: output=0.1755, reconstruction=0.0143
Epoch [224/400]
batch = 0 (Δ=0.248s, 100.00%)
Training throughput: 1 batches in 0.247s; word units 100.0% of 8 words (letters-only 100.0% of 8).
Train Loss: output=0.1754, reconstruction=0.8211
Epoch [225/400]
batch = 0 (Δ=0.246s, 100.00%)
Training throughput: 1 batches in 0.246s; word units 100.0% of 8 words (letters-only 100.0% of 8).
Train Loss: output=0.1755, reconstruction=0.0130
Epoch [226/400]
batch = 0 (Δ=0.251s, 100.00%)
Training throughput: 1 batches in 0.251s; word units 100.0% of 8 words (letters-only 100.0% of 8).
Train Loss: output=0.1755, reconstruction=0.0136
Epoch [227/400]
batch = 0 (Δ=0.253s, 100.00%)
Training throughput: 1 batches in 0.252s; word units 100.0% of 8 words (letters-only 100.0% of 8).
Train Loss: output=0.1754, reconstruction=0.8268
Epoch [228/400]
batch = 0 (Δ=0.252s, 100.00%)
Training throughput: 1 batches in 0.251s; word units 100.0% of 8 words (letters-only 100.0% of 8).
Train Loss: output=0.1754, reconstruction=0.8279
Epoch [229/400]
batch = 0 (Δ=0.251s, 100.00%)
Training throughput: 1 batches in 0.251s; word units 100.0% of 8 words (letters-only 100.0% of 8).
Train Loss: output=0.1754, reconstruction=0.8284
Epoch [230/400]
batch = 0 (Δ=0.245s, 100.00%)
Training throughput: 1 batches in 0.244s; word units 100.0% of 8 words (letters-only 100.0% of 8).
Train Loss: output=0.1755, reconstruction=0.0159
Epoch [231/400]
batch = 0 (Δ=0.247s, 100.00%)
Training throughput: 1 batches in 0.247s; word units 100.0% of 8 words (letters-only 100.0% of 8).
Train Loss: output=0.1755, reconstruction=0.0156
Epoch [232/400]
batch = 0 (Δ=0.247s, 100.00%)
Training throughput: 1 batches in 0.247s; word units 100.0% of 8 words (letters-only 100.0% of 8).
Train Loss: output=0.1755, reconstruction=0.8290
Epoch [233/400]
batch = 0 (Δ=0.249s, 100.00%)
Training throughput: 1 batches in 0.248s; word units 100.0% of 8 words (letters-only 100.0% of 8).
Train Loss: output=0.1755, reconstruction=0.8293
Epoch [234/400]
batch = 0 (Δ=0.249s, 100.00%)
Training throughput: 1 batches in 0.249s; word units 100.0% of 8 words (letters-only 100.0% of 8).
Train Loss: output=0.1754, reconstruction=0.8300
Epoch [235/400]
batch = 0 (Δ=0.250s, 100.00%)
Training throughput: 1 batches in 0.249s; word units 100.0% of 8 words (letters-only 100.0% of 8).
Train Loss: output=0.1754, reconstruction=0.8309
Epoch [236/400]
batch = 0 (Δ=0.242s, 100.00%)
Training throughput: 1 batches in 0.242s; word units 100.0% of 8 words (letters-only 100.0% of 8).
Train Loss: output=0.1755, reconstruction=0.0138
Epoch [237/400]
batch = 0 (Δ=0.247s, 100.00%)
Training throughput: 1 batches in 0.246s; word units 100.0% of 8 words (letters-only 100.0% of 8).
Train Loss: output=0.1754, reconstruction=0.8328
Epoch [238/400]
batch = 0 (Δ=0.249s, 100.00%)
Training throughput: 1 batches in 0.249s; word units 100.0% of 8 words (letters-only 100.0% of 8).
Train Loss: output=0.1754, reconstruction=0.8339
Epoch [239/400]
batch = 0 (Δ=0.247s, 100.00%)
Training throughput: 1 batches in 0.247s; word units 100.0% of 8 words (letters-only 100.0% of 8).
Train Loss: output=0.1755, reconstruction=0.0129
Epoch [240/400]
batch = 0 (Δ=0.248s, 100.00%)
Training throughput: 1 batches in 0.248s; word units 100.0% of 8 words (letters-only 100.0% of 8).
Train Loss: output=0.1754, reconstruction=0.8361
Epoch [241/400]
batch = 0 (Δ=0.248s, 100.00%)
Training throughput: 1 batches in 0.248s; word units 100.0% of 8 words (letters-only 100.0% of 8).
Train Loss: output=0.1754, reconstruction=0.8373
Epoch [242/400]
batch = 0 (Δ=0.250s, 100.00%)
Training throughput: 1 batches in 0.250s; word units 100.0% of 8 words (letters-only 100.0% of 8).
Train Loss: output=0.1753, reconstruction=0.8384
Epoch [243/400]
batch = 0 (Δ=0.253s, 100.00%)
Training throughput: 1 batches in 0.252s; word units 100.0% of 8 words (letters-only 100.0% of 8).
Train Loss: output=0.1753, reconstruction=0.8395
Epoch [244/400]
batch = 0 (Δ=0.250s, 100.00%)
Training throughput: 1 batches in 0.249s; word units 100.0% of 8 words (letters-only 100.0% of 8).
Train Loss: output=0.1753, reconstruction=0.8405
Epoch [245/400]
batch = 0 (Δ=0.249s, 100.00%)
Training throughput: 1 batches in 0.248s; word units 100.0% of 8 words (letters-only 100.0% of 8).
Train Loss: output=0.1753, reconstruction=0.8416
Epoch [246/400]
batch = 0 (Δ=0.639s, 100.00%)
Training throughput: 1 batches in 0.639s; word units 100.0% of 8 words (letters-only 100.0% of 8).
Train Loss: output=0.1753, reconstruction=0.8451
Epoch [247/400]
batch = 0 (Δ=0.250s, 100.00%)
Training throughput: 1 batches in 0.249s; word units 100.0% of 8 words (letters-only 100.0% of 8).
Train Loss: output=0.1753, reconstruction=0.8502
Epoch [248/400]
batch = 0 (Δ=0.252s, 100.00%)
Training throughput: 1 batches in 0.252s; word units 100.0% of 8 words (letters-only 100.0% of 8).
Train Loss: output=0.1753, reconstruction=0.8547
Epoch [249/400]
batch = 0 (Δ=0.247s, 100.00%)
Training throughput: 1 batches in 0.247s; word units 100.0% of 8 words (letters-only 100.0% of 8).
Train Loss: output=0.1753, reconstruction=0.8587
Epoch [250/400]
batch = 0 (Δ=0.247s, 100.00%)
Training throughput: 1 batches in 0.247s; word units 100.0% of 8 words (letters-only 100.0% of 8).
Train Loss: output=0.1754, reconstruction=0.0169
Epoch [251/400]
batch = 0 (Δ=0.256s, 100.00%)
Training throughput: 1 batches in 0.256s; word units 100.0% of 8 words (letters-only 100.0% of 8).
Train Loss: output=0.1753, reconstruction=0.8641
Epoch [252/400]
batch = 0 (Δ=0.250s, 100.00%)
Training throughput: 1 batches in 0.249s; word units 100.0% of 8 words (letters-only 100.0% of 8).
Train Loss: output=0.1754, reconstruction=0.0167
Epoch [253/400]
batch = 0 (Δ=0.248s, 100.00%)
Training throughput: 1 batches in 0.248s; word units 100.0% of 8 words (letters-only 100.0% of 8).
Train Loss: output=0.1753, reconstruction=0.8673
Epoch [254/400]
batch = 0 (Δ=0.249s, 100.00%)
Training throughput: 1 batches in 0.249s; word units 100.0% of 8 words (letters-only 100.0% of 8).
Train Loss: output=0.1753, reconstruction=0.8683
Epoch [255/400]
batch = 0 (Δ=0.247s, 100.00%)
Training throughput: 1 batches in 0.246s; word units 100.0% of 8 words (letters-only 100.0% of 8).
Train Loss: output=0.1753, reconstruction=0.8691
Epoch [256/400]
batch = 0 (Δ=0.246s, 100.00%)
Training throughput: 1 batches in 0.245s; word units 100.0% of 8 words (letters-only 100.0% of 8).
Train Loss: output=0.1754, reconstruction=0.0145
Epoch [257/400]
batch = 0 (Δ=0.247s, 100.00%)
Training throughput: 1 batches in 0.247s; word units 100.0% of 8 words (letters-only 100.0% of 8).
Train Loss: output=0.1753, reconstruction=0.8703
Epoch [258/400]
batch = 0 (Δ=0.247s, 100.00%)
Training throughput: 1 batches in 0.246s; word units 100.0% of 8 words (letters-only 100.0% of 8).
Train Loss: output=0.1753, reconstruction=0.0131
Epoch [259/400]
batch = 0 (Δ=0.242s, 100.00%)
Training throughput: 1 batches in 0.241s; word units 100.0% of 8 words (letters-only 100.0% of 8).
Train Loss: output=0.1753, reconstruction=0.0125
Epoch [260/400]
batch = 0 (Δ=0.248s, 100.00%)
Training throughput: 1 batches in 0.247s; word units 100.0% of 8 words (letters-only 100.0% of 8).
Train Loss: output=0.1753, reconstruction=0.8723
Epoch [261/400]
batch = 0 (Δ=0.248s, 100.00%)
Training throughput: 1 batches in 0.247s; word units 100.0% of 8 words (letters-only 100.0% of 8).
Train Loss: output=0.1752, reconstruction=0.8729
Epoch [262/400]
batch = 0 (Δ=0.247s, 100.00%)
Training throughput: 1 batches in 0.246s; word units 100.0% of 8 words (letters-only 100.0% of 8).
Train Loss: output=0.1752, reconstruction=0.8734
Epoch [263/400]
batch = 0 (Δ=0.244s, 100.00%)
Training throughput: 1 batches in 0.243s; word units 100.0% of 8 words (letters-only 100.0% of 8).
Train Loss: output=0.1752, reconstruction=0.8761
Epoch [264/400]
batch = 0 (Δ=0.245s, 100.00%)
Training throughput: 1 batches in 0.244s; word units 100.0% of 8 words (letters-only 100.0% of 8).
Train Loss: output=0.1752, reconstruction=0.8806
Epoch [265/400]
batch = 0 (Δ=0.246s, 100.00%)
Training throughput: 1 batches in 0.245s; word units 100.0% of 8 words (letters-only 100.0% of 8).
Train Loss: output=0.1752, reconstruction=0.8847
Epoch [266/400]
batch = 0 (Δ=0.245s, 100.00%)
Training throughput: 1 batches in 0.245s; word units 100.0% of 8 words (letters-only 100.0% of 8).
Train Loss: output=0.1755, reconstruction=0.8882
Epoch [267/400]
batch = 0 (Δ=0.245s, 100.00%)
Training throughput: 1 batches in 0.244s; word units 100.0% of 8 words (letters-only 100.0% of 8).
Train Loss: output=0.1755, reconstruction=0.0180
Epoch [268/400]
batch = 0 (Δ=0.247s, 100.00%)
Training throughput: 1 batches in 0.247s; word units 100.0% of 8 words (letters-only 100.0% of 8).
Train Loss: output=0.1754, reconstruction=0.8938
Epoch [269/400]
batch = 0 (Δ=0.245s, 100.00%)
Training throughput: 1 batches in 0.245s; word units 100.0% of 8 words (letters-only 100.0% of 8).
Train Loss: output=0.1754, reconstruction=0.8959
Epoch [270/400]
batch = 0 (Δ=0.245s, 100.00%)
Training throughput: 1 batches in 0.244s; word units 100.0% of 8 words (letters-only 100.0% of 8).
Train Loss: output=0.1754, reconstruction=0.8976
Epoch [271/400]
batch = 0 (Δ=0.244s, 100.00%)
Training throughput: 1 batches in 0.244s; word units 100.0% of 8 words (letters-only 100.0% of 8).
Train Loss: output=0.1754, reconstruction=0.8987
Epoch [272/400]
batch = 0 (Δ=0.245s, 100.00%)
Training throughput: 1 batches in 0.244s; word units 100.0% of 8 words (letters-only 100.0% of 8).
Train Loss: output=0.1755, reconstruction=0.0188
Epoch [273/400]
batch = 0 (Δ=0.247s, 100.00%)
Training throughput: 1 batches in 0.246s; word units 100.0% of 8 words (letters-only 100.0% of 8).
Train Loss: output=0.1754, reconstruction=0.8995
Epoch [274/400]
batch = 0 (Δ=0.245s, 100.00%)
Training throughput: 1 batches in 0.245s; word units 100.0% of 8 words (letters-only 100.0% of 8).
Train Loss: output=0.1755, reconstruction=0.0175
Epoch [275/400]
batch = 0 (Δ=0.248s, 100.00%)
Training throughput: 1 batches in 0.247s; word units 100.0% of 8 words (letters-only 100.0% of 8).
Train Loss: output=0.1754, reconstruction=0.8995
Epoch [276/400]
batch = 0 (Δ=0.248s, 100.00%)
Training throughput: 1 batches in 0.248s; word units 100.0% of 8 words (letters-only 100.0% of 8).
Train Loss: output=0.1754, reconstruction=0.8994
Epoch [277/400]
batch = 0 (Δ=0.247s, 100.00%)
Training throughput: 1 batches in 0.246s; word units 100.0% of 8 words (letters-only 100.0% of 8).
Train Loss: output=0.1754, reconstruction=0.8994
Epoch [278/400]
batch = 0 (Δ=0.247s, 100.00%)
Training throughput: 1 batches in 0.246s; word units 100.0% of 8 words (letters-only 100.0% of 8).
Train Loss: output=0.1752, reconstruction=0.8996
Epoch [279/400]
batch = 0 (Δ=0.243s, 100.00%)
Training throughput: 1 batches in 0.243s; word units 100.0% of 8 words (letters-only 100.0% of 8).
Train Loss: output=0.1752, reconstruction=0.8998
Epoch [280/400]
batch = 0 (Δ=0.246s, 100.00%)
Training throughput: 1 batches in 0.246s; word units 100.0% of 8 words (letters-only 100.0% of 8).
Train Loss: output=0.1752, reconstruction=0.0138
Epoch [281/400]
batch = 0 (Δ=0.248s, 100.00%)
Training throughput: 1 batches in 0.247s; word units 100.0% of 8 words (letters-only 100.0% of 8).
Train Loss: output=0.1752, reconstruction=0.9023
Epoch [282/400]
batch = 0 (Δ=0.248s, 100.00%)
Training throughput: 1 batches in 0.248s; word units 100.0% of 8 words (letters-only 100.0% of 8).
Train Loss: output=0.1755, reconstruction=0.0160
Epoch [283/400]
batch = 0 (Δ=0.246s, 100.00%)
Training throughput: 1 batches in 0.246s; word units 100.0% of 8 words (letters-only 100.0% of 8).
Train Loss: output=0.1754, reconstruction=0.9087
Epoch [284/400]
batch = 0 (Δ=0.249s, 100.00%)
Training throughput: 1 batches in 0.248s; word units 100.0% of 8 words (letters-only 100.0% of 8).
Train Loss: output=0.1755, reconstruction=0.0181
Epoch [285/400]
batch = 0 (Δ=0.247s, 100.00%)
Training throughput: 1 batches in 0.246s; word units 100.0% of 8 words (letters-only 100.0% of 8).
Train Loss: output=0.1754, reconstruction=0.9126
Epoch [286/400]
batch = 0 (Δ=0.248s, 100.00%)
Training throughput: 1 batches in 0.248s; word units 100.0% of 8 words (letters-only 100.0% of 8).
Train Loss: output=0.1754, reconstruction=0.9138
Epoch [287/400]
batch = 0 (Δ=0.248s, 100.00%)
Training throughput: 1 batches in 0.248s; word units 100.0% of 8 words (letters-only 100.0% of 8).
Train Loss: output=0.1754, reconstruction=0.9148
Epoch [288/400]
batch = 0 (Δ=0.247s, 100.00%)
Training throughput: 1 batches in 0.246s; word units 100.0% of 8 words (letters-only 100.0% of 8).
Train Loss: output=0.1754, reconstruction=0.9156
Epoch [289/400]
batch = 0 (Δ=0.245s, 100.00%)
Training throughput: 1 batches in 0.245s; word units 100.0% of 8 words (letters-only 100.0% of 8).
Train Loss: output=0.1754, reconstruction=0.9161
Epoch [290/400]
batch = 0 (Δ=0.243s, 100.00%)
Training throughput: 1 batches in 0.242s; word units 100.0% of 8 words (letters-only 100.0% of 8).
Train Loss: output=0.1755, reconstruction=0.0192
Epoch [291/400]
batch = 0 (Δ=0.247s, 100.00%)
Training throughput: 1 batches in 0.246s; word units 100.0% of 8 words (letters-only 100.0% of 8).
Train Loss: output=0.1755, reconstruction=0.0184
Epoch [292/400]
batch = 0 (Δ=0.243s, 100.00%)
Training throughput: 1 batches in 0.242s; word units 100.0% of 8 words (letters-only 100.0% of 8).
Train Loss: output=0.1754, reconstruction=0.9157
Epoch [293/400]
batch = 0 (Δ=0.246s, 100.00%)
Training throughput: 1 batches in 0.245s; word units 100.0% of 8 words (letters-only 100.0% of 8).
Train Loss: output=0.1754, reconstruction=0.9151
Epoch [294/400]
batch = 0 (Δ=0.243s, 100.00%)
Training throughput: 1 batches in 0.242s; word units 100.0% of 8 words (letters-only 100.0% of 8).
Train Loss: output=0.1761, reconstruction=0.9144
Epoch [295/400]
batch = 0 (Δ=0.248s, 100.00%)
Training throughput: 1 batches in 0.247s; word units 100.0% of 8 words (letters-only 100.0% of 8).
Train Loss: output=0.1751, reconstruction=0.9900
Epoch [296/400]
batch = 0 (Δ=0.242s, 100.00%)
Training throughput: 1 batches in 0.242s; word units 100.0% of 8 words (letters-only 100.0% of 8).
Train Loss: output=0.1759, reconstruction=0.0171
Epoch [297/400]
batch = 0 (Δ=0.243s, 100.00%)
Training throughput: 1 batches in 0.243s; word units 100.0% of 8 words (letters-only 100.0% of 8).
Train Loss: output=0.1759, reconstruction=0.0183
Epoch [298/400]
batch = 0 (Δ=0.241s, 100.00%)
Training throughput: 1 batches in 0.240s; word units 100.0% of 8 words (letters-only 100.0% of 8).
Train Loss: output=0.1758, reconstruction=0.0192
Epoch [299/400]
batch = 0 (Δ=0.243s, 100.00%)
Training throughput: 1 batches in 0.242s; word units 100.0% of 8 words (letters-only 100.0% of 8).
Train Loss: output=0.1758, reconstruction=0.0199
Epoch [300/400]
batch = 0 (Δ=0.246s, 100.00%)
Training throughput: 1 batches in 0.245s; word units 100.0% of 8 words (letters-only 100.0% of 8).
Train Loss: output=0.1758, reconstruction=0.0203
Epoch [301/400]
batch = 0 (Δ=0.242s, 100.00%)
Training throughput: 1 batches in 0.242s; word units 100.0% of 8 words (letters-only 100.0% of 8).
Train Loss: output=0.1757, reconstruction=0.0204
Epoch [302/400]
batch = 0 (Δ=0.246s, 100.00%)
Training throughput: 1 batches in 0.245s; word units 100.0% of 8 words (letters-only 100.0% of 8).
Train Loss: output=0.1757, reconstruction=0.0203
Epoch [303/400]
batch = 0 (Δ=0.243s, 100.00%)
Training throughput: 1 batches in 0.243s; word units 100.0% of 8 words (letters-only 100.0% of 8).
Train Loss: output=0.1757, reconstruction=0.0202
Epoch [304/400]
batch = 0 (Δ=0.246s, 100.00%)
Training throughput: 1 batches in 0.245s; word units 100.0% of 8 words (letters-only 100.0% of 8).
Train Loss: output=0.1757, reconstruction=0.0199
Epoch [305/400]
batch = 0 (Δ=0.244s, 100.00%)
Training throughput: 1 batches in 0.243s; word units 100.0% of 8 words (letters-only 100.0% of 8).
Train Loss: output=0.1757, reconstruction=0.0191
Epoch [306/400]
batch = 0 (Δ=0.246s, 100.00%)
Training throughput: 1 batches in 0.245s; word units 100.0% of 8 words (letters-only 100.0% of 8).
Train Loss: output=0.1757, reconstruction=0.0180
Epoch [307/400]
batch = 0 (Δ=0.247s, 100.00%)
Training throughput: 1 batches in 0.247s; word units 100.0% of 8 words (letters-only 100.0% of 8).
Train Loss: output=0.1757, reconstruction=0.0180
Epoch [308/400]
batch = 0 (Δ=0.241s, 100.00%)
Training throughput: 1 batches in 0.241s; word units 100.0% of 8 words (letters-only 100.0% of 8).
Train Loss: output=0.1757, reconstruction=0.0186
Epoch [309/400]
batch = 0 (Δ=0.243s, 100.00%)
Training throughput: 1 batches in 0.243s; word units 100.0% of 8 words (letters-only 100.0% of 8).
Train Loss: output=0.1757, reconstruction=0.0186
Epoch [310/400]
batch = 0 (Δ=0.240s, 100.00%)
Training throughput: 1 batches in 0.239s; word units 100.0% of 8 words (letters-only 100.0% of 8).
Train Loss: output=0.1759, reconstruction=0.0186
Epoch [311/400]
batch = 0 (Δ=0.245s, 100.00%)
Training throughput: 1 batches in 0.244s; word units 100.0% of 8 words (letters-only 100.0% of 8).
Train Loss: output=0.1759, reconstruction=0.0187
Epoch [312/400]
batch = 0 (Δ=0.242s, 100.00%)
Training throughput: 1 batches in 0.242s; word units 100.0% of 8 words (letters-only 100.0% of 8).
Train Loss: output=0.1759, reconstruction=0.0187
Epoch [313/400]
batch = 0 (Δ=0.243s, 100.00%)
Training throughput: 1 batches in 0.242s; word units 100.0% of 8 words (letters-only 100.0% of 8).
Train Loss: output=0.1759, reconstruction=0.0185
Epoch [314/400]
batch = 0 (Δ=0.246s, 100.00%)
Training throughput: 1 batches in 0.246s; word units 100.0% of 8 words (letters-only 100.0% of 8).
Train Loss: output=0.1759, reconstruction=0.0184
Epoch [315/400]
batch = 0 (Δ=0.243s, 100.00%)
Training throughput: 1 batches in 0.243s; word units 100.0% of 8 words (letters-only 100.0% of 8).
Train Loss: output=0.1759, reconstruction=0.0196
Epoch [316/400]
batch = 0 (Δ=0.241s, 100.00%)
Training throughput: 1 batches in 0.241s; word units 100.0% of 8 words (letters-only 100.0% of 8).
Train Loss: output=0.1759, reconstruction=0.0229
Epoch [317/400]
batch = 0 (Δ=0.240s, 100.00%)
Training throughput: 1 batches in 0.240s; word units 100.0% of 8 words (letters-only 100.0% of 8).
Train Loss: output=0.1759, reconstruction=0.0269
Epoch [318/400]
batch = 0 (Δ=0.242s, 100.00%)
Training throughput: 1 batches in 0.241s; word units 100.0% of 8 words (letters-only 100.0% of 8).
Train Loss: output=0.1759, reconstruction=0.0299
Epoch [319/400]
batch = 0 (Δ=0.240s, 100.00%)
Training throughput: 1 batches in 0.240s; word units 100.0% of 8 words (letters-only 100.0% of 8).
Train Loss: output=0.1759, reconstruction=0.0317
Epoch [320/400]
batch = 0 (Δ=0.244s, 100.00%)
Training throughput: 1 batches in 0.243s; word units 100.0% of 8 words (letters-only 100.0% of 8).
Train Loss: output=0.1759, reconstruction=0.0325
Epoch [321/400]
batch = 0 (Δ=0.240s, 100.00%)
Training throughput: 1 batches in 0.239s; word units 100.0% of 8 words (letters-only 100.0% of 8).
Train Loss: output=0.1759, reconstruction=0.0320
Epoch [322/400]
batch = 0 (Δ=0.248s, 100.00%)
Training throughput: 1 batches in 0.247s; word units 100.0% of 8 words (letters-only 100.0% of 8).
Train Loss: output=0.1759, reconstruction=0.0308
Epoch [323/400]
batch = 0 (Δ=0.243s, 100.00%)
Training throughput: 1 batches in 0.242s; word units 100.0% of 8 words (letters-only 100.0% of 8).
Train Loss: output=0.1759, reconstruction=0.0290
Epoch [324/400]
batch = 0 (Δ=0.245s, 100.00%)
Training throughput: 1 batches in 0.244s; word units 100.0% of 8 words (letters-only 100.0% of 8).
Train Loss: output=0.1759, reconstruction=0.0270
Epoch [325/400]
batch = 0 (Δ=0.243s, 100.00%)
Training throughput: 1 batches in 0.242s; word units 100.0% of 8 words (letters-only 100.0% of 8).
Train Loss: output=0.1759, reconstruction=0.0252
Epoch [326/400]
batch = 0 (Δ=0.242s, 100.00%)
Training throughput: 1 batches in 0.241s; word units 100.0% of 8 words (letters-only 100.0% of 8).
Train Loss: output=0.1759, reconstruction=0.0238
Epoch [327/400]
batch = 0 (Δ=0.245s, 100.00%)
Training throughput: 1 batches in 0.245s; word units 100.0% of 8 words (letters-only 100.0% of 8).
Train Loss: output=0.1759, reconstruction=0.0237
Epoch [328/400]
batch = 0 (Δ=0.241s, 100.00%)
Training throughput: 1 batches in 0.240s; word units 100.0% of 8 words (letters-only 100.0% of 8).
Train Loss: output=0.1759, reconstruction=0.0259
Epoch [329/400]
batch = 0 (Δ=0.247s, 100.00%)
Training throughput: 1 batches in 0.246s; word units 100.0% of 8 words (letters-only 100.0% of 8).
Train Loss: output=0.1759, reconstruction=0.0287
Epoch [330/400]
batch = 0 (Δ=0.245s, 100.00%)
Training throughput: 1 batches in 0.245s; word units 100.0% of 8 words (letters-only 100.0% of 8).
Train Loss: output=0.1759, reconstruction=0.0319
Epoch [331/400]
batch = 0 (Δ=0.248s, 100.00%)
Training throughput: 1 batches in 0.247s; word units 100.0% of 8 words (letters-only 100.0% of 8).
Train Loss: output=0.1759, reconstruction=0.0343
Epoch [332/400]
batch = 0 (Δ=0.244s, 100.00%)
Training throughput: 1 batches in 0.244s; word units 100.0% of 8 words (letters-only 100.0% of 8).
Train Loss: output=0.1759, reconstruction=0.0353
Epoch [333/400]
batch = 0 (Δ=0.650s, 100.00%)
Training throughput: 1 batches in 0.650s; word units 100.0% of 8 words (letters-only 100.0% of 8).
Train Loss: output=0.1759, reconstruction=0.0357
Epoch [334/400]
batch = 0 (Δ=0.241s, 100.00%)
Training throughput: 1 batches in 0.240s; word units 100.0% of 8 words (letters-only 100.0% of 8).
Train Loss: output=0.1759, reconstruction=0.0364
Epoch [335/400]
batch = 0 (Δ=0.242s, 100.00%)
Training throughput: 1 batches in 0.242s; word units 100.0% of 8 words (letters-only 100.0% of 8).
Train Loss: output=0.1759, reconstruction=0.0378
Epoch [336/400]
batch = 0 (Δ=0.245s, 100.00%)
Training throughput: 1 batches in 0.244s; word units 100.0% of 8 words (letters-only 100.0% of 8).
Train Loss: output=0.1759, reconstruction=0.0387
Epoch [337/400]
batch = 0 (Δ=0.244s, 100.00%)
Training throughput: 1 batches in 0.243s; word units 100.0% of 8 words (letters-only 100.0% of 8).
Train Loss: output=0.1759, reconstruction=0.0396
Epoch [338/400]
batch = 0 (Δ=0.244s, 100.00%)
Training throughput: 1 batches in 0.243s; word units 100.0% of 8 words (letters-only 100.0% of 8).
Train Loss: output=0.1759, reconstruction=0.0399
Epoch [339/400]
batch = 0 (Δ=0.244s, 100.00%)
Training throughput: 1 batches in 0.243s; word units 100.0% of 8 words (letters-only 100.0% of 8).
Train Loss: output=0.1758, reconstruction=0.0389
Epoch [340/400]
batch = 0 (Δ=0.249s, 100.00%)
Training throughput: 1 batches in 0.248s; word units 100.0% of 8 words (letters-only 100.0% of 8).
Train Loss: output=0.1757, reconstruction=0.0378
Epoch [341/400]
batch = 0 (Δ=0.246s, 100.00%)
Training throughput: 1 batches in 0.246s; word units 100.0% of 8 words (letters-only 100.0% of 8).
Train Loss: output=0.1757, reconstruction=0.0366
Epoch [342/400]
batch = 0 (Δ=0.244s, 100.00%)
Training throughput: 1 batches in 0.244s; word units 100.0% of 8 words (letters-only 100.0% of 8).
Train Loss: output=0.1757, reconstruction=0.0367
Epoch [343/400]
batch = 0 (Δ=0.245s, 100.00%)
Training throughput: 1 batches in 0.244s; word units 100.0% of 8 words (letters-only 100.0% of 8).
Train Loss: output=0.1757, reconstruction=0.0379
Epoch [344/400]
batch = 0 (Δ=0.243s, 100.00%)
Training throughput: 1 batches in 0.243s; word units 100.0% of 8 words (letters-only 100.0% of 8).
Train Loss: output=0.1757, reconstruction=0.0381
Epoch [345/400]
batch = 0 (Δ=0.241s, 100.00%)
Training throughput: 1 batches in 0.241s; word units 100.0% of 8 words (letters-only 100.0% of 8).
Train Loss: output=0.1757, reconstruction=0.0394
Epoch [346/400]
batch = 0 (Δ=0.243s, 100.00%)
Training throughput: 1 batches in 0.242s; word units 100.0% of 8 words (letters-only 100.0% of 8).
Train Loss: output=0.1756, reconstruction=0.0419
Epoch [347/400]
batch = 0 (Δ=0.246s, 100.00%)
Training throughput: 1 batches in 0.246s; word units 100.0% of 8 words (letters-only 100.0% of 8).
Train Loss: output=0.1756, reconstruction=0.0423
Epoch [348/400]
batch = 0 (Δ=0.243s, 100.00%)
Training throughput: 1 batches in 0.243s; word units 100.0% of 8 words (letters-only 100.0% of 8).
Train Loss: output=0.1756, reconstruction=0.0399
Epoch [349/400]
batch = 0 (Δ=0.243s, 100.00%)
Training throughput: 1 batches in 0.243s; word units 100.0% of 8 words (letters-only 100.0% of 8).
Train Loss: output=0.1756, reconstruction=0.0372
Epoch [350/400]
batch = 0 (Δ=0.240s, 100.00%)
Training throughput: 1 batches in 0.239s; word units 100.0% of 8 words (letters-only 100.0% of 8).
Train Loss: output=0.1756, reconstruction=0.0347
Epoch [351/400]
batch = 0 (Δ=0.239s, 100.00%)
Training throughput: 1 batches in 0.238s; word units 100.0% of 8 words (letters-only 100.0% of 8).
Train Loss: output=0.1756, reconstruction=0.0332
Epoch [352/400]
batch = 0 (Δ=0.242s, 100.00%)
Training throughput: 1 batches in 0.242s; word units 100.0% of 8 words (letters-only 100.0% of 8).
Train Loss: output=0.1756, reconstruction=0.0334
Epoch [353/400]
batch = 0 (Δ=0.243s, 100.00%)
Training throughput: 1 batches in 0.243s; word units 100.0% of 8 words (letters-only 100.0% of 8).
Train Loss: output=0.1756, reconstruction=0.0344
Epoch [354/400]
batch = 0 (Δ=0.243s, 100.00%)
Training throughput: 1 batches in 0.242s; word units 100.0% of 8 words (letters-only 100.0% of 8).
Train Loss: output=0.1756, reconstruction=0.0383
Epoch [355/400]
batch = 0 (Δ=0.246s, 100.00%)
Training throughput: 1 batches in 0.246s; word units 100.0% of 8 words (letters-only 100.0% of 8).
Train Loss: output=0.1756, reconstruction=0.0477
Epoch [356/400]
batch = 0 (Δ=0.243s, 100.00%)
Training throughput: 1 batches in 0.242s; word units 100.0% of 8 words (letters-only 100.0% of 8).
Train Loss: output=0.1756, reconstruction=0.0608
Epoch [357/400]
batch = 0 (Δ=0.245s, 100.00%)
Training throughput: 1 batches in 0.244s; word units 100.0% of 8 words (letters-only 100.0% of 8).
Train Loss: output=0.1756, reconstruction=0.0724
Epoch [358/400]
batch = 0 (Δ=0.243s, 100.00%)
Training throughput: 1 batches in 0.242s; word units 100.0% of 8 words (letters-only 100.0% of 8).
Train Loss: output=0.1756, reconstruction=0.0803
Epoch [359/400]
batch = 0 (Δ=0.246s, 100.00%)
Training throughput: 1 batches in 0.245s; word units 100.0% of 8 words (letters-only 100.0% of 8).
Train Loss: output=0.1755, reconstruction=0.0847
Epoch [360/400]
batch = 0 (Δ=0.245s, 100.00%)
Training throughput: 1 batches in 0.245s; word units 100.0% of 8 words (letters-only 100.0% of 8).
Train Loss: output=0.1755, reconstruction=0.0861
Epoch [361/400]
batch = 0 (Δ=0.241s, 100.00%)
Training throughput: 1 batches in 0.241s; word units 100.0% of 8 words (letters-only 100.0% of 8).
Train Loss: output=0.1754, reconstruction=0.0847
Epoch [362/400]
batch = 0 (Δ=0.239s, 100.00%)
Training throughput: 1 batches in 0.239s; word units 100.0% of 8 words (letters-only 100.0% of 8).
Train Loss: output=0.1753, reconstruction=0.0813
Epoch [363/400]
batch = 0 (Δ=0.245s, 100.00%)
Training throughput: 1 batches in 0.244s; word units 100.0% of 8 words (letters-only 100.0% of 8).
Train Loss: output=0.1753, reconstruction=0.0774
Epoch [364/400]
batch = 0 (Δ=0.244s, 100.00%)
Training throughput: 1 batches in 0.243s; word units 100.0% of 8 words (letters-only 100.0% of 8).
Train Loss: output=0.1752, reconstruction=0.0731
Epoch [365/400]
batch = 0 (Δ=0.242s, 100.00%)
Training throughput: 1 batches in 0.242s; word units 100.0% of 8 words (letters-only 100.0% of 8).
Train Loss: output=0.1748, reconstruction=0.0679
Epoch [366/400]
batch = 0 (Δ=0.241s, 100.00%)
Training throughput: 1 batches in 0.241s; word units 100.0% of 8 words (letters-only 100.0% of 8).
Train Loss: output=0.1747, reconstruction=0.0620
Epoch [367/400]
batch = 0 (Δ=0.244s, 100.00%)
Training throughput: 1 batches in 0.244s; word units 100.0% of 8 words (letters-only 100.0% of 8).
Train Loss: output=0.1747, reconstruction=0.0563
Epoch [368/400]
batch = 0 (Δ=0.241s, 100.00%)
Training throughput: 1 batches in 0.240s; word units 100.0% of 8 words (letters-only 100.0% of 8).
Train Loss: output=0.1747, reconstruction=0.0518
Epoch [369/400]
batch = 0 (Δ=0.242s, 100.00%)
Training throughput: 1 batches in 0.242s; word units 100.0% of 8 words (letters-only 100.0% of 8).
Train Loss: output=0.1742, reconstruction=0.0485
Epoch [370/400]
batch = 0 (Δ=0.241s, 100.00%)
Training throughput: 1 batches in 0.240s; word units 100.0% of 8 words (letters-only 100.0% of 8).
Train Loss: output=0.1743, reconstruction=0.0453
Epoch [371/400]
batch = 0 (Δ=0.242s, 100.00%)
Training throughput: 1 batches in 0.241s; word units 100.0% of 8 words (letters-only 100.0% of 8).
Train Loss: output=0.1743, reconstruction=0.0423
Epoch [372/400]
batch = 0 (Δ=0.242s, 100.00%)
Training throughput: 1 batches in 0.241s; word units 100.0% of 8 words (letters-only 100.0% of 8).
Train Loss: output=0.1743, reconstruction=0.0398
Epoch [373/400]
batch = 0 (Δ=0.244s, 100.00%)
Training throughput: 1 batches in 0.244s; word units 100.0% of 8 words (letters-only 100.0% of 8).
Train Loss: output=0.1744, reconstruction=0.0382
Epoch [374/400]
batch = 0 (Δ=0.244s, 100.00%)
Training throughput: 1 batches in 0.243s; word units 100.0% of 8 words (letters-only 100.0% of 8).
Train Loss: output=0.1744, reconstruction=0.0373
Epoch [375/400]
batch = 0 (Δ=0.242s, 100.00%)
Training throughput: 1 batches in 0.242s; word units 100.0% of 8 words (letters-only 100.0% of 8).
Train Loss: output=0.1744, reconstruction=0.0359
Epoch [376/400]
batch = 0 (Δ=0.243s, 100.00%)
Training throughput: 1 batches in 0.243s; word units 100.0% of 8 words (letters-only 100.0% of 8).
Train Loss: output=0.1744, reconstruction=0.0349
Epoch [377/400]
batch = 0 (Δ=0.240s, 100.00%)
Training throughput: 1 batches in 0.239s; word units 100.0% of 8 words (letters-only 100.0% of 8).
Train Loss: output=0.1745, reconstruction=0.0344
Epoch [378/400]
batch = 0 (Δ=0.240s, 100.00%)
Training throughput: 1 batches in 0.239s; word units 100.0% of 8 words (letters-only 100.0% of 8).
Train Loss: output=0.1745, reconstruction=0.0339
Epoch [379/400]
batch = 0 (Δ=0.240s, 100.00%)
Training throughput: 1 batches in 0.239s; word units 100.0% of 8 words (letters-only 100.0% of 8).
Train Loss: output=0.1745, reconstruction=0.0336
Epoch [380/400]
batch = 0 (Δ=0.239s, 100.00%)
Training throughput: 1 batches in 0.239s; word units 100.0% of 8 words (letters-only 100.0% of 8).
Train Loss: output=0.1745, reconstruction=0.0335
Epoch [381/400]
batch = 0 (Δ=0.238s, 100.00%)
Training throughput: 1 batches in 0.238s; word units 100.0% of 8 words (letters-only 100.0% of 8).
Train Loss: output=0.1745, reconstruction=0.0337
Epoch [382/400]
batch = 0 (Δ=0.243s, 100.00%)
Training throughput: 1 batches in 0.242s; word units 100.0% of 8 words (letters-only 100.0% of 8).
Train Loss: output=0.1745, reconstruction=0.0340
Epoch [383/400]
batch = 0 (Δ=0.244s, 100.00%)
Training throughput: 1 batches in 0.244s; word units 100.0% of 8 words (letters-only 100.0% of 8).
Train Loss: output=0.1746, reconstruction=0.0347
Epoch [384/400]
batch = 0 (Δ=0.240s, 100.00%)
Training throughput: 1 batches in 0.240s; word units 100.0% of 8 words (letters-only 100.0% of 8).
Train Loss: output=0.1746, reconstruction=0.0331
Epoch [385/400]
batch = 0 (Δ=0.238s, 100.00%)
Training throughput: 1 batches in 0.237s; word units 100.0% of 8 words (letters-only 100.0% of 8).
Train Loss: output=0.1746, reconstruction=0.0304
Epoch [386/400]
batch = 0 (Δ=0.240s, 100.00%)
Training throughput: 1 batches in 0.239s; word units 100.0% of 8 words (letters-only 100.0% of 8).
Train Loss: output=0.1746, reconstruction=0.0286
Epoch [387/400]
batch = 0 (Δ=0.238s, 100.00%)
Training throughput: 1 batches in 0.238s; word units 100.0% of 8 words (letters-only 100.0% of 8).
Train Loss: output=0.1746, reconstruction=0.0275
Epoch [388/400]
batch = 0 (Δ=0.241s, 100.00%)
Training throughput: 1 batches in 0.240s; word units 100.0% of 8 words (letters-only 100.0% of 8).
Train Loss: output=0.1746, reconstruction=0.0267
Epoch [389/400]
batch = 0 (Δ=0.241s, 100.00%)
Training throughput: 1 batches in 0.240s; word units 100.0% of 8 words (letters-only 100.0% of 8).
Train Loss: output=0.1746, reconstruction=0.0265
Epoch [390/400]
batch = 0 (Δ=0.243s, 100.00%)
Training throughput: 1 batches in 0.242s; word units 100.0% of 8 words (letters-only 100.0% of 8).
Train Loss: output=0.1747, reconstruction=0.0272
Epoch [391/400]
batch = 0 (Δ=0.243s, 100.00%)
Training throughput: 1 batches in 0.242s; word units 100.0% of 8 words (letters-only 100.0% of 8).
Train Loss: output=0.1747, reconstruction=0.0278
Epoch [392/400]
batch = 0 (Δ=0.239s, 100.00%)
Training throughput: 1 batches in 0.238s; word units 100.0% of 8 words (letters-only 100.0% of 8).
Train Loss: output=0.1747, reconstruction=0.0287
Epoch [393/400]
batch = 0 (Δ=0.240s, 100.00%)
Training throughput: 1 batches in 0.239s; word units 100.0% of 8 words (letters-only 100.0% of 8).
Train Loss: output=0.1747, reconstruction=0.0302
Epoch [394/400]
batch = 0 (Δ=0.240s, 100.00%)
Training throughput: 1 batches in 0.240s; word units 100.0% of 8 words (letters-only 100.0% of 8).
Train Loss: output=0.1748, reconstruction=0.0315
Epoch [395/400]
batch = 0 (Δ=0.234s, 100.00%)
Training throughput: 1 batches in 0.234s; word units 100.0% of 8 words (letters-only 100.0% of 8).
Train Loss: output=0.1748, reconstruction=0.0326
Epoch [396/400]
batch = 0 (Δ=0.241s, 100.00%)
Training throughput: 1 batches in 0.240s; word units 100.0% of 8 words (letters-only 100.0% of 8).
Train Loss: output=0.1748, reconstruction=0.0337
Epoch [397/400]
batch = 0 (Δ=0.239s, 100.00%)
Training throughput: 1 batches in 0.238s; word units 100.0% of 8 words (letters-only 100.0% of 8).
Train Loss: output=0.1748, reconstruction=0.0346
Epoch [398/400]
batch = 0 (Δ=0.244s, 100.00%)
Training throughput: 1 batches in 0.244s; word units 100.0% of 8 words (letters-only 100.0% of 8).
Train Loss: output=0.1748, reconstruction=0.0362
Epoch [399/400]
batch = 0 (Δ=0.240s, 100.00%)
Training throughput: 1 batches in 0.239s; word units 100.0% of 8 words (letters-only 100.0% of 8).
Train Loss: output=0.1748, reconstruction=0.0382
Epoch [400/400]
batch = 0 (Δ=0.235s, 100.00%)
Training throughput: 1 batches in 0.234s; word units 100.0% of 8 words (letters-only 100.0% of 8).
Train Loss: output=0.1748, reconstruction=0.0386
Final Stats:
=== Selected operation grammar ===
batch = 0 (Δ=27.539s, 100.00%)
Training throughput: 1 batches in 27.485s; word units 100.0% of 8 words (letters-only 100.0% of 8).
=== Input Reconstruction (test) ===
  row[0] input='hello world' -> reconstructed='hello ' label=0.0000 predicted=0.5036 MISMATCH
  row[1] input='hello there' -> reconstructed='hello ' label=1.0000 predicted=0.5081 MISMATCH
  row[2] input='loving world' -> reconstructed='loving ' label=1.0000 predicted=0.5056 MISMATCH
  row[3] input='loving there' -> reconstructed='loving ' label=0.0000 predicted=0.5090 MISMATCH
