[collect] 1 selectors; limit 1800s, 8.0 GiB
[collect] exit 0; 7.1s; peak 0.51 GiB
[worker-000] 134 selectors; limit 1800s, 8.0 GiB
[worker-001] 256 selectors; limit 1800s, 8.0 GiB
[worker-002] 137 selectors; limit 1800s, 8.0 GiB
[worker-003] 108 selectors; limit 1800s, 8.0 GiB
[worker-004] 177 selectors; limit 1800s, 8.0 GiB
[worker-005] 133 selectors; limit 1800s, 8.0 GiB
[worker-006] 256 selectors; limit 1800s, 8.0 GiB
[worker-007] 251 selectors; limit 1800s, 8.0 GiB
[worker-000] exit 0; 12.1s; peak 1.50 GiB
[worker-008] 107 selectors; limit 1800s, 8.0 GiB
[worker-006] exit 0; 13.6s; peak 0.58 GiB
[worker-009] 139 selectors; limit 1800s, 8.0 GiB
[worker-005] exit 0; 14.7s; peak 0.76 GiB
[worker-010] 114 selectors; limit 1800s, 8.0 GiB
[worker-007] exit 0; 22.7s; peak 0.64 GiB
[worker-011] 246 selectors; limit 1800s, 8.0 GiB
[worker-008] exit 0; 13.5s; peak 1.01 GiB
[worker-012] 207 selectors; limit 1800s, 8.0 GiB
[worker-002] exit 0; 29.0s; peak 0.78 GiB
[worker-009] exit 0; 16.2s; peak 1.54 GiB
[worker-013] 187 selectors; limit 1800s, 8.0 GiB
[worker-014] 131 selectors; limit 1800s, 8.0 GiB
[worker-004] exit 0; 31.1s; peak 0.65 GiB
[worker-015] 159 selectors; limit 1800s, 8.0 GiB
[worker-012] exit 0; 11.5s; peak 0.74 GiB
[worker-016] 162 selectors; limit 1800s, 8.0 GiB
[worker-011] aggregate_memory 137; 16.9s; peak 2.23 GiB
[worker-001] aborted 125; 40.9s; peak 2.08 GiB
[worker-003] aborted 125; 41.8s; peak 0.70 GiB
[worker-010] aborted 125; 28.0s; peak 0.69 GiB
[worker-013] aborted 125; 13.8s; peak 0.72 GiB
[worker-014] aborted 125; 14.7s; peak 1.31 GiB
[worker-015] aborted 125; 14.7s; peak 0.58 GiB
[worker-016] aborted 125; 9.7s; peak 0.29 GiB
Result: aggregate_memory, exit 137; 2289/5269 cases completed.
doc/benchmarks/2026-10-06-operators-round2e/full-sweep/result.json
