[collect] 8 selectors; limit 1800s, 8.0 GiB
[collect] exit 0; 3.7s; peak 0.46 GiB
[worker-000] 1 selectors; limit 1800s, 8.0 GiB
[worker-001] 1 selectors; limit 1800s, 8.0 GiB
[worker-002] 4 selectors; limit 1800s, 8.0 GiB
[worker-003] 1 selectors; limit 1800s, 8.0 GiB
[worker-004] 1 selectors; limit 1800s, 8.0 GiB
[worker-003] exit 0; 4.5s; peak 0.52 GiB
[worker-004] exit 0; 5.5s; peak 0.52 GiB
[worker-005] 1 selectors; limit 1800s, 8.0 GiB
[worker-006] 1 selectors; limit 1800s, 8.0 GiB
[worker-002] exit 0; 6.7s; peak 0.59 GiB
[worker-006] exit 0; 4.2s; peak 0.40 GiB
[worker-007] 1 selectors; limit 1800s, 8.0 GiB
[worker-007] exit 0; 4.2s; peak 0.40 GiB
[worker-008] 1 selectors; limit 1800s, 8.0 GiB
[worker-008] exit 0; 4.2s; peak 0.40 GiB
[worker-005] exit 0; 31.5s; peak 0.93 GiB
[worker-001] exit 0; 44.8s; peak 1.40 GiB
[worker-000] exit 0; 154.5s; peak 1.62 GiB
{"reason": "passed", "selected": 12, "completed": 12}
