F                                                                        [100%]
=================================== FAILURES ===================================
_______________ TestXorGrammarLearnsXor.test_xor_class_accuracy ________________
test/test_explicit_dimensions.py:248: in test_xor_class_accuracy
    self.assertGreaterEqual(
E   AssertionError: tensor(0.) not greater than or equal to 0.5 : Expected >=0.5 accuracy on class 0 from an unselected initialization, got 0.0
----------------------------- Captured stdout call -----------------------------
Starting with dynamic 2-dim embedding (words added at runtime)
  Building span table: 0/4 docs
Device: cpu
Peer pipeline: static PS/WS stage bodies compiled separately; legacy compatibility scheduler remains outside fullgraph capture


==== BasicModel ====

Trial [1/1]
Baseline test pass skipped (--test not specified). Re-invoke train.py with --test to include baseline + post-epoch evaluation.
Epoch [1/400]
[AMP] off (fp32, MODEL_AMP unset or =off)
batch = 0 (warm-up, 100.00%)
Train Loss: output=0.1757, reconstruction=0.5895
Epoch [2/400]
batch = 0 (Δ=0.179s, 100.00%)
Train Loss: output=0.1839, reconstruction=0.5690
Epoch [3/400]
batch = 0 (Δ=0.231s, 100.00%)
Train Loss: output=0.1752, reconstruction=0.5251
Epoch [4/400]
batch = 0 (Δ=0.234s, 100.00%)
Train Loss: output=0.1758, reconstruction=0.3658
Epoch [5/400]
batch = 0 (Δ=0.238s, 100.00%)
Train Loss: output=0.1786, reconstruction=0.3488
Epoch [6/400]
batch = 0 (Δ=0.234s, 100.00%)
Train Loss: output=0.1783, reconstruction=0.4536
Epoch [7/400]
batch = 0 (Δ=0.231s, 100.00%)
Train Loss: output=0.1759, reconstruction=0.4450
Epoch [8/400]
batch = 0 (Δ=0.172s, 100.00%)
Train Loss: output=0.1765, reconstruction=0.4883
Epoch [9/400]
batch = 0 (Δ=0.173s, 100.00%)
Train Loss: output=0.1782, reconstruction=0.5491
Epoch [10/400]
batch = 0 (Δ=0.172s, 100.00%)
Train Loss: output=0.1778, reconstruction=0.3321
Epoch [11/400]
batch = 0 (Δ=0.171s, 100.00%)
Train Loss: output=0.1759, reconstruction=0.3210
Epoch [12/400]
batch = 0 (Δ=0.172s, 100.00%)
Train Loss: output=0.1746, reconstruction=0.3127
Epoch [13/400]
batch = 0 (Δ=0.169s, 100.00%)
Train Loss: output=0.1748, reconstruction=0.3069
Epoch [14/400]
batch = 0 (Δ=0.196s, 100.00%)
Train Loss: output=0.1753, reconstruction=0.6581
Epoch [15/400]
batch = 0 (Δ=0.232s, 100.00%)
Train Loss: output=0.1746, reconstruction=0.4103
Epoch [16/400]
batch = 0 (Δ=0.227s, 100.00%)
Train Loss: output=0.1733, reconstruction=0.4053
Epoch [17/400]
batch = 0 (Δ=0.231s, 100.00%)
Train Loss: output=0.1727, reconstruction=0.3999
Epoch [18/400]
batch = 0 (Δ=0.231s, 100.00%)
Train Loss: output=0.1731, reconstruction=0.4022
Epoch [19/400]
batch = 0 (Δ=0.230s, 100.00%)
Train Loss: output=0.1735, reconstruction=0.3887
Epoch [20/400]
batch = 0 (Δ=0.231s, 100.00%)
Train Loss: output=0.1733, reconstruction=0.3885
Epoch [21/400]
batch = 0 (Δ=0.218s, 100.00%)
Train Loss: output=0.1728, reconstruction=0.3824
Epoch [22/400]
batch = 0 (Δ=0.171s, 100.00%)
Train Loss: output=0.1728, reconstruction=0.3959
Epoch [23/400]
batch = 0 (Δ=0.173s, 100.00%)
Train Loss: output=0.1731, reconstruction=0.3870
Epoch [24/400]
batch = 0 (Δ=0.173s, 100.00%)
Train Loss: output=0.1728, reconstruction=0.4030
Epoch [25/400]
batch = 0 (Δ=0.171s, 100.00%)
Train Loss: output=0.1720, reconstruction=0.6015
Epoch [26/400]
batch = 0 (Δ=0.172s, 100.00%)
Train Loss: output=0.1713, reconstruction=0.4021
Epoch [27/400]
batch = 0 (Δ=0.170s, 100.00%)
Train Loss: output=0.1712, reconstruction=0.3647
Epoch [28/400]
batch = 0 (Δ=0.236s, 100.00%)
Train Loss: output=0.1712, reconstruction=0.4228
Epoch [29/400]
batch = 0 (Δ=0.172s, 100.00%)
Train Loss: output=0.1710, reconstruction=0.6342
Epoch [30/400]
batch = 0 (Δ=0.172s, 100.00%)
Train Loss: output=0.1708, reconstruction=0.2539
Epoch [31/400]
batch = 0 (Δ=0.172s, 100.00%)
Train Loss: output=0.1711, reconstruction=0.2548
Epoch [32/400]
batch = 0 (Δ=0.170s, 100.00%)
Train Loss: output=0.1717, reconstruction=0.2564
Epoch [33/400]
batch = 0 (Δ=0.172s, 100.00%)
Train Loss: output=0.1722, reconstruction=0.2578
Epoch [34/400]
batch = 0 (Δ=0.172s, 100.00%)
Train Loss: output=0.1725, reconstruction=0.2570
Epoch [35/400]
batch = 0 (Δ=0.170s, 100.00%)
Train Loss: output=0.1731, reconstruction=0.2563
Epoch [36/400]
batch = 0 (Δ=0.173s, 100.00%)
Train Loss: output=0.1737, reconstruction=0.2566
Epoch [37/400]
batch = 0 (Δ=0.176s, 100.00%)
Train Loss: output=0.1741, reconstruction=0.2583
Epoch [38/400]
batch = 0 (Δ=0.173s, 100.00%)
Train Loss: output=0.1740, reconstruction=0.2617
Epoch [39/400]
batch = 0 (Δ=0.171s, 100.00%)
Train Loss: output=0.1743, reconstruction=0.2660
Epoch [40/400]
batch = 0 (Δ=0.173s, 100.00%)
Train Loss: output=0.1745, reconstruction=0.4757
Epoch [41/400]
batch = 0 (Δ=0.172s, 100.00%)
Train Loss: output=0.1746, reconstruction=0.2745
Epoch [42/400]
batch = 0 (Δ=0.169s, 100.00%)
Train Loss: output=0.1746, reconstruction=0.2775
Epoch [43/400]
batch = 0 (Δ=0.172s, 100.00%)
Train Loss: output=0.1825, reconstruction=0.2640
Epoch [44/400]
batch = 0 (Δ=0.169s, 100.00%)
Train Loss: output=0.1807, reconstruction=0.1573
Epoch [45/400]
batch = 0 (Δ=0.171s, 100.00%)
Train Loss: output=0.1794, reconstruction=0.2513
Epoch [46/400]
batch = 0 (Δ=0.170s, 100.00%)
Train Loss: output=0.1797, reconstruction=0.2357
Epoch [47/400]
batch = 0 (Δ=0.172s, 100.00%)
Train Loss: output=0.1795, reconstruction=0.2305
Epoch [48/400]
batch = 0 (Δ=0.170s, 100.00%)
Train Loss: output=0.1780, reconstruction=0.2226
Epoch [49/400]
batch = 0 (Δ=0.170s, 100.00%)
Train Loss: output=0.1777, reconstruction=0.2131
Epoch [50/400]
batch = 0 (Δ=0.171s, 100.00%)
Train Loss: output=0.1784, reconstruction=0.1555
Epoch [51/400]
batch = 0 (Δ=0.173s, 100.00%)
Train Loss: output=0.1782, reconstruction=0.2013
Epoch [52/400]
batch = 0 (Δ=0.172s, 100.00%)
Train Loss: output=0.1771, reconstruction=0.1973
Epoch [53/400]
batch = 0 (Δ=0.171s, 100.00%)
Train Loss: output=0.1766, reconstruction=0.1670
Epoch [54/400]
batch = 0 (Δ=0.171s, 100.00%)
Train Loss: output=0.1768, reconstruction=0.1842
Epoch [55/400]
batch = 0 (Δ=0.174s, 100.00%)
Train Loss: output=0.1765, reconstruction=0.1734
Epoch [56/400]
batch = 0 (Δ=0.171s, 100.00%)
Train Loss: output=0.1759, reconstruction=0.1766
Epoch [57/400]
batch = 0 (Δ=0.170s, 100.00%)
Train Loss: output=0.1757, reconstruction=0.1749
Epoch [58/400]
batch = 0 (Δ=0.170s, 100.00%)
Train Loss: output=0.1759, reconstruction=0.1738
Epoch [59/400]
batch = 0 (Δ=0.170s, 100.00%)
Train Loss: output=0.1758, reconstruction=0.1723
Epoch [60/400]
batch = 0 (Δ=0.171s, 100.00%)
Train Loss: output=0.1753, reconstruction=0.1374
Epoch [61/400]
batch = 0 (Δ=0.173s, 100.00%)
Train Loss: output=0.1752, reconstruction=0.1678
Epoch [62/400]
batch = 0 (Δ=0.172s, 100.00%)
Train Loss: output=0.1752, reconstruction=0.1659
Epoch [63/400]
batch = 0 (Δ=0.170s, 100.00%)
Train Loss: output=0.1752, reconstruction=0.1423
Epoch [64/400]
batch = 0 (Δ=0.173s, 100.00%)
Train Loss: output=0.1749, reconstruction=0.1640
Epoch [65/400]
batch = 0 (Δ=0.173s, 100.00%)
Train Loss: output=0.1748, reconstruction=0.1598
Epoch [66/400]
batch = 0 (Δ=0.173s, 100.00%)
Train Loss: output=0.1748, reconstruction=0.1449
Epoch [67/400]
batch = 0 (Δ=0.170s, 100.00%)
Train Loss: output=0.1747, reconstruction=0.1111
Epoch [68/400]
batch = 0 (Δ=0.171s, 100.00%)
Train Loss: output=0.1745, reconstruction=0.1646
Epoch [69/400]
batch = 0 (Δ=0.169s, 100.00%)
Train Loss: output=0.1744, reconstruction=0.1601
Epoch [70/400]
batch = 0 (Δ=0.173s, 100.00%)
Train Loss: output=0.1744, reconstruction=0.1651
Epoch [71/400]
batch = 0 (Δ=0.172s, 100.00%)
Train Loss: output=0.1743, reconstruction=0.1653
Epoch [72/400]
batch = 0 (Δ=0.170s, 100.00%)
Train Loss: output=0.1742, reconstruction=0.1655
Epoch [73/400]
batch = 0 (Δ=0.170s, 100.00%)
Train Loss: output=0.1743, reconstruction=0.1657
Epoch [74/400]
batch = 0 (Δ=0.173s, 100.00%)
Train Loss: output=0.1743, reconstruction=0.1658
Epoch [75/400]
batch = 0 (Δ=0.171s, 100.00%)
Train Loss: output=0.1742, reconstruction=0.1063
Epoch [76/400]
batch = 0 (Δ=0.173s, 100.00%)
Train Loss: output=0.1740, reconstruction=0.1056
Epoch [77/400]
batch = 0 (Δ=0.173s, 100.00%)
Train Loss: output=0.1740, reconstruction=0.1636
Epoch [78/400]
batch = 0 (Δ=0.170s, 100.00%)
Train Loss: output=0.1740, reconstruction=0.1052
Epoch [79/400]
batch = 0 (Δ=0.173s, 100.00%)
Train Loss: output=0.1739, reconstruction=0.1616
Epoch [80/400]
batch = 0 (Δ=0.177s, 100.00%)
Train Loss: output=0.1738, reconstruction=0.1627
Epoch [81/400]
batch = 0 (Δ=0.173s, 100.00%)
Train Loss: output=0.1739, reconstruction=0.1632
Epoch [82/400]
batch = 0 (Δ=0.174s, 100.00%)
Train Loss: output=0.1738, reconstruction=0.1621
Epoch [83/400]
batch = 0 (Δ=0.173s, 100.00%)
Train Loss: output=0.1737, reconstruction=0.1354
Epoch [84/400]
batch = 0 (Δ=0.170s, 100.00%)
Train Loss: output=0.1736, reconstruction=0.1632
Epoch [85/400]
batch = 0 (Δ=0.170s, 100.00%)
Train Loss: output=0.1735, reconstruction=0.1601
Epoch [86/400]
batch = 0 (Δ=0.172s, 100.00%)
Train Loss: output=0.1733, reconstruction=0.1607
Epoch [87/400]
batch = 0 (Δ=0.171s, 100.00%)
Train Loss: output=0.1732, reconstruction=0.1397
Epoch [88/400]
batch = 0 (Δ=0.173s, 100.00%)
Train Loss: output=0.1731, reconstruction=0.1144
Epoch [89/400]
batch = 0 (Δ=0.175s, 100.00%)
Train Loss: output=0.1730, reconstruction=0.1381
Epoch [90/400]
batch = 0 (Δ=0.171s, 100.00%)
Train Loss: output=0.1728, reconstruction=0.1691
Epoch [91/400]
batch = 0 (Δ=0.172s, 100.00%)
Train Loss: output=0.1727, reconstruction=0.1563
Epoch [92/400]
batch = 0 (Δ=0.171s, 100.00%)
Train Loss: output=0.1726, reconstruction=0.1547
Epoch [93/400]
batch = 0 (Δ=0.173s, 100.00%)
Train Loss: output=0.1724, reconstruction=0.1687
Epoch [94/400]
batch = 0 (Δ=0.236s, 100.00%)
Train Loss: output=0.1723, reconstruction=0.1682
Epoch [95/400]
batch = 0 (Δ=0.171s, 100.00%)
Train Loss: output=0.1722, reconstruction=0.1623
Epoch [96/400]
batch = 0 (Δ=0.172s, 100.00%)
Train Loss: output=0.1720, reconstruction=0.1625
Epoch [97/400]
batch = 0 (Δ=0.174s, 100.00%)
Train Loss: output=0.1719, reconstruction=0.1465
Epoch [98/400]
batch = 0 (Δ=0.172s, 100.00%)
Train Loss: output=0.1719, reconstruction=0.1620
Epoch [99/400]
batch = 0 (Δ=0.171s, 100.00%)
Train Loss: output=0.1717, reconstruction=0.1521
Epoch [100/400]
batch = 0 (Δ=0.172s, 100.00%)
Train Loss: output=0.1716, reconstruction=0.1626
Epoch [101/400]
batch = 0 (Δ=0.170s, 100.00%)
Train Loss: output=0.1715, reconstruction=0.1484
Epoch [102/400]
batch = 0 (Δ=0.172s, 100.00%)
Train Loss: output=0.1714, reconstruction=0.1568
Epoch [103/400]
batch = 0 (Δ=0.173s, 100.00%)
Train Loss: output=0.1714, reconstruction=0.1402
Epoch [104/400]
batch = 0 (Δ=0.173s, 100.00%)
Train Loss: output=0.1712, reconstruction=0.1467
Epoch [105/400]
batch = 0 (Δ=0.170s, 100.00%)
Train Loss: output=0.1711, reconstruction=0.1707
Epoch [106/400]
batch = 0 (Δ=0.170s, 100.00%)
Train Loss: output=0.1711, reconstruction=0.1716
Epoch [107/400]
batch = 0 (Δ=0.173s, 100.00%)
Train Loss: output=0.1710, reconstruction=0.1497
Epoch [108/400]
batch = 0 (Δ=0.172s, 100.00%)
Train Loss: output=0.1708, reconstruction=0.1640
Epoch [109/400]
batch = 0 (Δ=0.171s, 100.00%)
Train Loss: output=0.1707, reconstruction=0.1663
Epoch [110/400]
batch = 0 (Δ=0.173s, 100.00%)
Train Loss: output=0.1707, reconstruction=0.1464
Epoch [111/400]
batch = 0 (Δ=0.174s, 100.00%)
Train Loss: output=0.1706, reconstruction=0.1468
Epoch [112/400]
batch = 0 (Δ=0.172s, 100.00%)
Train Loss: output=0.1705, reconstruction=0.1636
Epoch [113/400]
batch = 0 (Δ=0.171s, 100.00%)
Train Loss: output=0.1704, reconstruction=0.1482
Epoch [114/400]
batch = 0 (Δ=0.171s, 100.00%)
Train Loss: output=0.1704, reconstruction=0.1668
Epoch [115/400]
batch = 0 (Δ=0.172s, 100.00%)
Train Loss: output=0.1705, reconstruction=0.1632
Epoch [116/400]
batch = 0 (Δ=0.172s, 100.00%)
Train Loss: output=0.1705, reconstruction=0.1551
Epoch [117/400]
batch = 0 (Δ=0.173s, 100.00%)
Train Loss: output=0.1704, reconstruction=0.1764
Epoch [118/400]
batch = 0 (Δ=0.171s, 100.00%)
Train Loss: output=0.1703, reconstruction=0.1526
Epoch [119/400]
batch = 0 (Δ=0.171s, 100.00%)
Train Loss: output=0.1704, reconstruction=0.1743
Epoch [120/400]
batch = 0 (Δ=0.172s, 100.00%)
Train Loss: output=0.1704, reconstruction=0.1770
Epoch [121/400]
batch = 0 (Δ=0.173s, 100.00%)
Train Loss: output=0.1703, reconstruction=0.1653
Epoch [122/400]
batch = 0 (Δ=0.174s, 100.00%)
Train Loss: output=0.1703, reconstruction=0.1678
Epoch [123/400]
batch = 0 (Δ=0.171s, 100.00%)
Train Loss: output=0.1704, reconstruction=0.1559
Epoch [124/400]
batch = 0 (Δ=0.173s, 100.00%)
Train Loss: output=0.1704, reconstruction=0.1573
Epoch [125/400]
batch = 0 (Δ=0.173s, 100.00%)
Train Loss: output=0.1704, reconstruction=0.1580
Epoch [126/400]
batch = 0 (Δ=0.170s, 100.00%)
Train Loss: output=0.1706, reconstruction=0.1592
Epoch [127/400]
batch = 0 (Δ=0.171s, 100.00%)
Train Loss: output=0.1708, reconstruction=0.1606
Epoch [128/400]
batch = 0 (Δ=0.172s, 100.00%)
Train Loss: output=0.1712, reconstruction=0.1621
Epoch [129/400]
batch = 0 (Δ=0.170s, 100.00%)
Train Loss: output=0.1715, reconstruction=0.1754
Epoch [130/400]
batch = 0 (Δ=0.171s, 100.00%)
Train Loss: output=0.1717, reconstruction=0.1712
Epoch [131/400]
batch = 0 (Δ=0.172s, 100.00%)
Train Loss: output=0.1718, reconstruction=0.1703
Epoch [132/400]
batch = 0 (Δ=0.172s, 100.00%)
Train Loss: output=0.1719, reconstruction=0.1714
Epoch [133/400]
batch = 0 (Δ=0.171s, 100.00%)
Train Loss: output=0.1722, reconstruction=0.1790
Epoch [134/400]
batch = 0 (Δ=0.172s, 100.00%)
Train Loss: output=0.1724, reconstruction=0.1726
Epoch [135/400]
batch = 0 (Δ=0.173s, 100.00%)
Train Loss: output=0.1726, reconstruction=0.1763
Epoch [136/400]
batch = 0 (Δ=0.173s, 100.00%)
Train Loss: output=0.1727, reconstruction=0.1768
Epoch [137/400]
batch = 0 (Δ=0.172s, 100.00%)
Train Loss: output=0.1729, reconstruction=0.1761
Epoch [138/400]
batch = 0 (Δ=0.173s, 100.00%)
Train Loss: output=0.1730, reconstruction=0.1772
Epoch [139/400]
batch = 0 (Δ=0.172s, 100.00%)
Train Loss: output=0.1733, reconstruction=0.1797
Epoch [140/400]
batch = 0 (Δ=0.171s, 100.00%)
Train Loss: output=0.1736, reconstruction=0.1760
Epoch [141/400]
batch = 0 (Δ=0.170s, 100.00%)
Train Loss: output=0.1738, reconstruction=0.1786
Epoch [142/400]
batch = 0 (Δ=0.171s, 100.00%)
Train Loss: output=0.1739, reconstruction=0.1765
Epoch [143/400]
batch = 0 (Δ=0.171s, 100.00%)
Train Loss: output=0.1739, reconstruction=0.1772
Epoch [144/400]
batch = 0 (Δ=0.168s, 100.00%)
Train Loss: output=0.1740, reconstruction=0.1799
Epoch [145/400]
batch = 0 (Δ=0.169s, 100.00%)
Train Loss: output=0.1743, reconstruction=0.2180
Epoch [146/400]
batch = 0 (Δ=0.194s, 100.00%)
Train Loss: output=0.1748, reconstruction=0.3209
Epoch [147/400]
batch = 0 (Δ=0.207s, 100.00%)
Train Loss: output=0.1749, reconstruction=0.3356
Epoch [148/400]
batch = 0 (Δ=0.234s, 100.00%)
Train Loss: output=0.1747, reconstruction=0.3271
Epoch [149/400]
batch = 0 (Δ=0.235s, 100.00%)
Train Loss: output=0.1748, reconstruction=0.3326
Epoch [150/400]
batch = 0 (Δ=0.233s, 100.00%)
Train Loss: output=0.1748, reconstruction=0.3307
Epoch [151/400]
batch = 0 (Δ=0.298s, 100.00%)
Train Loss: output=0.1749, reconstruction=0.3299
Epoch [152/400]
batch = 0 (Δ=0.233s, 100.00%)
Train Loss: output=0.1750, reconstruction=0.3251
Epoch [153/400]
batch = 0 (Δ=0.236s, 100.00%)
Train Loss: output=0.1749, reconstruction=0.3136
Epoch [154/400]
batch = 0 (Δ=0.233s, 100.00%)
Train Loss: output=0.1746, reconstruction=0.3339
Epoch [155/400]
batch = 0 (Δ=0.229s, 100.00%)
Train Loss: output=0.1746, reconstruction=0.3070
Epoch [156/400]
batch = 0 (Δ=0.231s, 100.00%)
Train Loss: output=0.1745, reconstruction=0.3297
Epoch [157/400]
batch = 0 (Δ=0.231s, 100.00%)
Train Loss: output=0.1744, reconstruction=0.3373
Epoch [158/400]
batch = 0 (Δ=0.179s, 100.00%)
Train Loss: output=0.1744, reconstruction=0.3218
Epoch [159/400]
batch = 0 (Δ=0.178s, 100.00%)
Train Loss: output=0.1744, reconstruction=0.3282
Epoch [160/400]
batch = 0 (Δ=0.177s, 100.00%)
Train Loss: output=0.1745, reconstruction=0.3206
Epoch [161/400]
batch = 0 (Δ=0.178s, 100.00%)
Train Loss: output=0.1746, reconstruction=0.3226
Epoch [162/400]
batch = 0 (Δ=0.177s, 100.00%)
Train Loss: output=0.1747, reconstruction=0.3339
Epoch [163/400]
batch = 0 (Δ=0.177s, 100.00%)
Train Loss: output=0.1747, reconstruction=0.3235
Epoch [164/400]
batch = 0 (Δ=0.180s, 100.00%)
Train Loss: output=0.1746, reconstruction=0.3210
Epoch [165/400]
batch = 0 (Δ=0.177s, 100.00%)
Train Loss: output=0.1745, reconstruction=0.3407
Epoch [166/400]
batch = 0 (Δ=0.175s, 100.00%)
Train Loss: output=0.1745, reconstruction=0.3286
Epoch [167/400]
batch = 0 (Δ=0.177s, 100.00%)
Train Loss: output=0.1743, reconstruction=0.3417
Epoch [168/400]
batch = 0 (Δ=0.176s, 100.00%)
Train Loss: output=0.1745, reconstruction=0.3335
Epoch [169/400]
batch = 0 (Δ=0.177s, 100.00%)
Train Loss: output=0.1747, reconstruction=0.3326
Epoch [170/400]
batch = 0 (Δ=0.177s, 100.00%)
Train Loss: output=0.1746, reconstruction=0.3465
Epoch [171/400]
batch = 0 (Δ=0.180s, 100.00%)
Train Loss: output=0.1744, reconstruction=0.3277
Epoch [172/400]
batch = 0 (Δ=0.178s, 100.00%)
Train Loss: output=0.1745, reconstruction=0.3436
Epoch [173/400]
batch = 0 (Δ=0.177s, 100.00%)
Train Loss: output=0.1748, reconstruction=0.3545
Epoch [174/400]
batch = 0 (Δ=0.175s, 100.00%)
Train Loss: output=0.1749, reconstruction=0.3574
Epoch [175/400]
batch = 0 (Δ=0.177s, 100.00%)
Train Loss: output=0.1749, reconstruction=0.3453
Epoch [176/400]
batch = 0 (Δ=0.180s, 100.00%)
Train Loss: output=0.1749, reconstruction=0.3380
Epoch [177/400]
batch = 0 (Δ=0.176s, 100.00%)
Train Loss: output=0.1749, reconstruction=0.3586
Epoch [178/400]
batch = 0 (Δ=0.176s, 100.00%)
Train Loss: output=0.1750, reconstruction=0.3602
Epoch [179/400]
batch = 0 (Δ=0.177s, 100.00%)
Train Loss: output=0.1750, reconstruction=0.3629
Epoch [180/400]
batch = 0 (Δ=0.178s, 100.00%)
Train Loss: output=0.1750, reconstruction=0.3537
Epoch [181/400]
batch = 0 (Δ=0.177s, 100.00%)
Train Loss: output=0.1750, reconstruction=0.3731
Epoch [182/400]
batch = 0 (Δ=0.177s, 100.00%)
Train Loss: output=0.1750, reconstruction=0.3637
Epoch [183/400]
batch = 0 (Δ=0.176s, 100.00%)
Train Loss: output=0.1750, reconstruction=0.3584
Epoch [184/400]
batch = 0 (Δ=0.176s, 100.00%)
Train Loss: output=0.1750, reconstruction=0.3834
Epoch [185/400]
batch = 0 (Δ=0.175s, 100.00%)
Train Loss: output=0.1750, reconstruction=0.3870
Epoch [186/400]
batch = 0 (Δ=0.179s, 100.00%)
Train Loss: output=0.1750, reconstruction=0.3690
Epoch [187/400]
batch = 0 (Δ=0.176s, 100.00%)
Train Loss: output=0.1750, reconstruction=0.3960
Epoch [188/400]
batch = 0 (Δ=0.176s, 100.00%)
Train Loss: output=0.1750, reconstruction=0.3939
Epoch [189/400]
batch = 0 (Δ=0.177s, 100.00%)
Train Loss: output=0.1750, reconstruction=0.4018
Epoch [190/400]
batch = 0 (Δ=0.177s, 100.00%)
Train Loss: output=0.1750, reconstruction=0.3828
Epoch [191/400]
batch = 0 (Δ=0.175s, 100.00%)
Train Loss: output=0.1750, reconstruction=0.4009
Epoch [192/400]
batch = 0 (Δ=0.176s, 100.00%)
Train Loss: output=0.1750, reconstruction=0.3974
Epoch [193/400]
batch = 0 (Δ=0.175s, 100.00%)
Train Loss: output=0.1750, reconstruction=0.4040
Epoch [194/400]
batch = 0 (Δ=0.176s, 100.00%)
Train Loss: output=0.1750, reconstruction=0.3963
Epoch [195/400]
batch = 0 (Δ=0.177s, 100.00%)
Train Loss: output=0.1750, reconstruction=0.4145
Epoch [196/400]
batch = 0 (Δ=0.174s, 100.00%)
Train Loss: output=0.1751, reconstruction=0.4199
Epoch [197/400]
batch = 0 (Δ=0.178s, 100.00%)
Train Loss: output=0.1752, reconstruction=0.4245
Epoch [198/400]
batch = 0 (Δ=0.243s, 100.00%)
Train Loss: output=0.1752, reconstruction=0.4108
Epoch [199/400]
batch = 0 (Δ=0.175s, 100.00%)
Train Loss: output=0.1751, reconstruction=0.4250
Epoch [200/400]
batch = 0 (Δ=0.176s, 100.00%)
Train Loss: output=0.1746, reconstruction=0.3030
Epoch [201/400]
batch = 0 (Δ=0.171s, 100.00%)
Train Loss: output=0.1746, reconstruction=0.5740
Epoch [202/400]
batch = 0 (Δ=0.172s, 100.00%)
Train Loss: output=0.1746, reconstruction=0.2331
Epoch [203/400]
batch = 0 (Δ=0.172s, 100.00%)
Train Loss: output=0.1745, reconstruction=0.2348
Epoch [204/400]
batch = 0 (Δ=0.171s, 100.00%)
Train Loss: output=0.1748, reconstruction=0.2415
Epoch [205/400]
batch = 0 (Δ=0.171s, 100.00%)
Train Loss: output=0.1749, reconstruction=0.2511
Epoch [206/400]
batch = 0 (Δ=0.169s, 100.00%)
Train Loss: output=0.1748, reconstruction=0.5117
Epoch [207/400]
batch = 0 (Δ=0.171s, 100.00%)
Train Loss: output=0.1746, reconstruction=0.2605
Epoch [208/400]
batch = 0 (Δ=0.173s, 100.00%)
Train Loss: output=0.1748, reconstruction=0.4322
Epoch [209/400]
batch = 0 (Δ=0.172s, 100.00%)
Train Loss: output=0.1751, reconstruction=0.4020
Epoch [210/400]
batch = 0 (Δ=0.175s, 100.00%)
Train Loss: output=0.1751, reconstruction=0.3461
Epoch [211/400]
batch = 0 (Δ=0.190s, 100.00%)
Train Loss: output=0.1750, reconstruction=0.3523
Epoch [212/400]
batch = 0 (Δ=0.186s, 100.00%)
Train Loss: output=0.1750, reconstruction=0.3455
Epoch [213/400]
batch = 0 (Δ=0.171s, 100.00%)
Train Loss: output=0.1750, reconstruction=0.3307
Epoch [214/400]
batch = 0 (Δ=0.168s, 100.00%)
Train Loss: output=0.1750, reconstruction=0.4027
Epoch [215/400]
batch = 0 (Δ=0.172s, 100.00%)
Train Loss: output=0.1749, reconstruction=0.3898
Epoch [216/400]
batch = 0 (Δ=0.170s, 100.00%)
Train Loss: output=0.1749, reconstruction=0.2849
Epoch [217/400]
batch = 0 (Δ=0.164s, 100.00%)
Train Loss: output=0.1748, reconstruction=0.3286
Epoch [218/400]
batch = 0 (Δ=0.164s, 100.00%)
Train Loss: output=0.1748, reconstruction=0.2914
Epoch [219/400]
batch = 0 (Δ=0.172s, 100.00%)
Train Loss: output=0.1748, reconstruction=0.2917
Epoch [220/400]
batch = 0 (Δ=0.170s, 100.00%)
Train Loss: output=0.1749, reconstruction=0.2922
Epoch [221/400]
batch = 0 (Δ=0.167s, 100.00%)
Train Loss: output=0.1750, reconstruction=0.2928
Epoch [222/400]
batch = 0 (Δ=0.169s, 100.00%)
Train Loss: output=0.1749, reconstruction=0.2924
Epoch [223/400]
batch = 0 (Δ=0.172s, 100.00%)
Train Loss: output=0.1749, reconstruction=0.2977
Epoch [224/400]
batch = 0 (Δ=0.168s, 100.00%)
Train Loss: output=0.1750, reconstruction=0.2922
Epoch [225/400]
batch = 0 (Δ=0.166s, 100.00%)
Train Loss: output=0.1751, reconstruction=0.2932
Epoch [226/400]
batch = 0 (Δ=0.169s, 100.00%)
Train Loss: output=0.1751, reconstruction=0.2935
Epoch [227/400]
batch = 0 (Δ=0.171s, 100.00%)
Train Loss: output=0.1751, reconstruction=0.2945
Epoch [228/400]
batch = 0 (Δ=0.171s, 100.00%)
Train Loss: output=0.1750, reconstruction=0.2949
Epoch [229/400]
batch = 0 (Δ=0.165s, 100.00%)
Train Loss: output=0.1750, reconstruction=0.2879
Epoch [230/400]
batch = 0 (Δ=0.172s, 100.00%)
Train Loss: output=0.1750, reconstruction=0.3069
Epoch [231/400]
batch = 0 (Δ=0.171s, 100.00%)
Train Loss: output=0.1748, reconstruction=0.2918
Epoch [232/400]
batch = 0 (Δ=0.172s, 100.00%)
Train Loss: output=0.1748, reconstruction=0.2894
Epoch [233/400]
batch = 0 (Δ=0.166s, 100.00%)
Train Loss: output=0.1749, reconstruction=0.2897
Epoch [234/400]
batch = 0 (Δ=0.167s, 100.00%)
Train Loss: output=0.1749, reconstruction=0.2916
Epoch [235/400]
batch = 0 (Δ=0.167s, 100.00%)
Train Loss: output=0.1748, reconstruction=0.2441
Epoch [236/400]
batch = 0 (Δ=0.170s, 100.00%)
Train Loss: output=0.1748, reconstruction=0.2955
Epoch [237/400]
batch = 0 (Δ=0.167s, 100.00%)
Train Loss: output=0.1747, reconstruction=0.2988
Epoch [238/400]
batch = 0 (Δ=0.174s, 100.00%)
Train Loss: output=0.1748, reconstruction=0.2988
Epoch [239/400]
batch = 0 (Δ=0.177s, 100.00%)
Train Loss: output=0.1748, reconstruction=0.2670
Epoch [240/400]
batch = 0 (Δ=0.178s, 100.00%)
Train Loss: output=0.1747, reconstruction=0.2973
Epoch [241/400]
batch = 0 (Δ=0.175s, 100.00%)
Train Loss: output=0.1746, reconstruction=0.2971
Epoch [242/400]
batch = 0 (Δ=0.173s, 100.00%)
Train Loss: output=0.1746, reconstruction=0.2953
Epoch [243/400]
batch = 0 (Δ=0.179s, 100.00%)
Train Loss: output=0.1743, reconstruction=0.2925
Epoch [244/400]
batch = 0 (Δ=0.172s, 100.00%)
Train Loss: output=0.1740, reconstruction=0.2273
Epoch [245/400]
batch = 0 (Δ=0.167s, 100.00%)
Train Loss: output=0.1737, reconstruction=0.2490
Epoch [246/400]
batch = 0 (Δ=0.166s, 100.00%)
Train Loss: output=0.1736, reconstruction=0.3001
Epoch [247/400]
batch = 0 (Δ=0.171s, 100.00%)
Train Loss: output=0.1734, reconstruction=0.2547
Epoch [248/400]
batch = 0 (Δ=0.169s, 100.00%)
Train Loss: output=0.1733, reconstruction=0.3001
Epoch [249/400]
batch = 0 (Δ=0.166s, 100.00%)
Train Loss: output=0.1734, reconstruction=0.3006
Epoch [250/400]
batch = 0 (Δ=0.173s, 100.00%)
Train Loss: output=0.1735, reconstruction=0.3009
Epoch [251/400]
batch = 0 (Δ=0.177s, 100.00%)
Train Loss: output=0.1735, reconstruction=0.2752
Epoch [252/400]
batch = 0 (Δ=0.179s, 100.00%)
Train Loss: output=0.1736, reconstruction=0.2761
Epoch [253/400]
batch = 0 (Δ=0.173s, 100.00%)
Train Loss: output=0.1738, reconstruction=0.2687
Epoch [254/400]
batch = 0 (Δ=0.171s, 100.00%)
Train Loss: output=0.1740, reconstruction=0.3020
Epoch [255/400]
batch = 0 (Δ=0.180s, 100.00%)
Train Loss: output=0.1742, reconstruction=0.3024
Epoch [256/400]
batch = 0 (Δ=0.173s, 100.00%)
Train Loss: output=0.1743, reconstruction=0.2702
Epoch [257/400]
batch = 0 (Δ=0.171s, 100.00%)
Train Loss: output=0.1743, reconstruction=0.2823
Epoch [258/400]
batch = 0 (Δ=0.172s, 100.00%)
Train Loss: output=0.1742, reconstruction=0.3039
Epoch [259/400]
batch = 0 (Δ=0.177s, 100.00%)
Train Loss: output=0.1744, reconstruction=0.3042
Epoch [260/400]
batch = 0 (Δ=0.175s, 100.00%)
Train Loss: output=0.1745, reconstruction=0.3038
Epoch [261/400]
batch = 0 (Δ=0.239s, 100.00%)
Train Loss: output=0.1745, reconstruction=0.2605
Epoch [262/400]
batch = 0 (Δ=0.175s, 100.00%)
Train Loss: output=0.1748, reconstruction=0.2717
Epoch [263/400]
batch = 0 (Δ=0.180s, 100.00%)
Train Loss: output=0.1749, reconstruction=0.2976
Epoch [264/400]
batch = 0 (Δ=0.180s, 100.00%)
Train Loss: output=0.1750, reconstruction=0.2753
Epoch [265/400]
batch = 0 (Δ=0.170s, 100.00%)
Train Loss: output=0.1747, reconstruction=0.2551
Epoch [266/400]
batch = 0 (Δ=0.177s, 100.00%)
Train Loss: output=0.1745, reconstruction=0.2721
Epoch [267/400]
batch = 0 (Δ=0.178s, 100.00%)
Train Loss: output=0.1745, reconstruction=0.2561
Epoch [268/400]
batch = 0 (Δ=0.172s, 100.00%)
Train Loss: output=0.1748, reconstruction=0.3038
Epoch [269/400]
batch = 0 (Δ=0.172s, 100.00%)
Train Loss: output=0.1750, reconstruction=0.2977
Epoch [270/400]
batch = 0 (Δ=0.174s, 100.00%)
Train Loss: output=0.1751, reconstruction=0.2808
Epoch [271/400]
batch = 0 (Δ=0.169s, 100.00%)
Train Loss: output=0.1753, reconstruction=0.3054
Epoch [272/400]
batch = 0 (Δ=0.176s, 100.00%)
Train Loss: output=0.1754, reconstruction=0.3063
Epoch [273/400]
batch = 0 (Δ=0.175s, 100.00%)
Train Loss: output=0.1754, reconstruction=0.2961
Epoch [274/400]
batch = 0 (Δ=0.175s, 100.00%)
Train Loss: output=0.1756, reconstruction=0.3056
Epoch [275/400]
batch = 0 (Δ=0.178s, 100.00%)
Train Loss: output=0.1755, reconstruction=0.2570
Epoch [276/400]
batch = 0 (Δ=0.176s, 100.00%)
Train Loss: output=0.1754, reconstruction=0.1945
Epoch [277/400]
batch = 0 (Δ=0.172s, 100.00%)
Train Loss: output=0.1754, reconstruction=0.1517
Epoch [278/400]
batch = 0 (Δ=0.173s, 100.00%)
Train Loss: output=0.1755, reconstruction=0.1333
Epoch [279/400]
batch = 0 (Δ=0.172s, 100.00%)
Train Loss: output=0.1756, reconstruction=0.1340
Epoch [280/400]
batch = 0 (Δ=0.170s, 100.00%)
Train Loss: output=0.1754, reconstruction=0.1342
Epoch [281/400]
batch = 0 (Δ=0.171s, 100.00%)
Train Loss: output=0.1754, reconstruction=0.1334
Epoch [282/400]
batch = 0 (Δ=0.171s, 100.00%)
Train Loss: output=0.1753, reconstruction=0.1694
Epoch [283/400]
batch = 0 (Δ=0.171s, 100.00%)
Train Loss: output=0.1758, reconstruction=0.1816
Epoch [284/400]
batch = 0 (Δ=0.175s, 100.00%)
Train Loss: output=0.1746, reconstruction=0.1665
Epoch [285/400]
batch = 0 (Δ=0.174s, 100.00%)
Train Loss: output=0.1744, reconstruction=0.1286
Epoch [286/400]
batch = 0 (Δ=0.170s, 100.00%)
Train Loss: output=0.1743, reconstruction=0.1914
Epoch [287/400]
batch = 0 (Δ=0.172s, 100.00%)
Train Loss: output=0.1750, reconstruction=0.1877
Epoch [288/400]
batch = 0 (Δ=0.176s, 100.00%)
Train Loss: output=0.1762, reconstruction=0.1622
Epoch [289/400]
batch = 0 (Δ=0.172s, 100.00%)
Train Loss: output=0.1782, reconstruction=0.1969
Epoch [290/400]
batch = 0 (Δ=0.174s, 100.00%)
Train Loss: output=0.1766, reconstruction=0.1481
Epoch [291/400]
batch = 0 (Δ=0.176s, 100.00%)
Train Loss: output=0.1750, reconstruction=0.1338
Epoch [292/400]
batch = 0 (Δ=0.173s, 100.00%)
Train Loss: output=0.1738, reconstruction=0.1317
Epoch [293/400]
batch = 0 (Δ=0.171s, 100.00%)
Train Loss: output=0.1733, reconstruction=0.1276
Epoch [294/400]
batch = 0 (Δ=0.176s, 100.00%)
Train Loss: output=0.1733, reconstruction=0.1500
Epoch [295/400]
batch = 0 (Δ=0.169s, 100.00%)
Train Loss: output=0.1741, reconstruction=0.1865
Epoch [296/400]
batch = 0 (Δ=0.174s, 100.00%)
Train Loss: output=0.1749, reconstruction=0.1094
Epoch [297/400]
batch = 0 (Δ=0.175s, 100.00%)
Train Loss: output=0.1750, reconstruction=0.1760
Epoch [298/400]
batch = 0 (Δ=0.176s, 100.00%)
Train Loss: output=0.1750, reconstruction=0.1910
Epoch [299/400]
batch = 0 (Δ=0.176s, 100.00%)
Train Loss: output=0.1751, reconstruction=0.1786
Epoch [300/400]
batch = 0 (Δ=0.179s, 100.00%)
Train Loss: output=0.1751, reconstruction=0.1753
Epoch [301/400]
batch = 0 (Δ=0.177s, 100.00%)
Train Loss: output=0.1752, reconstruction=0.2385
Epoch [302/400]
batch = 0 (Δ=0.172s, 100.00%)
Train Loss: output=0.1752, reconstruction=0.1519
Epoch [303/400]
batch = 0 (Δ=0.171s, 100.00%)
Train Loss: output=0.1752, reconstruction=0.1210
Epoch [304/400]
batch = 0 (Δ=0.173s, 100.00%)
Train Loss: output=0.1752, reconstruction=0.1675
Epoch [305/400]
batch = 0 (Δ=0.168s, 100.00%)
Train Loss: output=0.1752, reconstruction=0.1899
Epoch [306/400]
batch = 0 (Δ=0.170s, 100.00%)
Train Loss: output=0.1754, reconstruction=0.1268
Epoch [307/400]
batch = 0 (Δ=0.170s, 100.00%)
Train Loss: output=0.1760, reconstruction=0.1549
Epoch [308/400]
batch = 0 (Δ=0.173s, 100.00%)
Train Loss: output=0.1765, reconstruction=0.2535
Epoch [309/400]
batch = 0 (Δ=0.170s, 100.00%)
Train Loss: output=0.1762, reconstruction=0.3001
Epoch [310/400]
batch = 0 (Δ=0.174s, 100.00%)
Train Loss: output=0.1760, reconstruction=0.1646
Epoch [311/400]
batch = 0 (Δ=0.175s, 100.00%)
Train Loss: output=0.1758, reconstruction=0.1913
Epoch [312/400]
batch = 0 (Δ=0.173s, 100.00%)
Train Loss: output=0.1756, reconstruction=0.2685
Epoch [313/400]
batch = 0 (Δ=0.173s, 100.00%)
Train Loss: output=0.1753, reconstruction=0.1516
Epoch [314/400]
batch = 0 (Δ=0.180s, 100.00%)
Train Loss: output=0.1752, reconstruction=0.1803
Epoch [315/400]
batch = 0 (Δ=0.173s, 100.00%)
Train Loss: output=0.1750, reconstruction=0.1501
Epoch [316/400]
batch = 0 (Δ=0.172s, 100.00%)
Train Loss: output=0.1750, reconstruction=0.2046
Epoch [317/400]
batch = 0 (Δ=0.251s, 100.00%)
Train Loss: output=0.1749, reconstruction=0.1335
Epoch [318/400]
batch = 0 (Δ=0.177s, 100.00%)
Train Loss: output=0.1749, reconstruction=0.1324
Epoch [319/400]
batch = 0 (Δ=0.171s, 100.00%)
Train Loss: output=0.1750, reconstruction=0.2280
Epoch [320/400]
batch = 0 (Δ=0.174s, 100.00%)
Train Loss: output=0.1749, reconstruction=0.2067
Epoch [321/400]
batch = 0 (Δ=0.173s, 100.00%)
Train Loss: output=0.1749, reconstruction=0.1327
Epoch [322/400]
batch = 0 (Δ=0.175s, 100.00%)
Train Loss: output=0.1749, reconstruction=0.1333
Epoch [323/400]
batch = 0 (Δ=0.180s, 100.00%)
Train Loss: output=0.1750, reconstruction=0.1349
Epoch [324/400]
batch = 0 (Δ=0.179s, 100.00%)
Train Loss: output=0.1750, reconstruction=0.1320
Epoch [325/400]
batch = 0 (Δ=0.166s, 100.00%)
Train Loss: output=0.1750, reconstruction=0.1316
Epoch [326/400]
batch = 0 (Δ=0.170s, 100.00%)
Train Loss: output=0.1750, reconstruction=0.1319
Epoch [327/400]
batch = 0 (Δ=0.168s, 100.00%)
Train Loss: output=0.1749, reconstruction=0.2375
Epoch [328/400]
batch = 0 (Δ=0.168s, 100.00%)
Train Loss: output=0.1748, reconstruction=0.1333
Epoch [329/400]
batch = 0 (Δ=0.169s, 100.00%)
Train Loss: output=0.1749, reconstruction=0.1358
Epoch [330/400]
batch = 0 (Δ=0.169s, 100.00%)
Train Loss: output=0.1749, reconstruction=0.1352
Epoch [331/400]
batch = 0 (Δ=0.173s, 100.00%)
Train Loss: output=0.1750, reconstruction=0.1349
Epoch [332/400]
batch = 0 (Δ=0.171s, 100.00%)
Train Loss: output=0.1749, reconstruction=0.1338
Epoch [333/400]
batch = 0 (Δ=0.176s, 100.00%)
Train Loss: output=0.1751, reconstruction=0.1352
Epoch [334/400]
batch = 0 (Δ=0.173s, 100.00%)
Train Loss: output=0.1750, reconstruction=0.1337
Epoch [335/400]
batch = 0 (Δ=0.173s, 100.00%)
Train Loss: output=0.1751, reconstruction=0.2422
Epoch [336/400]
batch = 0 (Δ=0.177s, 100.00%)
Train Loss: output=0.1751, reconstruction=0.1630
Epoch [337/400]
batch = 0 (Δ=0.172s, 100.00%)
Train Loss: output=0.1752, reconstruction=0.1352
Epoch [338/400]
batch = 0 (Δ=0.174s, 100.00%)
Train Loss: output=0.1752, reconstruction=0.1361
Epoch [339/400]
batch = 0 (Δ=0.178s, 100.00%)
Train Loss: output=0.1753, reconstruction=0.1364
Epoch [340/400]
batch = 0 (Δ=0.176s, 100.00%)
Train Loss: output=0.1755, reconstruction=0.1848
Epoch [341/400]
batch = 0 (Δ=0.177s, 100.00%)
Train Loss: output=0.1755, reconstruction=0.1388
Epoch [342/400]
batch = 0 (Δ=0.176s, 100.00%)
Train Loss: output=0.1752, reconstruction=0.2763
Epoch [343/400]
batch = 0 (Δ=0.174s, 100.00%)
Train Loss: output=0.1751, reconstruction=0.1869
Epoch [344/400]
batch = 0 (Δ=0.172s, 100.00%)
Train Loss: output=0.1752, reconstruction=0.1419
Epoch [345/400]
batch = 0 (Δ=0.178s, 100.00%)
Train Loss: output=0.1751, reconstruction=0.2794
Epoch [346/400]
batch = 0 (Δ=0.177s, 100.00%)
Train Loss: output=0.1752, reconstruction=0.1941
Epoch [347/400]
batch = 0 (Δ=0.180s, 100.00%)
Train Loss: output=0.1751, reconstruction=0.1888
Epoch [348/400]
batch = 0 (Δ=0.180s, 100.00%)
Train Loss: output=0.1753, reconstruction=0.1533
Epoch [349/400]
batch = 0 (Δ=0.178s, 100.00%)
Train Loss: output=0.1751, reconstruction=0.1977
Epoch [350/400]
batch = 0 (Δ=0.176s, 100.00%)
Train Loss: output=0.1749, reconstruction=0.1618
Epoch [351/400]
batch = 0 (Δ=0.178s, 100.00%)
Train Loss: output=0.1751, reconstruction=0.2907
Epoch [352/400]
batch = 0 (Δ=0.169s, 100.00%)
Train Loss: output=0.1755, reconstruction=0.2872
Epoch [353/400]
batch = 0 (Δ=0.165s, 100.00%)
Train Loss: output=0.1813, reconstruction=0.3433
Epoch [354/400]
batch = 0 (Δ=0.167s, 100.00%)
Train Loss: output=0.1812, reconstruction=0.3611
Epoch [355/400]
batch = 0 (Δ=0.167s, 100.00%)
Train Loss: output=0.1800, reconstruction=0.4063
Epoch [356/400]
batch = 0 (Δ=0.170s, 100.00%)
Train Loss: output=0.1791, reconstruction=0.3955
Epoch [357/400]
batch = 0 (Δ=0.171s, 100.00%)
Train Loss: output=0.1801, reconstruction=0.4326
Epoch [358/400]
batch = 0 (Δ=0.176s, 100.00%)
Train Loss: output=0.1785, reconstruction=0.4260
Epoch [359/400]
batch = 0 (Δ=0.172s, 100.00%)
Train Loss: output=0.1807, reconstruction=0.3485
Epoch [360/400]
batch = 0 (Δ=0.173s, 100.00%)
Train Loss: output=0.1795, reconstruction=0.3481
Epoch [361/400]
batch = 0 (Δ=0.173s, 100.00%)
Train Loss: output=0.1790, reconstruction=0.4088
Epoch [362/400]
batch = 0 (Δ=0.175s, 100.00%)
Train Loss: output=0.1767, reconstruction=0.4008
Epoch [363/400]
batch = 0 (Δ=0.174s, 100.00%)
Train Loss: output=0.1762, reconstruction=0.2947
Epoch [364/400]
batch = 0 (Δ=0.175s, 100.00%)
Train Loss: output=0.1784, reconstruction=0.3476
Epoch [365/400]
batch = 0 (Δ=0.174s, 100.00%)
Train Loss: output=0.1753, reconstruction=0.3879
Epoch [366/400]
batch = 0 (Δ=0.176s, 100.00%)
Train Loss: output=0.1764, reconstruction=0.3636
Epoch [367/400]
batch = 0 (Δ=0.175s, 100.00%)
Train Loss: output=0.1753, reconstruction=0.3315
Epoch [368/400]
batch = 0 (Δ=0.173s, 100.00%)
Train Loss: output=0.1763, reconstruction=0.4183
Epoch [369/400]
batch = 0 (Δ=0.175s, 100.00%)
Train Loss: output=0.1782, reconstruction=0.3212
Epoch [370/400]
batch = 0 (Δ=0.176s, 100.00%)
Train Loss: output=0.1756, reconstruction=0.3166
Epoch [371/400]
batch = 0 (Δ=0.197s, 100.00%)
Train Loss: output=0.1766, reconstruction=0.3268
Epoch [372/400]
batch = 0 (Δ=0.326s, 100.00%)
Train Loss: output=0.1757, reconstruction=0.3167
Epoch [373/400]
batch = 0 (Δ=0.207s, 100.00%)
Train Loss: output=0.1767, reconstruction=0.3121
Epoch [374/400]
batch = 0 (Δ=0.190s, 100.00%)
Train Loss: output=0.1789, reconstruction=0.2721
Epoch [375/400]
batch = 0 (Δ=0.195s, 100.00%)
Train Loss: output=0.1770, reconstruction=0.3056
Epoch [376/400]
batch = 0 (Δ=0.213s, 100.00%)
Train Loss: output=0.1764, reconstruction=0.3505
Epoch [377/400]
batch = 0 (Δ=0.254s, 100.00%)
Train Loss: output=0.1765, reconstruction=0.3597
Epoch [378/400]
batch = 0 (Δ=0.188s, 100.00%)
Train Loss: output=0.1769, reconstruction=0.3019
Epoch [379/400]
batch = 0 (Δ=0.256s, 100.00%)
Train Loss: output=0.1778, reconstruction=0.3388
Epoch [380/400]
batch = 0 (Δ=0.215s, 100.00%)
Train Loss: output=0.1772, reconstruction=0.3094
Epoch [381/400]
batch = 0 (Δ=0.205s, 100.00%)
Train Loss: output=0.1772, reconstruction=0.3439
Epoch [382/400]
batch = 0 (Δ=0.226s, 100.00%)
Train Loss: output=0.1778, reconstruction=0.3165
Epoch [383/400]
batch = 0 (Δ=0.199s, 100.00%)
Train Loss: output=0.1775, reconstruction=0.3072
Epoch [384/400]
batch = 0 (Δ=0.212s, 100.00%)
Train Loss: output=0.1777, reconstruction=0.3095
Epoch [385/400]
batch = 0 (Δ=0.194s, 100.00%)
Train Loss: output=0.1775, reconstruction=0.3003
Epoch [386/400]
batch = 0 (Δ=0.230s, 100.00%)
Train Loss: output=0.1772, reconstruction=0.3276
Epoch [387/400]
batch = 0 (Δ=0.253s, 100.00%)
Train Loss: output=0.1773, reconstruction=0.3318
Epoch [388/400]
batch = 0 (Δ=0.193s, 100.00%)
Train Loss: output=0.1774, reconstruction=0.3091
Epoch [389/400]
batch = 0 (Δ=0.260s, 100.00%)
Train Loss: output=0.1773, reconstruction=0.2994
Epoch [390/400]
batch = 0 (Δ=0.242s, 100.00%)
Train Loss: output=0.1771, reconstruction=0.3342
Epoch [391/400]
batch = 0 (Δ=0.196s, 100.00%)
Train Loss: output=0.1768, reconstruction=0.3584
Epoch [392/400]
batch = 0 (Δ=0.255s, 100.00%)
Train Loss: output=0.1765, reconstruction=0.3408
Epoch [393/400]
batch = 0 (Δ=0.257s, 100.00%)
Train Loss: output=0.1765, reconstruction=0.3506
Epoch [394/400]
batch = 0 (Δ=0.192s, 100.00%)
Train Loss: output=0.1766, reconstruction=0.3161
Epoch [395/400]
batch = 0 (Δ=0.255s, 100.00%)
Train Loss: output=0.1764, reconstruction=0.3675
Epoch [396/400]
batch = 0 (Δ=0.260s, 100.00%)
Train Loss: output=0.1762, reconstruction=0.3794
Epoch [397/400]
batch = 0 (Δ=0.193s, 100.00%)
Train Loss: output=0.1761, reconstruction=0.3674
Epoch [398/400]
batch = 0 (Δ=0.261s, 100.00%)
Train Loss: output=0.1761, reconstruction=0.3604
Epoch [399/400]
batch = 0 (Δ=0.247s, 100.00%)
Train Loss: output=0.1762, reconstruction=0.3864
Epoch [400/400]
batch = 0 (Δ=0.191s, 100.00%)
Train Loss: output=0.1759, reconstruction=0.3653
Final Stats:
=== Selected operation grammar ===
batch = 0 (Δ=0.270s, 100.00%)
=== Input Reconstruction (test) ===
  row[0] input='hello world' -> reconstructed='' label=0.0000 predicted=0.5056 MISMATCH
  row[1] input='hello there' -> reconstructed='' label=1.0000 predicted=0.5035 MISMATCH
  row[2] input='loving world' -> reconstructed='' label=1.0000 predicted=0.5017 MISMATCH
  row[3] input='loving there' -> reconstructed='' label=0.0000 predicted=0.5035 MISMATCH
=============================== warnings summary ===============================
test/test_explicit_dimensions.py::TestXorGrammarLearnsXor::test_xor_class_accuracy
  /Users/arogers/github/WikiOracle/basicmodel/bin/Models.py:7631: RuntimeWarning: output_state_boundary [config /Users/arogers/github/WikiOracle/basicmodel/data/XOR_grammar.xml]: supervised outputs with reconstruction and answerSynthesis=false use the direct head: output gradients train the whole input state; enable answerSynthesis for the concluded-idea state boundary
    warnings.warn(f"{site} [config {cfg}]: {detail}", RuntimeWarning)

test/test_explicit_dimensions.py::TestXorGrammarLearnsXor::test_xor_class_accuracy
  /Users/arogers/github/WikiOracle/basicmodel/.venv/lib/python3.12/site-packages/torch/utils/_device.py:122: UserWarning: Sparse invariant checks are implicitly disabled. Memory errors (e.g. SEGFAULT) will occur when operating on a sparse tensor which violates the invariants, but checks incur performance overhead. To silence this warning, explicitly opt in or out. See `torch.sparse.check_sparse_tensor_invariants.__doc__` for guidance.  (Triggered internally at /Users/runner/work/pytorch/pytorch/aten/src/ATen/Context.cpp:855.)
    return func(*args, **kwargs)

test/test_explicit_dimensions.py::TestXorGrammarLearnsXor::test_xor_class_accuracy
  /Users/arogers/github/WikiOracle/basicmodel/.venv/lib/python3.12/site-packages/torch/utils/_device.py:122: UserWarning: Converting a tensor with requires_grad=True to a scalar may lead to unexpected behavior.
  Consider using tensor.detach() first. (Triggered internally at /Users/runner/work/pytorch/pytorch/torch/csrc/autograd/generated/python_variable_methods.cpp:821.)
    return func(*args, **kwargs)

-- Docs: https://docs.pytest.org/en/stable/how-to/capture-warnings.html
=========================== short test summary info ============================
FAILED test/test_explicit_dimensions.py::TestXorGrammarLearnsXor::test_xor_class_accuracy
1 failed, 3 warnings in 75.29s (0:01:15)
