Device: cpu
/Users/arogers/github/WikiOracle/basicmodel/.venv/lib/python3.12/site-packages/torch/utils/_device.py:122: UserWarning: Sparse invariant checks are implicitly disabled. Memory errors (e.g. SEGFAULT) will occur when operating on a sparse tensor which violates the invariants, but checks incur performance overhead. To silence this warning, explicitly opt in or out. See `torch.sparse.check_sparse_tensor_invariants.__doc__` for guidance.  (Triggered internally at /Users/runner/work/pytorch/pytorch/aten/src/ATen/Context.cpp:855.)
  return func(*args, **kwargs)
Peer pipeline: static PS/WS stage bodies compiled separately; legacy compatibility scheduler remains outside fullgraph capture


==== BasicModel ====

Trial [1/1]
Baseline test pass skipped (--test not specified). Re-invoke train.py with --test to include baseline + post-epoch evaluation.
Epoch [1/400]
[AMP] off (fp32, MODEL_AMP unset or =off)
batch = 0 (warm-up, 100.00%)
Training throughput: 1 batches in 0.683s; word units 100.0% of 8 words (letters-only 100.0% of 8).
Train Loss: output=0.1898, reconstruction=0.8412
Epoch [2/400]
batch = 0 (Δ=0.263s, 100.00%)
Training throughput: 1 batches in 0.261s; word units 100.0% of 8 words (letters-only 100.0% of 8).
Train Loss: output=0.1862, reconstruction=0.5022
Epoch [3/400]
batch = 0 (Δ=0.260s, 100.00%)
Training throughput: 1 batches in 0.259s; word units 100.0% of 8 words (letters-only 100.0% of 8).
Train Loss: output=0.1761, reconstruction=0.5741
Epoch [4/400]
batch = 0 (Δ=0.259s, 100.00%)
Training throughput: 1 batches in 0.258s; word units 100.0% of 8 words (letters-only 100.0% of 8).
Train Loss: output=0.1855, reconstruction=0.6429
Epoch [5/400]
batch = 0 (Δ=0.265s, 100.00%)
Training throughput: 1 batches in 0.264s; word units 100.0% of 8 words (letters-only 100.0% of 8).
Train Loss: output=0.1752, reconstruction=0.7054
Epoch [6/400]
batch = 0 (Δ=0.259s, 100.00%)
Training throughput: 1 batches in 0.258s; word units 100.0% of 8 words (letters-only 100.0% of 8).
Train Loss: output=0.1817, reconstruction=0.9021
Epoch [7/400]
batch = 0 (Δ=0.261s, 100.00%)
Training throughput: 1 batches in 0.260s; word units 100.0% of 8 words (letters-only 100.0% of 8).
Train Loss: output=0.1773, reconstruction=0.9496
Epoch [8/400]
batch = 0 (Δ=0.262s, 100.00%)
Training throughput: 1 batches in 0.261s; word units 100.0% of 8 words (letters-only 100.0% of 8).
Train Loss: output=0.1772, reconstruction=0.9913
Epoch [9/400]
batch = 0 (Δ=0.265s, 100.00%)
Training throughput: 1 batches in 0.264s; word units 100.0% of 8 words (letters-only 100.0% of 8).
Train Loss: output=0.1795, reconstruction=1.0279
Epoch [10/400]
batch = 0 (Δ=0.262s, 100.00%)
Training throughput: 1 batches in 0.261s; word units 100.0% of 8 words (letters-only 100.0% of 8).
Train Loss: output=0.1750, reconstruction=1.0601
Epoch [11/400]
batch = 0 (Δ=0.261s, 100.00%)
Training throughput: 1 batches in 0.260s; word units 100.0% of 8 words (letters-only 100.0% of 8).
Train Loss: output=0.1779, reconstruction=1.3944
Epoch [12/400]
batch = 0 (Δ=0.265s, 100.00%)
Training throughput: 1 batches in 0.264s; word units 100.0% of 8 words (letters-only 100.0% of 8).
Train Loss: output=0.1769, reconstruction=1.4235
Epoch [13/400]
batch = 0 (Δ=0.262s, 100.00%)
Training throughput: 1 batches in 0.261s; word units 100.0% of 8 words (letters-only 100.0% of 8).
Train Loss: output=0.1751, reconstruction=1.4493
Epoch [14/400]
batch = 0 (Δ=0.264s, 100.00%)
Training throughput: 1 batches in 0.263s; word units 100.0% of 8 words (letters-only 100.0% of 8).
Train Loss: output=0.1767, reconstruction=1.4722
Epoch [15/400]
batch = 0 (Δ=0.344s, 100.00%)
Training throughput: 1 batches in 0.342s; word units 100.0% of 8 words (letters-only 100.0% of 8).
Train Loss: output=0.1764, reconstruction=1.4924
Epoch [16/400]
batch = 0 (Δ=0.264s, 100.00%)
Training throughput: 1 batches in 0.262s; word units 100.0% of 8 words (letters-only 100.0% of 8).
Train Loss: output=0.1750, reconstruction=1.5104
Epoch [17/400]
batch = 0 (Δ=0.263s, 100.00%)
Training throughput: 1 batches in 0.262s; word units 100.0% of 8 words (letters-only 100.0% of 8).
Train Loss: output=0.1755, reconstruction=1.5263
Epoch [18/400]
batch = 0 (Δ=0.262s, 100.00%)
Training throughput: 1 batches in 0.261s; word units 100.0% of 8 words (letters-only 100.0% of 8).
Train Loss: output=0.1761, reconstruction=1.5404
Epoch [19/400]
batch = 0 (Δ=0.261s, 100.00%)
Training throughput: 1 batches in 0.260s; word units 100.0% of 8 words (letters-only 100.0% of 8).
Train Loss: output=0.1756, reconstruction=1.5529
Epoch [20/400]
batch = 0 (Δ=0.263s, 100.00%)
Training throughput: 1 batches in 0.262s; word units 100.0% of 8 words (letters-only 100.0% of 8).
Train Loss: output=0.1751, reconstruction=1.5641
Epoch [21/400]
batch = 0 (Δ=0.267s, 100.00%)
Training throughput: 1 batches in 0.266s; word units 100.0% of 8 words (letters-only 100.0% of 8).
Train Loss: output=0.1751, reconstruction=1.5739
Epoch [22/400]
batch = 0 (Δ=0.266s, 100.00%)
Training throughput: 1 batches in 0.265s; word units 100.0% of 8 words (letters-only 100.0% of 8).
Train Loss: output=0.1753, reconstruction=1.5827
Epoch [23/400]
batch = 0 (Δ=0.263s, 100.00%)
Training throughput: 1 batches in 0.262s; word units 100.0% of 8 words (letters-only 100.0% of 8).
Train Loss: output=0.1754, reconstruction=1.5905
Epoch [24/400]
batch = 0 (Δ=0.265s, 100.00%)
Training throughput: 1 batches in 0.264s; word units 100.0% of 8 words (letters-only 100.0% of 8).
Train Loss: output=0.1753, reconstruction=1.5974
Epoch [25/400]
batch = 0 (Δ=0.267s, 100.00%)
Training throughput: 1 batches in 0.266s; word units 100.0% of 8 words (letters-only 100.0% of 8).
Train Loss: output=0.1751, reconstruction=1.6035
Epoch [26/400]
batch = 0 (Δ=0.264s, 100.00%)
Training throughput: 1 batches in 0.263s; word units 100.0% of 8 words (letters-only 100.0% of 8).
Train Loss: output=0.1750, reconstruction=1.6089
Epoch [27/400]
batch = 0 (Δ=0.263s, 100.00%)
Training throughput: 1 batches in 0.262s; word units 100.0% of 8 words (letters-only 100.0% of 8).
Train Loss: output=0.1750, reconstruction=1.6137
Epoch [28/400]
batch = 0 (Δ=0.265s, 100.00%)
Training throughput: 1 batches in 0.264s; word units 100.0% of 8 words (letters-only 100.0% of 8).
Train Loss: output=0.1750, reconstruction=1.6179
Epoch [29/400]
batch = 0 (Δ=0.267s, 100.00%)
Training throughput: 1 batches in 0.266s; word units 100.0% of 8 words (letters-only 100.0% of 8).
Train Loss: output=0.1750, reconstruction=1.6217
Epoch [30/400]
batch = 0 (Δ=0.266s, 100.00%)
Training throughput: 1 batches in 0.264s; word units 100.0% of 8 words (letters-only 100.0% of 8).
Train Loss: output=0.1751, reconstruction=1.6250
Epoch [31/400]
batch = 0 (Δ=0.348s, 100.00%)
Training throughput: 1 batches in 0.347s; word units 100.0% of 8 words (letters-only 100.0% of 8).
Train Loss: output=0.1751, reconstruction=1.6279
Epoch [32/400]
batch = 0 (Δ=0.265s, 100.00%)
Training throughput: 1 batches in 0.264s; word units 100.0% of 8 words (letters-only 100.0% of 8).
Train Loss: output=0.1751, reconstruction=1.6305
Epoch [33/400]
batch = 0 (Δ=0.265s, 100.00%)
Training throughput: 1 batches in 0.263s; word units 100.0% of 8 words (letters-only 100.0% of 8).
Train Loss: output=0.1751, reconstruction=1.6328
Epoch [34/400]
batch = 0 (Δ=0.265s, 100.00%)
Training throughput: 1 batches in 0.264s; word units 100.0% of 8 words (letters-only 100.0% of 8).
Train Loss: output=0.1751, reconstruction=1.6348
Epoch [35/400]
batch = 0 (Δ=0.264s, 100.00%)
Training throughput: 1 batches in 0.263s; word units 100.0% of 8 words (letters-only 100.0% of 8).
Train Loss: output=0.1750, reconstruction=1.6365
Epoch [36/400]
batch = 0 (Δ=0.269s, 100.00%)
Training throughput: 1 batches in 0.267s; word units 100.0% of 8 words (letters-only 100.0% of 8).
Train Loss: output=0.1750, reconstruction=1.6381
Epoch [37/400]
batch = 0 (Δ=0.269s, 100.00%)
Training throughput: 1 batches in 0.268s; word units 100.0% of 8 words (letters-only 100.0% of 8).
Train Loss: output=0.1750, reconstruction=1.6394
Epoch [38/400]
batch = 0 (Δ=0.266s, 100.00%)
Training throughput: 1 batches in 0.265s; word units 100.0% of 8 words (letters-only 100.0% of 8).
Train Loss: output=0.1750, reconstruction=1.6406
Epoch [39/400]
batch = 0 (Δ=0.264s, 100.00%)
Training throughput: 1 batches in 0.263s; word units 100.0% of 8 words (letters-only 100.0% of 8).
Train Loss: output=0.1750, reconstruction=1.6416
Epoch [40/400]
batch = 0 (Δ=0.267s, 100.00%)
Training throughput: 1 batches in 0.266s; word units 100.0% of 8 words (letters-only 100.0% of 8).
Train Loss: output=0.1750, reconstruction=1.6425
Epoch [41/400]
batch = 0 (Δ=0.268s, 100.00%)
Training throughput: 1 batches in 0.267s; word units 100.0% of 8 words (letters-only 100.0% of 8).
Train Loss: output=0.1750, reconstruction=1.6432
Epoch [42/400]
batch = 0 (Δ=0.266s, 100.00%)
Training throughput: 1 batches in 0.265s; word units 100.0% of 8 words (letters-only 100.0% of 8).
Train Loss: output=0.1750, reconstruction=1.6438
Epoch [43/400]
batch = 0 (Δ=0.264s, 100.00%)
Training throughput: 1 batches in 0.263s; word units 100.0% of 8 words (letters-only 100.0% of 8).
Train Loss: output=0.1750, reconstruction=1.6444
Epoch [44/400]
batch = 0 (Δ=0.266s, 100.00%)
Training throughput: 1 batches in 0.265s; word units 100.0% of 8 words (letters-only 100.0% of 8).
Train Loss: output=0.1750, reconstruction=1.6448
Epoch [45/400]
batch = 0 (Δ=0.267s, 100.00%)
Training throughput: 1 batches in 0.266s; word units 100.0% of 8 words (letters-only 100.0% of 8).
Train Loss: output=0.1750, reconstruction=1.6452
Epoch [46/400]
batch = 0 (Δ=0.269s, 100.00%)
Training throughput: 1 batches in 0.268s; word units 100.0% of 8 words (letters-only 100.0% of 8).
Train Loss: output=0.1750, reconstruction=1.6455
Epoch [47/400]
batch = 0 (Δ=0.343s, 100.00%)
Training throughput: 1 batches in 0.342s; word units 100.0% of 8 words (letters-only 100.0% of 8).
Train Loss: output=0.1750, reconstruction=1.6458
Epoch [48/400]
batch = 0 (Δ=0.273s, 100.00%)
Training throughput: 1 batches in 0.272s; word units 100.0% of 8 words (letters-only 100.0% of 8).
Train Loss: output=0.1750, reconstruction=1.6460
Epoch [49/400]
batch = 0 (Δ=0.268s, 100.00%)
Training throughput: 1 batches in 0.267s; word units 100.0% of 8 words (letters-only 100.0% of 8).
Train Loss: output=0.1750, reconstruction=1.6462
Epoch [50/400]
batch = 0 (Δ=0.266s, 100.00%)
Training throughput: 1 batches in 0.265s; word units 100.0% of 8 words (letters-only 100.0% of 8).
Train Loss: output=0.1750, reconstruction=1.6463
Epoch [51/400]
batch = 0 (Δ=0.268s, 100.00%)
Training throughput: 1 batches in 0.267s; word units 100.0% of 8 words (letters-only 100.0% of 8).
Train Loss: output=0.1750, reconstruction=1.6463
Epoch [52/400]
batch = 0 (Δ=0.264s, 100.00%)
Training throughput: 1 batches in 0.263s; word units 100.0% of 8 words (letters-only 100.0% of 8).
Train Loss: output=0.1750, reconstruction=1.6464
Epoch [53/400]
batch = 0 (Δ=0.268s, 100.00%)
Training throughput: 1 batches in 0.267s; word units 100.0% of 8 words (letters-only 100.0% of 8).
Train Loss: output=0.1750, reconstruction=1.6464
Epoch [54/400]
batch = 0 (Δ=0.269s, 100.00%)
Training throughput: 1 batches in 0.268s; word units 100.0% of 8 words (letters-only 100.0% of 8).
Train Loss: output=0.1750, reconstruction=1.6464
Epoch [55/400]
batch = 0 (Δ=0.267s, 100.00%)
Training throughput: 1 batches in 0.266s; word units 100.0% of 8 words (letters-only 100.0% of 8).
Train Loss: output=0.1750, reconstruction=1.6463
Epoch [56/400]
batch = 0 (Δ=0.266s, 100.00%)
Training throughput: 1 batches in 0.265s; word units 100.0% of 8 words (letters-only 100.0% of 8).
Train Loss: output=0.1750, reconstruction=1.6463
Epoch [57/400]
batch = 0 (Δ=0.269s, 100.00%)
Training throughput: 1 batches in 0.268s; word units 100.0% of 8 words (letters-only 100.0% of 8).
Train Loss: output=0.1750, reconstruction=1.6462
Epoch [58/400]
batch = 0 (Δ=0.267s, 100.00%)
Training throughput: 1 batches in 0.266s; word units 100.0% of 8 words (letters-only 100.0% of 8).
Train Loss: output=0.1750, reconstruction=1.6461
Epoch [59/400]
batch = 0 (Δ=0.269s, 100.00%)
Training throughput: 1 batches in 0.268s; word units 100.0% of 8 words (letters-only 100.0% of 8).
Train Loss: output=0.1750, reconstruction=1.6460
Epoch [60/400]
batch = 0 (Δ=0.267s, 100.00%)
Training throughput: 1 batches in 0.266s; word units 100.0% of 8 words (letters-only 100.0% of 8).
Train Loss: output=0.1750, reconstruction=1.6459
Epoch [61/400]
batch = 0 (Δ=0.268s, 100.00%)
Training throughput: 1 batches in 0.267s; word units 100.0% of 8 words (letters-only 100.0% of 8).
Train Loss: output=0.1750, reconstruction=1.6458
Epoch [62/400]
batch = 0 (Δ=0.267s, 100.00%)
Training throughput: 1 batches in 0.266s; word units 100.0% of 8 words (letters-only 100.0% of 8).
Train Loss: output=0.1750, reconstruction=1.6457
Epoch [63/400]
batch = 0 (Δ=0.345s, 100.00%)
Training throughput: 1 batches in 0.344s; word units 100.0% of 8 words (letters-only 100.0% of 8).
Train Loss: output=0.1750, reconstruction=1.6456
Epoch [64/400]
batch = 0 (Δ=0.267s, 100.00%)
Training throughput: 1 batches in 0.266s; word units 100.0% of 8 words (letters-only 100.0% of 8).
Train Loss: output=0.1750, reconstruction=1.6454
Epoch [65/400]
batch = 0 (Δ=0.266s, 100.00%)
Training throughput: 1 batches in 0.265s; word units 100.0% of 8 words (letters-only 100.0% of 8).
Train Loss: output=0.1750, reconstruction=1.6453
Epoch [66/400]
batch = 0 (Δ=0.267s, 100.00%)
Training throughput: 1 batches in 0.266s; word units 100.0% of 8 words (letters-only 100.0% of 8).
Train Loss: output=0.1750, reconstruction=1.6451
Epoch [67/400]
batch = 0 (Δ=0.267s, 100.00%)
Training throughput: 1 batches in 0.266s; word units 100.0% of 8 words (letters-only 100.0% of 8).
Train Loss: output=0.1750, reconstruction=1.6450
Epoch [68/400]
batch = 0 (Δ=0.267s, 100.00%)
Training throughput: 1 batches in 0.266s; word units 100.0% of 8 words (letters-only 100.0% of 8).
Train Loss: output=0.1750, reconstruction=1.6448
Epoch [69/400]
batch = 0 (Δ=0.268s, 100.00%)
Training throughput: 1 batches in 0.266s; word units 100.0% of 8 words (letters-only 100.0% of 8).
Train Loss: output=0.1750, reconstruction=1.6447
Epoch [70/400]
batch = 0 (Δ=0.270s, 100.00%)
Training throughput: 1 batches in 0.269s; word units 100.0% of 8 words (letters-only 100.0% of 8).
Train Loss: output=0.1750, reconstruction=1.6445
Epoch [71/400]
batch = 0 (Δ=0.268s, 100.00%)
Training throughput: 1 batches in 0.267s; word units 100.0% of 8 words (letters-only 100.0% of 8).
Train Loss: output=0.1750, reconstruction=1.6444
Epoch [72/400]
batch = 0 (Δ=0.268s, 100.00%)
Training throughput: 1 batches in 0.267s; word units 100.0% of 8 words (letters-only 100.0% of 8).
Train Loss: output=0.1750, reconstruction=1.6442
Epoch [73/400]
batch = 0 (Δ=0.273s, 100.00%)
Training throughput: 1 batches in 0.272s; word units 100.0% of 8 words (letters-only 100.0% of 8).
Train Loss: output=0.1750, reconstruction=1.6441
Epoch [74/400]
batch = 0 (Δ=0.270s, 100.00%)
Training throughput: 1 batches in 0.269s; word units 100.0% of 8 words (letters-only 100.0% of 8).
Train Loss: output=0.1750, reconstruction=1.6439
Epoch [75/400]
batch = 0 (Δ=0.270s, 100.00%)
Training throughput: 1 batches in 0.269s; word units 100.0% of 8 words (letters-only 100.0% of 8).
Train Loss: output=0.1750, reconstruction=1.6438
Epoch [76/400]
batch = 0 (Δ=0.268s, 100.00%)
Training throughput: 1 batches in 0.267s; word units 100.0% of 8 words (letters-only 100.0% of 8).
Train Loss: output=0.1750, reconstruction=1.6436
Epoch [77/400]
batch = 0 (Δ=0.269s, 100.00%)
Training throughput: 1 batches in 0.268s; word units 100.0% of 8 words (letters-only 100.0% of 8).
Train Loss: output=0.1750, reconstruction=1.6434
Epoch [78/400]
batch = 0 (Δ=0.350s, 100.00%)
Training throughput: 1 batches in 0.349s; word units 100.0% of 8 words (letters-only 100.0% of 8).
Train Loss: output=0.1750, reconstruction=1.6433
Epoch [79/400]
batch = 0 (Δ=0.271s, 100.00%)
Training throughput: 1 batches in 0.269s; word units 100.0% of 8 words (letters-only 100.0% of 8).
Train Loss: output=0.1750, reconstruction=1.6432
Epoch [80/400]
batch = 0 (Δ=0.268s, 100.00%)
Training throughput: 1 batches in 0.267s; word units 100.0% of 8 words (letters-only 100.0% of 8).
Train Loss: output=0.1750, reconstruction=1.6430
Epoch [81/400]
batch = 0 (Δ=0.272s, 100.00%)
Training throughput: 1 batches in 0.271s; word units 100.0% of 8 words (letters-only 100.0% of 8).
Train Loss: output=0.1750, reconstruction=1.6428
Epoch [82/400]
batch = 0 (Δ=0.271s, 100.00%)
Training throughput: 1 batches in 0.270s; word units 100.0% of 8 words (letters-only 100.0% of 8).
Train Loss: output=0.1750, reconstruction=1.6427
Epoch [83/400]
batch = 0 (Δ=0.271s, 100.00%)
Training throughput: 1 batches in 0.270s; word units 100.0% of 8 words (letters-only 100.0% of 8).
Train Loss: output=0.1750, reconstruction=1.6425
Epoch [84/400]
batch = 0 (Δ=0.270s, 100.00%)
Training throughput: 1 batches in 0.269s; word units 100.0% of 8 words (letters-only 100.0% of 8).
Train Loss: output=0.1750, reconstruction=1.6424
Epoch [85/400]
batch = 0 (Δ=0.270s, 100.00%)
Training throughput: 1 batches in 0.269s; word units 100.0% of 8 words (letters-only 100.0% of 8).
Train Loss: output=0.1750, reconstruction=1.6423
Epoch [86/400]
batch = 0 (Δ=0.269s, 100.00%)
Training throughput: 1 batches in 0.268s; word units 100.0% of 8 words (letters-only 100.0% of 8).
Train Loss: output=0.1750, reconstruction=1.6421
Epoch [87/400]
batch = 0 (Δ=0.270s, 100.00%)
Training throughput: 1 batches in 0.269s; word units 100.0% of 8 words (letters-only 100.0% of 8).
Train Loss: output=0.1750, reconstruction=1.6420
Epoch [88/400]
batch = 0 (Δ=0.273s, 100.00%)
Training throughput: 1 batches in 0.272s; word units 100.0% of 8 words (letters-only 100.0% of 8).
Train Loss: output=0.1750, reconstruction=1.6419
Epoch [89/400]
batch = 0 (Δ=0.273s, 100.00%)
Training throughput: 1 batches in 0.272s; word units 100.0% of 8 words (letters-only 100.0% of 8).
Train Loss: output=0.1750, reconstruction=1.6417
Epoch [90/400]
batch = 0 (Δ=0.270s, 100.00%)
Training throughput: 1 batches in 0.269s; word units 100.0% of 8 words (letters-only 100.0% of 8).
Train Loss: output=0.1750, reconstruction=1.6416
Epoch [91/400]
batch = 0 (Δ=0.270s, 100.00%)
Training throughput: 1 batches in 0.269s; word units 100.0% of 8 words (letters-only 100.0% of 8).
Train Loss: output=0.1750, reconstruction=1.6415
Epoch [92/400]
batch = 0 (Δ=0.270s, 100.00%)
Training throughput: 1 batches in 0.269s; word units 100.0% of 8 words (letters-only 100.0% of 8).
Train Loss: output=0.1750, reconstruction=1.6413
Epoch [93/400]
batch = 0 (Δ=0.271s, 100.00%)
Training throughput: 1 batches in 0.270s; word units 100.0% of 8 words (letters-only 100.0% of 8).
Train Loss: output=0.1750, reconstruction=1.6412
Epoch [94/400]
batch = 0 (Δ=0.354s, 100.00%)
Training throughput: 1 batches in 0.353s; word units 100.0% of 8 words (letters-only 100.0% of 8).
Train Loss: output=0.1750, reconstruction=1.6411
Epoch [95/400]
batch = 0 (Δ=0.270s, 100.00%)
Training throughput: 1 batches in 0.269s; word units 100.0% of 8 words (letters-only 100.0% of 8).
Train Loss: output=0.1750, reconstruction=1.6410
Epoch [96/400]
batch = 0 (Δ=0.269s, 100.00%)
Training throughput: 1 batches in 0.268s; word units 100.0% of 8 words (letters-only 100.0% of 8).
Train Loss: output=0.1750, reconstruction=1.6408
Epoch [97/400]
batch = 0 (Δ=0.272s, 100.00%)
Training throughput: 1 batches in 0.272s; word units 100.0% of 8 words (letters-only 100.0% of 8).
Train Loss: output=0.1750, reconstruction=1.6407
Epoch [98/400]
batch = 0 (Δ=0.270s, 100.00%)
Training throughput: 1 batches in 0.269s; word units 100.0% of 8 words (letters-only 100.0% of 8).
Train Loss: output=0.1750, reconstruction=1.6406
Epoch [99/400]
batch = 0 (Δ=0.272s, 100.00%)
Training throughput: 1 batches in 0.271s; word units 100.0% of 8 words (letters-only 100.0% of 8).
Train Loss: output=0.1750, reconstruction=1.6405
Epoch [100/400]
batch = 0 (Δ=0.272s, 100.00%)
Training throughput: 1 batches in 0.271s; word units 100.0% of 8 words (letters-only 100.0% of 8).
Train Loss: output=0.1750, reconstruction=1.6404
Epoch [101/400]
batch = 0 (Δ=0.271s, 100.00%)
Training throughput: 1 batches in 0.269s; word units 100.0% of 8 words (letters-only 100.0% of 8).
Train Loss: output=0.1750, reconstruction=1.6403
Epoch [102/400]
batch = 0 (Δ=0.275s, 100.00%)
Training throughput: 1 batches in 0.274s; word units 100.0% of 8 words (letters-only 100.0% of 8).
Train Loss: output=0.1750, reconstruction=1.6401
Epoch [103/400]
batch = 0 (Δ=0.270s, 100.00%)
Training throughput: 1 batches in 0.269s; word units 100.0% of 8 words (letters-only 100.0% of 8).
Train Loss: output=0.1750, reconstruction=1.6400
Epoch [104/400]
batch = 0 (Δ=0.272s, 100.00%)
Training throughput: 1 batches in 0.271s; word units 100.0% of 8 words (letters-only 100.0% of 8).
Train Loss: output=0.1750, reconstruction=1.6399
Epoch [105/400]
batch = 0 (Δ=0.273s, 100.00%)
Training throughput: 1 batches in 0.272s; word units 100.0% of 8 words (letters-only 100.0% of 8).
Train Loss: output=0.1750, reconstruction=1.6398
Epoch [106/400]
batch = 0 (Δ=0.272s, 100.00%)
Training throughput: 1 batches in 0.271s; word units 100.0% of 8 words (letters-only 100.0% of 8).
Train Loss: output=0.1750, reconstruction=1.6397
Epoch [107/400]
batch = 0 (Δ=0.270s, 100.00%)
Training throughput: 1 batches in 0.269s; word units 100.0% of 8 words (letters-only 100.0% of 8).
Train Loss: output=0.1750, reconstruction=1.6396
Epoch [108/400]
batch = 0 (Δ=0.272s, 100.00%)
Training throughput: 1 batches in 0.271s; word units 100.0% of 8 words (letters-only 100.0% of 8).
Train Loss: output=0.1750, reconstruction=1.6395
Epoch [109/400]
batch = 0 (Δ=0.272s, 100.00%)
Training throughput: 1 batches in 0.270s; word units 100.0% of 8 words (letters-only 100.0% of 8).
Train Loss: output=0.1750, reconstruction=1.6394
Epoch [110/400]
batch = 0 (Δ=0.348s, 100.00%)
Training throughput: 1 batches in 0.347s; word units 100.0% of 8 words (letters-only 100.0% of 8).
Train Loss: output=0.1750, reconstruction=1.6393
Epoch [111/400]
batch = 0 (Δ=0.270s, 100.00%)
Training throughput: 1 batches in 0.269s; word units 100.0% of 8 words (letters-only 100.0% of 8).
Train Loss: output=0.1750, reconstruction=1.6392
Epoch [112/400]
batch = 0 (Δ=0.274s, 100.00%)
Training throughput: 1 batches in 0.273s; word units 100.0% of 8 words (letters-only 100.0% of 8).
Train Loss: output=0.1750, reconstruction=1.6391
Epoch [113/400]
batch = 0 (Δ=0.270s, 100.00%)
Training throughput: 1 batches in 0.269s; word units 100.0% of 8 words (letters-only 100.0% of 8).
Train Loss: output=0.1750, reconstruction=1.6390
Epoch [114/400]
batch = 0 (Δ=0.270s, 100.00%)
Training throughput: 1 batches in 0.269s; word units 100.0% of 8 words (letters-only 100.0% of 8).
Train Loss: output=0.1750, reconstruction=1.6389
Epoch [115/400]
batch = 0 (Δ=0.271s, 100.00%)
Training throughput: 1 batches in 0.270s; word units 100.0% of 8 words (letters-only 100.0% of 8).
Train Loss: output=0.1750, reconstruction=1.6388
Epoch [116/400]
batch = 0 (Δ=0.273s, 100.00%)
Training throughput: 1 batches in 0.272s; word units 100.0% of 8 words (letters-only 100.0% of 8).
Train Loss: output=0.1750, reconstruction=1.6387
Epoch [117/400]
batch = 0 (Δ=0.271s, 100.00%)
Training throughput: 1 batches in 0.270s; word units 100.0% of 8 words (letters-only 100.0% of 8).
Train Loss: output=0.1750, reconstruction=1.6386
Epoch [118/400]
batch = 0 (Δ=0.273s, 100.00%)
Training throughput: 1 batches in 0.272s; word units 100.0% of 8 words (letters-only 100.0% of 8).
Train Loss: output=0.1750, reconstruction=1.6386
Epoch [119/400]
batch = 0 (Δ=0.272s, 100.00%)
Training throughput: 1 batches in 0.271s; word units 100.0% of 8 words (letters-only 100.0% of 8).
Train Loss: output=0.1750, reconstruction=1.6385
Epoch [120/400]
batch = 0 (Δ=0.273s, 100.00%)
Training throughput: 1 batches in 0.272s; word units 100.0% of 8 words (letters-only 100.0% of 8).
Train Loss: output=0.1750, reconstruction=1.6384
Epoch [121/400]
batch = 0 (Δ=0.275s, 100.00%)
Training throughput: 1 batches in 0.274s; word units 100.0% of 8 words (letters-only 100.0% of 8).
Train Loss: output=0.1750, reconstruction=1.6383
Epoch [122/400]
batch = 0 (Δ=0.273s, 100.00%)
Training throughput: 1 batches in 0.272s; word units 100.0% of 8 words (letters-only 100.0% of 8).
Train Loss: output=0.1750, reconstruction=1.6382
Epoch [123/400]
batch = 0 (Δ=0.276s, 100.00%)
Training throughput: 1 batches in 0.275s; word units 100.0% of 8 words (letters-only 100.0% of 8).
Train Loss: output=0.1750, reconstruction=1.6381
Epoch [124/400]
batch = 0 (Δ=0.274s, 100.00%)
Training throughput: 1 batches in 0.273s; word units 100.0% of 8 words (letters-only 100.0% of 8).
Train Loss: output=0.1750, reconstruction=1.6380
Epoch [125/400]
batch = 0 (Δ=0.350s, 100.00%)
Training throughput: 1 batches in 0.349s; word units 100.0% of 8 words (letters-only 100.0% of 8).
Train Loss: output=0.1750, reconstruction=1.3341
Epoch [126/400]
batch = 0 (Δ=0.276s, 100.00%)
Training throughput: 1 batches in 0.275s; word units 100.0% of 8 words (letters-only 100.0% of 8).
Train Loss: output=0.1750, reconstruction=1.3342
Epoch [127/400]
batch = 0 (Δ=0.271s, 100.00%)
Training throughput: 1 batches in 0.270s; word units 100.0% of 8 words (letters-only 100.0% of 8).
Train Loss: output=0.1750, reconstruction=1.3342
Epoch [128/400]
batch = 0 (Δ=0.272s, 100.00%)
Training throughput: 1 batches in 0.271s; word units 100.0% of 8 words (letters-only 100.0% of 8).
Train Loss: output=0.1750, reconstruction=1.3343
Epoch [129/400]
batch = 0 (Δ=0.276s, 100.00%)
Training throughput: 1 batches in 0.275s; word units 100.0% of 8 words (letters-only 100.0% of 8).
Train Loss: output=0.1750, reconstruction=1.3344
Epoch [130/400]
batch = 0 (Δ=0.274s, 100.00%)
Training throughput: 1 batches in 0.273s; word units 100.0% of 8 words (letters-only 100.0% of 8).
Train Loss: output=0.1750, reconstruction=1.3344
Epoch [131/400]
batch = 0 (Δ=0.274s, 100.00%)
Training throughput: 1 batches in 0.273s; word units 100.0% of 8 words (letters-only 100.0% of 8).
Train Loss: output=0.1750, reconstruction=1.3345
Epoch [132/400]
batch = 0 (Δ=0.274s, 100.00%)
Training throughput: 1 batches in 0.273s; word units 100.0% of 8 words (letters-only 100.0% of 8).
Train Loss: output=0.1750, reconstruction=1.3345
Epoch [133/400]
batch = 0 (Δ=0.274s, 100.00%)
Training throughput: 1 batches in 0.272s; word units 100.0% of 8 words (letters-only 100.0% of 8).
Train Loss: output=0.1750, reconstruction=1.3346
Epoch [134/400]
batch = 0 (Δ=0.274s, 100.00%)
Training throughput: 1 batches in 0.273s; word units 100.0% of 8 words (letters-only 100.0% of 8).
Train Loss: output=0.1750, reconstruction=1.3346
Epoch [135/400]
batch = 0 (Δ=0.274s, 100.00%)
Training throughput: 1 batches in 0.273s; word units 100.0% of 8 words (letters-only 100.0% of 8).
Train Loss: output=0.1750, reconstruction=1.3347
Epoch [136/400]
batch = 0 (Δ=0.277s, 100.00%)
Training throughput: 1 batches in 0.276s; word units 100.0% of 8 words (letters-only 100.0% of 8).
Train Loss: output=0.1751, reconstruction=1.3347
Epoch [137/400]
batch = 0 (Δ=0.273s, 100.00%)
Training throughput: 1 batches in 0.272s; word units 100.0% of 8 words (letters-only 100.0% of 8).
Train Loss: output=0.1758, reconstruction=1.3347
Epoch [138/400]
batch = 0 (Δ=0.273s, 100.00%)
Training throughput: 1 batches in 0.272s; word units 100.0% of 8 words (letters-only 100.0% of 8).
Train Loss: output=0.1793, reconstruction=1.3348
Epoch [139/400]
batch = 0 (Δ=0.274s, 100.00%)
Training throughput: 1 batches in 0.273s; word units 100.0% of 8 words (letters-only 100.0% of 8).
Train Loss: output=0.1807, reconstruction=1.3348
Epoch [140/400]
batch = 0 (Δ=0.276s, 100.00%)
Training throughput: 1 batches in 0.275s; word units 100.0% of 8 words (letters-only 100.0% of 8).
Train Loss: output=0.1755, reconstruction=1.3349
Epoch [141/400]
batch = 0 (Δ=0.350s, 100.00%)
Training throughput: 1 batches in 0.349s; word units 100.0% of 8 words (letters-only 100.0% of 8).
Train Loss: output=0.1779, reconstruction=1.3349
Epoch [142/400]
batch = 0 (Δ=0.276s, 100.00%)
Training throughput: 1 batches in 0.275s; word units 100.0% of 8 words (letters-only 100.0% of 8).
Train Loss: output=0.1764, reconstruction=1.3350
Epoch [143/400]
batch = 0 (Δ=0.277s, 100.00%)
Training throughput: 1 batches in 0.276s; word units 100.0% of 8 words (letters-only 100.0% of 8).
Train Loss: output=0.1754, reconstruction=1.3350
Epoch [144/400]
batch = 0 (Δ=0.279s, 100.00%)
Training throughput: 1 batches in 0.278s; word units 100.0% of 8 words (letters-only 100.0% of 8).
Train Loss: output=0.1769, reconstruction=1.3351
Epoch [145/400]
batch = 0 (Δ=0.276s, 100.00%)
Training throughput: 1 batches in 0.275s; word units 100.0% of 8 words (letters-only 100.0% of 8).
Train Loss: output=0.1753, reconstruction=1.3351
Epoch [146/400]
batch = 0 (Δ=0.275s, 100.00%)
Training throughput: 1 batches in 0.274s; word units 100.0% of 8 words (letters-only 100.0% of 8).
Train Loss: output=0.1755, reconstruction=1.3352
Epoch [147/400]
batch = 0 (Δ=0.281s, 100.00%)
Training throughput: 1 batches in 0.280s; word units 100.0% of 8 words (letters-only 100.0% of 8).
Train Loss: output=0.1760, reconstruction=1.3352
Epoch [148/400]
batch = 0 (Δ=0.277s, 100.00%)
Training throughput: 1 batches in 0.276s; word units 100.0% of 8 words (letters-only 100.0% of 8).
Train Loss: output=0.1751, reconstruction=1.3352
Epoch [149/400]
batch = 0 (Δ=0.277s, 100.00%)
Training throughput: 1 batches in 0.276s; word units 100.0% of 8 words (letters-only 100.0% of 8).
Train Loss: output=0.1753, reconstruction=1.3353
Epoch [150/400]
batch = 0 (Δ=0.277s, 100.00%)
Training throughput: 1 batches in 0.276s; word units 100.0% of 8 words (letters-only 100.0% of 8).
Train Loss: output=0.1755, reconstruction=1.3353
Epoch [151/400]
batch = 0 (Δ=0.277s, 100.00%)
Training throughput: 1 batches in 0.276s; word units 100.0% of 8 words (letters-only 100.0% of 8).
Train Loss: output=0.1750, reconstruction=1.3354
Epoch [152/400]
batch = 0 (Δ=0.277s, 100.00%)
Training throughput: 1 batches in 0.276s; word units 100.0% of 8 words (letters-only 100.0% of 8).
Train Loss: output=0.1752, reconstruction=1.3354
Epoch [153/400]
batch = 0 (Δ=0.278s, 100.00%)
Training throughput: 1 batches in 0.277s; word units 100.0% of 8 words (letters-only 100.0% of 8).
Train Loss: output=0.1753, reconstruction=1.3355
Epoch [154/400]
batch = 0 (Δ=0.275s, 100.00%)
Training throughput: 1 batches in 0.274s; word units 100.0% of 8 words (letters-only 100.0% of 8).
Train Loss: output=0.1750, reconstruction=1.3355
Epoch [155/400]
batch = 0 (Δ=0.275s, 100.00%)
Training throughput: 1 batches in 0.274s; word units 100.0% of 8 words (letters-only 100.0% of 8).
Train Loss: output=0.1751, reconstruction=1.3355
Epoch [156/400]
batch = 0 (Δ=0.350s, 100.00%)
Training throughput: 1 batches in 0.349s; word units 100.0% of 8 words (letters-only 100.0% of 8).
Train Loss: output=0.1751, reconstruction=1.3356
Epoch [157/400]
batch = 0 (Δ=0.275s, 100.00%)
Training throughput: 1 batches in 0.274s; word units 100.0% of 8 words (letters-only 100.0% of 8).
Train Loss: output=0.1750, reconstruction=1.3356
Epoch [158/400]
batch = 0 (Δ=0.275s, 100.00%)
Training throughput: 1 batches in 0.274s; word units 100.0% of 8 words (letters-only 100.0% of 8).
Train Loss: output=0.1751, reconstruction=1.3357
Epoch [159/400]
batch = 0 (Δ=0.276s, 100.00%)
Training throughput: 1 batches in 0.275s; word units 100.0% of 8 words (letters-only 100.0% of 8).
Train Loss: output=0.1751, reconstruction=1.3357
Epoch [160/400]
batch = 0 (Δ=0.277s, 100.00%)
Training throughput: 1 batches in 0.276s; word units 100.0% of 8 words (letters-only 100.0% of 8).
Train Loss: output=0.1750, reconstruction=1.3357
Epoch [161/400]
batch = 0 (Δ=0.277s, 100.00%)
Training throughput: 1 batches in 0.276s; word units 100.0% of 8 words (letters-only 100.0% of 8).
Train Loss: output=0.1751, reconstruction=1.3358
Epoch [162/400]
batch = 0 (Δ=0.277s, 100.00%)
Training throughput: 1 batches in 0.276s; word units 100.0% of 8 words (letters-only 100.0% of 8).
Train Loss: output=0.1750, reconstruction=1.3358
Epoch [163/400]
batch = 0 (Δ=0.277s, 100.00%)
Training throughput: 1 batches in 0.276s; word units 100.0% of 8 words (letters-only 100.0% of 8).
Train Loss: output=0.1750, reconstruction=1.3358
Epoch [164/400]
batch = 0 (Δ=0.275s, 100.00%)
Training throughput: 1 batches in 0.274s; word units 100.0% of 8 words (letters-only 100.0% of 8).
Train Loss: output=0.1750, reconstruction=1.3359
Epoch [165/400]
batch = 0 (Δ=0.276s, 100.00%)
Training throughput: 1 batches in 0.275s; word units 100.0% of 8 words (letters-only 100.0% of 8).
Train Loss: output=0.1750, reconstruction=1.3359
Epoch [166/400]
batch = 0 (Δ=0.278s, 100.00%)
Training throughput: 1 batches in 0.277s; word units 100.0% of 8 words (letters-only 100.0% of 8).
Train Loss: output=0.1750, reconstruction=1.3360
Epoch [167/400]
batch = 0 (Δ=0.275s, 100.00%)
Training throughput: 1 batches in 0.274s; word units 100.0% of 8 words (letters-only 100.0% of 8).
Train Loss: output=0.1750, reconstruction=1.3360
Epoch [168/400]
batch = 0 (Δ=0.282s, 100.00%)
Training throughput: 1 batches in 0.281s; word units 100.0% of 8 words (letters-only 100.0% of 8).
Train Loss: output=0.1750, reconstruction=1.3360
Epoch [169/400]
batch = 0 (Δ=0.276s, 100.00%)
Training throughput: 1 batches in 0.275s; word units 100.0% of 8 words (letters-only 100.0% of 8).
Train Loss: output=0.1750, reconstruction=1.3361
Epoch [170/400]
batch = 0 (Δ=0.277s, 100.00%)
Training throughput: 1 batches in 0.276s; word units 100.0% of 8 words (letters-only 100.0% of 8).
Train Loss: output=0.1750, reconstruction=1.3361
Epoch [171/400]
batch = 0 (Δ=0.354s, 100.00%)
Training throughput: 1 batches in 0.353s; word units 100.0% of 8 words (letters-only 100.0% of 8).
Train Loss: output=0.1750, reconstruction=1.3361
Epoch [172/400]
batch = 0 (Δ=0.277s, 100.00%)
Training throughput: 1 batches in 0.276s; word units 100.0% of 8 words (letters-only 100.0% of 8).
Train Loss: output=0.1750, reconstruction=1.3362
Epoch [173/400]
batch = 0 (Δ=0.278s, 100.00%)
Training throughput: 1 batches in 0.277s; word units 100.0% of 8 words (letters-only 100.0% of 8).
Train Loss: output=0.1750, reconstruction=1.3362
Epoch [174/400]
batch = 0 (Δ=0.279s, 100.00%)
Training throughput: 1 batches in 0.278s; word units 100.0% of 8 words (letters-only 100.0% of 8).
Train Loss: output=0.1750, reconstruction=1.3363
Epoch [175/400]
batch = 0 (Δ=0.278s, 100.00%)
Training throughput: 1 batches in 0.277s; word units 100.0% of 8 words (letters-only 100.0% of 8).
Train Loss: output=0.1750, reconstruction=1.3363
Epoch [176/400]
batch = 0 (Δ=0.281s, 100.00%)
Training throughput: 1 batches in 0.280s; word units 100.0% of 8 words (letters-only 100.0% of 8).
Train Loss: output=0.1750, reconstruction=1.3363
Epoch [177/400]
batch = 0 (Δ=0.279s, 100.00%)
Training throughput: 1 batches in 0.278s; word units 100.0% of 8 words (letters-only 100.0% of 8).
Train Loss: output=0.1750, reconstruction=1.3364
Epoch [178/400]
batch = 0 (Δ=0.280s, 100.00%)
Training throughput: 1 batches in 0.279s; word units 100.0% of 8 words (letters-only 100.0% of 8).
Train Loss: output=0.1750, reconstruction=1.3364
Epoch [179/400]
batch = 0 (Δ=0.277s, 100.00%)
Training throughput: 1 batches in 0.276s; word units 100.0% of 8 words (letters-only 100.0% of 8).
Train Loss: output=0.1750, reconstruction=1.3364
Epoch [180/400]
batch = 0 (Δ=0.279s, 100.00%)
Training throughput: 1 batches in 0.278s; word units 100.0% of 8 words (letters-only 100.0% of 8).
Train Loss: output=0.1750, reconstruction=1.3365
Epoch [181/400]
batch = 0 (Δ=0.276s, 100.00%)
Training throughput: 1 batches in 0.275s; word units 100.0% of 8 words (letters-only 100.0% of 8).
Train Loss: output=0.1750, reconstruction=1.3365
Epoch [182/400]
batch = 0 (Δ=0.281s, 100.00%)
Training throughput: 1 batches in 0.280s; word units 100.0% of 8 words (letters-only 100.0% of 8).
Train Loss: output=0.1750, reconstruction=1.3365
Epoch [183/400]
batch = 0 (Δ=0.279s, 100.00%)
Training throughput: 1 batches in 0.278s; word units 100.0% of 8 words (letters-only 100.0% of 8).
Train Loss: output=0.1750, reconstruction=1.3366
Epoch [184/400]
batch = 0 (Δ=0.277s, 100.00%)
Training throughput: 1 batches in 0.276s; word units 100.0% of 8 words (letters-only 100.0% of 8).
Train Loss: output=0.1750, reconstruction=1.3366
Epoch [185/400]
batch = 0 (Δ=0.356s, 100.00%)
Training throughput: 1 batches in 0.355s; word units 100.0% of 8 words (letters-only 100.0% of 8).
Train Loss: output=0.1750, reconstruction=1.3366
Epoch [186/400]
batch = 0 (Δ=0.277s, 100.00%)
Training throughput: 1 batches in 0.276s; word units 100.0% of 8 words (letters-only 100.0% of 8).
Train Loss: output=0.1750, reconstruction=1.3367
Epoch [187/400]
batch = 0 (Δ=0.278s, 100.00%)
Training throughput: 1 batches in 0.277s; word units 100.0% of 8 words (letters-only 100.0% of 8).
Train Loss: output=0.1750, reconstruction=1.3367
Epoch [188/400]
batch = 0 (Δ=0.277s, 100.00%)
Training throughput: 1 batches in 0.277s; word units 100.0% of 8 words (letters-only 100.0% of 8).
Train Loss: output=0.1750, reconstruction=1.3367
Epoch [189/400]
batch = 0 (Δ=0.282s, 100.00%)
Training throughput: 1 batches in 0.281s; word units 100.0% of 8 words (letters-only 100.0% of 8).
Train Loss: output=0.1750, reconstruction=1.3367
Epoch [190/400]
batch = 0 (Δ=0.279s, 100.00%)
Training throughput: 1 batches in 0.278s; word units 100.0% of 8 words (letters-only 100.0% of 8).
Train Loss: output=0.1750, reconstruction=1.3368
Epoch [191/400]
batch = 0 (Δ=0.282s, 100.00%)
Training throughput: 1 batches in 0.281s; word units 100.0% of 8 words (letters-only 100.0% of 8).
Train Loss: output=0.1750, reconstruction=1.3368
Epoch [192/400]
batch = 0 (Δ=0.277s, 100.00%)
Training throughput: 1 batches in 0.276s; word units 100.0% of 8 words (letters-only 100.0% of 8).
Train Loss: output=0.1750, reconstruction=1.3368
Epoch [193/400]
batch = 0 (Δ=0.282s, 100.00%)
Training throughput: 1 batches in 0.281s; word units 100.0% of 8 words (letters-only 100.0% of 8).
Train Loss: output=0.1750, reconstruction=1.3369
Epoch [194/400]
batch = 0 (Δ=0.280s, 100.00%)
Training throughput: 1 batches in 0.279s; word units 100.0% of 8 words (letters-only 100.0% of 8).
Train Loss: output=0.1750, reconstruction=1.3369
Epoch [195/400]
batch = 0 (Δ=0.278s, 100.00%)
Training throughput: 1 batches in 0.277s; word units 100.0% of 8 words (letters-only 100.0% of 8).
Train Loss: output=0.1750, reconstruction=1.3369
Epoch [196/400]
batch = 0 (Δ=0.279s, 100.00%)
Training throughput: 1 batches in 0.278s; word units 100.0% of 8 words (letters-only 100.0% of 8).
Train Loss: output=0.1750, reconstruction=1.3370
Epoch [197/400]
batch = 0 (Δ=0.284s, 100.00%)
Training throughput: 1 batches in 0.283s; word units 100.0% of 8 words (letters-only 100.0% of 8).
Train Loss: output=0.1750, reconstruction=1.3370
Epoch [198/400]
batch = 0 (Δ=0.280s, 100.00%)
Training throughput: 1 batches in 0.279s; word units 100.0% of 8 words (letters-only 100.0% of 8).
Train Loss: output=0.1750, reconstruction=1.3370
Epoch [199/400]
batch = 0 (Δ=0.356s, 100.00%)
Training throughput: 1 batches in 0.355s; word units 100.0% of 8 words (letters-only 100.0% of 8).
Train Loss: output=0.1750, reconstruction=1.3371
Epoch [200/400]
batch = 0 (Δ=0.279s, 100.00%)
Training throughput: 1 batches in 0.278s; word units 100.0% of 8 words (letters-only 100.0% of 8).
Train Loss: output=0.1750, reconstruction=1.3371
Epoch [201/400]
batch = 0 (Δ=0.279s, 100.00%)
Training throughput: 1 batches in 0.278s; word units 100.0% of 8 words (letters-only 100.0% of 8).
Train Loss: output=0.1750, reconstruction=1.3371
Epoch [202/400]
batch = 0 (Δ=0.279s, 100.00%)
Training throughput: 1 batches in 0.278s; word units 100.0% of 8 words (letters-only 100.0% of 8).
Train Loss: output=0.1750, reconstruction=1.3371
Epoch [203/400]
batch = 0 (Δ=0.281s, 100.00%)
Training throughput: 1 batches in 0.280s; word units 100.0% of 8 words (letters-only 100.0% of 8).
Train Loss: output=0.1750, reconstruction=1.3372
Epoch [204/400]
batch = 0 (Δ=0.282s, 100.00%)
Training throughput: 1 batches in 0.281s; word units 100.0% of 8 words (letters-only 100.0% of 8).
Train Loss: output=0.1750, reconstruction=1.3372
Epoch [205/400]
batch = 0 (Δ=0.283s, 100.00%)
Training throughput: 1 batches in 0.282s; word units 100.0% of 8 words (letters-only 100.0% of 8).
Train Loss: output=0.1750, reconstruction=1.3372
Epoch [206/400]
batch = 0 (Δ=0.281s, 100.00%)
Training throughput: 1 batches in 0.280s; word units 100.0% of 8 words (letters-only 100.0% of 8).
Train Loss: output=0.1750, reconstruction=1.3373
Epoch [207/400]
batch = 0 (Δ=0.281s, 100.00%)
Training throughput: 1 batches in 0.279s; word units 100.0% of 8 words (letters-only 100.0% of 8).
Train Loss: output=0.1750, reconstruction=1.3373
Epoch [208/400]
batch = 0 (Δ=0.284s, 100.00%)
Training throughput: 1 batches in 0.283s; word units 100.0% of 8 words (letters-only 100.0% of 8).
Train Loss: output=0.1750, reconstruction=1.3373
Epoch [209/400]
batch = 0 (Δ=0.282s, 100.00%)
Training throughput: 1 batches in 0.280s; word units 100.0% of 8 words (letters-only 100.0% of 8).
Train Loss: output=0.1750, reconstruction=1.3373
Epoch [210/400]
batch = 0 (Δ=0.282s, 100.00%)
Training throughput: 1 batches in 0.281s; word units 100.0% of 8 words (letters-only 100.0% of 8).
Train Loss: output=0.1750, reconstruction=1.3374
Epoch [211/400]
batch = 0 (Δ=0.281s, 100.00%)
Training throughput: 1 batches in 0.280s; word units 100.0% of 8 words (letters-only 100.0% of 8).
Train Loss: output=0.1750, reconstruction=1.3374
Epoch [212/400]
batch = 0 (Δ=0.364s, 100.00%)
Training throughput: 1 batches in 0.363s; word units 100.0% of 8 words (letters-only 100.0% of 8).
Train Loss: output=0.1750, reconstruction=1.3374
Epoch [213/400]
batch = 0 (Δ=0.281s, 100.00%)
Training throughput: 1 batches in 0.280s; word units 100.0% of 8 words (letters-only 100.0% of 8).
Train Loss: output=0.1750, reconstruction=1.3375
Epoch [214/400]
batch = 0 (Δ=0.285s, 100.00%)
Training throughput: 1 batches in 0.284s; word units 100.0% of 8 words (letters-only 100.0% of 8).
Train Loss: output=0.1750, reconstruction=1.3375
Epoch [215/400]
batch = 0 (Δ=0.281s, 100.00%)
Training throughput: 1 batches in 0.280s; word units 100.0% of 8 words (letters-only 100.0% of 8).
Train Loss: output=0.1750, reconstruction=1.3375
Epoch [216/400]
batch = 0 (Δ=0.283s, 100.00%)
Training throughput: 1 batches in 0.282s; word units 100.0% of 8 words (letters-only 100.0% of 8).
Train Loss: output=0.1750, reconstruction=1.3375
Epoch [217/400]
batch = 0 (Δ=0.283s, 100.00%)
Training throughput: 1 batches in 0.282s; word units 100.0% of 8 words (letters-only 100.0% of 8).
Train Loss: output=0.1750, reconstruction=1.3376
Epoch [218/400]
batch = 0 (Δ=0.283s, 100.00%)
Training throughput: 1 batches in 0.282s; word units 100.0% of 8 words (letters-only 100.0% of 8).
Train Loss: output=0.1750, reconstruction=1.3376
Epoch [219/400]
batch = 0 (Δ=0.284s, 100.00%)
Training throughput: 1 batches in 0.283s; word units 100.0% of 8 words (letters-only 100.0% of 8).
Train Loss: output=0.1750, reconstruction=1.3376
Epoch [220/400]
batch = 0 (Δ=0.282s, 100.00%)
Training throughput: 1 batches in 0.281s; word units 100.0% of 8 words (letters-only 100.0% of 8).
Train Loss: output=0.1750, reconstruction=1.3376
Epoch [221/400]
batch = 0 (Δ=0.282s, 100.00%)
Training throughput: 1 batches in 0.281s; word units 100.0% of 8 words (letters-only 100.0% of 8).
Train Loss: output=0.1750, reconstruction=1.3377
Epoch [222/400]
batch = 0 (Δ=0.285s, 100.00%)
Training throughput: 1 batches in 0.284s; word units 100.0% of 8 words (letters-only 100.0% of 8).
Train Loss: output=0.1750, reconstruction=1.3377
Epoch [223/400]
batch = 0 (Δ=0.284s, 100.00%)
Training throughput: 1 batches in 0.283s; word units 100.0% of 8 words (letters-only 100.0% of 8).
Train Loss: output=0.1750, reconstruction=1.3377
Epoch [224/400]
batch = 0 (Δ=0.284s, 100.00%)
Training throughput: 1 batches in 0.283s; word units 100.0% of 8 words (letters-only 100.0% of 8).
Train Loss: output=0.1750, reconstruction=1.3378
Epoch [225/400]
batch = 0 (Δ=0.282s, 100.00%)
Training throughput: 1 batches in 0.281s; word units 100.0% of 8 words (letters-only 100.0% of 8).
Train Loss: output=0.1750, reconstruction=1.3378
Epoch [226/400]
batch = 0 (Δ=0.361s, 100.00%)
Training throughput: 1 batches in 0.360s; word units 100.0% of 8 words (letters-only 100.0% of 8).
Train Loss: output=0.1750, reconstruction=1.3378
Epoch [227/400]
batch = 0 (Δ=0.286s, 100.00%)
Training throughput: 1 batches in 0.286s; word units 100.0% of 8 words (letters-only 100.0% of 8).
Train Loss: output=0.1750, reconstruction=1.3378
Epoch [228/400]
batch = 0 (Δ=0.283s, 100.00%)
Training throughput: 1 batches in 0.281s; word units 100.0% of 8 words (letters-only 100.0% of 8).
Train Loss: output=0.1750, reconstruction=1.3378
Epoch [229/400]
batch = 0 (Δ=0.284s, 100.00%)
Training throughput: 1 batches in 0.283s; word units 100.0% of 8 words (letters-only 100.0% of 8).
Train Loss: output=0.1750, reconstruction=1.3379
Epoch [230/400]
batch = 0 (Δ=0.283s, 100.00%)
Training throughput: 1 batches in 0.282s; word units 100.0% of 8 words (letters-only 100.0% of 8).
Train Loss: output=0.1750, reconstruction=1.3379
Epoch [231/400]
batch = 0 (Δ=0.284s, 100.00%)
Training throughput: 1 batches in 0.283s; word units 100.0% of 8 words (letters-only 100.0% of 8).
Train Loss: output=0.1750, reconstruction=1.3379
Epoch [232/400]
batch = 0 (Δ=0.285s, 100.00%)
Training throughput: 1 batches in 0.284s; word units 100.0% of 8 words (letters-only 100.0% of 8).
Train Loss: output=0.1750, reconstruction=1.3379
Epoch [233/400]
batch = 0 (Δ=0.281s, 100.00%)
Training throughput: 1 batches in 0.280s; word units 100.0% of 8 words (letters-only 100.0% of 8).
Train Loss: output=0.1750, reconstruction=1.3380
Epoch [234/400]
batch = 0 (Δ=0.282s, 100.00%)
Training throughput: 1 batches in 0.281s; word units 100.0% of 8 words (letters-only 100.0% of 8).
Train Loss: output=0.1750, reconstruction=1.3380
Epoch [235/400]
batch = 0 (Δ=0.285s, 100.00%)
Training throughput: 1 batches in 0.284s; word units 100.0% of 8 words (letters-only 100.0% of 8).
Train Loss: output=0.1750, reconstruction=1.3380
Epoch [236/400]
batch = 0 (Δ=0.282s, 100.00%)
Training throughput: 1 batches in 0.281s; word units 100.0% of 8 words (letters-only 100.0% of 8).
Train Loss: output=0.1750, reconstruction=1.3380
Epoch [237/400]
batch = 0 (Δ=0.284s, 100.00%)
Training throughput: 1 batches in 0.283s; word units 100.0% of 8 words (letters-only 100.0% of 8).
Train Loss: output=0.1750, reconstruction=1.3381
Epoch [238/400]
batch = 0 (Δ=0.284s, 100.00%)
Training throughput: 1 batches in 0.283s; word units 100.0% of 8 words (letters-only 100.0% of 8).
Train Loss: output=0.1750, reconstruction=1.3381
Epoch [239/400]
batch = 0 (Δ=0.289s, 100.00%)
Training throughput: 1 batches in 0.288s; word units 100.0% of 8 words (letters-only 100.0% of 8).
Train Loss: output=0.1750, reconstruction=1.3381
Epoch [240/400]
batch = 0 (Δ=0.359s, 100.00%)
Training throughput: 1 batches in 0.358s; word units 100.0% of 8 words (letters-only 100.0% of 8).
Train Loss: output=0.1750, reconstruction=1.3381
Epoch [241/400]
batch = 0 (Δ=0.282s, 100.00%)
Training throughput: 1 batches in 0.281s; word units 100.0% of 8 words (letters-only 100.0% of 8).
Train Loss: output=0.1750, reconstruction=1.3382
Epoch [242/400]
batch = 0 (Δ=0.286s, 100.00%)
Training throughput: 1 batches in 0.285s; word units 100.0% of 8 words (letters-only 100.0% of 8).
Train Loss: output=0.1750, reconstruction=1.3382
Epoch [243/400]
batch = 0 (Δ=0.283s, 100.00%)
Training throughput: 1 batches in 0.282s; word units 100.0% of 8 words (letters-only 100.0% of 8).
Train Loss: output=0.1750, reconstruction=1.3382
Epoch [244/400]
batch = 0 (Δ=0.283s, 100.00%)
Training throughput: 1 batches in 0.282s; word units 100.0% of 8 words (letters-only 100.0% of 8).
Train Loss: output=0.1750, reconstruction=1.3382
Epoch [245/400]
batch = 0 (Δ=0.286s, 100.00%)
Training throughput: 1 batches in 0.285s; word units 100.0% of 8 words (letters-only 100.0% of 8).
Train Loss: output=0.1750, reconstruction=1.3383
Epoch [246/400]
batch = 0 (Δ=0.287s, 100.00%)
Training throughput: 1 batches in 0.286s; word units 100.0% of 8 words (letters-only 100.0% of 8).
Train Loss: output=0.1750, reconstruction=1.3383
Epoch [247/400]
batch = 0 (Δ=0.284s, 100.00%)
Training throughput: 1 batches in 0.283s; word units 100.0% of 8 words (letters-only 100.0% of 8).
Train Loss: output=0.1750, reconstruction=1.3383
Epoch [248/400]
batch = 0 (Δ=0.284s, 100.00%)
Training throughput: 1 batches in 0.283s; word units 100.0% of 8 words (letters-only 100.0% of 8).
Train Loss: output=0.1750, reconstruction=1.3383
Epoch [249/400]
batch = 0 (Δ=0.283s, 100.00%)
Training throughput: 1 batches in 0.282s; word units 100.0% of 8 words (letters-only 100.0% of 8).
Train Loss: output=0.1750, reconstruction=1.3384
Epoch [250/400]
batch = 0 (Δ=0.285s, 100.00%)
Training throughput: 1 batches in 0.284s; word units 100.0% of 8 words (letters-only 100.0% of 8).
Train Loss: output=0.1750, reconstruction=1.3384
Epoch [251/400]
batch = 0 (Δ=0.285s, 100.00%)
Training throughput: 1 batches in 0.284s; word units 100.0% of 8 words (letters-only 100.0% of 8).
Train Loss: output=0.1750, reconstruction=1.3384
Epoch [252/400]
batch = 0 (Δ=0.288s, 100.00%)
Training throughput: 1 batches in 0.287s; word units 100.0% of 8 words (letters-only 100.0% of 8).
Train Loss: output=0.1750, reconstruction=1.3384
Epoch [253/400]
batch = 0 (Δ=0.286s, 100.00%)
Training throughput: 1 batches in 0.285s; word units 100.0% of 8 words (letters-only 100.0% of 8).
Train Loss: output=0.1750, reconstruction=1.3384
Epoch [254/400]
batch = 0 (Δ=0.362s, 100.00%)
Training throughput: 1 batches in 0.361s; word units 100.0% of 8 words (letters-only 100.0% of 8).
Train Loss: output=0.1750, reconstruction=1.3385
Epoch [255/400]
batch = 0 (Δ=0.283s, 100.00%)
Training throughput: 1 batches in 0.282s; word units 100.0% of 8 words (letters-only 100.0% of 8).
Train Loss: output=0.1750, reconstruction=1.3385
Epoch [256/400]
batch = 0 (Δ=0.276s, 100.00%)
Training throughput: 1 batches in 0.275s; word units 100.0% of 8 words (letters-only 100.0% of 8).
Train Loss: output=0.1750, reconstruction=1.3385
Epoch [257/400]
batch = 0 (Δ=0.279s, 100.00%)
Training throughput: 1 batches in 0.278s; word units 100.0% of 8 words (letters-only 100.0% of 8).
Train Loss: output=0.1750, reconstruction=1.3423
Epoch [258/400]
batch = 0 (Δ=0.280s, 100.00%)
Training throughput: 1 batches in 0.279s; word units 100.0% of 8 words (letters-only 100.0% of 8).
Train Loss: output=0.1750, reconstruction=1.1851
Epoch [259/400]
batch = 0 (Δ=0.280s, 100.00%)
Training throughput: 1 batches in 0.279s; word units 100.0% of 8 words (letters-only 100.0% of 8).
Train Loss: output=0.1750, reconstruction=1.1845
Epoch [260/400]
batch = 0 (Δ=0.279s, 100.00%)
Training throughput: 1 batches in 0.278s; word units 100.0% of 8 words (letters-only 100.0% of 8).
Train Loss: output=0.1750, reconstruction=1.1842
Epoch [261/400]
batch = 0 (Δ=0.280s, 100.00%)
Training throughput: 1 batches in 0.279s; word units 100.0% of 8 words (letters-only 100.0% of 8).
Train Loss: output=0.1750, reconstruction=1.1841
Epoch [262/400]
batch = 0 (Δ=0.280s, 100.00%)
Training throughput: 1 batches in 0.279s; word units 100.0% of 8 words (letters-only 100.0% of 8).
Train Loss: output=0.1750, reconstruction=1.1841
Epoch [263/400]
batch = 0 (Δ=0.278s, 100.00%)
Training throughput: 1 batches in 0.277s; word units 100.0% of 8 words (letters-only 100.0% of 8).
Train Loss: output=0.1750, reconstruction=1.1842
Epoch [264/400]
batch = 0 (Δ=0.278s, 100.00%)
Training throughput: 1 batches in 0.276s; word units 100.0% of 8 words (letters-only 100.0% of 8).
Train Loss: output=0.1751, reconstruction=1.1843
Epoch [265/400]
batch = 0 (Δ=0.282s, 100.00%)
Training throughput: 1 batches in 0.281s; word units 100.0% of 8 words (letters-only 100.0% of 8).
Train Loss: output=0.1753, reconstruction=1.1844
Epoch [266/400]
batch = 0 (Δ=0.280s, 100.00%)
Training throughput: 1 batches in 0.279s; word units 100.0% of 8 words (letters-only 100.0% of 8).
Train Loss: output=0.1762, reconstruction=1.1845
Epoch [267/400]
batch = 0 (Δ=0.280s, 100.00%)
Training throughput: 1 batches in 0.279s; word units 100.0% of 8 words (letters-only 100.0% of 8).
Train Loss: output=0.1789, reconstruction=1.1847
Epoch [268/400]
batch = 0 (Δ=0.280s, 100.00%)
Training throughput: 1 batches in 0.279s; word units 100.0% of 8 words (letters-only 100.0% of 8).
Train Loss: output=0.1802, reconstruction=1.1848
Epoch [269/400]
batch = 0 (Δ=0.354s, 100.00%)
Training throughput: 1 batches in 0.353s; word units 100.0% of 8 words (letters-only 100.0% of 8).
Train Loss: output=0.1753, reconstruction=1.1849
Epoch [270/400]
batch = 0 (Δ=0.277s, 100.00%)
Training throughput: 1 batches in 0.276s; word units 100.0% of 8 words (letters-only 100.0% of 8).
Train Loss: output=0.1773, reconstruction=1.1850
Epoch [271/400]
batch = 0 (Δ=0.278s, 100.00%)
Training throughput: 1 batches in 0.277s; word units 100.0% of 8 words (letters-only 100.0% of 8).
Train Loss: output=0.1760, reconstruction=1.1851
Epoch [272/400]
batch = 0 (Δ=0.281s, 100.00%)
Training throughput: 1 batches in 0.280s; word units 100.0% of 8 words (letters-only 100.0% of 8).
Train Loss: output=0.1759, reconstruction=1.1852
Epoch [273/400]
batch = 0 (Δ=0.278s, 100.00%)
Training throughput: 1 batches in 0.277s; word units 100.0% of 8 words (letters-only 100.0% of 8).
Train Loss: output=0.1759, reconstruction=1.1852
Epoch [274/400]
batch = 0 (Δ=0.279s, 100.00%)
Training throughput: 1 batches in 0.277s; word units 100.0% of 8 words (letters-only 100.0% of 8).
Train Loss: output=0.1755, reconstruction=1.1853
Epoch [275/400]
batch = 0 (Δ=0.280s, 100.00%)
Training throughput: 1 batches in 0.279s; word units 100.0% of 8 words (letters-only 100.0% of 8).
Train Loss: output=0.1756, reconstruction=1.1853
Epoch [276/400]
batch = 0 (Δ=0.280s, 100.00%)
Training throughput: 1 batches in 0.279s; word units 100.0% of 8 words (letters-only 100.0% of 8).
Train Loss: output=0.1753, reconstruction=1.1854
Epoch [277/400]
batch = 0 (Δ=0.278s, 100.00%)
Training throughput: 1 batches in 0.276s; word units 100.0% of 8 words (letters-only 100.0% of 8).
Train Loss: output=0.1754, reconstruction=1.1854
Epoch [278/400]
batch = 0 (Δ=0.279s, 100.00%)
Training throughput: 1 batches in 0.278s; word units 100.0% of 8 words (letters-only 100.0% of 8).
Train Loss: output=0.1752, reconstruction=1.1855
Epoch [279/400]
batch = 0 (Δ=0.277s, 100.00%)
Training throughput: 1 batches in 0.276s; word units 100.0% of 8 words (letters-only 100.0% of 8).
Train Loss: output=0.1753, reconstruction=1.1855
Epoch [280/400]
batch = 0 (Δ=0.279s, 100.00%)
Training throughput: 1 batches in 0.278s; word units 100.0% of 8 words (letters-only 100.0% of 8).
Train Loss: output=0.1752, reconstruction=1.1855
Epoch [281/400]
batch = 0 (Δ=0.280s, 100.00%)
Training throughput: 1 batches in 0.279s; word units 100.0% of 8 words (letters-only 100.0% of 8).
Train Loss: output=0.1752, reconstruction=1.1855
Epoch [282/400]
batch = 0 (Δ=0.282s, 100.00%)
Training throughput: 1 batches in 0.282s; word units 100.0% of 8 words (letters-only 100.0% of 8).
Train Loss: output=0.1751, reconstruction=1.1856
Epoch [283/400]
batch = 0 (Δ=0.281s, 100.00%)
Training throughput: 1 batches in 0.280s; word units 100.0% of 8 words (letters-only 100.0% of 8).
Train Loss: output=0.1751, reconstruction=1.1856
Epoch [284/400]
batch = 0 (Δ=0.360s, 100.00%)
Training throughput: 1 batches in 0.358s; word units 100.0% of 8 words (letters-only 100.0% of 8).
Train Loss: output=0.1751, reconstruction=1.1856
Epoch [285/400]
batch = 0 (Δ=0.279s, 100.00%)
Training throughput: 1 batches in 0.278s; word units 100.0% of 8 words (letters-only 100.0% of 8).
Train Loss: output=0.1751, reconstruction=1.1856
Epoch [286/400]
batch = 0 (Δ=0.279s, 100.00%)
Training throughput: 1 batches in 0.278s; word units 100.0% of 8 words (letters-only 100.0% of 8).
Train Loss: output=0.1750, reconstruction=1.1856
Epoch [287/400]
batch = 0 (Δ=0.277s, 100.00%)
Training throughput: 1 batches in 0.276s; word units 100.0% of 8 words (letters-only 100.0% of 8).
Train Loss: output=0.1750, reconstruction=1.1856
Epoch [288/400]
batch = 0 (Δ=0.279s, 100.00%)
Training throughput: 1 batches in 0.278s; word units 100.0% of 8 words (letters-only 100.0% of 8).
Train Loss: output=0.1750, reconstruction=1.1857
Epoch [289/400]
batch = 0 (Δ=0.279s, 100.00%)
Training throughput: 1 batches in 0.278s; word units 100.0% of 8 words (letters-only 100.0% of 8).
Train Loss: output=0.1750, reconstruction=1.1857
Epoch [290/400]
batch = 0 (Δ=0.281s, 100.00%)
Training throughput: 1 batches in 0.280s; word units 100.0% of 8 words (letters-only 100.0% of 8).
Train Loss: output=0.1750, reconstruction=1.1857
Epoch [291/400]
batch = 0 (Δ=0.280s, 100.00%)
Training throughput: 1 batches in 0.279s; word units 100.0% of 8 words (letters-only 100.0% of 8).
Train Loss: output=0.1750, reconstruction=1.1857
Epoch [292/400]
batch = 0 (Δ=0.279s, 100.00%)
Training throughput: 1 batches in 0.278s; word units 100.0% of 8 words (letters-only 100.0% of 8).
Train Loss: output=0.1750, reconstruction=1.1857
Epoch [293/400]
batch = 0 (Δ=0.278s, 100.00%)
Training throughput: 1 batches in 0.277s; word units 100.0% of 8 words (letters-only 100.0% of 8).
Train Loss: output=0.1750, reconstruction=1.1857
Epoch [294/400]
batch = 0 (Δ=0.279s, 100.00%)
Training throughput: 1 batches in 0.278s; word units 100.0% of 8 words (letters-only 100.0% of 8).
Train Loss: output=0.1750, reconstruction=1.1857
Epoch [295/400]
batch = 0 (Δ=0.279s, 100.00%)
Training throughput: 1 batches in 0.278s; word units 100.0% of 8 words (letters-only 100.0% of 8).
Train Loss: output=0.1750, reconstruction=1.1857
Epoch [296/400]
batch = 0 (Δ=0.278s, 100.00%)
Training throughput: 1 batches in 0.277s; word units 100.0% of 8 words (letters-only 100.0% of 8).
Train Loss: output=0.1750, reconstruction=1.1857
Epoch [297/400]
batch = 0 (Δ=0.278s, 100.00%)
Training throughput: 1 batches in 0.277s; word units 100.0% of 8 words (letters-only 100.0% of 8).
Train Loss: output=0.1750, reconstruction=1.1857
Epoch [298/400]
batch = 0 (Δ=0.355s, 100.00%)
Training throughput: 1 batches in 0.354s; word units 100.0% of 8 words (letters-only 100.0% of 8).
Train Loss: output=0.1750, reconstruction=1.1858
Epoch [299/400]
batch = 0 (Δ=0.279s, 100.00%)
Training throughput: 1 batches in 0.277s; word units 100.0% of 8 words (letters-only 100.0% of 8).
Train Loss: output=0.1750, reconstruction=1.1858
Epoch [300/400]
batch = 0 (Δ=0.278s, 100.00%)
Training throughput: 1 batches in 0.277s; word units 100.0% of 8 words (letters-only 100.0% of 8).
Train Loss: output=0.1750, reconstruction=1.1858
Epoch [301/400]
batch = 0 (Δ=0.278s, 100.00%)
Training throughput: 1 batches in 0.277s; word units 100.0% of 8 words (letters-only 100.0% of 8).
Train Loss: output=0.1750, reconstruction=1.1858
Epoch [302/400]
batch = 0 (Δ=0.276s, 100.00%)
Training throughput: 1 batches in 0.275s; word units 100.0% of 8 words (letters-only 100.0% of 8).
Train Loss: output=0.1750, reconstruction=1.1858
Epoch [303/400]
batch = 0 (Δ=0.278s, 100.00%)
Training throughput: 1 batches in 0.277s; word units 100.0% of 8 words (letters-only 100.0% of 8).
Train Loss: output=0.1750, reconstruction=1.1858
Epoch [304/400]
batch = 0 (Δ=0.281s, 100.00%)
Training throughput: 1 batches in 0.280s; word units 100.0% of 8 words (letters-only 100.0% of 8).
Train Loss: output=0.1750, reconstruction=1.1858
Epoch [305/400]
batch = 0 (Δ=0.278s, 100.00%)
Training throughput: 1 batches in 0.276s; word units 100.0% of 8 words (letters-only 100.0% of 8).
Train Loss: output=0.1750, reconstruction=1.1858
Epoch [306/400]
batch = 0 (Δ=0.277s, 100.00%)
Training throughput: 1 batches in 0.276s; word units 100.0% of 8 words (letters-only 100.0% of 8).
Train Loss: output=0.1750, reconstruction=1.1858
Epoch [307/400]
batch = 0 (Δ=0.280s, 100.00%)
Training throughput: 1 batches in 0.279s; word units 100.0% of 8 words (letters-only 100.0% of 8).
Train Loss: output=0.1750, reconstruction=1.1858
Epoch [308/400]
batch = 0 (Δ=0.279s, 100.00%)
Training throughput: 1 batches in 0.278s; word units 100.0% of 8 words (letters-only 100.0% of 8).
Train Loss: output=0.1750, reconstruction=1.1858
Epoch [309/400]
batch = 0 (Δ=0.283s, 100.00%)
Training throughput: 1 batches in 0.282s; word units 100.0% of 8 words (letters-only 100.0% of 8).
Train Loss: output=0.1750, reconstruction=1.1858
Epoch [310/400]
batch = 0 (Δ=0.276s, 100.00%)
Training throughput: 1 batches in 0.276s; word units 100.0% of 8 words (letters-only 100.0% of 8).
Train Loss: output=0.1750, reconstruction=1.1858
Epoch [311/400]
batch = 0 (Δ=0.281s, 100.00%)
Training throughput: 1 batches in 0.280s; word units 100.0% of 8 words (letters-only 100.0% of 8).
Train Loss: output=0.1750, reconstruction=1.1858
Epoch [312/400]
batch = 0 (Δ=0.279s, 100.00%)
Training throughput: 1 batches in 0.278s; word units 100.0% of 8 words (letters-only 100.0% of 8).
Train Loss: output=0.1750, reconstruction=1.1858
Epoch [313/400]
batch = 0 (Δ=0.279s, 100.00%)
Training throughput: 1 batches in 0.278s; word units 100.0% of 8 words (letters-only 100.0% of 8).
Train Loss: output=0.1750, reconstruction=1.1858
Epoch [314/400]
batch = 0 (Δ=0.354s, 100.00%)
Training throughput: 1 batches in 0.353s; word units 100.0% of 8 words (letters-only 100.0% of 8).
Train Loss: output=0.1750, reconstruction=1.1858
Epoch [315/400]
batch = 0 (Δ=0.281s, 100.00%)
Training throughput: 1 batches in 0.280s; word units 100.0% of 8 words (letters-only 100.0% of 8).
Train Loss: output=0.1750, reconstruction=1.1858
Epoch [316/400]
batch = 0 (Δ=0.277s, 100.00%)
Training throughput: 1 batches in 0.276s; word units 100.0% of 8 words (letters-only 100.0% of 8).
Train Loss: output=0.1750, reconstruction=1.1858
Epoch [317/400]
batch = 0 (Δ=0.278s, 100.00%)
Training throughput: 1 batches in 0.277s; word units 100.0% of 8 words (letters-only 100.0% of 8).
Train Loss: output=0.1750, reconstruction=1.1858
Epoch [318/400]
batch = 0 (Δ=0.280s, 100.00%)
Training throughput: 1 batches in 0.279s; word units 100.0% of 8 words (letters-only 100.0% of 8).
Train Loss: output=0.1750, reconstruction=1.1858
Epoch [319/400]
batch = 0 (Δ=0.279s, 100.00%)
Training throughput: 1 batches in 0.278s; word units 100.0% of 8 words (letters-only 100.0% of 8).
Train Loss: output=0.1750, reconstruction=1.1859
Epoch [320/400]
batch = 0 (Δ=0.278s, 100.00%)
Training throughput: 1 batches in 0.277s; word units 100.0% of 8 words (letters-only 100.0% of 8).
Train Loss: output=0.1750, reconstruction=1.1859
Epoch [321/400]
batch = 0 (Δ=0.277s, 100.00%)
Training throughput: 1 batches in 0.276s; word units 100.0% of 8 words (letters-only 100.0% of 8).
Train Loss: output=0.1750, reconstruction=1.1859
Epoch [322/400]
batch = 0 (Δ=0.279s, 100.00%)
Training throughput: 1 batches in 0.278s; word units 100.0% of 8 words (letters-only 100.0% of 8).
Train Loss: output=0.1750, reconstruction=1.1859
Epoch [323/400]
batch = 0 (Δ=0.279s, 100.00%)
Training throughput: 1 batches in 0.278s; word units 100.0% of 8 words (letters-only 100.0% of 8).
Train Loss: output=0.1750, reconstruction=1.1859
Epoch [324/400]
batch = 0 (Δ=0.278s, 100.00%)
Training throughput: 1 batches in 0.277s; word units 100.0% of 8 words (letters-only 100.0% of 8).
Train Loss: output=0.1750, reconstruction=1.1859
Epoch [325/400]
batch = 0 (Δ=0.279s, 100.00%)
Training throughput: 1 batches in 0.278s; word units 100.0% of 8 words (letters-only 100.0% of 8).
Train Loss: output=0.1750, reconstruction=1.1859
Epoch [326/400]
batch = 0 (Δ=0.281s, 100.00%)
Training throughput: 1 batches in 0.280s; word units 100.0% of 8 words (letters-only 100.0% of 8).
Train Loss: output=0.1750, reconstruction=1.1859
Epoch [327/400]
batch = 0 (Δ=0.279s, 100.00%)
Training throughput: 1 batches in 0.279s; word units 100.0% of 8 words (letters-only 100.0% of 8).
Train Loss: output=0.1750, reconstruction=1.1859
Epoch [328/400]
batch = 0 (Δ=0.279s, 100.00%)
Training throughput: 1 batches in 0.278s; word units 100.0% of 8 words (letters-only 100.0% of 8).
Train Loss: output=0.1750, reconstruction=1.1859
Epoch [329/400]
batch = 0 (Δ=0.359s, 100.00%)
Training throughput: 1 batches in 0.358s; word units 100.0% of 8 words (letters-only 100.0% of 8).
Train Loss: output=0.1750, reconstruction=1.1859
Epoch [330/400]
batch = 0 (Δ=0.278s, 100.00%)
Training throughput: 1 batches in 0.277s; word units 100.0% of 8 words (letters-only 100.0% of 8).
Train Loss: output=0.1750, reconstruction=1.1859
Epoch [331/400]
batch = 0 (Δ=0.277s, 100.00%)
Training throughput: 1 batches in 0.276s; word units 100.0% of 8 words (letters-only 100.0% of 8).
Train Loss: output=0.1750, reconstruction=1.1859
Epoch [332/400]
batch = 0 (Δ=0.280s, 100.00%)
Training throughput: 1 batches in 0.279s; word units 100.0% of 8 words (letters-only 100.0% of 8).
Train Loss: output=0.1750, reconstruction=1.1859
Epoch [333/400]
batch = 0 (Δ=0.279s, 100.00%)
Training throughput: 1 batches in 0.278s; word units 100.0% of 8 words (letters-only 100.0% of 8).
Train Loss: output=0.1750, reconstruction=1.1859
Epoch [334/400]
batch = 0 (Δ=0.279s, 100.00%)
Training throughput: 1 batches in 0.278s; word units 100.0% of 8 words (letters-only 100.0% of 8).
Train Loss: output=0.1750, reconstruction=1.1859
Epoch [335/400]
batch = 0 (Δ=0.280s, 100.00%)
Training throughput: 1 batches in 0.279s; word units 100.0% of 8 words (letters-only 100.0% of 8).
Train Loss: output=0.1750, reconstruction=1.1859
Epoch [336/400]
batch = 0 (Δ=0.278s, 100.00%)
Training throughput: 1 batches in 0.277s; word units 100.0% of 8 words (letters-only 100.0% of 8).
Train Loss: output=0.1750, reconstruction=1.1859
Epoch [337/400]
batch = 0 (Δ=0.280s, 100.00%)
Training throughput: 1 batches in 0.279s; word units 100.0% of 8 words (letters-only 100.0% of 8).
Train Loss: output=0.1750, reconstruction=1.1859
Epoch [338/400]
batch = 0 (Δ=0.280s, 100.00%)
Training throughput: 1 batches in 0.279s; word units 100.0% of 8 words (letters-only 100.0% of 8).
Train Loss: output=0.1750, reconstruction=1.1859
Epoch [339/400]
batch = 0 (Δ=0.278s, 100.00%)
Training throughput: 1 batches in 0.277s; word units 100.0% of 8 words (letters-only 100.0% of 8).
Train Loss: output=0.1750, reconstruction=1.1859
Epoch [340/400]
batch = 0 (Δ=0.278s, 100.00%)
Training throughput: 1 batches in 0.277s; word units 100.0% of 8 words (letters-only 100.0% of 8).
Train Loss: output=0.1750, reconstruction=1.1859
Epoch [341/400]
batch = 0 (Δ=0.280s, 100.00%)
Training throughput: 1 batches in 0.279s; word units 100.0% of 8 words (letters-only 100.0% of 8).
Train Loss: output=0.1750, reconstruction=1.1859
Epoch [342/400]
batch = 0 (Δ=0.278s, 100.00%)
Training throughput: 1 batches in 0.277s; word units 100.0% of 8 words (letters-only 100.0% of 8).
Train Loss: output=0.1750, reconstruction=1.1859
Epoch [343/400]
batch = 0 (Δ=0.359s, 100.00%)
Training throughput: 1 batches in 0.358s; word units 100.0% of 8 words (letters-only 100.0% of 8).
Train Loss: output=0.1750, reconstruction=1.1859
Epoch [344/400]
batch = 0 (Δ=0.277s, 100.00%)
Training throughput: 1 batches in 0.276s; word units 100.0% of 8 words (letters-only 100.0% of 8).
Train Loss: output=0.1750, reconstruction=1.1859
Epoch [345/400]
batch = 0 (Δ=0.282s, 100.00%)
Training throughput: 1 batches in 0.280s; word units 100.0% of 8 words (letters-only 100.0% of 8).
Train Loss: output=0.1750, reconstruction=1.1859
Epoch [346/400]
batch = 0 (Δ=0.278s, 100.00%)
Training throughput: 1 batches in 0.277s; word units 100.0% of 8 words (letters-only 100.0% of 8).
Train Loss: output=0.1750, reconstruction=1.1859
Epoch [347/400]
batch = 0 (Δ=0.277s, 100.00%)
Training throughput: 1 batches in 0.276s; word units 100.0% of 8 words (letters-only 100.0% of 8).
Train Loss: output=0.1750, reconstruction=1.1859
Epoch [348/400]
batch = 0 (Δ=0.278s, 100.00%)
Training throughput: 1 batches in 0.277s; word units 100.0% of 8 words (letters-only 100.0% of 8).
Train Loss: output=0.1750, reconstruction=1.1859
Epoch [349/400]
batch = 0 (Δ=0.280s, 100.00%)
Training throughput: 1 batches in 0.279s; word units 100.0% of 8 words (letters-only 100.0% of 8).
Train Loss: output=0.1750, reconstruction=1.1859
Epoch [350/400]
batch = 0 (Δ=0.277s, 100.00%)
Training throughput: 1 batches in 0.276s; word units 100.0% of 8 words (letters-only 100.0% of 8).
Train Loss: output=0.1750, reconstruction=1.1859
Epoch [351/400]
batch = 0 (Δ=0.279s, 100.00%)
Training throughput: 1 batches in 0.278s; word units 100.0% of 8 words (letters-only 100.0% of 8).
Train Loss: output=0.1750, reconstruction=1.1859
Epoch [352/400]
batch = 0 (Δ=0.278s, 100.00%)
Training throughput: 1 batches in 0.277s; word units 100.0% of 8 words (letters-only 100.0% of 8).
Train Loss: output=0.1750, reconstruction=1.1859
Epoch [353/400]
batch = 0 (Δ=0.280s, 100.00%)
Training throughput: 1 batches in 0.279s; word units 100.0% of 8 words (letters-only 100.0% of 8).
Train Loss: output=0.1750, reconstruction=1.1859
Epoch [354/400]
batch = 0 (Δ=0.277s, 100.00%)
Training throughput: 1 batches in 0.276s; word units 100.0% of 8 words (letters-only 100.0% of 8).
Train Loss: output=0.1750, reconstruction=1.1859
Epoch [355/400]
batch = 0 (Δ=0.276s, 100.00%)
Training throughput: 1 batches in 0.275s; word units 100.0% of 8 words (letters-only 100.0% of 8).
Train Loss: output=0.1750, reconstruction=1.1859
Epoch [356/400]
batch = 0 (Δ=0.282s, 100.00%)
Training throughput: 1 batches in 0.281s; word units 100.0% of 8 words (letters-only 100.0% of 8).
Train Loss: output=0.1750, reconstruction=1.1859
Epoch [357/400]
batch = 0 (Δ=0.278s, 100.00%)
Training throughput: 1 batches in 0.277s; word units 100.0% of 8 words (letters-only 100.0% of 8).
Train Loss: output=0.1750, reconstruction=1.1859
Epoch [358/400]
batch = 0 (Δ=0.280s, 100.00%)
Training throughput: 1 batches in 0.279s; word units 100.0% of 8 words (letters-only 100.0% of 8).
Train Loss: output=0.1750, reconstruction=1.1859
Epoch [359/400]
batch = 0 (Δ=0.357s, 100.00%)
Training throughput: 1 batches in 0.355s; word units 100.0% of 8 words (letters-only 100.0% of 8).
Train Loss: output=0.1750, reconstruction=1.1859
Epoch [360/400]
batch = 0 (Δ=0.280s, 100.00%)
Training throughput: 1 batches in 0.279s; word units 100.0% of 8 words (letters-only 100.0% of 8).
Train Loss: output=0.1750, reconstruction=1.1859
Epoch [361/400]
batch = 0 (Δ=0.281s, 100.00%)
Training throughput: 1 batches in 0.280s; word units 100.0% of 8 words (letters-only 100.0% of 8).
Train Loss: output=0.1750, reconstruction=1.1859
Epoch [362/400]
batch = 0 (Δ=0.278s, 100.00%)
Training throughput: 1 batches in 0.277s; word units 100.0% of 8 words (letters-only 100.0% of 8).
Train Loss: output=0.1750, reconstruction=1.1859
Epoch [363/400]
batch = 0 (Δ=0.281s, 100.00%)
Training throughput: 1 batches in 0.280s; word units 100.0% of 8 words (letters-only 100.0% of 8).
Train Loss: output=0.1750, reconstruction=1.1859
Epoch [364/400]
batch = 0 (Δ=0.280s, 100.00%)
Training throughput: 1 batches in 0.279s; word units 100.0% of 8 words (letters-only 100.0% of 8).
Train Loss: output=0.1750, reconstruction=1.1859
Epoch [365/400]
batch = 0 (Δ=0.278s, 100.00%)
Training throughput: 1 batches in 0.277s; word units 100.0% of 8 words (letters-only 100.0% of 8).
Train Loss: output=0.1750, reconstruction=1.1859
Epoch [366/400]
batch = 0 (Δ=0.277s, 100.00%)
Training throughput: 1 batches in 0.276s; word units 100.0% of 8 words (letters-only 100.0% of 8).
Train Loss: output=0.1750, reconstruction=1.1860
Epoch [367/400]
batch = 0 (Δ=0.277s, 100.00%)
Training throughput: 1 batches in 0.276s; word units 100.0% of 8 words (letters-only 100.0% of 8).
Train Loss: output=0.1750, reconstruction=1.1860
Epoch [368/400]
batch = 0 (Δ=0.281s, 100.00%)
Training throughput: 1 batches in 0.280s; word units 100.0% of 8 words (letters-only 100.0% of 8).
Train Loss: output=0.1750, reconstruction=1.1860
Epoch [369/400]
batch = 0 (Δ=0.277s, 100.00%)
Training throughput: 1 batches in 0.276s; word units 100.0% of 8 words (letters-only 100.0% of 8).
Train Loss: output=0.1750, reconstruction=1.1860
Epoch [370/400]
batch = 0 (Δ=0.280s, 100.00%)
Training throughput: 1 batches in 0.279s; word units 100.0% of 8 words (letters-only 100.0% of 8).
Train Loss: output=0.1750, reconstruction=1.1860
Epoch [371/400]
batch = 0 (Δ=0.276s, 100.00%)
Training throughput: 1 batches in 0.275s; word units 100.0% of 8 words (letters-only 100.0% of 8).
Train Loss: output=0.1750, reconstruction=1.1860
Epoch [372/400]
batch = 0 (Δ=0.279s, 100.00%)
Training throughput: 1 batches in 0.278s; word units 100.0% of 8 words (letters-only 100.0% of 8).
Train Loss: output=0.1750, reconstruction=1.1860
Epoch [373/400]
batch = 0 (Δ=0.278s, 100.00%)
Training throughput: 1 batches in 0.277s; word units 100.0% of 8 words (letters-only 100.0% of 8).
Train Loss: output=0.1750, reconstruction=1.1860
Epoch [374/400]
batch = 0 (Δ=0.363s, 100.00%)
Training throughput: 1 batches in 0.362s; word units 100.0% of 8 words (letters-only 100.0% of 8).
Train Loss: output=0.1750, reconstruction=1.1860
Epoch [375/400]
batch = 0 (Δ=0.278s, 100.00%)
Training throughput: 1 batches in 0.277s; word units 100.0% of 8 words (letters-only 100.0% of 8).
Train Loss: output=0.1750, reconstruction=1.1860
Epoch [376/400]
batch = 0 (Δ=0.280s, 100.00%)
Training throughput: 1 batches in 0.279s; word units 100.0% of 8 words (letters-only 100.0% of 8).
Train Loss: output=0.1750, reconstruction=1.1860
Epoch [377/400]
batch = 0 (Δ=0.279s, 100.00%)
Training throughput: 1 batches in 0.278s; word units 100.0% of 8 words (letters-only 100.0% of 8).
Train Loss: output=0.1750, reconstruction=1.1860
Epoch [378/400]
batch = 0 (Δ=0.279s, 100.00%)
Training throughput: 1 batches in 0.278s; word units 100.0% of 8 words (letters-only 100.0% of 8).
Train Loss: output=0.1750, reconstruction=1.1860
Epoch [379/400]
batch = 0 (Δ=0.280s, 100.00%)
Training throughput: 1 batches in 0.279s; word units 100.0% of 8 words (letters-only 100.0% of 8).
Train Loss: output=0.1750, reconstruction=1.1860
Epoch [380/400]
batch = 0 (Δ=0.281s, 100.00%)
Training throughput: 1 batches in 0.280s; word units 100.0% of 8 words (letters-only 100.0% of 8).
Train Loss: output=0.1750, reconstruction=1.1860
Epoch [381/400]
batch = 0 (Δ=0.277s, 100.00%)
Training throughput: 1 batches in 0.276s; word units 100.0% of 8 words (letters-only 100.0% of 8).
Train Loss: output=0.1751, reconstruction=1.1860
Epoch [382/400]
batch = 0 (Δ=0.279s, 100.00%)
Training throughput: 1 batches in 0.278s; word units 100.0% of 8 words (letters-only 100.0% of 8).
Train Loss: output=0.1755, reconstruction=1.1860
Epoch [383/400]
batch = 0 (Δ=0.277s, 100.00%)
Training throughput: 1 batches in 0.276s; word units 100.0% of 8 words (letters-only 100.0% of 8).
Train Loss: output=0.1768, reconstruction=1.1860
Epoch [384/400]
batch = 0 (Δ=0.278s, 100.00%)
Training throughput: 1 batches in 0.277s; word units 100.0% of 8 words (letters-only 100.0% of 8).
Train Loss: output=0.1801, reconstruction=1.1860
Epoch [385/400]
batch = 0 (Δ=0.279s, 100.00%)
Training throughput: 1 batches in 0.278s; word units 100.0% of 8 words (letters-only 100.0% of 8).
Train Loss: output=0.1805, reconstruction=1.1860
Epoch [386/400]
batch = 0 (Δ=0.277s, 100.00%)
Training throughput: 1 batches in 0.276s; word units 100.0% of 8 words (letters-only 100.0% of 8).
Train Loss: output=0.1751, reconstruction=1.1860
Epoch [387/400]
batch = 0 (Δ=0.277s, 100.00%)
Training throughput: 1 batches in 0.276s; word units 100.0% of 8 words (letters-only 100.0% of 8).
Train Loss: output=0.1778, reconstruction=1.1860
Epoch [388/400]
batch = 0 (Δ=0.360s, 100.00%)
Training throughput: 1 batches in 0.359s; word units 100.0% of 8 words (letters-only 100.0% of 8).
Train Loss: output=0.1761, reconstruction=1.1860
Epoch [389/400]
batch = 0 (Δ=0.279s, 100.00%)
Training throughput: 1 batches in 0.278s; word units 100.0% of 8 words (letters-only 100.0% of 8).
Train Loss: output=0.1760, reconstruction=1.1860
Epoch [390/400]
batch = 0 (Δ=0.278s, 100.00%)
Training throughput: 1 batches in 0.277s; word units 100.0% of 8 words (letters-only 100.0% of 8).
Train Loss: output=0.1762, reconstruction=1.1860
Epoch [391/400]
batch = 0 (Δ=0.281s, 100.00%)
Training throughput: 1 batches in 0.280s; word units 100.0% of 8 words (letters-only 100.0% of 8).
Train Loss: output=0.1754, reconstruction=1.1860
Epoch [392/400]
batch = 0 (Δ=0.279s, 100.00%)
Training throughput: 1 batches in 0.278s; word units 100.0% of 8 words (letters-only 100.0% of 8).
Train Loss: output=0.1759, reconstruction=1.1860
Epoch [393/400]
batch = 0 (Δ=0.278s, 100.00%)
Training throughput: 1 batches in 0.277s; word units 100.0% of 8 words (letters-only 100.0% of 8).
Train Loss: output=0.1751, reconstruction=1.1860
Epoch [394/400]
batch = 0 (Δ=0.279s, 100.00%)
Training throughput: 1 batches in 0.278s; word units 100.0% of 8 words (letters-only 100.0% of 8).
Train Loss: output=0.1757, reconstruction=1.1860
Epoch [395/400]
batch = 0 (Δ=0.277s, 100.00%)
Training throughput: 1 batches in 0.276s; word units 100.0% of 8 words (letters-only 100.0% of 8).
Train Loss: output=0.1751, reconstruction=1.1860
Epoch [396/400]
batch = 0 (Δ=0.281s, 100.00%)
Training throughput: 1 batches in 0.280s; word units 100.0% of 8 words (letters-only 100.0% of 8).
Train Loss: output=0.1755, reconstruction=1.1860
Epoch [397/400]
batch = 0 (Δ=0.285s, 100.00%)
Training throughput: 1 batches in 0.284s; word units 100.0% of 8 words (letters-only 100.0% of 8).
Train Loss: output=0.1750, reconstruction=1.1860
Epoch [398/400]
batch = 0 (Δ=0.280s, 100.00%)
Training throughput: 1 batches in 0.279s; word units 100.0% of 8 words (letters-only 100.0% of 8).
Train Loss: output=0.1753, reconstruction=1.1860
Epoch [399/400]
batch = 0 (Δ=0.281s, 100.00%)
Training throughput: 1 batches in 0.280s; word units 100.0% of 8 words (letters-only 100.0% of 8).
Train Loss: output=0.1750, reconstruction=1.1860
Epoch [400/400]
batch = 0 (Δ=0.279s, 100.00%)
Training throughput: 1 batches in 0.278s; word units 100.0% of 8 words (letters-only 100.0% of 8).
Train Loss: output=0.1752, reconstruction=1.1860
Final Stats:
=== Selected operation grammar ===
batch = 0 (Δ=0.244s, 100.00%)
Training throughput: 1 batches in 0.186s; word units 100.0% of 8 words (letters-only 100.0% of 8).
=== Input Reconstruction (test) ===
  row[0] input='hello world' -> reconstructed='world ' label=0.0000 predicted=0.5099 MISMATCH
  row[1] input='hello there' -> reconstructed='hello ' label=1.0000 predicted=0.5093 MISMATCH
  row[2] input='loving world' -> reconstructed='loving ' label=1.0000 predicted=0.5106 MISMATCH
  row[3] input='loving there' -> reconstructed='loving ' label=0.0000 predicted=0.5100 MISMATCH
