F                                                                        [100%]
=================================== FAILURES ===================================
___________ test_margin_and_ownership_observe_the_same_actual_steps ____________

    def test_margin_and_ownership_observe_the_same_actual_steps():
        from test_mm_xor import _fresh_model
        import review12_gate_observer
        model, _, data = _fresh_model('data/XOR_grammar.xml')
        optimizer = model.getOptimizer(lr=.01)
        raw, target = next(iter(data.data_loader(split='train', num_streams=4)))
        batch = model.inputSpace.prepInput(raw), model.outputSpace.prepOutput(target)
        model.runBatch(train=True, optimizer=optimizer, batchSize=4, split='train', batch_override=batch)
>       review12_gate_observer.save_ownership(model)

doc/benchmarks/2026-10-03-operators-attention/review12_observer_probe.py:15: 
_ _ _ _ _ _ _ _ _ _ _ _ _ _ _ _ _ _ _ _ _ _ _ _ _ _ _ _ _ _ _ _ _ _ _ _ _ _ _ _ 
doc/benchmarks/2026-10-03-operators-attention/review12_gate_observer.py:58: in save_ownership
    recent=named_walk_observations(model)))
           ^^^^^^^^^^^^^^^^^^^^^^^^^^^^^^
_ _ _ _ _ _ _ _ _ _ _ _ _ _ _ _ _ _ _ _ _ _ _ _ _ _ _ _ _ _ _ _ _ _ _ _ _ _ _ _ 

model = BasicModel(
  (loss): ModelLoss(
    (output_criterion): MSELoss()
  )
  (inputSpace): InputSpace(
    (subspace): Sub...    (2): Linear(in_features=16, out_features=1, bias=True)
    )
  )
  (answer_record_reader): SentenceRecordReader()
)

    def named_walk_observations(model):
        """Keep raw action IDs and attach names to compose/generate walk records."""
        catalogue = compose_catalogue(model.languageSpace)
        result = []
        for value in getattr(model, '_walk_observations', ()):
            row = dict(value)
            if row['kind'] == 'compose':
>               row['derivation'] = [dict(round=i, **catalogue[action])
                                                     ^^^^^^^^^^^^^^^^^
E               KeyError: 0

test/derivation_probe.py:68: KeyError
----------------------------- Captured stdout call -----------------------------
[AMP] off (fp32, MODEL_AMP unset or =off)
batch = 0 (warm-up)
=============================== warnings summary ===============================
doc/benchmarks/2026-10-03-operators-attention/review12_observer_probe.py::test_margin_and_ownership_observe_the_same_actual_steps
  /Users/arogers/github/WikiOracle/basicmodel/test/test_mm_xor.py:171: PytestUnknownMarkWarning: Unknown pytest.mark.slow - is this a typo?  You can register custom marks to avoid this warning - for details, see https://docs.pytest.org/en/stable/how-to/mark.html
    @pytest.mark.slow

doc/benchmarks/2026-10-03-operators-attention/review12_observer_probe.py::test_margin_and_ownership_observe_the_same_actual_steps
  /Users/arogers/github/WikiOracle/basicmodel/test/test_mm_xor.py:176: PytestUnknownMarkWarning: Unknown pytest.mark.slow - is this a typo?  You can register custom marks to avoid this warning - for details, see https://docs.pytest.org/en/stable/how-to/mark.html
    @pytest.mark.slow

doc/benchmarks/2026-10-03-operators-attention/review12_observer_probe.py::test_margin_and_ownership_observe_the_same_actual_steps
  /Users/arogers/github/WikiOracle/basicmodel/test/test_mm_xor.py:182: PytestUnknownMarkWarning: Unknown pytest.mark.slow - is this a typo?  You can register custom marks to avoid this warning - for details, see https://docs.pytest.org/en/stable/how-to/mark.html
    @pytest.mark.slow

doc/benchmarks/2026-10-03-operators-attention/review12_observer_probe.py::test_margin_and_ownership_observe_the_same_actual_steps
  /Users/arogers/github/WikiOracle/basicmodel/.venv/lib/python3.12/site-packages/torch/utils/_device.py:122: UserWarning: Sparse invariant checks are implicitly disabled. Memory errors (e.g. SEGFAULT) will occur when operating on a sparse tensor which violates the invariants, but checks incur performance overhead. To silence this warning, explicitly opt in or out. See `torch.sparse.check_sparse_tensor_invariants.__doc__` for guidance.  (Triggered internally at /Users/runner/work/pytorch/pytorch/aten/src/ATen/Context.cpp:855.)
    return func(*args, **kwargs)

-- Docs: https://docs.pytest.org/en/stable/how-to/capture-warnings.html
=========================== short test summary info ============================
FAILED doc/benchmarks/2026-10-03-operators-attention/review12_observer_probe.py::test_margin_and_ownership_observe_the_same_actual_steps
1 failed, 4 warnings in 0.83s
