Starting with dynamic 2-dim embedding (words added at runtime)
  Building span table: 0/4 docs
/Users/arogers/github/WikiOracle/basicmodel/bin/Models.py:7649: RuntimeWarning: output_state_boundary [config /Users/arogers/github/WikiOracle/basicmodel/data/XOR_grammar.xml]: supervised outputs with reconstruction and answerSynthesis=false use the direct head: output gradients train the whole input state; enable answerSynthesis for the concluded-idea state boundary
  warnings.warn(f"{site} [config {cfg}]: {detail}", RuntimeWarning)
Device: cpu
Peer pipeline: static PS/WS stage bodies compiled separately; legacy compatibility scheduler remains outside fullgraph capture


==== BasicModel ====

Trial [1/1]
Baseline test pass skipped (--test not specified). Re-invoke train.py with --test to include baseline + post-epoch evaluation.
Epoch [1/400]
[AMP] off (fp32, MODEL_AMP unset or =off)
/Users/arogers/github/WikiOracle/basicmodel/.venv/lib/python3.12/site-packages/torch/utils/_device.py:122: UserWarning: Sparse invariant checks are implicitly disabled. Memory errors (e.g. SEGFAULT) will occur when operating on a sparse tensor which violates the invariants, but checks incur performance overhead. To silence this warning, explicitly opt in or out. See `torch.sparse.check_sparse_tensor_invariants.__doc__` for guidance.  (Triggered internally at /Users/runner/work/pytorch/pytorch/aten/src/ATen/Context.cpp:855.)
  return func(*args, **kwargs)
batch = 0 (warm-up, 100.00%)
Train Loss: output=0.1679, reconstruction=0.4660
Epoch [2/400]
batch = 0 (Δ=0.165s, 100.00%)
Train Loss: output=0.1617, reconstruction=0.3967
Epoch [3/400]
batch = 0 (Δ=0.239s, 100.00%)
Train Loss: output=0.1527, reconstruction=0.3286
Epoch [4/400]
batch = 0 (Δ=0.166s, 100.00%)
Train Loss: output=0.1576, reconstruction=0.3214
Epoch [5/400]
batch = 0 (Δ=0.166s, 100.00%)
Train Loss: output=0.1522, reconstruction=0.5542
Epoch [6/400]
batch = 0 (Δ=0.170s, 100.00%)
Train Loss: output=0.1359, reconstruction=0.5523
Epoch [7/400]
batch = 0 (Δ=0.167s, 100.00%)
Train Loss: output=0.1425, reconstruction=0.5548
Epoch [8/400]
batch = 0 (Δ=0.167s, 100.00%)
Train Loss: output=0.1369, reconstruction=0.5564
Epoch [9/400]
batch = 0 (Δ=0.167s, 100.00%)
Train Loss: output=0.1316, reconstruction=0.5598
Epoch [10/400]
batch = 0 (Δ=0.162s, 100.00%)
Train Loss: output=0.1522, reconstruction=0.3053
Epoch [11/400]
batch = 0 (Δ=0.168s, 100.00%)
Train Loss: output=0.1518, reconstruction=0.3057
Epoch [12/400]
batch = 0 (Δ=0.169s, 100.00%)
Train Loss: output=0.1514, reconstruction=0.6940
Epoch [13/400]
batch = 0 (Δ=0.168s, 100.00%)
Train Loss: output=0.1507, reconstruction=0.6871
Epoch [14/400]
batch = 0 (Δ=0.170s, 100.00%)
Train Loss: output=0.1196, reconstruction=0.5674
Epoch [15/400]
batch = 0 (Δ=0.154s, 100.00%)
Train Loss: output=0.1172, reconstruction=0.5665
Epoch [16/400]
batch = 0 (Δ=0.148s, 100.00%)
Train Loss: output=0.1301, reconstruction=0.5476
Epoch [17/400]
batch = 0 (Δ=0.151s, 100.00%)
Train Loss: output=0.1455, reconstruction=0.6627
Epoch [18/400]
batch = 0 (Δ=0.148s, 100.00%)
Train Loss: output=0.1438, reconstruction=0.6539
Epoch [19/400]
batch = 0 (Δ=0.151s, 100.00%)
Train Loss: output=0.1147, reconstruction=0.5460
Epoch [20/400]
batch = 0 (Δ=0.152s, 100.00%)
Train Loss: output=0.1139, reconstruction=0.5400
Epoch [21/400]
batch = 0 (Δ=0.149s, 100.00%)
Train Loss: output=0.1114, reconstruction=0.5356
Epoch [22/400]
batch = 0 (Δ=0.159s, 100.00%)
Train Loss: output=0.1084, reconstruction=0.5327
Epoch [23/400]
batch = 0 (Δ=0.167s, 100.00%)
Train Loss: output=0.1058, reconstruction=0.5305
Epoch [24/400]
batch = 0 (Δ=0.164s, 100.00%)
Train Loss: output=0.1370, reconstruction=0.6277
Epoch [25/400]
batch = 0 (Δ=0.170s, 100.00%)
Train Loss: output=0.1028, reconstruction=0.5280
Epoch [26/400]
batch = 0 (Δ=0.167s, 100.00%)
Train Loss: output=0.1350, reconstruction=0.6282
Epoch [27/400]
batch = 0 (Δ=0.162s, 100.00%)
Train Loss: output=0.1334, reconstruction=0.6327
Epoch [28/400]
batch = 0 (Δ=0.167s, 100.00%)
Train Loss: output=0.1322, reconstruction=0.6376
Epoch [29/400]
batch = 0 (Δ=0.168s, 100.00%)
Train Loss: output=0.1043, reconstruction=0.5386
Epoch [30/400]
batch = 0 (Δ=0.166s, 100.00%)
Train Loss: output=0.1298, reconstruction=0.6498
Epoch [31/400]
batch = 0 (Δ=0.172s, 100.00%)
Train Loss: output=0.1019, reconstruction=0.5492
Epoch [32/400]
batch = 0 (Δ=0.173s, 100.00%)
Train Loss: output=0.1008, reconstruction=0.5546
Epoch [33/400]
batch = 0 (Δ=0.170s, 100.00%)
Train Loss: output=0.1260, reconstruction=0.6670
Epoch [34/400]
batch = 0 (Δ=0.165s, 100.00%)
Train Loss: output=0.0968, reconstruction=0.5646
Epoch [35/400]
batch = 0 (Δ=0.150s, 100.00%)
Train Loss: output=0.1237, reconstruction=0.6734
Epoch [36/400]
batch = 0 (Δ=0.151s, 100.00%)
Train Loss: output=0.1229, reconstruction=0.6740
Epoch [37/400]
batch = 0 (Δ=0.151s, 100.00%)
Train Loss: output=0.0920, reconstruction=0.5751
Epoch [38/400]
batch = 0 (Δ=0.149s, 100.00%)
Train Loss: output=0.0918, reconstruction=0.5781
Epoch [39/400]
batch = 0 (Δ=0.150s, 100.00%)
Train Loss: output=0.0897, reconstruction=0.5821
Epoch [40/400]
batch = 0 (Δ=0.154s, 100.00%)
Train Loss: output=0.0871, reconstruction=0.5874
Epoch [41/400]
batch = 0 (Δ=0.159s, 100.00%)
Train Loss: output=0.0834, reconstruction=0.5849
Epoch [42/400]
batch = 0 (Δ=0.169s, 100.00%)
Train Loss: output=0.0818, reconstruction=0.6009
Epoch [43/400]
batch = 0 (Δ=0.170s, 100.00%)
Train Loss: output=0.0789, reconstruction=0.6082
Epoch [44/400]
batch = 0 (Δ=0.169s, 100.00%)
Train Loss: output=0.0768, reconstruction=0.6136
Epoch [45/400]
batch = 0 (Δ=0.166s, 100.00%)
Train Loss: output=0.1194, reconstruction=0.7013
Epoch [46/400]
batch = 0 (Δ=0.170s, 100.00%)
Train Loss: output=0.0731, reconstruction=0.6209
Epoch [47/400]
batch = 0 (Δ=0.170s, 100.00%)
Train Loss: output=0.0723, reconstruction=0.6234
Epoch [48/400]
batch = 0 (Δ=0.167s, 100.00%)
Train Loss: output=0.0714, reconstruction=0.6248
Epoch [49/400]
batch = 0 (Δ=0.167s, 100.00%)
Train Loss: output=0.0701, reconstruction=0.6260
Epoch [50/400]
batch = 0 (Δ=0.170s, 100.00%)
Train Loss: output=0.0692, reconstruction=0.6281
Epoch [51/400]
batch = 0 (Δ=0.169s, 100.00%)
Train Loss: output=0.0732, reconstruction=0.6711
Epoch [52/400]
batch = 0 (Δ=0.168s, 100.00%)
Train Loss: output=0.1171, reconstruction=0.7040
Epoch [53/400]
batch = 0 (Δ=0.167s, 100.00%)
Train Loss: output=0.0700, reconstruction=0.6404
Epoch [54/400]
batch = 0 (Δ=0.166s, 100.00%)
Train Loss: output=0.0727, reconstruction=0.6843
Epoch [55/400]
batch = 0 (Δ=0.171s, 100.00%)
Train Loss: output=0.0681, reconstruction=0.6438
Epoch [56/400]
batch = 0 (Δ=0.165s, 100.00%)
Train Loss: output=0.0667, reconstruction=0.6452
Epoch [57/400]
batch = 0 (Δ=0.166s, 100.00%)
Train Loss: output=0.1158, reconstruction=0.6134
Epoch [58/400]
batch = 0 (Δ=0.174s, 100.00%)
Train Loss: output=0.0675, reconstruction=0.6316
Epoch [59/400]
batch = 0 (Δ=0.171s, 100.00%)
Train Loss: output=0.0685, reconstruction=0.6247
Epoch [60/400]
batch = 0 (Δ=0.172s, 100.00%)
Train Loss: output=0.0690, reconstruction=0.6183
Epoch [61/400]
batch = 0 (Δ=0.172s, 100.00%)
Train Loss: output=0.0683, reconstruction=0.6125
Epoch [62/400]
batch = 0 (Δ=0.171s, 100.00%)
Train Loss: output=0.0716, reconstruction=0.5249
Epoch [63/400]
batch = 0 (Δ=0.179s, 100.00%)
Train Loss: output=0.0670, reconstruction=0.6003
Epoch [64/400]
batch = 0 (Δ=0.257s, 100.00%)
Train Loss: output=0.0652, reconstruction=0.5955
Epoch [65/400]
batch = 0 (Δ=0.170s, 100.00%)
Train Loss: output=0.0632, reconstruction=0.5924
Epoch [66/400]
batch = 0 (Δ=0.169s, 100.00%)
Train Loss: output=0.0674, reconstruction=0.5132
Epoch [67/400]
batch = 0 (Δ=0.174s, 100.00%)
Train Loss: output=0.0599, reconstruction=0.5870
Epoch [68/400]
batch = 0 (Δ=0.170s, 100.00%)
Train Loss: output=0.0576, reconstruction=0.5849
Epoch [69/400]
batch = 0 (Δ=0.169s, 100.00%)
Train Loss: output=0.1109, reconstruction=0.5598
Epoch [70/400]
batch = 0 (Δ=0.171s, 100.00%)
Train Loss: output=0.0556, reconstruction=0.5869
Epoch [71/400]
batch = 0 (Δ=0.180s, 100.00%)
Train Loss: output=0.0552, reconstruction=0.5885
Epoch [72/400]
batch = 0 (Δ=0.169s, 100.00%)
Train Loss: output=0.0545, reconstruction=0.5927
Epoch [73/400]
batch = 0 (Δ=0.172s, 100.00%)
Train Loss: output=0.0532, reconstruction=0.5979
Epoch [74/400]
batch = 0 (Δ=0.168s, 100.00%)
Train Loss: output=0.0512, reconstruction=0.6034
Epoch [75/400]
batch = 0 (Δ=0.173s, 100.00%)
Train Loss: output=0.0486, reconstruction=0.6074
Epoch [76/400]
batch = 0 (Δ=0.172s, 100.00%)
Train Loss: output=0.0458, reconstruction=0.6107
Epoch [77/400]
batch = 0 (Δ=0.171s, 100.00%)
Train Loss: output=0.0431, reconstruction=0.6140
Epoch [78/400]
batch = 0 (Δ=0.171s, 100.00%)
Train Loss: output=0.0409, reconstruction=0.6163
Epoch [79/400]
batch = 0 (Δ=0.171s, 100.00%)
Train Loss: output=0.0391, reconstruction=0.6187
Epoch [80/400]
batch = 0 (Δ=0.171s, 100.00%)
Train Loss: output=0.0374, reconstruction=0.6213
Epoch [81/400]
batch = 0 (Δ=0.168s, 100.00%)
Train Loss: output=0.0361, reconstruction=0.6223
Epoch [82/400]
batch = 0 (Δ=0.168s, 100.00%)
Train Loss: output=0.0343, reconstruction=0.6219
Epoch [83/400]
batch = 0 (Δ=0.168s, 100.00%)
Train Loss: output=0.0325, reconstruction=0.6217
Epoch [84/400]
batch = 0 (Δ=0.173s, 100.00%)
Train Loss: output=0.0309, reconstruction=0.6220
Epoch [85/400]
batch = 0 (Δ=0.171s, 100.00%)
Train Loss: output=0.0291, reconstruction=0.6235
Epoch [86/400]
batch = 0 (Δ=0.172s, 100.00%)
Train Loss: output=0.0274, reconstruction=0.6261
Epoch [87/400]
batch = 0 (Δ=0.172s, 100.00%)
Train Loss: output=0.0265, reconstruction=0.6278
Epoch [88/400]
batch = 0 (Δ=0.173s, 100.00%)
Train Loss: output=0.0262, reconstruction=0.6284
Epoch [89/400]
batch = 0 (Δ=0.174s, 100.00%)
Train Loss: output=0.0260, reconstruction=0.6288
Epoch [90/400]
batch = 0 (Δ=0.169s, 100.00%)
Train Loss: output=0.0254, reconstruction=0.6293
Epoch [91/400]
batch = 0 (Δ=0.169s, 100.00%)
Train Loss: output=0.0245, reconstruction=0.6293
Epoch [92/400]
batch = 0 (Δ=0.171s, 100.00%)
Train Loss: output=0.0238, reconstruction=0.6296
Epoch [93/400]
batch = 0 (Δ=0.171s, 100.00%)
Train Loss: output=0.0235, reconstruction=0.6312
Epoch [94/400]
batch = 0 (Δ=0.172s, 100.00%)
Train Loss: output=0.0232, reconstruction=0.6324
Epoch [95/400]
batch = 0 (Δ=0.170s, 100.00%)
Train Loss: output=0.0238, reconstruction=0.6311
Epoch [96/400]
batch = 0 (Δ=0.171s, 100.00%)
Train Loss: output=0.0241, reconstruction=0.6279
Epoch [97/400]
batch = 0 (Δ=0.174s, 100.00%)
Train Loss: output=0.0238, reconstruction=0.6254
Epoch [98/400]
batch = 0 (Δ=0.172s, 100.00%)
Train Loss: output=0.0237, reconstruction=0.6266
Epoch [99/400]
batch = 0 (Δ=0.171s, 100.00%)
Train Loss: output=0.0241, reconstruction=0.6278
Epoch [100/400]
batch = 0 (Δ=0.169s, 100.00%)
Train Loss: output=0.0244, reconstruction=0.6284
Epoch [101/400]
batch = 0 (Δ=0.169s, 100.00%)
Train Loss: output=0.0249, reconstruction=0.6298
Epoch [102/400]
batch = 0 (Δ=0.169s, 100.00%)
Train Loss: output=0.0254, reconstruction=0.6298
Epoch [103/400]
batch = 0 (Δ=0.170s, 100.00%)
Train Loss: output=0.0259, reconstruction=0.6278
Epoch [104/400]
batch = 0 (Δ=0.171s, 100.00%)
Train Loss: output=0.0265, reconstruction=0.6268
Epoch [105/400]
batch = 0 (Δ=0.171s, 100.00%)
Train Loss: output=0.0263, reconstruction=0.6278
Epoch [106/400]
batch = 0 (Δ=0.175s, 100.00%)
Train Loss: output=0.0253, reconstruction=0.6299
Epoch [107/400]
batch = 0 (Δ=0.174s, 100.00%)
Train Loss: output=0.0244, reconstruction=0.6300
Epoch [108/400]
batch = 0 (Δ=0.169s, 100.00%)
Train Loss: output=0.0240, reconstruction=0.6305
Epoch [109/400]
batch = 0 (Δ=0.173s, 100.00%)
Train Loss: output=0.0240, reconstruction=0.6330
Epoch [110/400]
batch = 0 (Δ=0.178s, 100.00%)
Train Loss: output=0.0244, reconstruction=0.6357
Epoch [111/400]
batch = 0 (Δ=0.170s, 100.00%)
Train Loss: output=0.0251, reconstruction=0.6359
Epoch [112/400]
batch = 0 (Δ=0.171s, 100.00%)
Train Loss: output=0.0259, reconstruction=0.6352
Epoch [113/400]
batch = 0 (Δ=0.172s, 100.00%)
Train Loss: output=0.0269, reconstruction=0.6349
Epoch [114/400]
batch = 0 (Δ=0.174s, 100.00%)
Train Loss: output=0.0277, reconstruction=0.6342
Epoch [115/400]
batch = 0 (Δ=0.173s, 100.00%)
Train Loss: output=0.0283, reconstruction=0.6309
Epoch [116/400]
batch = 0 (Δ=0.171s, 100.00%)
Train Loss: output=0.0284, reconstruction=0.6259
Epoch [117/400]
batch = 0 (Δ=0.256s, 100.00%)
Train Loss: output=0.0290, reconstruction=0.6228
Epoch [118/400]
batch = 0 (Δ=0.172s, 100.00%)
Train Loss: output=0.0294, reconstruction=0.6215
Epoch [119/400]
batch = 0 (Δ=0.173s, 100.00%)
Train Loss: output=0.0294, reconstruction=0.6213
Epoch [120/400]
batch = 0 (Δ=0.169s, 100.00%)
Train Loss: output=0.0288, reconstruction=0.6213
Epoch [121/400]
batch = 0 (Δ=0.168s, 100.00%)
Train Loss: output=0.0276, reconstruction=0.6223
Epoch [122/400]
batch = 0 (Δ=0.171s, 100.00%)
Train Loss: output=0.0269, reconstruction=0.6268
Epoch [123/400]
batch = 0 (Δ=0.171s, 100.00%)
Train Loss: output=0.0264, reconstruction=0.6320
Epoch [124/400]
batch = 0 (Δ=0.172s, 100.00%)
Train Loss: output=0.0262, reconstruction=0.6353
Epoch [125/400]
batch = 0 (Δ=0.174s, 100.00%)
Train Loss: output=0.0259, reconstruction=0.6364
Epoch [126/400]
batch = 0 (Δ=0.170s, 100.00%)
Train Loss: output=0.0247, reconstruction=0.6362
Epoch [127/400]
batch = 0 (Δ=0.169s, 100.00%)
Train Loss: output=0.0228, reconstruction=0.6348
Epoch [128/400]
batch = 0 (Δ=0.173s, 100.00%)
Train Loss: output=0.0208, reconstruction=0.6315
Epoch [129/400]
batch = 0 (Δ=0.171s, 100.00%)
Train Loss: output=0.0194, reconstruction=0.6271
Epoch [130/400]
batch = 0 (Δ=0.171s, 100.00%)
Train Loss: output=0.0182, reconstruction=0.6274
Epoch [131/400]
batch = 0 (Δ=0.174s, 100.00%)
Train Loss: output=0.0172, reconstruction=0.6304
Epoch [132/400]
batch = 0 (Δ=0.170s, 100.00%)
Train Loss: output=0.0166, reconstruction=0.6336
Epoch [133/400]
batch = 0 (Δ=0.172s, 100.00%)
Train Loss: output=0.0163, reconstruction=0.6332
Epoch [134/400]
batch = 0 (Δ=0.175s, 100.00%)
Train Loss: output=0.0163, reconstruction=0.6318
Epoch [135/400]
batch = 0 (Δ=0.170s, 100.00%)
Train Loss: output=0.0163, reconstruction=0.6326
Epoch [136/400]
batch = 0 (Δ=0.171s, 100.00%)
Train Loss: output=0.0162, reconstruction=0.6331
Epoch [137/400]
batch = 0 (Δ=0.174s, 100.00%)
Train Loss: output=0.0164, reconstruction=0.6292
Epoch [138/400]
batch = 0 (Δ=0.171s, 100.00%)
Train Loss: output=0.0170, reconstruction=0.6234
Epoch [139/400]
batch = 0 (Δ=0.173s, 100.00%)
Train Loss: output=0.0175, reconstruction=0.6217
Epoch [140/400]
batch = 0 (Δ=0.172s, 100.00%)
Train Loss: output=0.0175, reconstruction=0.6240
Epoch [141/400]
batch = 0 (Δ=0.172s, 100.00%)
Train Loss: output=0.0172, reconstruction=0.6267
Epoch [142/400]
batch = 0 (Δ=0.170s, 100.00%)
Train Loss: output=0.0175, reconstruction=0.6258
Epoch [143/400]
batch = 0 (Δ=0.173s, 100.00%)
Train Loss: output=0.0177, reconstruction=0.6239
Epoch [144/400]
batch = 0 (Δ=0.170s, 100.00%)
Train Loss: output=0.0178, reconstruction=0.6261
Epoch [145/400]
batch = 0 (Δ=0.171s, 100.00%)
Train Loss: output=0.0183, reconstruction=0.6298
Epoch [146/400]
batch = 0 (Δ=0.172s, 100.00%)
Train Loss: output=0.0187, reconstruction=0.6295
Epoch [147/400]
batch = 0 (Δ=0.169s, 100.00%)
Train Loss: output=0.0190, reconstruction=0.6290
Epoch [148/400]
batch = 0 (Δ=0.171s, 100.00%)
Train Loss: output=0.0192, reconstruction=0.6265
Epoch [149/400]
batch = 0 (Δ=0.173s, 100.00%)
Train Loss: output=0.0196, reconstruction=0.6224
Epoch [150/400]
batch = 0 (Δ=0.173s, 100.00%)
Train Loss: output=0.0202, reconstruction=0.6194
Epoch [151/400]
batch = 0 (Δ=0.172s, 100.00%)
Train Loss: output=0.0207, reconstruction=0.6172
Epoch [152/400]
batch = 0 (Δ=0.173s, 100.00%)
Train Loss: output=0.0207, reconstruction=0.6164
Epoch [153/400]
batch = 0 (Δ=0.173s, 100.00%)
Train Loss: output=0.0207, reconstruction=0.6133
Epoch [154/400]
batch = 0 (Δ=0.169s, 100.00%)
Train Loss: output=0.0206, reconstruction=0.6079
Epoch [155/400]
batch = 0 (Δ=0.172s, 100.00%)
Train Loss: output=0.0206, reconstruction=0.6035
Epoch [156/400]
batch = 0 (Δ=0.172s, 100.00%)
Train Loss: output=0.0207, reconstruction=0.6017
Epoch [157/400]
batch = 0 (Δ=0.173s, 100.00%)
Train Loss: output=0.0211, reconstruction=0.6037
Epoch [158/400]
batch = 0 (Δ=0.170s, 100.00%)
Train Loss: output=0.0212, reconstruction=0.6061
Epoch [159/400]
batch = 0 (Δ=0.172s, 100.00%)
Train Loss: output=0.0217, reconstruction=0.6057
Epoch [160/400]
batch = 0 (Δ=0.170s, 100.00%)
Train Loss: output=0.0222, reconstruction=0.6025
Epoch [161/400]
batch = 0 (Δ=0.173s, 100.00%)
Train Loss: output=0.0230, reconstruction=0.6000
Epoch [162/400]
batch = 0 (Δ=0.171s, 100.00%)
Train Loss: output=0.0237, reconstruction=0.5992
Epoch [163/400]
batch = 0 (Δ=0.171s, 100.00%)
Train Loss: output=0.0236, reconstruction=0.6005
Epoch [164/400]
batch = 0 (Δ=0.172s, 100.00%)
Train Loss: output=0.0239, reconstruction=0.6025
Epoch [165/400]
batch = 0 (Δ=0.171s, 100.00%)
Train Loss: output=0.0239, reconstruction=0.6047
Epoch [166/400]
batch = 0 (Δ=0.170s, 100.00%)
Train Loss: output=0.0237, reconstruction=0.6070
Epoch [167/400]
batch = 0 (Δ=0.252s, 100.00%)
Train Loss: output=0.0235, reconstruction=0.6070
Epoch [168/400]
batch = 0 (Δ=0.173s, 100.00%)
Train Loss: output=0.0234, reconstruction=0.6066
Epoch [169/400]
batch = 0 (Δ=0.174s, 100.00%)
Train Loss: output=0.0237, reconstruction=0.6052
Epoch [170/400]
batch = 0 (Δ=0.171s, 100.00%)
Train Loss: output=0.0237, reconstruction=0.6036
Epoch [171/400]
batch = 0 (Δ=0.171s, 100.00%)
Train Loss: output=0.0230, reconstruction=0.6032
Epoch [172/400]
batch = 0 (Δ=0.173s, 100.00%)
Train Loss: output=0.0227, reconstruction=0.6052
Epoch [173/400]
batch = 0 (Δ=0.173s, 100.00%)
Train Loss: output=0.0227, reconstruction=0.6085
Epoch [174/400]
batch = 0 (Δ=0.173s, 100.00%)
Train Loss: output=0.0219, reconstruction=0.6107
Epoch [175/400]
batch = 0 (Δ=0.169s, 100.00%)
Train Loss: output=0.0213, reconstruction=0.6085
Epoch [176/400]
batch = 0 (Δ=0.171s, 100.00%)
Train Loss: output=0.0216, reconstruction=0.6044
Epoch [177/400]
batch = 0 (Δ=0.171s, 100.00%)
Train Loss: output=0.0224, reconstruction=0.6043
Epoch [178/400]
batch = 0 (Δ=0.173s, 100.00%)
Train Loss: output=0.0222, reconstruction=0.6075
Epoch [179/400]
batch = 0 (Δ=0.174s, 100.00%)
Train Loss: output=0.0222, reconstruction=0.6117
Epoch [180/400]
batch = 0 (Δ=0.173s, 100.00%)
Train Loss: output=0.0219, reconstruction=0.6170
Epoch [181/400]
batch = 0 (Δ=0.168s, 100.00%)
Train Loss: output=0.0220, reconstruction=0.6219
Epoch [182/400]
batch = 0 (Δ=0.173s, 100.00%)
Train Loss: output=0.0220, reconstruction=0.6223
Epoch [183/400]
batch = 0 (Δ=0.171s, 100.00%)
Train Loss: output=0.0218, reconstruction=0.6204
Epoch [184/400]
batch = 0 (Δ=0.174s, 100.00%)
Train Loss: output=0.0216, reconstruction=0.6198
Epoch [185/400]
batch = 0 (Δ=0.173s, 100.00%)
Train Loss: output=0.0213, reconstruction=0.6202
Epoch [186/400]
batch = 0 (Δ=0.172s, 100.00%)
Train Loss: output=0.0208, reconstruction=0.6206
Epoch [187/400]
batch = 0 (Δ=0.170s, 100.00%)
Train Loss: output=0.0209, reconstruction=0.6202
Epoch [188/400]
batch = 0 (Δ=0.170s, 100.00%)
Train Loss: output=0.0207, reconstruction=0.6196
Epoch [189/400]
batch = 0 (Δ=0.167s, 100.00%)
Train Loss: output=0.0200, reconstruction=0.6190
Epoch [190/400]
batch = 0 (Δ=0.173s, 100.00%)
Train Loss: output=0.0186, reconstruction=0.6198
Epoch [191/400]
batch = 0 (Δ=0.169s, 100.00%)
Train Loss: output=0.0181, reconstruction=0.6216
Epoch [192/400]
batch = 0 (Δ=0.171s, 100.00%)
Train Loss: output=0.0187, reconstruction=0.6223
Epoch [193/400]
batch = 0 (Δ=0.171s, 100.00%)
Train Loss: output=0.0196, reconstruction=0.6220
Epoch [194/400]
batch = 0 (Δ=0.171s, 100.00%)
Train Loss: output=0.0206, reconstruction=0.6224
Epoch [195/400]
batch = 0 (Δ=0.172s, 100.00%)
Train Loss: output=0.0218, reconstruction=0.6238
Epoch [196/400]
batch = 0 (Δ=0.172s, 100.00%)
Train Loss: output=0.0225, reconstruction=0.6261
Epoch [197/400]
batch = 0 (Δ=0.167s, 100.00%)
Train Loss: output=0.0361, reconstruction=0.6129
Epoch [198/400]
batch = 0 (Δ=0.171s, 100.00%)
Train Loss: output=0.0258, reconstruction=0.6301
Epoch [199/400]
batch = 0 (Δ=0.173s, 100.00%)
Train Loss: output=0.0278, reconstruction=0.6310
Epoch [200/400]
batch = 0 (Δ=0.173s, 100.00%)
Train Loss: output=0.0286, reconstruction=0.6312
Epoch [201/400]
batch = 0 (Δ=0.171s, 100.00%)
Train Loss: output=0.0292, reconstruction=0.6304
Epoch [202/400]
batch = 0 (Δ=0.172s, 100.00%)
Train Loss: output=0.0300, reconstruction=0.6301
Epoch [203/400]
batch = 0 (Δ=0.174s, 100.00%)
Train Loss: output=0.0308, reconstruction=0.6296
Epoch [204/400]
batch = 0 (Δ=0.174s, 100.00%)
Train Loss: output=0.0319, reconstruction=0.6307
Epoch [205/400]
batch = 0 (Δ=0.174s, 100.00%)
Train Loss: output=0.0330, reconstruction=0.6329
Epoch [206/400]
batch = 0 (Δ=0.170s, 100.00%)
Train Loss: output=0.0339, reconstruction=0.6343
Epoch [207/400]
batch = 0 (Δ=0.171s, 100.00%)
Train Loss: output=0.0347, reconstruction=0.6359
Epoch [208/400]
batch = 0 (Δ=0.168s, 100.00%)
Train Loss: output=0.0343, reconstruction=0.6383
Epoch [209/400]
batch = 0 (Δ=0.173s, 100.00%)
Train Loss: output=0.0327, reconstruction=0.6417
Epoch [210/400]
batch = 0 (Δ=0.172s, 100.00%)
Train Loss: output=0.0315, reconstruction=0.6474
Epoch [211/400]
batch = 0 (Δ=0.173s, 100.00%)
Train Loss: output=0.0311, reconstruction=0.6523
Epoch [212/400]
batch = 0 (Δ=0.172s, 100.00%)
Train Loss: output=0.0314, reconstruction=0.6554
Epoch [213/400]
batch = 0 (Δ=0.174s, 100.00%)
Train Loss: output=0.0317, reconstruction=0.6575
Epoch [214/400]
batch = 0 (Δ=0.172s, 100.00%)
Train Loss: output=0.0313, reconstruction=0.6590
Epoch [215/400]
batch = 0 (Δ=0.172s, 100.00%)
Train Loss: output=0.0306, reconstruction=0.6614
Epoch [216/400]
batch = 0 (Δ=0.251s, 100.00%)
Train Loss: output=0.0299, reconstruction=0.6658
Epoch [217/400]
batch = 0 (Δ=0.174s, 100.00%)
Train Loss: output=0.0293, reconstruction=0.6689
Epoch [218/400]
batch = 0 (Δ=0.174s, 100.00%)
Train Loss: output=0.0284, reconstruction=0.6693
Epoch [219/400]
batch = 0 (Δ=0.172s, 100.00%)
Train Loss: output=0.0277, reconstruction=0.6670
Epoch [220/400]
batch = 0 (Δ=0.176s, 100.00%)
Train Loss: output=0.0279, reconstruction=0.6637
Epoch [221/400]
batch = 0 (Δ=0.174s, 100.00%)
Train Loss: output=0.0282, reconstruction=0.6607
Epoch [222/400]
batch = 0 (Δ=0.174s, 100.00%)
Train Loss: output=0.0279, reconstruction=0.6588
Epoch [223/400]
batch = 0 (Δ=0.172s, 100.00%)
Train Loss: output=0.0272, reconstruction=0.6586
Epoch [224/400]
batch = 0 (Δ=0.177s, 100.00%)
Train Loss: output=0.0268, reconstruction=0.6586
Epoch [225/400]
batch = 0 (Δ=0.170s, 100.00%)
Train Loss: output=0.0263, reconstruction=0.6586
Epoch [226/400]
batch = 0 (Δ=0.171s, 100.00%)
Train Loss: output=0.0250, reconstruction=0.6568
Epoch [227/400]
batch = 0 (Δ=0.172s, 100.00%)
Train Loss: output=0.0237, reconstruction=0.6545
Epoch [228/400]
batch = 0 (Δ=0.174s, 100.00%)
Train Loss: output=0.0226, reconstruction=0.6524
Epoch [229/400]
batch = 0 (Δ=0.172s, 100.00%)
Train Loss: output=0.0213, reconstruction=0.6508
Epoch [230/400]
batch = 0 (Δ=0.173s, 100.00%)
Train Loss: output=0.0208, reconstruction=0.6492
Epoch [231/400]
batch = 0 (Δ=0.170s, 100.00%)
Train Loss: output=0.0204, reconstruction=0.6489
Epoch [232/400]
batch = 0 (Δ=0.172s, 100.00%)
Train Loss: output=0.0199, reconstruction=0.6502
Epoch [233/400]
batch = 0 (Δ=0.174s, 100.00%)
Train Loss: output=0.0205, reconstruction=0.6516
Epoch [234/400]
batch = 0 (Δ=0.173s, 100.00%)
Train Loss: output=0.0212, reconstruction=0.6525
Epoch [235/400]
batch = 0 (Δ=0.173s, 100.00%)
Train Loss: output=0.0217, reconstruction=0.6542
Epoch [236/400]
batch = 0 (Δ=0.174s, 100.00%)
Train Loss: output=0.0220, reconstruction=0.6573
Epoch [237/400]
batch = 0 (Δ=0.175s, 100.00%)
Train Loss: output=0.0221, reconstruction=0.6605
Epoch [238/400]
batch = 0 (Δ=0.173s, 100.00%)
Train Loss: output=0.0219, reconstruction=0.6639
Epoch [239/400]
batch = 0 (Δ=0.172s, 100.00%)
Train Loss: output=0.0210, reconstruction=0.6676
Epoch [240/400]
batch = 0 (Δ=0.170s, 100.00%)
Train Loss: output=0.0203, reconstruction=0.6711
Epoch [241/400]
batch = 0 (Δ=0.172s, 100.00%)
Train Loss: output=0.0202, reconstruction=0.6715
Epoch [242/400]
batch = 0 (Δ=0.170s, 100.00%)
Train Loss: output=0.0200, reconstruction=0.6707
Epoch [243/400]
batch = 0 (Δ=0.172s, 100.00%)
Train Loss: output=0.0198, reconstruction=0.6719
Epoch [244/400]
batch = 0 (Δ=0.172s, 100.00%)
Train Loss: output=0.0200, reconstruction=0.6741
Epoch [245/400]
batch = 0 (Δ=0.171s, 100.00%)
Train Loss: output=0.0202, reconstruction=0.6753
Epoch [246/400]
batch = 0 (Δ=0.170s, 100.00%)
Train Loss: output=0.0204, reconstruction=0.6751
Epoch [247/400]
batch = 0 (Δ=0.169s, 100.00%)
Train Loss: output=0.0194, reconstruction=0.6729
Epoch [248/400]
batch = 0 (Δ=0.172s, 100.00%)
Train Loss: output=0.0181, reconstruction=0.6699
Epoch [249/400]
batch = 0 (Δ=0.173s, 100.00%)
Train Loss: output=0.0173, reconstruction=0.6670
Epoch [250/400]
batch = 0 (Δ=0.171s, 100.00%)
Train Loss: output=0.0164, reconstruction=0.6650
Epoch [251/400]
batch = 0 (Δ=0.173s, 100.00%)
Train Loss: output=0.0165, reconstruction=0.6654
Epoch [252/400]
batch = 0 (Δ=0.171s, 100.00%)
Train Loss: output=0.0172, reconstruction=0.6674
Epoch [253/400]
batch = 0 (Δ=0.172s, 100.00%)
Train Loss: output=0.0175, reconstruction=0.6666
Epoch [254/400]
batch = 0 (Δ=0.174s, 100.00%)
Train Loss: output=0.0177, reconstruction=0.6630
Epoch [255/400]
batch = 0 (Δ=0.174s, 100.00%)
Train Loss: output=0.0177, reconstruction=0.6590
Epoch [256/400]
batch = 0 (Δ=0.168s, 100.00%)
Train Loss: output=0.0180, reconstruction=0.6587
Epoch [257/400]
batch = 0 (Δ=0.173s, 100.00%)
Train Loss: output=0.0182, reconstruction=0.6619
Epoch [258/400]
batch = 0 (Δ=0.170s, 100.00%)
Train Loss: output=0.0178, reconstruction=0.6660
Epoch [259/400]
batch = 0 (Δ=0.169s, 100.00%)
Train Loss: output=0.0178, reconstruction=0.6678
Epoch [260/400]
batch = 0 (Δ=0.170s, 100.00%)
Train Loss: output=0.0183, reconstruction=0.6659
Epoch [261/400]
batch = 0 (Δ=0.171s, 100.00%)
Train Loss: output=0.0197, reconstruction=0.6617
Epoch [262/400]
batch = 0 (Δ=0.175s, 100.00%)
Train Loss: output=0.0210, reconstruction=0.6583
Epoch [263/400]
batch = 0 (Δ=0.172s, 100.00%)
Train Loss: output=0.0216, reconstruction=0.6548
Epoch [264/400]
batch = 0 (Δ=0.251s, 100.00%)
Train Loss: output=0.0221, reconstruction=0.6512
Epoch [265/400]
batch = 0 (Δ=0.168s, 100.00%)
Train Loss: output=0.0225, reconstruction=0.6498
Epoch [266/400]
batch = 0 (Δ=0.171s, 100.00%)
Train Loss: output=0.0226, reconstruction=0.6510
Epoch [267/400]
batch = 0 (Δ=0.171s, 100.00%)
Train Loss: output=0.0226, reconstruction=0.6515
Epoch [268/400]
batch = 0 (Δ=0.167s, 100.00%)
Train Loss: output=0.0225, reconstruction=0.6521
Epoch [269/400]
batch = 0 (Δ=0.170s, 100.00%)
Train Loss: output=0.0225, reconstruction=0.6522
Epoch [270/400]
batch = 0 (Δ=0.167s, 100.00%)
Train Loss: output=0.0224, reconstruction=0.6506
Epoch [271/400]
batch = 0 (Δ=0.170s, 100.00%)
Train Loss: output=0.0223, reconstruction=0.6475
Epoch [272/400]
batch = 0 (Δ=0.170s, 100.00%)
Train Loss: output=0.0224, reconstruction=0.6449
Epoch [273/400]
batch = 0 (Δ=0.169s, 100.00%)
Train Loss: output=0.0224, reconstruction=0.6423
Epoch [274/400]
batch = 0 (Δ=0.171s, 100.00%)
Train Loss: output=0.0227, reconstruction=0.6416
Epoch [275/400]
batch = 0 (Δ=0.169s, 100.00%)
Train Loss: output=0.0225, reconstruction=0.6436
Epoch [276/400]
batch = 0 (Δ=0.175s, 100.00%)
Train Loss: output=0.0224, reconstruction=0.6476
Epoch [277/400]
batch = 0 (Δ=0.172s, 100.00%)
Train Loss: output=0.0219, reconstruction=0.6501
Epoch [278/400]
batch = 0 (Δ=0.173s, 100.00%)
Train Loss: output=0.0214, reconstruction=0.6510
Epoch [279/400]
batch = 0 (Δ=0.171s, 100.00%)
Train Loss: output=0.0216, reconstruction=0.6536
Epoch [280/400]
batch = 0 (Δ=0.169s, 100.00%)
Train Loss: output=0.0222, reconstruction=0.6563
Epoch [281/400]
batch = 0 (Δ=0.170s, 100.00%)
Train Loss: output=0.0232, reconstruction=0.6603
Epoch [282/400]
batch = 0 (Δ=0.168s, 100.00%)
Train Loss: output=0.0384, reconstruction=0.6628
Epoch [283/400]
batch = 0 (Δ=0.169s, 100.00%)
Train Loss: output=0.0278, reconstruction=0.6495
Epoch [284/400]
batch = 0 (Δ=0.169s, 100.00%)
Train Loss: output=0.0307, reconstruction=0.6378
Epoch [285/400]
batch = 0 (Δ=0.169s, 100.00%)
Train Loss: output=0.0325, reconstruction=0.6340
Epoch [286/400]
batch = 0 (Δ=0.170s, 100.00%)
Train Loss: output=0.0335, reconstruction=0.6305
Epoch [287/400]
batch = 0 (Δ=0.174s, 100.00%)
Train Loss: output=0.0337, reconstruction=0.6279
Epoch [288/400]
batch = 0 (Δ=0.167s, 100.00%)
Train Loss: output=0.0329, reconstruction=0.6283
Epoch [289/400]
batch = 0 (Δ=0.167s, 100.00%)
Train Loss: output=0.0322, reconstruction=0.6294
Epoch [290/400]
batch = 0 (Δ=0.170s, 100.00%)
Train Loss: output=0.0320, reconstruction=0.6286
Epoch [291/400]
batch = 0 (Δ=0.168s, 100.00%)
Train Loss: output=0.0317, reconstruction=0.6283
Epoch [292/400]
batch = 0 (Δ=0.170s, 100.00%)
Train Loss: output=0.0318, reconstruction=0.6285
Epoch [293/400]
batch = 0 (Δ=0.170s, 100.00%)
Train Loss: output=0.0329, reconstruction=0.6302
Epoch [294/400]
batch = 0 (Δ=0.170s, 100.00%)
Train Loss: output=0.0346, reconstruction=0.6328
Epoch [295/400]
batch = 0 (Δ=0.170s, 100.00%)
Train Loss: output=0.0361, reconstruction=0.6340
Epoch [296/400]
batch = 0 (Δ=0.170s, 100.00%)
Train Loss: output=0.0366, reconstruction=0.6355
Epoch [297/400]
batch = 0 (Δ=0.169s, 100.00%)
Train Loss: output=0.0369, reconstruction=0.6366
Epoch [298/400]
batch = 0 (Δ=0.169s, 100.00%)
Train Loss: output=0.0369, reconstruction=0.6373
Epoch [299/400]
batch = 0 (Δ=0.170s, 100.00%)
Train Loss: output=0.0366, reconstruction=0.6387
Epoch [300/400]
batch = 0 (Δ=0.170s, 100.00%)
Train Loss: output=0.0361, reconstruction=0.6429
Epoch [301/400]
batch = 0 (Δ=0.174s, 100.00%)
Train Loss: output=0.0350, reconstruction=0.6437
Epoch [302/400]
batch = 0 (Δ=0.168s, 100.00%)
Train Loss: output=0.0333, reconstruction=0.6386
Epoch [303/400]
batch = 0 (Δ=0.168s, 100.00%)
Train Loss: output=0.0317, reconstruction=0.6332
Epoch [304/400]
batch = 0 (Δ=0.169s, 100.00%)
Train Loss: output=0.0303, reconstruction=0.6291
Epoch [305/400]
batch = 0 (Δ=0.172s, 100.00%)
Train Loss: output=0.0288, reconstruction=0.6290
Epoch [306/400]
batch = 0 (Δ=0.169s, 100.00%)
Train Loss: output=0.0278, reconstruction=0.6339
Epoch [307/400]
batch = 0 (Δ=0.167s, 100.00%)
Train Loss: output=0.0270, reconstruction=0.6435
Epoch [308/400]
batch = 0 (Δ=0.167s, 100.00%)
Train Loss: output=0.0259, reconstruction=0.6504
Epoch [309/400]
batch = 0 (Δ=0.171s, 100.00%)
Train Loss: output=0.0244, reconstruction=0.6490
Epoch [310/400]
batch = 0 (Δ=0.172s, 100.00%)
Train Loss: output=0.0232, reconstruction=0.6429
Epoch [311/400]
batch = 0 (Δ=0.169s, 100.00%)
Train Loss: output=0.0228, reconstruction=0.6373
Epoch [312/400]
batch = 0 (Δ=0.170s, 100.00%)
Train Loss: output=0.0215, reconstruction=0.6329
Epoch [313/400]
batch = 0 (Δ=0.171s, 100.00%)
Train Loss: output=0.0204, reconstruction=0.6311
Epoch [314/400]
batch = 0 (Δ=0.174s, 100.00%)
Train Loss: output=0.0204, reconstruction=0.6342
Epoch [315/400]
batch = 0 (Δ=0.169s, 100.00%)
Train Loss: output=0.0200, reconstruction=0.6390
Epoch [316/400]
batch = 0 (Δ=0.171s, 100.00%)
Train Loss: output=0.0193, reconstruction=0.6420
Epoch [317/400]
batch = 0 (Δ=0.259s, 100.00%)
Train Loss: output=0.0193, reconstruction=0.6427
Epoch [318/400]
batch = 0 (Δ=0.169s, 100.00%)
Train Loss: output=0.0195, reconstruction=0.6425
Epoch [319/400]
batch = 0 (Δ=0.169s, 100.00%)
Train Loss: output=0.0195, reconstruction=0.6417
Epoch [320/400]
batch = 0 (Δ=0.169s, 100.00%)
Train Loss: output=0.0189, reconstruction=0.6436
Epoch [321/400]
batch = 0 (Δ=0.169s, 100.00%)
Train Loss: output=0.0185, reconstruction=0.6460
Epoch [322/400]
batch = 0 (Δ=0.170s, 100.00%)
Train Loss: output=0.0187, reconstruction=0.6476
Epoch [323/400]
batch = 0 (Δ=0.168s, 100.00%)
Train Loss: output=0.0186, reconstruction=0.6490
Epoch [324/400]
batch = 0 (Δ=0.167s, 100.00%)
Train Loss: output=0.0180, reconstruction=0.6493
Epoch [325/400]
batch = 0 (Δ=0.170s, 100.00%)
Train Loss: output=0.0175, reconstruction=0.6477
Epoch [326/400]
batch = 0 (Δ=0.171s, 100.00%)
Train Loss: output=0.0172, reconstruction=0.6469
Epoch [327/400]
batch = 0 (Δ=0.171s, 100.00%)
Train Loss: output=0.0175, reconstruction=0.6439
Epoch [328/400]
batch = 0 (Δ=0.170s, 100.00%)
Train Loss: output=0.0179, reconstruction=0.6382
Epoch [329/400]
batch = 0 (Δ=0.171s, 100.00%)
Train Loss: output=0.0182, reconstruction=0.6342
Epoch [330/400]
batch = 0 (Δ=0.168s, 100.00%)
Train Loss: output=0.0192, reconstruction=0.6321
Epoch [331/400]
batch = 0 (Δ=0.169s, 100.00%)
Train Loss: output=0.0196, reconstruction=0.6295
Epoch [332/400]
batch = 0 (Δ=0.171s, 100.00%)
Train Loss: output=0.0198, reconstruction=0.6257
Epoch [333/400]
batch = 0 (Δ=0.170s, 100.00%)
Train Loss: output=0.0209, reconstruction=0.6228
Epoch [334/400]
batch = 0 (Δ=0.168s, 100.00%)
Train Loss: output=0.0225, reconstruction=0.6205
Epoch [335/400]
batch = 0 (Δ=0.173s, 100.00%)
Train Loss: output=0.0238, reconstruction=0.6202
Epoch [336/400]
batch = 0 (Δ=0.172s, 100.00%)
Train Loss: output=0.0253, reconstruction=0.6212
Epoch [337/400]
batch = 0 (Δ=0.171s, 100.00%)
Train Loss: output=0.0261, reconstruction=0.6222
Epoch [338/400]
batch = 0 (Δ=0.170s, 100.00%)
Train Loss: output=0.0271, reconstruction=0.6203
Epoch [339/400]
batch = 0 (Δ=0.173s, 100.00%)
Train Loss: output=0.0281, reconstruction=0.6167
Epoch [340/400]
batch = 0 (Δ=0.170s, 100.00%)
Train Loss: output=0.0288, reconstruction=0.6145
Epoch [341/400]
batch = 0 (Δ=0.170s, 100.00%)
Train Loss: output=0.0281, reconstruction=0.6134
Epoch [342/400]
batch = 0 (Δ=0.169s, 100.00%)
Train Loss: output=0.0271, reconstruction=0.6119
Epoch [343/400]
batch = 0 (Δ=0.173s, 100.00%)
Train Loss: output=0.0261, reconstruction=0.6098
Epoch [344/400]
batch = 0 (Δ=0.167s, 100.00%)
Train Loss: output=0.0248, reconstruction=0.6088
Epoch [345/400]
batch = 0 (Δ=0.171s, 100.00%)
Train Loss: output=0.0236, reconstruction=0.6128
Epoch [346/400]
batch = 0 (Δ=0.168s, 100.00%)
Train Loss: output=0.0230, reconstruction=0.6193
Epoch [347/400]
batch = 0 (Δ=0.169s, 100.00%)
Train Loss: output=0.0224, reconstruction=0.6236
Epoch [348/400]
batch = 0 (Δ=0.173s, 100.00%)
Train Loss: output=0.0218, reconstruction=0.6268
Epoch [349/400]
batch = 0 (Δ=0.168s, 100.00%)
Train Loss: output=0.0212, reconstruction=0.6296
Epoch [350/400]
batch = 0 (Δ=0.170s, 100.00%)
Train Loss: output=0.0205, reconstruction=0.6323
Epoch [351/400]
batch = 0 (Δ=0.167s, 100.00%)
Train Loss: output=0.0194, reconstruction=0.6347
Epoch [352/400]
batch = 0 (Δ=0.169s, 100.00%)
Train Loss: output=0.0182, reconstruction=0.6359
Epoch [353/400]
batch = 0 (Δ=0.170s, 100.00%)
Train Loss: output=0.0178, reconstruction=0.6358
Epoch [354/400]
batch = 0 (Δ=0.170s, 100.00%)
Train Loss: output=0.0176, reconstruction=0.6345
Epoch [355/400]
batch = 0 (Δ=0.171s, 100.00%)
Train Loss: output=0.0180, reconstruction=0.6314
Epoch [356/400]
batch = 0 (Δ=0.170s, 100.00%)
Train Loss: output=0.0187, reconstruction=0.6281
Epoch [357/400]
batch = 0 (Δ=0.169s, 100.00%)
Train Loss: output=0.0195, reconstruction=0.6284
Epoch [358/400]
batch = 0 (Δ=0.168s, 100.00%)
Train Loss: output=0.0193, reconstruction=0.6293
Epoch [359/400]
batch = 0 (Δ=0.171s, 100.00%)
Train Loss: output=0.0192, reconstruction=0.6282
Epoch [360/400]
batch = 0 (Δ=0.171s, 100.00%)
Train Loss: output=0.0188, reconstruction=0.6240
Epoch [361/400]
batch = 0 (Δ=0.171s, 100.00%)
Train Loss: output=0.0180, reconstruction=0.6185
Epoch [362/400]
batch = 0 (Δ=0.169s, 100.00%)
Train Loss: output=0.0174, reconstruction=0.6158
Epoch [363/400]
batch = 0 (Δ=0.169s, 100.00%)
Train Loss: output=0.0169, reconstruction=0.6168
Epoch [364/400]
batch = 0 (Δ=0.169s, 100.00%)
Train Loss: output=0.0169, reconstruction=0.6166
Epoch [365/400]
batch = 0 (Δ=0.170s, 100.00%)
Train Loss: output=0.0169, reconstruction=0.6156
Epoch [366/400]
batch = 0 (Δ=0.169s, 100.00%)
Train Loss: output=0.0178, reconstruction=0.6141
Epoch [367/400]
batch = 0 (Δ=0.168s, 100.00%)
Train Loss: output=0.0194, reconstruction=0.6143
Epoch [368/400]
batch = 0 (Δ=0.171s, 100.00%)
Train Loss: output=0.0223, reconstruction=0.6157
Epoch [369/400]
batch = 0 (Δ=0.171s, 100.00%)
Train Loss: output=0.0248, reconstruction=0.6193
Epoch [370/400]
batch = 0 (Δ=0.170s, 100.00%)
Train Loss: output=0.0255, reconstruction=0.7694
Epoch [371/400]
batch = 0 (Δ=0.251s, 100.00%)
Train Loss: output=0.0298, reconstruction=0.6209
Epoch [372/400]
batch = 0 (Δ=0.169s, 100.00%)
Train Loss: output=0.0316, reconstruction=0.6182
Epoch [373/400]
batch = 0 (Δ=0.170s, 100.00%)
Train Loss: output=0.0319, reconstruction=0.6167
Epoch [374/400]
batch = 0 (Δ=0.169s, 100.00%)
Train Loss: output=0.0311, reconstruction=0.6170
Epoch [375/400]
batch = 0 (Δ=0.170s, 100.00%)
Train Loss: output=0.0303, reconstruction=0.6175
Epoch [376/400]
batch = 0 (Δ=0.176s, 100.00%)
Train Loss: output=0.0299, reconstruction=0.6199
Epoch [377/400]
batch = 0 (Δ=0.168s, 100.00%)
Train Loss: output=0.0305, reconstruction=0.6239
Epoch [378/400]
batch = 0 (Δ=0.174s, 100.00%)
Train Loss: output=0.0309, reconstruction=0.6261
Epoch [379/400]
batch = 0 (Δ=0.175s, 100.00%)
Train Loss: output=0.0315, reconstruction=0.6234
Epoch [380/400]
batch = 0 (Δ=0.168s, 100.00%)
Train Loss: output=0.1188, reconstruction=0.6024
Epoch [381/400]
batch = 0 (Δ=0.171s, 100.00%)
Train Loss: output=0.0324, reconstruction=0.6197
Epoch [382/400]
batch = 0 (Δ=0.170s, 100.00%)
Train Loss: output=0.0316, reconstruction=0.6202
Epoch [383/400]
batch = 0 (Δ=0.169s, 100.00%)
Train Loss: output=0.0306, reconstruction=0.6222
Epoch [384/400]
batch = 0 (Δ=0.170s, 100.00%)
Train Loss: output=0.0303, reconstruction=0.6248
Epoch [385/400]
batch = 0 (Δ=0.172s, 100.00%)
Train Loss: output=0.0299, reconstruction=0.6230
Epoch [386/400]
batch = 0 (Δ=0.173s, 100.00%)
Train Loss: output=0.0292, reconstruction=0.6203
Epoch [387/400]
batch = 0 (Δ=0.170s, 100.00%)
Train Loss: output=0.0275, reconstruction=0.6197
Epoch [388/400]
batch = 0 (Δ=0.170s, 100.00%)
Train Loss: output=0.0251, reconstruction=0.6161
Epoch [389/400]
batch = 0 (Δ=0.168s, 100.00%)
Train Loss: output=0.0232, reconstruction=0.6108
Epoch [390/400]
batch = 0 (Δ=0.169s, 100.00%)
Train Loss: output=0.0218, reconstruction=0.6087
Epoch [391/400]
batch = 0 (Δ=0.170s, 100.00%)
Train Loss: output=0.0211, reconstruction=0.6097
Epoch [392/400]
batch = 0 (Δ=0.167s, 100.00%)
Train Loss: output=0.0215, reconstruction=0.6138
Epoch [393/400]
batch = 0 (Δ=0.168s, 100.00%)
Train Loss: output=0.0214, reconstruction=0.6151
Epoch [394/400]
batch = 0 (Δ=0.167s, 100.00%)
Train Loss: output=0.0212, reconstruction=0.6146
Epoch [395/400]
batch = 0 (Δ=0.169s, 100.00%)
Train Loss: output=0.0209, reconstruction=0.6172
Epoch [396/400]
batch = 0 (Δ=0.166s, 100.00%)
Train Loss: output=0.0211, reconstruction=0.6202
Epoch [397/400]
batch = 0 (Δ=0.169s, 100.00%)
Train Loss: output=0.0223, reconstruction=0.6205
Epoch [398/400]
batch = 0 (Δ=0.174s, 100.00%)
Train Loss: output=0.0237, reconstruction=0.6226
Epoch [399/400]
batch = 0 (Δ=0.170s, 100.00%)
Train Loss: output=0.0246, reconstruction=0.6262
Epoch [400/400]
batch = 0 (Δ=0.172s, 100.00%)
Train Loss: output=0.0243, reconstruction=0.6300
Final Stats:
=== Selected operation grammar ===
batch = 0 (Δ=6.465s, 100.00%)
=== Input Reconstruction (test) ===
  row[0] input='hello world' -> reconstructed='there 0' label=0.0000 predicted=0.1630 MISMATCH
  row[1] input='hello there' -> reconstructed='' label=1.0000 predicted=0.7230 MISMATCH
  row[2] input='loving world' -> reconstructed='' label=1.0000 predicted=1.0132 MISMATCH
  row[3] input='loving there' -> reconstructed='' label=0.0000 predicted=0.1751 MISMATCH
