........F.................................................ss............ [ 58%]
...............................................s...                      [100%]
=================================== FAILURES ===================================
____________ test_review17_measurement_wiring_on_one_ordinary_batch ____________
test/test_review14_contracts.py:157: in test_review17_measurement_wiring_on_one_ordinary_batch
    assert result['exit_code']==0,(tmp_path/'observer.log').read_text()
E   AssertionError: F                                                                        [100%]
E     =================================== FAILURES ===================================
E     ___________ test_margin_and_ownership_observe_the_same_actual_steps ____________
E     
E         def test_margin_and_ownership_observe_the_same_actual_steps():
E             from test_mm_xor import _fresh_model
E             import review17_gate_observer
E             model, _, data = _fresh_model('data/XOR_grammar.xml')
E             optimizer = model.getOptimizer(lr=.01)
E             owners=model.objective_parameter_groups(optimizer)
E             assert 'compose_preference' not in owners
E             preference=owners['reconstruction']
E     >       assert any(p is model.languageSpace.decomposition_chooser.weight for p in preference)
E     E       assert False
E     E        +  where False = any(<generator object test_margin_and_ownership_observe_the_same_actual_steps.<locals>.<genexpr> at 0x127dc3850>)
E     
E     doc/benchmarks/2026-10-03-operators-attention/review17_observer_probe.py:15: AssertionError
E     =============================== warnings summary ===============================
E     doc/benchmarks/2026-10-03-operators-attention/review17_observer_probe.py::test_margin_and_ownership_observe_the_same_actual_steps
E       /Users/arogers/github/WikiOracle/basicmodel/test/test_mm_xor.py:171: PytestUnknownMarkWarning: Unknown pytest.mark.slow - is this a typo?  You can register custom marks to avoid this warning - for details, see https://docs.pytest.org/en/stable/how-to/mark.html
E         @pytest.mark.slow
E     
E     doc/benchmarks/2026-10-03-operators-attention/review17_observer_probe.py::test_margin_and_ownership_observe_the_same_actual_steps
E       /Users/arogers/github/WikiOracle/basicmodel/test/test_mm_xor.py:176: PytestUnknownMarkWarning: Unknown pytest.mark.slow - is this a typo?  You can register custom marks to avoid this warning - for details, see https://docs.pytest.org/en/stable/how-to/mark.html
E         @pytest.mark.slow
E     
E     doc/benchmarks/2026-10-03-operators-attention/review17_observer_probe.py::test_margin_and_ownership_observe_the_same_actual_steps
E       /Users/arogers/github/WikiOracle/basicmodel/test/test_mm_xor.py:182: PytestUnknownMarkWarning: Unknown pytest.mark.slow - is this a typo?  You can register custom marks to avoid this warning - for details, see https://docs.pytest.org/en/stable/how-to/mark.html
E         @pytest.mark.slow
E     
E     -- Docs: https://docs.pytest.org/en/stable/how-to/capture-warnings.html
E     =========================== short test summary info ============================
E     FAILED doc/benchmarks/2026-10-03-operators-attention/review17_observer_probe.py::test_margin_and_ownership_observe_the_same_actual_steps
E     1 failed, 3 warnings in 0.29s
E     
E   assert 1 == 0
=============================== warnings summary ===============================
test/test_review14_contracts.py::test_net_evidence_interval_and_detached_native_sources
  /Users/arogers/github/WikiOracle/basicmodel/.venv/lib/python3.12/site-packages/torch/utils/_device.py:122: UserWarning: Sparse invariant checks are implicitly disabled. Memory errors (e.g. SEGFAULT) will occur when operating on a sparse tensor which violates the invariants, but checks incur performance overhead. To silence this warning, explicitly opt in or out. See `torch.sparse.check_sparse_tensor_invariants.__doc__` for guidance.  (Triggered internally at /Users/runner/work/pytorch/pytorch/aten/src/ATen/Context.cpp:855.)
    return func(*args, **kwargs)

test/test_sentence_compose.py::test_real_packed_ends_train_before_the_next_sentence[False]
  /Users/arogers/github/WikiOracle/basicmodel/bin/Models.py:7164: RuntimeWarning: what_answer_target_shape [config /private/var/folders/_y/q6ybzrpx39jd0fzf9g671z280000gn/T/pytest-of-arogers/pytest-1968/test_real_packed_ends_train_be0/tiny_chunk_model.xml]: Data.what target (2, 1) replaces the loader output (2, 0) (placeholder labels)
    warnings.warn(f"{site} [config {cfg}]: {detail}", RuntimeWarning)

-- Docs: https://docs.pytest.org/en/stable/how-to/capture-warnings.html
=========================== short test summary info ============================
FAILED test/test_review14_contracts.py::test_review17_measurement_wiring_on_one_ordinary_batch
1 failed, 119 passed, 3 skipped, 2 warnings in 76.84s (0:01:16)
