..........s.......s.............................................F....... [ 30%]
........................................................................ [ 61%]
........................................................................ [ 91%]
..................s                                                      [100%]
=================================== FAILURES ===================================
________________ test_open_read_covers_exact_native_input[True] ________________
test/test_interleave_lifecycle.py:24: in test_open_read_covers_exact_native_input
    with torch.no_grad():model(raw)
                         ^^^^^^^^^^
../WikiOracle/basicmodel/.venv/lib/python3.12/site-packages/torch/nn/modules/module.py:1783: in _wrapped_call_impl
    return self._call_impl(*args, **kwargs)
           ^^^^^^^^^^^^^^^^^^^^^^^^^^^^^^^^
../WikiOracle/basicmodel/.venv/lib/python3.12/site-packages/torch/nn/modules/module.py:1794: in _call_impl
    return forward_call(*args, **kwargs)
           ^^^^^^^^^^^^^^^^^^^^^^^^^^^^^
bin/Models.py:153: in masked
    return method(self, *args, **kwargs)
           ^^^^^^^^^^^^^^^^^^^^^^^^^^^^^
bin/Models.py:8349: in forward
    return self._forward_per_stage(inputData)
           ^^^^^^^^^^^^^^^^^^^^^^^^^^^^^^^^^^
bin/Models.py:23581: in _forward_per_stage
    body_result = self._forward_body(
bin/Models.py:17392: in _forward_body
    return self._forward_body_per_word(
bin/Models.py:22116: in _forward_body_per_word
    self._run_tensor_peer_word_pipeline(N_words))
    ^^^^^^^^^^^^^^^^^^^^^^^^^^^^^^^^^^^^^^^^^^^^
bin/Models.py:21669: in _run_tensor_peer_word_pipeline
    feedback, trip_count) = self._run_sentence_word_bricks(
bin/Models.py:20850: in _run_sentence_word_bricks
    chosen = self._commit_sentence(chosen, sid, present, observations, predictions, wins)
             ^^^^^^^^^^^^^^^^^^^^^^^^^^^^^^^^^^^^^^^^^^^^^^^^^^^^^^^^^^^^^^^^^^^^^^^^^^^^
bin/Models.py:20456: in _commit_sentence
    row = _append_observed_meaning(store, clause,
bin/Models.py:162: in _append_observed_meaning
    return store.write_clause(clause, trust=trust, kind=kind, stream=stream,
../WikiOracle/basicmodel/.venv/lib/python3.12/site-packages/torch/utils/_contextlib.py:124: in decorate_context
    return func(*args, **kwargs)
           ^^^^^^^^^^^^^^^^^^^^^
bin/ClauseRow.py:365: in write_clause
    preflight(clause)
bin/ClauseRow.py:329: in preflight
    else self.point_of_row(ref))
         ^^^^^^^^^^^^^^^^^^^^^^
bin/ClauseRow.py:218: in point_of_row
    point = resolve(int(reference))
            ^^^^^^^^^^^^^^^^^^^^^^^
bin/ClauseRow.py:138: in concept_point
    return _basis(owner)[_existing_row(owner, ('sym', cid))]
                         ^^^^^^^^^^^^^^^^^^^^^^^^^^^^^^^^^^
bin/Queries.py:483: in _existing_row
    ref = concept_reference(reference)
          ^^^^^^^^^^^^^^^^^^^^^^^^^^^^
bin/Taxonomy.py:15: in concept_reference
    raise TypeError("taxonomy operands require a ('sym', positive concept id) reference")
E   TypeError: taxonomy operands require a ('sym', positive concept id) reference
=============================== warnings summary ===============================
test/test_input_byte_addresses.py::test_promoted_percepts_keep_their_original_byte_addresses[MM_math]
  /Users/arogers/github/WikiOracle/basicmodel/.venv/lib/python3.12/site-packages/torch/utils/_device.py:122: UserWarning: Sparse invariant checks are implicitly disabled. Memory errors (e.g. SEGFAULT) will occur when operating on a sparse tensor which violates the invariants, but checks incur performance overhead. To silence this warning, explicitly opt in or out. See `torch.sparse.check_sparse_tensor_invariants.__doc__` for guidance.  (Triggered internally at /Users/runner/work/pytorch/pytorch/aten/src/ATen/Context.cpp:855.)
    return func(*args, **kwargs)

test/test_intra_routing_grad_to_router.py::TestSoftRuleProbsGradReachesRouter::test_grad_reaches_unary_and_binary_anchors_bare_router
  /Users/arogers/github/WikiOracle/basicmodel/.venv/lib/python3.12/site-packages/torch/utils/_device.py:122: UserWarning: Converting a tensor with requires_grad=True to a scalar may lead to unexpected behavior.
  Consider using tensor.detach() first. (Triggered internally at /Users/runner/work/pytorch/pytorch/torch/csrc/autograd/generated/python_variable_methods.cpp:821.)
    return func(*args, **kwargs)

-- Docs: https://docs.pytest.org/en/stable/how-to/capture-warnings.html
=========================== short test summary info ============================
FAILED test/test_interleave_lifecycle.py::test_open_read_covers_exact_native_input[True]
1 failed, 231 passed, 3 skipped, 2 warnings in 34.79s
