/Users/arogers/github/WikiOracle/basicmodel/.venv/lib/python3.12/site-packages/torch/utils/_device.py:122: UserWarning: Sparse invariant checks are implicitly disabled. Memory errors (e.g. SEGFAULT) will occur when operating on a sparse tensor which violates the invariants, but checks incur performance overhead. To silence this warning, explicitly opt in or out. See `torch.sparse.check_sparse_tensor_invariants.__doc__` for guidance.  (Triggered internally at /Users/runner/work/pytorch/pytorch/aten/src/ATen/Context.cpp:855.)
  return func(*args, **kwargs)
[AMP] off (fp32, MODEL_AMP unset or =off)
batch = 0 (warm-up)
batch = 2 (Δ=1.885s)
batch = 4 (Δ=2.453s)
batch = 6 (Δ=2.572s)
batch = 8 (Δ=3.214s)
Traceback (most recent call last):
  File "/Users/arogers/github/WikiOracle/basicmodel/doc/benchmarks/2026-10-08-math-chain-repair-2/decomposition_certificate.py", line 166, in <module>
    run(HERE/sys.argv[1], int(sys.argv[2]) if len(sys.argv) > 2 else 1)
  File "/Users/arogers/github/WikiOracle/basicmodel/doc/benchmarks/2026-10-08-math-chain-repair-2/decomposition_certificate.py", line 154, in run
    rows = train_documents(model, documents, folder, after=after, episode=episode)
           ^^^^^^^^^^^^^^^^^^^^^^^^^^^^^^^^^^^^^^^^^^^^^^^^^^^^^^^^^^^^^^^^^^^^^^^
  File "/Users/arogers/github/WikiOracle/basicmodel/test/math_chain_ordinary.py", line 80, in train_documents
    present(model, split='train', optimizer=optimizer, batch_size=8, after_batch=record)
  File "/Users/arogers/github/WikiOracle/basicmodel/bin/MathChainTraining.py", line 48, in present
    result, _ = model.runBatch(train=training, batchNum=total,
                ^^^^^^^^^^^^^^^^^^^^^^^^^^^^^^^^^^^^^^^^^^^^^^
  File "/Users/arogers/github/WikiOracle/basicmodel/doc/benchmarks/2026-10-08-math-chain-repair-2/forced_decomposition_grammar.py", line 39, in run_batch
    return batch(model, *args, **kwargs)
           ^^^^^^^^^^^^^^^^^^^^^^^^^^^^^
  File "/Users/arogers/github/WikiOracle/basicmodel/bin/Models.py", line 13694, in runBatch
    return self._run_sentence_batch(*args, **kwargs)
           ^^^^^^^^^^^^^^^^^^^^^^^^^^^^^^^^^^^^^^^^^
  File "/Users/arogers/github/WikiOracle/basicmodel/bin/Models.py", line 13831, in _run_sentence_batch
    return self._run_batch_once(**call)
           ^^^^^^^^^^^^^^^^^^^^^^^^^^^^
  File "/Users/arogers/github/WikiOracle/basicmodel/bin/Models.py", line 14213, in _run_batch_once
    _what_answers = self._what_or_think(
                    ^^^^^^^^^^^^^^^^^^^^
  File "/Users/arogers/github/WikiOracle/basicmodel/bin/Models.py", line 8851, in _what_or_think
    return self.ask(questions, input_data, executor=executor, record=record, score=score)
           ^^^^^^^^^^^^^^^^^^^^^^^^^^^^^^^^^^^^^^^^^^^^^^^^^^^^^^^^^^^^^^^^^^^^^^^^^^^^^^
  File "/Users/arogers/github/WikiOracle/basicmodel/bin/Models.py", line 10282, in ask
    execution = self._execute_input_sentence(input_data, executor)
                ^^^^^^^^^^^^^^^^^^^^^^^^^^^^^^^^^^^^^^^^^^^^^^^^^^
  File "/Users/arogers/github/WikiOracle/basicmodel/bin/Models.py", line 153, in masked
    return method(self, *args, **kwargs)
           ^^^^^^^^^^^^^^^^^^^^^^^^^^^^^
  File "/Users/arogers/github/WikiOracle/basicmodel/bin/Models.py", line 8536, in _execute_input_sentence
    return (executor or self.forward)(input_data)
           ^^^^^^^^^^^^^^^^^^^^^^^^^^^^^^^^^^^^^^
  File "/Users/arogers/github/WikiOracle/basicmodel/bin/Models.py", line 153, in masked
    return method(self, *args, **kwargs)
           ^^^^^^^^^^^^^^^^^^^^^^^^^^^^^
  File "/Users/arogers/github/WikiOracle/basicmodel/bin/Models.py", line 8314, in forward
    return self._forward_per_stage(inputData)
           ^^^^^^^^^^^^^^^^^^^^^^^^^^^^^^^^^^
  File "/Users/arogers/github/WikiOracle/basicmodel/bin/Models.py", line 23621, in _forward_per_stage
    body_result = self._forward_body(
                  ^^^^^^^^^^^^^^^^^^^
  File "/Users/arogers/github/WikiOracle/basicmodel/bin/Models.py", line 17297, in _forward_body
    return self._forward_body_per_word(
           ^^^^^^^^^^^^^^^^^^^^^^^^^^^^
  File "/Users/arogers/github/WikiOracle/basicmodel/bin/Models.py", line 22155, in _forward_body_per_word
    self._run_tensor_peer_word_pipeline(N_words))
    ^^^^^^^^^^^^^^^^^^^^^^^^^^^^^^^^^^^^^^^^^^^^
  File "/Users/arogers/github/WikiOracle/basicmodel/bin/Models.py", line 21708, in _run_tensor_peer_word_pipeline
    feedback, trip_count) = self._run_sentence_word_bricks(
                            ^^^^^^^^^^^^^^^^^^^^^^^^^^^^^^^
  File "/Users/arogers/github/WikiOracle/basicmodel/bin/Models.py", line 20834, in _run_sentence_word_bricks
    chosen = self._commit_sentence(chosen, sid, present, observations, predictions, wins)
             ^^^^^^^^^^^^^^^^^^^^^^^^^^^^^^^^^^^^^^^^^^^^^^^^^^^^^^^^^^^^^^^^^^^^^^^^^^^^
  File "/Users/arogers/github/WikiOracle/basicmodel/bin/Models.py", line 20389, in _commit_sentence
    closed_thoughts = close(self, fields, sentence=sid, ready=ready, score=score_thought, images=images)
                      ^^^^^^^^^^^^^^^^^^^^^^^^^^^^^^^^^^^^^^^^^^^^^^^^^^^^^^^^^^^^^^^^^^^^^^^^^^^^^^^^^^
  File "/Users/arogers/github/WikiOracle/basicmodel/bin/ThoughtClosing.py", line 110, in close
    result = model.run_selected_thought(field.query, row=row,
             ^^^^^^^^^^^^^^^^^^^^^^^^^^^^^^^^^^^^^^^^^^^^^^^^
  File "/Users/arogers/github/WikiOracle/basicmodel/test/math_chain_ordinary.py", line 57, in observe_episode
    return episode(original, model, *args, **kwargs)
           ^^^^^^^^^^^^^^^^^^^^^^^^^^^^^^^^^^^^^^^^^
  File "/Users/arogers/github/WikiOracle/basicmodel/doc/benchmarks/2026-10-08-math-chain-repair-2/decomposition_certificate.py", line 135, in episode
    assert not unexpected, unexpected
           ^^^^^^^^^^^^^^
AssertionError: ['._answer_attention_obs', '._last_answer_construction', '._last_output_comparison', '._last_output_walk_trace', '._sentence_answer_cost', '._sentence_answer_predictions', '._sentence_answer_raw_cost']
