..........F............F.....F
=================================== FAILURES ===================================
__________ test_eight_corpus_sentences_train_at_distinct_fork_rounds ___________

tmp_path = PosixPath('/private/var/folders/_y/q6ybzrpx39jd0fzf9g671z280000gn/T/pytest-of-arogers/pytest-3960/test_eight_corpus_sentences_tr0')

    def test_eight_corpus_sentences_train_at_distinct_fork_rounds(tmp_path):
        from math_chain_corpus import MathChainCorpus
        from math_chain_ordinary import ordinary_model, train_documents, episode_observer
        model = ordinary_model(tmp_path)
        footprint = episode_observer()
        differences = []
        def episode(original, model, *args, **kwargs):
            before = footprint.snapshot(model) if not differences else None
            result = original(model, *args, **kwargs)
            if before is not None:
                differences.append(footprint.difference(before, footprint.snapshot(model)))
            return result
        try:
            docs = MathChainCorpus().counting()[::2][:8]
>           observations = train_documents(model, docs, tmp_path, episode=episode)
                           ^^^^^^^^^^^^^^^^^^^^^^^^^^^^^^^^^^^^^^^^^^^^^^^^^^^^^^^

test/test_math_chain_repair2.py:156: 
_ _ _ _ _ _ _ _ _ _ _ _ _ _ _ _ _ _ _ _ _ _ _ _ _ _ _ _ _ _ _ _ _ _ _ _ _ _ _ _ 
test/math_chain_ordinary.py:80: in train_documents
    present(model, split='train', optimizer=optimizer, batch_size=8, after_batch=record)
bin/MathChainTraining.py:48: in present
    result, _ = model.runBatch(train=training, batchNum=total,
bin/Models.py:13685: in runBatch
    return self._run_sentence_batch(*args, **kwargs)
           ^^^^^^^^^^^^^^^^^^^^^^^^^^^^^^^^^^^^^^^^^
bin/Models.py:13822: in _run_sentence_batch
    return self._run_batch_once(**call)
           ^^^^^^^^^^^^^^^^^^^^^^^^^^^^
bin/Models.py:14204: in _run_batch_once
    _what_answers = self._what_or_think(
bin/Models.py:8842: in _what_or_think
    return self.ask(questions, input_data, executor=executor, record=record, score=score)
           ^^^^^^^^^^^^^^^^^^^^^^^^^^^^^^^^^^^^^^^^^^^^^^^^^^^^^^^^^^^^^^^^^^^^^^^^^^^^^^
bin/Models.py:10273: in ask
    execution = self._execute_input_sentence(input_data, executor)
                ^^^^^^^^^^^^^^^^^^^^^^^^^^^^^^^^^^^^^^^^^^^^^^^^^^
bin/Models.py:153: in masked
    return method(self, *args, **kwargs)
           ^^^^^^^^^^^^^^^^^^^^^^^^^^^^^
bin/Models.py:8527: in _execute_input_sentence
    return (executor or self.forward)(input_data)
           ^^^^^^^^^^^^^^^^^^^^^^^^^^^^^^^^^^^^^^
bin/Models.py:153: in masked
    return method(self, *args, **kwargs)
           ^^^^^^^^^^^^^^^^^^^^^^^^^^^^^
bin/Models.py:8305: in forward
    return self._forward_per_stage(inputData)
           ^^^^^^^^^^^^^^^^^^^^^^^^^^^^^^^^^^
bin/Models.py:23594: in _forward_per_stage
    body_result = self._forward_body(
bin/Models.py:17288: in _forward_body
    return self._forward_body_per_word(
bin/Models.py:22128: in _forward_body_per_word
    self._run_tensor_peer_word_pipeline(N_words))
    ^^^^^^^^^^^^^^^^^^^^^^^^^^^^^^^^^^^^^^^^^^^^
bin/Models.py:21681: in _run_tensor_peer_word_pipeline
    feedback, trip_count) = self._run_sentence_word_bricks(
bin/Models.py:20810: in _run_sentence_word_bricks
    chosen = self._commit_sentence(chosen, sid, present, observations, predictions, wins)
             ^^^^^^^^^^^^^^^^^^^^^^^^^^^^^^^^^^^^^^^^^^^^^^^^^^^^^^^^^^^^^^^^^^^^^^^^^^^^
bin/Models.py:20373: in _commit_sentence
    closed_thoughts = close(self, fields, sentence=sid, ready=ready, score=score_thought, images=images)
                      ^^^^^^^^^^^^^^^^^^^^^^^^^^^^^^^^^^^^^^^^^^^^^^^^^^^^^^^^^^^^^^^^^^^^^^^^^^^^^^^^^^
bin/ThoughtClosing.py:93: in close
    result = model.run_selected_thought(field.query, row=row,
test/math_chain_ordinary.py:57: in observe_episode
    return episode(original, model, *args, **kwargs)
           ^^^^^^^^^^^^^^^^^^^^^^^^^^^^^^^^^^^^^^^^^
test/test_math_chain_repair2.py:150: in episode
    result = original(model, *args, **kwargs)
             ^^^^^^^^^^^^^^^^^^^^^^^^^^^^^^^^
doc/benchmarks/2026-10-07-math-chain/math_observer.py:64: in observed
    value = run(model, meaning, **kwargs)
            ^^^^^^^^^^^^^^^^^^^^^^^^^^^^^
bin/Models.py:6032: in run_selected_thought
    result = thought_pair(self, meaning, row=row, work_budget=work_budget,
bin/WalkTrials.py:223: in thought_pair
    greedy, first, state = run(trace, meter)
                           ^^^^^^^^^^^^^^^^^
bin/WalkTrials.py:206: in run
    result = model._run_selected_thought_once(meaning, row=row, work_budget=work_budget,
bin/Models.py:6085: in _run_selected_thought_once
    root = memory.begin_thought_episode(meaning, b=row, work_budget=meter.remaining)
           ^^^^^^^^^^^^^^^^^^^^^^^^^^^^^^^^^^^^^^^^^^^^^^^^^^^^^^^^^^^^^^^^^^^^^^^^^
bin/Thoughts.py:505: in begin_thought_episode
    record = ThoughtRecord(
<string>:21: in __init__
    ???
_ _ _ _ _ _ _ _ _ _ _ _ _ _ _ _ _ _ _ _ _ _ _ _ _ _ _ _ _ _ _ _ _ _ _ _ _ _ _ _ 

self = ThoughtRecord(id=0, episode=0, kind='begin', level=0, meaning=ConceptualMeaning(mode='assertive', polarity=True, role_...0, support_false=0.0, evidence_kind='unverified', sources=(), reason='', semantic_delta=0.0, result=None, address=None)

    def __post_init__(self):
        for name in ("id", "episode", "level", "cost", "budget"):
            if type(getattr(self, name)) is not int or getattr(self, name) < 0:
                raise ValueError(f"thought {name} must be a non-negative integer")
        if self.kind not in (
            "begin",
            "thought",
            "descend",
            "return",
            "cutoff",
            "finish",
        ):
            raise ValueError("unknown thought transition")
        if self.meaning is not None and not isinstance(self.meaning, ConceptualMeaning):
            raise TypeError("thought content requires a complete ConceptualMeaning")
        if self.kind in ("begin", "thought", "descend") and self.meaning is None:
            raise ValueError("thought content cannot be empty")
        if self.kind in ("begin", "descend") and self.meaning.mode != "interrogative":
>           raise ValueError(
                "a thinking context requires an interrogative initiating meaning"
            )
E           ValueError: a thinking context requires an interrogative initiating meaning

bin/Thoughts.py:57: ValueError
----------------------------- Captured stdout call -----------------------------
[AMP] off (fp32, MODEL_AMP unset or =off)
______ test_answer_credit_moves_shared_chooser_toward_the_completed_chain ______

monkeypatch = <_pytest.monkeypatch.MonkeyPatch object at 0x131697ce0>

    def test_answer_credit_moves_shared_chooser_toward_the_completed_chain(monkeypatch):
        model,registry,store,goal,menu=credit_chain_world(monkeypatch)
        chooser=model.shared_grammar
        before=chooser.thought_logits(goal,menu).softmax(-1)[0,1].detach()
        result=run(model,goal,work_budget=64,
                score=lambda result:float(needs_episode(result.meaning)))
        assert not model._last_thought_comparison['explore_kept']  # reconstruction tie
>       assert model._last_thought_comparison['costs']==(1.,0.)
E       assert (1.0, 1.0) == (1.0, 0.0)
E         
E         At index 1 diff: 1.0 != 0.0
E         Use -v to get more diff

test/test_item6_2_thinking.py:275: AssertionError
______ test_open_closing_and_later_binding_are_reference_driven[unicorn] _______

surface = 'unicorn'

    @pytest.mark.parametrize('surface', ['?', 'who', 'which', 'unicorn'])
    def test_open_closing_and_later_binding_are_reference_driven(surface):
        from ThoughtClosing import closing_question, close
        from ClauseRow import Clause
        from Understanding import SentenceEndState
        model,registry,store,(a,b,c)=world()
        source=ConceptualMeaning.from_description(torch.arange(8.).float())
        clause=Clause(source,point=source.roles[0],evidence=(0.,0.))
        parsed=replace(source,mode='interrogative') if surface!='unicorn' else None
        q=closing_question(source,clause,parsed,SimpleNamespace(lexical_forms=(surface,)))
        assert q is not None and open_slots(q)
        q=replace(q,bindings=dict(bindings(q),_forward_references=((0, a[1]),)))
        model.attention_budget=0
        model._sentence_fields={}
        fields=[SentenceEndState(source,query=q)]
        with model._query_boundary_scope((0,)):
>           close(model,fields,sentence=0,ready=(0,))

test/test_item6_2_thinking.py:341: 
_ _ _ _ _ _ _ _ _ _ _ _ _ _ _ _ _ _ _ _ _ _ _ _ _ _ _ _ _ _ _ _ _ _ _ _ _ _ _ _ 
bin/ThoughtClosing.py:93: in close
    result = model.run_selected_thought(field.query, row=row,
bin/Models.py:6038: in run_selected_thought
    result = self._run_selected_thought_once(meaning, row=row,
bin/Models.py:6085: in _run_selected_thought_once
    root = memory.begin_thought_episode(meaning, b=row, work_budget=meter.remaining)
           ^^^^^^^^^^^^^^^^^^^^^^^^^^^^^^^^^^^^^^^^^^^^^^^^^^^^^^^^^^^^^^^^^^^^^^^^^
bin/Thoughts.py:505: in begin_thought_episode
    record = ThoughtRecord(
<string>:21: in __init__
    ???
_ _ _ _ _ _ _ _ _ _ _ _ _ _ _ _ _ _ _ _ _ _ _ _ _ _ _ _ _ _ _ _ _ _ _ _ _ _ _ _ 

self = ThoughtRecord(id=0, episode=0, kind='begin', level=0, meaning=ConceptualMeaning(mode='assertive', polarity=True, role_...0, support_false=0.0, evidence_kind='unverified', sources=(), reason='', semantic_delta=0.0, result=None, address=None)

    def __post_init__(self):
        for name in ("id", "episode", "level", "cost", "budget"):
            if type(getattr(self, name)) is not int or getattr(self, name) < 0:
                raise ValueError(f"thought {name} must be a non-negative integer")
        if self.kind not in (
            "begin",
            "thought",
            "descend",
            "return",
            "cutoff",
            "finish",
        ):
            raise ValueError("unknown thought transition")
        if self.meaning is not None and not isinstance(self.meaning, ConceptualMeaning):
            raise TypeError("thought content requires a complete ConceptualMeaning")
        if self.kind in ("begin", "thought", "descend") and self.meaning is None:
            raise ValueError("thought content cannot be empty")
        if self.kind in ("begin", "descend") and self.meaning.mode != "interrogative":
>           raise ValueError(
                "a thinking context requires an interrogative initiating meaning"
            )
E           ValueError: a thinking context requires an interrogative initiating meaning

bin/Thoughts.py:57: ValueError
=========================== short test summary info ============================
FAILED test/test_math_chain_repair2.py::test_eight_corpus_sentences_train_at_distinct_fork_rounds
FAILED test/test_item6_2_thinking.py::test_answer_credit_moves_shared_chooser_toward_the_completed_chain
FAILED test/test_item6_2_thinking.py::test_open_closing_and_later_binding_are_reference_driven[unicorn]
!!!!!!!!!!!!!!!!!!!!!!!!!! stopping after 3 failures !!!!!!!!!!!!!!!!!!!!!!!!!!!
3 failed, 27 passed, 1 warning in 9.78s
