Device: cpu
Peer pipeline: static PS/WS stage bodies compiled separately; legacy compatibility scheduler remains outside fullgraph capture


==== BasicModel ====

Trial [1/1]
Baseline test pass skipped (--test not specified). Re-invoke train.py with --test to include baseline + post-epoch evaluation.
Epoch [1/400]
[AMP] off (fp32, MODEL_AMP unset or =off)
/Users/arogers/github/WikiOracle/basicmodel/.venv/lib/python3.12/site-packages/torch/utils/_device.py:122: UserWarning: Sparse invariant checks are implicitly disabled. Memory errors (e.g. SEGFAULT) will occur when operating on a sparse tensor which violates the invariants, but checks incur performance overhead. To silence this warning, explicitly opt in or out. See `torch.sparse.check_sparse_tensor_invariants.__doc__` for guidance.  (Triggered internally at /Users/runner/work/pytorch/pytorch/aten/src/ATen/Context.cpp:855.)
  return func(*args, **kwargs)
batch = 0 (warm-up, 100.00%)
Training throughput: 1 batches in 50.440s; word units 100.0% of 8 words (letters-only 100.0% of 8).
Train Loss: output=0.1775, reconstruction=0.0002
Epoch [2/400]
batch = 0 (Δ=0.246s, 100.00%)
Training throughput: 1 batches in 0.245s; word units 100.0% of 8 words (letters-only 100.0% of 8).
Train Loss: output=0.1737, reconstruction=0.8246
Epoch [3/400]
batch = 0 (Δ=0.243s, 100.00%)
Training throughput: 1 batches in 0.242s; word units 100.0% of 8 words (letters-only 100.0% of 8).
Train Loss: output=0.1758, reconstruction=1.6803
Epoch [4/400]
batch = 0 (Δ=0.242s, 100.00%)
Training throughput: 1 batches in 0.242s; word units 100.0% of 8 words (letters-only 100.0% of 8).
Train Loss: output=0.1758, reconstruction=1.6503
Epoch [5/400]
batch = 0 (Δ=0.246s, 100.00%)
Training throughput: 1 batches in 0.245s; word units 100.0% of 8 words (letters-only 100.0% of 8).
Train Loss: output=0.1759, reconstruction=1.6162
Epoch [6/400]
batch = 0 (Δ=0.244s, 100.00%)
Training throughput: 1 batches in 0.244s; word units 100.0% of 8 words (letters-only 100.0% of 8).
Train Loss: output=0.1756, reconstruction=0.8194
Epoch [7/400]
batch = 0 (Δ=0.241s, 100.00%)
Training throughput: 1 batches in 0.241s; word units 100.0% of 8 words (letters-only 100.0% of 8).
Train Loss: output=0.1759, reconstruction=1.5523
Epoch [8/400]
batch = 0 (Δ=0.247s, 100.00%)
Training throughput: 1 batches in 0.246s; word units 100.0% of 8 words (letters-only 100.0% of 8).
Train Loss: output=0.1759, reconstruction=1.5234
Epoch [9/400]
batch = 0 (Δ=0.243s, 100.00%)
Training throughput: 1 batches in 0.242s; word units 100.0% of 8 words (letters-only 100.0% of 8).
Train Loss: output=0.1759, reconstruction=1.5007
Epoch [10/400]
batch = 0 (Δ=0.242s, 100.00%)
Training throughput: 1 batches in 0.241s; word units 100.0% of 8 words (letters-only 100.0% of 8).
Train Loss: output=0.1757, reconstruction=0.7605
Epoch [11/400]
batch = 0 (Δ=0.243s, 100.00%)
Training throughput: 1 batches in 0.242s; word units 100.0% of 8 words (letters-only 100.0% of 8).
Train Loss: output=0.1739, reconstruction=0.7154
Epoch [12/400]
batch = 0 (Δ=0.242s, 100.00%)
Training throughput: 1 batches in 0.243s; word units 100.0% of 8 words (letters-only 100.0% of 8).
Train Loss: output=0.1757, reconstruction=0.7446
Epoch [13/400]
batch = 0 (Δ=0.245s, 100.00%)
Training throughput: 1 batches in 0.244s; word units 100.0% of 8 words (letters-only 100.0% of 8).
Train Loss: output=0.1752, reconstruction=0.0004
Epoch [14/400]
batch = 0 (Δ=0.252s, 100.00%)
Training throughput: 1 batches in 0.252s; word units 100.0% of 8 words (letters-only 100.0% of 8).
Train Loss: output=0.1740, reconstruction=0.6988
Epoch [15/400]
batch = 0 (Δ=0.246s, 100.00%)
Training throughput: 1 batches in 0.246s; word units 100.0% of 8 words (letters-only 100.0% of 8).
Train Loss: output=0.1771, reconstruction=0.7092
Epoch [16/400]
batch = 0 (Δ=0.244s, 100.00%)
Training throughput: 1 batches in 0.243s; word units 100.0% of 8 words (letters-only 100.0% of 8).
Train Loss: output=0.1771, reconstruction=0.7014
Epoch [17/400]
batch = 0 (Δ=0.245s, 100.00%)
Training throughput: 1 batches in 0.245s; word units 100.0% of 8 words (letters-only 100.0% of 8).
Train Loss: output=0.1740, reconstruction=0.6899
Epoch [18/400]
batch = 0 (Δ=0.242s, 100.00%)
Training throughput: 1 batches in 0.241s; word units 100.0% of 8 words (letters-only 100.0% of 8).
Train Loss: output=0.1752, reconstruction=0.0005
Epoch [19/400]
batch = 0 (Δ=0.243s, 100.00%)
Training throughput: 1 batches in 0.242s; word units 100.0% of 8 words (letters-only 100.0% of 8).
Train Loss: output=0.1759, reconstruction=1.3757
Epoch [20/400]
batch = 0 (Δ=0.246s, 100.00%)
Training throughput: 1 batches in 0.245s; word units 100.0% of 8 words (letters-only 100.0% of 8).
Train Loss: output=0.1759, reconstruction=1.3722
Epoch [21/400]
batch = 0 (Δ=0.242s, 100.00%)
Training throughput: 1 batches in 0.241s; word units 100.0% of 8 words (letters-only 100.0% of 8).
Train Loss: output=0.1740, reconstruction=0.6823
Epoch [22/400]
batch = 0 (Δ=0.244s, 100.00%)
Training throughput: 1 batches in 0.243s; word units 100.0% of 8 words (letters-only 100.0% of 8).
Train Loss: output=0.1770, reconstruction=0.6872
Epoch [23/400]
batch = 0 (Δ=0.250s, 100.00%)
Training throughput: 1 batches in 0.249s; word units 100.0% of 8 words (letters-only 100.0% of 8).
Train Loss: output=0.1740, reconstruction=0.6837
Epoch [24/400]
batch = 0 (Δ=0.245s, 100.00%)
Training throughput: 1 batches in 0.244s; word units 100.0% of 8 words (letters-only 100.0% of 8).
Train Loss: output=0.1759, reconstruction=1.3748
Epoch [25/400]
batch = 0 (Δ=0.243s, 100.00%)
Training throughput: 1 batches in 0.243s; word units 100.0% of 8 words (letters-only 100.0% of 8).
Train Loss: output=0.1752, reconstruction=0.0005
Epoch [26/400]
batch = 0 (Δ=0.239s, 100.00%)
Training throughput: 1 batches in 0.239s; word units 100.0% of 8 words (letters-only 100.0% of 8).
Train Loss: output=0.1752, reconstruction=0.0005
Epoch [27/400]
batch = 0 (Δ=0.242s, 100.00%)
Training throughput: 1 batches in 0.242s; word units 100.0% of 8 words (letters-only 100.0% of 8).
Train Loss: output=0.1751, reconstruction=0.0005
Epoch [28/400]
batch = 0 (Δ=0.237s, 100.00%)
Training throughput: 1 batches in 0.236s; word units 100.0% of 8 words (letters-only 100.0% of 8).
Train Loss: output=0.1751, reconstruction=0.0006
Epoch [29/400]
batch = 0 (Δ=0.246s, 100.00%)
Training throughput: 1 batches in 0.246s; word units 100.0% of 8 words (letters-only 100.0% of 8).
Train Loss: output=0.1743, reconstruction=0.0006
Epoch [30/400]
batch = 0 (Δ=0.247s, 100.00%)
Training throughput: 1 batches in 0.246s; word units 100.0% of 8 words (letters-only 100.0% of 8).
Train Loss: output=0.1737, reconstruction=0.7259
Epoch [31/400]
batch = 0 (Δ=0.243s, 100.00%)
Training throughput: 1 batches in 0.243s; word units 100.0% of 8 words (letters-only 100.0% of 8).
Train Loss: output=0.1761, reconstruction=0.6916
Epoch [32/400]
batch = 0 (Δ=0.242s, 100.00%)
Training throughput: 1 batches in 0.242s; word units 100.0% of 8 words (letters-only 100.0% of 8).
Train Loss: output=0.1761, reconstruction=0.6860
Epoch [33/400]
batch = 0 (Δ=0.248s, 100.00%)
Training throughput: 1 batches in 0.247s; word units 100.0% of 8 words (letters-only 100.0% of 8).
Train Loss: output=0.1756, reconstruction=1.4130
Epoch [34/400]
batch = 0 (Δ=0.244s, 100.00%)
Training throughput: 1 batches in 0.244s; word units 100.0% of 8 words (letters-only 100.0% of 8).
Train Loss: output=0.1756, reconstruction=1.4127
Epoch [35/400]
batch = 0 (Δ=0.246s, 100.00%)
Training throughput: 1 batches in 0.246s; word units 100.0% of 8 words (letters-only 100.0% of 8).
Train Loss: output=0.1756, reconstruction=1.4196
Epoch [36/400]
batch = 0 (Δ=0.245s, 100.00%)
Training throughput: 1 batches in 0.244s; word units 100.0% of 8 words (letters-only 100.0% of 8).
Train Loss: output=0.1756, reconstruction=1.4326
Epoch [37/400]
batch = 0 (Δ=0.241s, 100.00%)
Training throughput: 1 batches in 0.240s; word units 100.0% of 8 words (letters-only 100.0% of 8).
Train Loss: output=0.1755, reconstruction=1.4337
Epoch [38/400]
batch = 0 (Δ=0.241s, 100.00%)
Training throughput: 1 batches in 0.240s; word units 100.0% of 8 words (letters-only 100.0% of 8).
Train Loss: output=0.1755, reconstruction=1.4252
Epoch [39/400]
batch = 0 (Δ=0.249s, 100.00%)
Training throughput: 1 batches in 0.249s; word units 100.0% of 8 words (letters-only 100.0% of 8).
Train Loss: output=0.1755, reconstruction=1.4152
Epoch [40/400]
batch = 0 (Δ=0.246s, 100.00%)
Training throughput: 1 batches in 0.245s; word units 100.0% of 8 words (letters-only 100.0% of 8).
Train Loss: output=0.1736, reconstruction=0.7444
Epoch [41/400]
batch = 0 (Δ=0.239s, 100.00%)
Training throughput: 1 batches in 0.238s; word units 100.0% of 8 words (letters-only 100.0% of 8).
Train Loss: output=0.1745, reconstruction=0.0040
Epoch [42/400]
batch = 0 (Δ=0.246s, 100.00%)
Training throughput: 1 batches in 0.245s; word units 100.0% of 8 words (letters-only 100.0% of 8).
Train Loss: output=0.1756, reconstruction=1.3695
Epoch [43/400]
batch = 0 (Δ=0.243s, 100.00%)
Training throughput: 1 batches in 0.243s; word units 100.0% of 8 words (letters-only 100.0% of 8).
Train Loss: output=0.1756, reconstruction=1.3625
Epoch [44/400]
batch = 0 (Δ=0.246s, 100.00%)
Training throughput: 1 batches in 0.245s; word units 100.0% of 8 words (letters-only 100.0% of 8).
Train Loss: output=0.1737, reconstruction=0.7011
Epoch [45/400]
batch = 0 (Δ=0.246s, 100.00%)
Training throughput: 1 batches in 0.245s; word units 100.0% of 8 words (letters-only 100.0% of 8).
Train Loss: output=0.1766, reconstruction=0.6788
Epoch [46/400]
batch = 0 (Δ=0.245s, 100.00%)
Training throughput: 1 batches in 0.245s; word units 100.0% of 8 words (letters-only 100.0% of 8).
Train Loss: output=0.1756, reconstruction=1.3604
Epoch [47/400]
batch = 0 (Δ=0.244s, 100.00%)
Training throughput: 1 batches in 0.243s; word units 100.0% of 8 words (letters-only 100.0% of 8).
Train Loss: output=0.1756, reconstruction=1.3575
Epoch [48/400]
batch = 0 (Δ=0.244s, 100.00%)
Training throughput: 1 batches in 0.243s; word units 100.0% of 8 words (letters-only 100.0% of 8).
Train Loss: output=0.1756, reconstruction=1.3556
Epoch [49/400]
batch = 0 (Δ=0.245s, 100.00%)
Training throughput: 1 batches in 0.245s; word units 100.0% of 8 words (letters-only 100.0% of 8).
Train Loss: output=0.1755, reconstruction=1.3512
Epoch [50/400]
batch = 0 (Δ=0.249s, 100.00%)
Training throughput: 1 batches in 0.248s; word units 100.0% of 8 words (letters-only 100.0% of 8).
Train Loss: output=0.1740, reconstruction=0.6333
Epoch [51/400]
batch = 0 (Δ=0.244s, 100.00%)
Training throughput: 1 batches in 0.243s; word units 100.0% of 8 words (letters-only 100.0% of 8).
Train Loss: output=0.1755, reconstruction=1.3411
Epoch [52/400]
batch = 0 (Δ=0.244s, 100.00%)
Training throughput: 1 batches in 0.244s; word units 100.0% of 8 words (letters-only 100.0% of 8).
Train Loss: output=0.1755, reconstruction=1.3382
Epoch [53/400]
batch = 0 (Δ=0.245s, 100.00%)
Training throughput: 1 batches in 0.245s; word units 100.0% of 8 words (letters-only 100.0% of 8).
Train Loss: output=0.1767, reconstruction=0.7384
Epoch [54/400]
batch = 0 (Δ=0.245s, 100.00%)
Training throughput: 1 batches in 0.244s; word units 100.0% of 8 words (letters-only 100.0% of 8).
Train Loss: output=0.1755, reconstruction=1.3248
Epoch [55/400]
batch = 0 (Δ=0.244s, 100.00%)
Training throughput: 1 batches in 0.244s; word units 100.0% of 8 words (letters-only 100.0% of 8).
Train Loss: output=0.1741, reconstruction=0.5752
Epoch [56/400]
batch = 0 (Δ=0.244s, 100.00%)
Training throughput: 1 batches in 0.243s; word units 100.0% of 8 words (letters-only 100.0% of 8).
Train Loss: output=0.1741, reconstruction=0.5658
Epoch [57/400]
batch = 0 (Δ=0.245s, 100.00%)
Training throughput: 1 batches in 0.244s; word units 100.0% of 8 words (letters-only 100.0% of 8).
Train Loss: output=0.1755, reconstruction=1.3059
Epoch [58/400]
batch = 0 (Δ=0.245s, 100.00%)
Training throughput: 1 batches in 0.245s; word units 100.0% of 8 words (letters-only 100.0% of 8).
Train Loss: output=0.1755, reconstruction=1.3030
Epoch [59/400]
batch = 0 (Δ=0.245s, 100.00%)
Training throughput: 1 batches in 0.244s; word units 100.0% of 8 words (letters-only 100.0% of 8).
Train Loss: output=0.1755, reconstruction=1.3051
Epoch [60/400]
batch = 0 (Δ=0.244s, 100.00%)
Training throughput: 1 batches in 0.243s; word units 100.0% of 8 words (letters-only 100.0% of 8).
Train Loss: output=0.1741, reconstruction=0.5448
Epoch [61/400]
batch = 0 (Δ=0.246s, 100.00%)
Training throughput: 1 batches in 0.246s; word units 100.0% of 8 words (letters-only 100.0% of 8).
Train Loss: output=0.1770, reconstruction=1.3106
Epoch [62/400]
batch = 0 (Δ=0.249s, 100.00%)
Training throughput: 1 batches in 0.248s; word units 100.0% of 8 words (letters-only 100.0% of 8).
Train Loss: output=0.1770, reconstruction=1.3100
Epoch [63/400]
batch = 0 (Δ=0.248s, 100.00%)
Training throughput: 1 batches in 0.248s; word units 100.0% of 8 words (letters-only 100.0% of 8).
Train Loss: output=0.1782, reconstruction=0.7849
Epoch [64/400]
batch = 0 (Δ=0.247s, 100.00%)
Training throughput: 1 batches in 0.247s; word units 100.0% of 8 words (letters-only 100.0% of 8).
Train Loss: output=0.1756, reconstruction=0.5263
Epoch [65/400]
batch = 0 (Δ=0.242s, 100.00%)
Training throughput: 1 batches in 0.241s; word units 100.0% of 8 words (letters-only 100.0% of 8).
Train Loss: output=0.1767, reconstruction=0.0082
Epoch [66/400]
batch = 0 (Δ=0.246s, 100.00%)
Training throughput: 1 batches in 0.246s; word units 100.0% of 8 words (letters-only 100.0% of 8).
Train Loss: output=0.1755, reconstruction=0.5204
Epoch [67/400]
batch = 0 (Δ=0.244s, 100.00%)
Training throughput: 1 batches in 0.243s; word units 100.0% of 8 words (letters-only 100.0% of 8).
Train Loss: output=0.1770, reconstruction=1.2968
Epoch [68/400]
batch = 0 (Δ=0.247s, 100.00%)
Training throughput: 1 batches in 0.247s; word units 100.0% of 8 words (letters-only 100.0% of 8).
Train Loss: output=0.1770, reconstruction=1.2941
Epoch [69/400]
batch = 0 (Δ=0.250s, 100.00%)
Training throughput: 1 batches in 0.250s; word units 100.0% of 8 words (letters-only 100.0% of 8).
Train Loss: output=0.1770, reconstruction=1.2912
Epoch [70/400]
batch = 0 (Δ=0.246s, 100.00%)
Training throughput: 1 batches in 0.245s; word units 100.0% of 8 words (letters-only 100.0% of 8).
Train Loss: output=0.1752, reconstruction=0.0087
Epoch [71/400]
batch = 0 (Δ=0.245s, 100.00%)
Training throughput: 1 batches in 0.244s; word units 100.0% of 8 words (letters-only 100.0% of 8).
Train Loss: output=0.1751, reconstruction=0.0085
Epoch [72/400]
batch = 0 (Δ=0.246s, 100.00%)
Training throughput: 1 batches in 0.246s; word units 100.0% of 8 words (letters-only 100.0% of 8).
Train Loss: output=0.1741, reconstruction=0.5106
Epoch [73/400]
batch = 0 (Δ=0.245s, 100.00%)
Training throughput: 1 batches in 0.245s; word units 100.0% of 8 words (letters-only 100.0% of 8).
Train Loss: output=0.1732, reconstruction=1.2937
Epoch [74/400]
batch = 0 (Δ=0.250s, 100.00%)
Training throughput: 1 batches in 0.249s; word units 100.0% of 8 words (letters-only 100.0% of 8).
Train Loss: output=0.1742, reconstruction=0.8026
Epoch [75/400]
batch = 0 (Δ=0.249s, 100.00%)
Training throughput: 1 batches in 0.248s; word units 100.0% of 8 words (letters-only 100.0% of 8).
Train Loss: output=0.1732, reconstruction=1.3376
Epoch [76/400]
batch = 0 (Δ=0.255s, 100.00%)
Training throughput: 1 batches in 0.255s; word units 100.0% of 8 words (letters-only 100.0% of 8).
Train Loss: output=0.1731, reconstruction=1.3658
Epoch [77/400]
batch = 0 (Δ=0.252s, 100.00%)
Training throughput: 1 batches in 0.252s; word units 100.0% of 8 words (letters-only 100.0% of 8).
Train Loss: output=0.1731, reconstruction=1.3908
Epoch [78/400]
batch = 0 (Δ=0.249s, 100.00%)
Training throughput: 1 batches in 0.248s; word units 100.0% of 8 words (letters-only 100.0% of 8).
Train Loss: output=0.1741, reconstruction=0.8834
Epoch [79/400]
batch = 0 (Δ=0.243s, 100.00%)
Training throughput: 1 batches in 0.243s; word units 100.0% of 8 words (letters-only 100.0% of 8).
Train Loss: output=0.1743, reconstruction=0.5519
Epoch [80/400]
batch = 0 (Δ=0.245s, 100.00%)
Training throughput: 1 batches in 0.244s; word units 100.0% of 8 words (letters-only 100.0% of 8).
Train Loss: output=0.1743, reconstruction=0.5623
Epoch [81/400]
batch = 0 (Δ=0.248s, 100.00%)
Training throughput: 1 batches in 0.247s; word units 100.0% of 8 words (letters-only 100.0% of 8).
Train Loss: output=0.1751, reconstruction=1.5186
Epoch [82/400]
batch = 0 (Δ=0.252s, 100.00%)
Training throughput: 1 batches in 0.252s; word units 100.0% of 8 words (letters-only 100.0% of 8).
Train Loss: output=0.1764, reconstruction=0.5767
Epoch [83/400]
batch = 0 (Δ=0.249s, 100.00%)
Training throughput: 1 batches in 0.248s; word units 100.0% of 8 words (letters-only 100.0% of 8).
Train Loss: output=0.1751, reconstruction=1.5730
Epoch [84/400]
batch = 0 (Δ=0.246s, 100.00%)
Training throughput: 1 batches in 0.245s; word units 100.0% of 8 words (letters-only 100.0% of 8).
Train Loss: output=0.1753, reconstruction=0.0040
Epoch [85/400]
batch = 0 (Δ=0.247s, 100.00%)
Training throughput: 1 batches in 0.247s; word units 100.0% of 8 words (letters-only 100.0% of 8).
Train Loss: output=0.1764, reconstruction=0.5989
Epoch [86/400]
batch = 0 (Δ=0.248s, 100.00%)
Training throughput: 1 batches in 0.248s; word units 100.0% of 8 words (letters-only 100.0% of 8).
Train Loss: output=0.1768, reconstruction=0.6074
Epoch [87/400]
batch = 0 (Δ=0.249s, 100.00%)
Training throughput: 1 batches in 0.248s; word units 100.0% of 8 words (letters-only 100.0% of 8).
Train Loss: output=0.1740, reconstruction=1.0305
Epoch [88/400]
batch = 0 (Δ=0.245s, 100.00%)
Training throughput: 1 batches in 0.245s; word units 100.0% of 8 words (letters-only 100.0% of 8).
Train Loss: output=0.1764, reconstruction=0.6143
Epoch [89/400]
batch = 0 (Δ=0.253s, 100.00%)
Training throughput: 1 batches in 0.252s; word units 100.0% of 8 words (letters-only 100.0% of 8).
Train Loss: output=0.1754, reconstruction=0.0030
Epoch [90/400]
batch = 0 (Δ=0.251s, 100.00%)
Training throughput: 1 batches in 0.250s; word units 100.0% of 8 words (letters-only 100.0% of 8).
Train Loss: output=0.1750, reconstruction=1.6198
Epoch [91/400]
batch = 0 (Δ=0.248s, 100.00%)
Training throughput: 1 batches in 0.247s; word units 100.0% of 8 words (letters-only 100.0% of 8).
Train Loss: output=0.1740, reconstruction=1.0252
Epoch [92/400]
batch = 0 (Δ=0.676s, 100.00%)
Training throughput: 1 batches in 0.676s; word units 100.0% of 8 words (letters-only 100.0% of 8).
Train Loss: output=0.1741, reconstruction=1.0309
Epoch [93/400]
batch = 0 (Δ=0.246s, 100.00%)
Training throughput: 1 batches in 0.246s; word units 100.0% of 8 words (letters-only 100.0% of 8).
Train Loss: output=0.1741, reconstruction=1.0348
Epoch [94/400]
batch = 0 (Δ=0.250s, 100.00%)
Training throughput: 1 batches in 0.249s; word units 100.0% of 8 words (letters-only 100.0% of 8).
Train Loss: output=0.1741, reconstruction=1.0370
Epoch [95/400]
batch = 0 (Δ=0.244s, 100.00%)
Training throughput: 1 batches in 0.244s; word units 100.0% of 8 words (letters-only 100.0% of 8).
Train Loss: output=0.1763, reconstruction=0.5248
Epoch [96/400]
batch = 0 (Δ=0.247s, 100.00%)
Training throughput: 1 batches in 0.247s; word units 100.0% of 8 words (letters-only 100.0% of 8).
Train Loss: output=0.1751, reconstruction=1.5381
Epoch [97/400]
batch = 0 (Δ=0.247s, 100.00%)
Training throughput: 1 batches in 0.246s; word units 100.0% of 8 words (letters-only 100.0% of 8).
Train Loss: output=0.1744, reconstruction=0.0039
Epoch [98/400]
batch = 0 (Δ=0.246s, 100.00%)
Training throughput: 1 batches in 0.245s; word units 100.0% of 8 words (letters-only 100.0% of 8).
Train Loss: output=0.1762, reconstruction=0.4585
Epoch [99/400]
batch = 0 (Δ=0.243s, 100.00%)
Training throughput: 1 batches in 0.242s; word units 100.0% of 8 words (letters-only 100.0% of 8).
Train Loss: output=0.1752, reconstruction=1.3802
Epoch [100/400]
batch = 0 (Δ=0.247s, 100.00%)
Training throughput: 1 batches in 0.247s; word units 100.0% of 8 words (letters-only 100.0% of 8).
Train Loss: output=0.1740, reconstruction=0.0066
Epoch [101/400]
batch = 0 (Δ=0.245s, 100.00%)
Training throughput: 1 batches in 0.245s; word units 100.0% of 8 words (letters-only 100.0% of 8).
Train Loss: output=0.1749, reconstruction=0.0076
Epoch [102/400]
batch = 0 (Δ=0.250s, 100.00%)
Training throughput: 1 batches in 0.250s; word units 100.0% of 8 words (letters-only 100.0% of 8).
Train Loss: output=0.1751, reconstruction=1.2306
Epoch [103/400]
batch = 0 (Δ=0.247s, 100.00%)
Training throughput: 1 batches in 0.247s; word units 100.0% of 8 words (letters-only 100.0% of 8).
Train Loss: output=0.1746, reconstruction=0.3358
Epoch [104/400]
batch = 0 (Δ=0.247s, 100.00%)
Training throughput: 1 batches in 0.246s; word units 100.0% of 8 words (letters-only 100.0% of 8).
Train Loss: output=0.1746, reconstruction=0.3169
Epoch [105/400]
batch = 0 (Δ=0.247s, 100.00%)
Training throughput: 1 batches in 0.247s; word units 100.0% of 8 words (letters-only 100.0% of 8).
Train Loss: output=0.1753, reconstruction=0.0125
Epoch [106/400]
batch = 0 (Δ=0.245s, 100.00%)
Training throughput: 1 batches in 0.244s; word units 100.0% of 8 words (letters-only 100.0% of 8).
Train Loss: output=0.1746, reconstruction=0.8789
Epoch [107/400]
batch = 0 (Δ=0.242s, 100.00%)
Training throughput: 1 batches in 0.242s; word units 100.0% of 8 words (letters-only 100.0% of 8).
Train Loss: output=0.1752, reconstruction=0.0173
Epoch [108/400]
batch = 0 (Δ=0.246s, 100.00%)
Training throughput: 1 batches in 0.246s; word units 100.0% of 8 words (letters-only 100.0% of 8).
Train Loss: output=0.1746, reconstruction=0.9105
Epoch [109/400]
batch = 0 (Δ=0.250s, 100.00%)
Training throughput: 1 batches in 0.249s; word units 100.0% of 8 words (letters-only 100.0% of 8).
Train Loss: output=0.1752, reconstruction=0.0231
Epoch [110/400]
batch = 0 (Δ=0.246s, 100.00%)
Training throughput: 1 batches in 0.246s; word units 100.0% of 8 words (letters-only 100.0% of 8).
Train Loss: output=0.1739, reconstruction=0.0262
Epoch [111/400]
batch = 0 (Δ=0.246s, 100.00%)
Training throughput: 1 batches in 0.246s; word units 100.0% of 8 words (letters-only 100.0% of 8).
Train Loss: output=0.1739, reconstruction=0.0291
Epoch [112/400]
batch = 0 (Δ=0.249s, 100.00%)
Training throughput: 1 batches in 0.249s; word units 100.0% of 8 words (letters-only 100.0% of 8).
Train Loss: output=0.1739, reconstruction=0.0322
Epoch [113/400]
batch = 0 (Δ=0.249s, 100.00%)
Training throughput: 1 batches in 0.248s; word units 100.0% of 8 words (letters-only 100.0% of 8).
Train Loss: output=0.1739, reconstruction=0.0351
Epoch [114/400]
batch = 0 (Δ=0.249s, 100.00%)
Training throughput: 1 batches in 0.248s; word units 100.0% of 8 words (letters-only 100.0% of 8).
Train Loss: output=0.1750, reconstruction=0.0373
Epoch [115/400]
batch = 0 (Δ=0.246s, 100.00%)
Training throughput: 1 batches in 0.246s; word units 100.0% of 8 words (letters-only 100.0% of 8).
Train Loss: output=0.1746, reconstruction=1.0151
Epoch [116/400]
batch = 0 (Δ=0.245s, 100.00%)
Training throughput: 1 batches in 0.245s; word units 100.0% of 8 words (letters-only 100.0% of 8).
Train Loss: output=0.1739, reconstruction=0.0410
Epoch [117/400]
batch = 0 (Δ=0.246s, 100.00%)
Training throughput: 1 batches in 0.245s; word units 100.0% of 8 words (letters-only 100.0% of 8).
Train Loss: output=0.1739, reconstruction=0.0420
Epoch [118/400]
batch = 0 (Δ=0.249s, 100.00%)
Training throughput: 1 batches in 0.249s; word units 100.0% of 8 words (letters-only 100.0% of 8).
Train Loss: output=0.1739, reconstruction=0.0426
Epoch [119/400]
batch = 0 (Δ=0.245s, 100.00%)
Training throughput: 1 batches in 0.245s; word units 100.0% of 8 words (letters-only 100.0% of 8).
Train Loss: output=0.1747, reconstruction=1.0375
Epoch [120/400]
batch = 0 (Δ=0.244s, 100.00%)
Training throughput: 1 batches in 0.244s; word units 100.0% of 8 words (letters-only 100.0% of 8).
Train Loss: output=0.1747, reconstruction=1.0398
Epoch [121/400]
batch = 0 (Δ=0.245s, 100.00%)
Training throughput: 1 batches in 0.245s; word units 100.0% of 8 words (letters-only 100.0% of 8).
Train Loss: output=0.1749, reconstruction=0.0442
Epoch [122/400]
batch = 0 (Δ=0.245s, 100.00%)
Training throughput: 1 batches in 0.245s; word units 100.0% of 8 words (letters-only 100.0% of 8).
Train Loss: output=0.1747, reconstruction=1.0410
Epoch [123/400]
batch = 0 (Δ=0.246s, 100.00%)
Training throughput: 1 batches in 0.245s; word units 100.0% of 8 words (letters-only 100.0% of 8).
Train Loss: output=0.1750, reconstruction=0.3935
Epoch [124/400]
batch = 0 (Δ=0.250s, 100.00%)
Training throughput: 1 batches in 0.249s; word units 100.0% of 8 words (letters-only 100.0% of 8).
Train Loss: output=0.1757, reconstruction=1.3908
Epoch [125/400]
batch = 0 (Δ=0.246s, 100.00%)
Training throughput: 1 batches in 0.246s; word units 100.0% of 8 words (letters-only 100.0% of 8).
Train Loss: output=0.1757, reconstruction=1.3928
Epoch [126/400]
batch = 0 (Δ=0.247s, 100.00%)
Training throughput: 1 batches in 0.246s; word units 100.0% of 8 words (letters-only 100.0% of 8).
Train Loss: output=0.1757, reconstruction=1.3909
Epoch [127/400]
batch = 0 (Δ=0.246s, 100.00%)
Training throughput: 1 batches in 0.246s; word units 100.0% of 8 words (letters-only 100.0% of 8).
Train Loss: output=0.1757, reconstruction=1.3845
Epoch [128/400]
batch = 0 (Δ=0.246s, 100.00%)
Training throughput: 1 batches in 0.245s; word units 100.0% of 8 words (letters-only 100.0% of 8).
Train Loss: output=0.1758, reconstruction=1.3748
Epoch [129/400]
batch = 0 (Δ=0.243s, 100.00%)
Training throughput: 1 batches in 0.242s; word units 100.0% of 8 words (letters-only 100.0% of 8).
Train Loss: output=0.1758, reconstruction=1.3641
Epoch [130/400]
batch = 0 (Δ=0.245s, 100.00%)
Training throughput: 1 batches in 0.245s; word units 100.0% of 8 words (letters-only 100.0% of 8).
Train Loss: output=0.1745, reconstruction=1.0189
Epoch [131/400]
batch = 0 (Δ=0.245s, 100.00%)
Training throughput: 1 batches in 0.245s; word units 100.0% of 8 words (letters-only 100.0% of 8).
Train Loss: output=0.1745, reconstruction=1.0137
Epoch [132/400]
batch = 0 (Δ=0.240s, 100.00%)
Training throughput: 1 batches in 0.239s; word units 100.0% of 8 words (letters-only 100.0% of 8).
Train Loss: output=0.1746, reconstruction=0.0565
Epoch [133/400]
batch = 0 (Δ=0.245s, 100.00%)
Training throughput: 1 batches in 0.245s; word units 100.0% of 8 words (letters-only 100.0% of 8).
Train Loss: output=0.1758, reconstruction=0.3825
Epoch [134/400]
batch = 0 (Δ=0.245s, 100.00%)
Training throughput: 1 batches in 0.245s; word units 100.0% of 8 words (letters-only 100.0% of 8).
Train Loss: output=0.1757, reconstruction=1.3339
Epoch [135/400]
batch = 0 (Δ=0.247s, 100.00%)
Training throughput: 1 batches in 0.247s; word units 100.0% of 8 words (letters-only 100.0% of 8).
Train Loss: output=0.1758, reconstruction=0.3885
Epoch [136/400]
batch = 0 (Δ=0.247s, 100.00%)
Training throughput: 1 batches in 0.246s; word units 100.0% of 8 words (letters-only 100.0% of 8).
Train Loss: output=0.1758, reconstruction=0.3923
Epoch [137/400]
batch = 0 (Δ=0.248s, 100.00%)
Training throughput: 1 batches in 0.247s; word units 100.0% of 8 words (letters-only 100.0% of 8).
Train Loss: output=0.1745, reconstruction=0.9932
Epoch [138/400]
batch = 0 (Δ=0.248s, 100.00%)
Training throughput: 1 batches in 0.247s; word units 100.0% of 8 words (letters-only 100.0% of 8).
Train Loss: output=0.1758, reconstruction=0.4005
Epoch [139/400]
batch = 0 (Δ=0.242s, 100.00%)
Training throughput: 1 batches in 0.241s; word units 100.0% of 8 words (letters-only 100.0% of 8).
Train Loss: output=0.1757, reconstruction=1.3472
Epoch [140/400]
batch = 0 (Δ=0.245s, 100.00%)
Training throughput: 1 batches in 0.245s; word units 100.0% of 8 words (letters-only 100.0% of 8).
Train Loss: output=0.1744, reconstruction=0.9793
Epoch [141/400]
batch = 0 (Δ=0.253s, 100.00%)
Training throughput: 1 batches in 0.252s; word units 100.0% of 8 words (letters-only 100.0% of 8).
Train Loss: output=0.1757, reconstruction=0.4116
Epoch [142/400]
batch = 0 (Δ=0.247s, 100.00%)
Training throughput: 1 batches in 0.247s; word units 100.0% of 8 words (letters-only 100.0% of 8).
Train Loss: output=0.1756, reconstruction=1.3359
Epoch [143/400]
batch = 0 (Δ=0.244s, 100.00%)
Training throughput: 1 batches in 0.243s; word units 100.0% of 8 words (letters-only 100.0% of 8).
Train Loss: output=0.1743, reconstruction=0.9421
Epoch [144/400]
batch = 0 (Δ=0.248s, 100.00%)
Training throughput: 1 batches in 0.248s; word units 100.0% of 8 words (letters-only 100.0% of 8).
Train Loss: output=0.1752, reconstruction=0.4255
Epoch [145/400]
batch = 0 (Δ=0.247s, 100.00%)
Training throughput: 1 batches in 0.247s; word units 100.0% of 8 words (letters-only 100.0% of 8).
Train Loss: output=0.1757, reconstruction=0.4302
Epoch [146/400]
batch = 0 (Δ=0.247s, 100.00%)
Training throughput: 1 batches in 0.246s; word units 100.0% of 8 words (letters-only 100.0% of 8).
Train Loss: output=0.1757, reconstruction=0.4350
Epoch [147/400]
batch = 0 (Δ=0.245s, 100.00%)
Training throughput: 1 batches in 0.245s; word units 100.0% of 8 words (letters-only 100.0% of 8).
Train Loss: output=0.1740, reconstruction=0.0297
Epoch [148/400]
batch = 0 (Δ=0.248s, 100.00%)
Training throughput: 1 batches in 0.248s; word units 100.0% of 8 words (letters-only 100.0% of 8).
Train Loss: output=0.1757, reconstruction=0.4426
Epoch [149/400]
batch = 0 (Δ=0.244s, 100.00%)
Training throughput: 1 batches in 0.243s; word units 100.0% of 8 words (letters-only 100.0% of 8).
Train Loss: output=0.1740, reconstruction=0.0304
Epoch [150/400]
batch = 0 (Δ=0.246s, 100.00%)
Training throughput: 1 batches in 0.245s; word units 100.0% of 8 words (letters-only 100.0% of 8).
Train Loss: output=0.1755, reconstruction=1.3785
Epoch [151/400]
batch = 0 (Δ=0.245s, 100.00%)
Training throughput: 1 batches in 0.244s; word units 100.0% of 8 words (letters-only 100.0% of 8).
Train Loss: output=0.1757, reconstruction=0.4689
Epoch [152/400]
batch = 0 (Δ=0.242s, 100.00%)
Training throughput: 1 batches in 0.242s; word units 100.0% of 8 words (letters-only 100.0% of 8).
Train Loss: output=0.1740, reconstruction=0.0384
Epoch [153/400]
batch = 0 (Δ=0.245s, 100.00%)
Training throughput: 1 batches in 0.245s; word units 100.0% of 8 words (letters-only 100.0% of 8).
Train Loss: output=0.1755, reconstruction=1.4773
Epoch [154/400]
batch = 0 (Δ=0.249s, 100.00%)
Training throughput: 1 batches in 0.248s; word units 100.0% of 8 words (letters-only 100.0% of 8).
Train Loss: output=0.1752, reconstruction=0.4990
Epoch [155/400]
batch = 0 (Δ=0.249s, 100.00%)
Training throughput: 1 batches in 0.248s; word units 100.0% of 8 words (letters-only 100.0% of 8).
Train Loss: output=0.1755, reconstruction=1.5277
Epoch [156/400]
batch = 0 (Δ=0.252s, 100.00%)
Training throughput: 1 batches in 0.251s; word units 100.0% of 8 words (letters-only 100.0% of 8).
Train Loss: output=0.1739, reconstruction=0.0440
Epoch [157/400]
batch = 0 (Δ=0.247s, 100.00%)
Training throughput: 1 batches in 0.246s; word units 100.0% of 8 words (letters-only 100.0% of 8).
Train Loss: output=0.1755, reconstruction=1.5668
Epoch [158/400]
batch = 0 (Δ=0.244s, 100.00%)
Training throughput: 1 batches in 0.244s; word units 100.0% of 8 words (letters-only 100.0% of 8).
Train Loss: output=0.1755, reconstruction=0.5251
Epoch [159/400]
batch = 0 (Δ=0.247s, 100.00%)
Training throughput: 1 batches in 0.247s; word units 100.0% of 8 words (letters-only 100.0% of 8).
Train Loss: output=0.1755, reconstruction=1.5987
Epoch [160/400]
batch = 0 (Δ=0.246s, 100.00%)
Training throughput: 1 batches in 0.245s; word units 100.0% of 8 words (letters-only 100.0% of 8).
Train Loss: output=0.1752, reconstruction=0.5364
Epoch [161/400]
batch = 0 (Δ=0.245s, 100.00%)
Training throughput: 1 batches in 0.245s; word units 100.0% of 8 words (letters-only 100.0% of 8).
Train Loss: output=0.1740, reconstruction=0.0465
Epoch [162/400]
batch = 0 (Δ=0.248s, 100.00%)
Training throughput: 1 batches in 0.247s; word units 100.0% of 8 words (letters-only 100.0% of 8).
Train Loss: output=0.1754, reconstruction=0.5461
Epoch [163/400]
batch = 0 (Δ=0.246s, 100.00%)
Training throughput: 1 batches in 0.245s; word units 100.0% of 8 words (letters-only 100.0% of 8).
Train Loss: output=0.1742, reconstruction=0.0448
Epoch [164/400]
batch = 0 (Δ=0.247s, 100.00%)
Training throughput: 1 batches in 0.246s; word units 100.0% of 8 words (letters-only 100.0% of 8).
Train Loss: output=0.1754, reconstruction=0.5605
Epoch [165/400]
batch = 0 (Δ=0.251s, 100.00%)
Training throughput: 1 batches in 0.250s; word units 100.0% of 8 words (letters-only 100.0% of 8).
Train Loss: output=0.1755, reconstruction=1.6668
Epoch [166/400]
batch = 0 (Δ=0.248s, 100.00%)
Training throughput: 1 batches in 0.248s; word units 100.0% of 8 words (letters-only 100.0% of 8).
Train Loss: output=0.1753, reconstruction=0.5813
Epoch [167/400]
batch = 0 (Δ=0.244s, 100.00%)
Training throughput: 1 batches in 0.244s; word units 100.0% of 8 words (letters-only 100.0% of 8).
Train Loss: output=0.1753, reconstruction=0.5917
Epoch [168/400]
batch = 0 (Δ=0.249s, 100.00%)
Training throughput: 1 batches in 0.249s; word units 100.0% of 8 words (letters-only 100.0% of 8).
Train Loss: output=0.1754, reconstruction=0.6015
Epoch [169/400]
batch = 0 (Δ=0.246s, 100.00%)
Training throughput: 1 batches in 0.246s; word units 100.0% of 8 words (letters-only 100.0% of 8).
Train Loss: output=0.1742, reconstruction=1.1381
Epoch [170/400]
batch = 0 (Δ=0.247s, 100.00%)
Training throughput: 1 batches in 0.246s; word units 100.0% of 8 words (letters-only 100.0% of 8).
Train Loss: output=0.1755, reconstruction=1.7156
Epoch [171/400]
batch = 0 (Δ=0.248s, 100.00%)
Training throughput: 1 batches in 0.247s; word units 100.0% of 8 words (letters-only 100.0% of 8).
Train Loss: output=0.1755, reconstruction=1.7201
Epoch [172/400]
batch = 0 (Δ=0.253s, 100.00%)
Training throughput: 1 batches in 0.253s; word units 100.0% of 8 words (letters-only 100.0% of 8).
Train Loss: output=0.1755, reconstruction=1.7210
Epoch [173/400]
batch = 0 (Δ=0.655s, 100.00%)
Training throughput: 1 batches in 0.654s; word units 100.0% of 8 words (letters-only 100.0% of 8).
Train Loss: output=0.1743, reconstruction=1.1368
Epoch [174/400]
batch = 0 (Δ=0.246s, 100.00%)
Training throughput: 1 batches in 0.245s; word units 100.0% of 8 words (letters-only 100.0% of 8).
Train Loss: output=0.1755, reconstruction=1.7165
Epoch [175/400]
batch = 0 (Δ=0.247s, 100.00%)
Training throughput: 1 batches in 0.247s; word units 100.0% of 8 words (letters-only 100.0% of 8).
Train Loss: output=0.1742, reconstruction=0.0417
Epoch [176/400]
batch = 0 (Δ=0.249s, 100.00%)
Training throughput: 1 batches in 0.249s; word units 100.0% of 8 words (letters-only 100.0% of 8).
Train Loss: output=0.1753, reconstruction=0.6168
Epoch [177/400]
batch = 0 (Δ=0.247s, 100.00%)
Training throughput: 1 batches in 0.246s; word units 100.0% of 8 words (letters-only 100.0% of 8).
Train Loss: output=0.1742, reconstruction=0.0427
Epoch [178/400]
batch = 0 (Δ=0.247s, 100.00%)
Training throughput: 1 batches in 0.246s; word units 100.0% of 8 words (letters-only 100.0% of 8).
Train Loss: output=0.1754, reconstruction=1.6856
Epoch [179/400]
batch = 0 (Δ=0.249s, 100.00%)
Training throughput: 1 batches in 0.249s; word units 100.0% of 8 words (letters-only 100.0% of 8).
Train Loss: output=0.1752, reconstruction=0.6020
Epoch [180/400]
batch = 0 (Δ=0.248s, 100.00%)
Training throughput: 1 batches in 0.248s; word units 100.0% of 8 words (letters-only 100.0% of 8).
Train Loss: output=0.1752, reconstruction=0.6215
Epoch [181/400]
batch = 0 (Δ=0.249s, 100.00%)
Training throughput: 1 batches in 0.249s; word units 100.0% of 8 words (letters-only 100.0% of 8).
Train Loss: output=0.1754, reconstruction=1.7367
Epoch [182/400]
batch = 0 (Δ=0.248s, 100.00%)
Training throughput: 1 batches in 0.248s; word units 100.0% of 8 words (letters-only 100.0% of 8).
Train Loss: output=0.1753, reconstruction=0.6714
Epoch [183/400]
batch = 0 (Δ=0.246s, 100.00%)
Training throughput: 1 batches in 0.245s; word units 100.0% of 8 words (letters-only 100.0% of 8).
Train Loss: output=0.1755, reconstruction=1.7825
Epoch [184/400]
batch = 0 (Δ=0.249s, 100.00%)
Training throughput: 1 batches in 0.248s; word units 100.0% of 8 words (letters-only 100.0% of 8).
Train Loss: output=0.1754, reconstruction=0.6963
Epoch [185/400]
batch = 0 (Δ=0.248s, 100.00%)
Training throughput: 1 batches in 0.247s; word units 100.0% of 8 words (letters-only 100.0% of 8).
Train Loss: output=0.1742, reconstruction=1.1344
Epoch [186/400]
batch = 0 (Δ=0.247s, 100.00%)
Training throughput: 1 batches in 0.246s; word units 100.0% of 8 words (letters-only 100.0% of 8).
Train Loss: output=0.1755, reconstruction=2.0773
Epoch [187/400]
batch = 0 (Δ=0.246s, 100.00%)
Training throughput: 1 batches in 0.246s; word units 100.0% of 8 words (letters-only 100.0% of 8).
Train Loss: output=0.1754, reconstruction=0.6493
Epoch [188/400]
batch = 0 (Δ=0.248s, 100.00%)
Training throughput: 1 batches in 0.247s; word units 100.0% of 8 words (letters-only 100.0% of 8).
Train Loss: output=0.1744, reconstruction=0.0502
Epoch [189/400]
batch = 0 (Δ=0.246s, 100.00%)
Training throughput: 1 batches in 0.246s; word units 100.0% of 8 words (letters-only 100.0% of 8).
Train Loss: output=0.1756, reconstruction=0.5843
Epoch [190/400]
batch = 0 (Δ=0.247s, 100.00%)
Training throughput: 1 batches in 0.247s; word units 100.0% of 8 words (letters-only 100.0% of 8).
Train Loss: output=0.1744, reconstruction=0.0502
Epoch [191/400]
batch = 0 (Δ=0.248s, 100.00%)
Training throughput: 1 batches in 0.247s; word units 100.0% of 8 words (letters-only 100.0% of 8).
Train Loss: output=0.1744, reconstruction=0.0495
Epoch [192/400]
batch = 0 (Δ=0.246s, 100.00%)
Training throughput: 1 batches in 0.246s; word units 100.0% of 8 words (letters-only 100.0% of 8).
Train Loss: output=0.1756, reconstruction=0.5389
Epoch [193/400]
batch = 0 (Δ=0.249s, 100.00%)
Training throughput: 1 batches in 0.248s; word units 100.0% of 8 words (letters-only 100.0% of 8).
Train Loss: output=0.1756, reconstruction=0.5346
Epoch [194/400]
batch = 0 (Δ=0.250s, 100.00%)
Training throughput: 1 batches in 0.249s; word units 100.0% of 8 words (letters-only 100.0% of 8).
Train Loss: output=0.1755, reconstruction=0.5337
Epoch [195/400]
batch = 0 (Δ=0.249s, 100.00%)
Training throughput: 1 batches in 0.248s; word units 100.0% of 8 words (letters-only 100.0% of 8).
Train Loss: output=0.1755, reconstruction=0.5354
Epoch [196/400]
batch = 0 (Δ=0.250s, 100.00%)
Training throughput: 1 batches in 0.250s; word units 100.0% of 8 words (letters-only 100.0% of 8).
Train Loss: output=0.1755, reconstruction=0.5394
Epoch [197/400]
batch = 0 (Δ=0.250s, 100.00%)
Training throughput: 1 batches in 0.250s; word units 100.0% of 8 words (letters-only 100.0% of 8).
Train Loss: output=0.1755, reconstruction=0.5448
Epoch [198/400]
batch = 0 (Δ=0.250s, 100.00%)
Training throughput: 1 batches in 0.249s; word units 100.0% of 8 words (letters-only 100.0% of 8).
Train Loss: output=0.1742, reconstruction=0.0424
Epoch [199/400]
batch = 0 (Δ=0.248s, 100.00%)
Training throughput: 1 batches in 0.247s; word units 100.0% of 8 words (letters-only 100.0% of 8).
Train Loss: output=0.1742, reconstruction=0.0416
Epoch [200/400]
batch = 0 (Δ=0.244s, 100.00%)
Training throughput: 1 batches in 0.243s; word units 100.0% of 8 words (letters-only 100.0% of 8).
Train Loss: output=0.1741, reconstruction=0.0410
Epoch [201/400]
batch = 0 (Δ=0.249s, 100.00%)
Training throughput: 1 batches in 0.249s; word units 100.0% of 8 words (letters-only 100.0% of 8).
Train Loss: output=0.1755, reconstruction=0.5734
Epoch [202/400]
batch = 0 (Δ=0.247s, 100.00%)
Training throughput: 1 batches in 0.246s; word units 100.0% of 8 words (letters-only 100.0% of 8).
Train Loss: output=0.1755, reconstruction=0.5808
Epoch [203/400]
batch = 0 (Δ=0.247s, 100.00%)
Training throughput: 1 batches in 0.246s; word units 100.0% of 8 words (letters-only 100.0% of 8).
Train Loss: output=0.1755, reconstruction=0.5873
Epoch [204/400]
batch = 0 (Δ=0.248s, 100.00%)
Training throughput: 1 batches in 0.248s; word units 100.0% of 8 words (letters-only 100.0% of 8).
Train Loss: output=0.1755, reconstruction=0.5927
Epoch [205/400]
batch = 0 (Δ=0.246s, 100.00%)
Training throughput: 1 batches in 0.245s; word units 100.0% of 8 words (letters-only 100.0% of 8).
Train Loss: output=0.1755, reconstruction=0.5977
Epoch [206/400]
batch = 0 (Δ=0.245s, 100.00%)
Training throughput: 1 batches in 0.244s; word units 100.0% of 8 words (letters-only 100.0% of 8).
Train Loss: output=0.1740, reconstruction=0.0374
Epoch [207/400]
batch = 0 (Δ=0.248s, 100.00%)
Training throughput: 1 batches in 0.248s; word units 100.0% of 8 words (letters-only 100.0% of 8).
Train Loss: output=0.1755, reconstruction=0.6040
Epoch [208/400]
batch = 0 (Δ=0.245s, 100.00%)
Training throughput: 1 batches in 0.244s; word units 100.0% of 8 words (letters-only 100.0% of 8).
Train Loss: output=0.1740, reconstruction=0.0366
Epoch [209/400]
batch = 0 (Δ=0.246s, 100.00%)
Training throughput: 1 batches in 0.245s; word units 100.0% of 8 words (letters-only 100.0% of 8).
Train Loss: output=0.1755, reconstruction=0.6064
Epoch [210/400]
batch = 0 (Δ=0.248s, 100.00%)
Training throughput: 1 batches in 0.248s; word units 100.0% of 8 words (letters-only 100.0% of 8).
Train Loss: output=0.1739, reconstruction=0.0360
Epoch [211/400]
batch = 0 (Δ=0.248s, 100.00%)
Training throughput: 1 batches in 0.247s; word units 100.0% of 8 words (letters-only 100.0% of 8).
Train Loss: output=0.1755, reconstruction=0.6079
Epoch [212/400]
batch = 0 (Δ=0.242s, 100.00%)
Training throughput: 1 batches in 0.241s; word units 100.0% of 8 words (letters-only 100.0% of 8).
Train Loss: output=0.1739, reconstruction=0.0347
Epoch [213/400]
batch = 0 (Δ=0.246s, 100.00%)
Training throughput: 1 batches in 0.246s; word units 100.0% of 8 words (letters-only 100.0% of 8).
Train Loss: output=0.1755, reconstruction=0.6105
Epoch [214/400]
batch = 0 (Δ=0.250s, 100.00%)
Training throughput: 1 batches in 0.249s; word units 100.0% of 8 words (letters-only 100.0% of 8).
Train Loss: output=0.1755, reconstruction=0.6124
Epoch [215/400]
batch = 0 (Δ=0.249s, 100.00%)
Training throughput: 1 batches in 0.249s; word units 100.0% of 8 words (letters-only 100.0% of 8).
Train Loss: output=0.1755, reconstruction=0.6143
Epoch [216/400]
batch = 0 (Δ=0.247s, 100.00%)
Training throughput: 1 batches in 0.247s; word units 100.0% of 8 words (letters-only 100.0% of 8).
Train Loss: output=0.1755, reconstruction=0.6170
Epoch [217/400]
batch = 0 (Δ=0.251s, 100.00%)
Training throughput: 1 batches in 0.251s; word units 100.0% of 8 words (letters-only 100.0% of 8).
Train Loss: output=0.1755, reconstruction=0.6195
Epoch [218/400]
batch = 0 (Δ=0.248s, 100.00%)
Training throughput: 1 batches in 0.247s; word units 100.0% of 8 words (letters-only 100.0% of 8).
Train Loss: output=0.1755, reconstruction=0.6206
Epoch [219/400]
batch = 0 (Δ=0.249s, 100.00%)
Training throughput: 1 batches in 0.248s; word units 100.0% of 8 words (letters-only 100.0% of 8).
Train Loss: output=0.1755, reconstruction=0.6215
Epoch [220/400]
batch = 0 (Δ=0.251s, 100.00%)
Training throughput: 1 batches in 0.251s; word units 100.0% of 8 words (letters-only 100.0% of 8).
Train Loss: output=0.1739, reconstruction=0.2961
Epoch [221/400]
batch = 0 (Δ=0.246s, 100.00%)
Training throughput: 1 batches in 0.245s; word units 100.0% of 8 words (letters-only 100.0% of 8).
Train Loss: output=0.1765, reconstruction=0.6201
Epoch [222/400]
batch = 0 (Δ=0.244s, 100.00%)
Training throughput: 1 batches in 0.243s; word units 100.0% of 8 words (letters-only 100.0% of 8).
Train Loss: output=0.1765, reconstruction=0.6142
Epoch [223/400]
batch = 0 (Δ=0.250s, 100.00%)
Training throughput: 1 batches in 0.249s; word units 100.0% of 8 words (letters-only 100.0% of 8).
Train Loss: output=0.1755, reconstruction=0.8660
Epoch [224/400]
batch = 0 (Δ=0.247s, 100.00%)
Training throughput: 1 batches in 0.246s; word units 100.0% of 8 words (letters-only 100.0% of 8).
Train Loss: output=0.1765, reconstruction=0.5994
Epoch [225/400]
batch = 0 (Δ=0.249s, 100.00%)
Training throughput: 1 batches in 0.248s; word units 100.0% of 8 words (letters-only 100.0% of 8).
Train Loss: output=0.1765, reconstruction=0.5913
Epoch [226/400]
batch = 0 (Δ=0.248s, 100.00%)
Training throughput: 1 batches in 0.248s; word units 100.0% of 8 words (letters-only 100.0% of 8).
Train Loss: output=0.1755, reconstruction=0.8227
Epoch [227/400]
batch = 0 (Δ=0.252s, 100.00%)
Training throughput: 1 batches in 0.251s; word units 100.0% of 8 words (letters-only 100.0% of 8).
Train Loss: output=0.1739, reconstruction=0.2601
Epoch [228/400]
batch = 0 (Δ=0.250s, 100.00%)
Training throughput: 1 batches in 0.249s; word units 100.0% of 8 words (letters-only 100.0% of 8).
Train Loss: output=0.1755, reconstruction=0.8129
Epoch [229/400]
batch = 0 (Δ=0.247s, 100.00%)
Training throughput: 1 batches in 0.246s; word units 100.0% of 8 words (letters-only 100.0% of 8).
Train Loss: output=0.1755, reconstruction=0.8097
Epoch [230/400]
batch = 0 (Δ=0.248s, 100.00%)
Training throughput: 1 batches in 0.247s; word units 100.0% of 8 words (letters-only 100.0% of 8).
Train Loss: output=0.1755, reconstruction=0.8060
Epoch [231/400]
batch = 0 (Δ=0.244s, 100.00%)
Training throughput: 1 batches in 0.243s; word units 100.0% of 8 words (letters-only 100.0% of 8).
Train Loss: output=0.1755, reconstruction=0.8014
Epoch [232/400]
batch = 0 (Δ=0.251s, 100.00%)
Training throughput: 1 batches in 0.250s; word units 100.0% of 8 words (letters-only 100.0% of 8).
Train Loss: output=0.1755, reconstruction=0.7961
Epoch [233/400]
batch = 0 (Δ=0.250s, 100.00%)
Training throughput: 1 batches in 0.249s; word units 100.0% of 8 words (letters-only 100.0% of 8).
Train Loss: output=0.1755, reconstruction=0.7901
Epoch [234/400]
batch = 0 (Δ=0.247s, 100.00%)
Training throughput: 1 batches in 0.247s; word units 100.0% of 8 words (letters-only 100.0% of 8).
Train Loss: output=0.1747, reconstruction=0.0430
Epoch [235/400]
batch = 0 (Δ=0.246s, 100.00%)
Training throughput: 1 batches in 0.246s; word units 100.0% of 8 words (letters-only 100.0% of 8).
Train Loss: output=0.1747, reconstruction=0.0441
Epoch [236/400]
batch = 0 (Δ=0.246s, 100.00%)
Training throughput: 1 batches in 0.245s; word units 100.0% of 8 words (letters-only 100.0% of 8).
Train Loss: output=0.1747, reconstruction=0.0441
Epoch [237/400]
batch = 0 (Δ=0.243s, 100.00%)
Training throughput: 1 batches in 0.243s; word units 100.0% of 8 words (letters-only 100.0% of 8).
Train Loss: output=0.1755, reconstruction=0.7895
Epoch [238/400]
batch = 0 (Δ=0.249s, 100.00%)
Training throughput: 1 batches in 0.248s; word units 100.0% of 8 words (letters-only 100.0% of 8).
Train Loss: output=0.1738, reconstruction=0.2183
Epoch [239/400]
batch = 0 (Δ=0.245s, 100.00%)
Training throughput: 1 batches in 0.244s; word units 100.0% of 8 words (letters-only 100.0% of 8).
Train Loss: output=0.1755, reconstruction=0.7974
Epoch [240/400]
batch = 0 (Δ=0.252s, 100.00%)
Training throughput: 1 batches in 0.252s; word units 100.0% of 8 words (letters-only 100.0% of 8).
Train Loss: output=0.1738, reconstruction=0.2185
Epoch [241/400]
batch = 0 (Δ=0.246s, 100.00%)
Training throughput: 1 batches in 0.245s; word units 100.0% of 8 words (letters-only 100.0% of 8).
Train Loss: output=0.1747, reconstruction=0.0424
Epoch [242/400]
batch = 0 (Δ=0.241s, 100.00%)
Training throughput: 1 batches in 0.240s; word units 100.0% of 8 words (letters-only 100.0% of 8).
Train Loss: output=0.1747, reconstruction=0.0422
Epoch [243/400]
batch = 0 (Δ=0.244s, 100.00%)
Training throughput: 1 batches in 0.243s; word units 100.0% of 8 words (letters-only 100.0% of 8).
Train Loss: output=0.1747, reconstruction=0.0414
Epoch [244/400]
batch = 0 (Δ=0.246s, 100.00%)
Training throughput: 1 batches in 0.246s; word units 100.0% of 8 words (letters-only 100.0% of 8).
Train Loss: output=0.1755, reconstruction=0.8087
Epoch [245/400]
batch = 0 (Δ=0.250s, 100.00%)
Training throughput: 1 batches in 0.250s; word units 100.0% of 8 words (letters-only 100.0% of 8).
Train Loss: output=0.1755, reconstruction=0.8155
Epoch [246/400]
batch = 0 (Δ=0.249s, 100.00%)
Training throughput: 1 batches in 0.249s; word units 100.0% of 8 words (letters-only 100.0% of 8).
Train Loss: output=0.1755, reconstruction=0.8190
Epoch [247/400]
batch = 0 (Δ=0.247s, 100.00%)
Training throughput: 1 batches in 0.246s; word units 100.0% of 8 words (letters-only 100.0% of 8).
Train Loss: output=0.1755, reconstruction=0.8197
Epoch [248/400]
batch = 0 (Δ=0.248s, 100.00%)
Training throughput: 1 batches in 0.247s; word units 100.0% of 8 words (letters-only 100.0% of 8).
Train Loss: output=0.1755, reconstruction=0.8181
Epoch [249/400]
batch = 0 (Δ=0.249s, 100.00%)
Training throughput: 1 batches in 0.248s; word units 100.0% of 8 words (letters-only 100.0% of 8).
Train Loss: output=0.1755, reconstruction=0.8151
Epoch [250/400]
batch = 0 (Δ=0.254s, 100.00%)
Training throughput: 1 batches in 0.254s; word units 100.0% of 8 words (letters-only 100.0% of 8).
Train Loss: output=0.1738, reconstruction=0.2254
Epoch [251/400]
batch = 0 (Δ=0.249s, 100.00%)
Training throughput: 1 batches in 0.248s; word units 100.0% of 8 words (letters-only 100.0% of 8).
Train Loss: output=0.1747, reconstruction=0.0392
Epoch [252/400]
batch = 0 (Δ=0.250s, 100.00%)
Training throughput: 1 batches in 0.250s; word units 100.0% of 8 words (letters-only 100.0% of 8).
Train Loss: output=0.1755, reconstruction=0.8054
Epoch [253/400]
batch = 0 (Δ=0.252s, 100.00%)
Training throughput: 1 batches in 0.251s; word units 100.0% of 8 words (letters-only 100.0% of 8).
Train Loss: output=0.1738, reconstruction=0.2229
Epoch [254/400]
batch = 0 (Δ=0.249s, 100.00%)
Training throughput: 1 batches in 0.249s; word units 100.0% of 8 words (letters-only 100.0% of 8).
Train Loss: output=0.1755, reconstruction=0.8040
Epoch [255/400]
batch = 0 (Δ=0.652s, 100.00%)
Training throughput: 1 batches in 0.652s; word units 100.0% of 8 words (letters-only 100.0% of 8).
Train Loss: output=0.1755, reconstruction=0.8015
Epoch [256/400]
batch = 0 (Δ=0.245s, 100.00%)
Training throughput: 1 batches in 0.244s; word units 100.0% of 8 words (letters-only 100.0% of 8).
Train Loss: output=0.1755, reconstruction=0.7981
Epoch [257/400]
batch = 0 (Δ=0.244s, 100.00%)
Training throughput: 1 batches in 0.244s; word units 100.0% of 8 words (letters-only 100.0% of 8).
Train Loss: output=0.1738, reconstruction=0.2182
Epoch [258/400]
batch = 0 (Δ=0.242s, 100.00%)
Training throughput: 1 batches in 0.242s; word units 100.0% of 8 words (letters-only 100.0% of 8).
Train Loss: output=0.1755, reconstruction=0.7912
Epoch [259/400]
batch = 0 (Δ=0.248s, 100.00%)
Training throughput: 1 batches in 0.247s; word units 100.0% of 8 words (letters-only 100.0% of 8).
Train Loss: output=0.1764, reconstruction=0.6154
Epoch [260/400]
batch = 0 (Δ=0.250s, 100.00%)
Training throughput: 1 batches in 0.249s; word units 100.0% of 8 words (letters-only 100.0% of 8).
Train Loss: output=0.1755, reconstruction=0.7868
Epoch [261/400]
batch = 0 (Δ=0.250s, 100.00%)
Training throughput: 1 batches in 0.250s; word units 100.0% of 8 words (letters-only 100.0% of 8).
Train Loss: output=0.1756, reconstruction=0.7865
Epoch [262/400]
batch = 0 (Δ=0.242s, 100.00%)
Training throughput: 1 batches in 0.242s; word units 100.0% of 8 words (letters-only 100.0% of 8).
Train Loss: output=0.1756, reconstruction=0.7857
Epoch [263/400]
batch = 0 (Δ=0.245s, 100.00%)
Training throughput: 1 batches in 0.244s; word units 100.0% of 8 words (letters-only 100.0% of 8).
Train Loss: output=0.1764, reconstruction=0.6140
Epoch [264/400]
batch = 0 (Δ=0.244s, 100.00%)
Training throughput: 1 batches in 0.244s; word units 100.0% of 8 words (letters-only 100.0% of 8).
Train Loss: output=0.1764, reconstruction=0.6144
Epoch [265/400]
batch = 0 (Δ=0.243s, 100.00%)
Training throughput: 1 batches in 0.242s; word units 100.0% of 8 words (letters-only 100.0% of 8).
Train Loss: output=0.1747, reconstruction=0.0428
Epoch [266/400]
batch = 0 (Δ=0.245s, 100.00%)
Training throughput: 1 batches in 0.245s; word units 100.0% of 8 words (letters-only 100.0% of 8).
Train Loss: output=0.1756, reconstruction=0.7910
Epoch [267/400]
batch = 0 (Δ=0.244s, 100.00%)
Training throughput: 1 batches in 0.243s; word units 100.0% of 8 words (letters-only 100.0% of 8).
Train Loss: output=0.1738, reconstruction=0.2180
Epoch [268/400]
batch = 0 (Δ=0.244s, 100.00%)
Training throughput: 1 batches in 0.244s; word units 100.0% of 8 words (letters-only 100.0% of 8).
Train Loss: output=0.1756, reconstruction=0.7975
Epoch [269/400]
batch = 0 (Δ=0.245s, 100.00%)
Training throughput: 1 batches in 0.244s; word units 100.0% of 8 words (letters-only 100.0% of 8).
Train Loss: output=0.1738, reconstruction=0.2195
Epoch [270/400]
batch = 0 (Δ=0.246s, 100.00%)
Training throughput: 1 batches in 0.245s; word units 100.0% of 8 words (letters-only 100.0% of 8).
Train Loss: output=0.1764, reconstruction=0.6190
Epoch [271/400]
batch = 0 (Δ=0.244s, 100.00%)
Training throughput: 1 batches in 0.244s; word units 100.0% of 8 words (letters-only 100.0% of 8).
Train Loss: output=0.1747, reconstruction=0.0403
Epoch [272/400]
batch = 0 (Δ=0.247s, 100.00%)
Training throughput: 1 batches in 0.247s; word units 100.0% of 8 words (letters-only 100.0% of 8).
Train Loss: output=0.1756, reconstruction=0.8024
Epoch [273/400]
batch = 0 (Δ=0.246s, 100.00%)
Training throughput: 1 batches in 0.246s; word units 100.0% of 8 words (letters-only 100.0% of 8).
Train Loss: output=0.1756, reconstruction=0.8059
Epoch [274/400]
batch = 0 (Δ=0.245s, 100.00%)
Training throughput: 1 batches in 0.244s; word units 100.0% of 8 words (letters-only 100.0% of 8).
Train Loss: output=0.1764, reconstruction=0.6227
Epoch [275/400]
batch = 0 (Δ=0.248s, 100.00%)
Training throughput: 1 batches in 0.247s; word units 100.0% of 8 words (letters-only 100.0% of 8).
Train Loss: output=0.1764, reconstruction=0.6231
Epoch [276/400]
batch = 0 (Δ=0.245s, 100.00%)
Training throughput: 1 batches in 0.244s; word units 100.0% of 8 words (letters-only 100.0% of 8).
Train Loss: output=0.1764, reconstruction=0.6239
Epoch [277/400]
batch = 0 (Δ=0.244s, 100.00%)
Training throughput: 1 batches in 0.243s; word units 100.0% of 8 words (letters-only 100.0% of 8).
Train Loss: output=0.1738, reconstruction=0.2287
Epoch [278/400]
batch = 0 (Δ=0.249s, 100.00%)
Training throughput: 1 batches in 0.248s; word units 100.0% of 8 words (letters-only 100.0% of 8).
Train Loss: output=0.1755, reconstruction=0.8212
Epoch [279/400]
batch = 0 (Δ=0.246s, 100.00%)
Training throughput: 1 batches in 0.246s; word units 100.0% of 8 words (letters-only 100.0% of 8).
Train Loss: output=0.1764, reconstruction=0.6262
Epoch [280/400]
batch = 0 (Δ=0.242s, 100.00%)
Training throughput: 1 batches in 0.242s; word units 100.0% of 8 words (letters-only 100.0% of 8).
Train Loss: output=0.1747, reconstruction=0.0352
Epoch [281/400]
batch = 0 (Δ=0.247s, 100.00%)
Training throughput: 1 batches in 0.246s; word units 100.0% of 8 words (letters-only 100.0% of 8).
Train Loss: output=0.1764, reconstruction=0.6280
Epoch [282/400]
batch = 0 (Δ=0.244s, 100.00%)
Training throughput: 1 batches in 0.243s; word units 100.0% of 8 words (letters-only 100.0% of 8).
Train Loss: output=0.1764, reconstruction=0.6303
Epoch [283/400]
batch = 0 (Δ=0.246s, 100.00%)
Training throughput: 1 batches in 0.246s; word units 100.0% of 8 words (letters-only 100.0% of 8).
Train Loss: output=0.1764, reconstruction=0.6331
Epoch [284/400]
batch = 0 (Δ=0.246s, 100.00%)
Training throughput: 1 batches in 0.246s; word units 100.0% of 8 words (letters-only 100.0% of 8).
Train Loss: output=0.1755, reconstruction=0.8512
Epoch [285/400]
batch = 0 (Δ=0.247s, 100.00%)
Training throughput: 1 batches in 0.246s; word units 100.0% of 8 words (letters-only 100.0% of 8).
Train Loss: output=0.1755, reconstruction=0.8573
Epoch [286/400]
batch = 0 (Δ=0.248s, 100.00%)
Training throughput: 1 batches in 0.247s; word units 100.0% of 8 words (letters-only 100.0% of 8).
Train Loss: output=0.1755, reconstruction=0.8596
Epoch [287/400]
batch = 0 (Δ=0.249s, 100.00%)
Training throughput: 1 batches in 0.248s; word units 100.0% of 8 words (letters-only 100.0% of 8).
Train Loss: output=0.1738, reconstruction=0.2506
Epoch [288/400]
batch = 0 (Δ=0.246s, 100.00%)
Training throughput: 1 batches in 0.245s; word units 100.0% of 8 words (letters-only 100.0% of 8).
Train Loss: output=0.1764, reconstruction=0.6375
Epoch [289/400]
batch = 0 (Δ=0.247s, 100.00%)
Training throughput: 1 batches in 0.246s; word units 100.0% of 8 words (letters-only 100.0% of 8).
Train Loss: output=0.1755, reconstruction=0.8550
Epoch [290/400]
batch = 0 (Δ=0.245s, 100.00%)
Training throughput: 1 batches in 0.245s; word units 100.0% of 8 words (letters-only 100.0% of 8).
Train Loss: output=0.1755, reconstruction=0.8532
Epoch [291/400]
batch = 0 (Δ=0.244s, 100.00%)
Training throughput: 1 batches in 0.244s; word units 100.0% of 8 words (letters-only 100.0% of 8).
Train Loss: output=0.1755, reconstruction=0.8493
Epoch [292/400]
batch = 0 (Δ=0.248s, 100.00%)
Training throughput: 1 batches in 0.247s; word units 100.0% of 8 words (letters-only 100.0% of 8).
Train Loss: output=0.1755, reconstruction=0.8435
Epoch [293/400]
batch = 0 (Δ=0.249s, 100.00%)
Training throughput: 1 batches in 0.248s; word units 100.0% of 8 words (letters-only 100.0% of 8).
Train Loss: output=0.1755, reconstruction=0.8368
Epoch [294/400]
batch = 0 (Δ=0.245s, 100.00%)
Training throughput: 1 batches in 0.245s; word units 100.0% of 8 words (letters-only 100.0% of 8).
Train Loss: output=0.1764, reconstruction=0.6284
Epoch [295/400]
batch = 0 (Δ=0.245s, 100.00%)
Training throughput: 1 batches in 0.244s; word units 100.0% of 8 words (letters-only 100.0% of 8).
Train Loss: output=0.1738, reconstruction=0.2328
Epoch [296/400]
batch = 0 (Δ=0.251s, 100.00%)
Training throughput: 1 batches in 0.250s; word units 100.0% of 8 words (letters-only 100.0% of 8).
Train Loss: output=0.1738, reconstruction=0.2311
Epoch [297/400]
batch = 0 (Δ=0.245s, 100.00%)
Training throughput: 1 batches in 0.244s; word units 100.0% of 8 words (letters-only 100.0% of 8).
Train Loss: output=0.1738, reconstruction=0.2287
Epoch [298/400]
batch = 0 (Δ=0.245s, 100.00%)
Training throughput: 1 batches in 0.245s; word units 100.0% of 8 words (letters-only 100.0% of 8).
Train Loss: output=0.1764, reconstruction=0.6238
Epoch [299/400]
batch = 0 (Δ=0.245s, 100.00%)
Training throughput: 1 batches in 0.244s; word units 100.0% of 8 words (letters-only 100.0% of 8).
Train Loss: output=0.1755, reconstruction=0.8103
Epoch [300/400]
batch = 0 (Δ=0.243s, 100.00%)
Training throughput: 1 batches in 0.243s; word units 100.0% of 8 words (letters-only 100.0% of 8).
Train Loss: output=0.1764, reconstruction=0.6242
Epoch [301/400]
batch = 0 (Δ=0.246s, 100.00%)
Training throughput: 1 batches in 0.245s; word units 100.0% of 8 words (letters-only 100.0% of 8).
Train Loss: output=0.1764, reconstruction=0.6244
Epoch [302/400]
batch = 0 (Δ=0.249s, 100.00%)
Training throughput: 1 batches in 0.249s; word units 100.0% of 8 words (letters-only 100.0% of 8).
Train Loss: output=0.1755, reconstruction=0.8106
Epoch [303/400]
batch = 0 (Δ=0.245s, 100.00%)
Training throughput: 1 batches in 0.245s; word units 100.0% of 8 words (letters-only 100.0% of 8).
Train Loss: output=0.1755, reconstruction=0.8128
Epoch [304/400]
batch = 0 (Δ=0.245s, 100.00%)
Training throughput: 1 batches in 0.245s; word units 100.0% of 8 words (letters-only 100.0% of 8).
Train Loss: output=0.1755, reconstruction=0.8126
Epoch [305/400]
batch = 0 (Δ=0.244s, 100.00%)
Training throughput: 1 batches in 0.244s; word units 100.0% of 8 words (letters-only 100.0% of 8).
Train Loss: output=0.1747, reconstruction=0.0385
Epoch [306/400]
batch = 0 (Δ=0.246s, 100.00%)
Training throughput: 1 batches in 0.246s; word units 100.0% of 8 words (letters-only 100.0% of 8).
Train Loss: output=0.1755, reconstruction=0.8111
Epoch [307/400]
batch = 0 (Δ=0.244s, 100.00%)
Training throughput: 1 batches in 0.243s; word units 100.0% of 8 words (letters-only 100.0% of 8).
Train Loss: output=0.1747, reconstruction=0.0385
Epoch [308/400]
batch = 0 (Δ=0.245s, 100.00%)
Training throughput: 1 batches in 0.245s; word units 100.0% of 8 words (letters-only 100.0% of 8).
Train Loss: output=0.1764, reconstruction=0.6263
Epoch [309/400]
batch = 0 (Δ=0.247s, 100.00%)
Training throughput: 1 batches in 0.247s; word units 100.0% of 8 words (letters-only 100.0% of 8).
Train Loss: output=0.1738, reconstruction=0.2270
Epoch [310/400]
batch = 0 (Δ=0.241s, 100.00%)
Training throughput: 1 batches in 0.241s; word units 100.0% of 8 words (letters-only 100.0% of 8).
Train Loss: output=0.1764, reconstruction=0.6296
Epoch [311/400]
batch = 0 (Δ=0.245s, 100.00%)
Training throughput: 1 batches in 0.244s; word units 100.0% of 8 words (letters-only 100.0% of 8).
Train Loss: output=0.1764, reconstruction=0.6314
Epoch [312/400]
batch = 0 (Δ=0.245s, 100.00%)
Training throughput: 1 batches in 0.245s; word units 100.0% of 8 words (letters-only 100.0% of 8).
Train Loss: output=0.1738, reconstruction=0.2338
Epoch [313/400]
batch = 0 (Δ=0.248s, 100.00%)
Training throughput: 1 batches in 0.247s; word units 100.0% of 8 words (letters-only 100.0% of 8).
Train Loss: output=0.1738, reconstruction=0.2364
Epoch [314/400]
batch = 0 (Δ=0.245s, 100.00%)
Training throughput: 1 batches in 0.244s; word units 100.0% of 8 words (letters-only 100.0% of 8).
Train Loss: output=0.1738, reconstruction=0.2377
Epoch [315/400]
batch = 0 (Δ=0.247s, 100.00%)
Training throughput: 1 batches in 0.246s; word units 100.0% of 8 words (letters-only 100.0% of 8).
Train Loss: output=0.1764, reconstruction=0.6391
Epoch [316/400]
batch = 0 (Δ=0.247s, 100.00%)
Training throughput: 1 batches in 0.247s; word units 100.0% of 8 words (letters-only 100.0% of 8).
Train Loss: output=0.1764, reconstruction=0.6404
Epoch [317/400]
batch = 0 (Δ=0.246s, 100.00%)
Training throughput: 1 batches in 0.245s; word units 100.0% of 8 words (letters-only 100.0% of 8).
Train Loss: output=0.1755, reconstruction=0.8497
Epoch [318/400]
batch = 0 (Δ=0.245s, 100.00%)
Training throughput: 1 batches in 0.244s; word units 100.0% of 8 words (letters-only 100.0% of 8).
Train Loss: output=0.1738, reconstruction=0.2415
Epoch [319/400]
batch = 0 (Δ=0.245s, 100.00%)
Training throughput: 1 batches in 0.244s; word units 100.0% of 8 words (letters-only 100.0% of 8).
Train Loss: output=0.1764, reconstruction=0.6446
Epoch [320/400]
batch = 0 (Δ=0.250s, 100.00%)
Training throughput: 1 batches in 0.249s; word units 100.0% of 8 words (letters-only 100.0% of 8).
Train Loss: output=0.1755, reconstruction=0.8552
Epoch [321/400]
batch = 0 (Δ=0.248s, 100.00%)
Training throughput: 1 batches in 0.247s; word units 100.0% of 8 words (letters-only 100.0% of 8).
Train Loss: output=0.1755, reconstruction=0.8553
Epoch [322/400]
batch = 0 (Δ=0.249s, 100.00%)
Training throughput: 1 batches in 0.248s; word units 100.0% of 8 words (letters-only 100.0% of 8).
Train Loss: output=0.1738, reconstruction=0.2406
Epoch [323/400]
batch = 0 (Δ=0.247s, 100.00%)
Training throughput: 1 batches in 0.246s; word units 100.0% of 8 words (letters-only 100.0% of 8).
Train Loss: output=0.1764, reconstruction=0.6432
Epoch [324/400]
batch = 0 (Δ=0.247s, 100.00%)
Training throughput: 1 batches in 0.247s; word units 100.0% of 8 words (letters-only 100.0% of 8).
Train Loss: output=0.1755, reconstruction=0.8467
Epoch [325/400]
batch = 0 (Δ=0.246s, 100.00%)
Training throughput: 1 batches in 0.245s; word units 100.0% of 8 words (letters-only 100.0% of 8).
Train Loss: output=0.1755, reconstruction=0.8444
Epoch [326/400]
batch = 0 (Δ=0.246s, 100.00%)
Training throughput: 1 batches in 0.245s; word units 100.0% of 8 words (letters-only 100.0% of 8).
Train Loss: output=0.1755, reconstruction=0.8409
Epoch [327/400]
batch = 0 (Δ=0.248s, 100.00%)
Training throughput: 1 batches in 0.248s; word units 100.0% of 8 words (letters-only 100.0% of 8).
Train Loss: output=0.1755, reconstruction=0.8366
Epoch [328/400]
batch = 0 (Δ=0.246s, 100.00%)
Training throughput: 1 batches in 0.246s; word units 100.0% of 8 words (letters-only 100.0% of 8).
Train Loss: output=0.1764, reconstruction=0.6374
Epoch [329/400]
batch = 0 (Δ=0.248s, 100.00%)
Training throughput: 1 batches in 0.247s; word units 100.0% of 8 words (letters-only 100.0% of 8).
Train Loss: output=0.1738, reconstruction=0.2282
Epoch [330/400]
batch = 0 (Δ=0.246s, 100.00%)
Training throughput: 1 batches in 0.246s; word units 100.0% of 8 words (letters-only 100.0% of 8).
Train Loss: output=0.1755, reconstruction=0.8256
Epoch [331/400]
batch = 0 (Δ=0.245s, 100.00%)
Training throughput: 1 batches in 0.244s; word units 100.0% of 8 words (letters-only 100.0% of 8).
Train Loss: output=0.1738, reconstruction=0.2257
Epoch [332/400]
batch = 0 (Δ=0.249s, 100.00%)
Training throughput: 1 batches in 0.249s; word units 100.0% of 8 words (letters-only 100.0% of 8).
Train Loss: output=0.1755, reconstruction=0.8180
Epoch [333/400]
batch = 0 (Δ=0.247s, 100.00%)
Training throughput: 1 batches in 0.246s; word units 100.0% of 8 words (letters-only 100.0% of 8).
Train Loss: output=0.1738, reconstruction=0.2223
Epoch [334/400]
batch = 0 (Δ=0.242s, 100.00%)
Training throughput: 1 batches in 0.242s; word units 100.0% of 8 words (letters-only 100.0% of 8).
Train Loss: output=0.1755, reconstruction=0.8083
Epoch [335/400]
batch = 0 (Δ=0.243s, 100.00%)
Training throughput: 1 batches in 0.243s; word units 100.0% of 8 words (letters-only 100.0% of 8).
Train Loss: output=0.1764, reconstruction=0.6251
Epoch [336/400]
batch = 0 (Δ=0.246s, 100.00%)
Training throughput: 1 batches in 0.246s; word units 100.0% of 8 words (letters-only 100.0% of 8).
Train Loss: output=0.1764, reconstruction=0.6241
Epoch [337/400]
batch = 0 (Δ=0.242s, 100.00%)
Training throughput: 1 batches in 0.242s; word units 100.0% of 8 words (letters-only 100.0% of 8).
Train Loss: output=0.1764, reconstruction=0.6244
Epoch [338/400]
batch = 0 (Δ=0.243s, 100.00%)
Training throughput: 1 batches in 0.242s; word units 100.0% of 8 words (letters-only 100.0% of 8).
Train Loss: output=0.1764, reconstruction=0.6252
Epoch [339/400]
batch = 0 (Δ=0.241s, 100.00%)
Training throughput: 1 batches in 0.240s; word units 100.0% of 8 words (letters-only 100.0% of 8).
Train Loss: output=0.1739, reconstruction=0.2213
Epoch [340/400]
batch = 0 (Δ=0.645s, 100.00%)
Training throughput: 1 batches in 0.645s; word units 100.0% of 8 words (letters-only 100.0% of 8).
Train Loss: output=0.1747, reconstruction=0.0375
Epoch [341/400]
batch = 0 (Δ=0.243s, 100.00%)
Training throughput: 1 batches in 0.242s; word units 100.0% of 8 words (letters-only 100.0% of 8).
Train Loss: output=0.1755, reconstruction=0.8167
Epoch [342/400]
batch = 0 (Δ=0.242s, 100.00%)
Training throughput: 1 batches in 0.241s; word units 100.0% of 8 words (letters-only 100.0% of 8).
Train Loss: output=0.1755, reconstruction=0.8205
Epoch [343/400]
batch = 0 (Δ=0.245s, 100.00%)
Training throughput: 1 batches in 0.244s; word units 100.0% of 8 words (letters-only 100.0% of 8).
Train Loss: output=0.1755, reconstruction=0.8221
Epoch [344/400]
batch = 0 (Δ=0.245s, 100.00%)
Training throughput: 1 batches in 0.244s; word units 100.0% of 8 words (letters-only 100.0% of 8).
Train Loss: output=0.1755, reconstruction=0.8217
Epoch [345/400]
batch = 0 (Δ=0.249s, 100.00%)
Training throughput: 1 batches in 0.249s; word units 100.0% of 8 words (letters-only 100.0% of 8).
Train Loss: output=0.1755, reconstruction=0.8201
Epoch [346/400]
batch = 0 (Δ=0.247s, 100.00%)
Training throughput: 1 batches in 0.247s; word units 100.0% of 8 words (letters-only 100.0% of 8).
Train Loss: output=0.1755, reconstruction=0.8181
Epoch [347/400]
batch = 0 (Δ=0.246s, 100.00%)
Training throughput: 1 batches in 0.245s; word units 100.0% of 8 words (letters-only 100.0% of 8).
Train Loss: output=0.1764, reconstruction=0.6253
Epoch [348/400]
batch = 0 (Δ=0.244s, 100.00%)
Training throughput: 1 batches in 0.243s; word units 100.0% of 8 words (letters-only 100.0% of 8).
Train Loss: output=0.1747, reconstruction=0.0366
Epoch [349/400]
batch = 0 (Δ=0.243s, 100.00%)
Training throughput: 1 batches in 0.242s; word units 100.0% of 8 words (letters-only 100.0% of 8).
Train Loss: output=0.1755, reconstruction=0.8150
Epoch [350/400]
batch = 0 (Δ=0.244s, 100.00%)
Training throughput: 1 batches in 0.244s; word units 100.0% of 8 words (letters-only 100.0% of 8).
Train Loss: output=0.1739, reconstruction=0.2278
Epoch [351/400]
batch = 0 (Δ=0.247s, 100.00%)
Training throughput: 1 batches in 0.247s; word units 100.0% of 8 words (letters-only 100.0% of 8).
Train Loss: output=0.1739, reconstruction=0.2282
Epoch [352/400]
batch = 0 (Δ=0.242s, 100.00%)
Training throughput: 1 batches in 0.242s; word units 100.0% of 8 words (letters-only 100.0% of 8).
Train Loss: output=0.1755, reconstruction=0.8171
Epoch [353/400]
batch = 0 (Δ=0.244s, 100.00%)
Training throughput: 1 batches in 0.243s; word units 100.0% of 8 words (letters-only 100.0% of 8).
Train Loss: output=0.1739, reconstruction=0.2273
Epoch [354/400]
batch = 0 (Δ=0.247s, 100.00%)
Training throughput: 1 batches in 0.247s; word units 100.0% of 8 words (letters-only 100.0% of 8).
Train Loss: output=0.1756, reconstruction=0.8122
Epoch [355/400]
batch = 0 (Δ=0.244s, 100.00%)
Training throughput: 1 batches in 0.243s; word units 100.0% of 8 words (letters-only 100.0% of 8).
Train Loss: output=0.1756, reconstruction=0.8085
Epoch [356/400]
batch = 0 (Δ=0.248s, 100.00%)
Training throughput: 1 batches in 0.247s; word units 100.0% of 8 words (letters-only 100.0% of 8).
Train Loss: output=0.1739, reconstruction=0.2233
Epoch [357/400]
batch = 0 (Δ=0.242s, 100.00%)
Training throughput: 1 batches in 0.241s; word units 100.0% of 8 words (letters-only 100.0% of 8).
Train Loss: output=0.1764, reconstruction=0.6171
Epoch [358/400]
batch = 0 (Δ=0.244s, 100.00%)
Training throughput: 1 batches in 0.244s; word units 100.0% of 8 words (letters-only 100.0% of 8).
Train Loss: output=0.1756, reconstruction=0.7985
Epoch [359/400]
batch = 0 (Δ=0.244s, 100.00%)
Training throughput: 1 batches in 0.244s; word units 100.0% of 8 words (letters-only 100.0% of 8).
Train Loss: output=0.1739, reconstruction=0.2201
Epoch [360/400]
batch = 0 (Δ=0.247s, 100.00%)
Training throughput: 1 batches in 0.246s; word units 100.0% of 8 words (letters-only 100.0% of 8).
Train Loss: output=0.1756, reconstruction=0.7928
Epoch [361/400]
batch = 0 (Δ=0.242s, 100.00%)
Training throughput: 1 batches in 0.241s; word units 100.0% of 8 words (letters-only 100.0% of 8).
Train Loss: output=0.1739, reconstruction=0.0400
Epoch [362/400]
batch = 0 (Δ=0.245s, 100.00%)
Training throughput: 1 batches in 0.245s; word units 100.0% of 8 words (letters-only 100.0% of 8).
Train Loss: output=0.1756, reconstruction=0.6110
Epoch [363/400]
batch = 0 (Δ=0.244s, 100.00%)
Training throughput: 1 batches in 0.244s; word units 100.0% of 8 words (letters-only 100.0% of 8).
Train Loss: output=0.1756, reconstruction=0.6095
Epoch [364/400]
batch = 0 (Δ=0.246s, 100.00%)
Training throughput: 1 batches in 0.246s; word units 100.0% of 8 words (letters-only 100.0% of 8).
Train Loss: output=0.1756, reconstruction=0.6080
Epoch [365/400]
batch = 0 (Δ=0.246s, 100.00%)
Training throughput: 1 batches in 0.246s; word units 100.0% of 8 words (letters-only 100.0% of 8).
Train Loss: output=0.1756, reconstruction=0.7808
Epoch [366/400]
batch = 0 (Δ=0.245s, 100.00%)
Training throughput: 1 batches in 0.244s; word units 100.0% of 8 words (letters-only 100.0% of 8).
Train Loss: output=0.1739, reconstruction=0.2154
Epoch [367/400]
batch = 0 (Δ=0.243s, 100.00%)
Training throughput: 1 batches in 0.243s; word units 100.0% of 8 words (letters-only 100.0% of 8).
Train Loss: output=0.1739, reconstruction=0.2151
Epoch [368/400]
batch = 0 (Δ=0.241s, 100.00%)
Training throughput: 1 batches in 0.241s; word units 100.0% of 8 words (letters-only 100.0% of 8).
Train Loss: output=0.1756, reconstruction=0.7753
Epoch [369/400]
batch = 0 (Δ=0.242s, 100.00%)
Training throughput: 1 batches in 0.242s; word units 100.0% of 8 words (letters-only 100.0% of 8).
Train Loss: output=0.1756, reconstruction=0.7735
Epoch [370/400]
batch = 0 (Δ=0.240s, 100.00%)
Training throughput: 1 batches in 0.240s; word units 100.0% of 8 words (letters-only 100.0% of 8).
Train Loss: output=0.1756, reconstruction=0.7714
Epoch [371/400]
batch = 0 (Δ=0.244s, 100.00%)
Training throughput: 1 batches in 0.244s; word units 100.0% of 8 words (letters-only 100.0% of 8).
Train Loss: output=0.1739, reconstruction=0.2119
Epoch [372/400]
batch = 0 (Δ=0.246s, 100.00%)
Training throughput: 1 batches in 0.245s; word units 100.0% of 8 words (letters-only 100.0% of 8).
Train Loss: output=0.1756, reconstruction=0.7652
Epoch [373/400]
batch = 0 (Δ=0.245s, 100.00%)
Training throughput: 1 batches in 0.244s; word units 100.0% of 8 words (letters-only 100.0% of 8).
Train Loss: output=0.1756, reconstruction=0.7617
Epoch [374/400]
batch = 0 (Δ=0.245s, 100.00%)
Training throughput: 1 batches in 0.244s; word units 100.0% of 8 words (letters-only 100.0% of 8).
Train Loss: output=0.1756, reconstruction=0.7573
Epoch [375/400]
batch = 0 (Δ=0.245s, 100.00%)
Training throughput: 1 batches in 0.244s; word units 100.0% of 8 words (letters-only 100.0% of 8).
Train Loss: output=0.1739, reconstruction=0.0454
Epoch [376/400]
batch = 0 (Δ=0.245s, 100.00%)
Training throughput: 1 batches in 0.245s; word units 100.0% of 8 words (letters-only 100.0% of 8).
Train Loss: output=0.1756, reconstruction=0.5892
Epoch [377/400]
batch = 0 (Δ=0.243s, 100.00%)
Training throughput: 1 batches in 0.242s; word units 100.0% of 8 words (letters-only 100.0% of 8).
Train Loss: output=0.1739, reconstruction=0.0466
Epoch [378/400]
batch = 0 (Δ=0.247s, 100.00%)
Training throughput: 1 batches in 0.246s; word units 100.0% of 8 words (letters-only 100.0% of 8).
Train Loss: output=0.1739, reconstruction=0.0472
Epoch [379/400]
batch = 0 (Δ=0.245s, 100.00%)
Training throughput: 1 batches in 0.244s; word units 100.0% of 8 words (letters-only 100.0% of 8).
Train Loss: output=0.1756, reconstruction=0.5857
Epoch [380/400]
batch = 0 (Δ=0.241s, 100.00%)
Training throughput: 1 batches in 0.241s; word units 100.0% of 8 words (letters-only 100.0% of 8).
Train Loss: output=0.1756, reconstruction=0.5844
Epoch [381/400]
batch = 0 (Δ=0.242s, 100.00%)
Training throughput: 1 batches in 0.242s; word units 100.0% of 8 words (letters-only 100.0% of 8).
Train Loss: output=0.1756, reconstruction=0.5828
Epoch [382/400]
batch = 0 (Δ=0.240s, 100.00%)
Training throughput: 1 batches in 0.239s; word units 100.0% of 8 words (letters-only 100.0% of 8).
Train Loss: output=0.1756, reconstruction=0.5809
Epoch [383/400]
batch = 0 (Δ=0.238s, 100.00%)
Training throughput: 1 batches in 0.238s; word units 100.0% of 8 words (letters-only 100.0% of 8).
Train Loss: output=0.1740, reconstruction=0.0493
Epoch [384/400]
batch = 0 (Δ=0.239s, 100.00%)
Training throughput: 1 batches in 0.238s; word units 100.0% of 8 words (letters-only 100.0% of 8).
Train Loss: output=0.1764, reconstruction=0.5772
Epoch [385/400]
batch = 0 (Δ=0.244s, 100.00%)
Training throughput: 1 batches in 0.243s; word units 100.0% of 8 words (letters-only 100.0% of 8).
Train Loss: output=0.1764, reconstruction=0.5764
Epoch [386/400]
batch = 0 (Δ=0.246s, 100.00%)
Training throughput: 1 batches in 0.246s; word units 100.0% of 8 words (letters-only 100.0% of 8).
Train Loss: output=0.1740, reconstruction=0.2035
Epoch [387/400]
batch = 0 (Δ=0.247s, 100.00%)
Training throughput: 1 batches in 0.247s; word units 100.0% of 8 words (letters-only 100.0% of 8).
Train Loss: output=0.1756, reconstruction=0.7350
Epoch [388/400]
batch = 0 (Δ=0.242s, 100.00%)
Training throughput: 1 batches in 0.241s; word units 100.0% of 8 words (letters-only 100.0% of 8).
Train Loss: output=0.1739, reconstruction=0.2064
Epoch [389/400]
batch = 0 (Δ=0.241s, 100.00%)
Training throughput: 1 batches in 0.241s; word units 100.0% of 8 words (letters-only 100.0% of 8).
Train Loss: output=0.1739, reconstruction=0.2074
Epoch [390/400]
batch = 0 (Δ=0.243s, 100.00%)
Training throughput: 1 batches in 0.243s; word units 100.0% of 8 words (letters-only 100.0% of 8).
Train Loss: output=0.1756, reconstruction=0.7406
Epoch [391/400]
batch = 0 (Δ=0.239s, 100.00%)
Training throughput: 1 batches in 0.238s; word units 100.0% of 8 words (letters-only 100.0% of 8).
Train Loss: output=0.1747, reconstruction=0.0453
Epoch [392/400]
batch = 0 (Δ=0.241s, 100.00%)
Training throughput: 1 batches in 0.241s; word units 100.0% of 8 words (letters-only 100.0% of 8).
Train Loss: output=0.1756, reconstruction=0.7416
Epoch [393/400]
batch = 0 (Δ=0.242s, 100.00%)
Training throughput: 1 batches in 0.241s; word units 100.0% of 8 words (letters-only 100.0% of 8).
Train Loss: output=0.1756, reconstruction=0.7430
Epoch [394/400]
batch = 0 (Δ=0.242s, 100.00%)
Training throughput: 1 batches in 0.241s; word units 100.0% of 8 words (letters-only 100.0% of 8).
Train Loss: output=0.1764, reconstruction=0.5786
Epoch [395/400]
batch = 0 (Δ=0.242s, 100.00%)
Training throughput: 1 batches in 0.241s; word units 100.0% of 8 words (letters-only 100.0% of 8).
Train Loss: output=0.1756, reconstruction=0.7442
Epoch [396/400]
batch = 0 (Δ=0.244s, 100.00%)
Training throughput: 1 batches in 0.244s; word units 100.0% of 8 words (letters-only 100.0% of 8).
Train Loss: output=0.1756, reconstruction=0.7456
Epoch [397/400]
batch = 0 (Δ=0.237s, 100.00%)
Training throughput: 1 batches in 0.237s; word units 100.0% of 8 words (letters-only 100.0% of 8).
Train Loss: output=0.1756, reconstruction=0.7466
Epoch [398/400]
batch = 0 (Δ=0.240s, 100.00%)
Training throughput: 1 batches in 0.239s; word units 100.0% of 8 words (letters-only 100.0% of 8).
Train Loss: output=0.1756, reconstruction=0.7470
Epoch [399/400]
batch = 0 (Δ=0.241s, 100.00%)
Training throughput: 1 batches in 0.241s; word units 100.0% of 8 words (letters-only 100.0% of 8).
Train Loss: output=0.1756, reconstruction=0.7462
Epoch [400/400]
batch = 0 (Δ=0.241s, 100.00%)
Training throughput: 1 batches in 0.240s; word units 100.0% of 8 words (letters-only 100.0% of 8).
Train Loss: output=0.1739, reconstruction=0.2094
Final Stats:
=== Selected operation grammar ===
batch = 0 (Δ=27.360s, 100.00%)
Training throughput: 1 batches in 27.309s; word units 100.0% of 8 words (letters-only 100.0% of 8).
=== Input Reconstruction (test) ===
  row[0] input='hello world' -> reconstructed='hello ' label=0.0000 predicted=0.5055 MISMATCH
  row[1] input='hello there' -> reconstructed='world ' label=1.0000 predicted=0.4998 MISMATCH
  row[2] input='loving world' -> reconstructed='loving ' label=1.0000 predicted=0.5022 MISMATCH
  row[3] input='loving there' -> reconstructed='loving ' label=0.0000 predicted=0.4999 MISMATCH
