sss..................................................................... [ 61%]
.....................FF....F.................                            [100%]
=================================== FAILURES ===================================
________ test_01_compound_vp_has_one_idea_and_readable_cat_chase_mouse _________
test/test_clause_acceptance.py:93: in test_01_compound_vp_has_one_idea_and_readable_cat_chase_mouse
    assert len(f.store) == 3 and f.store.rel_type[row] == f.store.REL_NONE
E   assert (5 == 3)
E    +  where 5 = len(TernaryTruthStore())
E    +    where TernaryTruthStore() = <test_clause_acceptance.SentenceFixture object at 0x107d0d460>.store
_______ test_04_absolute_clauses_closing_bottom_up_without_relation_rows _______
test/test_clause_acceptance.py:108: in test_04_absolute_clauses_closing_bottom_up_without_relation_rows
    assert row == 2 and f.store.ideas().tolist() == [0, 1, 2]
E   assert (6 == 2)
_____________ test_03_particular_subject_ends_an_idea[predicate1] ______________
test/test_clause_acceptance.py:147: in test_03_particular_subject_ends_an_idea
    assert f.store.ideas().tolist() == [0, row] and not len(f.store.relations())
E   assert ([0, 1, 2] == [0, 2]
E     
E     At index 1 diff: 1 != 2
E     Left contains one more item: 2
E     Use -v to get more diff)
=============================== warnings summary ===============================
test/test_category_codebook_retirement.py::test_category_embedding_replaces_codebook
test/test_category_codebook_retirement.py::test_category_embedding_weight_shape
test/test_category_codebook_retirement.py::test_category_lookup_returns_embedding_row
test/test_category_codebook_retirement.py::test_category_lookup_by_int_index
test/test_category_codebook_retirement.py::test_pos_lookup_returns_pos_dim_vector
test/test_category_codebook_retirement.py::test_category_embedding_registered_as_parameter
  /Users/arogers/github/WikiOracle/basicmodel/bin/Spaces.py:1253: RuntimeWarning: EventEncoding[PartSpace]: nDim=4 leaves no content width after the canonical band (nWhere=4 + nWhen=4); raise <nDim> to at least 9 if this space builds a what-basis.
    warnings.warn(

test/test_category_codebook_retirement.py::test_category_embedding_replaces_codebook
test/test_category_codebook_retirement.py::test_category_embedding_weight_shape
test/test_category_codebook_retirement.py::test_category_lookup_returns_embedding_row
test/test_category_codebook_retirement.py::test_category_lookup_by_int_index
test/test_category_codebook_retirement.py::test_pos_lookup_returns_pos_dim_vector
test/test_category_codebook_retirement.py::test_category_embedding_registered_as_parameter
  /Users/arogers/github/WikiOracle/basicmodel/bin/Spaces.py:1253: RuntimeWarning: EventEncoding[WholeSpace]: nDim=4 leaves no content width after the canonical band (nWhere=4 + nWhen=4); raise <nDim> to at least 9 if this space builds a what-basis.
    warnings.warn(

test/test_category_collapse.py::test_consumption_is_clean_noop_in_serial_mode_on_live_grammar
  /Users/arogers/github/WikiOracle/basicmodel/.venv/lib/python3.12/site-packages/torch/utils/_device.py:122: UserWarning: Sparse invariant checks are implicitly disabled. Memory errors (e.g. SEGFAULT) will occur when operating on a sparse tensor which violates the invariants, but checks incur performance overhead. To silence this warning, explicitly opt in or out. See `torch.sparse.check_sparse_tensor_invariants.__doc__` for guidance.  (Triggered internally at /Users/runner/work/pytorch/pytorch/aten/src/ATen/Context.cpp:855.)
    return func(*args, **kwargs)

-- Docs: https://docs.pytest.org/en/stable/how-to/capture-warnings.html
=========================== short test summary info ============================
FAILED test/test_clause_acceptance.py::test_01_compound_vp_has_one_idea_and_readable_cat_chase_mouse
FAILED test/test_clause_acceptance.py::test_04_absolute_clauses_closing_bottom_up_without_relation_rows
FAILED test/test_clause_acceptance.py::test_03_particular_subject_ends_an_idea[predicate1]
3 failed, 111 passed, 3 skipped, 13 warnings in 31.71s
