F                                                                        [100%]
=================================== FAILURES ===================================
_______________ TestXorGrammarLearnsXor.test_xor_class_accuracy ________________
test/test_explicit_dimensions.py:248: in test_xor_class_accuracy
    self.assertGreaterEqual(
E   AssertionError: tensor(0.) not greater than or equal to 0.5 : Expected >=0.5 accuracy on class 0 from an unselected initialization, got 0.0
----------------------------- Captured stdout call -----------------------------
Starting with dynamic 2-dim embedding (words added at runtime)
  Building span table: 0/4 docs
Device: cpu
Peer pipeline: static PS/WS stage bodies compiled separately; legacy compatibility scheduler remains outside fullgraph capture


==== BasicModel ====

Trial [1/1]
Baseline test pass skipped (--test not specified). Re-invoke train.py with --test to include baseline + post-epoch evaluation.
Epoch [1/400]
[AMP] off (fp32, MODEL_AMP unset or =off)
batch = 0 (warm-up, 100.00%)
Train Loss: output=0.1786, reconstruction=0.4521
Epoch [2/400]
batch = 0 (Δ=0.243s, 100.00%)
Train Loss: output=0.1780, reconstruction=0.4543
Epoch [3/400]
batch = 0 (Δ=0.239s, 100.00%)
Train Loss: output=0.1778, reconstruction=0.4581
Epoch [4/400]
batch = 0 (Δ=0.235s, 100.00%)
Train Loss: output=0.1751, reconstruction=0.4488
Epoch [5/400]
batch = 0 (Δ=0.242s, 100.00%)
Train Loss: output=0.1760, reconstruction=0.4437
Epoch [6/400]
batch = 0 (Δ=0.251s, 100.00%)
Train Loss: output=0.1771, reconstruction=0.4366
Epoch [7/400]
batch = 0 (Δ=0.257s, 100.00%)
Train Loss: output=0.1760, reconstruction=0.4404
Epoch [8/400]
batch = 0 (Δ=0.255s, 100.00%)
Train Loss: output=0.1750, reconstruction=0.4414
Epoch [9/400]
batch = 0 (Δ=0.250s, 100.00%)
Train Loss: output=0.1757, reconstruction=0.4476
Epoch [10/400]
batch = 0 (Δ=0.242s, 100.00%)
Train Loss: output=0.1762, reconstruction=0.4321
Epoch [11/400]
batch = 0 (Δ=0.242s, 100.00%)
Train Loss: output=0.1756, reconstruction=0.5104
Epoch [12/400]
batch = 0 (Δ=0.241s, 100.00%)
Train Loss: output=0.1749, reconstruction=0.4899
Epoch [13/400]
batch = 0 (Δ=0.169s, 100.00%)
Train Loss: output=0.1751, reconstruction=0.3839
Epoch [14/400]
batch = 0 (Δ=0.176s, 100.00%)
Train Loss: output=0.1756, reconstruction=0.2532
Epoch [15/400]
batch = 0 (Δ=0.170s, 100.00%)
Train Loss: output=0.1753, reconstruction=0.2500
Epoch [16/400]
batch = 0 (Δ=0.172s, 100.00%)
Train Loss: output=0.1748, reconstruction=0.4219
Epoch [17/400]
batch = 0 (Δ=0.173s, 100.00%)
Train Loss: output=0.1749, reconstruction=0.3750
Epoch [18/400]
batch = 0 (Δ=0.175s, 100.00%)
Train Loss: output=0.1753, reconstruction=0.2173
Epoch [19/400]
batch = 0 (Δ=0.174s, 100.00%)
Train Loss: output=0.1752, reconstruction=0.2121
Epoch [20/400]
batch = 0 (Δ=0.175s, 100.00%)
Train Loss: output=0.1749, reconstruction=0.2375
Epoch [21/400]
batch = 0 (Δ=0.173s, 100.00%)
Train Loss: output=0.1750, reconstruction=0.2049
Epoch [22/400]
batch = 0 (Δ=0.172s, 100.00%)
Train Loss: output=0.1753, reconstruction=0.2023
Epoch [23/400]
batch = 0 (Δ=0.178s, 100.00%)
Train Loss: output=0.1752, reconstruction=0.1999
Epoch [24/400]
batch = 0 (Δ=0.176s, 100.00%)
Train Loss: output=0.1749, reconstruction=0.1973
Epoch [25/400]
batch = 0 (Δ=0.178s, 100.00%)
Train Loss: output=0.1749, reconstruction=0.1947
Epoch [26/400]
batch = 0 (Δ=0.177s, 100.00%)
Train Loss: output=0.1751, reconstruction=0.1921
Epoch [27/400]
batch = 0 (Δ=0.180s, 100.00%)
Train Loss: output=0.1749, reconstruction=0.1897
Epoch [28/400]
batch = 0 (Δ=0.174s, 100.00%)
Train Loss: output=0.1746, reconstruction=0.1876
Epoch [29/400]
batch = 0 (Δ=0.176s, 100.00%)
Train Loss: output=0.1745, reconstruction=0.1852
Epoch [30/400]
batch = 0 (Δ=0.176s, 100.00%)
Train Loss: output=0.1747, reconstruction=0.1826
Epoch [31/400]
batch = 0 (Δ=0.257s, 100.00%)
Train Loss: output=0.1746, reconstruction=0.1806
Epoch [32/400]
batch = 0 (Δ=0.171s, 100.00%)
Train Loss: output=0.1745, reconstruction=0.1786
Epoch [33/400]
batch = 0 (Δ=0.182s, 100.00%)
Train Loss: output=0.1747, reconstruction=0.1767
Epoch [34/400]
batch = 0 (Δ=0.175s, 100.00%)
Train Loss: output=0.1749, reconstruction=0.1749
Epoch [35/400]
batch = 0 (Δ=0.173s, 100.00%)
Train Loss: output=0.1749, reconstruction=0.1732
Epoch [36/400]
batch = 0 (Δ=0.174s, 100.00%)
Train Loss: output=0.1749, reconstruction=0.1717
Epoch [37/400]
batch = 0 (Δ=0.175s, 100.00%)
Train Loss: output=0.1749, reconstruction=0.1703
Epoch [38/400]
batch = 0 (Δ=0.178s, 100.00%)
Train Loss: output=0.1748, reconstruction=0.1693
Epoch [39/400]
batch = 0 (Δ=0.175s, 100.00%)
Train Loss: output=0.1747, reconstruction=0.1687
Epoch [40/400]
batch = 0 (Δ=0.174s, 100.00%)
Train Loss: output=0.1747, reconstruction=0.1685
Epoch [41/400]
batch = 0 (Δ=0.173s, 100.00%)
Train Loss: output=0.1747, reconstruction=0.1687
Epoch [42/400]
batch = 0 (Δ=0.179s, 100.00%)
Train Loss: output=0.1746, reconstruction=0.1647
Epoch [43/400]
batch = 0 (Δ=0.186s, 100.00%)
Train Loss: output=0.1745, reconstruction=0.1633
Epoch [44/400]
batch = 0 (Δ=0.180s, 100.00%)
Train Loss: output=0.1744, reconstruction=0.1679
Epoch [45/400]
batch = 0 (Δ=0.183s, 100.00%)
Train Loss: output=0.1743, reconstruction=0.1663
Epoch [46/400]
batch = 0 (Δ=0.182s, 100.00%)
Train Loss: output=0.1742, reconstruction=0.1596
Epoch [47/400]
batch = 0 (Δ=0.183s, 100.00%)
Train Loss: output=0.1741, reconstruction=0.1651
Epoch [48/400]
batch = 0 (Δ=0.188s, 100.00%)
Train Loss: output=0.1740, reconstruction=0.1644
Epoch [49/400]
batch = 0 (Δ=0.188s, 100.00%)
Train Loss: output=0.1739, reconstruction=0.1563
Epoch [50/400]
batch = 0 (Δ=0.191s, 100.00%)
Train Loss: output=0.1738, reconstruction=0.1549
Epoch [51/400]
batch = 0 (Δ=0.184s, 100.00%)
Train Loss: output=0.1737, reconstruction=0.1539
Epoch [52/400]
batch = 0 (Δ=0.182s, 100.00%)
Train Loss: output=0.1736, reconstruction=0.1602
Epoch [53/400]
batch = 0 (Δ=0.183s, 100.00%)
Train Loss: output=0.1737, reconstruction=0.1602
Epoch [54/400]
batch = 0 (Δ=0.186s, 100.00%)
Train Loss: output=0.1735, reconstruction=0.1508
Epoch [55/400]
batch = 0 (Δ=0.187s, 100.00%)
Train Loss: output=0.1734, reconstruction=0.1576
Epoch [56/400]
batch = 0 (Δ=0.185s, 100.00%)
Train Loss: output=0.1734, reconstruction=0.1557
Epoch [57/400]
batch = 0 (Δ=0.184s, 100.00%)
Train Loss: output=0.1734, reconstruction=0.1462
Epoch [58/400]
batch = 0 (Δ=0.183s, 100.00%)
Train Loss: output=0.1733, reconstruction=0.1446
Epoch [59/400]
batch = 0 (Δ=0.184s, 100.00%)
Train Loss: output=0.1732, reconstruction=0.1434
Epoch [60/400]
batch = 0 (Δ=0.185s, 100.00%)
Train Loss: output=0.1731, reconstruction=0.1424
Epoch [61/400]
batch = 0 (Δ=0.188s, 100.00%)
Train Loss: output=0.1733, reconstruction=0.1413
Epoch [62/400]
batch = 0 (Δ=0.181s, 100.00%)
Train Loss: output=0.1734, reconstruction=0.1407
Epoch [63/400]
batch = 0 (Δ=0.197s, 100.00%)
Train Loss: output=0.1735, reconstruction=0.1399
Epoch [64/400]
batch = 0 (Δ=0.184s, 100.00%)
Train Loss: output=0.1735, reconstruction=0.1421
Epoch [65/400]
batch = 0 (Δ=0.180s, 100.00%)
Train Loss: output=0.1736, reconstruction=0.1385
Epoch [66/400]
batch = 0 (Δ=0.187s, 100.00%)
Train Loss: output=0.1738, reconstruction=0.1377
Epoch [67/400]
batch = 0 (Δ=0.185s, 100.00%)
Train Loss: output=0.1741, reconstruction=0.1381
Epoch [68/400]
batch = 0 (Δ=0.184s, 100.00%)
Train Loss: output=0.1742, reconstruction=0.1366
Epoch [69/400]
batch = 0 (Δ=0.186s, 100.00%)
Train Loss: output=0.1743, reconstruction=0.1355
Epoch [70/400]
batch = 0 (Δ=0.185s, 100.00%)
Train Loss: output=0.1743, reconstruction=0.1340
Epoch [71/400]
batch = 0 (Δ=0.184s, 100.00%)
Train Loss: output=0.1745, reconstruction=0.1336
Epoch [72/400]
batch = 0 (Δ=0.180s, 100.00%)
Train Loss: output=0.1745, reconstruction=0.1326
Epoch [73/400]
batch = 0 (Δ=0.190s, 100.00%)
Train Loss: output=0.1745, reconstruction=0.1319
Epoch [74/400]
batch = 0 (Δ=0.185s, 100.00%)
Train Loss: output=0.1746, reconstruction=0.1315
Epoch [75/400]
batch = 0 (Δ=0.183s, 100.00%)
Train Loss: output=0.1745, reconstruction=0.1310
Epoch [76/400]
batch = 0 (Δ=0.185s, 100.00%)
Train Loss: output=0.1744, reconstruction=0.1301
Epoch [77/400]
batch = 0 (Δ=0.186s, 100.00%)
Train Loss: output=0.1745, reconstruction=0.1292
Epoch [78/400]
batch = 0 (Δ=0.188s, 100.00%)
Train Loss: output=0.1744, reconstruction=0.1289
Epoch [79/400]
batch = 0 (Δ=0.188s, 100.00%)
Train Loss: output=0.1746, reconstruction=0.1285
Epoch [80/400]
batch = 0 (Δ=0.187s, 100.00%)
Train Loss: output=0.1745, reconstruction=0.1279
Epoch [81/400]
batch = 0 (Δ=0.181s, 100.00%)
Train Loss: output=0.1744, reconstruction=0.1271
Epoch [82/400]
batch = 0 (Δ=0.182s, 100.00%)
Train Loss: output=0.1745, reconstruction=0.1261
Epoch [83/400]
batch = 0 (Δ=0.183s, 100.00%)
Train Loss: output=0.1745, reconstruction=0.1255
Epoch [84/400]
batch = 0 (Δ=0.252s, 100.00%)
Train Loss: output=0.1745, reconstruction=0.1254
Epoch [85/400]
batch = 0 (Δ=0.361s, 100.00%)
Train Loss: output=0.1745, reconstruction=0.1251
Epoch [86/400]
batch = 0 (Δ=0.260s, 100.00%)
Train Loss: output=0.1745, reconstruction=0.1245
Epoch [87/400]
batch = 0 (Δ=0.259s, 100.00%)
Train Loss: output=0.1746, reconstruction=0.1243
Epoch [88/400]
batch = 0 (Δ=0.261s, 100.00%)
Train Loss: output=0.1747, reconstruction=0.1246
Epoch [89/400]
batch = 0 (Δ=0.264s, 100.00%)
Train Loss: output=0.1746, reconstruction=0.1248
Epoch [90/400]
batch = 0 (Δ=0.263s, 100.00%)
Train Loss: output=0.1746, reconstruction=0.1249
Epoch [91/400]
batch = 0 (Δ=0.263s, 100.00%)
Train Loss: output=0.1745, reconstruction=0.1252
Epoch [92/400]
batch = 0 (Δ=0.262s, 100.00%)
Train Loss: output=0.1745, reconstruction=0.1254
Epoch [93/400]
batch = 0 (Δ=0.262s, 100.00%)
Train Loss: output=0.1745, reconstruction=0.1255
Epoch [94/400]
batch = 0 (Δ=0.260s, 100.00%)
Train Loss: output=0.1742, reconstruction=0.1491
Epoch [95/400]
batch = 0 (Δ=0.259s, 100.00%)
Train Loss: output=0.1741, reconstruction=0.1493
Epoch [96/400]
batch = 0 (Δ=0.262s, 100.00%)
Train Loss: output=0.1740, reconstruction=0.1126
Epoch [97/400]
batch = 0 (Δ=0.259s, 100.00%)
Train Loss: output=0.1739, reconstruction=0.1365
Epoch [98/400]
batch = 0 (Δ=0.261s, 100.00%)
Train Loss: output=0.1738, reconstruction=0.1704
Epoch [99/400]
batch = 0 (Δ=0.264s, 100.00%)
Train Loss: output=0.1736, reconstruction=0.1730
Epoch [100/400]
batch = 0 (Δ=0.261s, 100.00%)
Train Loss: output=0.1734, reconstruction=0.1472
Epoch [101/400]
batch = 0 (Δ=0.262s, 100.00%)
Train Loss: output=0.1735, reconstruction=0.1967
Epoch [102/400]
batch = 0 (Δ=0.259s, 100.00%)
Train Loss: output=0.1735, reconstruction=0.1998
Epoch [103/400]
batch = 0 (Δ=0.261s, 100.00%)
Train Loss: output=0.1732, reconstruction=0.2077
Epoch [104/400]
batch = 0 (Δ=0.260s, 100.00%)
Train Loss: output=0.1732, reconstruction=0.2087
Epoch [105/400]
batch = 0 (Δ=0.263s, 100.00%)
Train Loss: output=0.1732, reconstruction=0.2176
Epoch [106/400]
batch = 0 (Δ=0.264s, 100.00%)
Train Loss: output=0.1732, reconstruction=0.2120
Epoch [107/400]
batch = 0 (Δ=0.259s, 100.00%)
Train Loss: output=0.1731, reconstruction=0.2083
Epoch [108/400]
batch = 0 (Δ=0.264s, 100.00%)
Train Loss: output=0.1731, reconstruction=0.2164
Epoch [109/400]
batch = 0 (Δ=0.365s, 100.00%)
Train Loss: output=0.1730, reconstruction=0.2033
Epoch [110/400]
batch = 0 (Δ=0.259s, 100.00%)
Train Loss: output=0.1730, reconstruction=0.1842
Epoch [111/400]
batch = 0 (Δ=0.263s, 100.00%)
Train Loss: output=0.1730, reconstruction=0.2170
Epoch [112/400]
batch = 0 (Δ=0.262s, 100.00%)
Train Loss: output=0.1730, reconstruction=0.2166
Epoch [113/400]
batch = 0 (Δ=0.262s, 100.00%)
Train Loss: output=0.1730, reconstruction=0.2083
Epoch [114/400]
batch = 0 (Δ=0.263s, 100.00%)
Train Loss: output=0.1730, reconstruction=0.2083
Epoch [115/400]
batch = 0 (Δ=0.257s, 100.00%)
Train Loss: output=0.1729, reconstruction=0.2076
Epoch [116/400]
batch = 0 (Δ=0.258s, 100.00%)
Train Loss: output=0.1729, reconstruction=0.2168
Epoch [117/400]
batch = 0 (Δ=0.260s, 100.00%)
Train Loss: output=0.1728, reconstruction=0.1855
Epoch [118/400]
batch = 0 (Δ=0.259s, 100.00%)
Train Loss: output=0.1728, reconstruction=0.2087
Epoch [119/400]
batch = 0 (Δ=0.259s, 100.00%)
Train Loss: output=0.1727, reconstruction=0.2119
Epoch [120/400]
batch = 0 (Δ=0.256s, 100.00%)
Train Loss: output=0.1726, reconstruction=0.2115
Epoch [121/400]
batch = 0 (Δ=0.259s, 100.00%)
Train Loss: output=0.1725, reconstruction=0.2065
Epoch [122/400]
batch = 0 (Δ=0.257s, 100.00%)
Train Loss: output=0.1724, reconstruction=0.2119
Epoch [123/400]
batch = 0 (Δ=0.261s, 100.00%)
Train Loss: output=0.1724, reconstruction=0.1842
Epoch [124/400]
batch = 0 (Δ=0.262s, 100.00%)
Train Loss: output=0.1724, reconstruction=0.2123
Epoch [125/400]
batch = 0 (Δ=0.258s, 100.00%)
Train Loss: output=0.1723, reconstruction=0.2076
Epoch [126/400]
batch = 0 (Δ=0.266s, 100.00%)
Train Loss: output=0.1722, reconstruction=0.2150
Epoch [127/400]
batch = 0 (Δ=0.259s, 100.00%)
Train Loss: output=0.1720, reconstruction=0.2124
Epoch [128/400]
batch = 0 (Δ=0.268s, 100.00%)
Train Loss: output=0.1719, reconstruction=0.2127
Epoch [129/400]
batch = 0 (Δ=0.261s, 100.00%)
Train Loss: output=0.1717, reconstruction=0.2154
Epoch [130/400]
batch = 0 (Δ=0.263s, 100.00%)
Train Loss: output=0.1715, reconstruction=0.2144
Epoch [131/400]
batch = 0 (Δ=0.267s, 100.00%)
Train Loss: output=0.1713, reconstruction=0.2142
Epoch [132/400]
batch = 0 (Δ=0.263s, 100.00%)
Train Loss: output=0.1712, reconstruction=0.2128
Epoch [133/400]
batch = 0 (Δ=0.356s, 100.00%)
Train Loss: output=0.1710, reconstruction=0.2132
Epoch [134/400]
batch = 0 (Δ=0.261s, 100.00%)
Train Loss: output=0.1708, reconstruction=0.2117
Epoch [135/400]
batch = 0 (Δ=0.260s, 100.00%)
Train Loss: output=0.1706, reconstruction=0.2128
Epoch [136/400]
batch = 0 (Δ=0.261s, 100.00%)
Train Loss: output=0.1702, reconstruction=0.2097
Epoch [137/400]
batch = 0 (Δ=0.265s, 100.00%)
Train Loss: output=0.1698, reconstruction=0.2125
Epoch [138/400]
batch = 0 (Δ=0.262s, 100.00%)
Train Loss: output=0.1696, reconstruction=0.2102
Epoch [139/400]
batch = 0 (Δ=0.262s, 100.00%)
Train Loss: output=0.1693, reconstruction=0.2142
Epoch [140/400]
batch = 0 (Δ=0.260s, 100.00%)
Train Loss: output=0.1690, reconstruction=0.2151
Epoch [141/400]
batch = 0 (Δ=0.255s, 100.00%)
Train Loss: output=0.1688, reconstruction=0.2137
Epoch [142/400]
batch = 0 (Δ=0.261s, 100.00%)
Train Loss: output=0.1686, reconstruction=0.2110
Epoch [143/400]
batch = 0 (Δ=0.263s, 100.00%)
Train Loss: output=0.1681, reconstruction=0.2136
Epoch [144/400]
batch = 0 (Δ=0.262s, 100.00%)
Train Loss: output=0.1677, reconstruction=0.2146
Epoch [145/400]
batch = 0 (Δ=0.261s, 100.00%)
Train Loss: output=0.1674, reconstruction=0.2106
Epoch [146/400]
batch = 0 (Δ=0.262s, 100.00%)
Train Loss: output=0.1670, reconstruction=0.2048
Epoch [147/400]
batch = 0 (Δ=0.265s, 100.00%)
Train Loss: output=0.1666, reconstruction=0.1864
Epoch [148/400]
batch = 0 (Δ=0.265s, 100.00%)
Train Loss: output=0.1665, reconstruction=0.2253
Epoch [149/400]
batch = 0 (Δ=0.263s, 100.00%)
Train Loss: output=0.1663, reconstruction=0.2416
Epoch [150/400]
batch = 0 (Δ=0.262s, 100.00%)
Train Loss: output=0.1661, reconstruction=0.1321
Epoch [151/400]
batch = 0 (Δ=0.256s, 100.00%)
Train Loss: output=0.1656, reconstruction=0.1351
Epoch [152/400]
batch = 0 (Δ=0.262s, 100.00%)
Train Loss: output=0.1656, reconstruction=0.1355
Epoch [153/400]
batch = 0 (Δ=0.264s, 100.00%)
Train Loss: output=0.1652, reconstruction=0.1350
Epoch [154/400]
batch = 0 (Δ=0.261s, 100.00%)
Train Loss: output=0.1652, reconstruction=0.1358
Epoch [155/400]
batch = 0 (Δ=0.263s, 100.00%)
Train Loss: output=0.1641, reconstruction=0.1373
Epoch [156/400]
batch = 0 (Δ=0.367s, 100.00%)
Train Loss: output=0.1645, reconstruction=0.1617
Epoch [157/400]
batch = 0 (Δ=0.268s, 100.00%)
Train Loss: output=0.1640, reconstruction=0.1369
Epoch [158/400]
batch = 0 (Δ=0.260s, 100.00%)
Train Loss: output=0.1655, reconstruction=0.1357
Epoch [159/400]
batch = 0 (Δ=0.261s, 100.00%)
Train Loss: output=0.1653, reconstruction=0.1368
Epoch [160/400]
batch = 0 (Δ=0.259s, 100.00%)
Train Loss: output=0.1654, reconstruction=0.1406
Epoch [161/400]
batch = 0 (Δ=0.262s, 100.00%)
Train Loss: output=0.1653, reconstruction=0.1424
Epoch [162/400]
batch = 0 (Δ=0.261s, 100.00%)
Train Loss: output=0.1640, reconstruction=0.1407
Epoch [163/400]
batch = 0 (Δ=0.258s, 100.00%)
Train Loss: output=0.1659, reconstruction=0.1391
Epoch [164/400]
batch = 0 (Δ=0.262s, 100.00%)
Train Loss: output=0.1652, reconstruction=0.1395
Epoch [165/400]
batch = 0 (Δ=0.263s, 100.00%)
Train Loss: output=0.1756, reconstruction=0.1557
Epoch [166/400]
batch = 0 (Δ=0.266s, 100.00%)
Train Loss: output=0.1758, reconstruction=0.1348
Epoch [167/400]
batch = 0 (Δ=0.257s, 100.00%)
Train Loss: output=0.1746, reconstruction=0.1310
Epoch [168/400]
batch = 0 (Δ=0.265s, 100.00%)
Train Loss: output=0.1767, reconstruction=0.1289
Epoch [169/400]
batch = 0 (Δ=0.262s, 100.00%)
Train Loss: output=0.1751, reconstruction=0.1307
Epoch [170/400]
batch = 0 (Δ=0.261s, 100.00%)
Train Loss: output=0.1789, reconstruction=0.1328
Epoch [171/400]
batch = 0 (Δ=0.267s, 100.00%)
Train Loss: output=0.1778, reconstruction=0.1325
Epoch [172/400]
batch = 0 (Δ=0.264s, 100.00%)
Train Loss: output=0.1778, reconstruction=0.1290
Epoch [173/400]
batch = 0 (Δ=0.265s, 100.00%)
Train Loss: output=0.1811, reconstruction=0.1219
Epoch [174/400]
batch = 0 (Δ=0.265s, 100.00%)
Train Loss: output=0.1770, reconstruction=0.1577
Epoch [175/400]
batch = 0 (Δ=0.262s, 100.00%)
Train Loss: output=0.1803, reconstruction=0.1250
Epoch [176/400]
batch = 0 (Δ=0.256s, 100.00%)
Train Loss: output=0.1813, reconstruction=0.1293
Epoch [177/400]
batch = 0 (Δ=0.256s, 100.00%)
Train Loss: output=0.1767, reconstruction=0.1235
Epoch [178/400]
batch = 0 (Δ=0.374s, 100.00%)
Train Loss: output=0.1825, reconstruction=0.1175
Epoch [179/400]
batch = 0 (Δ=0.264s, 100.00%)
Train Loss: output=0.1817, reconstruction=0.1161
Epoch [180/400]
batch = 0 (Δ=0.261s, 100.00%)
Train Loss: output=0.1773, reconstruction=0.1186
Epoch [181/400]
batch = 0 (Δ=0.260s, 100.00%)
Train Loss: output=0.1835, reconstruction=0.1261
Epoch [182/400]
batch = 0 (Δ=0.263s, 100.00%)
Train Loss: output=0.1814, reconstruction=0.1280
Epoch [183/400]
batch = 0 (Δ=0.263s, 100.00%)
Train Loss: output=0.1763, reconstruction=0.1240
Epoch [184/400]
batch = 0 (Δ=0.262s, 100.00%)
Train Loss: output=0.1822, reconstruction=0.1288
Epoch [185/400]
batch = 0 (Δ=0.264s, 100.00%)
Train Loss: output=0.1818, reconstruction=0.1198
Epoch [186/400]
batch = 0 (Δ=0.262s, 100.00%)
Train Loss: output=0.1770, reconstruction=0.1205
Epoch [187/400]
batch = 0 (Δ=0.256s, 100.00%)
Train Loss: output=0.1815, reconstruction=0.1230
Epoch [188/400]
batch = 0 (Δ=0.252s, 100.00%)
Train Loss: output=0.1838, reconstruction=0.1247
Epoch [189/400]
batch = 0 (Δ=0.260s, 100.00%)
Train Loss: output=0.1776, reconstruction=0.1232
Epoch [190/400]
batch = 0 (Δ=0.264s, 100.00%)
Train Loss: output=0.1784, reconstruction=0.1178
Epoch [191/400]
batch = 0 (Δ=0.257s, 100.00%)
Train Loss: output=0.1829, reconstruction=0.1153
Epoch [192/400]
batch = 0 (Δ=0.249s, 100.00%)
Train Loss: output=0.1795, reconstruction=0.1192
Epoch [193/400]
batch = 0 (Δ=0.246s, 100.00%)
Train Loss: output=0.1773, reconstruction=0.1210
Epoch [194/400]
batch = 0 (Δ=0.245s, 100.00%)
Train Loss: output=0.1820, reconstruction=0.1232
Epoch [195/400]
batch = 0 (Δ=0.248s, 100.00%)
Train Loss: output=0.1820, reconstruction=0.1246
Epoch [196/400]
batch = 0 (Δ=0.255s, 100.00%)
Train Loss: output=0.1769, reconstruction=0.1231
Epoch [197/400]
batch = 0 (Δ=0.253s, 100.00%)
Train Loss: output=0.1782, reconstruction=0.1219
Epoch [198/400]
batch = 0 (Δ=0.252s, 100.00%)
Train Loss: output=0.1816, reconstruction=0.1210
Epoch [199/400]
batch = 0 (Δ=0.255s, 100.00%)
Train Loss: output=0.1792, reconstruction=0.1211
Epoch [200/400]
batch = 0 (Δ=0.243s, 100.00%)
Train Loss: output=0.1771, reconstruction=0.1218
Epoch [201/400]
batch = 0 (Δ=0.242s, 100.00%)
Train Loss: output=0.1802, reconstruction=0.1242
Epoch [202/400]
batch = 0 (Δ=0.320s, 100.00%)
Train Loss: output=0.1807, reconstruction=0.1252
Epoch [203/400]
batch = 0 (Δ=0.247s, 100.00%)
Train Loss: output=0.1769, reconstruction=0.1252
Epoch [204/400]
batch = 0 (Δ=0.252s, 100.00%)
Train Loss: output=0.1767, reconstruction=0.1221
Epoch [205/400]
batch = 0 (Δ=0.249s, 100.00%)
Train Loss: output=0.1793, reconstruction=0.1229
Epoch [206/400]
batch = 0 (Δ=0.258s, 100.00%)
Train Loss: output=0.1787, reconstruction=0.1225
Epoch [207/400]
batch = 0 (Δ=0.251s, 100.00%)
Train Loss: output=0.1769, reconstruction=0.1237
Epoch [208/400]
batch = 0 (Δ=0.255s, 100.00%)
Train Loss: output=0.1783, reconstruction=0.1255
Epoch [209/400]
batch = 0 (Δ=0.249s, 100.00%)
Train Loss: output=0.1793, reconstruction=0.1261
Epoch [210/400]
batch = 0 (Δ=0.249s, 100.00%)
Train Loss: output=0.1770, reconstruction=0.1272
Epoch [211/400]
batch = 0 (Δ=0.257s, 100.00%)
Train Loss: output=0.1760, reconstruction=0.1247
Epoch [212/400]
batch = 0 (Δ=0.252s, 100.00%)
Train Loss: output=0.1776, reconstruction=0.1245
Epoch [213/400]
batch = 0 (Δ=0.246s, 100.00%)
Train Loss: output=0.1781, reconstruction=0.1224
Epoch [214/400]
batch = 0 (Δ=0.249s, 100.00%)
Train Loss: output=0.1768, reconstruction=0.1245
Epoch [215/400]
batch = 0 (Δ=0.254s, 100.00%)
Train Loss: output=0.1769, reconstruction=0.1563
Epoch [216/400]
batch = 0 (Δ=0.247s, 100.00%)
Train Loss: output=0.1779, reconstruction=0.1277
Epoch [217/400]
batch = 0 (Δ=0.233s, 100.00%)
Train Loss: output=0.1769, reconstruction=0.1280
Epoch [218/400]
batch = 0 (Δ=0.248s, 100.00%)
Train Loss: output=0.1757, reconstruction=0.1511
Epoch [219/400]
batch = 0 (Δ=0.256s, 100.00%)
Train Loss: output=0.1767, reconstruction=0.1252
Epoch [220/400]
batch = 0 (Δ=0.248s, 100.00%)
Train Loss: output=0.1777, reconstruction=0.1243
Epoch [221/400]
batch = 0 (Δ=0.253s, 100.00%)
Train Loss: output=0.1771, reconstruction=0.1246
Epoch [222/400]
batch = 0 (Δ=0.248s, 100.00%)
Train Loss: output=0.1766, reconstruction=0.1261
Epoch [223/400]
batch = 0 (Δ=0.256s, 100.00%)
Train Loss: output=0.1768, reconstruction=0.1279
Epoch [224/400]
batch = 0 (Δ=0.251s, 100.00%)
Train Loss: output=0.1764, reconstruction=0.1280
Epoch [225/400]
batch = 0 (Δ=0.342s, 100.00%)
Train Loss: output=0.1757, reconstruction=0.1281
Epoch [226/400]
batch = 0 (Δ=0.258s, 100.00%)
Train Loss: output=0.1758, reconstruction=0.1272
Epoch [227/400]
batch = 0 (Δ=0.266s, 100.00%)
Train Loss: output=0.1768, reconstruction=0.1504
Epoch [228/400]
batch = 0 (Δ=0.260s, 100.00%)
Train Loss: output=0.1767, reconstruction=0.1262
Epoch [229/400]
batch = 0 (Δ=0.261s, 100.00%)
Train Loss: output=0.1760, reconstruction=0.1274
Epoch [230/400]
batch = 0 (Δ=0.260s, 100.00%)
Train Loss: output=0.1757, reconstruction=0.1583
Epoch [231/400]
batch = 0 (Δ=0.263s, 100.00%)
Train Loss: output=0.1760, reconstruction=0.1534
Epoch [232/400]
batch = 0 (Δ=0.259s, 100.00%)
Train Loss: output=0.1756, reconstruction=0.1285
Epoch [233/400]
batch = 0 (Δ=0.267s, 100.00%)
Train Loss: output=0.1755, reconstruction=0.1481
Epoch [234/400]
batch = 0 (Δ=0.260s, 100.00%)
Train Loss: output=0.1763, reconstruction=0.1251
Epoch [235/400]
batch = 0 (Δ=0.267s, 100.00%)
Train Loss: output=0.1764, reconstruction=0.1246
Epoch [236/400]
batch = 0 (Δ=0.262s, 100.00%)
Train Loss: output=0.1758, reconstruction=0.1271
Epoch [237/400]
batch = 0 (Δ=0.259s, 100.00%)
Train Loss: output=0.1754, reconstruction=0.1286
Epoch [238/400]
batch = 0 (Δ=0.268s, 100.00%)
Train Loss: output=0.1756, reconstruction=0.1288
Epoch [239/400]
batch = 0 (Δ=0.260s, 100.00%)
Train Loss: output=0.1755, reconstruction=0.1290
Epoch [240/400]
batch = 0 (Δ=0.265s, 100.00%)
Train Loss: output=0.1753, reconstruction=0.1275
Epoch [241/400]
batch = 0 (Δ=0.262s, 100.00%)
Train Loss: output=0.1758, reconstruction=0.1270
Epoch [242/400]
batch = 0 (Δ=0.262s, 100.00%)
Train Loss: output=0.1759, reconstruction=0.1264
Epoch [243/400]
batch = 0 (Δ=0.257s, 100.00%)
Train Loss: output=0.1755, reconstruction=0.1274
Epoch [244/400]
batch = 0 (Δ=0.248s, 100.00%)
Train Loss: output=0.1752, reconstruction=0.1283
Epoch [245/400]
batch = 0 (Δ=0.263s, 100.00%)
Train Loss: output=0.1754, reconstruction=0.1286
Epoch [246/400]
batch = 0 (Δ=0.264s, 100.00%)
Train Loss: output=0.1753, reconstruction=0.1284
Epoch [247/400]
batch = 0 (Δ=0.262s, 100.00%)
Train Loss: output=0.1752, reconstruction=0.1277
Epoch [248/400]
batch = 0 (Δ=0.355s, 100.00%)
Train Loss: output=0.1753, reconstruction=0.1271
Epoch [249/400]
batch = 0 (Δ=0.260s, 100.00%)
Train Loss: output=0.1754, reconstruction=0.1269
Epoch [250/400]
batch = 0 (Δ=0.265s, 100.00%)
Train Loss: output=0.1753, reconstruction=0.1293
Epoch [251/400]
batch = 0 (Δ=0.267s, 100.00%)
Train Loss: output=0.1751, reconstruction=0.1280
Epoch [252/400]
batch = 0 (Δ=0.262s, 100.00%)
Train Loss: output=0.1752, reconstruction=0.1299
Epoch [253/400]
batch = 0 (Δ=0.266s, 100.00%)
Train Loss: output=0.1751, reconstruction=0.1276
Epoch [254/400]
batch = 0 (Δ=0.263s, 100.00%)
Train Loss: output=0.1750, reconstruction=0.1272
Epoch [255/400]
batch = 0 (Δ=0.260s, 100.00%)
Train Loss: output=0.1751, reconstruction=0.1294
Epoch [256/400]
batch = 0 (Δ=0.260s, 100.00%)
Train Loss: output=0.1752, reconstruction=0.1273
Epoch [257/400]
batch = 0 (Δ=0.259s, 100.00%)
Train Loss: output=0.1750, reconstruction=0.1275
Epoch [258/400]
batch = 0 (Δ=0.259s, 100.00%)
Train Loss: output=0.1749, reconstruction=0.1282
Epoch [259/400]
batch = 0 (Δ=0.259s, 100.00%)
Train Loss: output=0.1750, reconstruction=0.1285
Epoch [260/400]
batch = 0 (Δ=0.268s, 100.00%)
Train Loss: output=0.1750, reconstruction=0.1284
Epoch [261/400]
batch = 0 (Δ=0.258s, 100.00%)
Train Loss: output=0.1749, reconstruction=0.1280
Epoch [262/400]
batch = 0 (Δ=0.262s, 100.00%)
Train Loss: output=0.1749, reconstruction=0.1267
Epoch [263/400]
batch = 0 (Δ=0.238s, 100.00%)
Train Loss: output=0.1750, reconstruction=0.1274
Epoch [264/400]
batch = 0 (Δ=0.257s, 100.00%)
Train Loss: output=0.1748, reconstruction=0.1277
Epoch [265/400]
batch = 0 (Δ=0.254s, 100.00%)
Train Loss: output=0.1748, reconstruction=0.1279
Epoch [266/400]
batch = 0 (Δ=0.258s, 100.00%)
Train Loss: output=0.1748, reconstruction=0.1299
Epoch [267/400]
batch = 0 (Δ=0.249s, 100.00%)
Train Loss: output=0.1748, reconstruction=0.1279
Epoch [268/400]
batch = 0 (Δ=0.260s, 100.00%)
Train Loss: output=0.1747, reconstruction=0.1268
Epoch [269/400]
batch = 0 (Δ=0.268s, 100.00%)
Train Loss: output=0.1747, reconstruction=0.1296
Epoch [270/400]
batch = 0 (Δ=0.259s, 100.00%)
Train Loss: output=0.1749, reconstruction=0.1298
Epoch [271/400]
batch = 0 (Δ=0.377s, 100.00%)
Train Loss: output=0.1747, reconstruction=0.1299
Epoch [272/400]
batch = 0 (Δ=0.259s, 100.00%)
Train Loss: output=0.1747, reconstruction=0.1301
Epoch [273/400]
batch = 0 (Δ=0.260s, 100.00%)
Train Loss: output=0.1747, reconstruction=0.1303
Epoch [274/400]
batch = 0 (Δ=0.258s, 100.00%)
Train Loss: output=0.1747, reconstruction=0.1302
Epoch [275/400]
batch = 0 (Δ=0.261s, 100.00%)
Train Loss: output=0.1746, reconstruction=0.1301
Epoch [276/400]
batch = 0 (Δ=0.259s, 100.00%)
Train Loss: output=0.1748, reconstruction=0.1280
Epoch [277/400]
batch = 0 (Δ=0.264s, 100.00%)
Train Loss: output=0.1747, reconstruction=0.1455
Epoch [278/400]
batch = 0 (Δ=0.260s, 100.00%)
Train Loss: output=0.1746, reconstruction=0.1691
Epoch [279/400]
batch = 0 (Δ=0.259s, 100.00%)
Train Loss: output=0.1746, reconstruction=0.1304
Epoch [280/400]
batch = 0 (Δ=0.267s, 100.00%)
Train Loss: output=0.1746, reconstruction=0.1303
Epoch [281/400]
batch = 0 (Δ=0.260s, 100.00%)
Train Loss: output=0.1746, reconstruction=0.1670
Epoch [282/400]
batch = 0 (Δ=0.259s, 100.00%)
Train Loss: output=0.1746, reconstruction=0.1454
Epoch [283/400]
batch = 0 (Δ=0.261s, 100.00%)
Train Loss: output=0.1745, reconstruction=0.1280
Epoch [284/400]
batch = 0 (Δ=0.259s, 100.00%)
Train Loss: output=0.1745, reconstruction=0.1300
Epoch [285/400]
batch = 0 (Δ=0.257s, 100.00%)
Train Loss: output=0.1755, reconstruction=0.1298
Epoch [286/400]
batch = 0 (Δ=0.268s, 100.00%)
Train Loss: output=0.1762, reconstruction=0.1806
Epoch [287/400]
batch = 0 (Δ=0.267s, 100.00%)
Train Loss: output=0.1763, reconstruction=0.1288
Epoch [288/400]
batch = 0 (Δ=0.262s, 100.00%)
Train Loss: output=0.1764, reconstruction=0.1284
Epoch [289/400]
batch = 0 (Δ=0.259s, 100.00%)
Train Loss: output=0.1764, reconstruction=0.1284
Epoch [290/400]
batch = 0 (Δ=0.267s, 100.00%)
Train Loss: output=0.1764, reconstruction=0.1288
Epoch [291/400]
batch = 0 (Δ=0.259s, 100.00%)
Train Loss: output=0.1763, reconstruction=0.1295
Epoch [292/400]
batch = 0 (Δ=0.365s, 100.00%)
Train Loss: output=0.1762, reconstruction=0.1155
Epoch [293/400]
batch = 0 (Δ=0.259s, 100.00%)
Train Loss: output=0.1761, reconstruction=0.1299
Epoch [294/400]
batch = 0 (Δ=0.261s, 100.00%)
Train Loss: output=0.1760, reconstruction=0.1322
Epoch [295/400]
batch = 0 (Δ=0.262s, 100.00%)
Train Loss: output=0.1755, reconstruction=0.1323
Epoch [296/400]
batch = 0 (Δ=0.258s, 100.00%)
Train Loss: output=0.1747, reconstruction=0.1316
Epoch [297/400]
batch = 0 (Δ=0.265s, 100.00%)
Train Loss: output=0.1746, reconstruction=0.1308
Epoch [298/400]
batch = 0 (Δ=0.257s, 100.00%)
Train Loss: output=0.1751, reconstruction=0.1155
Epoch [299/400]
batch = 0 (Δ=0.265s, 100.00%)
Train Loss: output=0.1759, reconstruction=0.1306
Epoch [300/400]
batch = 0 (Δ=0.264s, 100.00%)
Train Loss: output=0.1759, reconstruction=0.1298
Epoch [301/400]
batch = 0 (Δ=0.257s, 100.00%)
Train Loss: output=0.1759, reconstruction=0.1292
Epoch [302/400]
batch = 0 (Δ=0.258s, 100.00%)
Train Loss: output=0.1759, reconstruction=0.1372
Epoch [303/400]
batch = 0 (Δ=0.264s, 100.00%)
Train Loss: output=0.1759, reconstruction=0.1285
Epoch [304/400]
batch = 0 (Δ=0.261s, 100.00%)
Train Loss: output=0.1759, reconstruction=0.1283
Epoch [305/400]
batch = 0 (Δ=0.259s, 100.00%)
Train Loss: output=0.1759, reconstruction=0.1284
Epoch [306/400]
batch = 0 (Δ=0.260s, 100.00%)
Train Loss: output=0.1759, reconstruction=0.1286
Epoch [307/400]
batch = 0 (Δ=0.259s, 100.00%)
Train Loss: output=0.1759, reconstruction=0.1290
Epoch [308/400]
batch = 0 (Δ=0.265s, 100.00%)
Train Loss: output=0.1759, reconstruction=0.1294
Epoch [309/400]
batch = 0 (Δ=0.266s, 100.00%)
Train Loss: output=0.1759, reconstruction=0.1297
Epoch [310/400]
batch = 0 (Δ=0.261s, 100.00%)
Train Loss: output=0.1753, reconstruction=0.1293
Epoch [311/400]
batch = 0 (Δ=0.261s, 100.00%)
Train Loss: output=0.1743, reconstruction=0.1285
Epoch [312/400]
batch = 0 (Δ=0.263s, 100.00%)
Train Loss: output=0.1743, reconstruction=0.1287
Epoch [313/400]
batch = 0 (Δ=0.265s, 100.00%)
Train Loss: output=0.1743, reconstruction=0.1287
Epoch [314/400]
batch = 0 (Δ=0.369s, 100.00%)
Train Loss: output=0.1742, reconstruction=0.1281
Epoch [315/400]
batch = 0 (Δ=0.269s, 100.00%)
Train Loss: output=0.1742, reconstruction=0.1301
Epoch [316/400]
batch = 0 (Δ=0.259s, 100.00%)
Train Loss: output=0.1742, reconstruction=0.1322
Epoch [317/400]
batch = 0 (Δ=0.257s, 100.00%)
Train Loss: output=0.1742, reconstruction=0.1296
Epoch [318/400]
batch = 0 (Δ=0.258s, 100.00%)
Train Loss: output=0.1741, reconstruction=0.1294
Epoch [319/400]
batch = 0 (Δ=0.266s, 100.00%)
Train Loss: output=0.1741, reconstruction=0.1294
Epoch [320/400]
batch = 0 (Δ=0.261s, 100.00%)
Train Loss: output=0.1741, reconstruction=0.1294
Epoch [321/400]
batch = 0 (Δ=0.261s, 100.00%)
Train Loss: output=0.1741, reconstruction=0.1296
Epoch [322/400]
batch = 0 (Δ=0.260s, 100.00%)
Train Loss: output=0.1741, reconstruction=0.1325
Epoch [323/400]
batch = 0 (Δ=0.263s, 100.00%)
Train Loss: output=0.1741, reconstruction=0.1347
Epoch [324/400]
batch = 0 (Δ=0.267s, 100.00%)
Train Loss: output=0.1741, reconstruction=0.1587
Epoch [325/400]
batch = 0 (Δ=0.263s, 100.00%)
Train Loss: output=0.1740, reconstruction=0.1827
Epoch [326/400]
batch = 0 (Δ=0.261s, 100.00%)
Train Loss: output=0.1740, reconstruction=0.1827
Epoch [327/400]
batch = 0 (Δ=0.268s, 100.00%)
Train Loss: output=0.1740, reconstruction=0.1828
Epoch [328/400]
batch = 0 (Δ=0.264s, 100.00%)
Train Loss: output=0.1740, reconstruction=0.1781
Epoch [329/400]
batch = 0 (Δ=0.258s, 100.00%)
Train Loss: output=0.1740, reconstruction=0.1903
Epoch [330/400]
batch = 0 (Δ=0.266s, 100.00%)
Train Loss: output=0.1740, reconstruction=0.2098
Epoch [331/400]
batch = 0 (Δ=0.262s, 100.00%)
Train Loss: output=0.1740, reconstruction=0.2255
Epoch [332/400]
batch = 0 (Δ=0.249s, 100.00%)
Train Loss: output=0.1740, reconstruction=0.2273
Epoch [333/400]
batch = 0 (Δ=0.263s, 100.00%)
Train Loss: output=0.1740, reconstruction=0.2255
Epoch [334/400]
batch = 0 (Δ=0.262s, 100.00%)
Train Loss: output=0.1740, reconstruction=0.2258
Epoch [335/400]
batch = 0 (Δ=0.249s, 100.00%)
Train Loss: output=0.1740, reconstruction=0.2250
Epoch [336/400]
batch = 0 (Δ=0.264s, 100.00%)
Train Loss: output=0.1739, reconstruction=0.1838
Epoch [337/400]
batch = 0 (Δ=0.361s, 100.00%)
Train Loss: output=0.1739, reconstruction=0.2134
Epoch [338/400]
batch = 0 (Δ=0.258s, 100.00%)
Train Loss: output=0.1739, reconstruction=0.1836
Epoch [339/400]
batch = 0 (Δ=0.261s, 100.00%)
Train Loss: output=0.1739, reconstruction=0.1981
Epoch [340/400]
batch = 0 (Δ=0.261s, 100.00%)
Train Loss: output=0.1739, reconstruction=0.2043
Epoch [341/400]
batch = 0 (Δ=0.255s, 100.00%)
Train Loss: output=0.1739, reconstruction=0.2265
Epoch [342/400]
batch = 0 (Δ=0.260s, 100.00%)
Train Loss: output=0.1739, reconstruction=0.2258
Epoch [343/400]
batch = 0 (Δ=0.260s, 100.00%)
Train Loss: output=0.1739, reconstruction=0.2269
Epoch [344/400]
batch = 0 (Δ=0.260s, 100.00%)
Train Loss: output=0.1739, reconstruction=0.2267
Epoch [345/400]
batch = 0 (Δ=0.252s, 100.00%)
Train Loss: output=0.1738, reconstruction=0.2266
Epoch [346/400]
batch = 0 (Δ=0.245s, 100.00%)
Train Loss: output=0.1738, reconstruction=0.2267
Epoch [347/400]
batch = 0 (Δ=0.254s, 100.00%)
Train Loss: output=0.1738, reconstruction=0.2270
Epoch [348/400]
batch = 0 (Δ=0.262s, 100.00%)
Train Loss: output=0.1738, reconstruction=0.2265
Epoch [349/400]
batch = 0 (Δ=0.262s, 100.00%)
Train Loss: output=0.1738, reconstruction=0.2277
Epoch [350/400]
batch = 0 (Δ=0.262s, 100.00%)
Train Loss: output=0.1738, reconstruction=0.2278
Epoch [351/400]
batch = 0 (Δ=0.261s, 100.00%)
Train Loss: output=0.1738, reconstruction=0.2279
Epoch [352/400]
batch = 0 (Δ=0.259s, 100.00%)
Train Loss: output=0.1738, reconstruction=0.2276
Epoch [353/400]
batch = 0 (Δ=0.261s, 100.00%)
Train Loss: output=0.1738, reconstruction=0.2277
Epoch [354/400]
batch = 0 (Δ=0.260s, 100.00%)
Train Loss: output=0.1738, reconstruction=0.2278
Epoch [355/400]
batch = 0 (Δ=0.267s, 100.00%)
Train Loss: output=0.1738, reconstruction=0.2283
Epoch [356/400]
batch = 0 (Δ=0.254s, 100.00%)
Train Loss: output=0.1738, reconstruction=0.2281
Epoch [357/400]
batch = 0 (Δ=0.253s, 100.00%)
Train Loss: output=0.1738, reconstruction=0.2274
Epoch [358/400]
batch = 0 (Δ=0.252s, 100.00%)
Train Loss: output=0.1738, reconstruction=0.2285
Epoch [359/400]
batch = 0 (Δ=0.245s, 100.00%)
Train Loss: output=0.1737, reconstruction=0.2355
Epoch [360/400]
batch = 0 (Δ=0.321s, 100.00%)
Train Loss: output=0.1737, reconstruction=0.1294
Epoch [361/400]
batch = 0 (Δ=0.242s, 100.00%)
Train Loss: output=0.1737, reconstruction=0.1310
Epoch [362/400]
batch = 0 (Δ=0.242s, 100.00%)
Train Loss: output=0.1737, reconstruction=0.1313
Epoch [363/400]
batch = 0 (Δ=0.243s, 100.00%)
Train Loss: output=0.1736, reconstruction=0.1317
Epoch [364/400]
batch = 0 (Δ=0.247s, 100.00%)
Train Loss: output=0.1736, reconstruction=0.1320
Epoch [365/400]
batch = 0 (Δ=0.249s, 100.00%)
Train Loss: output=0.1745, reconstruction=0.1323
Epoch [366/400]
batch = 0 (Δ=0.250s, 100.00%)
Train Loss: output=0.1750, reconstruction=0.1324
Epoch [367/400]
batch = 0 (Δ=0.252s, 100.00%)
Train Loss: output=0.1751, reconstruction=0.1325
Epoch [368/400]
batch = 0 (Δ=0.240s, 100.00%)
Train Loss: output=0.1751, reconstruction=0.1326
Epoch [369/400]
batch = 0 (Δ=0.241s, 100.00%)
Train Loss: output=0.1747, reconstruction=0.1325
Epoch [370/400]
batch = 0 (Δ=0.242s, 100.00%)
Train Loss: output=0.1739, reconstruction=0.1321
Epoch [371/400]
batch = 0 (Δ=0.246s, 100.00%)
Train Loss: output=0.1737, reconstruction=0.1314
Epoch [372/400]
batch = 0 (Δ=0.247s, 100.00%)
Train Loss: output=0.1736, reconstruction=0.1292
Epoch [373/400]
batch = 0 (Δ=0.251s, 100.00%)
Train Loss: output=0.1736, reconstruction=0.1304
Epoch [374/400]
batch = 0 (Δ=0.247s, 100.00%)
Train Loss: output=0.1736, reconstruction=0.1302
Epoch [375/400]
batch = 0 (Δ=0.254s, 100.00%)
Train Loss: output=0.1736, reconstruction=0.1300
Epoch [376/400]
batch = 0 (Δ=0.247s, 100.00%)
Train Loss: output=0.1735, reconstruction=0.1273
Epoch [377/400]
batch = 0 (Δ=0.250s, 100.00%)
Train Loss: output=0.1735, reconstruction=0.1294
Epoch [378/400]
batch = 0 (Δ=0.249s, 100.00%)
Train Loss: output=0.1735, reconstruction=0.1294
Epoch [379/400]
batch = 0 (Δ=0.250s, 100.00%)
Train Loss: output=0.1735, reconstruction=0.1299
Epoch [380/400]
batch = 0 (Δ=0.248s, 100.00%)
Train Loss: output=0.1735, reconstruction=0.1305
Epoch [381/400]
batch = 0 (Δ=0.248s, 100.00%)
Train Loss: output=0.1736, reconstruction=0.1295
Epoch [382/400]
batch = 0 (Δ=0.254s, 100.00%)
Train Loss: output=0.1736, reconstruction=0.1306
Epoch [383/400]
batch = 0 (Δ=0.245s, 100.00%)
Train Loss: output=0.1736, reconstruction=0.1303
Epoch [384/400]
batch = 0 (Δ=0.310s, 100.00%)
Train Loss: output=0.1736, reconstruction=0.1286
Epoch [385/400]
batch = 0 (Δ=0.248s, 100.00%)
Train Loss: output=0.1736, reconstruction=0.1305
Epoch [386/400]
batch = 0 (Δ=0.247s, 100.00%)
Train Loss: output=0.1737, reconstruction=0.1308
Epoch [387/400]
batch = 0 (Δ=0.251s, 100.00%)
Train Loss: output=0.1737, reconstruction=0.1307
Epoch [388/400]
batch = 0 (Δ=0.250s, 100.00%)
Train Loss: output=0.1736, reconstruction=0.1297
Epoch [389/400]
batch = 0 (Δ=0.257s, 100.00%)
Train Loss: output=0.1736, reconstruction=0.1294
Epoch [390/400]
batch = 0 (Δ=0.250s, 100.00%)
Train Loss: output=0.1735, reconstruction=0.1268
Epoch [391/400]
batch = 0 (Δ=0.257s, 100.00%)
Train Loss: output=0.1736, reconstruction=0.1323
Epoch [392/400]
batch = 0 (Δ=0.250s, 100.00%)
Train Loss: output=0.1737, reconstruction=0.1308
Epoch [393/400]
batch = 0 (Δ=0.249s, 100.00%)
Train Loss: output=0.1735, reconstruction=0.1290
Epoch [394/400]
batch = 0 (Δ=0.253s, 100.00%)
Train Loss: output=0.1736, reconstruction=0.1302
Epoch [395/400]
batch = 0 (Δ=0.264s, 100.00%)
Train Loss: output=0.1737, reconstruction=0.1298
Epoch [396/400]
batch = 0 (Δ=0.255s, 100.00%)
Train Loss: output=0.1735, reconstruction=0.1284
Epoch [397/400]
batch = 0 (Δ=0.262s, 100.00%)
Train Loss: output=0.1739, reconstruction=0.1307
Epoch [398/400]
batch = 0 (Δ=0.259s, 100.00%)
Train Loss: output=0.1738, reconstruction=0.1311
Epoch [399/400]
batch = 0 (Δ=0.267s, 100.00%)
Train Loss: output=0.1736, reconstruction=0.1308
Epoch [400/400]
batch = 0 (Δ=0.258s, 100.00%)
Train Loss: output=0.1741, reconstruction=0.1295
Final Stats:
=== Selected operation grammar ===
batch = 0 (Δ=0.256s, 100.00%)
=== Input Reconstruction (test) ===
  row[0] input='hello world' -> reconstructed='hello hello' label=0.0000 predicted=0.4848 MISMATCH
  row[1] input='hello there' -> reconstructed='' label=1.0000 predicted=0.4824 MISMATCH
  row[2] input='loving world' -> reconstructed='' label=1.0000 predicted=0.4896 MISMATCH
  row[3] input='loving there' -> reconstructed='' label=0.0000 predicted=0.4789 MISMATCH
=============================== warnings summary ===============================
test/test_explicit_dimensions.py::TestXorGrammarLearnsXor::test_xor_class_accuracy
  /private/var/folders/_y/q6ybzrpx39jd0fzf9g671z280000gn/T/basicmodel-item7-round4-work-82i12gz7/bin/Models.py:7642: RuntimeWarning: output_state_boundary [config /private/var/folders/_y/q6ybzrpx39jd0fzf9g671z280000gn/T/basicmodel-item7-round4-work-82i12gz7/data/XOR_grammar.xml]: supervised outputs with reconstruction and answerSynthesis=false use the direct head: output gradients train the whole input state; enable answerSynthesis for the concluded-idea state boundary
    warnings.warn(f"{site} [config {cfg}]: {detail}", RuntimeWarning)

test/test_explicit_dimensions.py::TestXorGrammarLearnsXor::test_xor_class_accuracy
  /Users/arogers/github/WikiOracle/basicmodel/.venv/lib/python3.12/site-packages/torch/utils/_device.py:122: UserWarning: Sparse invariant checks are implicitly disabled. Memory errors (e.g. SEGFAULT) will occur when operating on a sparse tensor which violates the invariants, but checks incur performance overhead. To silence this warning, explicitly opt in or out. See `torch.sparse.check_sparse_tensor_invariants.__doc__` for guidance.  (Triggered internally at /Users/runner/work/pytorch/pytorch/aten/src/ATen/Context.cpp:855.)
    return func(*args, **kwargs)

-- Docs: https://docs.pytest.org/en/stable/how-to/capture-warnings.html
=========================== short test summary info ============================
FAILED test/test_explicit_dimensions.py::TestXorGrammarLearnsXor::test_xor_class_accuracy
1 failed, 2 warnings in 102.54s (0:01:42)
