F                                                                        [100%]
=================================== FAILURES ===================================
_____ TestXorGrammarReconstruction.test_piecewise_overall_at_least_50_pct ______
test/test_explicit_dimensions.py:289: in test_piecewise_overall_at_least_50_pct
    self.assertGreaterEqual(
E   AssertionError: 0.0 not greater than or equal to 0.5 : XOR_grammar reconstruction: 0/4 inputs recovered (expected >=50%). Sample reconstructions: [('hello world', ' '), ('hello there', ' ')]
----------------------------- Captured stdout call -----------------------------
Starting with dynamic 2-dim embedding (words added at runtime)
  Building span table: 0/4 docs
Device: cpu
Peer pipeline: static PS/WS stage bodies compiled separately; legacy compatibility scheduler remains outside fullgraph capture


==== BasicModel ====

Trial [1/1]
Baseline test pass skipped (--test not specified). Re-invoke train.py with --test to include baseline + post-epoch evaluation.
Epoch [1/400]
[AMP] off (fp32, MODEL_AMP unset or =off)
batch = 0 (warm-up, 100.00%)
Train Loss: output=0.1750, reconstruction=0.6400
Epoch [2/400]
batch = 0 (Δ=0.220s, 100.00%)
Train Loss: output=0.1885, reconstruction=0.3999
Epoch [3/400]
batch = 0 (Δ=0.156s, 100.00%)
Train Loss: output=0.1757, reconstruction=0.3987
Epoch [4/400]
batch = 0 (Δ=0.153s, 100.00%)
Train Loss: output=0.1775, reconstruction=0.3705
Epoch [5/400]
batch = 0 (Δ=0.151s, 100.00%)
Train Loss: output=0.1823, reconstruction=0.3754
Epoch [6/400]
batch = 0 (Δ=0.217s, 100.00%)
Train Loss: output=0.1801, reconstruction=0.3440
Epoch [7/400]
batch = 0 (Δ=0.217s, 100.00%)
Train Loss: output=0.1757, reconstruction=0.3294
Epoch [8/400]
batch = 0 (Δ=0.207s, 100.00%)
Train Loss: output=0.1740, reconstruction=0.3153
Epoch [9/400]
batch = 0 (Δ=0.217s, 100.00%)
Train Loss: output=0.1759, reconstruction=0.3025
Epoch [10/400]
batch = 0 (Δ=0.215s, 100.00%)
Train Loss: output=0.1778, reconstruction=0.2918
Epoch [11/400]
batch = 0 (Δ=0.216s, 100.00%)
Train Loss: output=0.1771, reconstruction=0.2834
Epoch [12/400]
batch = 0 (Δ=0.214s, 100.00%)
Train Loss: output=0.1749, reconstruction=0.2768
Epoch [13/400]
batch = 0 (Δ=0.152s, 100.00%)
Train Loss: output=0.1732, reconstruction=0.2666
Epoch [14/400]
batch = 0 (Δ=0.150s, 100.00%)
Train Loss: output=0.1734, reconstruction=0.2930
Epoch [15/400]
batch = 0 (Δ=0.155s, 100.00%)
Train Loss: output=0.1746, reconstruction=0.2951
Epoch [16/400]
batch = 0 (Δ=0.151s, 100.00%)
Train Loss: output=0.1750, reconstruction=0.3012
Epoch [17/400]
batch = 0 (Δ=0.156s, 100.00%)
Train Loss: output=0.1743, reconstruction=0.3074
Epoch [18/400]
batch = 0 (Δ=0.152s, 100.00%)
Train Loss: output=0.1739, reconstruction=0.3220
Epoch [19/400]
batch = 0 (Δ=0.153s, 100.00%)
Train Loss: output=0.1745, reconstruction=0.2784
Epoch [20/400]
batch = 0 (Δ=0.157s, 100.00%)
Train Loss: output=0.1759, reconstruction=0.3496
Epoch [21/400]
batch = 0 (Δ=0.152s, 100.00%)
Train Loss: output=0.1765, reconstruction=0.2868
Epoch [22/400]
batch = 0 (Δ=0.151s, 100.00%)
Train Loss: output=0.1761, reconstruction=0.3559
Epoch [23/400]
batch = 0 (Δ=0.151s, 100.00%)
Train Loss: output=0.1753, reconstruction=0.2912
Epoch [24/400]
batch = 0 (Δ=0.154s, 100.00%)
Train Loss: output=0.1750, reconstruction=0.2923
Epoch [25/400]
batch = 0 (Δ=0.152s, 100.00%)
Train Loss: output=0.1755, reconstruction=0.2922
Epoch [26/400]
batch = 0 (Δ=0.177s, 100.00%)
Train Loss: output=0.1759, reconstruction=0.2917
Epoch [27/400]
batch = 0 (Δ=0.210s, 100.00%)
Train Loss: output=0.1757, reconstruction=0.3173
Epoch [28/400]
batch = 0 (Δ=0.213s, 100.00%)
Train Loss: output=0.1751, reconstruction=0.2945
Epoch [29/400]
batch = 0 (Δ=0.206s, 100.00%)
Train Loss: output=0.1751, reconstruction=0.2940
Epoch [30/400]
batch = 0 (Δ=0.218s, 100.00%)
Train Loss: output=0.1755, reconstruction=0.2941
Epoch [31/400]
batch = 0 (Δ=0.216s, 100.00%)
Train Loss: output=0.1757, reconstruction=0.2934
Epoch [32/400]
batch = 0 (Δ=0.283s, 100.00%)
Train Loss: output=0.1754, reconstruction=0.2921
Epoch [33/400]
batch = 0 (Δ=0.153s, 100.00%)
Train Loss: output=0.1751, reconstruction=0.3172
Epoch [34/400]
batch = 0 (Δ=0.152s, 100.00%)
Train Loss: output=0.1751, reconstruction=0.2861
Epoch [35/400]
batch = 0 (Δ=0.154s, 100.00%)
Train Loss: output=0.1754, reconstruction=0.2863
Epoch [36/400]
batch = 0 (Δ=0.153s, 100.00%)
Train Loss: output=0.1754, reconstruction=0.3382
Epoch [37/400]
batch = 0 (Δ=0.151s, 100.00%)
Train Loss: output=0.1751, reconstruction=0.2886
Epoch [38/400]
batch = 0 (Δ=0.156s, 100.00%)
Train Loss: output=0.1750, reconstruction=0.3757
Epoch [39/400]
batch = 0 (Δ=0.160s, 100.00%)
Train Loss: output=0.1752, reconstruction=0.3315
Epoch [40/400]
batch = 0 (Δ=0.168s, 100.00%)
Train Loss: output=0.1753, reconstruction=0.2961
Epoch [41/400]
batch = 0 (Δ=0.169s, 100.00%)
Train Loss: output=0.1751, reconstruction=0.2969
Epoch [42/400]
batch = 0 (Δ=0.155s, 100.00%)
Train Loss: output=0.1750, reconstruction=0.2964
Epoch [43/400]
batch = 0 (Δ=0.151s, 100.00%)
Train Loss: output=0.1751, reconstruction=0.2964
Epoch [44/400]
batch = 0 (Δ=0.151s, 100.00%)
Train Loss: output=0.1751, reconstruction=0.3624
Epoch [45/400]
batch = 0 (Δ=0.165s, 100.00%)
Train Loss: output=0.1751, reconstruction=0.2969
Epoch [46/400]
batch = 0 (Δ=0.153s, 100.00%)
Train Loss: output=0.1749, reconstruction=0.2978
Epoch [47/400]
batch = 0 (Δ=0.151s, 100.00%)
Train Loss: output=0.1750, reconstruction=0.2986
Epoch [48/400]
batch = 0 (Δ=0.156s, 100.00%)
Train Loss: output=0.1751, reconstruction=0.2990
Epoch [49/400]
batch = 0 (Δ=0.152s, 100.00%)
Train Loss: output=0.1750, reconstruction=0.3651
Epoch [50/400]
batch = 0 (Δ=0.149s, 100.00%)
Train Loss: output=0.1749, reconstruction=0.2982
Epoch [51/400]
batch = 0 (Δ=0.150s, 100.00%)
Train Loss: output=0.1750, reconstruction=0.2972
Epoch [52/400]
batch = 0 (Δ=0.155s, 100.00%)
Train Loss: output=0.1750, reconstruction=0.2966
Epoch [53/400]
batch = 0 (Δ=0.190s, 100.00%)
Train Loss: output=0.1750, reconstruction=0.3607
Epoch [54/400]
batch = 0 (Δ=0.216s, 100.00%)
Train Loss: output=0.1749, reconstruction=0.3010
Epoch [55/400]
batch = 0 (Δ=0.214s, 100.00%)
Train Loss: output=0.1749, reconstruction=0.3010
Epoch [56/400]
batch = 0 (Δ=0.216s, 100.00%)
Train Loss: output=0.1750, reconstruction=0.3017
Epoch [57/400]
batch = 0 (Δ=0.216s, 100.00%)
Train Loss: output=0.1750, reconstruction=0.3033
Epoch [58/400]
batch = 0 (Δ=0.235s, 100.00%)
Train Loss: output=0.1750, reconstruction=0.3047
Epoch [59/400]
batch = 0 (Δ=0.217s, 100.00%)
Train Loss: output=0.1750, reconstruction=0.3050
Epoch [60/400]
batch = 0 (Δ=0.217s, 100.00%)
Train Loss: output=0.1750, reconstruction=0.3054
Epoch [61/400]
batch = 0 (Δ=0.216s, 100.00%)
Train Loss: output=0.1750, reconstruction=0.3072
Epoch [62/400]
batch = 0 (Δ=0.179s, 100.00%)
Train Loss: output=0.1750, reconstruction=0.3754
Epoch [63/400]
batch = 0 (Δ=0.211s, 100.00%)
Train Loss: output=0.1750, reconstruction=0.3116
Epoch [64/400]
batch = 0 (Δ=0.217s, 100.00%)
Train Loss: output=0.1750, reconstruction=0.3175
Epoch [65/400]
batch = 0 (Δ=0.218s, 100.00%)
Train Loss: output=0.1750, reconstruction=0.3186
Epoch [66/400]
batch = 0 (Δ=0.219s, 100.00%)
Train Loss: output=0.1750, reconstruction=0.2604
Epoch [67/400]
batch = 0 (Δ=0.217s, 100.00%)
Train Loss: output=0.1750, reconstruction=0.2553
Epoch [68/400]
batch = 0 (Δ=0.288s, 100.00%)
Train Loss: output=0.1750, reconstruction=0.3084
Epoch [69/400]
batch = 0 (Δ=0.216s, 100.00%)
Train Loss: output=0.1750, reconstruction=0.2765
Epoch [70/400]
batch = 0 (Δ=0.215s, 100.00%)
Train Loss: output=0.1750, reconstruction=0.2973
Epoch [71/400]
batch = 0 (Δ=0.216s, 100.00%)
Train Loss: output=0.1750, reconstruction=0.2270
Epoch [72/400]
batch = 0 (Δ=0.214s, 100.00%)
Train Loss: output=0.1750, reconstruction=0.2894
Epoch [73/400]
batch = 0 (Δ=0.153s, 100.00%)
Train Loss: output=0.1750, reconstruction=0.2961
Epoch [74/400]
batch = 0 (Δ=0.153s, 100.00%)
Train Loss: output=0.1750, reconstruction=0.2876
Epoch [75/400]
batch = 0 (Δ=0.152s, 100.00%)
Train Loss: output=0.1750, reconstruction=0.2894
Epoch [76/400]
batch = 0 (Δ=0.175s, 100.00%)
Train Loss: output=0.1750, reconstruction=0.2902
Epoch [77/400]
batch = 0 (Δ=0.210s, 100.00%)
Train Loss: output=0.1750, reconstruction=0.2887
Epoch [78/400]
batch = 0 (Δ=0.194s, 100.00%)
Train Loss: output=0.1749, reconstruction=0.2905
Epoch [79/400]
batch = 0 (Δ=0.209s, 100.00%)
Train Loss: output=0.1749, reconstruction=0.2911
Epoch [80/400]
batch = 0 (Δ=0.153s, 100.00%)
Train Loss: output=0.1748, reconstruction=0.3191
Epoch [81/400]
batch = 0 (Δ=0.154s, 100.00%)
Train Loss: output=0.1748, reconstruction=0.2717
Epoch [82/400]
batch = 0 (Δ=0.179s, 100.00%)
Train Loss: output=0.1750, reconstruction=0.2970
Epoch [83/400]
batch = 0 (Δ=0.220s, 100.00%)
Train Loss: output=0.1749, reconstruction=0.2955
Epoch [84/400]
batch = 0 (Δ=0.218s, 100.00%)
Train Loss: output=0.1750, reconstruction=0.2926
Epoch [85/400]
batch = 0 (Δ=0.219s, 100.00%)
Train Loss: output=0.1750, reconstruction=0.4150
Epoch [86/400]
batch = 0 (Δ=0.217s, 100.00%)
Train Loss: output=0.1750, reconstruction=0.4349
Epoch [87/400]
batch = 0 (Δ=0.220s, 100.00%)
Train Loss: output=0.1750, reconstruction=0.4356
Epoch [88/400]
batch = 0 (Δ=0.215s, 100.00%)
Train Loss: output=0.1750, reconstruction=0.3832
Epoch [89/400]
batch = 0 (Δ=0.215s, 100.00%)
Train Loss: output=0.1750, reconstruction=0.4135
Epoch [90/400]
batch = 0 (Δ=0.214s, 100.00%)
Train Loss: output=0.1750, reconstruction=0.4104
Epoch [91/400]
batch = 0 (Δ=0.214s, 100.00%)
Train Loss: output=0.1750, reconstruction=0.3967
Epoch [92/400]
batch = 0 (Δ=0.218s, 100.00%)
Train Loss: output=0.1750, reconstruction=0.4220
Epoch [93/400]
batch = 0 (Δ=0.218s, 100.00%)
Train Loss: output=0.1750, reconstruction=0.4105
Epoch [94/400]
batch = 0 (Δ=0.218s, 100.00%)
Train Loss: output=0.1750, reconstruction=0.4203
Epoch [95/400]
batch = 0 (Δ=0.205s, 100.00%)
Train Loss: output=0.1750, reconstruction=0.4177
Epoch [96/400]
batch = 0 (Δ=0.291s, 100.00%)
Train Loss: output=0.1750, reconstruction=0.4140
Epoch [97/400]
batch = 0 (Δ=0.216s, 100.00%)
Train Loss: output=0.1750, reconstruction=0.3544
Epoch [98/400]
batch = 0 (Δ=0.216s, 100.00%)
Train Loss: output=0.1750, reconstruction=0.3535
Epoch [99/400]
batch = 0 (Δ=0.212s, 100.00%)
Train Loss: output=0.1750, reconstruction=0.4285
Epoch [100/400]
batch = 0 (Δ=0.215s, 100.00%)
Train Loss: output=0.1750, reconstruction=0.4036
Epoch [101/400]
batch = 0 (Δ=0.216s, 100.00%)
Train Loss: output=0.1750, reconstruction=0.3548
Epoch [102/400]
batch = 0 (Δ=0.215s, 100.00%)
Train Loss: output=0.1750, reconstruction=0.3992
Epoch [103/400]
batch = 0 (Δ=0.216s, 100.00%)
Train Loss: output=0.1750, reconstruction=0.3441
Epoch [104/400]
batch = 0 (Δ=0.220s, 100.00%)
Train Loss: output=0.1749, reconstruction=0.3990
Epoch [105/400]
batch = 0 (Δ=0.219s, 100.00%)
Train Loss: output=0.1749, reconstruction=0.3981
Epoch [106/400]
batch = 0 (Δ=0.218s, 100.00%)
Train Loss: output=0.1750, reconstruction=0.4001
Epoch [107/400]
batch = 0 (Δ=0.219s, 100.00%)
Train Loss: output=0.1750, reconstruction=0.3855
Epoch [108/400]
batch = 0 (Δ=0.215s, 100.00%)
Train Loss: output=0.1750, reconstruction=0.3917
Epoch [109/400]
batch = 0 (Δ=0.220s, 100.00%)
Train Loss: output=0.1749, reconstruction=0.3641
Epoch [110/400]
batch = 0 (Δ=0.217s, 100.00%)
Train Loss: output=0.1749, reconstruction=0.3653
Epoch [111/400]
batch = 0 (Δ=0.220s, 100.00%)
Train Loss: output=0.1750, reconstruction=0.3966
Epoch [112/400]
batch = 0 (Δ=0.222s, 100.00%)
Train Loss: output=0.1750, reconstruction=0.4024
Epoch [113/400]
batch = 0 (Δ=0.222s, 100.00%)
Train Loss: output=0.1750, reconstruction=0.4113
Epoch [114/400]
batch = 0 (Δ=0.209s, 100.00%)
Train Loss: output=0.1749, reconstruction=0.4071
Epoch [115/400]
batch = 0 (Δ=0.211s, 100.00%)
Train Loss: output=0.1749, reconstruction=0.3571
Epoch [116/400]
batch = 0 (Δ=0.209s, 100.00%)
Train Loss: output=0.1750, reconstruction=0.3506
Epoch [117/400]
batch = 0 (Δ=0.210s, 100.00%)
Train Loss: output=0.1750, reconstruction=0.4221
Epoch [118/400]
batch = 0 (Δ=0.208s, 100.00%)
Train Loss: output=0.1750, reconstruction=0.4021
Epoch [119/400]
batch = 0 (Δ=0.278s, 100.00%)
Train Loss: output=0.1750, reconstruction=0.4216
Epoch [120/400]
batch = 0 (Δ=0.216s, 100.00%)
Train Loss: output=0.1750, reconstruction=0.4104
Epoch [121/400]
batch = 0 (Δ=0.207s, 100.00%)
Train Loss: output=0.1750, reconstruction=0.4043
Epoch [122/400]
batch = 0 (Δ=0.201s, 100.00%)
Train Loss: output=0.1750, reconstruction=0.4184
Epoch [123/400]
batch = 0 (Δ=0.209s, 100.00%)
Train Loss: output=0.1750, reconstruction=0.4178
Epoch [124/400]
batch = 0 (Δ=0.202s, 100.00%)
Train Loss: output=0.1750, reconstruction=0.4052
Epoch [125/400]
batch = 0 (Δ=0.200s, 100.00%)
Train Loss: output=0.1750, reconstruction=0.3900
Epoch [126/400]
batch = 0 (Δ=0.208s, 100.00%)
Train Loss: output=0.1750, reconstruction=0.4044
Epoch [127/400]
batch = 0 (Δ=0.216s, 100.00%)
Train Loss: output=0.1750, reconstruction=0.4018
Epoch [128/400]
batch = 0 (Δ=0.220s, 100.00%)
Train Loss: output=0.1750, reconstruction=0.3948
Epoch [129/400]
batch = 0 (Δ=0.217s, 100.00%)
Train Loss: output=0.1750, reconstruction=0.4047
Epoch [130/400]
batch = 0 (Δ=0.217s, 100.00%)
Train Loss: output=0.1750, reconstruction=0.4024
Epoch [131/400]
batch = 0 (Δ=0.222s, 100.00%)
Train Loss: output=0.1750, reconstruction=0.3949
Epoch [132/400]
batch = 0 (Δ=0.215s, 100.00%)
Train Loss: output=0.1750, reconstruction=0.3954
Epoch [133/400]
batch = 0 (Δ=0.215s, 100.00%)
Train Loss: output=0.1750, reconstruction=0.4055
Epoch [134/400]
batch = 0 (Δ=0.214s, 100.00%)
Train Loss: output=0.1750, reconstruction=0.3924
Epoch [135/400]
batch = 0 (Δ=0.218s, 100.00%)
Train Loss: output=0.1750, reconstruction=0.4168
Epoch [136/400]
batch = 0 (Δ=0.217s, 100.00%)
Train Loss: output=0.1750, reconstruction=0.4173
Epoch [137/400]
batch = 0 (Δ=0.215s, 100.00%)
Train Loss: output=0.1750, reconstruction=0.4150
Epoch [138/400]
batch = 0 (Δ=0.216s, 100.00%)
Train Loss: output=0.1750, reconstruction=0.3932
Epoch [139/400]
batch = 0 (Δ=0.218s, 100.00%)
Train Loss: output=0.1750, reconstruction=0.4043
Epoch [140/400]
batch = 0 (Δ=0.218s, 100.00%)
Train Loss: output=0.1750, reconstruction=0.4038
Epoch [141/400]
batch = 0 (Δ=0.221s, 100.00%)
Train Loss: output=0.1750, reconstruction=0.3567
Epoch [142/400]
batch = 0 (Δ=0.291s, 100.00%)
Train Loss: output=0.1750, reconstruction=0.3714
Epoch [143/400]
batch = 0 (Δ=0.216s, 100.00%)
Train Loss: output=0.1750, reconstruction=0.4060
Epoch [144/400]
batch = 0 (Δ=0.220s, 100.00%)
Train Loss: output=0.1750, reconstruction=0.4048
Epoch [145/400]
batch = 0 (Δ=0.221s, 100.00%)
Train Loss: output=0.1750, reconstruction=0.3929
Epoch [146/400]
batch = 0 (Δ=0.218s, 100.00%)
Train Loss: output=0.1750, reconstruction=0.3920
Epoch [147/400]
batch = 0 (Δ=0.208s, 100.00%)
Train Loss: output=0.1750, reconstruction=0.4003
Epoch [148/400]
batch = 0 (Δ=0.211s, 100.00%)
Train Loss: output=0.1750, reconstruction=0.3939
Epoch [149/400]
batch = 0 (Δ=0.210s, 100.00%)
Train Loss: output=0.1750, reconstruction=0.3967
Epoch [150/400]
batch = 0 (Δ=0.205s, 100.00%)
Train Loss: output=0.1750, reconstruction=0.4085
Epoch [151/400]
batch = 0 (Δ=0.205s, 100.00%)
Train Loss: output=0.1750, reconstruction=0.3968
Epoch [152/400]
batch = 0 (Δ=0.214s, 100.00%)
Train Loss: output=0.1750, reconstruction=0.4162
Epoch [153/400]
batch = 0 (Δ=0.218s, 100.00%)
Train Loss: output=0.1750, reconstruction=0.3959
Epoch [154/400]
batch = 0 (Δ=0.209s, 100.00%)
Train Loss: output=0.1750, reconstruction=0.4080
Epoch [155/400]
batch = 0 (Δ=0.210s, 100.00%)
Train Loss: output=0.1750, reconstruction=0.3633
Epoch [156/400]
batch = 0 (Δ=0.212s, 100.00%)
Train Loss: output=0.1750, reconstruction=0.4134
Epoch [157/400]
batch = 0 (Δ=0.209s, 100.00%)
Train Loss: output=0.1750, reconstruction=0.4029
Epoch [158/400]
batch = 0 (Δ=0.213s, 100.00%)
Train Loss: output=0.1750, reconstruction=0.4054
Epoch [159/400]
batch = 0 (Δ=0.216s, 100.00%)
Train Loss: output=0.1750, reconstruction=0.3629
Epoch [160/400]
batch = 0 (Δ=0.213s, 100.00%)
Train Loss: output=0.1750, reconstruction=0.4004
Epoch [161/400]
batch = 0 (Δ=0.214s, 100.00%)
Train Loss: output=0.1750, reconstruction=0.4128
Epoch [162/400]
batch = 0 (Δ=0.211s, 100.00%)
Train Loss: output=0.1750, reconstruction=0.4107
Epoch [163/400]
batch = 0 (Δ=0.211s, 100.00%)
Train Loss: output=0.1750, reconstruction=0.4185
Epoch [164/400]
batch = 0 (Δ=0.154s, 100.00%)
Train Loss: output=0.1750, reconstruction=0.4192
Epoch [165/400]
batch = 0 (Δ=0.157s, 100.00%)
Train Loss: output=0.1750, reconstruction=0.4180
Epoch [166/400]
batch = 0 (Δ=0.153s, 100.00%)
Train Loss: output=0.1750, reconstruction=0.4196
Epoch [167/400]
batch = 0 (Δ=0.153s, 100.00%)
Train Loss: output=0.1750, reconstruction=0.4267
Epoch [168/400]
batch = 0 (Δ=0.156s, 100.00%)
Train Loss: output=0.1750, reconstruction=0.3268
Epoch [169/400]
batch = 0 (Δ=0.152s, 100.00%)
Train Loss: output=0.1750, reconstruction=0.4442
Epoch [170/400]
batch = 0 (Δ=0.156s, 100.00%)
Train Loss: output=0.1750, reconstruction=0.4529
Epoch [171/400]
batch = 0 (Δ=0.152s, 100.00%)
Train Loss: output=0.1750, reconstruction=0.4411
Epoch [172/400]
batch = 0 (Δ=0.226s, 100.00%)
Train Loss: output=0.1750, reconstruction=0.4631
Epoch [173/400]
batch = 0 (Δ=0.151s, 100.00%)
Train Loss: output=0.1750, reconstruction=0.4482
Epoch [174/400]
batch = 0 (Δ=0.153s, 100.00%)
Train Loss: output=0.1750, reconstruction=0.4324
Epoch [175/400]
batch = 0 (Δ=0.159s, 100.00%)
Train Loss: output=0.1750, reconstruction=0.4259
Epoch [176/400]
batch = 0 (Δ=0.155s, 100.00%)
Train Loss: output=0.1750, reconstruction=0.3176
Epoch [177/400]
batch = 0 (Δ=0.156s, 100.00%)
Train Loss: output=0.1750, reconstruction=0.3187
Epoch [178/400]
batch = 0 (Δ=0.155s, 100.00%)
Train Loss: output=0.1750, reconstruction=0.3203
Epoch [179/400]
batch = 0 (Δ=0.159s, 100.00%)
Train Loss: output=0.1750, reconstruction=0.3212
Epoch [180/400]
batch = 0 (Δ=0.155s, 100.00%)
Train Loss: output=0.1750, reconstruction=0.4404
Epoch [181/400]
batch = 0 (Δ=0.157s, 100.00%)
Train Loss: output=0.1750, reconstruction=0.4352
Epoch [182/400]
batch = 0 (Δ=0.159s, 100.00%)
Train Loss: output=0.1750, reconstruction=0.4370
Epoch [183/400]
batch = 0 (Δ=0.156s, 100.00%)
Train Loss: output=0.1750, reconstruction=0.4158
Epoch [184/400]
batch = 0 (Δ=0.152s, 100.00%)
Train Loss: output=0.1750, reconstruction=0.3191
Epoch [185/400]
batch = 0 (Δ=0.148s, 100.00%)
Train Loss: output=0.1750, reconstruction=0.4542
Epoch [186/400]
batch = 0 (Δ=0.149s, 100.00%)
Train Loss: output=0.1750, reconstruction=0.4342
Epoch [187/400]
batch = 0 (Δ=0.148s, 100.00%)
Train Loss: output=0.1750, reconstruction=0.4310
Epoch [188/400]
batch = 0 (Δ=0.148s, 100.00%)
Train Loss: output=0.1750, reconstruction=0.3208
Epoch [189/400]
batch = 0 (Δ=0.147s, 100.00%)
Train Loss: output=0.1750, reconstruction=0.4363
Epoch [190/400]
batch = 0 (Δ=0.148s, 100.00%)
Train Loss: output=0.1750, reconstruction=0.4301
Epoch [191/400]
batch = 0 (Δ=0.148s, 100.00%)
Train Loss: output=0.1750, reconstruction=0.4364
Epoch [192/400]
batch = 0 (Δ=0.151s, 100.00%)
Train Loss: output=0.1750, reconstruction=0.3200
Epoch [193/400]
batch = 0 (Δ=0.152s, 100.00%)
Train Loss: output=0.1750, reconstruction=0.4308
Epoch [194/400]
batch = 0 (Δ=0.152s, 100.00%)
Train Loss: output=0.1750, reconstruction=0.4195
Epoch [195/400]
batch = 0 (Δ=0.152s, 100.00%)
Train Loss: output=0.1750, reconstruction=0.3194
Epoch [196/400]
batch = 0 (Δ=0.152s, 100.00%)
Train Loss: output=0.1750, reconstruction=0.4166
Epoch [197/400]
batch = 0 (Δ=0.153s, 100.00%)
Train Loss: output=0.1750, reconstruction=0.3202
Epoch [198/400]
batch = 0 (Δ=0.155s, 100.00%)
Train Loss: output=0.1750, reconstruction=0.3213
Epoch [199/400]
batch = 0 (Δ=0.152s, 100.00%)
Train Loss: output=0.1750, reconstruction=0.4114
Epoch [200/400]
batch = 0 (Δ=0.153s, 100.00%)
Train Loss: output=0.1750, reconstruction=0.4413
Epoch [201/400]
batch = 0 (Δ=0.151s, 100.00%)
Train Loss: output=0.1750, reconstruction=0.4207
Epoch [202/400]
batch = 0 (Δ=0.154s, 100.00%)
Train Loss: output=0.1750, reconstruction=0.3241
Epoch [203/400]
batch = 0 (Δ=0.152s, 100.00%)
Train Loss: output=0.1750, reconstruction=0.3241
Epoch [204/400]
batch = 0 (Δ=0.147s, 100.00%)
Train Loss: output=0.1750, reconstruction=0.3225
Epoch [205/400]
batch = 0 (Δ=0.153s, 100.00%)
Train Loss: output=0.1750, reconstruction=0.3213
Epoch [206/400]
batch = 0 (Δ=0.152s, 100.00%)
Train Loss: output=0.1750, reconstruction=0.3225
Epoch [207/400]
batch = 0 (Δ=0.154s, 100.00%)
Train Loss: output=0.1750, reconstruction=0.3235
Epoch [208/400]
batch = 0 (Δ=0.155s, 100.00%)
Train Loss: output=0.1750, reconstruction=0.3221
Epoch [209/400]
batch = 0 (Δ=0.154s, 100.00%)
Train Loss: output=0.1750, reconstruction=0.3200
Epoch [210/400]
batch = 0 (Δ=0.158s, 100.00%)
Train Loss: output=0.1750, reconstruction=0.4587
Epoch [211/400]
batch = 0 (Δ=0.153s, 100.00%)
Train Loss: output=0.1750, reconstruction=0.3808
Epoch [212/400]
batch = 0 (Δ=0.197s, 100.00%)
Train Loss: output=0.1751, reconstruction=0.2906
Epoch [213/400]
batch = 0 (Δ=0.151s, 100.00%)
Train Loss: output=0.1751, reconstruction=0.2428
Epoch [214/400]
batch = 0 (Δ=0.178s, 100.00%)
Train Loss: output=0.1752, reconstruction=0.2659
Epoch [215/400]
batch = 0 (Δ=0.154s, 100.00%)
Train Loss: output=0.1753, reconstruction=0.2453
Epoch [216/400]
batch = 0 (Δ=0.183s, 100.00%)
Train Loss: output=0.1753, reconstruction=0.2223
Epoch [217/400]
batch = 0 (Δ=0.217s, 100.00%)
Train Loss: output=0.1753, reconstruction=0.2450
Epoch [218/400]
batch = 0 (Δ=0.220s, 100.00%)
Train Loss: output=0.1753, reconstruction=0.2446
Epoch [219/400]
batch = 0 (Δ=0.217s, 100.00%)
Train Loss: output=0.1752, reconstruction=0.2327
Epoch [220/400]
batch = 0 (Δ=0.217s, 100.00%)
Train Loss: output=0.1752, reconstruction=0.2327
Epoch [221/400]
batch = 0 (Δ=0.287s, 100.00%)
Train Loss: output=0.1752, reconstruction=0.2336
Epoch [222/400]
batch = 0 (Δ=0.216s, 100.00%)
Train Loss: output=0.1751, reconstruction=0.2353
Epoch [223/400]
batch = 0 (Δ=0.215s, 100.00%)
Train Loss: output=0.1751, reconstruction=0.2526
Epoch [224/400]
batch = 0 (Δ=0.215s, 100.00%)
Train Loss: output=0.1751, reconstruction=0.2405
Epoch [225/400]
batch = 0 (Δ=0.211s, 100.00%)
Train Loss: output=0.1751, reconstruction=0.2749
Epoch [226/400]
batch = 0 (Δ=0.218s, 100.00%)
Train Loss: output=0.1750, reconstruction=0.2770
Epoch [227/400]
batch = 0 (Δ=0.217s, 100.00%)
Train Loss: output=0.1750, reconstruction=0.2776
Epoch [228/400]
batch = 0 (Δ=0.215s, 100.00%)
Train Loss: output=0.1750, reconstruction=0.2587
Epoch [229/400]
batch = 0 (Δ=0.217s, 100.00%)
Train Loss: output=0.1750, reconstruction=0.2769
Epoch [230/400]
batch = 0 (Δ=0.213s, 100.00%)
Train Loss: output=0.1750, reconstruction=0.2452
Epoch [231/400]
batch = 0 (Δ=0.219s, 100.00%)
Train Loss: output=0.1750, reconstruction=0.2555
Epoch [232/400]
batch = 0 (Δ=0.215s, 100.00%)
Train Loss: output=0.1750, reconstruction=0.2383
Epoch [233/400]
batch = 0 (Δ=0.219s, 100.00%)
Train Loss: output=0.1750, reconstruction=0.2650
Epoch [234/400]
batch = 0 (Δ=0.213s, 100.00%)
Train Loss: output=0.1750, reconstruction=0.2068
Epoch [235/400]
batch = 0 (Δ=0.211s, 100.00%)
Train Loss: output=0.1750, reconstruction=0.2355
Epoch [236/400]
batch = 0 (Δ=0.214s, 100.00%)
Train Loss: output=0.1750, reconstruction=0.2620
Epoch [237/400]
batch = 0 (Δ=0.213s, 100.00%)
Train Loss: output=0.1750, reconstruction=0.2643
Epoch [238/400]
batch = 0 (Δ=0.217s, 100.00%)
Train Loss: output=0.1750, reconstruction=0.2657
Epoch [239/400]
batch = 0 (Δ=0.218s, 100.00%)
Train Loss: output=0.1750, reconstruction=0.2699
Epoch [240/400]
batch = 0 (Δ=0.216s, 100.00%)
Train Loss: output=0.1750, reconstruction=0.2739
Epoch [241/400]
batch = 0 (Δ=0.211s, 100.00%)
Train Loss: output=0.1750, reconstruction=0.2735
Epoch [242/400]
batch = 0 (Δ=0.216s, 100.00%)
Train Loss: output=0.1750, reconstruction=0.2703
Epoch [243/400]
batch = 0 (Δ=0.222s, 100.00%)
Train Loss: output=0.1750, reconstruction=0.2445
Epoch [244/400]
batch = 0 (Δ=0.214s, 100.00%)
Train Loss: output=0.1750, reconstruction=0.2467
Epoch [245/400]
batch = 0 (Δ=0.284s, 100.00%)
Train Loss: output=0.1750, reconstruction=0.2716
Epoch [246/400]
batch = 0 (Δ=0.217s, 100.00%)
Train Loss: output=0.1750, reconstruction=0.2177
Epoch [247/400]
batch = 0 (Δ=0.206s, 100.00%)
Train Loss: output=0.1750, reconstruction=0.2427
Epoch [248/400]
batch = 0 (Δ=0.218s, 100.00%)
Train Loss: output=0.1750, reconstruction=0.2660
Epoch [249/400]
batch = 0 (Δ=0.214s, 100.00%)
Train Loss: output=0.1750, reconstruction=0.2448
Epoch [250/400]
batch = 0 (Δ=0.218s, 100.00%)
Train Loss: output=0.1750, reconstruction=0.2432
Epoch [251/400]
batch = 0 (Δ=0.219s, 100.00%)
Train Loss: output=0.1750, reconstruction=0.2372
Epoch [252/400]
batch = 0 (Δ=0.219s, 100.00%)
Train Loss: output=0.1750, reconstruction=0.2331
Epoch [253/400]
batch = 0 (Δ=0.209s, 100.00%)
Train Loss: output=0.1750, reconstruction=0.2537
Epoch [254/400]
batch = 0 (Δ=0.216s, 100.00%)
Train Loss: output=0.1750, reconstruction=0.2055
Epoch [255/400]
batch = 0 (Δ=0.214s, 100.00%)
Train Loss: output=0.1750, reconstruction=0.2246
Epoch [256/400]
batch = 0 (Δ=0.215s, 100.00%)
Train Loss: output=0.1750, reconstruction=0.2510
Epoch [257/400]
batch = 0 (Δ=0.216s, 100.00%)
Train Loss: output=0.1750, reconstruction=0.2498
Epoch [258/400]
batch = 0 (Δ=0.213s, 100.00%)
Train Loss: output=0.1750, reconstruction=0.2251
Epoch [259/400]
batch = 0 (Δ=0.215s, 100.00%)
Train Loss: output=0.1750, reconstruction=0.2421
Epoch [260/400]
batch = 0 (Δ=0.217s, 100.00%)
Train Loss: output=0.1750, reconstruction=0.2390
Epoch [261/400]
batch = 0 (Δ=0.219s, 100.00%)
Train Loss: output=0.1750, reconstruction=0.2365
Epoch [262/400]
batch = 0 (Δ=0.215s, 100.00%)
Train Loss: output=0.1750, reconstruction=0.1969
Epoch [263/400]
batch = 0 (Δ=0.213s, 100.00%)
Train Loss: output=0.1750, reconstruction=0.2100
Epoch [264/400]
batch = 0 (Δ=0.221s, 100.00%)
Train Loss: output=0.1750, reconstruction=0.2350
Epoch [265/400]
batch = 0 (Δ=0.216s, 100.00%)
Train Loss: output=0.1750, reconstruction=0.2330
Epoch [266/400]
batch = 0 (Δ=0.214s, 100.00%)
Train Loss: output=0.1750, reconstruction=0.2293
Epoch [267/400]
batch = 0 (Δ=0.222s, 100.00%)
Train Loss: output=0.1750, reconstruction=0.2249
Epoch [268/400]
batch = 0 (Δ=0.282s, 100.00%)
Train Loss: output=0.1750, reconstruction=0.2176
Epoch [269/400]
batch = 0 (Δ=0.220s, 100.00%)
Train Loss: output=0.1750, reconstruction=0.2208
Epoch [270/400]
batch = 0 (Δ=0.222s, 100.00%)
Train Loss: output=0.1750, reconstruction=0.2055
Epoch [271/400]
batch = 0 (Δ=0.214s, 100.00%)
Train Loss: output=0.1750, reconstruction=0.1910
Epoch [272/400]
batch = 0 (Δ=0.205s, 100.00%)
Train Loss: output=0.1750, reconstruction=0.2206
Epoch [273/400]
batch = 0 (Δ=0.211s, 100.00%)
Train Loss: output=0.1750, reconstruction=0.2060
Epoch [274/400]
batch = 0 (Δ=0.204s, 100.00%)
Train Loss: output=0.1750, reconstruction=0.1926
Epoch [275/400]
batch = 0 (Δ=0.206s, 100.00%)
Train Loss: output=0.1750, reconstruction=0.2053
Epoch [276/400]
batch = 0 (Δ=0.212s, 100.00%)
Train Loss: output=0.1750, reconstruction=0.2210
Epoch [277/400]
batch = 0 (Δ=0.216s, 100.00%)
Train Loss: output=0.1750, reconstruction=0.2198
Epoch [278/400]
batch = 0 (Δ=0.216s, 100.00%)
Train Loss: output=0.1750, reconstruction=0.2169
Epoch [279/400]
batch = 0 (Δ=0.217s, 100.00%)
Train Loss: output=0.1750, reconstruction=0.2051
Epoch [280/400]
batch = 0 (Δ=0.222s, 100.00%)
Train Loss: output=0.1750, reconstruction=0.2067
Epoch [281/400]
batch = 0 (Δ=0.209s, 100.00%)
Train Loss: output=0.1750, reconstruction=0.2204
Epoch [282/400]
batch = 0 (Δ=0.208s, 100.00%)
Train Loss: output=0.1750, reconstruction=0.2192
Epoch [283/400]
batch = 0 (Δ=0.224s, 100.00%)
Train Loss: output=0.1750, reconstruction=0.1941
Epoch [284/400]
batch = 0 (Δ=0.257s, 100.00%)
Train Loss: output=0.1750, reconstruction=0.2159
Epoch [285/400]
batch = 0 (Δ=0.207s, 100.00%)
Train Loss: output=0.1750, reconstruction=0.2139
Epoch [286/400]
batch = 0 (Δ=0.215s, 100.00%)
Train Loss: output=0.1750, reconstruction=0.2024
Epoch [287/400]
batch = 0 (Δ=0.217s, 100.00%)
Train Loss: output=0.1750, reconstruction=0.2021
Epoch [288/400]
batch = 0 (Δ=0.216s, 100.00%)
Train Loss: output=0.1750, reconstruction=0.2011
Epoch [289/400]
batch = 0 (Δ=0.215s, 100.00%)
Train Loss: output=0.1750, reconstruction=0.2140
Epoch [290/400]
batch = 0 (Δ=0.224s, 100.00%)
Train Loss: output=0.1750, reconstruction=0.2160
Epoch [291/400]
batch = 0 (Δ=0.288s, 100.00%)
Train Loss: output=0.1750, reconstruction=0.2179
Epoch [292/400]
batch = 0 (Δ=0.213s, 100.00%)
Train Loss: output=0.1750, reconstruction=0.2061
Epoch [293/400]
batch = 0 (Δ=0.214s, 100.00%)
Train Loss: output=0.1750, reconstruction=0.1915
Epoch [294/400]
batch = 0 (Δ=0.213s, 100.00%)
Train Loss: output=0.1750, reconstruction=0.1901
Epoch [295/400]
batch = 0 (Δ=0.219s, 100.00%)
Train Loss: output=0.1750, reconstruction=0.2282
Epoch [296/400]
batch = 0 (Δ=0.214s, 100.00%)
Train Loss: output=0.1750, reconstruction=0.1978
Epoch [297/400]
batch = 0 (Δ=0.211s, 100.00%)
Train Loss: output=0.1750, reconstruction=0.2332
Epoch [298/400]
batch = 0 (Δ=0.212s, 100.00%)
Train Loss: output=0.1750, reconstruction=0.2218
Epoch [299/400]
batch = 0 (Δ=0.212s, 100.00%)
Train Loss: output=0.1750, reconstruction=0.2189
Epoch [300/400]
batch = 0 (Δ=0.216s, 100.00%)
Train Loss: output=0.1750, reconstruction=0.2166
Epoch [301/400]
batch = 0 (Δ=0.214s, 100.00%)
Train Loss: output=0.1933, reconstruction=0.2299
Epoch [302/400]
batch = 0 (Δ=0.212s, 100.00%)
Train Loss: output=0.1749, reconstruction=0.2114
Epoch [303/400]
batch = 0 (Δ=0.220s, 100.00%)
Train Loss: output=0.1932, reconstruction=0.2071
Epoch [304/400]
batch = 0 (Δ=0.213s, 100.00%)
Train Loss: output=0.1850, reconstruction=0.3007
Epoch [305/400]
batch = 0 (Δ=0.224s, 100.00%)
Train Loss: output=0.1782, reconstruction=0.1476
Epoch [306/400]
batch = 0 (Δ=0.216s, 100.00%)
Train Loss: output=0.1867, reconstruction=0.1475
Epoch [307/400]
batch = 0 (Δ=0.219s, 100.00%)
Train Loss: output=0.1788, reconstruction=0.0991
Epoch [308/400]
batch = 0 (Δ=0.226s, 100.00%)
Train Loss: output=0.1758, reconstruction=0.1621
Epoch [309/400]
batch = 0 (Δ=0.229s, 100.00%)
Train Loss: output=0.1827, reconstruction=0.1022
Epoch [310/400]
batch = 0 (Δ=0.218s, 100.00%)
Train Loss: output=0.1804, reconstruction=0.1431
Epoch [311/400]
batch = 0 (Δ=0.221s, 100.00%)
Train Loss: output=0.1758, reconstruction=0.1041
Epoch [312/400]
batch = 0 (Δ=0.222s, 100.00%)
Train Loss: output=0.1788, reconstruction=0.0957
Epoch [313/400]
batch = 0 (Δ=0.274s, 100.00%)
Train Loss: output=0.1797, reconstruction=0.0934
Epoch [314/400]
batch = 0 (Δ=0.208s, 100.00%)
Train Loss: output=0.1764, reconstruction=0.0919
Epoch [315/400]
batch = 0 (Δ=0.208s, 100.00%)
Train Loss: output=0.1773, reconstruction=0.0983
Epoch [316/400]
batch = 0 (Δ=0.206s, 100.00%)
Train Loss: output=0.1801, reconstruction=0.0918
Epoch [317/400]
batch = 0 (Δ=0.208s, 100.00%)
Train Loss: output=0.1790, reconstruction=0.0975
Epoch [318/400]
batch = 0 (Δ=0.213s, 100.00%)
Train Loss: output=0.1776, reconstruction=0.0599
Epoch [319/400]
batch = 0 (Δ=0.208s, 100.00%)
Train Loss: output=0.1789, reconstruction=0.0841
Epoch [320/400]
batch = 0 (Δ=0.214s, 100.00%)
Train Loss: output=0.1793, reconstruction=0.0754
Epoch [321/400]
batch = 0 (Δ=0.219s, 100.00%)
Train Loss: output=0.1779, reconstruction=0.0736
Epoch [322/400]
batch = 0 (Δ=0.216s, 100.00%)
Train Loss: output=0.1781, reconstruction=0.0812
Epoch [323/400]
batch = 0 (Δ=0.213s, 100.00%)
Train Loss: output=0.1788, reconstruction=0.0864
Epoch [324/400]
batch = 0 (Δ=0.206s, 100.00%)
Train Loss: output=0.1782, reconstruction=0.0621
Epoch [325/400]
batch = 0 (Δ=0.203s, 100.00%)
Train Loss: output=0.1772, reconstruction=0.0651
Epoch [326/400]
batch = 0 (Δ=0.209s, 100.00%)
Train Loss: output=0.1773, reconstruction=0.0592
Epoch [327/400]
batch = 0 (Δ=0.212s, 100.00%)
Train Loss: output=0.1775, reconstruction=0.0628
Epoch [328/400]
batch = 0 (Δ=0.212s, 100.00%)
Train Loss: output=0.1768, reconstruction=0.0563
Epoch [329/400]
batch = 0 (Δ=0.217s, 100.00%)
Train Loss: output=0.1763, reconstruction=0.0563
Epoch [330/400]
batch = 0 (Δ=0.217s, 100.00%)
Train Loss: output=0.1763, reconstruction=0.0582
Epoch [331/400]
batch = 0 (Δ=0.198s, 100.00%)
Train Loss: output=0.1758, reconstruction=0.0516
Epoch [332/400]
batch = 0 (Δ=0.216s, 100.00%)
Train Loss: output=0.1751, reconstruction=0.0534
Epoch [333/400]
batch = 0 (Δ=0.203s, 100.00%)
Train Loss: output=0.1750, reconstruction=0.0499
Epoch [334/400]
batch = 0 (Δ=0.216s, 100.00%)
Train Loss: output=0.1753, reconstruction=0.0503
Epoch [335/400]
batch = 0 (Δ=0.214s, 100.00%)
Train Loss: output=0.1753, reconstruction=0.0442
Epoch [336/400]
batch = 0 (Δ=0.216s, 100.00%)
Train Loss: output=0.1750, reconstruction=0.0491
Epoch [337/400]
batch = 0 (Δ=0.216s, 100.00%)
Train Loss: output=0.1751, reconstruction=0.0446
Epoch [338/400]
batch = 0 (Δ=0.284s, 100.00%)
Train Loss: output=0.1752, reconstruction=0.0424
Epoch [339/400]
batch = 0 (Δ=0.214s, 100.00%)
Train Loss: output=0.1751, reconstruction=0.0478
Epoch [340/400]
batch = 0 (Δ=0.212s, 100.00%)
Train Loss: output=0.1750, reconstruction=0.0432
Epoch [341/400]
batch = 0 (Δ=0.211s, 100.00%)
Train Loss: output=0.1751, reconstruction=0.0415
Epoch [342/400]
batch = 0 (Δ=0.223s, 100.00%)
Train Loss: output=0.1752, reconstruction=0.0462
Epoch [343/400]
batch = 0 (Δ=0.218s, 100.00%)
Train Loss: output=0.1751, reconstruction=0.0471
Epoch [344/400]
batch = 0 (Δ=0.221s, 100.00%)
Train Loss: output=0.1750, reconstruction=0.0447
Epoch [345/400]
batch = 0 (Δ=0.218s, 100.00%)
Train Loss: output=0.1751, reconstruction=0.0430
Epoch [346/400]
batch = 0 (Δ=0.214s, 100.00%)
Train Loss: output=0.1751, reconstruction=0.0507
Epoch [347/400]
batch = 0 (Δ=0.227s, 100.00%)
Train Loss: output=0.1750, reconstruction=0.0482
Epoch [348/400]
batch = 0 (Δ=0.216s, 100.00%)
Train Loss: output=0.1750, reconstruction=0.0457
Epoch [349/400]
batch = 0 (Δ=0.219s, 100.00%)
Train Loss: output=0.1751, reconstruction=0.0465
Epoch [350/400]
batch = 0 (Δ=0.225s, 100.00%)
Train Loss: output=0.1751, reconstruction=0.0457
Epoch [351/400]
batch = 0 (Δ=0.234s, 100.00%)
Train Loss: output=0.1750, reconstruction=0.0450
Epoch [352/400]
batch = 0 (Δ=0.223s, 100.00%)
Train Loss: output=0.1750, reconstruction=0.0426
Epoch [353/400]
batch = 0 (Δ=0.217s, 100.00%)
Train Loss: output=0.1750, reconstruction=0.0438
Epoch [354/400]
batch = 0 (Δ=0.220s, 100.00%)
Train Loss: output=0.1750, reconstruction=0.0433
Epoch [355/400]
batch = 0 (Δ=0.217s, 100.00%)
Train Loss: output=0.1750, reconstruction=0.0412
Epoch [356/400]
batch = 0 (Δ=0.209s, 100.00%)
Train Loss: output=0.1750, reconstruction=0.0431
Epoch [357/400]
batch = 0 (Δ=0.212s, 100.00%)
Train Loss: output=0.1750, reconstruction=0.0404
Epoch [358/400]
batch = 0 (Δ=0.207s, 100.00%)
Train Loss: output=0.1750, reconstruction=0.0732
Epoch [359/400]
batch = 0 (Δ=0.277s, 100.00%)
Train Loss: output=0.1750, reconstruction=0.0413
Epoch [360/400]
batch = 0 (Δ=0.210s, 100.00%)
Train Loss: output=0.1750, reconstruction=0.0417
Epoch [361/400]
batch = 0 (Δ=0.214s, 100.00%)
Train Loss: output=0.1750, reconstruction=0.0418
Epoch [362/400]
batch = 0 (Δ=0.213s, 100.00%)
Train Loss: output=0.1750, reconstruction=0.0419
Epoch [363/400]
batch = 0 (Δ=0.216s, 100.00%)
Train Loss: output=0.1750, reconstruction=0.0660
Epoch [364/400]
batch = 0 (Δ=0.219s, 100.00%)
Train Loss: output=0.1750, reconstruction=0.0421
Epoch [365/400]
batch = 0 (Δ=0.208s, 100.00%)
Train Loss: output=0.1750, reconstruction=0.0408
Epoch [366/400]
batch = 0 (Δ=0.206s, 100.00%)
Train Loss: output=0.1750, reconstruction=0.0661
Epoch [367/400]
batch = 0 (Δ=0.207s, 100.00%)
Train Loss: output=0.1750, reconstruction=0.0415
Epoch [368/400]
batch = 0 (Δ=0.207s, 100.00%)
Train Loss: output=0.1750, reconstruction=0.0414
Epoch [369/400]
batch = 0 (Δ=0.207s, 100.00%)
Train Loss: output=0.1750, reconstruction=0.0403
Epoch [370/400]
batch = 0 (Δ=0.216s, 100.00%)
Train Loss: output=0.1750, reconstruction=0.0406
Epoch [371/400]
batch = 0 (Δ=0.214s, 100.00%)
Train Loss: output=0.1750, reconstruction=0.0407
Epoch [372/400]
batch = 0 (Δ=0.215s, 100.00%)
Train Loss: output=0.1750, reconstruction=0.0409
Epoch [373/400]
batch = 0 (Δ=0.215s, 100.00%)
Train Loss: output=0.1750, reconstruction=0.0410
Epoch [374/400]
batch = 0 (Δ=0.221s, 100.00%)
Train Loss: output=0.1750, reconstruction=0.0658
Epoch [375/400]
batch = 0 (Δ=0.215s, 100.00%)
Train Loss: output=0.1750, reconstruction=0.0659
Epoch [376/400]
batch = 0 (Δ=0.215s, 100.00%)
Train Loss: output=0.1750, reconstruction=0.0657
Epoch [377/400]
batch = 0 (Δ=0.214s, 100.00%)
Train Loss: output=0.1750, reconstruction=0.0413
Epoch [378/400]
batch = 0 (Δ=0.217s, 100.00%)
Train Loss: output=0.1750, reconstruction=0.0416
Epoch [379/400]
batch = 0 (Δ=0.214s, 100.00%)
Train Loss: output=0.1750, reconstruction=0.0411
Epoch [380/400]
batch = 0 (Δ=0.216s, 100.00%)
Train Loss: output=0.1750, reconstruction=0.0660
Epoch [381/400]
batch = 0 (Δ=0.212s, 100.00%)
Train Loss: output=0.1750, reconstruction=0.0417
Epoch [382/400]
batch = 0 (Δ=0.213s, 100.00%)
Train Loss: output=0.1750, reconstruction=0.0415
Epoch [383/400]
batch = 0 (Δ=0.212s, 100.00%)
Train Loss: output=0.1750, reconstruction=0.0415
Epoch [384/400]
batch = 0 (Δ=0.296s, 100.00%)
Train Loss: output=0.1750, reconstruction=0.0412
Epoch [385/400]
batch = 0 (Δ=0.211s, 100.00%)
Train Loss: output=0.1750, reconstruction=0.0411
Epoch [386/400]
batch = 0 (Δ=0.221s, 100.00%)
Train Loss: output=0.1750, reconstruction=0.0415
Epoch [387/400]
batch = 0 (Δ=0.216s, 100.00%)
Train Loss: output=0.1750, reconstruction=0.0415
Epoch [388/400]
batch = 0 (Δ=0.212s, 100.00%)
Train Loss: output=0.1750, reconstruction=0.0415
Epoch [389/400]
batch = 0 (Δ=0.222s, 100.00%)
Train Loss: output=0.1750, reconstruction=0.0417
Epoch [390/400]
batch = 0 (Δ=0.201s, 100.00%)
Train Loss: output=0.1750, reconstruction=0.0419
Epoch [391/400]
batch = 0 (Δ=0.220s, 100.00%)
Train Loss: output=0.1750, reconstruction=0.0416
Epoch [392/400]
batch = 0 (Δ=0.228s, 100.00%)
Train Loss: output=0.1750, reconstruction=0.0418
Epoch [393/400]
batch = 0 (Δ=0.226s, 100.00%)
Train Loss: output=0.1750, reconstruction=0.0420
Epoch [394/400]
batch = 0 (Δ=0.223s, 100.00%)
Train Loss: output=0.1750, reconstruction=0.0715
Epoch [395/400]
batch = 0 (Δ=0.239s, 100.00%)
Train Loss: output=0.1750, reconstruction=0.0420
Epoch [396/400]
batch = 0 (Δ=0.215s, 100.00%)
Train Loss: output=0.1750, reconstruction=0.0426
Epoch [397/400]
batch = 0 (Δ=0.209s, 100.00%)
Train Loss: output=0.1750, reconstruction=0.0425
Epoch [398/400]
batch = 0 (Δ=0.211s, 100.00%)
Train Loss: output=0.1750, reconstruction=0.0427
Epoch [399/400]
batch = 0 (Δ=0.208s, 100.00%)
Train Loss: output=0.1750, reconstruction=0.0430
Epoch [400/400]
batch = 0 (Δ=0.208s, 100.00%)
Train Loss: output=0.1750, reconstruction=0.0433
Final Stats:
=== Selected operation grammar ===
batch = 0 (Δ=0.182s, 100.00%)
=== Input Reconstruction (test) ===
  row[0] input='hello world' -> reconstructed='loving' label=0.0000 predicted=0.5006 MISMATCH
  row[1] input='hello there' -> reconstructed='' label=1.0000 predicted=0.5006 MISMATCH
  row[2] input='loving world' -> reconstructed='' label=1.0000 predicted=0.4990 MISMATCH
  row[3] input='loving there' -> reconstructed='' label=0.0000 predicted=0.4990 MISMATCH
=============================== warnings summary ===============================
test/test_explicit_dimensions.py::TestXorGrammarReconstruction::test_piecewise_overall_at_least_50_pct
  /Users/arogers/github/WikiOracle/basicmodel/bin/Models.py:7637: RuntimeWarning: output_state_boundary [config /Users/arogers/github/WikiOracle/basicmodel/data/XOR_grammar.xml]: supervised outputs with reconstruction and answerSynthesis=false use the direct head: output gradients train the whole input state; enable answerSynthesis for the concluded-idea state boundary
    warnings.warn(f"{site} [config {cfg}]: {detail}", RuntimeWarning)

test/test_explicit_dimensions.py::TestXorGrammarReconstruction::test_piecewise_overall_at_least_50_pct
  /Users/arogers/github/WikiOracle/basicmodel/.venv/lib/python3.12/site-packages/torch/utils/_device.py:122: UserWarning: Sparse invariant checks are implicitly disabled. Memory errors (e.g. SEGFAULT) will occur when operating on a sparse tensor which violates the invariants, but checks incur performance overhead. To silence this warning, explicitly opt in or out. See `torch.sparse.check_sparse_tensor_invariants.__doc__` for guidance.  (Triggered internally at /Users/runner/work/pytorch/pytorch/aten/src/ATen/Context.cpp:855.)
    return func(*args, **kwargs)

-- Docs: https://docs.pytest.org/en/stable/how-to/capture-warnings.html
=========================== short test summary info ============================
FAILED test/test_explicit_dimensions.py::TestXorGrammarReconstruction::test_piecewise_overall_at_least_50_pct
1 failed, 2 warnings in 83.86s (0:01:23)
