/Users/arogers/github/WikiOracle/basicmodel/bin/Models.py:7565: RuntimeWarning: output_state_boundary [config /Users/arogers/github/WikiOracle/basicmodel/doc/benchmarks/2026-10-01-stage1-and-suite-trim/review14/closing/XOR_grammar_sum_control.xml]: supervised outputs with reconstruction and answerSynthesis=false use the direct head: output gradients train the whole input state; enable answerSynthesis for the concluded-idea state boundary
  warnings.warn(f"{site} [config {cfg}]: {detail}", RuntimeWarning)
Device: cpu
Peer pipeline: static PS/WS stage bodies compiled separately; legacy compatibility scheduler remains outside fullgraph capture


==== BasicModel ====

Trial [1/1]
Baseline test pass skipped (--test not specified). Re-invoke train.py with --test to include baseline + post-epoch evaluation.
Epoch [1/400]
[AMP] off (fp32, MODEL_AMP unset or =off)
/Users/arogers/github/WikiOracle/basicmodel/.venv/lib/python3.12/site-packages/torch/utils/_device.py:122: UserWarning: Sparse invariant checks are implicitly disabled. Memory errors (e.g. SEGFAULT) will occur when operating on a sparse tensor which violates the invariants, but checks incur performance overhead. To silence this warning, explicitly opt in or out. See `torch.sparse.check_sparse_tensor_invariants.__doc__` for guidance.  (Triggered internally at /Users/runner/work/pytorch/pytorch/aten/src/ATen/Context.cpp:855.)
  return func(*args, **kwargs)
batch = 0 (warm-up, 100.00%)
Training throughput: 1 batches in 17.562s; word units 100.0% of 8 words (letters-only 100.0% of 8).
Train Loss: output=0.1754, reconstruction=0.0004
Epoch [2/400]
batch = 0 (Δ=0.226s, 100.00%)
Training throughput: 1 batches in 0.224s; word units 100.0% of 8 words (letters-only 100.0% of 8).
Train Loss: output=0.1751, reconstruction=0.0004
Epoch [3/400]
batch = 0 (Δ=0.222s, 100.00%)
Training throughput: 1 batches in 0.221s; word units 100.0% of 8 words (letters-only 100.0% of 8).
Train Loss: output=0.1752, reconstruction=0.0004
Epoch [4/400]
batch = 0 (Δ=0.224s, 100.00%)
Training throughput: 1 batches in 0.224s; word units 100.0% of 8 words (letters-only 100.0% of 8).
Train Loss: output=0.1751, reconstruction=0.0004
Epoch [5/400]
batch = 0 (Δ=0.224s, 100.00%)
Training throughput: 1 batches in 0.224s; word units 100.0% of 8 words (letters-only 100.0% of 8).
Train Loss: output=0.1751, reconstruction=0.0004
Epoch [6/400]
batch = 0 (Δ=0.223s, 100.00%)
Training throughput: 1 batches in 0.222s; word units 100.0% of 8 words (letters-only 100.0% of 8).
Train Loss: output=0.1750, reconstruction=0.0004
Epoch [7/400]
batch = 0 (Δ=0.222s, 100.00%)
Training throughput: 1 batches in 0.222s; word units 100.0% of 8 words (letters-only 100.0% of 8).
Train Loss: output=0.1751, reconstruction=0.0005
Epoch [8/400]
batch = 0 (Δ=0.221s, 100.00%)
Training throughput: 1 batches in 0.221s; word units 100.0% of 8 words (letters-only 100.0% of 8).
Train Loss: output=0.1751, reconstruction=0.0005
Epoch [9/400]
batch = 0 (Δ=0.225s, 100.00%)
Training throughput: 1 batches in 0.225s; word units 100.0% of 8 words (letters-only 100.0% of 8).
Train Loss: output=0.1750, reconstruction=0.0005
Epoch [10/400]
batch = 0 (Δ=0.226s, 100.00%)
Training throughput: 1 batches in 0.225s; word units 100.0% of 8 words (letters-only 100.0% of 8).
Train Loss: output=0.1750, reconstruction=0.0005
Epoch [11/400]
batch = 0 (Δ=0.220s, 100.00%)
Training throughput: 1 batches in 0.220s; word units 100.0% of 8 words (letters-only 100.0% of 8).
Train Loss: output=0.1750, reconstruction=0.0005
Epoch [12/400]
batch = 0 (Δ=0.219s, 100.00%)
Training throughput: 1 batches in 0.219s; word units 100.0% of 8 words (letters-only 100.0% of 8).
Train Loss: output=0.1750, reconstruction=0.0005
Epoch [13/400]
batch = 0 (Δ=0.221s, 100.00%)
Training throughput: 1 batches in 0.219s; word units 100.0% of 8 words (letters-only 100.0% of 8).
Train Loss: output=0.1750, reconstruction=0.0005
Epoch [14/400]
batch = 0 (Δ=0.219s, 100.00%)
Training throughput: 1 batches in 0.219s; word units 100.0% of 8 words (letters-only 100.0% of 8).
Train Loss: output=0.1750, reconstruction=0.0005
Epoch [15/400]
batch = 0 (Δ=0.226s, 100.00%)
Training throughput: 1 batches in 0.226s; word units 100.0% of 8 words (letters-only 100.0% of 8).
Train Loss: output=0.1750, reconstruction=0.0005
Epoch [16/400]
batch = 0 (Δ=0.222s, 100.00%)
Training throughput: 1 batches in 0.222s; word units 100.0% of 8 words (letters-only 100.0% of 8).
Train Loss: output=0.1750, reconstruction=0.0005
Epoch [17/400]
batch = 0 (Δ=0.218s, 100.00%)
Training throughput: 1 batches in 0.218s; word units 100.0% of 8 words (letters-only 100.0% of 8).
Train Loss: output=0.1750, reconstruction=0.0005
Epoch [18/400]
batch = 0 (Δ=0.227s, 100.00%)
Training throughput: 1 batches in 0.226s; word units 100.0% of 8 words (letters-only 100.0% of 8).
Train Loss: output=0.1750, reconstruction=0.0005
Epoch [19/400]
batch = 0 (Δ=0.215s, 100.00%)
Training throughput: 1 batches in 0.215s; word units 100.0% of 8 words (letters-only 100.0% of 8).
Train Loss: output=0.1750, reconstruction=0.0005
Epoch [20/400]
batch = 0 (Δ=0.226s, 100.00%)
Training throughput: 1 batches in 0.226s; word units 100.0% of 8 words (letters-only 100.0% of 8).
Train Loss: output=0.1750, reconstruction=0.0005
Epoch [21/400]
batch = 0 (Δ=0.221s, 100.00%)
Training throughput: 1 batches in 0.220s; word units 100.0% of 8 words (letters-only 100.0% of 8).
Train Loss: output=0.1750, reconstruction=0.0005
Epoch [22/400]
batch = 0 (Δ=0.221s, 100.00%)
Training throughput: 1 batches in 0.221s; word units 100.0% of 8 words (letters-only 100.0% of 8).
Train Loss: output=0.1750, reconstruction=0.0005
Epoch [23/400]
batch = 0 (Δ=0.223s, 100.00%)
Training throughput: 1 batches in 0.222s; word units 100.0% of 8 words (letters-only 100.0% of 8).
Train Loss: output=0.1750, reconstruction=0.0005
Epoch [24/400]
batch = 0 (Δ=0.221s, 100.00%)
Training throughput: 1 batches in 0.220s; word units 100.0% of 8 words (letters-only 100.0% of 8).
Train Loss: output=0.1750, reconstruction=0.0005
Epoch [25/400]
batch = 0 (Δ=0.229s, 100.00%)
Training throughput: 1 batches in 0.228s; word units 100.0% of 8 words (letters-only 100.0% of 8).
Train Loss: output=0.1750, reconstruction=0.0005
Epoch [26/400]
batch = 0 (Δ=0.221s, 100.00%)
Training throughput: 1 batches in 0.220s; word units 100.0% of 8 words (letters-only 100.0% of 8).
Train Loss: output=0.1750, reconstruction=0.0005
Epoch [27/400]
batch = 0 (Δ=0.221s, 100.00%)
Training throughput: 1 batches in 0.221s; word units 100.0% of 8 words (letters-only 100.0% of 8).
Train Loss: output=0.1750, reconstruction=0.0005
Epoch [28/400]
batch = 0 (Δ=0.230s, 100.00%)
Training throughput: 1 batches in 0.229s; word units 100.0% of 8 words (letters-only 100.0% of 8).
Train Loss: output=0.1750, reconstruction=0.0005
Epoch [29/400]
batch = 0 (Δ=0.219s, 100.00%)
Training throughput: 1 batches in 0.218s; word units 100.0% of 8 words (letters-only 100.0% of 8).
Train Loss: output=0.1750, reconstruction=0.0005
Epoch [30/400]
batch = 0 (Δ=0.229s, 100.00%)
Training throughput: 1 batches in 0.229s; word units 100.0% of 8 words (letters-only 100.0% of 8).
Train Loss: output=0.1750, reconstruction=0.0005
Epoch [31/400]
batch = 0 (Δ=0.221s, 100.00%)
Training throughput: 1 batches in 0.220s; word units 100.0% of 8 words (letters-only 100.0% of 8).
Train Loss: output=0.1750, reconstruction=0.0005
Epoch [32/400]
batch = 0 (Δ=0.225s, 100.00%)
Training throughput: 1 batches in 0.224s; word units 100.0% of 8 words (letters-only 100.0% of 8).
Train Loss: output=0.1750, reconstruction=0.0005
Epoch [33/400]
batch = 0 (Δ=0.221s, 100.00%)
Training throughput: 1 batches in 0.220s; word units 100.0% of 8 words (letters-only 100.0% of 8).
Train Loss: output=0.1750, reconstruction=0.0005
Epoch [34/400]
batch = 0 (Δ=0.223s, 100.00%)
Training throughput: 1 batches in 0.223s; word units 100.0% of 8 words (letters-only 100.0% of 8).
Train Loss: output=0.1750, reconstruction=0.0005
Epoch [35/400]
batch = 0 (Δ=0.229s, 100.00%)
Training throughput: 1 batches in 0.228s; word units 100.0% of 8 words (letters-only 100.0% of 8).
Train Loss: output=0.1750, reconstruction=0.0005
Epoch [36/400]
batch = 0 (Δ=0.223s, 100.00%)
Training throughput: 1 batches in 0.222s; word units 100.0% of 8 words (letters-only 100.0% of 8).
Train Loss: output=0.1750, reconstruction=0.0005
Epoch [37/400]
batch = 0 (Δ=0.226s, 100.00%)
Training throughput: 1 batches in 0.225s; word units 100.0% of 8 words (letters-only 100.0% of 8).
Train Loss: output=0.1750, reconstruction=0.0005
Epoch [38/400]
batch = 0 (Δ=0.222s, 100.00%)
Training throughput: 1 batches in 0.221s; word units 100.0% of 8 words (letters-only 100.0% of 8).
Train Loss: output=0.1750, reconstruction=0.0005
Epoch [39/400]
batch = 0 (Δ=0.223s, 100.00%)
Training throughput: 1 batches in 0.222s; word units 100.0% of 8 words (letters-only 100.0% of 8).
Train Loss: output=0.1750, reconstruction=0.0004
Epoch [40/400]
batch = 0 (Δ=0.225s, 100.00%)
Training throughput: 1 batches in 0.224s; word units 100.0% of 8 words (letters-only 100.0% of 8).
Train Loss: output=0.1750, reconstruction=0.0004
Epoch [41/400]
batch = 0 (Δ=0.219s, 100.00%)
Training throughput: 1 batches in 0.218s; word units 100.0% of 8 words (letters-only 100.0% of 8).
Train Loss: output=0.1750, reconstruction=0.0004
Epoch [42/400]
batch = 0 (Δ=0.225s, 100.00%)
Training throughput: 1 batches in 0.225s; word units 100.0% of 8 words (letters-only 100.0% of 8).
Train Loss: output=0.1750, reconstruction=0.0004
Epoch [43/400]
batch = 0 (Δ=0.223s, 100.00%)
Training throughput: 1 batches in 0.222s; word units 100.0% of 8 words (letters-only 100.0% of 8).
Train Loss: output=0.1750, reconstruction=0.0004
Epoch [44/400]
batch = 0 (Δ=0.224s, 100.00%)
Training throughput: 1 batches in 0.224s; word units 100.0% of 8 words (letters-only 100.0% of 8).
Train Loss: output=0.1750, reconstruction=0.0004
Epoch [45/400]
batch = 0 (Δ=0.224s, 100.00%)
Training throughput: 1 batches in 0.223s; word units 100.0% of 8 words (letters-only 100.0% of 8).
Train Loss: output=0.1750, reconstruction=0.0004
Epoch [46/400]
batch = 0 (Δ=0.221s, 100.00%)
Training throughput: 1 batches in 0.220s; word units 100.0% of 8 words (letters-only 100.0% of 8).
Train Loss: output=0.1750, reconstruction=0.0004
Epoch [47/400]
batch = 0 (Δ=0.230s, 100.00%)
Training throughput: 1 batches in 0.230s; word units 100.0% of 8 words (letters-only 100.0% of 8).
Train Loss: output=0.1750, reconstruction=0.0004
Epoch [48/400]
batch = 0 (Δ=0.224s, 100.00%)
Training throughput: 1 batches in 0.223s; word units 100.0% of 8 words (letters-only 100.0% of 8).
Train Loss: output=0.1750, reconstruction=0.0004
Epoch [49/400]
batch = 0 (Δ=0.227s, 100.00%)
Training throughput: 1 batches in 0.226s; word units 100.0% of 8 words (letters-only 100.0% of 8).
Train Loss: output=0.1750, reconstruction=0.0004
Epoch [50/400]
batch = 0 (Δ=0.223s, 100.00%)
Training throughput: 1 batches in 0.222s; word units 100.0% of 8 words (letters-only 100.0% of 8).
Train Loss: output=0.1750, reconstruction=0.0004
Epoch [51/400]
batch = 0 (Δ=0.221s, 100.00%)
Training throughput: 1 batches in 0.221s; word units 100.0% of 8 words (letters-only 100.0% of 8).
Train Loss: output=0.1750, reconstruction=0.0004
Epoch [52/400]
batch = 0 (Δ=0.223s, 100.00%)
Training throughput: 1 batches in 0.222s; word units 100.0% of 8 words (letters-only 100.0% of 8).
Train Loss: output=0.1750, reconstruction=0.0004
Epoch [53/400]
batch = 0 (Δ=0.479s, 100.00%)
Training throughput: 1 batches in 0.479s; word units 100.0% of 8 words (letters-only 100.0% of 8).
Train Loss: output=0.1750, reconstruction=0.0004
Epoch [54/400]
batch = 0 (Δ=0.222s, 100.00%)
Training throughput: 1 batches in 0.221s; word units 100.0% of 8 words (letters-only 100.0% of 8).
Train Loss: output=0.1750, reconstruction=0.0004
Epoch [55/400]
batch = 0 (Δ=0.223s, 100.00%)
Training throughput: 1 batches in 0.223s; word units 100.0% of 8 words (letters-only 100.0% of 8).
Train Loss: output=0.1750, reconstruction=0.0004
Epoch [56/400]
batch = 0 (Δ=0.227s, 100.00%)
Training throughput: 1 batches in 0.226s; word units 100.0% of 8 words (letters-only 100.0% of 8).
Train Loss: output=0.1750, reconstruction=0.0004
Epoch [57/400]
batch = 0 (Δ=0.220s, 100.00%)
Training throughput: 1 batches in 0.220s; word units 100.0% of 8 words (letters-only 100.0% of 8).
Train Loss: output=0.1750, reconstruction=0.0004
Epoch [58/400]
batch = 0 (Δ=0.227s, 100.00%)
Training throughput: 1 batches in 0.227s; word units 100.0% of 8 words (letters-only 100.0% of 8).
Train Loss: output=0.1750, reconstruction=0.0004
Epoch [59/400]
batch = 0 (Δ=0.222s, 100.00%)
Training throughput: 1 batches in 0.222s; word units 100.0% of 8 words (letters-only 100.0% of 8).
Train Loss: output=0.1750, reconstruction=0.0004
Epoch [60/400]
batch = 0 (Δ=0.224s, 100.00%)
Training throughput: 1 batches in 0.224s; word units 100.0% of 8 words (letters-only 100.0% of 8).
Train Loss: output=0.1750, reconstruction=0.0004
Epoch [61/400]
batch = 0 (Δ=0.221s, 100.00%)
Training throughput: 1 batches in 0.221s; word units 100.0% of 8 words (letters-only 100.0% of 8).
Train Loss: output=0.1750, reconstruction=0.0004
Epoch [62/400]
batch = 0 (Δ=0.222s, 100.00%)
Training throughput: 1 batches in 0.221s; word units 100.0% of 8 words (letters-only 100.0% of 8).
Train Loss: output=0.1750, reconstruction=0.0004
Epoch [63/400]
batch = 0 (Δ=0.226s, 100.00%)
Training throughput: 1 batches in 0.225s; word units 100.0% of 8 words (letters-only 100.0% of 8).
Train Loss: output=0.1750, reconstruction=0.0004
Epoch [64/400]
batch = 0 (Δ=0.221s, 100.00%)
Training throughput: 1 batches in 0.221s; word units 100.0% of 8 words (letters-only 100.0% of 8).
Train Loss: output=0.1750, reconstruction=0.0005
Epoch [65/400]
batch = 0 (Δ=0.230s, 100.00%)
Training throughput: 1 batches in 0.229s; word units 100.0% of 8 words (letters-only 100.0% of 8).
Train Loss: output=0.1750, reconstruction=0.0005
Epoch [66/400]
batch = 0 (Δ=0.222s, 100.00%)
Training throughput: 1 batches in 0.222s; word units 100.0% of 8 words (letters-only 100.0% of 8).
Train Loss: output=0.1750, reconstruction=0.0005
Epoch [67/400]
batch = 0 (Δ=0.219s, 100.00%)
Training throughput: 1 batches in 0.218s; word units 100.0% of 8 words (letters-only 100.0% of 8).
Train Loss: output=0.1750, reconstruction=0.0005
Epoch [68/400]
batch = 0 (Δ=0.223s, 100.00%)
Training throughput: 1 batches in 0.222s; word units 100.0% of 8 words (letters-only 100.0% of 8).
Train Loss: output=0.1750, reconstruction=0.0005
Epoch [69/400]
batch = 0 (Δ=0.225s, 100.00%)
Training throughput: 1 batches in 0.225s; word units 100.0% of 8 words (letters-only 100.0% of 8).
Train Loss: output=0.1750, reconstruction=0.0005
Epoch [70/400]
batch = 0 (Δ=0.222s, 100.00%)
Training throughput: 1 batches in 0.221s; word units 100.0% of 8 words (letters-only 100.0% of 8).
Train Loss: output=0.1750, reconstruction=0.0005
Epoch [71/400]
batch = 0 (Δ=0.221s, 100.00%)
Training throughput: 1 batches in 0.221s; word units 100.0% of 8 words (letters-only 100.0% of 8).
Train Loss: output=0.1750, reconstruction=0.0005
Epoch [72/400]
batch = 0 (Δ=0.222s, 100.00%)
Training throughput: 1 batches in 0.222s; word units 100.0% of 8 words (letters-only 100.0% of 8).
Train Loss: output=0.1750, reconstruction=0.0005
Epoch [73/400]
batch = 0 (Δ=0.229s, 100.00%)
Training throughput: 1 batches in 0.229s; word units 100.0% of 8 words (letters-only 100.0% of 8).
Train Loss: output=0.1750, reconstruction=0.0006
Epoch [74/400]
batch = 0 (Δ=0.220s, 100.00%)
Training throughput: 1 batches in 0.219s; word units 100.0% of 8 words (letters-only 100.0% of 8).
Train Loss: output=0.1750, reconstruction=0.0006
Epoch [75/400]
batch = 0 (Δ=0.225s, 100.00%)
Training throughput: 1 batches in 0.224s; word units 100.0% of 8 words (letters-only 100.0% of 8).
Train Loss: output=0.1750, reconstruction=0.0006
Epoch [76/400]
batch = 0 (Δ=0.227s, 100.00%)
Training throughput: 1 batches in 0.227s; word units 100.0% of 8 words (letters-only 100.0% of 8).
Train Loss: output=0.1750, reconstruction=0.0006
Epoch [77/400]
batch = 0 (Δ=0.232s, 100.00%)
Training throughput: 1 batches in 0.232s; word units 100.0% of 8 words (letters-only 100.0% of 8).
Train Loss: output=0.1750, reconstruction=0.0006
Epoch [78/400]
batch = 0 (Δ=0.224s, 100.00%)
Training throughput: 1 batches in 0.223s; word units 100.0% of 8 words (letters-only 100.0% of 8).
Train Loss: output=0.1750, reconstruction=0.0006
Epoch [79/400]
batch = 0 (Δ=0.225s, 100.00%)
Training throughput: 1 batches in 0.224s; word units 100.0% of 8 words (letters-only 100.0% of 8).
Train Loss: output=0.1750, reconstruction=0.0006
Epoch [80/400]
batch = 0 (Δ=0.228s, 100.00%)
Training throughput: 1 batches in 0.228s; word units 100.0% of 8 words (letters-only 100.0% of 8).
Train Loss: output=0.1750, reconstruction=0.0006
Epoch [81/400]
batch = 0 (Δ=0.224s, 100.00%)
Training throughput: 1 batches in 0.224s; word units 100.0% of 8 words (letters-only 100.0% of 8).
Train Loss: output=0.1750, reconstruction=0.0006
Epoch [82/400]
batch = 0 (Δ=0.227s, 100.00%)
Training throughput: 1 batches in 0.227s; word units 100.0% of 8 words (letters-only 100.0% of 8).
Train Loss: output=0.1750, reconstruction=0.0006
Epoch [83/400]
batch = 0 (Δ=0.222s, 100.00%)
Training throughput: 1 batches in 0.221s; word units 100.0% of 8 words (letters-only 100.0% of 8).
Train Loss: output=0.1750, reconstruction=0.0006
Epoch [84/400]
batch = 0 (Δ=0.225s, 100.00%)
Training throughput: 1 batches in 0.224s; word units 100.0% of 8 words (letters-only 100.0% of 8).
Train Loss: output=0.1750, reconstruction=0.0007
Epoch [85/400]
batch = 0 (Δ=0.225s, 100.00%)
Training throughput: 1 batches in 0.225s; word units 100.0% of 8 words (letters-only 100.0% of 8).
Train Loss: output=0.1750, reconstruction=0.0007
Epoch [86/400]
batch = 0 (Δ=0.225s, 100.00%)
Training throughput: 1 batches in 0.224s; word units 100.0% of 8 words (letters-only 100.0% of 8).
Train Loss: output=0.1750, reconstruction=0.0007
Epoch [87/400]
batch = 0 (Δ=0.227s, 100.00%)
Training throughput: 1 batches in 0.226s; word units 100.0% of 8 words (letters-only 100.0% of 8).
Train Loss: output=0.1750, reconstruction=0.0006
Epoch [88/400]
batch = 0 (Δ=0.223s, 100.00%)
Training throughput: 1 batches in 0.222s; word units 100.0% of 8 words (letters-only 100.0% of 8).
Train Loss: output=0.1750, reconstruction=0.0006
Epoch [89/400]
batch = 0 (Δ=0.223s, 100.00%)
Training throughput: 1 batches in 0.223s; word units 100.0% of 8 words (letters-only 100.0% of 8).
Train Loss: output=0.1750, reconstruction=0.0006
Epoch [90/400]
batch = 0 (Δ=0.222s, 100.00%)
Training throughput: 1 batches in 0.221s; word units 100.0% of 8 words (letters-only 100.0% of 8).
Train Loss: output=0.1750, reconstruction=0.0006
Epoch [91/400]
batch = 0 (Δ=0.220s, 100.00%)
Training throughput: 1 batches in 0.219s; word units 100.0% of 8 words (letters-only 100.0% of 8).
Train Loss: output=0.1750, reconstruction=0.0007
Epoch [92/400]
batch = 0 (Δ=0.225s, 100.00%)
Training throughput: 1 batches in 0.225s; word units 100.0% of 8 words (letters-only 100.0% of 8).
Train Loss: output=0.1750, reconstruction=0.0007
Epoch [93/400]
batch = 0 (Δ=0.221s, 100.00%)
Training throughput: 1 batches in 0.221s; word units 100.0% of 8 words (letters-only 100.0% of 8).
Train Loss: output=0.1750, reconstruction=0.0006
Epoch [94/400]
batch = 0 (Δ=0.223s, 100.00%)
Training throughput: 1 batches in 0.223s; word units 100.0% of 8 words (letters-only 100.0% of 8).
Train Loss: output=0.1750, reconstruction=0.0006
Epoch [95/400]
batch = 0 (Δ=0.221s, 100.00%)
Training throughput: 1 batches in 0.221s; word units 100.0% of 8 words (letters-only 100.0% of 8).
Train Loss: output=0.1750, reconstruction=0.0006
Epoch [96/400]
batch = 0 (Δ=0.220s, 100.00%)
Training throughput: 1 batches in 0.220s; word units 100.0% of 8 words (letters-only 100.0% of 8).
Train Loss: output=0.1750, reconstruction=0.0006
Epoch [97/400]
batch = 0 (Δ=0.226s, 100.00%)
Training throughput: 1 batches in 0.225s; word units 100.0% of 8 words (letters-only 100.0% of 8).
Train Loss: output=0.1750, reconstruction=0.0006
Epoch [98/400]
batch = 0 (Δ=0.221s, 100.00%)
Training throughput: 1 batches in 0.221s; word units 100.0% of 8 words (letters-only 100.0% of 8).
Train Loss: output=0.1750, reconstruction=0.0006
Epoch [99/400]
batch = 0 (Δ=0.226s, 100.00%)
Training throughput: 1 batches in 0.225s; word units 100.0% of 8 words (letters-only 100.0% of 8).
Train Loss: output=0.1750, reconstruction=0.0006
Epoch [100/400]
batch = 0 (Δ=0.218s, 100.00%)
Training throughput: 1 batches in 0.218s; word units 100.0% of 8 words (letters-only 100.0% of 8).
Train Loss: output=0.1750, reconstruction=0.0006
Epoch [101/400]
batch = 0 (Δ=0.221s, 100.00%)
Training throughput: 1 batches in 0.221s; word units 100.0% of 8 words (letters-only 100.0% of 8).
Train Loss: output=0.1750, reconstruction=0.0005
Epoch [102/400]
batch = 0 (Δ=0.226s, 100.00%)
Training throughput: 1 batches in 0.225s; word units 100.0% of 8 words (letters-only 100.0% of 8).
Train Loss: output=0.1750, reconstruction=0.0005
Epoch [103/400]
batch = 0 (Δ=0.221s, 100.00%)
Training throughput: 1 batches in 0.220s; word units 100.0% of 8 words (letters-only 100.0% of 8).
Train Loss: output=0.1750, reconstruction=0.0005
Epoch [104/400]
batch = 0 (Δ=0.225s, 100.00%)
Training throughput: 1 batches in 0.224s; word units 100.0% of 8 words (letters-only 100.0% of 8).
Train Loss: output=0.1750, reconstruction=0.0006
Epoch [105/400]
batch = 0 (Δ=0.224s, 100.00%)
Training throughput: 1 batches in 0.224s; word units 100.0% of 8 words (letters-only 100.0% of 8).
Train Loss: output=0.1750, reconstruction=0.0006
Epoch [106/400]
batch = 0 (Δ=0.225s, 100.00%)
Training throughput: 1 batches in 0.225s; word units 100.0% of 8 words (letters-only 100.0% of 8).
Train Loss: output=0.1750, reconstruction=0.0005
Epoch [107/400]
batch = 0 (Δ=0.223s, 100.00%)
Training throughput: 1 batches in 0.222s; word units 100.0% of 8 words (letters-only 100.0% of 8).
Train Loss: output=0.1750, reconstruction=0.0005
Epoch [108/400]
batch = 0 (Δ=0.221s, 100.00%)
Training throughput: 1 batches in 0.220s; word units 100.0% of 8 words (letters-only 100.0% of 8).
Train Loss: output=0.1750, reconstruction=0.0005
Epoch [109/400]
batch = 0 (Δ=0.224s, 100.00%)
Training throughput: 1 batches in 0.224s; word units 100.0% of 8 words (letters-only 100.0% of 8).
Train Loss: output=0.1750, reconstruction=0.0005
Epoch [110/400]
batch = 0 (Δ=0.220s, 100.00%)
Training throughput: 1 batches in 0.220s; word units 100.0% of 8 words (letters-only 100.0% of 8).
Train Loss: output=0.1750, reconstruction=0.0005
Epoch [111/400]
batch = 0 (Δ=0.228s, 100.00%)
Training throughput: 1 batches in 0.228s; word units 100.0% of 8 words (letters-only 100.0% of 8).
Train Loss: output=0.1750, reconstruction=0.0005
Epoch [112/400]
batch = 0 (Δ=0.220s, 100.00%)
Training throughput: 1 batches in 0.220s; word units 100.0% of 8 words (letters-only 100.0% of 8).
Train Loss: output=0.1750, reconstruction=0.0005
Epoch [113/400]
batch = 0 (Δ=0.222s, 100.00%)
Training throughput: 1 batches in 0.222s; word units 100.0% of 8 words (letters-only 100.0% of 8).
Train Loss: output=0.1750, reconstruction=0.0005
Epoch [114/400]
batch = 0 (Δ=0.224s, 100.00%)
Training throughput: 1 batches in 0.224s; word units 100.0% of 8 words (letters-only 100.0% of 8).
Train Loss: output=0.1750, reconstruction=0.0005
Epoch [115/400]
batch = 0 (Δ=0.219s, 100.00%)
Training throughput: 1 batches in 0.219s; word units 100.0% of 8 words (letters-only 100.0% of 8).
Train Loss: output=0.1750, reconstruction=0.0005
Epoch [116/400]
batch = 0 (Δ=0.227s, 100.00%)
Training throughput: 1 batches in 0.226s; word units 100.0% of 8 words (letters-only 100.0% of 8).
Train Loss: output=0.1750, reconstruction=0.0005
Epoch [117/400]
batch = 0 (Δ=0.227s, 100.00%)
Training throughput: 1 batches in 0.227s; word units 100.0% of 8 words (letters-only 100.0% of 8).
Train Loss: output=0.1750, reconstruction=0.0005
Epoch [118/400]
batch = 0 (Δ=0.220s, 100.00%)
Training throughput: 1 batches in 0.219s; word units 100.0% of 8 words (letters-only 100.0% of 8).
Train Loss: output=0.1750, reconstruction=0.0005
Epoch [119/400]
batch = 0 (Δ=0.223s, 100.00%)
Training throughput: 1 batches in 0.223s; word units 100.0% of 8 words (letters-only 100.0% of 8).
Train Loss: output=0.1750, reconstruction=0.0005
Epoch [120/400]
batch = 0 (Δ=0.220s, 100.00%)
Training throughput: 1 batches in 0.220s; word units 100.0% of 8 words (letters-only 100.0% of 8).
Train Loss: output=0.1750, reconstruction=0.0005
Epoch [121/400]
batch = 0 (Δ=0.227s, 100.00%)
Training throughput: 1 batches in 0.227s; word units 100.0% of 8 words (letters-only 100.0% of 8).
Train Loss: output=0.1750, reconstruction=0.0005
Epoch [122/400]
batch = 0 (Δ=0.219s, 100.00%)
Training throughput: 1 batches in 0.218s; word units 100.0% of 8 words (letters-only 100.0% of 8).
Train Loss: output=0.1750, reconstruction=0.0005
Epoch [123/400]
batch = 0 (Δ=0.224s, 100.00%)
Training throughput: 1 batches in 0.224s; word units 100.0% of 8 words (letters-only 100.0% of 8).
Train Loss: output=0.1750, reconstruction=0.0005
Epoch [124/400]
batch = 0 (Δ=0.225s, 100.00%)
Training throughput: 1 batches in 0.224s; word units 100.0% of 8 words (letters-only 100.0% of 8).
Train Loss: output=0.1750, reconstruction=0.0005
Epoch [125/400]
batch = 0 (Δ=0.223s, 100.00%)
Training throughput: 1 batches in 0.223s; word units 100.0% of 8 words (letters-only 100.0% of 8).
Train Loss: output=0.1750, reconstruction=0.0005
Epoch [126/400]
batch = 0 (Δ=0.230s, 100.00%)
Training throughput: 1 batches in 0.229s; word units 100.0% of 8 words (letters-only 100.0% of 8).
Train Loss: output=0.1750, reconstruction=0.0005
Epoch [127/400]
batch = 0 (Δ=0.222s, 100.00%)
Training throughput: 1 batches in 0.221s; word units 100.0% of 8 words (letters-only 100.0% of 8).
Train Loss: output=0.1750, reconstruction=0.0005
Epoch [128/400]
batch = 0 (Δ=0.225s, 100.00%)
Training throughput: 1 batches in 0.224s; word units 100.0% of 8 words (letters-only 100.0% of 8).
Train Loss: output=0.1750, reconstruction=0.0005
Epoch [129/400]
batch = 0 (Δ=0.223s, 100.00%)
Training throughput: 1 batches in 0.223s; word units 100.0% of 8 words (letters-only 100.0% of 8).
Train Loss: output=0.1750, reconstruction=0.0005
Epoch [130/400]
batch = 0 (Δ=0.227s, 100.00%)
Training throughput: 1 batches in 0.227s; word units 100.0% of 8 words (letters-only 100.0% of 8).
Train Loss: output=0.1750, reconstruction=0.0005
Epoch [131/400]
batch = 0 (Δ=0.226s, 100.00%)
Training throughput: 1 batches in 0.225s; word units 100.0% of 8 words (letters-only 100.0% of 8).
Train Loss: output=0.1750, reconstruction=0.0005
Epoch [132/400]
batch = 0 (Δ=0.220s, 100.00%)
Training throughput: 1 batches in 0.220s; word units 100.0% of 8 words (letters-only 100.0% of 8).
Train Loss: output=0.1750, reconstruction=0.0005
Epoch [133/400]
batch = 0 (Δ=0.225s, 100.00%)
Training throughput: 1 batches in 0.224s; word units 100.0% of 8 words (letters-only 100.0% of 8).
Train Loss: output=0.1750, reconstruction=0.0005
Epoch [134/400]
batch = 0 (Δ=0.221s, 100.00%)
Training throughput: 1 batches in 0.221s; word units 100.0% of 8 words (letters-only 100.0% of 8).
Train Loss: output=0.1750, reconstruction=0.0005
Epoch [135/400]
batch = 0 (Δ=0.222s, 100.00%)
Training throughput: 1 batches in 0.222s; word units 100.0% of 8 words (letters-only 100.0% of 8).
Train Loss: output=0.1750, reconstruction=0.0005
Epoch [136/400]
batch = 0 (Δ=0.225s, 100.00%)
Training throughput: 1 batches in 0.224s; word units 100.0% of 8 words (letters-only 100.0% of 8).
Train Loss: output=0.1750, reconstruction=0.0005
Epoch [137/400]
batch = 0 (Δ=0.220s, 100.00%)
Training throughput: 1 batches in 0.220s; word units 100.0% of 8 words (letters-only 100.0% of 8).
Train Loss: output=0.1750, reconstruction=0.0005
Epoch [138/400]
batch = 0 (Δ=0.225s, 100.00%)
Training throughput: 1 batches in 0.224s; word units 100.0% of 8 words (letters-only 100.0% of 8).
Train Loss: output=0.1750, reconstruction=0.0005
Epoch [139/400]
batch = 0 (Δ=0.223s, 100.00%)
Training throughput: 1 batches in 0.222s; word units 100.0% of 8 words (letters-only 100.0% of 8).
Train Loss: output=0.1750, reconstruction=0.0005
Epoch [140/400]
batch = 0 (Δ=0.224s, 100.00%)
Training throughput: 1 batches in 0.224s; word units 100.0% of 8 words (letters-only 100.0% of 8).
Train Loss: output=0.1750, reconstruction=0.0005
Epoch [141/400]
batch = 0 (Δ=0.221s, 100.00%)
Training throughput: 1 batches in 0.220s; word units 100.0% of 8 words (letters-only 100.0% of 8).
Train Loss: output=0.1750, reconstruction=0.0005
Epoch [142/400]
batch = 0 (Δ=0.429s, 100.00%)
Training throughput: 1 batches in 0.428s; word units 100.0% of 8 words (letters-only 100.0% of 8).
Train Loss: output=0.1750, reconstruction=0.0005
Epoch [143/400]
batch = 0 (Δ=0.220s, 100.00%)
Training throughput: 1 batches in 0.219s; word units 100.0% of 8 words (letters-only 100.0% of 8).
Train Loss: output=0.1750, reconstruction=0.0005
Epoch [144/400]
batch = 0 (Δ=0.226s, 100.00%)
Training throughput: 1 batches in 0.226s; word units 100.0% of 8 words (letters-only 100.0% of 8).
Train Loss: output=0.1750, reconstruction=0.0005
Epoch [145/400]
batch = 0 (Δ=0.221s, 100.00%)
Training throughput: 1 batches in 0.220s; word units 100.0% of 8 words (letters-only 100.0% of 8).
Train Loss: output=0.1750, reconstruction=0.0005
Epoch [146/400]
batch = 0 (Δ=0.224s, 100.00%)
Training throughput: 1 batches in 0.223s; word units 100.0% of 8 words (letters-only 100.0% of 8).
Train Loss: output=0.1750, reconstruction=0.0005
Epoch [147/400]
batch = 0 (Δ=0.226s, 100.00%)
Training throughput: 1 batches in 0.225s; word units 100.0% of 8 words (letters-only 100.0% of 8).
Train Loss: output=0.1750, reconstruction=0.0005
Epoch [148/400]
batch = 0 (Δ=0.223s, 100.00%)
Training throughput: 1 batches in 0.223s; word units 100.0% of 8 words (letters-only 100.0% of 8).
Train Loss: output=0.1750, reconstruction=0.0005
Epoch [149/400]
batch = 0 (Δ=0.227s, 100.00%)
Training throughput: 1 batches in 0.226s; word units 100.0% of 8 words (letters-only 100.0% of 8).
Train Loss: output=0.1750, reconstruction=0.0005
Epoch [150/400]
batch = 0 (Δ=0.225s, 100.00%)
Training throughput: 1 batches in 0.224s; word units 100.0% of 8 words (letters-only 100.0% of 8).
Train Loss: output=0.1750, reconstruction=0.0005
Epoch [151/400]
batch = 0 (Δ=0.222s, 100.00%)
Training throughput: 1 batches in 0.222s; word units 100.0% of 8 words (letters-only 100.0% of 8).
Train Loss: output=0.1750, reconstruction=0.0006
Epoch [152/400]
batch = 0 (Δ=0.225s, 100.00%)
Training throughput: 1 batches in 0.225s; word units 100.0% of 8 words (letters-only 100.0% of 8).
Train Loss: output=0.1750, reconstruction=0.0006
Epoch [153/400]
batch = 0 (Δ=0.223s, 100.00%)
Training throughput: 1 batches in 0.223s; word units 100.0% of 8 words (letters-only 100.0% of 8).
Train Loss: output=0.1750, reconstruction=0.0006
Epoch [154/400]
batch = 0 (Δ=0.228s, 100.00%)
Training throughput: 1 batches in 0.228s; word units 100.0% of 8 words (letters-only 100.0% of 8).
Train Loss: output=0.1750, reconstruction=0.0006
Epoch [155/400]
batch = 0 (Δ=0.222s, 100.00%)
Training throughput: 1 batches in 0.222s; word units 100.0% of 8 words (letters-only 100.0% of 8).
Train Loss: output=0.1750, reconstruction=0.0006
Epoch [156/400]
batch = 0 (Δ=0.222s, 100.00%)
Training throughput: 1 batches in 0.221s; word units 100.0% of 8 words (letters-only 100.0% of 8).
Train Loss: output=0.1750, reconstruction=0.0006
Epoch [157/400]
batch = 0 (Δ=0.226s, 100.00%)
Training throughput: 1 batches in 0.226s; word units 100.0% of 8 words (letters-only 100.0% of 8).
Train Loss: output=0.1750, reconstruction=0.0006
Epoch [158/400]
batch = 0 (Δ=0.222s, 100.00%)
Training throughput: 1 batches in 0.222s; word units 100.0% of 8 words (letters-only 100.0% of 8).
Train Loss: output=0.1750, reconstruction=0.0006
Epoch [159/400]
batch = 0 (Δ=0.228s, 100.00%)
Training throughput: 1 batches in 0.228s; word units 100.0% of 8 words (letters-only 100.0% of 8).
Train Loss: output=0.1750, reconstruction=0.0006
Epoch [160/400]
batch = 0 (Δ=0.227s, 100.00%)
Training throughput: 1 batches in 0.226s; word units 100.0% of 8 words (letters-only 100.0% of 8).
Train Loss: output=0.1750, reconstruction=0.0006
Epoch [161/400]
batch = 0 (Δ=0.225s, 100.00%)
Training throughput: 1 batches in 0.225s; word units 100.0% of 8 words (letters-only 100.0% of 8).
Train Loss: output=0.1750, reconstruction=0.0006
Epoch [162/400]
batch = 0 (Δ=0.222s, 100.00%)
Training throughput: 1 batches in 0.221s; word units 100.0% of 8 words (letters-only 100.0% of 8).
Train Loss: output=0.1750, reconstruction=0.0006
Epoch [163/400]
batch = 0 (Δ=0.222s, 100.00%)
Training throughput: 1 batches in 0.221s; word units 100.0% of 8 words (letters-only 100.0% of 8).
Train Loss: output=0.1750, reconstruction=0.0006
Epoch [164/400]
batch = 0 (Δ=0.227s, 100.00%)
Training throughput: 1 batches in 0.226s; word units 100.0% of 8 words (letters-only 100.0% of 8).
Train Loss: output=0.1750, reconstruction=0.0006
Epoch [165/400]
batch = 0 (Δ=0.224s, 100.00%)
Training throughput: 1 batches in 0.224s; word units 100.0% of 8 words (letters-only 100.0% of 8).
Train Loss: output=0.1750, reconstruction=0.0006
Epoch [166/400]
batch = 0 (Δ=0.224s, 100.00%)
Training throughput: 1 batches in 0.224s; word units 100.0% of 8 words (letters-only 100.0% of 8).
Train Loss: output=0.1750, reconstruction=0.0006
Epoch [167/400]
batch = 0 (Δ=0.224s, 100.00%)
Training throughput: 1 batches in 0.223s; word units 100.0% of 8 words (letters-only 100.0% of 8).
Train Loss: output=0.1750, reconstruction=0.0006
Epoch [168/400]
batch = 0 (Δ=0.225s, 100.00%)
Training throughput: 1 batches in 0.224s; word units 100.0% of 8 words (letters-only 100.0% of 8).
Train Loss: output=0.1750, reconstruction=0.0006
Epoch [169/400]
batch = 0 (Δ=0.227s, 100.00%)
Training throughput: 1 batches in 0.227s; word units 100.0% of 8 words (letters-only 100.0% of 8).
Train Loss: output=0.1750, reconstruction=0.0006
Epoch [170/400]
batch = 0 (Δ=0.219s, 100.00%)
Training throughput: 1 batches in 0.219s; word units 100.0% of 8 words (letters-only 100.0% of 8).
Train Loss: output=0.1750, reconstruction=0.0006
Epoch [171/400]
batch = 0 (Δ=0.225s, 100.00%)
Training throughput: 1 batches in 0.224s; word units 100.0% of 8 words (letters-only 100.0% of 8).
Train Loss: output=0.1750, reconstruction=0.0006
Epoch [172/400]
batch = 0 (Δ=0.222s, 100.00%)
Training throughput: 1 batches in 0.221s; word units 100.0% of 8 words (letters-only 100.0% of 8).
Train Loss: output=0.1750, reconstruction=0.0006
Epoch [173/400]
batch = 0 (Δ=0.225s, 100.00%)
Training throughput: 1 batches in 0.225s; word units 100.0% of 8 words (letters-only 100.0% of 8).
Train Loss: output=0.1750, reconstruction=0.0007
Epoch [174/400]
batch = 0 (Δ=0.223s, 100.00%)
Training throughput: 1 batches in 0.222s; word units 100.0% of 8 words (letters-only 100.0% of 8).
Train Loss: output=0.1750, reconstruction=0.0007
Epoch [175/400]
batch = 0 (Δ=0.221s, 100.00%)
Training throughput: 1 batches in 0.221s; word units 100.0% of 8 words (letters-only 100.0% of 8).
Train Loss: output=0.1750, reconstruction=0.0007
Epoch [176/400]
batch = 0 (Δ=0.226s, 100.00%)
Training throughput: 1 batches in 0.225s; word units 100.0% of 8 words (letters-only 100.0% of 8).
Train Loss: output=0.1750, reconstruction=0.0007
Epoch [177/400]
batch = 0 (Δ=0.225s, 100.00%)
Training throughput: 1 batches in 0.224s; word units 100.0% of 8 words (letters-only 100.0% of 8).
Train Loss: output=0.1750, reconstruction=0.0007
Epoch [178/400]
batch = 0 (Δ=0.228s, 100.00%)
Training throughput: 1 batches in 0.228s; word units 100.0% of 8 words (letters-only 100.0% of 8).
Train Loss: output=0.1750, reconstruction=0.0007
Epoch [179/400]
batch = 0 (Δ=0.220s, 100.00%)
Training throughput: 1 batches in 0.219s; word units 100.0% of 8 words (letters-only 100.0% of 8).
Train Loss: output=0.1750, reconstruction=0.0007
Epoch [180/400]
batch = 0 (Δ=0.223s, 100.00%)
Training throughput: 1 batches in 0.222s; word units 100.0% of 8 words (letters-only 100.0% of 8).
Train Loss: output=0.1750, reconstruction=0.0007
Epoch [181/400]
batch = 0 (Δ=0.224s, 100.00%)
Training throughput: 1 batches in 0.223s; word units 100.0% of 8 words (letters-only 100.0% of 8).
Train Loss: output=0.1750, reconstruction=0.0007
Epoch [182/400]
batch = 0 (Δ=0.225s, 100.00%)
Training throughput: 1 batches in 0.224s; word units 100.0% of 8 words (letters-only 100.0% of 8).
Train Loss: output=0.1750, reconstruction=0.0008
Epoch [183/400]
batch = 0 (Δ=0.229s, 100.00%)
Training throughput: 1 batches in 0.229s; word units 100.0% of 8 words (letters-only 100.0% of 8).
Train Loss: output=0.1750, reconstruction=0.0008
Epoch [184/400]
batch = 0 (Δ=0.224s, 100.00%)
Training throughput: 1 batches in 0.223s; word units 100.0% of 8 words (letters-only 100.0% of 8).
Train Loss: output=0.1750, reconstruction=0.0008
Epoch [185/400]
batch = 0 (Δ=0.222s, 100.00%)
Training throughput: 1 batches in 0.221s; word units 100.0% of 8 words (letters-only 100.0% of 8).
Train Loss: output=0.1750, reconstruction=0.0007
Epoch [186/400]
batch = 0 (Δ=0.227s, 100.00%)
Training throughput: 1 batches in 0.227s; word units 100.0% of 8 words (letters-only 100.0% of 8).
Train Loss: output=0.1750, reconstruction=0.0007
Epoch [187/400]
batch = 0 (Δ=0.222s, 100.00%)
Training throughput: 1 batches in 0.221s; word units 100.0% of 8 words (letters-only 100.0% of 8).
Train Loss: output=0.1750, reconstruction=0.0007
Epoch [188/400]
batch = 0 (Δ=0.228s, 100.00%)
Training throughput: 1 batches in 0.228s; word units 100.0% of 8 words (letters-only 100.0% of 8).
Train Loss: output=0.1750, reconstruction=0.0007
Epoch [189/400]
batch = 0 (Δ=0.221s, 100.00%)
Training throughput: 1 batches in 0.221s; word units 100.0% of 8 words (letters-only 100.0% of 8).
Train Loss: output=0.1750, reconstruction=0.0007
Epoch [190/400]
batch = 0 (Δ=0.223s, 100.00%)
Training throughput: 1 batches in 0.223s; word units 100.0% of 8 words (letters-only 100.0% of 8).
Train Loss: output=0.1750, reconstruction=0.0006
Epoch [191/400]
batch = 0 (Δ=0.227s, 100.00%)
Training throughput: 1 batches in 0.227s; word units 100.0% of 8 words (letters-only 100.0% of 8).
Train Loss: output=0.1750, reconstruction=0.0006
Epoch [192/400]
batch = 0 (Δ=0.219s, 100.00%)
Training throughput: 1 batches in 0.218s; word units 100.0% of 8 words (letters-only 100.0% of 8).
Train Loss: output=0.1750, reconstruction=0.0006
Epoch [193/400]
batch = 0 (Δ=0.231s, 100.00%)
Training throughput: 1 batches in 0.230s; word units 100.0% of 8 words (letters-only 100.0% of 8).
Train Loss: output=0.1750, reconstruction=0.0006
Epoch [194/400]
batch = 0 (Δ=0.223s, 100.00%)
Training throughput: 1 batches in 0.223s; word units 100.0% of 8 words (letters-only 100.0% of 8).
Train Loss: output=0.1750, reconstruction=0.0006
Epoch [195/400]
batch = 0 (Δ=0.224s, 100.00%)
Training throughput: 1 batches in 0.224s; word units 100.0% of 8 words (letters-only 100.0% of 8).
Train Loss: output=0.1750, reconstruction=0.0006
Epoch [196/400]
batch = 0 (Δ=0.223s, 100.00%)
Training throughput: 1 batches in 0.223s; word units 100.0% of 8 words (letters-only 100.0% of 8).
Train Loss: output=0.1750, reconstruction=0.0005
Epoch [197/400]
batch = 0 (Δ=0.224s, 100.00%)
Training throughput: 1 batches in 0.224s; word units 100.0% of 8 words (letters-only 100.0% of 8).
Train Loss: output=0.1750, reconstruction=0.0005
Epoch [198/400]
batch = 0 (Δ=0.229s, 100.00%)
Training throughput: 1 batches in 0.228s; word units 100.0% of 8 words (letters-only 100.0% of 8).
Train Loss: output=0.1750, reconstruction=0.0005
Epoch [199/400]
batch = 0 (Δ=0.225s, 100.00%)
Training throughput: 1 batches in 0.225s; word units 100.0% of 8 words (letters-only 100.0% of 8).
Train Loss: output=0.1750, reconstruction=0.0005
Epoch [200/400]
batch = 0 (Δ=0.222s, 100.00%)
Training throughput: 1 batches in 0.221s; word units 100.0% of 8 words (letters-only 100.0% of 8).
Train Loss: output=0.1750, reconstruction=0.0005
Epoch [201/400]
batch = 0 (Δ=0.222s, 100.00%)
Training throughput: 1 batches in 0.221s; word units 100.0% of 8 words (letters-only 100.0% of 8).
Train Loss: output=0.1750, reconstruction=0.0005
Epoch [202/400]
batch = 0 (Δ=0.224s, 100.00%)
Training throughput: 1 batches in 0.224s; word units 100.0% of 8 words (letters-only 100.0% of 8).
Train Loss: output=0.1750, reconstruction=0.0005
Epoch [203/400]
batch = 0 (Δ=0.226s, 100.00%)
Training throughput: 1 batches in 0.225s; word units 100.0% of 8 words (letters-only 100.0% of 8).
Train Loss: output=0.1750, reconstruction=0.0005
Epoch [204/400]
batch = 0 (Δ=0.223s, 100.00%)
Training throughput: 1 batches in 0.223s; word units 100.0% of 8 words (letters-only 100.0% of 8).
Train Loss: output=0.1750, reconstruction=0.0005
Epoch [205/400]
batch = 0 (Δ=0.228s, 100.00%)
Training throughput: 1 batches in 0.227s; word units 100.0% of 8 words (letters-only 100.0% of 8).
Train Loss: output=0.1750, reconstruction=0.0006
Epoch [206/400]
batch = 0 (Δ=0.222s, 100.00%)
Training throughput: 1 batches in 0.222s; word units 100.0% of 8 words (letters-only 100.0% of 8).
Train Loss: output=0.1750, reconstruction=0.0006
Epoch [207/400]
batch = 0 (Δ=0.230s, 100.00%)
Training throughput: 1 batches in 0.230s; word units 100.0% of 8 words (letters-only 100.0% of 8).
Train Loss: output=0.1750, reconstruction=0.0006
Epoch [208/400]
batch = 0 (Δ=0.226s, 100.00%)
Training throughput: 1 batches in 0.225s; word units 100.0% of 8 words (letters-only 100.0% of 8).
Train Loss: output=0.1750, reconstruction=0.0006
Epoch [209/400]
batch = 0 (Δ=0.226s, 100.00%)
Training throughput: 1 batches in 0.226s; word units 100.0% of 8 words (letters-only 100.0% of 8).
Train Loss: output=0.1750, reconstruction=0.0006
Epoch [210/400]
batch = 0 (Δ=0.225s, 100.00%)
Training throughput: 1 batches in 0.224s; word units 100.0% of 8 words (letters-only 100.0% of 8).
Train Loss: output=0.1750, reconstruction=0.0006
Epoch [211/400]
batch = 0 (Δ=0.225s, 100.00%)
Training throughput: 1 batches in 0.224s; word units 100.0% of 8 words (letters-only 100.0% of 8).
Train Loss: output=0.1750, reconstruction=0.0006
Epoch [212/400]
batch = 0 (Δ=0.231s, 100.00%)
Training throughput: 1 batches in 0.231s; word units 100.0% of 8 words (letters-only 100.0% of 8).
Train Loss: output=0.1750, reconstruction=0.0006
Epoch [213/400]
batch = 0 (Δ=0.225s, 100.00%)
Training throughput: 1 batches in 0.225s; word units 100.0% of 8 words (letters-only 100.0% of 8).
Train Loss: output=0.1750, reconstruction=0.0006
Epoch [214/400]
batch = 0 (Δ=0.223s, 100.00%)
Training throughput: 1 batches in 0.223s; word units 100.0% of 8 words (letters-only 100.0% of 8).
Train Loss: output=0.1750, reconstruction=0.0006
Epoch [215/400]
batch = 0 (Δ=0.227s, 100.00%)
Training throughput: 1 batches in 0.227s; word units 100.0% of 8 words (letters-only 100.0% of 8).
Train Loss: output=0.1750, reconstruction=0.0005
Epoch [216/400]
batch = 0 (Δ=0.222s, 100.00%)
Training throughput: 1 batches in 0.221s; word units 100.0% of 8 words (letters-only 100.0% of 8).
Train Loss: output=0.1750, reconstruction=0.0005
Epoch [217/400]
batch = 0 (Δ=0.227s, 100.00%)
Training throughput: 1 batches in 0.227s; word units 100.0% of 8 words (letters-only 100.0% of 8).
Train Loss: output=0.1750, reconstruction=0.0005
Epoch [218/400]
batch = 0 (Δ=0.222s, 100.00%)
Training throughput: 1 batches in 0.222s; word units 100.0% of 8 words (letters-only 100.0% of 8).
Train Loss: output=0.1750, reconstruction=0.0005
Epoch [219/400]
batch = 0 (Δ=0.223s, 100.00%)
Training throughput: 1 batches in 0.222s; word units 100.0% of 8 words (letters-only 100.0% of 8).
Train Loss: output=0.1750, reconstruction=0.0005
Epoch [220/400]
batch = 0 (Δ=0.224s, 100.00%)
Training throughput: 1 batches in 0.223s; word units 100.0% of 8 words (letters-only 100.0% of 8).
Train Loss: output=0.1750, reconstruction=0.0005
Epoch [221/400]
batch = 0 (Δ=0.220s, 100.00%)
Training throughput: 1 batches in 0.219s; word units 100.0% of 8 words (letters-only 100.0% of 8).
Train Loss: output=0.1750, reconstruction=0.0005
Epoch [222/400]
batch = 0 (Δ=0.227s, 100.00%)
Training throughput: 1 batches in 0.227s; word units 100.0% of 8 words (letters-only 100.0% of 8).
Train Loss: output=0.1750, reconstruction=0.0005
Epoch [223/400]
batch = 0 (Δ=0.411s, 100.00%)
Training throughput: 1 batches in 0.411s; word units 100.0% of 8 words (letters-only 100.0% of 8).
Train Loss: output=0.1750, reconstruction=0.0005
Epoch [224/400]
batch = 0 (Δ=0.225s, 100.00%)
Training throughput: 1 batches in 0.225s; word units 100.0% of 8 words (letters-only 100.0% of 8).
Train Loss: output=0.1750, reconstruction=0.0005
Epoch [225/400]
batch = 0 (Δ=0.223s, 100.00%)
Training throughput: 1 batches in 0.223s; word units 100.0% of 8 words (letters-only 100.0% of 8).
Train Loss: output=0.1750, reconstruction=0.0005
Epoch [226/400]
batch = 0 (Δ=0.228s, 100.00%)
Training throughput: 1 batches in 0.228s; word units 100.0% of 8 words (letters-only 100.0% of 8).
Train Loss: output=0.1750, reconstruction=0.0005
Epoch [227/400]
batch = 0 (Δ=0.222s, 100.00%)
Training throughput: 1 batches in 0.221s; word units 100.0% of 8 words (letters-only 100.0% of 8).
Train Loss: output=0.1750, reconstruction=0.0005
Epoch [228/400]
batch = 0 (Δ=0.223s, 100.00%)
Training throughput: 1 batches in 0.222s; word units 100.0% of 8 words (letters-only 100.0% of 8).
Train Loss: output=0.1750, reconstruction=0.0005
Epoch [229/400]
batch = 0 (Δ=0.224s, 100.00%)
Training throughput: 1 batches in 0.224s; word units 100.0% of 8 words (letters-only 100.0% of 8).
Train Loss: output=0.1750, reconstruction=0.0005
Epoch [230/400]
batch = 0 (Δ=0.221s, 100.00%)
Training throughput: 1 batches in 0.220s; word units 100.0% of 8 words (letters-only 100.0% of 8).
Train Loss: output=0.1750, reconstruction=0.0005
Epoch [231/400]
batch = 0 (Δ=0.228s, 100.00%)
Training throughput: 1 batches in 0.227s; word units 100.0% of 8 words (letters-only 100.0% of 8).
Train Loss: output=0.1750, reconstruction=0.0005
Epoch [232/400]
batch = 0 (Δ=0.223s, 100.00%)
Training throughput: 1 batches in 0.222s; word units 100.0% of 8 words (letters-only 100.0% of 8).
Train Loss: output=0.1750, reconstruction=0.0005
Epoch [233/400]
batch = 0 (Δ=0.226s, 100.00%)
Training throughput: 1 batches in 0.226s; word units 100.0% of 8 words (letters-only 100.0% of 8).
Train Loss: output=0.1750, reconstruction=0.0005
Epoch [234/400]
batch = 0 (Δ=0.224s, 100.00%)
Training throughput: 1 batches in 0.223s; word units 100.0% of 8 words (letters-only 100.0% of 8).
Train Loss: output=0.1750, reconstruction=0.0005
Epoch [235/400]
batch = 0 (Δ=0.225s, 100.00%)
Training throughput: 1 batches in 0.225s; word units 100.0% of 8 words (letters-only 100.0% of 8).
Train Loss: output=0.1750, reconstruction=0.0005
Epoch [236/400]
batch = 0 (Δ=0.228s, 100.00%)
Training throughput: 1 batches in 0.227s; word units 100.0% of 8 words (letters-only 100.0% of 8).
Train Loss: output=0.1750, reconstruction=0.0005
Epoch [237/400]
batch = 0 (Δ=0.223s, 100.00%)
Training throughput: 1 batches in 0.223s; word units 100.0% of 8 words (letters-only 100.0% of 8).
Train Loss: output=0.1750, reconstruction=0.0005
Epoch [238/400]
batch = 0 (Δ=0.223s, 100.00%)
Training throughput: 1 batches in 0.223s; word units 100.0% of 8 words (letters-only 100.0% of 8).
Train Loss: output=0.1750, reconstruction=0.0005
Epoch [239/400]
batch = 0 (Δ=0.222s, 100.00%)
Training throughput: 1 batches in 0.222s; word units 100.0% of 8 words (letters-only 100.0% of 8).
Train Loss: output=0.1750, reconstruction=0.0005
Epoch [240/400]
batch = 0 (Δ=0.226s, 100.00%)
Training throughput: 1 batches in 0.226s; word units 100.0% of 8 words (letters-only 100.0% of 8).
Train Loss: output=0.1750, reconstruction=0.0005
Epoch [241/400]
batch = 0 (Δ=0.227s, 100.00%)
Training throughput: 1 batches in 0.226s; word units 100.0% of 8 words (letters-only 100.0% of 8).
Train Loss: output=0.1750, reconstruction=0.0005
Epoch [242/400]
batch = 0 (Δ=0.223s, 100.00%)
Training throughput: 1 batches in 0.222s; word units 100.0% of 8 words (letters-only 100.0% of 8).
Train Loss: output=0.1750, reconstruction=0.0005
Epoch [243/400]
batch = 0 (Δ=0.223s, 100.00%)
Training throughput: 1 batches in 0.223s; word units 100.0% of 8 words (letters-only 100.0% of 8).
Train Loss: output=0.1750, reconstruction=0.0005
Epoch [244/400]
batch = 0 (Δ=0.227s, 100.00%)
Training throughput: 1 batches in 0.226s; word units 100.0% of 8 words (letters-only 100.0% of 8).
Train Loss: output=0.1750, reconstruction=0.0005
Epoch [245/400]
batch = 0 (Δ=0.229s, 100.00%)
Training throughput: 1 batches in 0.228s; word units 100.0% of 8 words (letters-only 100.0% of 8).
Train Loss: output=0.1750, reconstruction=0.0005
Epoch [246/400]
batch = 0 (Δ=0.221s, 100.00%)
Training throughput: 1 batches in 0.220s; word units 100.0% of 8 words (letters-only 100.0% of 8).
Train Loss: output=0.1750, reconstruction=0.0005
Epoch [247/400]
batch = 0 (Δ=0.225s, 100.00%)
Training throughput: 1 batches in 0.225s; word units 100.0% of 8 words (letters-only 100.0% of 8).
Train Loss: output=0.1750, reconstruction=0.0005
Epoch [248/400]
batch = 0 (Δ=0.226s, 100.00%)
Training throughput: 1 batches in 0.225s; word units 100.0% of 8 words (letters-only 100.0% of 8).
Train Loss: output=0.1750, reconstruction=0.0005
Epoch [249/400]
batch = 0 (Δ=0.223s, 100.00%)
Training throughput: 1 batches in 0.222s; word units 100.0% of 8 words (letters-only 100.0% of 8).
Train Loss: output=0.1750, reconstruction=0.0005
Epoch [250/400]
batch = 0 (Δ=0.228s, 100.00%)
Training throughput: 1 batches in 0.228s; word units 100.0% of 8 words (letters-only 100.0% of 8).
Train Loss: output=0.1750, reconstruction=0.0005
Epoch [251/400]
batch = 0 (Δ=0.228s, 100.00%)
Training throughput: 1 batches in 0.227s; word units 100.0% of 8 words (letters-only 100.0% of 8).
Train Loss: output=0.1750, reconstruction=0.0005
Epoch [252/400]
batch = 0 (Δ=0.223s, 100.00%)
Training throughput: 1 batches in 0.223s; word units 100.0% of 8 words (letters-only 100.0% of 8).
Train Loss: output=0.1750, reconstruction=0.0005
Epoch [253/400]
batch = 0 (Δ=0.226s, 100.00%)
Training throughput: 1 batches in 0.225s; word units 100.0% of 8 words (letters-only 100.0% of 8).
Train Loss: output=0.1750, reconstruction=0.0005
Epoch [254/400]
batch = 0 (Δ=0.223s, 100.00%)
Training throughput: 1 batches in 0.222s; word units 100.0% of 8 words (letters-only 100.0% of 8).
Train Loss: output=0.1750, reconstruction=0.0005
Epoch [255/400]
batch = 0 (Δ=0.229s, 100.00%)
Training throughput: 1 batches in 0.229s; word units 100.0% of 8 words (letters-only 100.0% of 8).
Train Loss: output=0.1750, reconstruction=0.0005
Epoch [256/400]
batch = 0 (Δ=0.222s, 100.00%)
Training throughput: 1 batches in 0.221s; word units 100.0% of 8 words (letters-only 100.0% of 8).
Train Loss: output=0.1750, reconstruction=0.0005
Epoch [257/400]
batch = 0 (Δ=0.224s, 100.00%)
Training throughput: 1 batches in 0.223s; word units 100.0% of 8 words (letters-only 100.0% of 8).
Train Loss: output=0.1750, reconstruction=0.0005
Epoch [258/400]
batch = 0 (Δ=0.221s, 100.00%)
Training throughput: 1 batches in 0.220s; word units 100.0% of 8 words (letters-only 100.0% of 8).
Train Loss: output=0.1750, reconstruction=0.0005
Epoch [259/400]
batch = 0 (Δ=0.225s, 100.00%)
Training throughput: 1 batches in 0.224s; word units 100.0% of 8 words (letters-only 100.0% of 8).
Train Loss: output=0.1750, reconstruction=0.0005
Epoch [260/400]
batch = 0 (Δ=0.228s, 100.00%)
Training throughput: 1 batches in 0.227s; word units 100.0% of 8 words (letters-only 100.0% of 8).
Train Loss: output=0.1750, reconstruction=0.0005
Epoch [261/400]
batch = 0 (Δ=0.223s, 100.00%)
Training throughput: 1 batches in 0.222s; word units 100.0% of 8 words (letters-only 100.0% of 8).
Train Loss: output=0.1750, reconstruction=0.0005
Epoch [262/400]
batch = 0 (Δ=0.224s, 100.00%)
Training throughput: 1 batches in 0.223s; word units 100.0% of 8 words (letters-only 100.0% of 8).
Train Loss: output=0.1750, reconstruction=0.0005
Epoch [263/400]
batch = 0 (Δ=0.223s, 100.00%)
Training throughput: 1 batches in 0.222s; word units 100.0% of 8 words (letters-only 100.0% of 8).
Train Loss: output=0.1750, reconstruction=0.0005
Epoch [264/400]
batch = 0 (Δ=0.221s, 100.00%)
Training throughput: 1 batches in 0.221s; word units 100.0% of 8 words (letters-only 100.0% of 8).
Train Loss: output=0.1750, reconstruction=0.0005
Epoch [265/400]
batch = 0 (Δ=0.225s, 100.00%)
Training throughput: 1 batches in 0.223s; word units 100.0% of 8 words (letters-only 100.0% of 8).
Train Loss: output=0.1750, reconstruction=0.0005
Epoch [266/400]
batch = 0 (Δ=0.222s, 100.00%)
Training throughput: 1 batches in 0.221s; word units 100.0% of 8 words (letters-only 100.0% of 8).
Train Loss: output=0.1750, reconstruction=0.0006
Epoch [267/400]
batch = 0 (Δ=0.225s, 100.00%)
Training throughput: 1 batches in 0.224s; word units 100.0% of 8 words (letters-only 100.0% of 8).
Train Loss: output=0.1750, reconstruction=0.0006
Epoch [268/400]
batch = 0 (Δ=0.220s, 100.00%)
Training throughput: 1 batches in 0.219s; word units 100.0% of 8 words (letters-only 100.0% of 8).
Train Loss: output=0.1750, reconstruction=0.0006
Epoch [269/400]
batch = 0 (Δ=0.221s, 100.00%)
Training throughput: 1 batches in 0.221s; word units 100.0% of 8 words (letters-only 100.0% of 8).
Train Loss: output=0.1750, reconstruction=0.0006
Epoch [270/400]
batch = 0 (Δ=0.228s, 100.00%)
Training throughput: 1 batches in 0.227s; word units 100.0% of 8 words (letters-only 100.0% of 8).
Train Loss: output=0.1750, reconstruction=0.0006
Epoch [271/400]
batch = 0 (Δ=0.221s, 100.00%)
Training throughput: 1 batches in 0.221s; word units 100.0% of 8 words (letters-only 100.0% of 8).
Train Loss: output=0.1750, reconstruction=0.0006
Epoch [272/400]
batch = 0 (Δ=0.224s, 100.00%)
Training throughput: 1 batches in 0.224s; word units 100.0% of 8 words (letters-only 100.0% of 8).
Train Loss: output=0.1750, reconstruction=0.0006
Epoch [273/400]
batch = 0 (Δ=0.223s, 100.00%)
Training throughput: 1 batches in 0.222s; word units 100.0% of 8 words (letters-only 100.0% of 8).
Train Loss: output=0.1750, reconstruction=0.0007
Epoch [274/400]
batch = 0 (Δ=0.227s, 100.00%)
Training throughput: 1 batches in 0.226s; word units 100.0% of 8 words (letters-only 100.0% of 8).
Train Loss: output=0.1750, reconstruction=0.0007
Epoch [275/400]
batch = 0 (Δ=0.222s, 100.00%)
Training throughput: 1 batches in 0.221s; word units 100.0% of 8 words (letters-only 100.0% of 8).
Train Loss: output=0.1750, reconstruction=0.0007
Epoch [276/400]
batch = 0 (Δ=0.221s, 100.00%)
Training throughput: 1 batches in 0.220s; word units 100.0% of 8 words (letters-only 100.0% of 8).
Train Loss: output=0.1750, reconstruction=0.0007
Epoch [277/400]
batch = 0 (Δ=0.224s, 100.00%)
Training throughput: 1 batches in 0.224s; word units 100.0% of 8 words (letters-only 100.0% of 8).
Train Loss: output=0.1750, reconstruction=0.0007
Epoch [278/400]
batch = 0 (Δ=0.220s, 100.00%)
Training throughput: 1 batches in 0.220s; word units 100.0% of 8 words (letters-only 100.0% of 8).
Train Loss: output=0.1750, reconstruction=0.0007
Epoch [279/400]
batch = 0 (Δ=0.227s, 100.00%)
Training throughput: 1 batches in 0.226s; word units 100.0% of 8 words (letters-only 100.0% of 8).
Train Loss: output=0.1750, reconstruction=0.0007
Epoch [280/400]
batch = 0 (Δ=0.222s, 100.00%)
Training throughput: 1 batches in 0.221s; word units 100.0% of 8 words (letters-only 100.0% of 8).
Train Loss: output=0.1750, reconstruction=0.0007
Epoch [281/400]
batch = 0 (Δ=0.219s, 100.00%)
Training throughput: 1 batches in 0.219s; word units 100.0% of 8 words (letters-only 100.0% of 8).
Train Loss: output=0.1750, reconstruction=0.0007
Epoch [282/400]
batch = 0 (Δ=0.224s, 100.00%)
Training throughput: 1 batches in 0.224s; word units 100.0% of 8 words (letters-only 100.0% of 8).
Train Loss: output=0.1750, reconstruction=0.0007
Epoch [283/400]
batch = 0 (Δ=0.223s, 100.00%)
Training throughput: 1 batches in 0.222s; word units 100.0% of 8 words (letters-only 100.0% of 8).
Train Loss: output=0.1750, reconstruction=0.0007
Epoch [284/400]
batch = 0 (Δ=0.231s, 100.00%)
Training throughput: 1 batches in 0.230s; word units 100.0% of 8 words (letters-only 100.0% of 8).
Train Loss: output=0.1750, reconstruction=0.0007
Epoch [285/400]
batch = 0 (Δ=0.222s, 100.00%)
Training throughput: 1 batches in 0.221s; word units 100.0% of 8 words (letters-only 100.0% of 8).
Train Loss: output=0.1750, reconstruction=0.0007
Epoch [286/400]
batch = 0 (Δ=0.224s, 100.00%)
Training throughput: 1 batches in 0.224s; word units 100.0% of 8 words (letters-only 100.0% of 8).
Train Loss: output=0.1750, reconstruction=0.0007
Epoch [287/400]
batch = 0 (Δ=0.222s, 100.00%)
Training throughput: 1 batches in 0.222s; word units 100.0% of 8 words (letters-only 100.0% of 8).
Train Loss: output=0.1750, reconstruction=0.0007
Epoch [288/400]
batch = 0 (Δ=0.224s, 100.00%)
Training throughput: 1 batches in 0.223s; word units 100.0% of 8 words (letters-only 100.0% of 8).
Train Loss: output=0.1750, reconstruction=0.0007
Epoch [289/400]
batch = 0 (Δ=0.227s, 100.00%)
Training throughput: 1 batches in 0.227s; word units 100.0% of 8 words (letters-only 100.0% of 8).
Train Loss: output=0.1750, reconstruction=0.0007
Epoch [290/400]
batch = 0 (Δ=0.223s, 100.00%)
Training throughput: 1 batches in 0.223s; word units 100.0% of 8 words (letters-only 100.0% of 8).
Train Loss: output=0.1750, reconstruction=0.0008
Epoch [291/400]
batch = 0 (Δ=0.222s, 100.00%)
Training throughput: 1 batches in 0.222s; word units 100.0% of 8 words (letters-only 100.0% of 8).
Train Loss: output=0.1750, reconstruction=0.0008
Epoch [292/400]
batch = 0 (Δ=0.226s, 100.00%)
Training throughput: 1 batches in 0.226s; word units 100.0% of 8 words (letters-only 100.0% of 8).
Train Loss: output=0.1750, reconstruction=0.0008
Epoch [293/400]
batch = 0 (Δ=0.220s, 100.00%)
Training throughput: 1 batches in 0.219s; word units 100.0% of 8 words (letters-only 100.0% of 8).
Train Loss: output=0.1750, reconstruction=0.0009
Epoch [294/400]
batch = 0 (Δ=0.229s, 100.00%)
Training throughput: 1 batches in 0.228s; word units 100.0% of 8 words (letters-only 100.0% of 8).
Train Loss: output=0.1750, reconstruction=0.0009
Epoch [295/400]
batch = 0 (Δ=0.220s, 100.00%)
Training throughput: 1 batches in 0.220s; word units 100.0% of 8 words (letters-only 100.0% of 8).
Train Loss: output=0.1750, reconstruction=0.0009
Epoch [296/400]
batch = 0 (Δ=0.224s, 100.00%)
Training throughput: 1 batches in 0.223s; word units 100.0% of 8 words (letters-only 100.0% of 8).
Train Loss: output=0.1750, reconstruction=0.0009
Epoch [297/400]
batch = 0 (Δ=0.221s, 100.00%)
Training throughput: 1 batches in 0.221s; word units 100.0% of 8 words (letters-only 100.0% of 8).
Train Loss: output=0.1750, reconstruction=0.0010
Epoch [298/400]
batch = 0 (Δ=0.221s, 100.00%)
Training throughput: 1 batches in 0.221s; word units 100.0% of 8 words (letters-only 100.0% of 8).
Train Loss: output=0.1750, reconstruction=0.0010
Epoch [299/400]
batch = 0 (Δ=0.227s, 100.00%)
Training throughput: 1 batches in 0.227s; word units 100.0% of 8 words (letters-only 100.0% of 8).
Train Loss: output=0.1750, reconstruction=0.0010
Epoch [300/400]
batch = 0 (Δ=0.221s, 100.00%)
Training throughput: 1 batches in 0.220s; word units 100.0% of 8 words (letters-only 100.0% of 8).
Train Loss: output=0.1750, reconstruction=0.0010
Epoch [301/400]
batch = 0 (Δ=0.225s, 100.00%)
Training throughput: 1 batches in 0.224s; word units 100.0% of 8 words (letters-only 100.0% of 8).
Train Loss: output=0.1750, reconstruction=0.0009
Epoch [302/400]
batch = 0 (Δ=0.220s, 100.00%)
Training throughput: 1 batches in 0.219s; word units 100.0% of 8 words (letters-only 100.0% of 8).
Train Loss: output=0.1750, reconstruction=0.0009
Epoch [303/400]
batch = 0 (Δ=0.227s, 100.00%)
Training throughput: 1 batches in 0.227s; word units 100.0% of 8 words (letters-only 100.0% of 8).
Train Loss: output=0.1750, reconstruction=0.0009
Epoch [304/400]
batch = 0 (Δ=0.223s, 100.00%)
Training throughput: 1 batches in 0.222s; word units 100.0% of 8 words (letters-only 100.0% of 8).
Train Loss: output=0.1750, reconstruction=0.0009
Epoch [305/400]
batch = 0 (Δ=0.222s, 100.00%)
Training throughput: 1 batches in 0.221s; word units 100.0% of 8 words (letters-only 100.0% of 8).
Train Loss: output=0.1750, reconstruction=0.0008
Epoch [306/400]
batch = 0 (Δ=0.226s, 100.00%)
Training throughput: 1 batches in 0.225s; word units 100.0% of 8 words (letters-only 100.0% of 8).
Train Loss: output=0.1750, reconstruction=0.0008
Epoch [307/400]
batch = 0 (Δ=0.223s, 100.00%)
Training throughput: 1 batches in 0.223s; word units 100.0% of 8 words (letters-only 100.0% of 8).
Train Loss: output=0.1750, reconstruction=0.0008
Epoch [308/400]
batch = 0 (Δ=0.223s, 100.00%)
Training throughput: 1 batches in 0.223s; word units 100.0% of 8 words (letters-only 100.0% of 8).
Train Loss: output=0.1750, reconstruction=0.0007
Epoch [309/400]
batch = 0 (Δ=0.222s, 100.00%)
Training throughput: 1 batches in 0.221s; word units 100.0% of 8 words (letters-only 100.0% of 8).
Train Loss: output=0.1750, reconstruction=0.0007
Epoch [310/400]
batch = 0 (Δ=0.408s, 100.00%)
Training throughput: 1 batches in 0.407s; word units 100.0% of 8 words (letters-only 100.0% of 8).
Train Loss: output=0.1750, reconstruction=0.0007
Epoch [311/400]
batch = 0 (Δ=0.219s, 100.00%)
Training throughput: 1 batches in 0.219s; word units 100.0% of 8 words (letters-only 100.0% of 8).
Train Loss: output=0.1750, reconstruction=0.0007
Epoch [312/400]
batch = 0 (Δ=0.227s, 100.00%)
Training throughput: 1 batches in 0.227s; word units 100.0% of 8 words (letters-only 100.0% of 8).
Train Loss: output=0.1750, reconstruction=0.0006
Epoch [313/400]
batch = 0 (Δ=0.223s, 100.00%)
Training throughput: 1 batches in 0.222s; word units 100.0% of 8 words (letters-only 100.0% of 8).
Train Loss: output=0.1750, reconstruction=0.0006
Epoch [314/400]
batch = 0 (Δ=0.221s, 100.00%)
Training throughput: 1 batches in 0.220s; word units 100.0% of 8 words (letters-only 100.0% of 8).
Train Loss: output=0.1750, reconstruction=0.0006
Epoch [315/400]
batch = 0 (Δ=0.222s, 100.00%)
Training throughput: 1 batches in 0.221s; word units 100.0% of 8 words (letters-only 100.0% of 8).
Train Loss: output=0.1750, reconstruction=0.0006
Epoch [316/400]
batch = 0 (Δ=0.217s, 100.00%)
Training throughput: 1 batches in 0.217s; word units 100.0% of 8 words (letters-only 100.0% of 8).
Train Loss: output=0.1750, reconstruction=0.0006
Epoch [317/400]
batch = 0 (Δ=0.226s, 100.00%)
Training throughput: 1 batches in 0.225s; word units 100.0% of 8 words (letters-only 100.0% of 8).
Train Loss: output=0.1750, reconstruction=0.0006
Epoch [318/400]
batch = 0 (Δ=0.223s, 100.00%)
Training throughput: 1 batches in 0.222s; word units 100.0% of 8 words (letters-only 100.0% of 8).
Train Loss: output=0.1750, reconstruction=0.0006
Epoch [319/400]
batch = 0 (Δ=0.217s, 100.00%)
Training throughput: 1 batches in 0.217s; word units 100.0% of 8 words (letters-only 100.0% of 8).
Train Loss: output=0.1750, reconstruction=0.0006
Epoch [320/400]
batch = 0 (Δ=0.223s, 100.00%)
Training throughput: 1 batches in 0.222s; word units 100.0% of 8 words (letters-only 100.0% of 8).
Train Loss: output=0.1750, reconstruction=0.0007
Epoch [321/400]
batch = 0 (Δ=0.220s, 100.00%)
Training throughput: 1 batches in 0.219s; word units 100.0% of 8 words (letters-only 100.0% of 8).
Train Loss: output=0.1750, reconstruction=0.0007
Epoch [322/400]
batch = 0 (Δ=0.224s, 100.00%)
Training throughput: 1 batches in 0.224s; word units 100.0% of 8 words (letters-only 100.0% of 8).
Train Loss: output=0.1750, reconstruction=0.0007
Epoch [323/400]
batch = 0 (Δ=0.222s, 100.00%)
Training throughput: 1 batches in 0.222s; word units 100.0% of 8 words (letters-only 100.0% of 8).
Train Loss: output=0.1750, reconstruction=0.0007
Epoch [324/400]
batch = 0 (Δ=0.219s, 100.00%)
Training throughput: 1 batches in 0.218s; word units 100.0% of 8 words (letters-only 100.0% of 8).
Train Loss: output=0.1750, reconstruction=0.0007
Epoch [325/400]
batch = 0 (Δ=0.227s, 100.00%)
Training throughput: 1 batches in 0.227s; word units 100.0% of 8 words (letters-only 100.0% of 8).
Train Loss: output=0.1750, reconstruction=0.0007
Epoch [326/400]
batch = 0 (Δ=0.221s, 100.00%)
Training throughput: 1 batches in 0.220s; word units 100.0% of 8 words (letters-only 100.0% of 8).
Train Loss: output=0.1750, reconstruction=0.0007
Epoch [327/400]
batch = 0 (Δ=0.227s, 100.00%)
Training throughput: 1 batches in 0.227s; word units 100.0% of 8 words (letters-only 100.0% of 8).
Train Loss: output=0.1750, reconstruction=0.0007
Epoch [328/400]
batch = 0 (Δ=0.219s, 100.00%)
Training throughput: 1 batches in 0.219s; word units 100.0% of 8 words (letters-only 100.0% of 8).
Train Loss: output=0.1750, reconstruction=0.0007
Epoch [329/400]
batch = 0 (Δ=0.223s, 100.00%)
Training throughput: 1 batches in 0.222s; word units 100.0% of 8 words (letters-only 100.0% of 8).
Train Loss: output=0.1750, reconstruction=0.0007
Epoch [330/400]
batch = 0 (Δ=0.222s, 100.00%)
Training throughput: 1 batches in 0.222s; word units 100.0% of 8 words (letters-only 100.0% of 8).
Train Loss: output=0.1750, reconstruction=0.0007
Epoch [331/400]
batch = 0 (Δ=0.223s, 100.00%)
Training throughput: 1 batches in 0.223s; word units 100.0% of 8 words (letters-only 100.0% of 8).
Train Loss: output=0.1750, reconstruction=0.0007
Epoch [332/400]
batch = 0 (Δ=0.229s, 100.00%)
Training throughput: 1 batches in 0.228s; word units 100.0% of 8 words (letters-only 100.0% of 8).
Train Loss: output=0.1750, reconstruction=0.0007
Epoch [333/400]
batch = 0 (Δ=0.221s, 100.00%)
Training throughput: 1 batches in 0.220s; word units 100.0% of 8 words (letters-only 100.0% of 8).
Train Loss: output=0.1750, reconstruction=0.0007
Epoch [334/400]
batch = 0 (Δ=0.221s, 100.00%)
Training throughput: 1 batches in 0.220s; word units 100.0% of 8 words (letters-only 100.0% of 8).
Train Loss: output=0.1750, reconstruction=0.0007
Epoch [335/400]
batch = 0 (Δ=0.225s, 100.00%)
Training throughput: 1 batches in 0.224s; word units 100.0% of 8 words (letters-only 100.0% of 8).
Train Loss: output=0.1750, reconstruction=0.0007
Epoch [336/400]
batch = 0 (Δ=0.222s, 100.00%)
Training throughput: 1 batches in 0.222s; word units 100.0% of 8 words (letters-only 100.0% of 8).
Train Loss: output=0.1750, reconstruction=0.0007
Epoch [337/400]
batch = 0 (Δ=0.227s, 100.00%)
Training throughput: 1 batches in 0.226s; word units 100.0% of 8 words (letters-only 100.0% of 8).
Train Loss: output=0.1750, reconstruction=0.0007
Epoch [338/400]
batch = 0 (Δ=0.221s, 100.00%)
Training throughput: 1 batches in 0.221s; word units 100.0% of 8 words (letters-only 100.0% of 8).
Train Loss: output=0.1750, reconstruction=0.0007
Epoch [339/400]
batch = 0 (Δ=0.225s, 100.00%)
Training throughput: 1 batches in 0.224s; word units 100.0% of 8 words (letters-only 100.0% of 8).
Train Loss: output=0.1750, reconstruction=0.0008
Epoch [340/400]
batch = 0 (Δ=0.220s, 100.00%)
Training throughput: 1 batches in 0.220s; word units 100.0% of 8 words (letters-only 100.0% of 8).
Train Loss: output=0.1750, reconstruction=0.0008
Epoch [341/400]
batch = 0 (Δ=0.221s, 100.00%)
Training throughput: 1 batches in 0.220s; word units 100.0% of 8 words (letters-only 100.0% of 8).
Train Loss: output=0.1750, reconstruction=0.0008
Epoch [342/400]
batch = 0 (Δ=0.227s, 100.00%)
Training throughput: 1 batches in 0.227s; word units 100.0% of 8 words (letters-only 100.0% of 8).
Train Loss: output=0.1750, reconstruction=0.0008
Epoch [343/400]
batch = 0 (Δ=0.221s, 100.00%)
Training throughput: 1 batches in 0.220s; word units 100.0% of 8 words (letters-only 100.0% of 8).
Train Loss: output=0.1750, reconstruction=0.0008
Epoch [344/400]
batch = 0 (Δ=0.224s, 100.00%)
Training throughput: 1 batches in 0.223s; word units 100.0% of 8 words (letters-only 100.0% of 8).
Train Loss: output=0.1750, reconstruction=0.0008
Epoch [345/400]
batch = 0 (Δ=0.217s, 100.00%)
Training throughput: 1 batches in 0.217s; word units 100.0% of 8 words (letters-only 100.0% of 8).
Train Loss: output=0.1750, reconstruction=0.0009
Epoch [346/400]
batch = 0 (Δ=0.221s, 100.00%)
Training throughput: 1 batches in 0.220s; word units 100.0% of 8 words (letters-only 100.0% of 8).
Train Loss: output=0.1750, reconstruction=0.0009
Epoch [347/400]
batch = 0 (Δ=0.225s, 100.00%)
Training throughput: 1 batches in 0.224s; word units 100.0% of 8 words (letters-only 100.0% of 8).
Train Loss: output=0.1750, reconstruction=0.0009
Epoch [348/400]
batch = 0 (Δ=0.220s, 100.00%)
Training throughput: 1 batches in 0.220s; word units 100.0% of 8 words (letters-only 100.0% of 8).
Train Loss: output=0.1750, reconstruction=0.0008
Epoch [349/400]
batch = 0 (Δ=0.222s, 100.00%)
Training throughput: 1 batches in 0.222s; word units 100.0% of 8 words (letters-only 100.0% of 8).
Train Loss: output=0.1750, reconstruction=0.0009
Epoch [350/400]
batch = 0 (Δ=0.221s, 100.00%)
Training throughput: 1 batches in 0.220s; word units 100.0% of 8 words (letters-only 100.0% of 8).
Train Loss: output=0.1750, reconstruction=0.0009
Epoch [351/400]
batch = 0 (Δ=0.228s, 100.00%)
Training throughput: 1 batches in 0.227s; word units 100.0% of 8 words (letters-only 100.0% of 8).
Train Loss: output=0.1750, reconstruction=0.0009
Epoch [352/400]
batch = 0 (Δ=0.223s, 100.00%)
Training throughput: 1 batches in 0.223s; word units 100.0% of 8 words (letters-only 100.0% of 8).
Train Loss: output=0.1750, reconstruction=0.0008
Epoch [353/400]
batch = 0 (Δ=0.226s, 100.00%)
Training throughput: 1 batches in 0.226s; word units 100.0% of 8 words (letters-only 100.0% of 8).
Train Loss: output=0.1750, reconstruction=0.0008
Epoch [354/400]
batch = 0 (Δ=0.223s, 100.00%)
Training throughput: 1 batches in 0.222s; word units 100.0% of 8 words (letters-only 100.0% of 8).
Train Loss: output=0.1750, reconstruction=0.0008
Epoch [355/400]
batch = 0 (Δ=0.219s, 100.00%)
Training throughput: 1 batches in 0.219s; word units 100.0% of 8 words (letters-only 100.0% of 8).
Train Loss: output=0.1750, reconstruction=0.0008
Epoch [356/400]
batch = 0 (Δ=0.225s, 100.00%)
Training throughput: 1 batches in 0.225s; word units 100.0% of 8 words (letters-only 100.0% of 8).
Train Loss: output=0.1750, reconstruction=0.0008
Epoch [357/400]
batch = 0 (Δ=0.224s, 100.00%)
Training throughput: 1 batches in 0.223s; word units 100.0% of 8 words (letters-only 100.0% of 8).
Train Loss: output=0.1750, reconstruction=0.0008
Epoch [358/400]
batch = 0 (Δ=0.218s, 100.00%)
Training throughput: 1 batches in 0.217s; word units 100.0% of 8 words (letters-only 100.0% of 8).
Train Loss: output=0.1750, reconstruction=0.0008
Epoch [359/400]
batch = 0 (Δ=0.224s, 100.00%)
Training throughput: 1 batches in 0.224s; word units 100.0% of 8 words (letters-only 100.0% of 8).
Train Loss: output=0.1750, reconstruction=0.0008
Epoch [360/400]
batch = 0 (Δ=0.220s, 100.00%)
Training throughput: 1 batches in 0.220s; word units 100.0% of 8 words (letters-only 100.0% of 8).
Train Loss: output=0.1750, reconstruction=0.0008
Epoch [361/400]
batch = 0 (Δ=0.229s, 100.00%)
Training throughput: 1 batches in 0.228s; word units 100.0% of 8 words (letters-only 100.0% of 8).
Train Loss: output=0.1750, reconstruction=0.0008
Epoch [362/400]
batch = 0 (Δ=0.220s, 100.00%)
Training throughput: 1 batches in 0.220s; word units 100.0% of 8 words (letters-only 100.0% of 8).
Train Loss: output=0.1750, reconstruction=0.0008
Epoch [363/400]
batch = 0 (Δ=0.222s, 100.00%)
Training throughput: 1 batches in 0.221s; word units 100.0% of 8 words (letters-only 100.0% of 8).
Train Loss: output=0.1750, reconstruction=0.0009
Epoch [364/400]
batch = 0 (Δ=0.225s, 100.00%)
Training throughput: 1 batches in 0.224s; word units 100.0% of 8 words (letters-only 100.0% of 8).
Train Loss: output=0.1750, reconstruction=0.0009
Epoch [365/400]
batch = 0 (Δ=0.223s, 100.00%)
Training throughput: 1 batches in 0.222s; word units 100.0% of 8 words (letters-only 100.0% of 8).
Train Loss: output=0.1750, reconstruction=0.0009
Epoch [366/400]
batch = 0 (Δ=0.229s, 100.00%)
Training throughput: 1 batches in 0.228s; word units 100.0% of 8 words (letters-only 100.0% of 8).
Train Loss: output=0.1750, reconstruction=0.0008
Epoch [367/400]
batch = 0 (Δ=0.222s, 100.00%)
Training throughput: 1 batches in 0.221s; word units 100.0% of 8 words (letters-only 100.0% of 8).
Train Loss: output=0.1750, reconstruction=0.0008
Epoch [368/400]
batch = 0 (Δ=0.224s, 100.00%)
Training throughput: 1 batches in 0.223s; word units 100.0% of 8 words (letters-only 100.0% of 8).
Train Loss: output=0.1750, reconstruction=0.0008
Epoch [369/400]
batch = 0 (Δ=0.224s, 100.00%)
Training throughput: 1 batches in 0.223s; word units 100.0% of 8 words (letters-only 100.0% of 8).
Train Loss: output=0.1750, reconstruction=0.0008
Epoch [370/400]
batch = 0 (Δ=0.222s, 100.00%)
Training throughput: 1 batches in 0.222s; word units 100.0% of 8 words (letters-only 100.0% of 8).
Train Loss: output=0.1750, reconstruction=0.0008
Epoch [371/400]
batch = 0 (Δ=0.226s, 100.00%)
Training throughput: 1 batches in 0.225s; word units 100.0% of 8 words (letters-only 100.0% of 8).
Train Loss: output=0.1750, reconstruction=0.0008
Epoch [372/400]
batch = 0 (Δ=0.221s, 100.00%)
Training throughput: 1 batches in 0.221s; word units 100.0% of 8 words (letters-only 100.0% of 8).
Train Loss: output=0.1750, reconstruction=0.0008
Epoch [373/400]
batch = 0 (Δ=0.226s, 100.00%)
Training throughput: 1 batches in 0.226s; word units 100.0% of 8 words (letters-only 100.0% of 8).
Train Loss: output=0.1750, reconstruction=0.0007
Epoch [374/400]
batch = 0 (Δ=0.223s, 100.00%)
Training throughput: 1 batches in 0.222s; word units 100.0% of 8 words (letters-only 100.0% of 8).
Train Loss: output=0.1750, reconstruction=0.0007
Epoch [375/400]
batch = 0 (Δ=0.222s, 100.00%)
Training throughput: 1 batches in 0.222s; word units 100.0% of 8 words (letters-only 100.0% of 8).
Train Loss: output=0.1750, reconstruction=0.0006
Epoch [376/400]
batch = 0 (Δ=0.225s, 100.00%)
Training throughput: 1 batches in 0.224s; word units 100.0% of 8 words (letters-only 100.0% of 8).
Train Loss: output=0.1750, reconstruction=0.0006
Epoch [377/400]
batch = 0 (Δ=0.221s, 100.00%)
Training throughput: 1 batches in 0.221s; word units 100.0% of 8 words (letters-only 100.0% of 8).
Train Loss: output=0.1750, reconstruction=0.0006
Epoch [378/400]
batch = 0 (Δ=0.223s, 100.00%)
Training throughput: 1 batches in 0.222s; word units 100.0% of 8 words (letters-only 100.0% of 8).
Train Loss: output=0.1750, reconstruction=0.0006
Epoch [379/400]
batch = 0 (Δ=0.219s, 100.00%)
Training throughput: 1 batches in 0.218s; word units 100.0% of 8 words (letters-only 100.0% of 8).
Train Loss: output=0.1750, reconstruction=0.0006
Epoch [380/400]
batch = 0 (Δ=0.218s, 100.00%)
Training throughput: 1 batches in 0.218s; word units 100.0% of 8 words (letters-only 100.0% of 8).
Train Loss: output=0.1750, reconstruction=0.0006
Epoch [381/400]
batch = 0 (Δ=0.225s, 100.00%)
Training throughput: 1 batches in 0.225s; word units 100.0% of 8 words (letters-only 100.0% of 8).
Train Loss: output=0.1750, reconstruction=0.0006
Epoch [382/400]
batch = 0 (Δ=0.221s, 100.00%)
Training throughput: 1 batches in 0.221s; word units 100.0% of 8 words (letters-only 100.0% of 8).
Train Loss: output=0.1750, reconstruction=0.0006
Epoch [383/400]
batch = 0 (Δ=0.226s, 100.00%)
Training throughput: 1 batches in 0.226s; word units 100.0% of 8 words (letters-only 100.0% of 8).
Train Loss: output=0.1750, reconstruction=0.0006
Epoch [384/400]
batch = 0 (Δ=0.218s, 100.00%)
Training throughput: 1 batches in 0.218s; word units 100.0% of 8 words (letters-only 100.0% of 8).
Train Loss: output=0.1750, reconstruction=0.0005
Epoch [385/400]
batch = 0 (Δ=0.222s, 100.00%)
Training throughput: 1 batches in 0.222s; word units 100.0% of 8 words (letters-only 100.0% of 8).
Train Loss: output=0.1750, reconstruction=0.0005
Epoch [386/400]
batch = 0 (Δ=0.226s, 100.00%)
Training throughput: 1 batches in 0.225s; word units 100.0% of 8 words (letters-only 100.0% of 8).
Train Loss: output=0.1750, reconstruction=0.0005
Epoch [387/400]
batch = 0 (Δ=0.222s, 100.00%)
Training throughput: 1 batches in 0.222s; word units 100.0% of 8 words (letters-only 100.0% of 8).
Train Loss: output=0.1750, reconstruction=0.0005
Epoch [388/400]
batch = 0 (Δ=0.224s, 100.00%)
Training throughput: 1 batches in 0.223s; word units 100.0% of 8 words (letters-only 100.0% of 8).
Train Loss: output=0.1750, reconstruction=0.0005
Epoch [389/400]
batch = 0 (Δ=0.223s, 100.00%)
Training throughput: 1 batches in 0.223s; word units 100.0% of 8 words (letters-only 100.0% of 8).
Train Loss: output=0.1750, reconstruction=0.0005
Epoch [390/400]
batch = 0 (Δ=0.223s, 100.00%)
Training throughput: 1 batches in 0.223s; word units 100.0% of 8 words (letters-only 100.0% of 8).
Train Loss: output=0.1750, reconstruction=0.0005
Epoch [391/400]
batch = 0 (Δ=0.224s, 100.00%)
Training throughput: 1 batches in 0.224s; word units 100.0% of 8 words (letters-only 100.0% of 8).
Train Loss: output=0.1750, reconstruction=0.0005
Epoch [392/400]
batch = 0 (Δ=0.226s, 100.00%)
Training throughput: 1 batches in 0.225s; word units 100.0% of 8 words (letters-only 100.0% of 8).
Train Loss: output=0.1750, reconstruction=0.0005
Epoch [393/400]
batch = 0 (Δ=0.222s, 100.00%)
Training throughput: 1 batches in 0.221s; word units 100.0% of 8 words (letters-only 100.0% of 8).
Train Loss: output=0.1750, reconstruction=0.0005
Epoch [394/400]
batch = 0 (Δ=0.225s, 100.00%)
Training throughput: 1 batches in 0.224s; word units 100.0% of 8 words (letters-only 100.0% of 8).
Train Loss: output=0.1750, reconstruction=0.0005
Epoch [395/400]
batch = 0 (Δ=0.227s, 100.00%)
Training throughput: 1 batches in 0.227s; word units 100.0% of 8 words (letters-only 100.0% of 8).
Train Loss: output=0.1750, reconstruction=0.0005
Epoch [396/400]
batch = 0 (Δ=0.223s, 100.00%)
Training throughput: 1 batches in 0.222s; word units 100.0% of 8 words (letters-only 100.0% of 8).
Train Loss: output=0.1750, reconstruction=0.0004
Epoch [397/400]
batch = 0 (Δ=0.216s, 100.00%)
Training throughput: 1 batches in 0.216s; word units 100.0% of 8 words (letters-only 100.0% of 8).
Train Loss: output=0.1750, reconstruction=0.0004
Epoch [398/400]
batch = 0 (Δ=0.226s, 100.00%)
Training throughput: 1 batches in 0.226s; word units 100.0% of 8 words (letters-only 100.0% of 8).
Train Loss: output=0.1750, reconstruction=0.0004
Epoch [399/400]
batch = 0 (Δ=0.412s, 100.00%)
Training throughput: 1 batches in 0.412s; word units 100.0% of 8 words (letters-only 100.0% of 8).
Train Loss: output=0.1750, reconstruction=0.0004
Epoch [400/400]
batch = 0 (Δ=0.220s, 100.00%)
Training throughput: 1 batches in 0.219s; word units 100.0% of 8 words (letters-only 100.0% of 8).
Train Loss: output=0.1750, reconstruction=0.0004
Final Stats:
=== Selected operation grammar ===
batch = 0 (Δ=12.391s, 100.00%)
Training throughput: 1 batches in 12.339s; word units 100.0% of 8 words (letters-only 100.0% of 8).
=== Input Reconstruction (test) ===
  row[0] input='hello world' -> reconstructed='hello ' label=0.0000 predicted=0.5060 MISMATCH
  row[1] input='hello there' -> reconstructed='hello ' label=1.0000 predicted=0.5035 MISMATCH
  row[2] input='loving world' -> reconstructed='loving ' label=1.0000 predicted=0.5071 MISMATCH
  row[3] input='loving there' -> reconstructed='loving ' label=0.0000 predicted=0.5046 MISMATCH
