[collect] 1 selectors; limit 1800s, 8.0 GiB
[collect] exit 0; 3.6s; peak 0.40 GiB
[worker-000] 1 selectors; limit 1800s, 8.0 GiB
[worker-000] exit 0; 53.0s; peak 1.56 GiB
[collect] 2 selectors; limit 1800s, 8.0 GiB
[collect] exit 0; 3.5s; peak 0.40 GiB
[worker-000] 2 selectors; limit 1800s, 8.0 GiB
[worker-000] exit 0; 110.8s; peak 4.43 GiB
[collect] 1 selectors; limit 1800s, 8.0 GiB
[collect] exit 0; 1.8s; peak 0.17 GiB
[worker-000] 1 selectors; limit 1800s, 8.0 GiB
[worker-000] memory 137; 9.3s; peak 8.47 GiB
[collect] 2 selectors; limit 1800s, 8.0 GiB
[collect] exit 0; 1.3s; peak 0.04 GiB
[worker-000] 2 selectors; limit 1800s, 8.0 GiB
[worker-000] exit 1; 125.6s; peak 0.55 GiB
[collect] 1 selectors; limit 1800s, 8.0 GiB
[collect] exit 0; 3.6s; peak 0.41 GiB
[worker-000] 1 selectors; limit 1800s, 8.0 GiB
[worker-000] exit 0; 58.4s; peak 0.52 GiB
[collect] 1 selectors; limit 1800s, 8.0 GiB
[collect] exit 0; 1.8s; peak 0.17 GiB
[worker-000] 1 selectors; limit 1800s, 8.0 GiB
[worker-000] exit 0; 3.6s; peak 0.40 GiB
