[collect] 1 selectors; limit 1800s, 8.0 GiB
[collect] exit 0; 3.7s; peak 0.44 GiB
[worker-000] 1 selectors; limit 1800s, 8.0 GiB
[worker-000] exit 0; 53.9s; peak 1.52 GiB
[collect] 2 selectors; limit 1800s, 8.0 GiB
[collect] exit 0; 3.6s; peak 0.40 GiB
[worker-000] 2 selectors; limit 1800s, 8.0 GiB
[worker-000] exit 0; 112.9s; peak 4.43 GiB
[collect] 1 selectors; limit 1800s, 8.0 GiB
[collect] exit 0; 1.8s; peak 0.17 GiB
[worker-000] 1 selectors; limit 1800s, 8.0 GiB
[worker-000] memory 137; 9.4s; peak 8.42 GiB
[collect] 2 selectors; limit 1800s, 8.0 GiB
[collect] exit 0; 1.3s; peak 0.04 GiB
[worker-000] 2 selectors; limit 1800s, 8.0 GiB
[worker-000] exit 1; 126.2s; peak 0.56 GiB
[collect] 1 selectors; limit 1800s, 8.0 GiB
[collect] exit 0; 3.6s; peak 0.41 GiB
[worker-000] 1 selectors; limit 1800s, 8.0 GiB
[worker-000] exit 0; 25.8s; peak 0.52 GiB
[collect] 1 selectors; limit 1800s, 8.0 GiB
[collect] exit 0; 1.8s; peak 0.17 GiB
[worker-000] 1 selectors; limit 1800s, 8.0 GiB
[worker-000] exit 0; 3.6s; peak 0.40 GiB
