F.                                                                       [100%]
=================================== FAILURES ===================================
_______________ TestXorGrammarLearnsXor.test_xor_class_accuracy ________________

self = <test_explicit_dimensions.TestXorGrammarLearnsXor testMethod=test_xor_class_accuracy>

    @unittest.skipIf(not _RUN_SLOW, "slow (~60s end-to-end XOR_grammar train) -- set RUN_SLOW=1")
    def test_xor_class_accuracy(self):
        model = self.trained_xor_grammar
        # Read the answers saved by the final evaluation. Another forward
        # would advance the clock; rCorrect is an embedding-report placeholder.
        data = model.inputSpace.data
        answers = torch.stack(data.reconstructed_output).reshape(-1)
        targets = torch.stack(data.test_output).reshape(-1).to(answers)
        self.assertEqual(answers.numel(), 4)
        self.assertEqual(targets.numel(), 4)
        self.assertTrue(bool(torch.isfinite(answers).all()))
        correct = (answers > 0.5) == (targets > 0.5)
        mse = torch.mean((answers - targets).square()).item()
>       self.assertTrue(
            bool(correct.all()),
            f"XOR_grammar requires all four answers correct: {answers.tolist()}",
        )
E       AssertionError: False is not true : XOR_grammar requires all four answers correct: [0.4751640260219574, 0.512833297252655, 0.4822676479816437, 0.5154246687889099]

test/test_explicit_dimensions.py:252: AssertionError
---------------------------- Captured stdout setup -----------------------------
Device: cpu
Peer pipeline: static PS/WS stage bodies compiled separately; legacy compatibility scheduler remains outside fullgraph capture


==== BasicModel ====

Trial [1/1]
Baseline test pass skipped (--test not specified). Re-invoke train.py with --test to include baseline + post-epoch evaluation.
Epoch [1/400]
[AMP] off (fp32, MODEL_AMP unset or =off)
batch = 0 (warm-up, 100.00%)
Training throughput: 1 batches in 0.766s; word units 100.0% of 8 words (letters-only 100.0% of 8).
Train Loss: output=0.1751, reconstruction=1.4617
Epoch [2/400]
batch = 0 (Δ=0.339s, 100.00%)
Training throughput: 1 batches in 0.337s; word units 100.0% of 8 words (letters-only 100.0% of 8).
Train Loss: output=0.1751, reconstruction=0.6818
Epoch [3/400]
batch = 0 (Δ=0.337s, 100.00%)
Training throughput: 1 batches in 0.336s; word units 100.0% of 8 words (letters-only 100.0% of 8).
Train Loss: output=0.1751, reconstruction=0.7136
Epoch [4/400]
batch = 0 (Δ=0.338s, 100.00%)
Training throughput: 1 batches in 0.337s; word units 100.0% of 8 words (letters-only 100.0% of 8).
Train Loss: output=0.1750, reconstruction=0.7449
Epoch [5/400]
batch = 0 (Δ=0.336s, 100.00%)
Training throughput: 1 batches in 0.335s; word units 100.0% of 8 words (letters-only 100.0% of 8).
Train Loss: output=0.1750, reconstruction=0.7750
Epoch [6/400]
batch = 0 (Δ=0.339s, 100.00%)
Training throughput: 1 batches in 0.337s; word units 100.0% of 8 words (letters-only 100.0% of 8).
Train Loss: output=0.1750, reconstruction=0.8035
Epoch [7/400]
batch = 0 (Δ=0.338s, 100.00%)
Training throughput: 1 batches in 0.337s; word units 100.0% of 8 words (letters-only 100.0% of 8).
Train Loss: output=0.1750, reconstruction=0.8302
Epoch [8/400]
batch = 0 (Δ=0.336s, 100.00%)
Training throughput: 1 batches in 0.335s; word units 100.0% of 8 words (letters-only 100.0% of 8).
Train Loss: output=0.1750, reconstruction=0.8549
Epoch [9/400]
batch = 0 (Δ=0.336s, 100.00%)
Training throughput: 1 batches in 0.335s; word units 100.0% of 8 words (letters-only 100.0% of 8).
Train Loss: output=0.1750, reconstruction=0.8776
Epoch [10/400]
batch = 0 (Δ=0.419s, 100.00%)
Training throughput: 1 batches in 0.418s; word units 100.0% of 8 words (letters-only 100.0% of 8).
Train Loss: output=0.1750, reconstruction=0.8982
Epoch [11/400]
batch = 0 (Δ=0.335s, 100.00%)
Training throughput: 1 batches in 0.334s; word units 100.0% of 8 words (letters-only 100.0% of 8).
Train Loss: output=0.1750, reconstruction=0.9168
Epoch [12/400]
batch = 0 (Δ=0.335s, 100.00%)
Training throughput: 1 batches in 0.334s; word units 100.0% of 8 words (letters-only 100.0% of 8).
Train Loss: output=0.1750, reconstruction=0.9335
Epoch [13/400]
batch = 0 (Δ=0.336s, 100.00%)
Training throughput: 1 batches in 0.335s; word units 100.0% of 8 words (letters-only 100.0% of 8).
Train Loss: output=0.1750, reconstruction=0.9484
Epoch [14/400]
batch = 0 (Δ=0.338s, 100.00%)
Training throughput: 1 batches in 0.337s; word units 100.0% of 8 words (letters-only 100.0% of 8).
Train Loss: output=0.1750, reconstruction=0.9617
Epoch [15/400]
batch = 0 (Δ=0.340s, 100.00%)
Training throughput: 1 batches in 0.339s; word units 100.0% of 8 words (letters-only 100.0% of 8).
Train Loss: output=0.1750, reconstruction=0.9734
Epoch [16/400]
batch = 0 (Δ=0.337s, 100.00%)
Training throughput: 1 batches in 0.336s; word units 100.0% of 8 words (letters-only 100.0% of 8).
Train Loss: output=0.1750, reconstruction=0.9838
Epoch [17/400]
batch = 0 (Δ=0.337s, 100.00%)
Training throughput: 1 batches in 0.336s; word units 100.0% of 8 words (letters-only 100.0% of 8).
Train Loss: output=0.1750, reconstruction=0.9929
Epoch [18/400]
batch = 0 (Δ=0.337s, 100.00%)
Training throughput: 1 batches in 0.336s; word units 100.0% of 8 words (letters-only 100.0% of 8).
Train Loss: output=0.1750, reconstruction=1.0008
Epoch [19/400]
batch = 0 (Δ=0.338s, 100.00%)
Training throughput: 1 batches in 0.337s; word units 100.0% of 8 words (letters-only 100.0% of 8).
Train Loss: output=0.1750, reconstruction=1.0078
Epoch [20/400]
batch = 0 (Δ=0.338s, 100.00%)
Training throughput: 1 batches in 0.337s; word units 100.0% of 8 words (letters-only 100.0% of 8).
Train Loss: output=0.1750, reconstruction=1.0138
Epoch [21/400]
batch = 0 (Δ=0.337s, 100.00%)
Training throughput: 1 batches in 0.337s; word units 100.0% of 8 words (letters-only 100.0% of 8).
Train Loss: output=0.1750, reconstruction=1.0190
Epoch [22/400]
batch = 0 (Δ=0.342s, 100.00%)
Training throughput: 1 batches in 0.341s; word units 100.0% of 8 words (letters-only 100.0% of 8).
Train Loss: output=0.1750, reconstruction=1.0235
Epoch [23/400]
batch = 0 (Δ=0.429s, 100.00%)
Training throughput: 1 batches in 0.428s; word units 100.0% of 8 words (letters-only 100.0% of 8).
Train Loss: output=0.1750, reconstruction=1.0274
Epoch [24/400]
batch = 0 (Δ=0.339s, 100.00%)
Training throughput: 1 batches in 0.338s; word units 100.0% of 8 words (letters-only 100.0% of 8).
Train Loss: output=0.1750, reconstruction=1.0307
Epoch [25/400]
batch = 0 (Δ=0.340s, 100.00%)
Training throughput: 1 batches in 0.339s; word units 100.0% of 8 words (letters-only 100.0% of 8).
Train Loss: output=0.1750, reconstruction=1.0334
Epoch [26/400]
batch = 0 (Δ=0.339s, 100.00%)
Training throughput: 1 batches in 0.337s; word units 100.0% of 8 words (letters-only 100.0% of 8).
Train Loss: output=0.1750, reconstruction=1.0358
Epoch [27/400]
batch = 0 (Δ=0.339s, 100.00%)
Training throughput: 1 batches in 0.338s; word units 100.0% of 8 words (letters-only 100.0% of 8).
Train Loss: output=0.1750, reconstruction=1.0377
Epoch [28/400]
batch = 0 (Δ=0.342s, 100.00%)
Training throughput: 1 batches in 0.341s; word units 100.0% of 8 words (letters-only 100.0% of 8).
Train Loss: output=0.1749, reconstruction=1.0393
Epoch [29/400]
batch = 0 (Δ=0.338s, 100.00%)
Training throughput: 1 batches in 0.337s; word units 100.0% of 8 words (letters-only 100.0% of 8).
Train Loss: output=0.1749, reconstruction=1.0406
Epoch [30/400]
batch = 0 (Δ=0.339s, 100.00%)
Training throughput: 1 batches in 0.338s; word units 100.0% of 8 words (letters-only 100.0% of 8).
Train Loss: output=0.1749, reconstruction=1.0416
Epoch [31/400]
batch = 0 (Δ=0.338s, 100.00%)
Training throughput: 1 batches in 0.337s; word units 100.0% of 8 words (letters-only 100.0% of 8).
Train Loss: output=0.1749, reconstruction=1.0424
Epoch [32/400]
batch = 0 (Δ=0.337s, 100.00%)
Training throughput: 1 batches in 0.336s; word units 100.0% of 8 words (letters-only 100.0% of 8).
Train Loss: output=0.1749, reconstruction=1.0429
Epoch [33/400]
batch = 0 (Δ=0.338s, 100.00%)
Training throughput: 1 batches in 0.337s; word units 100.0% of 8 words (letters-only 100.0% of 8).
Train Loss: output=0.1749, reconstruction=1.0433
Epoch [34/400]
batch = 0 (Δ=0.342s, 100.00%)
Training throughput: 1 batches in 0.342s; word units 100.0% of 8 words (letters-only 100.0% of 8).
Train Loss: output=0.1749, reconstruction=1.0436
Epoch [35/400]
batch = 0 (Δ=0.421s, 100.00%)
Training throughput: 1 batches in 0.419s; word units 100.0% of 8 words (letters-only 100.0% of 8).
Train Loss: output=0.1749, reconstruction=1.0437
Epoch [36/400]
batch = 0 (Δ=0.338s, 100.00%)
Training throughput: 1 batches in 0.337s; word units 100.0% of 8 words (letters-only 100.0% of 8).
Train Loss: output=0.1749, reconstruction=1.0436
Epoch [37/400]
batch = 0 (Δ=0.338s, 100.00%)
Training throughput: 1 batches in 0.336s; word units 100.0% of 8 words (letters-only 100.0% of 8).
Train Loss: output=0.1749, reconstruction=1.0435
Epoch [38/400]
batch = 0 (Δ=0.340s, 100.00%)
Training throughput: 1 batches in 0.339s; word units 100.0% of 8 words (letters-only 100.0% of 8).
Train Loss: output=0.1749, reconstruction=1.0433
Epoch [39/400]
batch = 0 (Δ=0.341s, 100.00%)
Training throughput: 1 batches in 0.340s; word units 100.0% of 8 words (letters-only 100.0% of 8).
Train Loss: output=0.1749, reconstruction=1.0430
Epoch [40/400]
batch = 0 (Δ=0.344s, 100.00%)
Training throughput: 1 batches in 0.343s; word units 100.0% of 8 words (letters-only 100.0% of 8).
Train Loss: output=0.1749, reconstruction=1.0427
Epoch [41/400]
batch = 0 (Δ=0.340s, 100.00%)
Training throughput: 1 batches in 0.339s; word units 100.0% of 8 words (letters-only 100.0% of 8).
Train Loss: output=0.1749, reconstruction=1.0423
Epoch [42/400]
batch = 0 (Δ=0.343s, 100.00%)
Training throughput: 1 batches in 0.342s; word units 100.0% of 8 words (letters-only 100.0% of 8).
Train Loss: output=0.1749, reconstruction=1.0418
Epoch [43/400]
batch = 0 (Δ=0.342s, 100.00%)
Training throughput: 1 batches in 0.341s; word units 100.0% of 8 words (letters-only 100.0% of 8).
Train Loss: output=0.1749, reconstruction=1.0413
Epoch [44/400]
batch = 0 (Δ=0.341s, 100.00%)
Training throughput: 1 batches in 0.340s; word units 100.0% of 8 words (letters-only 100.0% of 8).
Train Loss: output=0.1749, reconstruction=1.0408
Epoch [45/400]
batch = 0 (Δ=0.344s, 100.00%)
Training throughput: 1 batches in 0.343s; word units 100.0% of 8 words (letters-only 100.0% of 8).
Train Loss: output=0.1749, reconstruction=1.0402
Epoch [46/400]
batch = 0 (Δ=0.340s, 100.00%)
Training throughput: 1 batches in 0.339s; word units 100.0% of 8 words (letters-only 100.0% of 8).
Train Loss: output=0.1749, reconstruction=1.0397
Epoch [47/400]
batch = 0 (Δ=0.425s, 100.00%)
Training throughput: 1 batches in 0.424s; word units 100.0% of 8 words (letters-only 100.0% of 8).
Train Loss: output=0.1749, reconstruction=1.0391
Epoch [48/400]
batch = 0 (Δ=0.340s, 100.00%)
Training throughput: 1 batches in 0.339s; word units 100.0% of 8 words (letters-only 100.0% of 8).
Train Loss: output=0.1749, reconstruction=1.0385
Epoch [49/400]
batch = 0 (Δ=0.340s, 100.00%)
Training throughput: 1 batches in 0.339s; word units 100.0% of 8 words (letters-only 100.0% of 8).
Train Loss: output=0.1749, reconstruction=1.0378
Epoch [50/400]
batch = 0 (Δ=0.343s, 100.00%)
Training throughput: 1 batches in 0.342s; word units 100.0% of 8 words (letters-only 100.0% of 8).
Train Loss: output=0.1749, reconstruction=1.0372
Epoch [51/400]
batch = 0 (Δ=0.340s, 100.00%)
Training throughput: 1 batches in 0.339s; word units 100.0% of 8 words (letters-only 100.0% of 8).
Train Loss: output=0.1749, reconstruction=1.0366
Epoch [52/400]
batch = 0 (Δ=0.342s, 100.00%)
Training throughput: 1 batches in 0.341s; word units 100.0% of 8 words (letters-only 100.0% of 8).
Train Loss: output=0.1749, reconstruction=1.0359
Epoch [53/400]
batch = 0 (Δ=0.345s, 100.00%)
Training throughput: 1 batches in 0.344s; word units 100.0% of 8 words (letters-only 100.0% of 8).
Train Loss: output=0.1749, reconstruction=1.0353
Epoch [54/400]
batch = 0 (Δ=0.340s, 100.00%)
Training throughput: 1 batches in 0.339s; word units 100.0% of 8 words (letters-only 100.0% of 8).
Train Loss: output=0.1749, reconstruction=1.0347
Epoch [55/400]
batch = 0 (Δ=0.342s, 100.00%)
Training throughput: 1 batches in 0.341s; word units 100.0% of 8 words (letters-only 100.0% of 8).
Train Loss: output=0.1749, reconstruction=1.0341
Epoch [56/400]
batch = 0 (Δ=0.342s, 100.00%)
Training throughput: 1 batches in 0.341s; word units 100.0% of 8 words (letters-only 100.0% of 8).
Train Loss: output=0.1749, reconstruction=1.0334
Epoch [57/400]
batch = 0 (Δ=0.343s, 100.00%)
Training throughput: 1 batches in 0.342s; word units 100.0% of 8 words (letters-only 100.0% of 8).
Train Loss: output=0.1749, reconstruction=1.0328
Epoch [58/400]
batch = 0 (Δ=0.342s, 100.00%)
Training throughput: 1 batches in 0.340s; word units 100.0% of 8 words (letters-only 100.0% of 8).
Train Loss: output=0.1749, reconstruction=1.0322
Epoch [59/400]
batch = 0 (Δ=0.341s, 100.00%)
Training throughput: 1 batches in 0.341s; word units 100.0% of 8 words (letters-only 100.0% of 8).
Train Loss: output=0.1749, reconstruction=1.0316
Epoch [60/400]
batch = 0 (Δ=0.427s, 100.00%)
Training throughput: 1 batches in 0.426s; word units 100.0% of 8 words (letters-only 100.0% of 8).
Train Loss: output=0.1749, reconstruction=1.0310
Epoch [61/400]
batch = 0 (Δ=0.342s, 100.00%)
Training throughput: 1 batches in 0.341s; word units 100.0% of 8 words (letters-only 100.0% of 8).
Train Loss: output=0.1749, reconstruction=1.0304
Epoch [62/400]
batch = 0 (Δ=0.342s, 100.00%)
Training throughput: 1 batches in 0.341s; word units 100.0% of 8 words (letters-only 100.0% of 8).
Train Loss: output=0.1749, reconstruction=1.0298
Epoch [63/400]
batch = 0 (Δ=0.341s, 100.00%)
Training throughput: 1 batches in 0.340s; word units 100.0% of 8 words (letters-only 100.0% of 8).
Train Loss: output=0.1749, reconstruction=1.0292
Epoch [64/400]
batch = 0 (Δ=0.344s, 100.00%)
Training throughput: 1 batches in 0.343s; word units 100.0% of 8 words (letters-only 100.0% of 8).
Train Loss: output=0.1749, reconstruction=1.0286
Epoch [65/400]
batch = 0 (Δ=0.344s, 100.00%)
Training throughput: 1 batches in 0.343s; word units 100.0% of 8 words (letters-only 100.0% of 8).
Train Loss: output=0.1749, reconstruction=1.0281
Epoch [66/400]
batch = 0 (Δ=0.346s, 100.00%)
Training throughput: 1 batches in 0.345s; word units 100.0% of 8 words (letters-only 100.0% of 8).
Train Loss: output=0.1749, reconstruction=1.0275
Epoch [67/400]
batch = 0 (Δ=0.343s, 100.00%)
Training throughput: 1 batches in 0.342s; word units 100.0% of 8 words (letters-only 100.0% of 8).
Train Loss: output=0.1749, reconstruction=1.0270
Epoch [68/400]
batch = 0 (Δ=0.343s, 100.00%)
Training throughput: 1 batches in 0.342s; word units 100.0% of 8 words (letters-only 100.0% of 8).
Train Loss: output=0.1749, reconstruction=1.0264
Epoch [69/400]
batch = 0 (Δ=0.341s, 100.00%)
Training throughput: 1 batches in 0.340s; word units 100.0% of 8 words (letters-only 100.0% of 8).
Train Loss: output=0.1749, reconstruction=1.0259
Epoch [70/400]
batch = 0 (Δ=0.341s, 100.00%)
Training throughput: 1 batches in 0.340s; word units 100.0% of 8 words (letters-only 100.0% of 8).
Train Loss: output=0.1749, reconstruction=1.0254
Epoch [71/400]
batch = 0 (Δ=0.341s, 100.00%)
Training throughput: 1 batches in 0.340s; word units 100.0% of 8 words (letters-only 100.0% of 8).
Train Loss: output=0.1749, reconstruction=1.0249
Epoch [72/400]
batch = 0 (Δ=0.427s, 100.00%)
Training throughput: 1 batches in 0.426s; word units 100.0% of 8 words (letters-only 100.0% of 8).
Train Loss: output=0.1749, reconstruction=1.0244
Epoch [73/400]
batch = 0 (Δ=0.340s, 100.00%)
Training throughput: 1 batches in 0.339s; word units 100.0% of 8 words (letters-only 100.0% of 8).
Train Loss: output=0.1749, reconstruction=1.0239
Epoch [74/400]
batch = 0 (Δ=0.340s, 100.00%)
Training throughput: 1 batches in 0.339s; word units 100.0% of 8 words (letters-only 100.0% of 8).
Train Loss: output=0.1749, reconstruction=1.0234
Epoch [75/400]
batch = 0 (Δ=0.341s, 100.00%)
Training throughput: 1 batches in 0.340s; word units 100.0% of 8 words (letters-only 100.0% of 8).
Train Loss: output=0.1749, reconstruction=1.0229
Epoch [76/400]
batch = 0 (Δ=0.343s, 100.00%)
Training throughput: 1 batches in 0.342s; word units 100.0% of 8 words (letters-only 100.0% of 8).
Train Loss: output=0.1749, reconstruction=1.0224
Epoch [77/400]
batch = 0 (Δ=0.348s, 100.00%)
Training throughput: 1 batches in 0.347s; word units 100.0% of 8 words (letters-only 100.0% of 8).
Train Loss: output=0.1749, reconstruction=1.0220
Epoch [78/400]
batch = 0 (Δ=0.346s, 100.00%)
Training throughput: 1 batches in 0.345s; word units 100.0% of 8 words (letters-only 100.0% of 8).
Train Loss: output=0.1749, reconstruction=1.0215
Epoch [79/400]
batch = 0 (Δ=0.343s, 100.00%)
Training throughput: 1 batches in 0.342s; word units 100.0% of 8 words (letters-only 100.0% of 8).
Train Loss: output=0.1749, reconstruction=1.0211
Epoch [80/400]
batch = 0 (Δ=0.345s, 100.00%)
Training throughput: 1 batches in 0.344s; word units 100.0% of 8 words (letters-only 100.0% of 8).
Train Loss: output=0.1749, reconstruction=1.0207
Epoch [81/400]
batch = 0 (Δ=0.346s, 100.00%)
Training throughput: 1 batches in 0.344s; word units 100.0% of 8 words (letters-only 100.0% of 8).
Train Loss: output=0.1748, reconstruction=1.0202
Epoch [82/400]
batch = 0 (Δ=0.344s, 100.00%)
Training throughput: 1 batches in 0.343s; word units 100.0% of 8 words (letters-only 100.0% of 8).
Train Loss: output=0.1748, reconstruction=1.0198
Epoch [83/400]
batch = 0 (Δ=0.344s, 100.00%)
Training throughput: 1 batches in 0.344s; word units 100.0% of 8 words (letters-only 100.0% of 8).
Train Loss: output=0.1748, reconstruction=1.0194
Epoch [84/400]
batch = 0 (Δ=0.345s, 100.00%)
Training throughput: 1 batches in 0.343s; word units 100.0% of 8 words (letters-only 100.0% of 8).
Train Loss: output=0.1748, reconstruction=1.0190
Epoch [85/400]
batch = 0 (Δ=0.433s, 100.00%)
Training throughput: 1 batches in 0.431s; word units 100.0% of 8 words (letters-only 100.0% of 8).
Train Loss: output=0.1748, reconstruction=1.0186
Epoch [86/400]
batch = 0 (Δ=0.341s, 100.00%)
Training throughput: 1 batches in 0.340s; word units 100.0% of 8 words (letters-only 100.0% of 8).
Train Loss: output=0.1748, reconstruction=1.0182
Epoch [87/400]
batch = 0 (Δ=0.345s, 100.00%)
Training throughput: 1 batches in 0.344s; word units 100.0% of 8 words (letters-only 100.0% of 8).
Train Loss: output=0.1748, reconstruction=1.0178
Epoch [88/400]
batch = 0 (Δ=0.342s, 100.00%)
Training throughput: 1 batches in 0.341s; word units 100.0% of 8 words (letters-only 100.0% of 8).
Train Loss: output=0.1748, reconstruction=1.0174
Epoch [89/400]
batch = 0 (Δ=0.343s, 100.00%)
Training throughput: 1 batches in 0.342s; word units 100.0% of 8 words (letters-only 100.0% of 8).
Train Loss: output=0.1748, reconstruction=1.0170
Epoch [90/400]
batch = 0 (Δ=0.343s, 100.00%)
Training throughput: 1 batches in 0.342s; word units 100.0% of 8 words (letters-only 100.0% of 8).
Train Loss: output=0.1748, reconstruction=1.0167
Epoch [91/400]
batch = 0 (Δ=0.346s, 100.00%)
Training throughput: 1 batches in 0.345s; word units 100.0% of 8 words (letters-only 100.0% of 8).
Train Loss: output=0.1748, reconstruction=1.0163
Epoch [92/400]
batch = 0 (Δ=0.344s, 100.00%)
Training throughput: 1 batches in 0.343s; word units 100.0% of 8 words (letters-only 100.0% of 8).
Train Loss: output=0.1748, reconstruction=1.0160
Epoch [93/400]
batch = 0 (Δ=0.343s, 100.00%)
Training throughput: 1 batches in 0.342s; word units 100.0% of 8 words (letters-only 100.0% of 8).
Train Loss: output=0.1748, reconstruction=1.0156
Epoch [94/400]
batch = 0 (Δ=0.345s, 100.00%)
Training throughput: 1 batches in 0.344s; word units 100.0% of 8 words (letters-only 100.0% of 8).
Train Loss: output=0.1748, reconstruction=1.0153
Epoch [95/400]
batch = 0 (Δ=0.344s, 100.00%)
Training throughput: 1 batches in 0.343s; word units 100.0% of 8 words (letters-only 100.0% of 8).
Train Loss: output=0.1748, reconstruction=1.0149
Epoch [96/400]
batch = 0 (Δ=0.346s, 100.00%)
Training throughput: 1 batches in 0.345s; word units 100.0% of 8 words (letters-only 100.0% of 8).
Train Loss: output=0.1748, reconstruction=1.0146
Epoch [97/400]
batch = 0 (Δ=0.433s, 100.00%)
Training throughput: 1 batches in 0.432s; word units 100.0% of 8 words (letters-only 100.0% of 8).
Train Loss: output=0.1748, reconstruction=1.0143
Epoch [98/400]
batch = 0 (Δ=0.345s, 100.00%)
Training throughput: 1 batches in 0.344s; word units 100.0% of 8 words (letters-only 100.0% of 8).
Train Loss: output=0.1748, reconstruction=1.0140
Epoch [99/400]
batch = 0 (Δ=0.346s, 100.00%)
Training throughput: 1 batches in 0.345s; word units 100.0% of 8 words (letters-only 100.0% of 8).
Train Loss: output=0.1748, reconstruction=1.0136
Epoch [100/400]
batch = 0 (Δ=0.346s, 100.00%)
Training throughput: 1 batches in 0.345s; word units 100.0% of 8 words (letters-only 100.0% of 8).
Train Loss: output=0.1748, reconstruction=1.0133
Epoch [101/400]
batch = 0 (Δ=0.346s, 100.00%)
Training throughput: 1 batches in 0.345s; word units 100.0% of 8 words (letters-only 100.0% of 8).
Train Loss: output=0.1748, reconstruction=1.0130
Epoch [102/400]
batch = 0 (Δ=0.347s, 100.00%)
Training throughput: 1 batches in 0.347s; word units 100.0% of 8 words (letters-only 100.0% of 8).
Train Loss: output=0.1748, reconstruction=1.0127
Epoch [103/400]
batch = 0 (Δ=0.347s, 100.00%)
Training throughput: 1 batches in 0.345s; word units 100.0% of 8 words (letters-only 100.0% of 8).
Train Loss: output=0.1748, reconstruction=1.0124
Epoch [104/400]
batch = 0 (Δ=0.348s, 100.00%)
Training throughput: 1 batches in 0.347s; word units 100.0% of 8 words (letters-only 100.0% of 8).
Train Loss: output=0.1748, reconstruction=1.0121
Epoch [105/400]
batch = 0 (Δ=0.348s, 100.00%)
Training throughput: 1 batches in 0.347s; word units 100.0% of 8 words (letters-only 100.0% of 8).
Train Loss: output=0.1748, reconstruction=1.0118
Epoch [106/400]
batch = 0 (Δ=0.346s, 100.00%)
Training throughput: 1 batches in 0.345s; word units 100.0% of 8 words (letters-only 100.0% of 8).
Train Loss: output=0.1748, reconstruction=1.0115
Epoch [107/400]
batch = 0 (Δ=0.345s, 100.00%)
Training throughput: 1 batches in 0.344s; word units 100.0% of 8 words (letters-only 100.0% of 8).
Train Loss: output=0.1748, reconstruction=1.0113
Epoch [108/400]
batch = 0 (Δ=0.345s, 100.00%)
Training throughput: 1 batches in 0.343s; word units 100.0% of 8 words (letters-only 100.0% of 8).
Train Loss: output=0.1748, reconstruction=1.0110
Epoch [109/400]
batch = 0 (Δ=0.349s, 100.00%)
Training throughput: 1 batches in 0.348s; word units 100.0% of 8 words (letters-only 100.0% of 8).
Train Loss: output=0.1748, reconstruction=1.0107
Epoch [110/400]
batch = 0 (Δ=0.432s, 100.00%)
Training throughput: 1 batches in 0.430s; word units 100.0% of 8 words (letters-only 100.0% of 8).
Train Loss: output=0.1748, reconstruction=1.0104
Epoch [111/400]
batch = 0 (Δ=0.345s, 100.00%)
Training throughput: 1 batches in 0.344s; word units 100.0% of 8 words (letters-only 100.0% of 8).
Train Loss: output=0.1748, reconstruction=1.0102
Epoch [112/400]
batch = 0 (Δ=0.345s, 100.00%)
Training throughput: 1 batches in 0.344s; word units 100.0% of 8 words (letters-only 100.0% of 8).
Train Loss: output=0.1748, reconstruction=1.0099
Epoch [113/400]
batch = 0 (Δ=0.344s, 100.00%)
Training throughput: 1 batches in 0.343s; word units 100.0% of 8 words (letters-only 100.0% of 8).
Train Loss: output=0.1748, reconstruction=1.0096
Epoch [114/400]
batch = 0 (Δ=0.346s, 100.00%)
Training throughput: 1 batches in 0.345s; word units 100.0% of 8 words (letters-only 100.0% of 8).
Train Loss: output=0.1748, reconstruction=1.0094
Epoch [115/400]
batch = 0 (Δ=0.349s, 100.00%)
Training throughput: 1 batches in 0.348s; word units 100.0% of 8 words (letters-only 100.0% of 8).
Train Loss: output=0.1748, reconstruction=1.0091
Epoch [116/400]
batch = 0 (Δ=0.349s, 100.00%)
Training throughput: 1 batches in 0.348s; word units 100.0% of 8 words (letters-only 100.0% of 8).
Train Loss: output=0.1748, reconstruction=1.0089
Epoch [117/400]
batch = 0 (Δ=0.346s, 100.00%)
Training throughput: 1 batches in 0.345s; word units 100.0% of 8 words (letters-only 100.0% of 8).
Train Loss: output=0.1748, reconstruction=1.0086
Epoch [118/400]
batch = 0 (Δ=0.352s, 100.00%)
Training throughput: 1 batches in 0.351s; word units 100.0% of 8 words (letters-only 100.0% of 8).
Train Loss: output=0.1748, reconstruction=1.0084
Epoch [119/400]
batch = 0 (Δ=0.346s, 100.00%)
Training throughput: 1 batches in 0.345s; word units 100.0% of 8 words (letters-only 100.0% of 8).
Train Loss: output=0.1748, reconstruction=1.0082
Epoch [120/400]
batch = 0 (Δ=0.349s, 100.00%)
Training throughput: 1 batches in 0.348s; word units 100.0% of 8 words (letters-only 100.0% of 8).
Train Loss: output=0.1748, reconstruction=1.0079
Epoch [121/400]
batch = 0 (Δ=0.351s, 100.00%)
Training throughput: 1 batches in 0.350s; word units 100.0% of 8 words (letters-only 100.0% of 8).
Train Loss: output=0.1748, reconstruction=1.0077
Epoch [122/400]
batch = 0 (Δ=0.434s, 100.00%)
Training throughput: 1 batches in 0.433s; word units 100.0% of 8 words (letters-only 100.0% of 8).
Train Loss: output=0.1748, reconstruction=1.0074
Epoch [123/400]
batch = 0 (Δ=0.345s, 100.00%)
Training throughput: 1 batches in 0.344s; word units 100.0% of 8 words (letters-only 100.0% of 8).
Train Loss: output=0.1748, reconstruction=1.0072
Epoch [124/400]
batch = 0 (Δ=0.347s, 100.00%)
Training throughput: 1 batches in 0.346s; word units 100.0% of 8 words (letters-only 100.0% of 8).
Train Loss: output=0.1748, reconstruction=1.0070
Epoch [125/400]
batch = 0 (Δ=0.345s, 100.00%)
Training throughput: 1 batches in 0.344s; word units 100.0% of 8 words (letters-only 100.0% of 8).
Train Loss: output=0.1748, reconstruction=1.0068
Epoch [126/400]
batch = 0 (Δ=0.345s, 100.00%)
Training throughput: 1 batches in 0.344s; word units 100.0% of 8 words (letters-only 100.0% of 8).
Train Loss: output=0.1748, reconstruction=1.0066
Epoch [127/400]
batch = 0 (Δ=0.351s, 100.00%)
Training throughput: 1 batches in 0.350s; word units 100.0% of 8 words (letters-only 100.0% of 8).
Train Loss: output=0.1748, reconstruction=1.0064
Epoch [128/400]
batch = 0 (Δ=0.353s, 100.00%)
Training throughput: 1 batches in 0.352s; word units 100.0% of 8 words (letters-only 100.0% of 8).
Train Loss: output=0.1748, reconstruction=1.0061
Epoch [129/400]
batch = 0 (Δ=0.348s, 100.00%)
Training throughput: 1 batches in 0.347s; word units 100.0% of 8 words (letters-only 100.0% of 8).
Train Loss: output=0.1748, reconstruction=1.0059
Epoch [130/400]
batch = 0 (Δ=0.348s, 100.00%)
Training throughput: 1 batches in 0.347s; word units 100.0% of 8 words (letters-only 100.0% of 8).
Train Loss: output=0.1748, reconstruction=1.0057
Epoch [131/400]
batch = 0 (Δ=0.348s, 100.00%)
Training throughput: 1 batches in 0.347s; word units 100.0% of 8 words (letters-only 100.0% of 8).
Train Loss: output=0.1748, reconstruction=1.0055
Epoch [132/400]
batch = 0 (Δ=0.348s, 100.00%)
Training throughput: 1 batches in 0.347s; word units 100.0% of 8 words (letters-only 100.0% of 8).
Train Loss: output=0.1748, reconstruction=1.0053
Epoch [133/400]
batch = 0 (Δ=0.355s, 100.00%)
Training throughput: 1 batches in 0.354s; word units 100.0% of 8 words (letters-only 100.0% of 8).
Train Loss: output=0.1748, reconstruction=1.0051
Epoch [134/400]
batch = 0 (Δ=0.347s, 100.00%)
Training throughput: 1 batches in 0.346s; word units 100.0% of 8 words (letters-only 100.0% of 8).
Train Loss: output=0.1748, reconstruction=1.0049
Epoch [135/400]
batch = 0 (Δ=0.434s, 100.00%)
Training throughput: 1 batches in 0.433s; word units 100.0% of 8 words (letters-only 100.0% of 8).
Train Loss: output=0.1747, reconstruction=1.0047
Epoch [136/400]
batch = 0 (Δ=0.349s, 100.00%)
Training throughput: 1 batches in 0.348s; word units 100.0% of 8 words (letters-only 100.0% of 8).
Train Loss: output=0.1747, reconstruction=1.0045
Epoch [137/400]
batch = 0 (Δ=0.350s, 100.00%)
Training throughput: 1 batches in 0.349s; word units 100.0% of 8 words (letters-only 100.0% of 8).
Train Loss: output=0.1747, reconstruction=1.0043
Epoch [138/400]
batch = 0 (Δ=0.347s, 100.00%)
Training throughput: 1 batches in 0.346s; word units 100.0% of 8 words (letters-only 100.0% of 8).
Train Loss: output=0.1747, reconstruction=1.0041
Epoch [139/400]
batch = 0 (Δ=0.354s, 100.00%)
Training throughput: 1 batches in 0.353s; word units 100.0% of 8 words (letters-only 100.0% of 8).
Train Loss: output=0.1747, reconstruction=1.0039
Epoch [140/400]
batch = 0 (Δ=0.349s, 100.00%)
Training throughput: 1 batches in 0.348s; word units 100.0% of 8 words (letters-only 100.0% of 8).
Train Loss: output=0.1747, reconstruction=1.0038
Epoch [141/400]
batch = 0 (Δ=0.350s, 100.00%)
Training throughput: 1 batches in 0.349s; word units 100.0% of 8 words (letters-only 100.0% of 8).
Train Loss: output=0.1747, reconstruction=1.0036
Epoch [142/400]
batch = 0 (Δ=0.349s, 100.00%)
Training throughput: 1 batches in 0.348s; word units 100.0% of 8 words (letters-only 100.0% of 8).
Train Loss: output=0.1747, reconstruction=1.0034
Epoch [143/400]
batch = 0 (Δ=0.348s, 100.00%)
Training throughput: 1 batches in 0.347s; word units 100.0% of 8 words (letters-only 100.0% of 8).
Train Loss: output=0.1747, reconstruction=1.0032
Epoch [144/400]
batch = 0 (Δ=0.349s, 100.00%)
Training throughput: 1 batches in 0.348s; word units 100.0% of 8 words (letters-only 100.0% of 8).
Train Loss: output=0.1747, reconstruction=1.0030
Epoch [145/400]
batch = 0 (Δ=0.349s, 100.00%)
Training throughput: 1 batches in 0.348s; word units 100.0% of 8 words (letters-only 100.0% of 8).
Train Loss: output=0.1747, reconstruction=1.0028
Epoch [146/400]
batch = 0 (Δ=0.349s, 100.00%)
Training throughput: 1 batches in 0.348s; word units 100.0% of 8 words (letters-only 100.0% of 8).
Train Loss: output=0.1747, reconstruction=1.0027
Epoch [147/400]
batch = 0 (Δ=0.444s, 100.00%)
Training throughput: 1 batches in 0.443s; word units 100.0% of 8 words (letters-only 100.0% of 8).
Train Loss: output=0.1747, reconstruction=1.0025
Epoch [148/400]
batch = 0 (Δ=0.351s, 100.00%)
Training throughput: 1 batches in 0.350s; word units 100.0% of 8 words (letters-only 100.0% of 8).
Train Loss: output=0.1747, reconstruction=1.0023
Epoch [149/400]
batch = 0 (Δ=0.349s, 100.00%)
Training throughput: 1 batches in 0.348s; word units 100.0% of 8 words (letters-only 100.0% of 8).
Train Loss: output=0.1747, reconstruction=1.0022
Epoch [150/400]
batch = 0 (Δ=0.348s, 100.00%)
Training throughput: 1 batches in 0.347s; word units 100.0% of 8 words (letters-only 100.0% of 8).
Train Loss: output=0.1747, reconstruction=1.0020
Epoch [151/400]
batch = 0 (Δ=0.350s, 100.00%)
Training throughput: 1 batches in 0.350s; word units 100.0% of 8 words (letters-only 100.0% of 8).
Train Loss: output=0.1747, reconstruction=1.0018
Epoch [152/400]
batch = 0 (Δ=0.351s, 100.00%)
Training throughput: 1 batches in 0.350s; word units 100.0% of 8 words (letters-only 100.0% of 8).
Train Loss: output=0.1747, reconstruction=1.0017
Epoch [153/400]
batch = 0 (Δ=0.352s, 100.00%)
Training throughput: 1 batches in 0.351s; word units 100.0% of 8 words (letters-only 100.0% of 8).
Train Loss: output=0.1747, reconstruction=1.0015
Epoch [154/400]
batch = 0 (Δ=0.349s, 100.00%)
Training throughput: 1 batches in 0.348s; word units 100.0% of 8 words (letters-only 100.0% of 8).
Train Loss: output=0.1747, reconstruction=1.0013
Epoch [155/400]
batch = 0 (Δ=0.353s, 100.00%)
Training throughput: 1 batches in 0.352s; word units 100.0% of 8 words (letters-only 100.0% of 8).
Train Loss: output=0.1747, reconstruction=1.0012
Epoch [156/400]
batch = 0 (Δ=0.351s, 100.00%)
Training throughput: 1 batches in 0.350s; word units 100.0% of 8 words (letters-only 100.0% of 8).
Train Loss: output=0.1747, reconstruction=1.0010
Epoch [157/400]
batch = 0 (Δ=0.350s, 100.00%)
Training throughput: 1 batches in 0.349s; word units 100.0% of 8 words (letters-only 100.0% of 8).
Train Loss: output=0.1747, reconstruction=1.0009
Epoch [158/400]
batch = 0 (Δ=0.353s, 100.00%)
Training throughput: 1 batches in 0.352s; word units 100.0% of 8 words (letters-only 100.0% of 8).
Train Loss: output=0.1747, reconstruction=1.0007
Epoch [159/400]
batch = 0 (Δ=0.438s, 100.00%)
Training throughput: 1 batches in 0.437s; word units 100.0% of 8 words (letters-only 100.0% of 8).
Train Loss: output=0.1747, reconstruction=1.0006
Epoch [160/400]
batch = 0 (Δ=0.351s, 100.00%)
Training throughput: 1 batches in 0.350s; word units 100.0% of 8 words (letters-only 100.0% of 8).
Train Loss: output=0.1747, reconstruction=1.0004
Epoch [161/400]
batch = 0 (Δ=0.350s, 100.00%)
Training throughput: 1 batches in 0.349s; word units 100.0% of 8 words (letters-only 100.0% of 8).
Train Loss: output=0.1747, reconstruction=1.0003
Epoch [162/400]
batch = 0 (Δ=0.349s, 100.00%)
Training throughput: 1 batches in 0.348s; word units 100.0% of 8 words (letters-only 100.0% of 8).
Train Loss: output=0.1747, reconstruction=1.0001
Epoch [163/400]
batch = 0 (Δ=0.349s, 100.00%)
Training throughput: 1 batches in 0.348s; word units 100.0% of 8 words (letters-only 100.0% of 8).
Train Loss: output=0.1747, reconstruction=1.0000
Epoch [164/400]
batch = 0 (Δ=0.352s, 100.00%)
Training throughput: 1 batches in 0.351s; word units 100.0% of 8 words (letters-only 100.0% of 8).
Train Loss: output=0.1747, reconstruction=0.9998
Epoch [165/400]
batch = 0 (Δ=0.354s, 100.00%)
Training throughput: 1 batches in 0.353s; word units 100.0% of 8 words (letters-only 100.0% of 8).
Train Loss: output=0.1747, reconstruction=0.9997
Epoch [166/400]
batch = 0 (Δ=0.353s, 100.00%)
Training throughput: 1 batches in 0.352s; word units 100.0% of 8 words (letters-only 100.0% of 8).
Train Loss: output=0.1747, reconstruction=0.9995
Epoch [167/400]
batch = 0 (Δ=0.351s, 100.00%)
Training throughput: 1 batches in 0.350s; word units 100.0% of 8 words (letters-only 100.0% of 8).
Train Loss: output=0.1747, reconstruction=0.9994
Epoch [168/400]
batch = 0 (Δ=0.350s, 100.00%)
Training throughput: 1 batches in 0.349s; word units 100.0% of 8 words (letters-only 100.0% of 8).
Train Loss: output=0.1747, reconstruction=0.9992
Epoch [169/400]
batch = 0 (Δ=0.350s, 100.00%)
Training throughput: 1 batches in 0.349s; word units 100.0% of 8 words (letters-only 100.0% of 8).
Train Loss: output=0.1747, reconstruction=0.9991
Epoch [170/400]
batch = 0 (Δ=0.353s, 100.00%)
Training throughput: 1 batches in 0.352s; word units 100.0% of 8 words (letters-only 100.0% of 8).
Train Loss: output=0.1747, reconstruction=0.9990
Epoch [171/400]
batch = 0 (Δ=0.436s, 100.00%)
Training throughput: 1 batches in 0.435s; word units 100.0% of 8 words (letters-only 100.0% of 8).
Train Loss: output=0.1747, reconstruction=0.9988
Epoch [172/400]
batch = 0 (Δ=0.351s, 100.00%)
Training throughput: 1 batches in 0.350s; word units 100.0% of 8 words (letters-only 100.0% of 8).
Train Loss: output=0.1747, reconstruction=0.9987
Epoch [173/400]
batch = 0 (Δ=0.354s, 100.00%)
Training throughput: 1 batches in 0.353s; word units 100.0% of 8 words (letters-only 100.0% of 8).
Train Loss: output=0.1747, reconstruction=0.9986
Epoch [174/400]
batch = 0 (Δ=0.353s, 100.00%)
Training throughput: 1 batches in 0.352s; word units 100.0% of 8 words (letters-only 100.0% of 8).
Train Loss: output=0.1747, reconstruction=0.9984
Epoch [175/400]
batch = 0 (Δ=0.350s, 100.00%)
Training throughput: 1 batches in 0.349s; word units 100.0% of 8 words (letters-only 100.0% of 8).
Train Loss: output=0.1747, reconstruction=0.9983
Epoch [176/400]
batch = 0 (Δ=0.356s, 100.00%)
Training throughput: 1 batches in 0.355s; word units 100.0% of 8 words (letters-only 100.0% of 8).
Train Loss: output=0.1747, reconstruction=0.9982
Epoch [177/400]
batch = 0 (Δ=0.351s, 100.00%)
Training throughput: 1 batches in 0.350s; word units 100.0% of 8 words (letters-only 100.0% of 8).
Train Loss: output=0.1747, reconstruction=0.9980
Epoch [178/400]
batch = 0 (Δ=0.354s, 100.00%)
Training throughput: 1 batches in 0.354s; word units 100.0% of 8 words (letters-only 100.0% of 8).
Train Loss: output=0.1747, reconstruction=0.9979
Epoch [179/400]
batch = 0 (Δ=0.354s, 100.00%)
Training throughput: 1 batches in 0.353s; word units 100.0% of 8 words (letters-only 100.0% of 8).
Train Loss: output=0.1747, reconstruction=0.9978
Epoch [180/400]
batch = 0 (Δ=0.353s, 100.00%)
Training throughput: 1 batches in 0.351s; word units 100.0% of 8 words (letters-only 100.0% of 8).
Train Loss: output=0.1747, reconstruction=0.9977
Epoch [181/400]
batch = 0 (Δ=0.354s, 100.00%)
Training throughput: 1 batches in 0.353s; word units 100.0% of 8 words (letters-only 100.0% of 8).
Train Loss: output=0.1747, reconstruction=0.9975
Epoch [182/400]
batch = 0 (Δ=0.351s, 100.00%)
Training throughput: 1 batches in 0.350s; word units 100.0% of 8 words (letters-only 100.0% of 8).
Train Loss: output=0.1747, reconstruction=0.9974
Epoch [183/400]
batch = 0 (Δ=0.353s, 100.00%)
Training throughput: 1 batches in 0.352s; word units 100.0% of 8 words (letters-only 100.0% of 8).
Train Loss: output=0.1747, reconstruction=0.9973
Epoch [184/400]
batch = 0 (Δ=0.439s, 100.00%)
Training throughput: 1 batches in 0.438s; word units 100.0% of 8 words (letters-only 100.0% of 8).
Train Loss: output=0.1747, reconstruction=0.9972
Epoch [185/400]
batch = 0 (Δ=0.354s, 100.00%)
Training throughput: 1 batches in 0.353s; word units 100.0% of 8 words (letters-only 100.0% of 8).
Train Loss: output=0.1747, reconstruction=0.9970
Epoch [186/400]
batch = 0 (Δ=0.353s, 100.00%)
Training throughput: 1 batches in 0.352s; word units 100.0% of 8 words (letters-only 100.0% of 8).
Train Loss: output=0.1747, reconstruction=0.9969
Epoch [187/400]
batch = 0 (Δ=0.353s, 100.00%)
Training throughput: 1 batches in 0.352s; word units 100.0% of 8 words (letters-only 100.0% of 8).
Train Loss: output=0.1747, reconstruction=0.9968
Epoch [188/400]
batch = 0 (Δ=0.353s, 100.00%)
Training throughput: 1 batches in 0.352s; word units 100.0% of 8 words (letters-only 100.0% of 8).
Train Loss: output=0.1747, reconstruction=0.9967
Epoch [189/400]
batch = 0 (Δ=0.356s, 100.00%)
Training throughput: 1 batches in 0.355s; word units 100.0% of 8 words (letters-only 100.0% of 8).
Train Loss: output=0.1747, reconstruction=0.9965
Epoch [190/400]
batch = 0 (Δ=0.357s, 100.00%)
Training throughput: 1 batches in 0.356s; word units 100.0% of 8 words (letters-only 100.0% of 8).
Train Loss: output=0.1747, reconstruction=0.9964
Epoch [191/400]
batch = 0 (Δ=0.353s, 100.00%)
Training throughput: 1 batches in 0.352s; word units 100.0% of 8 words (letters-only 100.0% of 8).
Train Loss: output=0.1747, reconstruction=0.9963
Epoch [192/400]
batch = 0 (Δ=0.354s, 100.00%)
Training throughput: 1 batches in 0.353s; word units 100.0% of 8 words (letters-only 100.0% of 8).
Train Loss: output=0.1747, reconstruction=0.9962
Epoch [193/400]
batch = 0 (Δ=0.353s, 100.00%)
Training throughput: 1 batches in 0.352s; word units 100.0% of 8 words (letters-only 100.0% of 8).
Train Loss: output=0.1747, reconstruction=0.9961
Epoch [194/400]
batch = 0 (Δ=0.357s, 100.00%)
Training throughput: 1 batches in 0.356s; word units 100.0% of 8 words (letters-only 100.0% of 8).
Train Loss: output=0.1747, reconstruction=0.9960
Epoch [195/400]
batch = 0 (Δ=0.353s, 100.00%)
Training throughput: 1 batches in 0.353s; word units 100.0% of 8 words (letters-only 100.0% of 8).
Train Loss: output=0.1747, reconstruction=0.9959
Epoch [196/400]
batch = 0 (Δ=0.439s, 100.00%)
Training throughput: 1 batches in 0.438s; word units 100.0% of 8 words (letters-only 100.0% of 8).
Train Loss: output=0.1746, reconstruction=0.9957
Epoch [197/400]
batch = 0 (Δ=0.354s, 100.00%)
Training throughput: 1 batches in 0.353s; word units 100.0% of 8 words (letters-only 100.0% of 8).
Train Loss: output=0.1746, reconstruction=0.9956
Epoch [198/400]
batch = 0 (Δ=0.353s, 100.00%)
Training throughput: 1 batches in 0.352s; word units 100.0% of 8 words (letters-only 100.0% of 8).
Train Loss: output=0.1746, reconstruction=0.9955
Epoch [199/400]
batch = 0 (Δ=0.352s, 100.00%)
Training throughput: 1 batches in 0.351s; word units 100.0% of 8 words (letters-only 100.0% of 8).
Train Loss: output=0.1746, reconstruction=0.9954
Epoch [200/400]
batch = 0 (Δ=0.354s, 100.00%)
Training throughput: 1 batches in 0.353s; word units 100.0% of 8 words (letters-only 100.0% of 8).
Train Loss: output=0.1746, reconstruction=0.9953
Epoch [201/400]
batch = 0 (Δ=0.354s, 100.00%)
Training throughput: 1 batches in 0.353s; word units 100.0% of 8 words (letters-only 100.0% of 8).
Train Loss: output=0.1746, reconstruction=0.9952
Epoch [202/400]
batch = 0 (Δ=0.356s, 100.00%)
Training throughput: 1 batches in 0.355s; word units 100.0% of 8 words (letters-only 100.0% of 8).
Train Loss: output=0.1746, reconstruction=0.9951
Epoch [203/400]
batch = 0 (Δ=0.355s, 100.00%)
Training throughput: 1 batches in 0.354s; word units 100.0% of 8 words (letters-only 100.0% of 8).
Train Loss: output=0.1746, reconstruction=0.9950
Epoch [204/400]
batch = 0 (Δ=0.353s, 100.00%)
Training throughput: 1 batches in 0.352s; word units 100.0% of 8 words (letters-only 100.0% of 8).
Train Loss: output=0.1746, reconstruction=0.9949
Epoch [205/400]
batch = 0 (Δ=0.354s, 100.00%)
Training throughput: 1 batches in 0.353s; word units 100.0% of 8 words (letters-only 100.0% of 8).
Train Loss: output=0.1747, reconstruction=0.9948
Epoch [206/400]
batch = 0 (Δ=0.356s, 100.00%)
Training throughput: 1 batches in 0.355s; word units 100.0% of 8 words (letters-only 100.0% of 8).
Train Loss: output=0.1747, reconstruction=0.9947
Epoch [207/400]
batch = 0 (Δ=0.356s, 100.00%)
Training throughput: 1 batches in 0.355s; word units 100.0% of 8 words (letters-only 100.0% of 8).
Train Loss: output=0.1746, reconstruction=0.9946
Epoch [208/400]
batch = 0 (Δ=0.442s, 100.00%)
Training throughput: 1 batches in 0.442s; word units 100.0% of 8 words (letters-only 100.0% of 8).
Train Loss: output=0.1746, reconstruction=0.9945
Epoch [209/400]
batch = 0 (Δ=0.352s, 100.00%)
Training throughput: 1 batches in 0.351s; word units 100.0% of 8 words (letters-only 100.0% of 8).
Train Loss: output=0.1746, reconstruction=0.9944
Epoch [210/400]
batch = 0 (Δ=0.357s, 100.00%)
Training throughput: 1 batches in 0.356s; word units 100.0% of 8 words (letters-only 100.0% of 8).
Train Loss: output=0.1746, reconstruction=0.9943
Epoch [211/400]
batch = 0 (Δ=0.354s, 100.00%)
Training throughput: 1 batches in 0.353s; word units 100.0% of 8 words (letters-only 100.0% of 8).
Train Loss: output=0.1746, reconstruction=0.9942
Epoch [212/400]
batch = 0 (Δ=0.358s, 100.00%)
Training throughput: 1 batches in 0.358s; word units 100.0% of 8 words (letters-only 100.0% of 8).
Train Loss: output=0.1746, reconstruction=0.9941
Epoch [213/400]
batch = 0 (Δ=0.356s, 100.00%)
Training throughput: 1 batches in 0.355s; word units 100.0% of 8 words (letters-only 100.0% of 8).
Train Loss: output=0.1746, reconstruction=0.9940
Epoch [214/400]
batch = 0 (Δ=0.354s, 100.00%)
Training throughput: 1 batches in 0.353s; word units 100.0% of 8 words (letters-only 100.0% of 8).
Train Loss: output=0.1746, reconstruction=0.9939
Epoch [215/400]
batch = 0 (Δ=0.356s, 100.00%)
Training throughput: 1 batches in 0.355s; word units 100.0% of 8 words (letters-only 100.0% of 8).
Train Loss: output=0.1746, reconstruction=0.9937
Epoch [216/400]
batch = 0 (Δ=0.355s, 100.00%)
Training throughput: 1 batches in 0.354s; word units 100.0% of 8 words (letters-only 100.0% of 8).
Train Loss: output=0.1746, reconstruction=0.9937
Epoch [217/400]
batch = 0 (Δ=0.354s, 100.00%)
Training throughput: 1 batches in 0.353s; word units 100.0% of 8 words (letters-only 100.0% of 8).
Train Loss: output=0.1746, reconstruction=0.9936
Epoch [218/400]
batch = 0 (Δ=0.357s, 100.00%)
Training throughput: 1 batches in 0.356s; word units 100.0% of 8 words (letters-only 100.0% of 8).
Train Loss: output=0.1746, reconstruction=0.9935
Epoch [219/400]
batch = 0 (Δ=0.447s, 100.00%)
Training throughput: 1 batches in 0.446s; word units 100.0% of 8 words (letters-only 100.0% of 8).
Train Loss: output=0.1746, reconstruction=0.9934
Epoch [220/400]
batch = 0 (Δ=0.356s, 100.00%)
Training throughput: 1 batches in 0.355s; word units 100.0% of 8 words (letters-only 100.0% of 8).
Train Loss: output=0.1746, reconstruction=0.9933
Epoch [221/400]
batch = 0 (Δ=0.354s, 100.00%)
Training throughput: 1 batches in 0.353s; word units 100.0% of 8 words (letters-only 100.0% of 8).
Train Loss: output=0.1746, reconstruction=0.9932
Epoch [222/400]
batch = 0 (Δ=0.353s, 100.00%)
Training throughput: 1 batches in 0.352s; word units 100.0% of 8 words (letters-only 100.0% of 8).
Train Loss: output=0.1746, reconstruction=0.9931
Epoch [223/400]
batch = 0 (Δ=0.355s, 100.00%)
Training throughput: 1 batches in 0.354s; word units 100.0% of 8 words (letters-only 100.0% of 8).
Train Loss: output=0.1746, reconstruction=0.9930
Epoch [224/400]
batch = 0 (Δ=0.359s, 100.00%)
Training throughput: 1 batches in 0.358s; word units 100.0% of 8 words (letters-only 100.0% of 8).
Train Loss: output=0.1746, reconstruction=0.9929
Epoch [225/400]
batch = 0 (Δ=0.358s, 100.00%)
Training throughput: 1 batches in 0.356s; word units 100.0% of 8 words (letters-only 100.0% of 8).
Train Loss: output=0.1746, reconstruction=0.9928
Epoch [226/400]
batch = 0 (Δ=0.357s, 100.00%)
Training throughput: 1 batches in 0.356s; word units 100.0% of 8 words (letters-only 100.0% of 8).
Train Loss: output=0.1746, reconstruction=0.9927
Epoch [227/400]
batch = 0 (Δ=0.359s, 100.00%)
Training throughput: 1 batches in 0.358s; word units 100.0% of 8 words (letters-only 100.0% of 8).
Train Loss: output=0.1746, reconstruction=0.9926
Epoch [228/400]
batch = 0 (Δ=0.357s, 100.00%)
Training throughput: 1 batches in 0.356s; word units 100.0% of 8 words (letters-only 100.0% of 8).
Train Loss: output=0.1746, reconstruction=0.9925
Epoch [229/400]
batch = 0 (Δ=0.357s, 100.00%)
Training throughput: 1 batches in 0.356s; word units 100.0% of 8 words (letters-only 100.0% of 8).
Train Loss: output=0.1746, reconstruction=0.9925
Epoch [230/400]
batch = 0 (Δ=0.447s, 100.00%)
Training throughput: 1 batches in 0.446s; word units 100.0% of 8 words (letters-only 100.0% of 8).
Train Loss: output=0.1746, reconstruction=0.9924
Epoch [231/400]
batch = 0 (Δ=0.357s, 100.00%)
Training throughput: 1 batches in 0.356s; word units 100.0% of 8 words (letters-only 100.0% of 8).
Train Loss: output=0.1746, reconstruction=0.9923
Epoch [232/400]
batch = 0 (Δ=0.354s, 100.00%)
Training throughput: 1 batches in 0.353s; word units 100.0% of 8 words (letters-only 100.0% of 8).
Train Loss: output=0.1746, reconstruction=0.9922
Epoch [233/400]
batch = 0 (Δ=0.358s, 100.00%)
Training throughput: 1 batches in 0.357s; word units 100.0% of 8 words (letters-only 100.0% of 8).
Train Loss: output=0.1746, reconstruction=0.9921
Epoch [234/400]
batch = 0 (Δ=0.355s, 100.00%)
Training throughput: 1 batches in 0.354s; word units 100.0% of 8 words (letters-only 100.0% of 8).
Train Loss: output=0.1746, reconstruction=0.9920
Epoch [235/400]
batch = 0 (Δ=0.358s, 100.00%)
Training throughput: 1 batches in 0.357s; word units 100.0% of 8 words (letters-only 100.0% of 8).
Train Loss: output=0.1746, reconstruction=0.9919
Epoch [236/400]
batch = 0 (Δ=0.358s, 100.00%)
Training throughput: 1 batches in 0.356s; word units 100.0% of 8 words (letters-only 100.0% of 8).
Train Loss: output=0.1746, reconstruction=0.9918
Epoch [237/400]
batch = 0 (Δ=0.356s, 100.00%)
Training throughput: 1 batches in 0.355s; word units 100.0% of 8 words (letters-only 100.0% of 8).
Train Loss: output=0.1746, reconstruction=0.9918
Epoch [238/400]
batch = 0 (Δ=0.360s, 100.00%)
Training throughput: 1 batches in 0.359s; word units 100.0% of 8 words (letters-only 100.0% of 8).
Train Loss: output=0.1746, reconstruction=0.9917
Epoch [239/400]
batch = 0 (Δ=0.360s, 100.00%)
Training throughput: 1 batches in 0.358s; word units 100.0% of 8 words (letters-only 100.0% of 8).
Train Loss: output=0.1746, reconstruction=0.9916
Epoch [240/400]
batch = 0 (Δ=0.358s, 100.00%)
Training throughput: 1 batches in 0.357s; word units 100.0% of 8 words (letters-only 100.0% of 8).
Train Loss: output=0.1746, reconstruction=0.9915
Epoch [241/400]
batch = 0 (Δ=0.356s, 100.00%)
Training throughput: 1 batches in 0.354s; word units 100.0% of 8 words (letters-only 100.0% of 8).
Train Loss: output=0.1746, reconstruction=0.9915
Epoch [242/400]
batch = 0 (Δ=0.443s, 100.00%)
Training throughput: 1 batches in 0.443s; word units 100.0% of 8 words (letters-only 100.0% of 8).
Train Loss: output=0.1746, reconstruction=0.9914
Epoch [243/400]
batch = 0 (Δ=0.358s, 100.00%)
Training throughput: 1 batches in 0.356s; word units 100.0% of 8 words (letters-only 100.0% of 8).
Train Loss: output=0.1746, reconstruction=0.9913
Epoch [244/400]
batch = 0 (Δ=0.357s, 100.00%)
Training throughput: 1 batches in 0.356s; word units 100.0% of 8 words (letters-only 100.0% of 8).
Train Loss: output=0.1746, reconstruction=0.9912
Epoch [245/400]
batch = 0 (Δ=0.359s, 100.00%)
Training throughput: 1 batches in 0.358s; word units 100.0% of 8 words (letters-only 100.0% of 8).
Train Loss: output=0.1746, reconstruction=0.9911
Epoch [246/400]
batch = 0 (Δ=0.360s, 100.00%)
Training throughput: 1 batches in 0.359s; word units 100.0% of 8 words (letters-only 100.0% of 8).
Train Loss: output=0.1746, reconstruction=0.9911
Epoch [247/400]
batch = 0 (Δ=0.360s, 100.00%)
Training throughput: 1 batches in 0.358s; word units 100.0% of 8 words (letters-only 100.0% of 8).
Train Loss: output=0.1746, reconstruction=0.9910
Epoch [248/400]
batch = 0 (Δ=0.358s, 100.00%)
Training throughput: 1 batches in 0.357s; word units 100.0% of 8 words (letters-only 100.0% of 8).
Train Loss: output=0.1746, reconstruction=0.9909
Epoch [249/400]
batch = 0 (Δ=0.361s, 100.00%)
Training throughput: 1 batches in 0.360s; word units 100.0% of 8 words (letters-only 100.0% of 8).
Train Loss: output=0.1746, reconstruction=0.9908
Epoch [250/400]
batch = 0 (Δ=0.359s, 100.00%)
Training throughput: 1 batches in 0.358s; word units 100.0% of 8 words (letters-only 100.0% of 8).
Train Loss: output=0.1746, reconstruction=0.9907
Epoch [251/400]
batch = 0 (Δ=0.360s, 100.00%)
Training throughput: 1 batches in 0.359s; word units 100.0% of 8 words (letters-only 100.0% of 8).
Train Loss: output=0.1746, reconstruction=0.9907
Epoch [252/400]
batch = 0 (Δ=0.359s, 100.00%)
Training throughput: 1 batches in 0.358s; word units 100.0% of 8 words (letters-only 100.0% of 8).
Train Loss: output=0.1746, reconstruction=0.9906
Epoch [253/400]
batch = 0 (Δ=0.446s, 100.00%)
Training throughput: 1 batches in 0.445s; word units 100.0% of 8 words (letters-only 100.0% of 8).
Train Loss: output=0.1746, reconstruction=0.9905
Epoch [254/400]
batch = 0 (Δ=0.360s, 100.00%)
Training throughput: 1 batches in 0.359s; word units 100.0% of 8 words (letters-only 100.0% of 8).
Train Loss: output=0.1746, reconstruction=0.9904
Epoch [255/400]
batch = 0 (Δ=0.359s, 100.00%)
Training throughput: 1 batches in 0.358s; word units 100.0% of 8 words (letters-only 100.0% of 8).
Train Loss: output=0.1746, reconstruction=0.9903
Epoch [256/400]
batch = 0 (Δ=0.329s, 100.00%)
Training throughput: 1 batches in 0.328s; word units 100.0% of 8 words (letters-only 100.0% of 8).
Train Loss: output=0.1746, reconstruction=0.9903
Epoch [257/400]
batch = 0 (Δ=0.329s, 100.00%)
Training throughput: 1 batches in 0.328s; word units 100.0% of 8 words (letters-only 100.0% of 8).
Train Loss: output=0.1746, reconstruction=0.9783
Epoch [258/400]
batch = 0 (Δ=0.330s, 100.00%)
Training throughput: 1 batches in 0.329s; word units 100.0% of 8 words (letters-only 100.0% of 8).
Train Loss: output=0.1746, reconstruction=0.9664
Epoch [259/400]
batch = 0 (Δ=0.329s, 100.00%)
Training throughput: 1 batches in 0.328s; word units 100.0% of 8 words (letters-only 100.0% of 8).
Train Loss: output=0.1746, reconstruction=0.9567
Epoch [260/400]
batch = 0 (Δ=0.326s, 100.00%)
Training throughput: 1 batches in 0.325s; word units 100.0% of 8 words (letters-only 100.0% of 8).
Train Loss: output=0.1746, reconstruction=0.9492
Epoch [261/400]
batch = 0 (Δ=0.329s, 100.00%)
Training throughput: 1 batches in 0.328s; word units 100.0% of 8 words (letters-only 100.0% of 8).
Train Loss: output=0.1746, reconstruction=0.9437
Epoch [262/400]
batch = 0 (Δ=0.328s, 100.00%)
Training throughput: 1 batches in 0.327s; word units 100.0% of 8 words (letters-only 100.0% of 8).
Train Loss: output=0.1746, reconstruction=0.9396
Epoch [263/400]
batch = 0 (Δ=0.330s, 100.00%)
Training throughput: 1 batches in 0.329s; word units 100.0% of 8 words (letters-only 100.0% of 8).
Train Loss: output=0.1746, reconstruction=0.9367
Epoch [264/400]
batch = 0 (Δ=0.328s, 100.00%)
Training throughput: 1 batches in 0.327s; word units 100.0% of 8 words (letters-only 100.0% of 8).
Train Loss: output=0.1746, reconstruction=0.9345
Epoch [265/400]
batch = 0 (Δ=0.416s, 100.00%)
Training throughput: 1 batches in 0.415s; word units 100.0% of 8 words (letters-only 100.0% of 8).
Train Loss: output=0.1746, reconstruction=0.9330
Epoch [266/400]
batch = 0 (Δ=0.330s, 100.00%)
Training throughput: 1 batches in 0.329s; word units 100.0% of 8 words (letters-only 100.0% of 8).
Train Loss: output=0.1746, reconstruction=0.9318
Epoch [267/400]
batch = 0 (Δ=0.330s, 100.00%)
Training throughput: 1 batches in 0.328s; word units 100.0% of 8 words (letters-only 100.0% of 8).
Train Loss: output=0.1746, reconstruction=0.9310
Epoch [268/400]
batch = 0 (Δ=0.330s, 100.00%)
Training throughput: 1 batches in 0.329s; word units 100.0% of 8 words (letters-only 100.0% of 8).
Train Loss: output=0.1746, reconstruction=0.9304
Epoch [269/400]
batch = 0 (Δ=0.329s, 100.00%)
Training throughput: 1 batches in 0.328s; word units 100.0% of 8 words (letters-only 100.0% of 8).
Train Loss: output=0.1746, reconstruction=0.9299
Epoch [270/400]
batch = 0 (Δ=0.331s, 100.00%)
Training throughput: 1 batches in 0.330s; word units 100.0% of 8 words (letters-only 100.0% of 8).
Train Loss: output=0.1746, reconstruction=0.9295
Epoch [271/400]
batch = 0 (Δ=0.330s, 100.00%)
Training throughput: 1 batches in 0.329s; word units 100.0% of 8 words (letters-only 100.0% of 8).
Train Loss: output=0.1746, reconstruction=0.9293
Epoch [272/400]
batch = 0 (Δ=0.330s, 100.00%)
Training throughput: 1 batches in 0.329s; word units 100.0% of 8 words (letters-only 100.0% of 8).
Train Loss: output=0.1746, reconstruction=0.9291
Epoch [273/400]
batch = 0 (Δ=0.330s, 100.00%)
Training throughput: 1 batches in 0.329s; word units 100.0% of 8 words (letters-only 100.0% of 8).
Train Loss: output=0.1746, reconstruction=0.9289
Epoch [274/400]
batch = 0 (Δ=0.328s, 100.00%)
Training throughput: 1 batches in 0.327s; word units 100.0% of 8 words (letters-only 100.0% of 8).
Train Loss: output=0.1746, reconstruction=0.9288
Epoch [275/400]
batch = 0 (Δ=0.327s, 100.00%)
Training throughput: 1 batches in 0.326s; word units 100.0% of 8 words (letters-only 100.0% of 8).
Train Loss: output=0.1746, reconstruction=0.9287
Epoch [276/400]
batch = 0 (Δ=0.334s, 100.00%)
Training throughput: 1 batches in 0.333s; word units 100.0% of 8 words (letters-only 100.0% of 8).
Train Loss: output=0.1746, reconstruction=0.9286
Epoch [277/400]
batch = 0 (Δ=0.332s, 100.00%)
Training throughput: 1 batches in 0.331s; word units 100.0% of 8 words (letters-only 100.0% of 8).
Train Loss: output=0.1746, reconstruction=0.9285
Epoch [278/400]
batch = 0 (Δ=0.410s, 100.00%)
Training throughput: 1 batches in 0.409s; word units 100.0% of 8 words (letters-only 100.0% of 8).
Train Loss: output=0.1746, reconstruction=0.9285
Epoch [279/400]
batch = 0 (Δ=0.329s, 100.00%)
Training throughput: 1 batches in 0.328s; word units 100.0% of 8 words (letters-only 100.0% of 8).
Train Loss: output=0.1746, reconstruction=0.9284
Epoch [280/400]
batch = 0 (Δ=0.328s, 100.00%)
Training throughput: 1 batches in 0.327s; word units 100.0% of 8 words (letters-only 100.0% of 8).
Train Loss: output=0.1746, reconstruction=0.9284
Epoch [281/400]
batch = 0 (Δ=0.332s, 100.00%)
Training throughput: 1 batches in 0.332s; word units 100.0% of 8 words (letters-only 100.0% of 8).
Train Loss: output=0.1746, reconstruction=0.9284
Epoch [282/400]
batch = 0 (Δ=0.330s, 100.00%)
Training throughput: 1 batches in 0.329s; word units 100.0% of 8 words (letters-only 100.0% of 8).
Train Loss: output=0.1746, reconstruction=0.9283
Epoch [283/400]
batch = 0 (Δ=0.330s, 100.00%)
Training throughput: 1 batches in 0.329s; word units 100.0% of 8 words (letters-only 100.0% of 8).
Train Loss: output=0.1745, reconstruction=0.9283
Epoch [284/400]
batch = 0 (Δ=0.329s, 100.00%)
Training throughput: 1 batches in 0.328s; word units 100.0% of 8 words (letters-only 100.0% of 8).
Train Loss: output=0.1745, reconstruction=0.9283
Epoch [285/400]
batch = 0 (Δ=0.332s, 100.00%)
Training throughput: 1 batches in 0.331s; word units 100.0% of 8 words (letters-only 100.0% of 8).
Train Loss: output=0.1745, reconstruction=0.9283
Epoch [286/400]
batch = 0 (Δ=0.329s, 100.00%)
Training throughput: 1 batches in 0.328s; word units 100.0% of 8 words (letters-only 100.0% of 8).
Train Loss: output=0.1745, reconstruction=0.9283
Epoch [287/400]
batch = 0 (Δ=0.328s, 100.00%)
Training throughput: 1 batches in 0.327s; word units 100.0% of 8 words (letters-only 100.0% of 8).
Train Loss: output=0.1745, reconstruction=0.9282
Epoch [288/400]
batch = 0 (Δ=0.329s, 100.00%)
Training throughput: 1 batches in 0.328s; word units 100.0% of 8 words (letters-only 100.0% of 8).
Train Loss: output=0.1745, reconstruction=0.9282
Epoch [289/400]
batch = 0 (Δ=0.329s, 100.00%)
Training throughput: 1 batches in 0.328s; word units 100.0% of 8 words (letters-only 100.0% of 8).
Train Loss: output=0.1745, reconstruction=0.9282
Epoch [290/400]
batch = 0 (Δ=0.415s, 100.00%)
Training throughput: 1 batches in 0.414s; word units 100.0% of 8 words (letters-only 100.0% of 8).
Train Loss: output=0.1745, reconstruction=0.9282
Epoch [291/400]
batch = 0 (Δ=0.328s, 100.00%)
Training throughput: 1 batches in 0.327s; word units 100.0% of 8 words (letters-only 100.0% of 8).
Train Loss: output=0.1745, reconstruction=0.9282
Epoch [292/400]
batch = 0 (Δ=0.329s, 100.00%)
Training throughput: 1 batches in 0.328s; word units 100.0% of 8 words (letters-only 100.0% of 8).
Train Loss: output=0.1745, reconstruction=0.9282
Epoch [293/400]
batch = 0 (Δ=0.328s, 100.00%)
Training throughput: 1 batches in 0.327s; word units 100.0% of 8 words (letters-only 100.0% of 8).
Train Loss: output=0.1745, reconstruction=0.9282
Epoch [294/400]
batch = 0 (Δ=0.330s, 100.00%)
Training throughput: 1 batches in 0.329s; word units 100.0% of 8 words (letters-only 100.0% of 8).
Train Loss: output=0.1745, reconstruction=0.9282
Epoch [295/400]
batch = 0 (Δ=0.329s, 100.00%)
Training throughput: 1 batches in 0.328s; word units 100.0% of 8 words (letters-only 100.0% of 8).
Train Loss: output=0.1745, reconstruction=0.9282
Epoch [296/400]
batch = 0 (Δ=0.330s, 100.00%)
Training throughput: 1 batches in 0.329s; word units 100.0% of 8 words (letters-only 100.0% of 8).
Train Loss: output=0.1745, reconstruction=0.9282
Epoch [297/400]
batch = 0 (Δ=0.326s, 100.00%)
Training throughput: 1 batches in 0.325s; word units 100.0% of 8 words (letters-only 100.0% of 8).
Train Loss: output=0.1745, reconstruction=0.9282
Epoch [298/400]
batch = 0 (Δ=0.328s, 100.00%)
Training throughput: 1 batches in 0.327s; word units 100.0% of 8 words (letters-only 100.0% of 8).
Train Loss: output=0.1745, reconstruction=0.9282
Epoch [299/400]
batch = 0 (Δ=0.329s, 100.00%)
Training throughput: 1 batches in 0.328s; word units 100.0% of 8 words (letters-only 100.0% of 8).
Train Loss: output=0.1745, reconstruction=0.9282
Epoch [300/400]
batch = 0 (Δ=0.329s, 100.00%)
Training throughput: 1 batches in 0.328s; word units 100.0% of 8 words (letters-only 100.0% of 8).
Train Loss: output=0.1745, reconstruction=0.9282
Epoch [301/400]
batch = 0 (Δ=0.329s, 100.00%)
Training throughput: 1 batches in 0.328s; word units 100.0% of 8 words (letters-only 100.0% of 8).
Train Loss: output=0.1745, reconstruction=0.9281
Epoch [302/400]
batch = 0 (Δ=0.413s, 100.00%)
Training throughput: 1 batches in 0.412s; word units 100.0% of 8 words (letters-only 100.0% of 8).
Train Loss: output=0.1745, reconstruction=0.9281
Epoch [303/400]
batch = 0 (Δ=0.330s, 100.00%)
Training throughput: 1 batches in 0.329s; word units 100.0% of 8 words (letters-only 100.0% of 8).
Train Loss: output=0.1745, reconstruction=0.9281
Epoch [304/400]
batch = 0 (Δ=0.329s, 100.00%)
Training throughput: 1 batches in 0.328s; word units 100.0% of 8 words (letters-only 100.0% of 8).
Train Loss: output=0.1745, reconstruction=0.9281
Epoch [305/400]
batch = 0 (Δ=0.330s, 100.00%)
Training throughput: 1 batches in 0.329s; word units 100.0% of 8 words (letters-only 100.0% of 8).
Train Loss: output=0.1745, reconstruction=0.9281
Epoch [306/400]
batch = 0 (Δ=0.328s, 100.00%)
Training throughput: 1 batches in 0.327s; word units 100.0% of 8 words (letters-only 100.0% of 8).
Train Loss: output=0.1745, reconstruction=0.9281
Epoch [307/400]
batch = 0 (Δ=0.332s, 100.00%)
Training throughput: 1 batches in 0.331s; word units 100.0% of 8 words (letters-only 100.0% of 8).
Train Loss: output=0.1745, reconstruction=0.9281
Epoch [308/400]
batch = 0 (Δ=0.331s, 100.00%)
Training throughput: 1 batches in 0.329s; word units 100.0% of 8 words (letters-only 100.0% of 8).
Train Loss: output=0.1745, reconstruction=0.9281
Epoch [309/400]
batch = 0 (Δ=0.327s, 100.00%)
Training throughput: 1 batches in 0.326s; word units 100.0% of 8 words (letters-only 100.0% of 8).
Train Loss: output=0.1745, reconstruction=0.9281
Epoch [310/400]
batch = 0 (Δ=0.328s, 100.00%)
Training throughput: 1 batches in 0.327s; word units 100.0% of 8 words (letters-only 100.0% of 8).
Train Loss: output=0.1745, reconstruction=0.9281
Epoch [311/400]
batch = 0 (Δ=0.329s, 100.00%)
Training throughput: 1 batches in 0.328s; word units 100.0% of 8 words (letters-only 100.0% of 8).
Train Loss: output=0.1745, reconstruction=0.9281
Epoch [312/400]
batch = 0 (Δ=0.329s, 100.00%)
Training throughput: 1 batches in 0.328s; word units 100.0% of 8 words (letters-only 100.0% of 8).
Train Loss: output=0.1745, reconstruction=0.9281
Epoch [313/400]
batch = 0 (Δ=0.332s, 100.00%)
Training throughput: 1 batches in 0.330s; word units 100.0% of 8 words (letters-only 100.0% of 8).
Train Loss: output=0.1745, reconstruction=0.9281
Epoch [314/400]
batch = 0 (Δ=0.329s, 100.00%)
Training throughput: 1 batches in 0.329s; word units 100.0% of 8 words (letters-only 100.0% of 8).
Train Loss: output=0.1745, reconstruction=0.9281
Epoch [315/400]
batch = 0 (Δ=0.409s, 100.00%)
Training throughput: 1 batches in 0.408s; word units 100.0% of 8 words (letters-only 100.0% of 8).
Train Loss: output=0.1745, reconstruction=0.9281
Epoch [316/400]
batch = 0 (Δ=0.330s, 100.00%)
Training throughput: 1 batches in 0.329s; word units 100.0% of 8 words (letters-only 100.0% of 8).
Train Loss: output=0.1745, reconstruction=0.9281
Epoch [317/400]
batch = 0 (Δ=0.330s, 100.00%)
Training throughput: 1 batches in 0.329s; word units 100.0% of 8 words (letters-only 100.0% of 8).
Train Loss: output=0.1745, reconstruction=0.9281
Epoch [318/400]
batch = 0 (Δ=0.330s, 100.00%)
Training throughput: 1 batches in 0.329s; word units 100.0% of 8 words (letters-only 100.0% of 8).
Train Loss: output=0.1745, reconstruction=0.9281
Epoch [319/400]
batch = 0 (Δ=0.329s, 100.00%)
Training throughput: 1 batches in 0.328s; word units 100.0% of 8 words (letters-only 100.0% of 8).
Train Loss: output=0.1745, reconstruction=0.9281
Epoch [320/400]
batch = 0 (Δ=0.331s, 100.00%)
Training throughput: 1 batches in 0.330s; word units 100.0% of 8 words (letters-only 100.0% of 8).
Train Loss: output=0.1745, reconstruction=0.9281
Epoch [321/400]
batch = 0 (Δ=0.333s, 100.00%)
Training throughput: 1 batches in 0.331s; word units 100.0% of 8 words (letters-only 100.0% of 8).
Train Loss: output=0.1745, reconstruction=0.9281
Epoch [322/400]
batch = 0 (Δ=0.329s, 100.00%)
Training throughput: 1 batches in 0.328s; word units 100.0% of 8 words (letters-only 100.0% of 8).
Train Loss: output=0.1745, reconstruction=0.9281
Epoch [323/400]
batch = 0 (Δ=0.329s, 100.00%)
Training throughput: 1 batches in 0.328s; word units 100.0% of 8 words (letters-only 100.0% of 8).
Train Loss: output=0.1745, reconstruction=0.9281
Epoch [324/400]
batch = 0 (Δ=0.332s, 100.00%)
Training throughput: 1 batches in 0.331s; word units 100.0% of 8 words (letters-only 100.0% of 8).
Train Loss: output=0.1745, reconstruction=0.9281
Epoch [325/400]
batch = 0 (Δ=0.329s, 100.00%)
Training throughput: 1 batches in 0.328s; word units 100.0% of 8 words (letters-only 100.0% of 8).
Train Loss: output=0.1745, reconstruction=0.9281
Epoch [326/400]
batch = 0 (Δ=0.329s, 100.00%)
Training throughput: 1 batches in 0.328s; word units 100.0% of 8 words (letters-only 100.0% of 8).
Train Loss: output=0.1745, reconstruction=0.9281
Epoch [327/400]
batch = 0 (Δ=0.416s, 100.00%)
Training throughput: 1 batches in 0.416s; word units 100.0% of 8 words (letters-only 100.0% of 8).
Train Loss: output=0.1745, reconstruction=0.9281
Epoch [328/400]
batch = 0 (Δ=0.329s, 100.00%)
Training throughput: 1 batches in 0.327s; word units 100.0% of 8 words (letters-only 100.0% of 8).
Train Loss: output=0.1745, reconstruction=0.9281
Epoch [329/400]
batch = 0 (Δ=0.332s, 100.00%)
Training throughput: 1 batches in 0.331s; word units 100.0% of 8 words (letters-only 100.0% of 8).
Train Loss: output=0.1745, reconstruction=0.9281
Epoch [330/400]
batch = 0 (Δ=0.331s, 100.00%)
Training throughput: 1 batches in 0.330s; word units 100.0% of 8 words (letters-only 100.0% of 8).
Train Loss: output=0.1745, reconstruction=0.9281
Epoch [331/400]
batch = 0 (Δ=0.327s, 100.00%)
Training throughput: 1 batches in 0.326s; word units 100.0% of 8 words (letters-only 100.0% of 8).
Train Loss: output=0.1745, reconstruction=0.9281
Epoch [332/400]
batch = 0 (Δ=0.329s, 100.00%)
Training throughput: 1 batches in 0.328s; word units 100.0% of 8 words (letters-only 100.0% of 8).
Train Loss: output=0.1745, reconstruction=0.9281
Epoch [333/400]
batch = 0 (Δ=0.330s, 100.00%)
Training throughput: 1 batches in 0.329s; word units 100.0% of 8 words (letters-only 100.0% of 8).
Train Loss: output=0.1745, reconstruction=0.9281
Epoch [334/400]
batch = 0 (Δ=0.330s, 100.00%)
Training throughput: 1 batches in 0.329s; word units 100.0% of 8 words (letters-only 100.0% of 8).
Train Loss: output=0.1745, reconstruction=0.9281
Epoch [335/400]
batch = 0 (Δ=0.330s, 100.00%)
Training throughput: 1 batches in 0.329s; word units 100.0% of 8 words (letters-only 100.0% of 8).
Train Loss: output=0.1745, reconstruction=0.9281
Epoch [336/400]
batch = 0 (Δ=0.329s, 100.00%)
Training throughput: 1 batches in 0.328s; word units 100.0% of 8 words (letters-only 100.0% of 8).
Train Loss: output=0.1745, reconstruction=0.9281
Epoch [337/400]
batch = 0 (Δ=0.331s, 100.00%)
Training throughput: 1 batches in 0.330s; word units 100.0% of 8 words (letters-only 100.0% of 8).
Train Loss: output=0.1745, reconstruction=0.9281
Epoch [338/400]
batch = 0 (Δ=0.328s, 100.00%)
Training throughput: 1 batches in 0.327s; word units 100.0% of 8 words (letters-only 100.0% of 8).
Train Loss: output=0.1745, reconstruction=0.9281
Epoch [339/400]
batch = 0 (Δ=0.327s, 100.00%)
Training throughput: 1 batches in 0.326s; word units 100.0% of 8 words (letters-only 100.0% of 8).
Train Loss: output=0.1745, reconstruction=0.9281
Epoch [340/400]
batch = 0 (Δ=0.415s, 100.00%)
Training throughput: 1 batches in 0.414s; word units 100.0% of 8 words (letters-only 100.0% of 8).
Train Loss: output=0.1745, reconstruction=0.9281
Epoch [341/400]
batch = 0 (Δ=0.327s, 100.00%)
Training throughput: 1 batches in 0.326s; word units 100.0% of 8 words (letters-only 100.0% of 8).
Train Loss: output=0.1745, reconstruction=0.9281
Epoch [342/400]
batch = 0 (Δ=0.331s, 100.00%)
Training throughput: 1 batches in 0.330s; word units 100.0% of 8 words (letters-only 100.0% of 8).
Train Loss: output=0.1745, reconstruction=0.9281
Epoch [343/400]
batch = 0 (Δ=0.327s, 100.00%)
Training throughput: 1 batches in 0.326s; word units 100.0% of 8 words (letters-only 100.0% of 8).
Train Loss: output=0.1745, reconstruction=0.9281
Epoch [344/400]
batch = 0 (Δ=0.332s, 100.00%)
Training throughput: 1 batches in 0.331s; word units 100.0% of 8 words (letters-only 100.0% of 8).
Train Loss: output=0.1745, reconstruction=0.9281
Epoch [345/400]
batch = 0 (Δ=0.330s, 100.00%)
Training throughput: 1 batches in 0.330s; word units 100.0% of 8 words (letters-only 100.0% of 8).
Train Loss: output=0.1745, reconstruction=0.9281
Epoch [346/400]
batch = 0 (Δ=0.330s, 100.00%)
Training throughput: 1 batches in 0.329s; word units 100.0% of 8 words (letters-only 100.0% of 8).
Train Loss: output=0.1745, reconstruction=0.9281
Epoch [347/400]
batch = 0 (Δ=0.330s, 100.00%)
Training throughput: 1 batches in 0.329s; word units 100.0% of 8 words (letters-only 100.0% of 8).
Train Loss: output=0.1745, reconstruction=0.9281
Epoch [348/400]
batch = 0 (Δ=0.327s, 100.00%)
Training throughput: 1 batches in 0.326s; word units 100.0% of 8 words (letters-only 100.0% of 8).
Train Loss: output=0.1745, reconstruction=0.9281
Epoch [349/400]
batch = 0 (Δ=0.330s, 100.00%)
Training throughput: 1 batches in 0.329s; word units 100.0% of 8 words (letters-only 100.0% of 8).
Train Loss: output=0.1745, reconstruction=0.9281
Epoch [350/400]
batch = 0 (Δ=0.328s, 100.00%)
Training throughput: 1 batches in 0.327s; word units 100.0% of 8 words (letters-only 100.0% of 8).
Train Loss: output=0.1745, reconstruction=0.9281
Epoch [351/400]
batch = 0 (Δ=0.329s, 100.00%)
Training throughput: 1 batches in 0.328s; word units 100.0% of 8 words (letters-only 100.0% of 8).
Train Loss: output=0.1745, reconstruction=0.9281
Epoch [352/400]
batch = 0 (Δ=0.412s, 100.00%)
Training throughput: 1 batches in 0.411s; word units 100.0% of 8 words (letters-only 100.0% of 8).
Train Loss: output=0.1745, reconstruction=0.9281
Epoch [353/400]
batch = 0 (Δ=0.330s, 100.00%)
Training throughput: 1 batches in 0.329s; word units 100.0% of 8 words (letters-only 100.0% of 8).
Train Loss: output=0.1745, reconstruction=0.9281
Epoch [354/400]
batch = 0 (Δ=0.329s, 100.00%)
Training throughput: 1 batches in 0.328s; word units 100.0% of 8 words (letters-only 100.0% of 8).
Train Loss: output=0.1745, reconstruction=0.9281
Epoch [355/400]
batch = 0 (Δ=0.332s, 100.00%)
Training throughput: 1 batches in 0.330s; word units 100.0% of 8 words (letters-only 100.0% of 8).
Train Loss: output=0.1745, reconstruction=0.9281
Epoch [356/400]
batch = 0 (Δ=0.331s, 100.00%)
Training throughput: 1 batches in 0.329s; word units 100.0% of 8 words (letters-only 100.0% of 8).
Train Loss: output=0.1745, reconstruction=0.9281
Epoch [357/400]
batch = 0 (Δ=0.328s, 100.00%)
Training throughput: 1 batches in 0.327s; word units 100.0% of 8 words (letters-only 100.0% of 8).
Train Loss: output=0.1745, reconstruction=0.9281
Epoch [358/400]
batch = 0 (Δ=0.330s, 100.00%)
Training throughput: 1 batches in 0.329s; word units 100.0% of 8 words (letters-only 100.0% of 8).
Train Loss: output=0.1745, reconstruction=0.9281
Epoch [359/400]
batch = 0 (Δ=0.329s, 100.00%)
Training throughput: 1 batches in 0.328s; word units 100.0% of 8 words (letters-only 100.0% of 8).
Train Loss: output=0.1745, reconstruction=0.9281
Epoch [360/400]
batch = 0 (Δ=0.331s, 100.00%)
Training throughput: 1 batches in 0.330s; word units 100.0% of 8 words (letters-only 100.0% of 8).
Train Loss: output=0.1745, reconstruction=0.9281
Epoch [361/400]
batch = 0 (Δ=0.327s, 100.00%)
Training throughput: 1 batches in 0.326s; word units 100.0% of 8 words (letters-only 100.0% of 8).
Train Loss: output=0.1745, reconstruction=0.9281
Epoch [362/400]
batch = 0 (Δ=0.328s, 100.00%)
Training throughput: 1 batches in 0.327s; word units 100.0% of 8 words (letters-only 100.0% of 8).
Train Loss: output=0.1745, reconstruction=0.9281
Epoch [363/400]
batch = 0 (Δ=0.330s, 100.00%)
Training throughput: 1 batches in 0.330s; word units 100.0% of 8 words (letters-only 100.0% of 8).
Train Loss: output=0.1745, reconstruction=0.9281
Epoch [364/400]
batch = 0 (Δ=0.411s, 100.00%)
Training throughput: 1 batches in 0.410s; word units 100.0% of 8 words (letters-only 100.0% of 8).
Train Loss: output=0.1745, reconstruction=0.9281
Epoch [365/400]
batch = 0 (Δ=0.327s, 100.00%)
Training throughput: 1 batches in 0.326s; word units 100.0% of 8 words (letters-only 100.0% of 8).
Train Loss: output=0.1745, reconstruction=0.9281
Epoch [366/400]
batch = 0 (Δ=0.333s, 100.00%)
Training throughput: 1 batches in 0.332s; word units 100.0% of 8 words (letters-only 100.0% of 8).
Train Loss: output=0.1745, reconstruction=0.9281
Epoch [367/400]
batch = 0 (Δ=0.326s, 100.00%)
Training throughput: 1 batches in 0.325s; word units 100.0% of 8 words (letters-only 100.0% of 8).
Train Loss: output=0.1745, reconstruction=0.9281
Epoch [368/400]
batch = 0 (Δ=0.329s, 100.00%)
Training throughput: 1 batches in 0.328s; word units 100.0% of 8 words (letters-only 100.0% of 8).
Train Loss: output=0.1745, reconstruction=0.9281
Epoch [369/400]
batch = 0 (Δ=0.333s, 100.00%)
Training throughput: 1 batches in 0.332s; word units 100.0% of 8 words (letters-only 100.0% of 8).
Train Loss: output=0.1745, reconstruction=0.9281
Epoch [370/400]
batch = 0 (Δ=0.331s, 100.00%)
Training throughput: 1 batches in 0.330s; word units 100.0% of 8 words (letters-only 100.0% of 8).
Train Loss: output=0.1745, reconstruction=0.9281
Epoch [371/400]
batch = 0 (Δ=0.328s, 100.00%)
Training throughput: 1 batches in 0.327s; word units 100.0% of 8 words (letters-only 100.0% of 8).
Train Loss: output=0.1745, reconstruction=0.9281
Epoch [372/400]
batch = 0 (Δ=0.329s, 100.00%)
Training throughput: 1 batches in 0.328s; word units 100.0% of 8 words (letters-only 100.0% of 8).
Train Loss: output=0.1745, reconstruction=0.9281
Epoch [373/400]
batch = 0 (Δ=0.328s, 100.00%)
Training throughput: 1 batches in 0.327s; word units 100.0% of 8 words (letters-only 100.0% of 8).
Train Loss: output=0.1745, reconstruction=0.9281
Epoch [374/400]
batch = 0 (Δ=0.330s, 100.00%)
Training throughput: 1 batches in 0.329s; word units 100.0% of 8 words (letters-only 100.0% of 8).
Train Loss: output=0.1745, reconstruction=0.9281
Epoch [375/400]
batch = 0 (Δ=0.330s, 100.00%)
Training throughput: 1 batches in 0.329s; word units 100.0% of 8 words (letters-only 100.0% of 8).
Train Loss: output=0.1745, reconstruction=0.9281
Epoch [376/400]
batch = 0 (Δ=0.330s, 100.00%)
Training throughput: 1 batches in 0.329s; word units 100.0% of 8 words (letters-only 100.0% of 8).
Train Loss: output=0.1745, reconstruction=0.9281
Epoch [377/400]
batch = 0 (Δ=0.406s, 100.00%)
Training throughput: 1 batches in 0.405s; word units 100.0% of 8 words (letters-only 100.0% of 8).
Train Loss: output=0.1745, reconstruction=0.9281
Epoch [378/400]
batch = 0 (Δ=0.328s, 100.00%)
Training throughput: 1 batches in 0.327s; word units 100.0% of 8 words (letters-only 100.0% of 8).
Train Loss: output=0.1745, reconstruction=0.9281
Epoch [379/400]
batch = 0 (Δ=0.332s, 100.00%)
Training throughput: 1 batches in 0.331s; word units 100.0% of 8 words (letters-only 100.0% of 8).
Train Loss: output=0.1745, reconstruction=0.9281
Epoch [380/400]
batch = 0 (Δ=0.328s, 100.00%)
Training throughput: 1 batches in 0.327s; word units 100.0% of 8 words (letters-only 100.0% of 8).
Train Loss: output=0.1745, reconstruction=0.9281
Epoch [381/400]
batch = 0 (Δ=0.331s, 100.00%)
Training throughput: 1 batches in 0.330s; word units 100.0% of 8 words (letters-only 100.0% of 8).
Train Loss: output=0.1745, reconstruction=0.9281
Epoch [382/400]
batch = 0 (Δ=0.328s, 100.00%)
Training throughput: 1 batches in 0.327s; word units 100.0% of 8 words (letters-only 100.0% of 8).
Train Loss: output=0.1745, reconstruction=0.9281
Epoch [383/400]
batch = 0 (Δ=0.331s, 100.00%)
Training throughput: 1 batches in 0.331s; word units 100.0% of 8 words (letters-only 100.0% of 8).
Train Loss: output=0.1745, reconstruction=0.9281
Epoch [384/400]
batch = 0 (Δ=0.329s, 100.00%)
Training throughput: 1 batches in 0.328s; word units 100.0% of 8 words (letters-only 100.0% of 8).
Train Loss: output=0.1744, reconstruction=0.9281
Epoch [385/400]
batch = 0 (Δ=0.332s, 100.00%)
Training throughput: 1 batches in 0.330s; word units 100.0% of 8 words (letters-only 100.0% of 8).
Train Loss: output=0.1744, reconstruction=0.9281
Epoch [386/400]
batch = 0 (Δ=0.329s, 100.00%)
Training throughput: 1 batches in 0.329s; word units 100.0% of 8 words (letters-only 100.0% of 8).
Train Loss: output=0.1744, reconstruction=0.9281
Epoch [387/400]
batch = 0 (Δ=0.329s, 100.00%)
Training throughput: 1 batches in 0.328s; word units 100.0% of 8 words (letters-only 100.0% of 8).
Train Loss: output=0.1744, reconstruction=0.9281
Epoch [388/400]
batch = 0 (Δ=0.331s, 100.00%)
Training throughput: 1 batches in 0.330s; word units 100.0% of 8 words (letters-only 100.0% of 8).
Train Loss: output=0.1744, reconstruction=0.9281
Epoch [389/400]
batch = 0 (Δ=0.420s, 100.00%)
Training throughput: 1 batches in 0.418s; word units 100.0% of 8 words (letters-only 100.0% of 8).
Train Loss: output=0.1744, reconstruction=0.9281
Epoch [390/400]
batch = 0 (Δ=0.328s, 100.00%)
Training throughput: 1 batches in 0.327s; word units 100.0% of 8 words (letters-only 100.0% of 8).
Train Loss: output=0.1744, reconstruction=0.9281
Epoch [391/400]
batch = 0 (Δ=0.327s, 100.00%)
Training throughput: 1 batches in 0.326s; word units 100.0% of 8 words (letters-only 100.0% of 8).
Train Loss: output=0.1744, reconstruction=0.9281
Epoch [392/400]
batch = 0 (Δ=0.329s, 100.00%)
Training throughput: 1 batches in 0.328s; word units 100.0% of 8 words (letters-only 100.0% of 8).
Train Loss: output=0.1744, reconstruction=0.9281
Epoch [393/400]
batch = 0 (Δ=0.329s, 100.00%)
Training throughput: 1 batches in 0.328s; word units 100.0% of 8 words (letters-only 100.0% of 8).
Train Loss: output=0.1744, reconstruction=0.9281
Epoch [394/400]
batch = 0 (Δ=0.329s, 100.00%)
Training throughput: 1 batches in 0.328s; word units 100.0% of 8 words (letters-only 100.0% of 8).
Train Loss: output=0.1744, reconstruction=0.9281
Epoch [395/400]
batch = 0 (Δ=0.331s, 100.00%)
Training throughput: 1 batches in 0.330s; word units 100.0% of 8 words (letters-only 100.0% of 8).
Train Loss: output=0.1744, reconstruction=0.9281
Epoch [396/400]
batch = 0 (Δ=0.328s, 100.00%)
Training throughput: 1 batches in 0.327s; word units 100.0% of 8 words (letters-only 100.0% of 8).
Train Loss: output=0.1745, reconstruction=0.9281
Epoch [397/400]
batch = 0 (Δ=0.326s, 100.00%)
Training throughput: 1 batches in 0.325s; word units 100.0% of 8 words (letters-only 100.0% of 8).
Train Loss: output=0.1745, reconstruction=0.9281
Epoch [398/400]
batch = 0 (Δ=0.327s, 100.00%)
Training throughput: 1 batches in 0.326s; word units 100.0% of 8 words (letters-only 100.0% of 8).
Train Loss: output=0.1744, reconstruction=0.9281
Epoch [399/400]
batch = 0 (Δ=0.329s, 100.00%)
Training throughput: 1 batches in 0.329s; word units 100.0% of 8 words (letters-only 100.0% of 8).
Train Loss: output=0.1744, reconstruction=0.9281
Epoch [400/400]
batch = 0 (Δ=0.329s, 100.00%)
Training throughput: 1 batches in 0.328s; word units 100.0% of 8 words (letters-only 100.0% of 8).
Train Loss: output=0.1744, reconstruction=0.9281
Final Stats:
=== Selected operation grammar ===
batch = 0 (Δ=0.282s, 100.00%)
Training throughput: 1 batches in 0.225s; word units 100.0% of 8 words (letters-only 100.0% of 8).
=== Input Reconstruction (test) ===
  row[0] input='hello world' -> reconstructed='hello ' label=0.0000 predicted=0.4752 MISMATCH
  row[1] input='hello there' -> reconstructed='hello ' label=1.0000 predicted=0.5128 MISMATCH
  row[2] input='loving world' -> reconstructed='world ' label=1.0000 predicted=0.4823 MISMATCH
  row[3] input='loving there' -> reconstructed='there ' label=0.0000 predicted=0.5154 MISMATCH
=============================== warnings summary ===============================
test/test_explicit_dimensions.py::TestXorGrammarLearnsXor::test_xor_class_accuracy
  /Users/arogers/github/WikiOracle/basicmodel/.venv/lib/python3.12/site-packages/torch/utils/_device.py:122: UserWarning: Sparse invariant checks are implicitly disabled. Memory errors (e.g. SEGFAULT) will occur when operating on a sparse tensor which violates the invariants, but checks incur performance overhead. To silence this warning, explicitly opt in or out. See `torch.sparse.check_sparse_tensor_invariants.__doc__` for guidance.  (Triggered internally at /Users/runner/work/pytorch/pytorch/aten/src/ATen/Context.cpp:855.)
    return func(*args, **kwargs)

-- Docs: https://docs.pytest.org/en/stable/how-to/capture-warnings.html
=========================== short test summary info ============================
FAILED test/test_explicit_dimensions.py::TestXorGrammarLearnsXor::test_xor_class_accuracy
1 failed, 1 passed, 1 warning in 142.36s (0:02:22)
