F.                                                                       [100%]
=================================== FAILURES ===================================
_______________ TestXorGrammarLearnsXor.test_xor_class_accuracy ________________

self = <test_explicit_dimensions.TestXorGrammarLearnsXor testMethod=test_xor_class_accuracy>

    @unittest.skipIf(not _RUN_SLOW, "slow (~60s end-to-end XOR_grammar train) -- set RUN_SLOW=1")
    def test_xor_class_accuracy(self):
        model = self.trained_xor_grammar
        # Read the answers saved by the final evaluation. Another forward
        # would advance the clock; rCorrect is an embedding-report placeholder.
        data = model.inputSpace.data
        answers = torch.stack(data.reconstructed_output).reshape(-1)
        targets = torch.stack(data.test_output).reshape(-1).to(answers)
        self.assertEqual(answers.numel(), 4)
        self.assertEqual(targets.numel(), 4)
        self.assertTrue(bool(torch.isfinite(answers).all()))
        correct = (answers > 0.5) == (targets > 0.5)
        mse = torch.mean((answers - targets).square()).item()
>       self.assertTrue(
            bool(correct.all()),
            f"XOR_grammar requires all four answers correct: {answers.tolist()}",
        )
E       AssertionError: False is not true : XOR_grammar requires all four answers correct: [0.763687014579773, 1.0647554397583008, 1.1696522235870361, 0.7672096490859985]

test/test_explicit_dimensions.py:252: AssertionError
---------------------------- Captured stdout setup -----------------------------
Device: cpu
Peer pipeline: static PS/WS stage bodies compiled separately; legacy compatibility scheduler remains outside fullgraph capture


==== BasicModel ====

Trial [1/1]
Baseline test pass skipped (--test not specified). Re-invoke train.py with --test to include baseline + post-epoch evaluation.
Epoch [1/400]
[AMP] off (fp32, MODEL_AMP unset or =off)
batch = 0 (warm-up, 100.00%)
Training throughput: 1 batches in 0.650s; word units 100.0% of 8 words (letters-only 100.0% of 8).
Train Loss: output=0.1832, reconstruction=1.3961
Epoch [2/400]
batch = 0 (Δ=0.301s, 100.00%)
Training throughput: 1 batches in 0.300s; word units 100.0% of 8 words (letters-only 100.0% of 8).
Train Loss: output=0.2318, reconstruction=1.8297
Epoch [3/400]
batch = 0 (Δ=0.313s, 100.00%)
Training throughput: 1 batches in 0.312s; word units 100.0% of 8 words (letters-only 100.0% of 8).
Train Loss: output=0.1704, reconstruction=2.2170
Epoch [4/400]
batch = 0 (Δ=0.315s, 100.00%)
Training throughput: 1 batches in 0.314s; word units 100.0% of 8 words (letters-only 100.0% of 8).
Train Loss: output=0.2320, reconstruction=0.5156
Epoch [5/400]
batch = 0 (Δ=0.316s, 100.00%)
Training throughput: 1 batches in 0.315s; word units 100.0% of 8 words (letters-only 100.0% of 8).
Train Loss: output=0.1831, reconstruction=2.2274
Epoch [6/400]
batch = 0 (Δ=0.307s, 100.00%)
Training throughput: 1 batches in 0.306s; word units 100.0% of 8 words (letters-only 100.0% of 8).
Train Loss: output=0.1677, reconstruction=3.3637
Epoch [7/400]
batch = 0 (Δ=0.318s, 100.00%)
Training throughput: 1 batches in 0.317s; word units 100.0% of 8 words (letters-only 100.0% of 8).
Train Loss: output=0.1892, reconstruction=1.8013
Epoch [8/400]
batch = 0 (Δ=0.319s, 100.00%)
Training throughput: 1 batches in 0.318s; word units 100.0% of 8 words (letters-only 100.0% of 8).
Train Loss: output=0.2533, reconstruction=3.5291
Epoch [9/400]
batch = 0 (Δ=0.315s, 100.00%)
Training throughput: 1 batches in 0.314s; word units 100.0% of 8 words (letters-only 100.0% of 8).
Train Loss: output=0.1957, reconstruction=3.7002
Epoch [10/400]
batch = 0 (Δ=0.318s, 100.00%)
Training throughput: 1 batches in 0.317s; word units 100.0% of 8 words (letters-only 100.0% of 8).
Train Loss: output=0.3734, reconstruction=0.4582
Epoch [11/400]
batch = 0 (Δ=0.386s, 100.00%)
Training throughput: 1 batches in 0.385s; word units 100.0% of 8 words (letters-only 100.0% of 8).
Train Loss: output=0.2049, reconstruction=3.9819
Epoch [12/400]
batch = 0 (Δ=0.322s, 100.00%)
Training throughput: 1 batches in 0.322s; word units 100.0% of 8 words (letters-only 100.0% of 8).
Train Loss: output=0.2187, reconstruction=2.7377
Epoch [13/400]
batch = 0 (Δ=0.318s, 100.00%)
Training throughput: 1 batches in 0.316s; word units 100.0% of 8 words (letters-only 100.0% of 8).
Train Loss: output=0.1570, reconstruction=2.8001
Epoch [14/400]
batch = 0 (Δ=0.312s, 100.00%)
Training throughput: 1 batches in 0.311s; word units 100.0% of 8 words (letters-only 100.0% of 8).
Train Loss: output=0.2199, reconstruction=4.2907
Epoch [15/400]
batch = 0 (Δ=0.318s, 100.00%)
Training throughput: 1 batches in 0.317s; word units 100.0% of 8 words (letters-only 100.0% of 8).
Train Loss: output=0.2272, reconstruction=1.9101
Epoch [16/400]
batch = 0 (Δ=0.320s, 100.00%)
Training throughput: 1 batches in 0.319s; word units 100.0% of 8 words (letters-only 100.0% of 8).
Train Loss: output=0.2462, reconstruction=4.4418
Epoch [17/400]
batch = 0 (Δ=0.315s, 100.00%)
Training throughput: 1 batches in 0.314s; word units 100.0% of 8 words (letters-only 100.0% of 8).
Train Loss: output=0.1643, reconstruction=4.5049
Epoch [18/400]
batch = 0 (Δ=0.311s, 100.00%)
Training throughput: 1 batches in 0.311s; word units 100.0% of 8 words (letters-only 100.0% of 8).
Train Loss: output=0.2375, reconstruction=4.5609
Epoch [19/400]
batch = 0 (Δ=0.314s, 100.00%)
Training throughput: 1 batches in 0.313s; word units 100.0% of 8 words (letters-only 100.0% of 8).
Train Loss: output=0.1630, reconstruction=4.6108
Epoch [20/400]
batch = 0 (Δ=0.314s, 100.00%)
Training throughput: 1 batches in 0.313s; word units 100.0% of 8 words (letters-only 100.0% of 8).
Train Loss: output=0.2302, reconstruction=4.6553
Epoch [21/400]
batch = 0 (Δ=0.315s, 100.00%)
Training throughput: 1 batches in 0.314s; word units 100.0% of 8 words (letters-only 100.0% of 8).
Train Loss: output=0.1626, reconstruction=4.6949
Epoch [22/400]
batch = 0 (Δ=0.315s, 100.00%)
Training throughput: 1 batches in 0.314s; word units 100.0% of 8 words (letters-only 100.0% of 8).
Train Loss: output=0.2225, reconstruction=4.7303
Epoch [23/400]
batch = 0 (Δ=0.321s, 100.00%)
Training throughput: 1 batches in 0.320s; word units 100.0% of 8 words (letters-only 100.0% of 8).
Train Loss: output=0.2256, reconstruction=3.1441
Epoch [24/400]
batch = 0 (Δ=0.318s, 100.00%)
Training throughput: 1 batches in 0.317s; word units 100.0% of 8 words (letters-only 100.0% of 8).
Train Loss: output=0.2467, reconstruction=3.1614
Epoch [25/400]
batch = 0 (Δ=0.396s, 100.00%)
Training throughput: 1 batches in 0.395s; word units 100.0% of 8 words (letters-only 100.0% of 8).
Train Loss: output=0.1827, reconstruction=3.1769
Epoch [26/400]
batch = 0 (Δ=0.316s, 100.00%)
Training throughput: 1 batches in 0.315s; word units 100.0% of 8 words (letters-only 100.0% of 8).
Train Loss: output=0.1863, reconstruction=4.8379
Epoch [27/400]
batch = 0 (Δ=0.313s, 100.00%)
Training throughput: 1 batches in 0.312s; word units 100.0% of 8 words (letters-only 100.0% of 8).
Train Loss: output=0.1784, reconstruction=4.8581
Epoch [28/400]
batch = 0 (Δ=0.318s, 100.00%)
Training throughput: 1 batches in 0.317s; word units 100.0% of 8 words (letters-only 100.0% of 8).
Train Loss: output=0.2738, reconstruction=2.0948
Epoch [29/400]
batch = 0 (Δ=0.322s, 100.00%)
Training throughput: 1 batches in 0.321s; word units 100.0% of 8 words (letters-only 100.0% of 8).
Train Loss: output=0.2260, reconstruction=0.4325
Epoch [30/400]
batch = 0 (Δ=0.325s, 100.00%)
Training throughput: 1 batches in 0.324s; word units 100.0% of 8 words (letters-only 100.0% of 8).
Train Loss: output=0.1623, reconstruction=4.9068
Epoch [31/400]
batch = 0 (Δ=0.317s, 100.00%)
Training throughput: 1 batches in 0.316s; word units 100.0% of 8 words (letters-only 100.0% of 8).
Train Loss: output=0.1611, reconstruction=4.9198
Epoch [32/400]
batch = 0 (Δ=0.315s, 100.00%)
Training throughput: 1 batches in 0.314s; word units 100.0% of 8 words (letters-only 100.0% of 8).
Train Loss: output=0.1600, reconstruction=4.9314
Epoch [33/400]
batch = 0 (Δ=0.318s, 100.00%)
Training throughput: 1 batches in 0.317s; word units 100.0% of 8 words (letters-only 100.0% of 8).
Train Loss: output=0.1612, reconstruction=4.9418
Epoch [34/400]
batch = 0 (Δ=0.313s, 100.00%)
Training throughput: 1 batches in 0.312s; word units 100.0% of 8 words (letters-only 100.0% of 8).
Train Loss: output=0.1577, reconstruction=4.9511
Epoch [35/400]
batch = 0 (Δ=0.318s, 100.00%)
Training throughput: 1 batches in 0.317s; word units 100.0% of 8 words (letters-only 100.0% of 8).
Train Loss: output=0.1606, reconstruction=4.9594
Epoch [36/400]
batch = 0 (Δ=0.324s, 100.00%)
Training throughput: 1 batches in 0.323s; word units 100.0% of 8 words (letters-only 100.0% of 8).
Train Loss: output=0.1564, reconstruction=4.9669
Epoch [37/400]
batch = 0 (Δ=0.322s, 100.00%)
Training throughput: 1 batches in 0.321s; word units 100.0% of 8 words (letters-only 100.0% of 8).
Train Loss: output=0.1926, reconstruction=2.1310
Epoch [38/400]
batch = 0 (Δ=0.318s, 100.00%)
Training throughput: 1 batches in 0.317s; word units 100.0% of 8 words (letters-only 100.0% of 8).
Train Loss: output=0.1560, reconstruction=4.9795
Epoch [39/400]
batch = 0 (Δ=0.405s, 100.00%)
Training throughput: 1 batches in 0.403s; word units 100.0% of 8 words (letters-only 100.0% of 8).
Train Loss: output=0.1626, reconstruction=2.1352
Epoch [40/400]
batch = 0 (Δ=0.320s, 100.00%)
Training throughput: 1 batches in 0.319s; word units 100.0% of 8 words (letters-only 100.0% of 8).
Train Loss: output=0.1540, reconstruction=4.9897
Epoch [41/400]
batch = 0 (Δ=0.315s, 100.00%)
Training throughput: 1 batches in 0.315s; word units 100.0% of 8 words (letters-only 100.0% of 8).
Train Loss: output=0.1523, reconstruction=4.9939
Epoch [42/400]
batch = 0 (Δ=0.316s, 100.00%)
Training throughput: 1 batches in 0.315s; word units 100.0% of 8 words (letters-only 100.0% of 8).
Train Loss: output=0.1516, reconstruction=4.9977
Epoch [43/400]
batch = 0 (Δ=0.322s, 100.00%)
Training throughput: 1 batches in 0.321s; word units 100.0% of 8 words (letters-only 100.0% of 8).
Train Loss: output=0.1531, reconstruction=5.0011
Epoch [44/400]
batch = 0 (Δ=0.324s, 100.00%)
Training throughput: 1 batches in 0.324s; word units 100.0% of 8 words (letters-only 100.0% of 8).
Train Loss: output=0.1498, reconstruction=5.0042
Epoch [45/400]
batch = 0 (Δ=0.323s, 100.00%)
Training throughput: 1 batches in 0.322s; word units 100.0% of 8 words (letters-only 100.0% of 8).
Train Loss: output=0.2668, reconstruction=3.2942
Epoch [46/400]
batch = 0 (Δ=0.322s, 100.00%)
Training throughput: 1 batches in 0.321s; word units 100.0% of 8 words (letters-only 100.0% of 8).
Train Loss: output=0.1435, reconstruction=2.1446
Epoch [47/400]
batch = 0 (Δ=0.321s, 100.00%)
Training throughput: 1 batches in 0.320s; word units 100.0% of 8 words (letters-only 100.0% of 8).
Train Loss: output=0.2158, reconstruction=0.4309
Epoch [48/400]
batch = 0 (Δ=0.322s, 100.00%)
Training throughput: 1 batches in 0.321s; word units 100.0% of 8 words (letters-only 100.0% of 8).
Train Loss: output=0.1499, reconstruction=5.0134
Epoch [49/400]
batch = 0 (Δ=0.327s, 100.00%)
Training throughput: 1 batches in 0.326s; word units 100.0% of 8 words (letters-only 100.0% of 8).
Train Loss: output=0.1384, reconstruction=2.1468
Epoch [50/400]
batch = 0 (Δ=0.319s, 100.00%)
Training throughput: 1 batches in 0.318s; word units 100.0% of 8 words (letters-only 100.0% of 8).
Train Loss: output=0.1485, reconstruction=5.0166
Epoch [51/400]
batch = 0 (Δ=0.318s, 100.00%)
Training throughput: 1 batches in 0.317s; word units 100.0% of 8 words (letters-only 100.0% of 8).
Train Loss: output=0.1525, reconstruction=5.0179
Epoch [52/400]
batch = 0 (Δ=0.322s, 100.00%)
Training throughput: 1 batches in 0.321s; word units 100.0% of 8 words (letters-only 100.0% of 8).
Train Loss: output=0.1490, reconstruction=5.0191
Epoch [53/400]
batch = 0 (Δ=0.410s, 100.00%)
Training throughput: 1 batches in 0.408s; word units 100.0% of 8 words (letters-only 100.0% of 8).
Train Loss: output=0.2424, reconstruction=3.3023
Epoch [54/400]
batch = 0 (Δ=0.324s, 100.00%)
Training throughput: 1 batches in 0.323s; word units 100.0% of 8 words (letters-only 100.0% of 8).
Train Loss: output=0.1279, reconstruction=2.1493
Epoch [55/400]
batch = 0 (Δ=0.318s, 100.00%)
Training throughput: 1 batches in 0.318s; word units 100.0% of 8 words (letters-only 100.0% of 8).
Train Loss: output=0.1478, reconstruction=5.0218
Epoch [56/400]
batch = 0 (Δ=0.321s, 100.00%)
Training throughput: 1 batches in 0.320s; word units 100.0% of 8 words (letters-only 100.0% of 8).
Train Loss: output=0.1474, reconstruction=5.0225
Epoch [57/400]
batch = 0 (Δ=0.323s, 100.00%)
Training throughput: 1 batches in 0.322s; word units 100.0% of 8 words (letters-only 100.0% of 8).
Train Loss: output=0.1453, reconstruction=5.0232
Epoch [58/400]
batch = 0 (Δ=0.325s, 100.00%)
Training throughput: 1 batches in 0.325s; word units 100.0% of 8 words (letters-only 100.0% of 8).
Train Loss: output=0.2211, reconstruction=0.4313
Epoch [59/400]
batch = 0 (Δ=0.327s, 100.00%)
Training throughput: 1 batches in 0.326s; word units 100.0% of 8 words (letters-only 100.0% of 8).
Train Loss: output=0.1411, reconstruction=2.1507
Epoch [60/400]
batch = 0 (Δ=0.324s, 100.00%)
Training throughput: 1 batches in 0.323s; word units 100.0% of 8 words (letters-only 100.0% of 8).
Train Loss: output=0.1384, reconstruction=2.1509
Epoch [61/400]
batch = 0 (Δ=0.317s, 100.00%)
Training throughput: 1 batches in 0.316s; word units 100.0% of 8 words (letters-only 100.0% of 8).
Train Loss: output=0.1451, reconstruction=5.0249
Epoch [62/400]
batch = 0 (Δ=0.317s, 100.00%)
Training throughput: 1 batches in 0.316s; word units 100.0% of 8 words (letters-only 100.0% of 8).
Train Loss: output=0.1583, reconstruction=5.0252
Epoch [63/400]
batch = 0 (Δ=0.325s, 100.00%)
Training throughput: 1 batches in 0.324s; word units 100.0% of 8 words (letters-only 100.0% of 8).
Train Loss: output=0.1230, reconstruction=2.1514
Epoch [64/400]
batch = 0 (Δ=0.328s, 100.00%)
Training throughput: 1 batches in 0.327s; word units 100.0% of 8 words (letters-only 100.0% of 8).
Train Loss: output=0.1420, reconstruction=5.0257
Epoch [65/400]
batch = 0 (Δ=0.323s, 100.00%)
Training throughput: 1 batches in 0.322s; word units 100.0% of 8 words (letters-only 100.0% of 8).
Train Loss: output=0.2818, reconstruction=3.3059
Epoch [66/400]
batch = 0 (Δ=0.325s, 100.00%)
Training throughput: 1 batches in 0.324s; word units 100.0% of 8 words (letters-only 100.0% of 8).
Train Loss: output=0.1421, reconstruction=5.0260
Epoch [67/400]
batch = 0 (Δ=0.396s, 100.00%)
Training throughput: 1 batches in 0.395s; word units 100.0% of 8 words (letters-only 100.0% of 8).
Train Loss: output=0.1619, reconstruction=5.0261
Epoch [68/400]
batch = 0 (Δ=0.325s, 100.00%)
Training throughput: 1 batches in 0.324s; word units 100.0% of 8 words (letters-only 100.0% of 8).
Train Loss: output=0.1163, reconstruction=2.1519
Epoch [69/400]
batch = 0 (Δ=0.330s, 100.00%)
Training throughput: 1 batches in 0.329s; word units 100.0% of 8 words (letters-only 100.0% of 8).
Train Loss: output=0.1076, reconstruction=2.1519
Epoch [70/400]
batch = 0 (Δ=0.318s, 100.00%)
Training throughput: 1 batches in 0.317s; word units 100.0% of 8 words (letters-only 100.0% of 8).
Train Loss: output=0.1764, reconstruction=5.0263
Epoch [71/400]
batch = 0 (Δ=0.323s, 100.00%)
Training throughput: 1 batches in 0.322s; word units 100.0% of 8 words (letters-only 100.0% of 8).
Train Loss: output=0.1438, reconstruction=5.0264
Epoch [72/400]
batch = 0 (Δ=0.324s, 100.00%)
Training throughput: 1 batches in 0.323s; word units 100.0% of 8 words (letters-only 100.0% of 8).
Train Loss: output=0.1039, reconstruction=2.1521
Epoch [73/400]
batch = 0 (Δ=0.327s, 100.00%)
Training throughput: 1 batches in 0.325s; word units 100.0% of 8 words (letters-only 100.0% of 8).
Train Loss: output=0.1249, reconstruction=2.1521
Epoch [74/400]
batch = 0 (Δ=0.316s, 100.00%)
Training throughput: 1 batches in 0.315s; word units 100.0% of 8 words (letters-only 100.0% of 8).
Train Loss: output=0.1374, reconstruction=5.0263
Epoch [75/400]
batch = 0 (Δ=0.320s, 100.00%)
Training throughput: 1 batches in 0.319s; word units 100.0% of 8 words (letters-only 100.0% of 8).
Train Loss: output=0.1500, reconstruction=5.0263
Epoch [76/400]
batch = 0 (Δ=0.324s, 100.00%)
Training throughput: 1 batches in 0.323s; word units 100.0% of 8 words (letters-only 100.0% of 8).
Train Loss: output=0.1102, reconstruction=2.1522
Epoch [77/400]
batch = 0 (Δ=0.324s, 100.00%)
Training throughput: 1 batches in 0.323s; word units 100.0% of 8 words (letters-only 100.0% of 8).
Train Loss: output=0.2645, reconstruction=0.4322
Epoch [78/400]
batch = 0 (Δ=0.328s, 100.00%)
Training throughput: 1 batches in 0.327s; word units 100.0% of 8 words (letters-only 100.0% of 8).
Train Loss: output=0.2181, reconstruction=5.0262
Epoch [79/400]
batch = 0 (Δ=0.327s, 100.00%)
Training throughput: 1 batches in 0.327s; word units 100.0% of 8 words (letters-only 100.0% of 8).
Train Loss: output=0.2711, reconstruction=2.1523
Epoch [80/400]
batch = 0 (Δ=0.322s, 100.00%)
Training throughput: 1 batches in 0.321s; word units 100.0% of 8 words (letters-only 100.0% of 8).
Train Loss: output=0.1378, reconstruction=5.0261
Epoch [81/400]
batch = 0 (Δ=0.408s, 100.00%)
Training throughput: 1 batches in 0.407s; word units 100.0% of 8 words (letters-only 100.0% of 8).
Train Loss: output=0.3178, reconstruction=3.3061
Epoch [82/400]
batch = 0 (Δ=0.326s, 100.00%)
Training throughput: 1 batches in 0.325s; word units 100.0% of 8 words (letters-only 100.0% of 8).
Train Loss: output=0.1758, reconstruction=5.0259
Epoch [83/400]
batch = 0 (Δ=0.325s, 100.00%)
Training throughput: 1 batches in 0.324s; word units 100.0% of 8 words (letters-only 100.0% of 8).
Train Loss: output=0.2247, reconstruction=5.0258
Epoch [84/400]
batch = 0 (Δ=0.329s, 100.00%)
Training throughput: 1 batches in 0.328s; word units 100.0% of 8 words (letters-only 100.0% of 8).
Train Loss: output=0.2596, reconstruction=5.0258
Epoch [85/400]
batch = 0 (Δ=0.320s, 100.00%)
Training throughput: 1 batches in 0.319s; word units 100.0% of 8 words (letters-only 100.0% of 8).
Train Loss: output=0.1449, reconstruction=5.0257
Epoch [86/400]
batch = 0 (Δ=0.329s, 100.00%)
Training throughput: 1 batches in 0.328s; word units 100.0% of 8 words (letters-only 100.0% of 8).
Train Loss: output=0.3699, reconstruction=3.3059
Epoch [87/400]
batch = 0 (Δ=0.323s, 100.00%)
Training throughput: 1 batches in 0.322s; word units 100.0% of 8 words (letters-only 100.0% of 8).
Train Loss: output=0.1474, reconstruction=5.0255
Epoch [88/400]
batch = 0 (Δ=0.326s, 100.00%)
Training throughput: 1 batches in 0.325s; word units 100.0% of 8 words (letters-only 100.0% of 8).
Train Loss: output=0.3150, reconstruction=2.1524
Epoch [89/400]
batch = 0 (Δ=0.324s, 100.00%)
Training throughput: 1 batches in 0.323s; word units 100.0% of 8 words (letters-only 100.0% of 8).
Train Loss: output=0.2020, reconstruction=5.0253
Epoch [90/400]
batch = 0 (Δ=0.321s, 100.00%)
Training throughput: 1 batches in 0.320s; word units 100.0% of 8 words (letters-only 100.0% of 8).
Train Loss: output=0.1946, reconstruction=5.0252
Epoch [91/400]
batch = 0 (Δ=0.324s, 100.00%)
Training throughput: 1 batches in 0.324s; word units 100.0% of 8 words (letters-only 100.0% of 8).
Train Loss: output=0.2497, reconstruction=5.0251
Epoch [92/400]
batch = 0 (Δ=0.322s, 100.00%)
Training throughput: 1 batches in 0.321s; word units 100.0% of 8 words (letters-only 100.0% of 8).
Train Loss: output=0.1522, reconstruction=5.0251
Epoch [93/400]
batch = 0 (Δ=0.325s, 100.00%)
Training throughput: 1 batches in 0.324s; word units 100.0% of 8 words (letters-only 100.0% of 8).
Train Loss: output=0.2736, reconstruction=5.0250
Epoch [94/400]
batch = 0 (Δ=0.326s, 100.00%)
Training throughput: 1 batches in 0.325s; word units 100.0% of 8 words (letters-only 100.0% of 8).
Train Loss: output=0.1354, reconstruction=5.0249
Epoch [95/400]
batch = 0 (Δ=0.410s, 100.00%)
Training throughput: 1 batches in 0.409s; word units 100.0% of 8 words (letters-only 100.0% of 8).
Train Loss: output=0.2481, reconstruction=5.0248
Epoch [96/400]
batch = 0 (Δ=0.322s, 100.00%)
Training throughput: 1 batches in 0.321s; word units 100.0% of 8 words (letters-only 100.0% of 8).
Train Loss: output=0.1308, reconstruction=5.0247
Epoch [97/400]
batch = 0 (Δ=0.326s, 100.00%)
Training throughput: 1 batches in 0.325s; word units 100.0% of 8 words (letters-only 100.0% of 8).
Train Loss: output=0.3522, reconstruction=0.4331
Epoch [98/400]
batch = 0 (Δ=0.328s, 100.00%)
Training throughput: 1 batches in 0.327s; word units 100.0% of 8 words (letters-only 100.0% of 8).
Train Loss: output=0.1804, reconstruction=3.3053
Epoch [99/400]
batch = 0 (Δ=0.328s, 100.00%)
Training throughput: 1 batches in 0.327s; word units 100.0% of 8 words (letters-only 100.0% of 8).
Train Loss: output=0.2478, reconstruction=3.3053
Epoch [100/400]
batch = 0 (Δ=0.326s, 100.00%)
Training throughput: 1 batches in 0.325s; word units 100.0% of 8 words (letters-only 100.0% of 8).
Train Loss: output=0.1541, reconstruction=3.3053
Epoch [101/400]
batch = 0 (Δ=0.327s, 100.00%)
Training throughput: 1 batches in 0.326s; word units 100.0% of 8 words (letters-only 100.0% of 8).
Train Loss: output=0.1887, reconstruction=3.3052
Epoch [102/400]
batch = 0 (Δ=0.328s, 100.00%)
Training throughput: 1 batches in 0.327s; word units 100.0% of 8 words (letters-only 100.0% of 8).
Train Loss: output=0.3090, reconstruction=2.1523
Epoch [103/400]
batch = 0 (Δ=0.327s, 100.00%)
Training throughput: 1 batches in 0.327s; word units 100.0% of 8 words (letters-only 100.0% of 8).
Train Loss: output=0.2859, reconstruction=2.1523
Epoch [104/400]
batch = 0 (Δ=0.331s, 100.00%)
Training throughput: 1 batches in 0.330s; word units 100.0% of 8 words (letters-only 100.0% of 8).
Train Loss: output=0.2306, reconstruction=2.1523
Epoch [105/400]
batch = 0 (Δ=0.330s, 100.00%)
Training throughput: 1 batches in 0.329s; word units 100.0% of 8 words (letters-only 100.0% of 8).
Train Loss: output=0.1795, reconstruction=2.1523
Epoch [106/400]
batch = 0 (Δ=0.328s, 100.00%)
Training throughput: 1 batches in 0.327s; word units 100.0% of 8 words (letters-only 100.0% of 8).
Train Loss: output=0.1379, reconstruction=5.0238
Epoch [107/400]
batch = 0 (Δ=0.327s, 100.00%)
Training throughput: 1 batches in 0.326s; word units 100.0% of 8 words (letters-only 100.0% of 8).
Train Loss: output=0.1289, reconstruction=5.0237
Epoch [108/400]
batch = 0 (Δ=0.329s, 100.00%)
Training throughput: 1 batches in 0.328s; word units 100.0% of 8 words (letters-only 100.0% of 8).
Train Loss: output=0.1367, reconstruction=5.0236
Epoch [109/400]
batch = 0 (Δ=0.403s, 100.00%)
Training throughput: 1 batches in 0.402s; word units 100.0% of 8 words (letters-only 100.0% of 8).
Train Loss: output=0.1258, reconstruction=5.0236
Epoch [110/400]
batch = 0 (Δ=0.321s, 100.00%)
Training throughput: 1 batches in 0.320s; word units 100.0% of 8 words (letters-only 100.0% of 8).
Train Loss: output=0.1348, reconstruction=5.0235
Epoch [111/400]
batch = 0 (Δ=0.324s, 100.00%)
Training throughput: 1 batches in 0.323s; word units 100.0% of 8 words (letters-only 100.0% of 8).
Train Loss: output=0.1242, reconstruction=5.0234
Epoch [112/400]
batch = 0 (Δ=0.328s, 100.00%)
Training throughput: 1 batches in 0.327s; word units 100.0% of 8 words (letters-only 100.0% of 8).
Train Loss: output=0.1284, reconstruction=5.0233
Epoch [113/400]
batch = 0 (Δ=0.329s, 100.00%)
Training throughput: 1 batches in 0.328s; word units 100.0% of 8 words (letters-only 100.0% of 8).
Train Loss: output=0.1264, reconstruction=5.0232
Epoch [114/400]
batch = 0 (Δ=0.326s, 100.00%)
Training throughput: 1 batches in 0.324s; word units 100.0% of 8 words (letters-only 100.0% of 8).
Train Loss: output=0.1252, reconstruction=5.0231
Epoch [115/400]
batch = 0 (Δ=0.334s, 100.00%)
Training throughput: 1 batches in 0.333s; word units 100.0% of 8 words (letters-only 100.0% of 8).
Train Loss: output=0.1081, reconstruction=2.1523
Epoch [116/400]
batch = 0 (Δ=0.326s, 100.00%)
Training throughput: 1 batches in 0.325s; word units 100.0% of 8 words (letters-only 100.0% of 8).
Train Loss: output=0.4229, reconstruction=3.3046
Epoch [117/400]
batch = 0 (Δ=0.324s, 100.00%)
Training throughput: 1 batches in 0.323s; word units 100.0% of 8 words (letters-only 100.0% of 8).
Train Loss: output=0.1721, reconstruction=5.0229
Epoch [118/400]
batch = 0 (Δ=0.330s, 100.00%)
Training throughput: 1 batches in 0.329s; word units 100.0% of 8 words (letters-only 100.0% of 8).
Train Loss: output=0.1520, reconstruction=2.1523
Epoch [119/400]
batch = 0 (Δ=0.332s, 100.00%)
Training throughput: 1 batches in 0.331s; word units 100.0% of 8 words (letters-only 100.0% of 8).
Train Loss: output=0.3049, reconstruction=3.3045
Epoch [120/400]
batch = 0 (Δ=0.329s, 100.00%)
Training throughput: 1 batches in 0.328s; word units 100.0% of 8 words (letters-only 100.0% of 8).
Train Loss: output=0.2017, reconstruction=2.1523
Epoch [121/400]
batch = 0 (Δ=0.322s, 100.00%)
Training throughput: 1 batches in 0.321s; word units 100.0% of 8 words (letters-only 100.0% of 8).
Train Loss: output=0.1246, reconstruction=5.0226
Epoch [122/400]
batch = 0 (Δ=0.329s, 100.00%)
Training throughput: 1 batches in 0.328s; word units 100.0% of 8 words (letters-only 100.0% of 8).
Train Loss: output=0.2371, reconstruction=5.0225
Epoch [123/400]
batch = 0 (Δ=0.408s, 100.00%)
Training throughput: 1 batches in 0.407s; word units 100.0% of 8 words (letters-only 100.0% of 8).
Train Loss: output=0.1685, reconstruction=3.3043
Epoch [124/400]
batch = 0 (Δ=0.326s, 100.00%)
Training throughput: 1 batches in 0.324s; word units 100.0% of 8 words (letters-only 100.0% of 8).
Train Loss: output=0.2145, reconstruction=5.0224
Epoch [125/400]
batch = 0 (Δ=0.327s, 100.00%)
Training throughput: 1 batches in 0.326s; word units 100.0% of 8 words (letters-only 100.0% of 8).
Train Loss: output=0.1240, reconstruction=5.0223
Epoch [126/400]
batch = 0 (Δ=0.326s, 100.00%)
Training throughput: 1 batches in 0.324s; word units 100.0% of 8 words (letters-only 100.0% of 8).
Train Loss: output=0.2073, reconstruction=5.0223
Epoch [127/400]
batch = 0 (Δ=0.330s, 100.00%)
Training throughput: 1 batches in 0.329s; word units 100.0% of 8 words (letters-only 100.0% of 8).
Train Loss: output=0.2365, reconstruction=0.4343
Epoch [128/400]
batch = 0 (Δ=0.328s, 100.00%)
Training throughput: 1 batches in 0.327s; word units 100.0% of 8 words (letters-only 100.0% of 8).
Train Loss: output=0.1350, reconstruction=5.0221
Epoch [129/400]
batch = 0 (Δ=0.333s, 100.00%)
Training throughput: 1 batches in 0.332s; word units 100.0% of 8 words (letters-only 100.0% of 8).
Train Loss: output=0.2261, reconstruction=2.1523
Epoch [130/400]
batch = 0 (Δ=0.330s, 100.00%)
Training throughput: 1 batches in 0.330s; word units 100.0% of 8 words (letters-only 100.0% of 8).
Train Loss: output=0.1823, reconstruction=5.0220
Epoch [131/400]
batch = 0 (Δ=0.325s, 100.00%)
Training throughput: 1 batches in 0.324s; word units 100.0% of 8 words (letters-only 100.0% of 8).
Train Loss: output=0.1237, reconstruction=5.0219
Epoch [132/400]
batch = 0 (Δ=0.332s, 100.00%)
Training throughput: 1 batches in 0.331s; word units 100.0% of 8 words (letters-only 100.0% of 8).
Train Loss: output=0.2194, reconstruction=3.3040
Epoch [133/400]
batch = 0 (Δ=0.335s, 100.00%)
Training throughput: 1 batches in 0.334s; word units 100.0% of 8 words (letters-only 100.0% of 8).
Train Loss: output=0.1250, reconstruction=2.1523
Epoch [134/400]
batch = 0 (Δ=0.331s, 100.00%)
Training throughput: 1 batches in 0.330s; word units 100.0% of 8 words (letters-only 100.0% of 8).
Train Loss: output=0.1750, reconstruction=5.0217
Epoch [135/400]
batch = 0 (Δ=0.327s, 100.00%)
Training throughput: 1 batches in 0.326s; word units 100.0% of 8 words (letters-only 100.0% of 8).
Train Loss: output=0.1212, reconstruction=5.0217
Epoch [136/400]
batch = 0 (Δ=0.332s, 100.00%)
Training throughput: 1 batches in 0.331s; word units 100.0% of 8 words (letters-only 100.0% of 8).
Train Loss: output=0.2303, reconstruction=0.4346
Epoch [137/400]
batch = 0 (Δ=0.409s, 100.00%)
Training throughput: 1 batches in 0.408s; word units 100.0% of 8 words (letters-only 100.0% of 8).
Train Loss: output=0.1253, reconstruction=5.0215
Epoch [138/400]
batch = 0 (Δ=0.333s, 100.00%)
Training throughput: 1 batches in 0.332s; word units 100.0% of 8 words (letters-only 100.0% of 8).
Train Loss: output=0.1918, reconstruction=5.0215
Epoch [139/400]
batch = 0 (Δ=0.330s, 100.00%)
Training throughput: 1 batches in 0.329s; word units 100.0% of 8 words (letters-only 100.0% of 8).
Train Loss: output=0.3048, reconstruction=3.3039
Epoch [140/400]
batch = 0 (Δ=0.324s, 100.00%)
Training throughput: 1 batches in 0.323s; word units 100.0% of 8 words (letters-only 100.0% of 8).
Train Loss: output=0.2627, reconstruction=5.0214
Epoch [141/400]
batch = 0 (Δ=0.326s, 100.00%)
Training throughput: 1 batches in 0.325s; word units 100.0% of 8 words (letters-only 100.0% of 8).
Train Loss: output=0.1212, reconstruction=5.0213
Epoch [142/400]
batch = 0 (Δ=0.325s, 100.00%)
Training throughput: 1 batches in 0.324s; word units 100.0% of 8 words (letters-only 100.0% of 8).
Train Loss: output=0.2458, reconstruction=5.0212
Epoch [143/400]
batch = 0 (Δ=0.331s, 100.00%)
Training throughput: 1 batches in 0.330s; word units 100.0% of 8 words (letters-only 100.0% of 8).
Train Loss: output=0.1268, reconstruction=5.0212
Epoch [144/400]
batch = 0 (Δ=0.331s, 100.00%)
Training throughput: 1 batches in 0.330s; word units 100.0% of 8 words (letters-only 100.0% of 8).
Train Loss: output=0.2820, reconstruction=3.3037
Epoch [145/400]
batch = 0 (Δ=0.333s, 100.00%)
Training throughput: 1 batches in 0.332s; word units 100.0% of 8 words (letters-only 100.0% of 8).
Train Loss: output=0.2147, reconstruction=3.3037
Epoch [146/400]
batch = 0 (Δ=0.334s, 100.00%)
Training throughput: 1 batches in 0.333s; word units 100.0% of 8 words (letters-only 100.0% of 8).
Train Loss: output=0.2674, reconstruction=3.3037
Epoch [147/400]
batch = 0 (Δ=0.332s, 100.00%)
Training throughput: 1 batches in 0.331s; word units 100.0% of 8 words (letters-only 100.0% of 8).
Train Loss: output=0.1714, reconstruction=2.1522
Epoch [148/400]
batch = 0 (Δ=0.334s, 100.00%)
Training throughput: 1 batches in 0.333s; word units 100.0% of 8 words (letters-only 100.0% of 8).
Train Loss: output=0.2073, reconstruction=2.1522
Epoch [149/400]
batch = 0 (Δ=0.332s, 100.00%)
Training throughput: 1 batches in 0.331s; word units 100.0% of 8 words (letters-only 100.0% of 8).
Train Loss: output=0.1777, reconstruction=2.1522
Epoch [150/400]
batch = 0 (Δ=0.332s, 100.00%)
Training throughput: 1 batches in 0.331s; word units 100.0% of 8 words (letters-only 100.0% of 8).
Train Loss: output=0.2539, reconstruction=3.3036
Epoch [151/400]
batch = 0 (Δ=0.417s, 100.00%)
Training throughput: 1 batches in 0.416s; word units 100.0% of 8 words (letters-only 100.0% of 8).
Train Loss: output=0.1826, reconstruction=2.1523
Epoch [152/400]
batch = 0 (Δ=0.335s, 100.00%)
Training throughput: 1 batches in 0.334s; word units 100.0% of 8 words (letters-only 100.0% of 8).
Train Loss: output=0.1422, reconstruction=2.1522
Epoch [153/400]
batch = 0 (Δ=0.332s, 100.00%)
Training throughput: 1 batches in 0.331s; word units 100.0% of 8 words (letters-only 100.0% of 8).
Train Loss: output=0.1764, reconstruction=5.0206
Epoch [154/400]
batch = 0 (Δ=0.336s, 100.00%)
Training throughput: 1 batches in 0.335s; word units 100.0% of 8 words (letters-only 100.0% of 8).
Train Loss: output=0.1558, reconstruction=5.0206
Epoch [155/400]
batch = 0 (Δ=0.330s, 100.00%)
Training throughput: 1 batches in 0.329s; word units 100.0% of 8 words (letters-only 100.0% of 8).
Train Loss: output=0.1576, reconstruction=5.0205
Epoch [156/400]
batch = 0 (Δ=0.326s, 100.00%)
Training throughput: 1 batches in 0.325s; word units 100.0% of 8 words (letters-only 100.0% of 8).
Train Loss: output=0.1452, reconstruction=5.0205
Epoch [157/400]
batch = 0 (Δ=0.330s, 100.00%)
Training throughput: 1 batches in 0.329s; word units 100.0% of 8 words (letters-only 100.0% of 8).
Train Loss: output=0.1590, reconstruction=5.0204
Epoch [158/400]
batch = 0 (Δ=0.339s, 100.00%)
Training throughput: 1 batches in 0.338s; word units 100.0% of 8 words (letters-only 100.0% of 8).
Train Loss: output=0.3418, reconstruction=3.3034
Epoch [159/400]
batch = 0 (Δ=0.328s, 100.00%)
Training throughput: 1 batches in 0.327s; word units 100.0% of 8 words (letters-only 100.0% of 8).
Train Loss: output=0.2209, reconstruction=5.0203
Epoch [160/400]
batch = 0 (Δ=0.326s, 100.00%)
Training throughput: 1 batches in 0.325s; word units 100.0% of 8 words (letters-only 100.0% of 8).
Train Loss: output=0.1221, reconstruction=5.0203
Epoch [161/400]
batch = 0 (Δ=0.337s, 100.00%)
Training throughput: 1 batches in 0.336s; word units 100.0% of 8 words (letters-only 100.0% of 8).
Train Loss: output=0.2094, reconstruction=2.1522
Epoch [162/400]
batch = 0 (Δ=0.328s, 100.00%)
Training throughput: 1 batches in 0.327s; word units 100.0% of 8 words (letters-only 100.0% of 8).
Train Loss: output=0.1169, reconstruction=5.0202
Epoch [163/400]
batch = 0 (Δ=0.337s, 100.00%)
Training throughput: 1 batches in 0.336s; word units 100.0% of 8 words (letters-only 100.0% of 8).
Train Loss: output=0.2006, reconstruction=5.0202
Epoch [164/400]
batch = 0 (Δ=0.335s, 100.00%)
Training throughput: 1 batches in 0.333s; word units 100.0% of 8 words (letters-only 100.0% of 8).
Train Loss: output=0.2096, reconstruction=3.3033
Epoch [165/400]
batch = 0 (Δ=0.422s, 100.00%)
Training throughput: 1 batches in 0.421s; word units 100.0% of 8 words (letters-only 100.0% of 8).
Train Loss: output=0.1565, reconstruction=5.0201
Epoch [166/400]
batch = 0 (Δ=0.335s, 100.00%)
Training throughput: 1 batches in 0.333s; word units 100.0% of 8 words (letters-only 100.0% of 8).
Train Loss: output=0.1171, reconstruction=5.0200
Epoch [167/400]
batch = 0 (Δ=0.335s, 100.00%)
Training throughput: 1 batches in 0.334s; word units 100.0% of 8 words (letters-only 100.0% of 8).
Train Loss: output=0.1990, reconstruction=3.3032
Epoch [168/400]
batch = 0 (Δ=0.341s, 100.00%)
Training throughput: 1 batches in 0.339s; word units 100.0% of 8 words (letters-only 100.0% of 8).
Train Loss: output=0.1762, reconstruction=3.3032
Epoch [169/400]
batch = 0 (Δ=0.336s, 100.00%)
Training throughput: 1 batches in 0.335s; word units 100.0% of 8 words (letters-only 100.0% of 8).
Train Loss: output=0.1374, reconstruction=5.0199
Epoch [170/400]
batch = 0 (Δ=0.337s, 100.00%)
Training throughput: 1 batches in 0.337s; word units 100.0% of 8 words (letters-only 100.0% of 8).
Train Loss: output=0.1336, reconstruction=5.0198
Epoch [171/400]
batch = 0 (Δ=0.336s, 100.00%)
Training throughput: 1 batches in 0.335s; word units 100.0% of 8 words (letters-only 100.0% of 8).
Train Loss: output=0.1470, reconstruction=3.3031
Epoch [172/400]
batch = 0 (Δ=0.331s, 100.00%)
Training throughput: 1 batches in 0.330s; word units 100.0% of 8 words (letters-only 100.0% of 8).
Train Loss: output=0.1256, reconstruction=5.0197
Epoch [173/400]
batch = 0 (Δ=0.330s, 100.00%)
Training throughput: 1 batches in 0.329s; word units 100.0% of 8 words (letters-only 100.0% of 8).
Train Loss: output=0.1250, reconstruction=5.0197
Epoch [174/400]
batch = 0 (Δ=0.341s, 100.00%)
Training throughput: 1 batches in 0.340s; word units 100.0% of 8 words (letters-only 100.0% of 8).
Train Loss: output=0.2093, reconstruction=2.1522
Epoch [175/400]
batch = 0 (Δ=0.331s, 100.00%)
Training throughput: 1 batches in 0.330s; word units 100.0% of 8 words (letters-only 100.0% of 8).
Train Loss: output=0.1146, reconstruction=5.0196
Epoch [176/400]
batch = 0 (Δ=0.335s, 100.00%)
Training throughput: 1 batches in 0.334s; word units 100.0% of 8 words (letters-only 100.0% of 8).
Train Loss: output=0.1336, reconstruction=3.3030
Epoch [177/400]
batch = 0 (Δ=0.333s, 100.00%)
Training throughput: 1 batches in 0.332s; word units 100.0% of 8 words (letters-only 100.0% of 8).
Train Loss: output=0.1140, reconstruction=5.0195
Epoch [178/400]
batch = 0 (Δ=0.334s, 100.00%)
Training throughput: 1 batches in 0.333s; word units 100.0% of 8 words (letters-only 100.0% of 8).
Train Loss: output=0.1928, reconstruction=2.1522
Epoch [179/400]
batch = 0 (Δ=0.417s, 100.00%)
Training throughput: 1 batches in 0.416s; word units 100.0% of 8 words (letters-only 100.0% of 8).
Train Loss: output=0.1694, reconstruction=2.1522
Epoch [180/400]
batch = 0 (Δ=0.335s, 100.00%)
Training throughput: 1 batches in 0.333s; word units 100.0% of 8 words (letters-only 100.0% of 8).
Train Loss: output=0.1107, reconstruction=5.0194
Epoch [181/400]
batch = 0 (Δ=0.330s, 100.00%)
Training throughput: 1 batches in 0.329s; word units 100.0% of 8 words (letters-only 100.0% of 8).
Train Loss: output=0.1173, reconstruction=5.0193
Epoch [182/400]
batch = 0 (Δ=0.335s, 100.00%)
Training throughput: 1 batches in 0.335s; word units 100.0% of 8 words (letters-only 100.0% of 8).
Train Loss: output=0.1099, reconstruction=5.0193
Epoch [183/400]
batch = 0 (Δ=0.337s, 100.00%)
Training throughput: 1 batches in 0.336s; word units 100.0% of 8 words (letters-only 100.0% of 8).
Train Loss: output=0.1229, reconstruction=5.0193
Epoch [184/400]
batch = 0 (Δ=0.341s, 100.00%)
Training throughput: 1 batches in 0.340s; word units 100.0% of 8 words (letters-only 100.0% of 8).
Train Loss: output=0.2128, reconstruction=0.4359
Epoch [185/400]
batch = 0 (Δ=0.337s, 100.00%)
Training throughput: 1 batches in 0.335s; word units 100.0% of 8 words (letters-only 100.0% of 8).
Train Loss: output=0.1440, reconstruction=2.1522
Epoch [186/400]
batch = 0 (Δ=0.332s, 100.00%)
Training throughput: 1 batches in 0.331s; word units 100.0% of 8 words (letters-only 100.0% of 8).
Train Loss: output=0.1109, reconstruction=5.0192
Epoch [187/400]
batch = 0 (Δ=0.337s, 100.00%)
Training throughput: 1 batches in 0.336s; word units 100.0% of 8 words (letters-only 100.0% of 8).
Train Loss: output=0.1572, reconstruction=5.0191
Epoch [188/400]
batch = 0 (Δ=0.336s, 100.00%)
Training throughput: 1 batches in 0.335s; word units 100.0% of 8 words (letters-only 100.0% of 8).
Train Loss: output=0.0982, reconstruction=2.1522
Epoch [189/400]
batch = 0 (Δ=0.332s, 100.00%)
Training throughput: 1 batches in 0.332s; word units 100.0% of 8 words (letters-only 100.0% of 8).
Train Loss: output=0.1585, reconstruction=5.0190
Epoch [190/400]
batch = 0 (Δ=0.339s, 100.00%)
Training throughput: 1 batches in 0.338s; word units 100.0% of 8 words (letters-only 100.0% of 8).
Train Loss: output=0.2631, reconstruction=3.3028
Epoch [191/400]
batch = 0 (Δ=0.334s, 100.00%)
Training throughput: 1 batches in 0.333s; word units 100.0% of 8 words (letters-only 100.0% of 8).
Train Loss: output=0.1180, reconstruction=5.0190
Epoch [192/400]
batch = 0 (Δ=0.415s, 100.00%)
Training throughput: 1 batches in 0.414s; word units 100.0% of 8 words (letters-only 100.0% of 8).
Train Loss: output=0.1130, reconstruction=5.0189
Epoch [193/400]
batch = 0 (Δ=0.335s, 100.00%)
Training throughput: 1 batches in 0.333s; word units 100.0% of 8 words (letters-only 100.0% of 8).
Train Loss: output=0.1149, reconstruction=5.0189
Epoch [194/400]
batch = 0 (Δ=0.339s, 100.00%)
Training throughput: 1 batches in 0.338s; word units 100.0% of 8 words (letters-only 100.0% of 8).
Train Loss: output=0.1161, reconstruction=5.0189
Epoch [195/400]
batch = 0 (Δ=0.331s, 100.00%)
Training throughput: 1 batches in 0.330s; word units 100.0% of 8 words (letters-only 100.0% of 8).
Train Loss: output=0.1135, reconstruction=5.0188
Epoch [196/400]
batch = 0 (Δ=0.342s, 100.00%)
Training throughput: 1 batches in 0.341s; word units 100.0% of 8 words (letters-only 100.0% of 8).
Train Loss: output=0.1071, reconstruction=5.0188
Epoch [197/400]
batch = 0 (Δ=0.332s, 100.00%)
Training throughput: 1 batches in 0.331s; word units 100.0% of 8 words (letters-only 100.0% of 8).
Train Loss: output=0.1059, reconstruction=5.0187
Epoch [198/400]
batch = 0 (Δ=0.332s, 100.00%)
Training throughput: 1 batches in 0.331s; word units 100.0% of 8 words (letters-only 100.0% of 8).
Train Loss: output=0.1060, reconstruction=5.0187
Epoch [199/400]
batch = 0 (Δ=0.333s, 100.00%)
Training throughput: 1 batches in 0.332s; word units 100.0% of 8 words (letters-only 100.0% of 8).
Train Loss: output=0.1054, reconstruction=5.0187
Epoch [200/400]
batch = 0 (Δ=0.333s, 100.00%)
Training throughput: 1 batches in 0.333s; word units 100.0% of 8 words (letters-only 100.0% of 8).
Train Loss: output=0.1048, reconstruction=5.0186
Epoch [201/400]
batch = 0 (Δ=0.333s, 100.00%)
Training throughput: 1 batches in 0.332s; word units 100.0% of 8 words (letters-only 100.0% of 8).
Train Loss: output=0.1048, reconstruction=5.0186
Epoch [202/400]
batch = 0 (Δ=0.341s, 100.00%)
Training throughput: 1 batches in 0.340s; word units 100.0% of 8 words (letters-only 100.0% of 8).
Train Loss: output=0.0957, reconstruction=2.1523
Epoch [203/400]
batch = 0 (Δ=0.338s, 100.00%)
Training throughput: 1 batches in 0.337s; word units 100.0% of 8 words (letters-only 100.0% of 8).
Train Loss: output=0.0885, reconstruction=2.1523
Epoch [204/400]
batch = 0 (Δ=0.337s, 100.00%)
Training throughput: 1 batches in 0.336s; word units 100.0% of 8 words (letters-only 100.0% of 8).
Train Loss: output=0.2697, reconstruction=3.3026
Epoch [205/400]
batch = 0 (Δ=0.423s, 100.00%)
Training throughput: 1 batches in 0.421s; word units 100.0% of 8 words (letters-only 100.0% of 8).
Train Loss: output=0.2493, reconstruction=3.3026
Epoch [206/400]
batch = 0 (Δ=0.336s, 100.00%)
Training throughput: 1 batches in 0.335s; word units 100.0% of 8 words (letters-only 100.0% of 8).
Train Loss: output=0.1044, reconstruction=5.0184
Epoch [207/400]
batch = 0 (Δ=0.337s, 100.00%)
Training throughput: 1 batches in 0.335s; word units 100.0% of 8 words (letters-only 100.0% of 8).
Train Loss: output=0.1135, reconstruction=5.0184
Epoch [208/400]
batch = 0 (Δ=0.338s, 100.00%)
Training throughput: 1 batches in 0.337s; word units 100.0% of 8 words (letters-only 100.0% of 8).
Train Loss: output=0.1826, reconstruction=3.3025
Epoch [209/400]
batch = 0 (Δ=0.339s, 100.00%)
Training throughput: 1 batches in 0.338s; word units 100.0% of 8 words (letters-only 100.0% of 8).
Train Loss: output=0.1652, reconstruction=3.3025
Epoch [210/400]
batch = 0 (Δ=0.333s, 100.00%)
Training throughput: 1 batches in 0.332s; word units 100.0% of 8 words (letters-only 100.0% of 8).
Train Loss: output=0.1040, reconstruction=5.0183
Epoch [211/400]
batch = 0 (Δ=0.342s, 100.00%)
Training throughput: 1 batches in 0.341s; word units 100.0% of 8 words (letters-only 100.0% of 8).
Train Loss: output=0.1860, reconstruction=2.1523
Epoch [212/400]
batch = 0 (Δ=0.338s, 100.00%)
Training throughput: 1 batches in 0.337s; word units 100.0% of 8 words (letters-only 100.0% of 8).
Train Loss: output=0.1149, reconstruction=5.0182
Epoch [213/400]
batch = 0 (Δ=0.340s, 100.00%)
Training throughput: 1 batches in 0.338s; word units 100.0% of 8 words (letters-only 100.0% of 8).
Train Loss: output=0.1712, reconstruction=2.1523
Epoch [214/400]
batch = 0 (Δ=0.334s, 100.00%)
Training throughput: 1 batches in 0.334s; word units 100.0% of 8 words (letters-only 100.0% of 8).
Train Loss: output=0.1043, reconstruction=5.0182
Epoch [215/400]
batch = 0 (Δ=0.339s, 100.00%)
Training throughput: 1 batches in 0.338s; word units 100.0% of 8 words (letters-only 100.0% of 8).
Train Loss: output=0.1252, reconstruction=2.1523
Epoch [216/400]
batch = 0 (Δ=0.340s, 100.00%)
Training throughput: 1 batches in 0.339s; word units 100.0% of 8 words (letters-only 100.0% of 8).
Train Loss: output=0.1049, reconstruction=5.0181
Epoch [217/400]
batch = 0 (Δ=0.333s, 100.00%)
Training throughput: 1 batches in 0.332s; word units 100.0% of 8 words (letters-only 100.0% of 8).
Train Loss: output=0.1065, reconstruction=5.0181
Epoch [218/400]
batch = 0 (Δ=0.426s, 100.00%)
Training throughput: 1 batches in 0.425s; word units 100.0% of 8 words (letters-only 100.0% of 8).
Train Loss: output=0.0839, reconstruction=2.1523
Epoch [219/400]
batch = 0 (Δ=0.340s, 100.00%)
Training throughput: 1 batches in 0.339s; word units 100.0% of 8 words (letters-only 100.0% of 8).
Train Loss: output=0.1067, reconstruction=5.0180
Epoch [220/400]
batch = 0 (Δ=0.332s, 100.00%)
Training throughput: 1 batches in 0.331s; word units 100.0% of 8 words (letters-only 100.0% of 8).
Train Loss: output=0.0994, reconstruction=5.0180
Epoch [221/400]
batch = 0 (Δ=0.340s, 100.00%)
Training throughput: 1 batches in 0.339s; word units 100.0% of 8 words (letters-only 100.0% of 8).
Train Loss: output=0.1002, reconstruction=5.0179
Epoch [222/400]
batch = 0 (Δ=0.333s, 100.00%)
Training throughput: 1 batches in 0.332s; word units 100.0% of 8 words (letters-only 100.0% of 8).
Train Loss: output=0.1041, reconstruction=5.0179
Epoch [223/400]
batch = 0 (Δ=0.333s, 100.00%)
Training throughput: 1 batches in 0.332s; word units 100.0% of 8 words (letters-only 100.0% of 8).
Train Loss: output=0.0985, reconstruction=5.0179
Epoch [224/400]
batch = 0 (Δ=0.337s, 100.00%)
Training throughput: 1 batches in 0.336s; word units 100.0% of 8 words (letters-only 100.0% of 8).
Train Loss: output=0.0697, reconstruction=2.1523
Epoch [225/400]
batch = 0 (Δ=0.335s, 100.00%)
Training throughput: 1 batches in 0.334s; word units 100.0% of 8 words (letters-only 100.0% of 8).
Train Loss: output=0.1007, reconstruction=5.0178
Epoch [226/400]
batch = 0 (Δ=0.338s, 100.00%)
Training throughput: 1 batches in 0.337s; word units 100.0% of 8 words (letters-only 100.0% of 8).
Train Loss: output=0.1094, reconstruction=5.0178
Epoch [227/400]
batch = 0 (Δ=0.334s, 100.00%)
Training throughput: 1 batches in 0.333s; word units 100.0% of 8 words (letters-only 100.0% of 8).
Train Loss: output=0.0974, reconstruction=5.0178
Epoch [228/400]
batch = 0 (Δ=0.338s, 100.00%)
Training throughput: 1 batches in 0.337s; word units 100.0% of 8 words (letters-only 100.0% of 8).
Train Loss: output=0.1097, reconstruction=5.0177
Epoch [229/400]
batch = 0 (Δ=0.340s, 100.00%)
Training throughput: 1 batches in 0.339s; word units 100.0% of 8 words (letters-only 100.0% of 8).
Train Loss: output=0.3443, reconstruction=3.3023
Epoch [230/400]
batch = 0 (Δ=0.333s, 100.00%)
Training throughput: 1 batches in 0.332s; word units 100.0% of 8 words (letters-only 100.0% of 8).
Train Loss: output=0.0990, reconstruction=5.0177
Epoch [231/400]
batch = 0 (Δ=0.340s, 100.00%)
Training throughput: 1 batches in 0.339s; word units 100.0% of 8 words (letters-only 100.0% of 8).
Train Loss: output=0.0848, reconstruction=2.1523
Epoch [232/400]
batch = 0 (Δ=0.427s, 100.00%)
Training throughput: 1 batches in 0.426s; word units 100.0% of 8 words (letters-only 100.0% of 8).
Train Loss: output=0.0965, reconstruction=5.0176
Epoch [233/400]
batch = 0 (Δ=0.341s, 100.00%)
Training throughput: 1 batches in 0.340s; word units 100.0% of 8 words (letters-only 100.0% of 8).
Train Loss: output=0.2305, reconstruction=3.3022
Epoch [234/400]
batch = 0 (Δ=0.342s, 100.00%)
Training throughput: 1 batches in 0.340s; word units 100.0% of 8 words (letters-only 100.0% of 8).
Train Loss: output=0.1106, reconstruction=2.1523
Epoch [235/400]
batch = 0 (Δ=0.335s, 100.00%)
Training throughput: 1 batches in 0.334s; word units 100.0% of 8 words (letters-only 100.0% of 8).
Train Loss: output=0.1061, reconstruction=5.0175
Epoch [236/400]
batch = 0 (Δ=0.338s, 100.00%)
Training throughput: 1 batches in 0.337s; word units 100.0% of 8 words (letters-only 100.0% of 8).
Train Loss: output=0.1053, reconstruction=5.0175
Epoch [237/400]
batch = 0 (Δ=0.342s, 100.00%)
Training throughput: 1 batches in 0.341s; word units 100.0% of 8 words (letters-only 100.0% of 8).
Train Loss: output=0.1018, reconstruction=5.0175
Epoch [238/400]
batch = 0 (Δ=0.342s, 100.00%)
Training throughput: 1 batches in 0.341s; word units 100.0% of 8 words (letters-only 100.0% of 8).
Train Loss: output=0.1055, reconstruction=2.1523
Epoch [239/400]
batch = 0 (Δ=0.334s, 100.00%)
Training throughput: 1 batches in 0.333s; word units 100.0% of 8 words (letters-only 100.0% of 8).
Train Loss: output=0.1032, reconstruction=5.0174
Epoch [240/400]
batch = 0 (Δ=0.344s, 100.00%)
Training throughput: 1 batches in 0.343s; word units 100.0% of 8 words (letters-only 100.0% of 8).
Train Loss: output=0.0886, reconstruction=2.1523
Epoch [241/400]
batch = 0 (Δ=0.343s, 100.00%)
Training throughput: 1 batches in 0.341s; word units 100.0% of 8 words (letters-only 100.0% of 8).
Train Loss: output=0.1011, reconstruction=5.0174
Epoch [242/400]
batch = 0 (Δ=0.342s, 100.00%)
Training throughput: 1 batches in 0.341s; word units 100.0% of 8 words (letters-only 100.0% of 8).
Train Loss: output=0.0939, reconstruction=5.0173
Epoch [243/400]
batch = 0 (Δ=0.340s, 100.00%)
Training throughput: 1 batches in 0.338s; word units 100.0% of 8 words (letters-only 100.0% of 8).
Train Loss: output=0.1053, reconstruction=5.0173
Epoch [244/400]
batch = 0 (Δ=0.338s, 100.00%)
Training throughput: 1 batches in 0.337s; word units 100.0% of 8 words (letters-only 100.0% of 8).
Train Loss: output=0.0929, reconstruction=5.0173
Epoch [245/400]
batch = 0 (Δ=0.430s, 100.00%)
Training throughput: 1 batches in 0.429s; word units 100.0% of 8 words (letters-only 100.0% of 8).
Train Loss: output=0.1072, reconstruction=5.0173
Epoch [246/400]
batch = 0 (Δ=0.341s, 100.00%)
Training throughput: 1 batches in 0.339s; word units 100.0% of 8 words (letters-only 100.0% of 8).
Train Loss: output=0.0685, reconstruction=2.1523
Epoch [247/400]
batch = 0 (Δ=0.345s, 100.00%)
Training throughput: 1 batches in 0.344s; word units 100.0% of 8 words (letters-only 100.0% of 8).
Train Loss: output=0.0728, reconstruction=2.1523
Epoch [248/400]
batch = 0 (Δ=0.343s, 100.00%)
Training throughput: 1 batches in 0.342s; word units 100.0% of 8 words (letters-only 100.0% of 8).
Train Loss: output=0.3332, reconstruction=3.3021
Epoch [249/400]
batch = 0 (Δ=0.343s, 100.00%)
Training throughput: 1 batches in 0.342s; word units 100.0% of 8 words (letters-only 100.0% of 8).
Train Loss: output=0.1045, reconstruction=5.0171
Epoch [250/400]
batch = 0 (Δ=0.340s, 100.00%)
Training throughput: 1 batches in 0.339s; word units 100.0% of 8 words (letters-only 100.0% of 8).
Train Loss: output=0.2804, reconstruction=3.3020
Epoch [251/400]
batch = 0 (Δ=0.345s, 100.00%)
Training throughput: 1 batches in 0.344s; word units 100.0% of 8 words (letters-only 100.0% of 8).
Train Loss: output=0.2041, reconstruction=0.4372
Epoch [252/400]
batch = 0 (Δ=0.340s, 100.00%)
Training throughput: 1 batches in 0.339s; word units 100.0% of 8 words (letters-only 100.0% of 8).
Train Loss: output=0.1701, reconstruction=2.1523
Epoch [253/400]
batch = 0 (Δ=0.346s, 100.00%)
Training throughput: 1 batches in 0.345s; word units 100.0% of 8 words (letters-only 100.0% of 8).
Train Loss: output=0.1673, reconstruction=2.1523
Epoch [254/400]
batch = 0 (Δ=0.345s, 100.00%)
Training throughput: 1 batches in 0.344s; word units 100.0% of 8 words (letters-only 100.0% of 8).
Train Loss: output=0.1914, reconstruction=3.3020
Epoch [255/400]
batch = 0 (Δ=0.337s, 100.00%)
Training throughput: 1 batches in 0.336s; word units 100.0% of 8 words (letters-only 100.0% of 8).
Train Loss: output=0.1891, reconstruction=5.0170
Epoch [256/400]
batch = 0 (Δ=0.335s, 100.00%)
Training throughput: 1 batches in 0.334s; word units 100.0% of 8 words (letters-only 100.0% of 8).
Train Loss: output=0.1438, reconstruction=3.3020
Epoch [257/400]
batch = 0 (Δ=0.334s, 100.00%)
Training throughput: 1 batches in 0.334s; word units 100.0% of 8 words (letters-only 100.0% of 8).
Train Loss: output=0.2201, reconstruction=2.1527
Epoch [258/400]
batch = 0 (Δ=0.417s, 100.00%)
Training throughput: 1 batches in 0.416s; word units 100.0% of 8 words (letters-only 100.0% of 8).
Train Loss: output=0.1401, reconstruction=2.1533
Epoch [259/400]
batch = 0 (Δ=0.339s, 100.00%)
Training throughput: 1 batches in 0.338s; word units 100.0% of 8 words (letters-only 100.0% of 8).
Train Loss: output=0.2063, reconstruction=3.2992
Epoch [260/400]
batch = 0 (Δ=0.329s, 100.00%)
Training throughput: 1 batches in 0.328s; word units 100.0% of 8 words (letters-only 100.0% of 8).
Train Loss: output=0.0960, reconstruction=5.0016
Epoch [261/400]
batch = 0 (Δ=0.333s, 100.00%)
Training throughput: 1 batches in 0.332s; word units 100.0% of 8 words (letters-only 100.0% of 8).
Train Loss: output=0.1802, reconstruction=4.9990
Epoch [262/400]
batch = 0 (Δ=0.329s, 100.00%)
Training throughput: 1 batches in 0.328s; word units 100.0% of 8 words (letters-only 100.0% of 8).
Train Loss: output=0.1059, reconstruction=4.9968
Epoch [263/400]
batch = 0 (Δ=0.334s, 100.00%)
Training throughput: 1 batches in 0.332s; word units 100.0% of 8 words (letters-only 100.0% of 8).
Train Loss: output=0.1951, reconstruction=3.3009
Epoch [264/400]
batch = 0 (Δ=0.338s, 100.00%)
Training throughput: 1 batches in 0.337s; word units 100.0% of 8 words (letters-only 100.0% of 8).
Train Loss: output=0.1382, reconstruction=2.1588
Epoch [265/400]
batch = 0 (Δ=0.328s, 100.00%)
Training throughput: 1 batches in 0.326s; word units 100.0% of 8 words (letters-only 100.0% of 8).
Train Loss: output=0.1607, reconstruction=4.9925
Epoch [266/400]
batch = 0 (Δ=0.339s, 100.00%)
Training throughput: 1 batches in 0.339s; word units 100.0% of 8 words (letters-only 100.0% of 8).
Train Loss: output=0.2113, reconstruction=3.3029
Epoch [267/400]
batch = 0 (Δ=0.335s, 100.00%)
Training throughput: 1 batches in 0.334s; word units 100.0% of 8 words (letters-only 100.0% of 8).
Train Loss: output=0.1271, reconstruction=4.9908
Epoch [268/400]
batch = 0 (Δ=0.337s, 100.00%)
Training throughput: 1 batches in 0.336s; word units 100.0% of 8 words (letters-only 100.0% of 8).
Train Loss: output=0.2963, reconstruction=4.9901
Epoch [269/400]
batch = 0 (Δ=0.338s, 100.00%)
Training throughput: 1 batches in 0.337s; word units 100.0% of 8 words (letters-only 100.0% of 8).
Train Loss: output=0.1191, reconstruction=2.1615
Epoch [270/400]
batch = 0 (Δ=0.335s, 100.00%)
Training throughput: 1 batches in 0.334s; word units 100.0% of 8 words (letters-only 100.0% of 8).
Train Loss: output=0.2924, reconstruction=2.1618
Epoch [271/400]
batch = 0 (Δ=0.334s, 100.00%)
Training throughput: 1 batches in 0.333s; word units 100.0% of 8 words (letters-only 100.0% of 8).
Train Loss: output=0.0908, reconstruction=4.9887
Epoch [272/400]
batch = 0 (Δ=0.422s, 100.00%)
Training throughput: 1 batches in 0.421s; word units 100.0% of 8 words (letters-only 100.0% of 8).
Train Loss: output=0.2723, reconstruction=4.9884
Epoch [273/400]
batch = 0 (Δ=0.332s, 100.00%)
Training throughput: 1 batches in 0.331s; word units 100.0% of 8 words (letters-only 100.0% of 8).
Train Loss: output=0.0960, reconstruction=4.9882
Epoch [274/400]
batch = 0 (Δ=0.328s, 100.00%)
Training throughput: 1 batches in 0.327s; word units 100.0% of 8 words (letters-only 100.0% of 8).
Train Loss: output=0.2479, reconstruction=4.9880
Epoch [275/400]
batch = 0 (Δ=0.335s, 100.00%)
Training throughput: 1 batches in 0.334s; word units 100.0% of 8 words (letters-only 100.0% of 8).
Train Loss: output=0.1102, reconstruction=4.9878
Epoch [276/400]
batch = 0 (Δ=0.334s, 100.00%)
Training throughput: 1 batches in 0.333s; word units 100.0% of 8 words (letters-only 100.0% of 8).
Train Loss: output=0.2172, reconstruction=2.1630
Epoch [277/400]
batch = 0 (Δ=0.333s, 100.00%)
Training throughput: 1 batches in 0.332s; word units 100.0% of 8 words (letters-only 100.0% of 8).
Train Loss: output=0.1400, reconstruction=4.9875
Epoch [278/400]
batch = 0 (Δ=0.333s, 100.00%)
Training throughput: 1 batches in 0.332s; word units 100.0% of 8 words (letters-only 100.0% of 8).
Train Loss: output=0.3048, reconstruction=3.3065
Epoch [279/400]
batch = 0 (Δ=0.337s, 100.00%)
Training throughput: 1 batches in 0.336s; word units 100.0% of 8 words (letters-only 100.0% of 8).
Train Loss: output=0.2806, reconstruction=3.3066
Epoch [280/400]
batch = 0 (Δ=0.337s, 100.00%)
Training throughput: 1 batches in 0.336s; word units 100.0% of 8 words (letters-only 100.0% of 8).
Train Loss: output=0.1275, reconstruction=4.9871
Epoch [281/400]
batch = 0 (Δ=0.334s, 100.00%)
Training throughput: 1 batches in 0.333s; word units 100.0% of 8 words (letters-only 100.0% of 8).
Train Loss: output=0.1713, reconstruction=3.3068
Epoch [282/400]
batch = 0 (Δ=0.335s, 100.00%)
Training throughput: 1 batches in 0.334s; word units 100.0% of 8 words (letters-only 100.0% of 8).
Train Loss: output=0.1182, reconstruction=4.9870
Epoch [283/400]
batch = 0 (Δ=0.335s, 100.00%)
Training throughput: 1 batches in 0.334s; word units 100.0% of 8 words (letters-only 100.0% of 8).
Train Loss: output=0.1150, reconstruction=4.9869
Epoch [284/400]
batch = 0 (Δ=0.343s, 100.00%)
Training throughput: 1 batches in 0.342s; word units 100.0% of 8 words (letters-only 100.0% of 8).
Train Loss: output=0.2124, reconstruction=2.1636
Epoch [285/400]
batch = 0 (Δ=0.331s, 100.00%)
Training throughput: 1 batches in 0.330s; word units 100.0% of 8 words (letters-only 100.0% of 8).
Train Loss: output=0.0921, reconstruction=4.9868
Epoch [286/400]
batch = 0 (Δ=0.338s, 100.00%)
Training throughput: 1 batches in 0.337s; word units 100.0% of 8 words (letters-only 100.0% of 8).
Train Loss: output=0.1767, reconstruction=3.3071
Epoch [287/400]
batch = 0 (Δ=0.426s, 100.00%)
Training throughput: 1 batches in 0.425s; word units 100.0% of 8 words (letters-only 100.0% of 8).
Train Loss: output=0.1995, reconstruction=0.4843
Epoch [288/400]
batch = 0 (Δ=0.335s, 100.00%)
Training throughput: 1 batches in 0.334s; word units 100.0% of 8 words (letters-only 100.0% of 8).
Train Loss: output=0.1779, reconstruction=4.9866
Epoch [289/400]
batch = 0 (Δ=0.336s, 100.00%)
Training throughput: 1 batches in 0.335s; word units 100.0% of 8 words (letters-only 100.0% of 8).
Train Loss: output=0.0935, reconstruction=4.9866
Epoch [290/400]
batch = 0 (Δ=0.340s, 100.00%)
Training throughput: 1 batches in 0.339s; word units 100.0% of 8 words (letters-only 100.0% of 8).
Train Loss: output=0.1316, reconstruction=4.9866
Epoch [291/400]
batch = 0 (Δ=0.330s, 100.00%)
Training throughput: 1 batches in 0.329s; word units 100.0% of 8 words (letters-only 100.0% of 8).
Train Loss: output=0.1054, reconstruction=4.9865
Epoch [292/400]
batch = 0 (Δ=0.336s, 100.00%)
Training throughput: 1 batches in 0.335s; word units 100.0% of 8 words (letters-only 100.0% of 8).
Train Loss: output=0.2222, reconstruction=0.4848
Epoch [293/400]
batch = 0 (Δ=0.338s, 100.00%)
Training throughput: 1 batches in 0.337s; word units 100.0% of 8 words (letters-only 100.0% of 8).
Train Loss: output=0.1766, reconstruction=2.1640
Epoch [294/400]
batch = 0 (Δ=0.331s, 100.00%)
Training throughput: 1 batches in 0.330s; word units 100.0% of 8 words (letters-only 100.0% of 8).
Train Loss: output=0.1014, reconstruction=4.9864
Epoch [295/400]
batch = 0 (Δ=0.337s, 100.00%)
Training throughput: 1 batches in 0.336s; word units 100.0% of 8 words (letters-only 100.0% of 8).
Train Loss: output=0.1855, reconstruction=3.3075
Epoch [296/400]
batch = 0 (Δ=0.332s, 100.00%)
Training throughput: 1 batches in 0.331s; word units 100.0% of 8 words (letters-only 100.0% of 8).
Train Loss: output=0.0982, reconstruction=4.9864
Epoch [297/400]
batch = 0 (Δ=0.332s, 100.00%)
Training throughput: 1 batches in 0.331s; word units 100.0% of 8 words (letters-only 100.0% of 8).
Train Loss: output=0.1122, reconstruction=4.9864
Epoch [298/400]
batch = 0 (Δ=0.342s, 100.00%)
Training throughput: 1 batches in 0.341s; word units 100.0% of 8 words (letters-only 100.0% of 8).
Train Loss: output=0.1327, reconstruction=2.1641
Epoch [299/400]
batch = 0 (Δ=0.335s, 100.00%)
Training throughput: 1 batches in 0.334s; word units 100.0% of 8 words (letters-only 100.0% of 8).
Train Loss: output=0.1448, reconstruction=2.1641
Epoch [300/400]
batch = 0 (Δ=0.338s, 100.00%)
Training throughput: 1 batches in 0.337s; word units 100.0% of 8 words (letters-only 100.0% of 8).
Train Loss: output=0.0972, reconstruction=4.9863
Epoch [301/400]
batch = 0 (Δ=0.423s, 100.00%)
Training throughput: 1 batches in 0.422s; word units 100.0% of 8 words (letters-only 100.0% of 8).
Train Loss: output=0.1213, reconstruction=4.9863
Epoch [302/400]
batch = 0 (Δ=0.330s, 100.00%)
Training throughput: 1 batches in 0.329s; word units 100.0% of 8 words (letters-only 100.0% of 8).
Train Loss: output=0.0886, reconstruction=4.9863
Epoch [303/400]
batch = 0 (Δ=0.330s, 100.00%)
Training throughput: 1 batches in 0.329s; word units 100.0% of 8 words (letters-only 100.0% of 8).
Train Loss: output=0.1213, reconstruction=4.9862
Epoch [304/400]
batch = 0 (Δ=0.332s, 100.00%)
Training throughput: 1 batches in 0.331s; word units 100.0% of 8 words (letters-only 100.0% of 8).
Train Loss: output=0.2517, reconstruction=3.3077
Epoch [305/400]
batch = 0 (Δ=0.338s, 100.00%)
Training throughput: 1 batches in 0.337s; word units 100.0% of 8 words (letters-only 100.0% of 8).
Train Loss: output=0.1443, reconstruction=4.9862
Epoch [306/400]
batch = 0 (Δ=0.335s, 100.00%)
Training throughput: 1 batches in 0.334s; word units 100.0% of 8 words (letters-only 100.0% of 8).
Train Loss: output=0.1063, reconstruction=4.9862
Epoch [307/400]
batch = 0 (Δ=0.337s, 100.00%)
Training throughput: 1 batches in 0.336s; word units 100.0% of 8 words (letters-only 100.0% of 8).
Train Loss: output=0.1345, reconstruction=4.9862
Epoch [308/400]
batch = 0 (Δ=0.330s, 100.00%)
Training throughput: 1 batches in 0.329s; word units 100.0% of 8 words (letters-only 100.0% of 8).
Train Loss: output=0.1157, reconstruction=4.9862
Epoch [309/400]
batch = 0 (Δ=0.329s, 100.00%)
Training throughput: 1 batches in 0.328s; word units 100.0% of 8 words (letters-only 100.0% of 8).
Train Loss: output=0.1202, reconstruction=4.9861
Epoch [310/400]
batch = 0 (Δ=0.337s, 100.00%)
Training throughput: 1 batches in 0.336s; word units 100.0% of 8 words (letters-only 100.0% of 8).
Train Loss: output=0.1464, reconstruction=2.1642
Epoch [311/400]
batch = 0 (Δ=0.336s, 100.00%)
Training throughput: 1 batches in 0.335s; word units 100.0% of 8 words (letters-only 100.0% of 8).
Train Loss: output=0.1324, reconstruction=4.9861
Epoch [312/400]
batch = 0 (Δ=0.338s, 100.00%)
Training throughput: 1 batches in 0.337s; word units 100.0% of 8 words (letters-only 100.0% of 8).
Train Loss: output=0.1222, reconstruction=4.9861
Epoch [313/400]
batch = 0 (Δ=0.336s, 100.00%)
Training throughput: 1 batches in 0.335s; word units 100.0% of 8 words (letters-only 100.0% of 8).
Train Loss: output=0.1223, reconstruction=2.1643
Epoch [314/400]
batch = 0 (Δ=0.423s, 100.00%)
Training throughput: 1 batches in 0.422s; word units 100.0% of 8 words (letters-only 100.0% of 8).
Train Loss: output=0.3262, reconstruction=3.3079
Epoch [315/400]
batch = 0 (Δ=0.336s, 100.00%)
Training throughput: 1 batches in 0.335s; word units 100.0% of 8 words (letters-only 100.0% of 8).
Train Loss: output=0.0988, reconstruction=2.1643
Epoch [316/400]
batch = 0 (Δ=0.334s, 100.00%)
Training throughput: 1 batches in 0.333s; word units 100.0% of 8 words (letters-only 100.0% of 8).
Train Loss: output=0.1339, reconstruction=4.9860
Epoch [317/400]
batch = 0 (Δ=0.339s, 100.00%)
Training throughput: 1 batches in 0.337s; word units 100.0% of 8 words (letters-only 100.0% of 8).
Train Loss: output=0.0808, reconstruction=2.1643
Epoch [318/400]
batch = 0 (Δ=0.337s, 100.00%)
Training throughput: 1 batches in 0.336s; word units 100.0% of 8 words (letters-only 100.0% of 8).
Train Loss: output=0.1307, reconstruction=4.9860
Epoch [319/400]
batch = 0 (Δ=0.336s, 100.00%)
Training throughput: 1 batches in 0.335s; word units 100.0% of 8 words (letters-only 100.0% of 8).
Train Loss: output=0.2645, reconstruction=3.3079
Epoch [320/400]
batch = 0 (Δ=0.333s, 100.00%)
Training throughput: 1 batches in 0.333s; word units 100.0% of 8 words (letters-only 100.0% of 8).
Train Loss: output=0.1947, reconstruction=4.9860
Epoch [321/400]
batch = 0 (Δ=0.336s, 100.00%)
Training throughput: 1 batches in 0.335s; word units 100.0% of 8 words (letters-only 100.0% of 8).
Train Loss: output=0.2190, reconstruction=3.3080
Epoch [322/400]
batch = 0 (Δ=0.333s, 100.00%)
Training throughput: 1 batches in 0.332s; word units 100.0% of 8 words (letters-only 100.0% of 8).
Train Loss: output=0.1273, reconstruction=4.9860
Epoch [323/400]
batch = 0 (Δ=0.332s, 100.00%)
Training throughput: 1 batches in 0.331s; word units 100.0% of 8 words (letters-only 100.0% of 8).
Train Loss: output=0.0846, reconstruction=4.9860
Epoch [324/400]
batch = 0 (Δ=0.333s, 100.00%)
Training throughput: 1 batches in 0.332s; word units 100.0% of 8 words (letters-only 100.0% of 8).
Train Loss: output=0.1224, reconstruction=4.9860
Epoch [325/400]
batch = 0 (Δ=0.337s, 100.00%)
Training throughput: 1 batches in 0.336s; word units 100.0% of 8 words (letters-only 100.0% of 8).
Train Loss: output=0.0968, reconstruction=4.9860
Epoch [326/400]
batch = 0 (Δ=0.335s, 100.00%)
Training throughput: 1 batches in 0.334s; word units 100.0% of 8 words (letters-only 100.0% of 8).
Train Loss: output=0.2712, reconstruction=0.4864
Epoch [327/400]
batch = 0 (Δ=0.341s, 100.00%)
Training throughput: 1 batches in 0.340s; word units 100.0% of 8 words (letters-only 100.0% of 8).
Train Loss: output=0.1609, reconstruction=2.1644
Epoch [328/400]
batch = 0 (Δ=0.336s, 100.00%)
Training throughput: 1 batches in 0.335s; word units 100.0% of 8 words (letters-only 100.0% of 8).
Train Loss: output=0.1044, reconstruction=4.9859
Epoch [329/400]
batch = 0 (Δ=0.420s, 100.00%)
Training throughput: 1 batches in 0.419s; word units 100.0% of 8 words (letters-only 100.0% of 8).
Train Loss: output=0.1328, reconstruction=4.9859
Epoch [330/400]
batch = 0 (Δ=0.334s, 100.00%)
Training throughput: 1 batches in 0.333s; word units 100.0% of 8 words (letters-only 100.0% of 8).
Train Loss: output=0.1853, reconstruction=2.1644
Epoch [331/400]
batch = 0 (Δ=0.336s, 100.00%)
Training throughput: 1 batches in 0.335s; word units 100.0% of 8 words (letters-only 100.0% of 8).
Train Loss: output=0.1462, reconstruction=2.1644
Epoch [332/400]
batch = 0 (Δ=0.333s, 100.00%)
Training throughput: 1 batches in 0.332s; word units 100.0% of 8 words (letters-only 100.0% of 8).
Train Loss: output=0.0888, reconstruction=4.9859
Epoch [333/400]
batch = 0 (Δ=0.337s, 100.00%)
Training throughput: 1 batches in 0.336s; word units 100.0% of 8 words (letters-only 100.0% of 8).
Train Loss: output=0.2707, reconstruction=3.3081
Epoch [334/400]
batch = 0 (Δ=0.335s, 100.00%)
Training throughput: 1 batches in 0.333s; word units 100.0% of 8 words (letters-only 100.0% of 8).
Train Loss: output=0.0828, reconstruction=4.9859
Epoch [335/400]
batch = 0 (Δ=0.337s, 100.00%)
Training throughput: 1 batches in 0.336s; word units 100.0% of 8 words (letters-only 100.0% of 8).
Train Loss: output=0.0897, reconstruction=4.9859
Epoch [336/400]
batch = 0 (Δ=0.334s, 100.00%)
Training throughput: 1 batches in 0.333s; word units 100.0% of 8 words (letters-only 100.0% of 8).
Train Loss: output=0.0892, reconstruction=4.9859
Epoch [337/400]
batch = 0 (Δ=0.341s, 100.00%)
Training throughput: 1 batches in 0.340s; word units 100.0% of 8 words (letters-only 100.0% of 8).
Train Loss: output=0.0937, reconstruction=4.9859
Epoch [338/400]
batch = 0 (Δ=0.338s, 100.00%)
Training throughput: 1 batches in 0.337s; word units 100.0% of 8 words (letters-only 100.0% of 8).
Train Loss: output=0.0826, reconstruction=4.9859
Epoch [339/400]
batch = 0 (Δ=0.337s, 100.00%)
Training throughput: 1 batches in 0.336s; word units 100.0% of 8 words (letters-only 100.0% of 8).
Train Loss: output=0.0835, reconstruction=4.9859
Epoch [340/400]
batch = 0 (Δ=0.331s, 100.00%)
Training throughput: 1 batches in 0.330s; word units 100.0% of 8 words (letters-only 100.0% of 8).
Train Loss: output=0.0829, reconstruction=4.9859
Epoch [341/400]
batch = 0 (Δ=0.337s, 100.00%)
Training throughput: 1 batches in 0.337s; word units 100.0% of 8 words (letters-only 100.0% of 8).
Train Loss: output=0.0832, reconstruction=4.9859
Epoch [342/400]
batch = 0 (Δ=0.338s, 100.00%)
Training throughput: 1 batches in 0.337s; word units 100.0% of 8 words (letters-only 100.0% of 8).
Train Loss: output=0.0789, reconstruction=2.1645
Epoch [343/400]
batch = 0 (Δ=0.419s, 100.00%)
Training throughput: 1 batches in 0.419s; word units 100.0% of 8 words (letters-only 100.0% of 8).
Train Loss: output=0.0826, reconstruction=4.9859
Epoch [344/400]
batch = 0 (Δ=0.338s, 100.00%)
Training throughput: 1 batches in 0.337s; word units 100.0% of 8 words (letters-only 100.0% of 8).
Train Loss: output=0.0810, reconstruction=4.9858
Epoch [345/400]
batch = 0 (Δ=0.338s, 100.00%)
Training throughput: 1 batches in 0.337s; word units 100.0% of 8 words (letters-only 100.0% of 8).
Train Loss: output=0.0686, reconstruction=2.1645
Epoch [346/400]
batch = 0 (Δ=0.337s, 100.00%)
Training throughput: 1 batches in 0.336s; word units 100.0% of 8 words (letters-only 100.0% of 8).
Train Loss: output=0.0612, reconstruction=2.1645
Epoch [347/400]
batch = 0 (Δ=0.335s, 100.00%)
Training throughput: 1 batches in 0.333s; word units 100.0% of 8 words (letters-only 100.0% of 8).
Train Loss: output=0.0809, reconstruction=4.9858
Epoch [348/400]
batch = 0 (Δ=0.340s, 100.00%)
Training throughput: 1 batches in 0.339s; word units 100.0% of 8 words (letters-only 100.0% of 8).
Train Loss: output=0.0908, reconstruction=4.9858
Epoch [349/400]
batch = 0 (Δ=0.340s, 100.00%)
Training throughput: 1 batches in 0.339s; word units 100.0% of 8 words (letters-only 100.0% of 8).
Train Loss: output=0.0830, reconstruction=4.9858
Epoch [350/400]
batch = 0 (Δ=0.339s, 100.00%)
Training throughput: 1 batches in 0.339s; word units 100.0% of 8 words (letters-only 100.0% of 8).
Train Loss: output=0.0804, reconstruction=4.9858
Epoch [351/400]
batch = 0 (Δ=0.338s, 100.00%)
Training throughput: 1 batches in 0.337s; word units 100.0% of 8 words (letters-only 100.0% of 8).
Train Loss: output=0.0846, reconstruction=4.9858
Epoch [352/400]
batch = 0 (Δ=0.340s, 100.00%)
Training throughput: 1 batches in 0.339s; word units 100.0% of 8 words (letters-only 100.0% of 8).
Train Loss: output=0.0786, reconstruction=4.9858
Epoch [353/400]
batch = 0 (Δ=0.335s, 100.00%)
Training throughput: 1 batches in 0.334s; word units 100.0% of 8 words (letters-only 100.0% of 8).
Train Loss: output=0.3582, reconstruction=3.3082
Epoch [354/400]
batch = 0 (Δ=0.334s, 100.00%)
Training throughput: 1 batches in 0.333s; word units 100.0% of 8 words (letters-only 100.0% of 8).
Train Loss: output=0.0951, reconstruction=2.1645
Epoch [355/400]
batch = 0 (Δ=0.339s, 100.00%)
Training throughput: 1 batches in 0.338s; word units 100.0% of 8 words (letters-only 100.0% of 8).
Train Loss: output=0.0661, reconstruction=2.1645
Epoch [356/400]
batch = 0 (Δ=0.336s, 100.00%)
Training throughput: 1 batches in 0.335s; word units 100.0% of 8 words (letters-only 100.0% of 8).
Train Loss: output=0.3501, reconstruction=0.4870
Epoch [357/400]
batch = 0 (Δ=0.416s, 100.00%)
Training throughput: 1 batches in 0.415s; word units 100.0% of 8 words (letters-only 100.0% of 8).
Train Loss: output=0.1112, reconstruction=4.9858
Epoch [358/400]
batch = 0 (Δ=0.337s, 100.00%)
Training throughput: 1 batches in 0.336s; word units 100.0% of 8 words (letters-only 100.0% of 8).
Train Loss: output=0.0950, reconstruction=4.9858
Epoch [359/400]
batch = 0 (Δ=0.333s, 100.00%)
Training throughput: 1 batches in 0.332s; word units 100.0% of 8 words (letters-only 100.0% of 8).
Train Loss: output=0.1312, reconstruction=4.9858
Epoch [360/400]
batch = 0 (Δ=0.335s, 100.00%)
Training throughput: 1 batches in 0.334s; word units 100.0% of 8 words (letters-only 100.0% of 8).
Train Loss: output=0.0926, reconstruction=4.9858
Epoch [361/400]
batch = 0 (Δ=0.338s, 100.00%)
Training throughput: 1 batches in 0.337s; word units 100.0% of 8 words (letters-only 100.0% of 8).
Train Loss: output=0.1269, reconstruction=2.1646
Epoch [362/400]
batch = 0 (Δ=0.337s, 100.00%)
Training throughput: 1 batches in 0.336s; word units 100.0% of 8 words (letters-only 100.0% of 8).
Train Loss: output=0.2240, reconstruction=3.3083
Epoch [363/400]
batch = 0 (Δ=0.339s, 100.00%)
Training throughput: 1 batches in 0.338s; word units 100.0% of 8 words (letters-only 100.0% of 8).
Train Loss: output=0.0851, reconstruction=2.1646
Epoch [364/400]
batch = 0 (Δ=0.329s, 100.00%)
Training throughput: 1 batches in 0.328s; word units 100.0% of 8 words (letters-only 100.0% of 8).
Train Loss: output=0.0845, reconstruction=4.9858
Epoch [365/400]
batch = 0 (Δ=0.338s, 100.00%)
Training throughput: 1 batches in 0.337s; word units 100.0% of 8 words (letters-only 100.0% of 8).
Train Loss: output=0.0853, reconstruction=4.9858
Epoch [366/400]
batch = 0 (Δ=0.332s, 100.00%)
Training throughput: 1 batches in 0.331s; word units 100.0% of 8 words (letters-only 100.0% of 8).
Train Loss: output=0.0795, reconstruction=4.9858
Epoch [367/400]
batch = 0 (Δ=0.336s, 100.00%)
Training throughput: 1 batches in 0.335s; word units 100.0% of 8 words (letters-only 100.0% of 8).
Train Loss: output=0.0875, reconstruction=4.9858
Epoch [368/400]
batch = 0 (Δ=0.341s, 100.00%)
Training throughput: 1 batches in 0.340s; word units 100.0% of 8 words (letters-only 100.0% of 8).
Train Loss: output=0.0785, reconstruction=4.9857
Epoch [369/400]
batch = 0 (Δ=0.331s, 100.00%)
Training throughput: 1 batches in 0.330s; word units 100.0% of 8 words (letters-only 100.0% of 8).
Train Loss: output=0.0864, reconstruction=4.9857
Epoch [370/400]
batch = 0 (Δ=0.337s, 100.00%)
Training throughput: 1 batches in 0.336s; word units 100.0% of 8 words (letters-only 100.0% of 8).
Train Loss: output=0.0695, reconstruction=2.1646
Epoch [371/400]
batch = 0 (Δ=0.423s, 100.00%)
Training throughput: 1 batches in 0.422s; word units 100.0% of 8 words (letters-only 100.0% of 8).
Train Loss: output=0.0885, reconstruction=4.9857
Epoch [372/400]
batch = 0 (Δ=0.330s, 100.00%)
Training throughput: 1 batches in 0.329s; word units 100.0% of 8 words (letters-only 100.0% of 8).
Train Loss: output=0.0774, reconstruction=4.9857
Epoch [373/400]
batch = 0 (Δ=0.332s, 100.00%)
Training throughput: 1 batches in 0.331s; word units 100.0% of 8 words (letters-only 100.0% of 8).
Train Loss: output=0.0893, reconstruction=4.9857
Epoch [374/400]
batch = 0 (Δ=0.335s, 100.00%)
Training throughput: 1 batches in 0.333s; word units 100.0% of 8 words (letters-only 100.0% of 8).
Train Loss: output=0.0762, reconstruction=4.9857
Epoch [375/400]
batch = 0 (Δ=0.331s, 100.00%)
Training throughput: 1 batches in 0.330s; word units 100.0% of 8 words (letters-only 100.0% of 8).
Train Loss: output=0.1154, reconstruction=4.9857
Epoch [376/400]
batch = 0 (Δ=0.339s, 100.00%)
Training throughput: 1 batches in 0.337s; word units 100.0% of 8 words (letters-only 100.0% of 8).
Train Loss: output=0.2916, reconstruction=3.3083
Epoch [377/400]
batch = 0 (Δ=0.336s, 100.00%)
Training throughput: 1 batches in 0.335s; word units 100.0% of 8 words (letters-only 100.0% of 8).
Train Loss: output=0.1955, reconstruction=4.9857
Epoch [378/400]
batch = 0 (Δ=0.330s, 100.00%)
Training throughput: 1 batches in 0.329s; word units 100.0% of 8 words (letters-only 100.0% of 8).
Train Loss: output=0.1085, reconstruction=4.9857
Epoch [379/400]
batch = 0 (Δ=0.337s, 100.00%)
Training throughput: 1 batches in 0.336s; word units 100.0% of 8 words (letters-only 100.0% of 8).
Train Loss: output=0.1721, reconstruction=4.9857
Epoch [380/400]
batch = 0 (Δ=0.336s, 100.00%)
Training throughput: 1 batches in 0.335s; word units 100.0% of 8 words (letters-only 100.0% of 8).
Train Loss: output=0.2269, reconstruction=3.3083
Epoch [381/400]
batch = 0 (Δ=0.340s, 100.00%)
Training throughput: 1 batches in 0.339s; word units 100.0% of 8 words (letters-only 100.0% of 8).
Train Loss: output=0.2455, reconstruction=2.1646
Epoch [382/400]
batch = 0 (Δ=0.335s, 100.00%)
Training throughput: 1 batches in 0.334s; word units 100.0% of 8 words (letters-only 100.0% of 8).
Train Loss: output=0.1682, reconstruction=4.9857
Epoch [383/400]
batch = 0 (Δ=0.330s, 100.00%)
Training throughput: 1 batches in 0.329s; word units 100.0% of 8 words (letters-only 100.0% of 8).
Train Loss: output=0.1813, reconstruction=4.9857
Epoch [384/400]
batch = 0 (Δ=0.339s, 100.00%)
Training throughput: 1 batches in 0.339s; word units 100.0% of 8 words (letters-only 100.0% of 8).
Train Loss: output=0.2547, reconstruction=3.3084
Epoch [385/400]
batch = 0 (Δ=0.424s, 100.00%)
Training throughput: 1 batches in 0.422s; word units 100.0% of 8 words (letters-only 100.0% of 8).
Train Loss: output=0.2538, reconstruction=3.3083
Epoch [386/400]
batch = 0 (Δ=0.328s, 100.00%)
Training throughput: 1 batches in 0.328s; word units 100.0% of 8 words (letters-only 100.0% of 8).
Train Loss: output=0.1792, reconstruction=4.9857
Epoch [387/400]
batch = 0 (Δ=0.339s, 100.00%)
Training throughput: 1 batches in 0.337s; word units 100.0% of 8 words (letters-only 100.0% of 8).
Train Loss: output=0.2090, reconstruction=4.9857
Epoch [388/400]
batch = 0 (Δ=0.336s, 100.00%)
Training throughput: 1 batches in 0.335s; word units 100.0% of 8 words (letters-only 100.0% of 8).
Train Loss: output=0.2314, reconstruction=2.1646
Epoch [389/400]
batch = 0 (Δ=0.335s, 100.00%)
Training throughput: 1 batches in 0.334s; word units 100.0% of 8 words (letters-only 100.0% of 8).
Train Loss: output=0.0979, reconstruction=4.9857
Epoch [390/400]
batch = 0 (Δ=0.337s, 100.00%)
Training throughput: 1 batches in 0.336s; word units 100.0% of 8 words (letters-only 100.0% of 8).
Train Loss: output=0.2872, reconstruction=4.9857
Epoch [391/400]
batch = 0 (Δ=0.335s, 100.00%)
Training throughput: 1 batches in 0.334s; word units 100.0% of 8 words (letters-only 100.0% of 8).
Train Loss: output=0.2890, reconstruction=0.4873
Epoch [392/400]
batch = 0 (Δ=0.336s, 100.00%)
Training throughput: 1 batches in 0.335s; word units 100.0% of 8 words (letters-only 100.0% of 8).
Train Loss: output=0.2473, reconstruction=3.3084
Epoch [393/400]
batch = 0 (Δ=0.335s, 100.00%)
Training throughput: 1 batches in 0.334s; word units 100.0% of 8 words (letters-only 100.0% of 8).
Train Loss: output=0.1503, reconstruction=4.9857
Epoch [394/400]
batch = 0 (Δ=0.336s, 100.00%)
Training throughput: 1 batches in 0.335s; word units 100.0% of 8 words (letters-only 100.0% of 8).
Train Loss: output=0.2830, reconstruction=2.1646
Epoch [395/400]
batch = 0 (Δ=0.338s, 100.00%)
Training throughput: 1 batches in 0.337s; word units 100.0% of 8 words (letters-only 100.0% of 8).
Train Loss: output=0.1948, reconstruction=2.1646
Epoch [396/400]
batch = 0 (Δ=0.340s, 100.00%)
Training throughput: 1 batches in 0.339s; word units 100.0% of 8 words (letters-only 100.0% of 8).
Train Loss: output=0.1677, reconstruction=4.9857
Epoch [397/400]
batch = 0 (Δ=0.338s, 100.00%)
Training throughput: 1 batches in 0.337s; word units 100.0% of 8 words (letters-only 100.0% of 8).
Train Loss: output=0.1132, reconstruction=4.9857
Epoch [398/400]
batch = 0 (Δ=0.393s, 100.00%)
Training throughput: 1 batches in 0.392s; word units 100.0% of 8 words (letters-only 100.0% of 8).
Train Loss: output=0.1597, reconstruction=4.9857
Epoch [399/400]
batch = 0 (Δ=0.296s, 100.00%)
Training throughput: 1 batches in 0.295s; word units 100.0% of 8 words (letters-only 100.0% of 8).
Train Loss: output=0.1070, reconstruction=4.9857
Epoch [400/400]
batch = 0 (Δ=0.307s, 100.00%)
Training throughput: 1 batches in 0.306s; word units 100.0% of 8 words (letters-only 100.0% of 8).
Train Loss: output=0.2335, reconstruction=0.4874
Final Stats:
=== Selected operation grammar ===
batch = 0 (Δ=0.254s, 100.00%)
Training throughput: 1 batches in 0.202s; word units 100.0% of 8 words (letters-only 100.0% of 8).
=== Input Reconstruction (test) ===
  row[0] input='hello world' -> reconstructed='hello ' label=0.0000 predicted=0.7637 MISMATCH
  row[1] input='hello there' -> reconstructed='hello ' label=1.0000 predicted=1.0648 MISMATCH
  row[2] input='loving world' -> reconstructed='world ' label=1.0000 predicted=1.1697 MISMATCH
  row[3] input='loving there' -> reconstructed='there ' label=0.0000 predicted=0.7672 MISMATCH
=============================== warnings summary ===============================
test/test_explicit_dimensions.py::TestXorGrammarLearnsXor::test_xor_class_accuracy
  /Users/arogers/github/WikiOracle/basicmodel/.venv/lib/python3.12/site-packages/torch/utils/_device.py:122: UserWarning: Sparse invariant checks are implicitly disabled. Memory errors (e.g. SEGFAULT) will occur when operating on a sparse tensor which violates the invariants, but checks incur performance overhead. To silence this warning, explicitly opt in or out. See `torch.sparse.check_sparse_tensor_invariants.__doc__` for guidance.  (Triggered internally at /Users/runner/work/pytorch/pytorch/aten/src/ATen/Context.cpp:855.)
    return func(*args, **kwargs)

-- Docs: https://docs.pytest.org/en/stable/how-to/capture-warnings.html
=========================== short test summary info ============================
FAILED test/test_explicit_dimensions.py::TestXorGrammarLearnsXor::test_xor_class_accuracy
1 failed, 1 passed, 1 warning in 137.95s (0:02:17)
