F..                                                                      [100%]
=================================== FAILURES ===================================
____________ test_review17_measurement_wiring_on_one_ordinary_batch ____________

tmp_path = PosixPath('/private/var/folders/_y/q6ybzrpx39jd0fzf9g671z280000gn/T/pytest-of-arogers/pytest-2346/test_review17_measurement_wiri0')

    def test_review17_measurement_wiring_on_one_ordinary_batch(tmp_path):
        import json, os, sys
        from pathlib import Path
        from bounded_tests import run_guarded, GIB
        root=Path(__file__).resolve().parents[1]
        receipt=root/'doc/benchmarks/2026-10-06-operators-round2'
        prior=root/'doc/benchmarks/2026-10-03-operators-attention'
        env=os.environ.copy()
        env.update(PYTEST_PLUGINS='operators_gate_observer', MODEL_COMPILE='none',
            OWNERSHIP_OBSERVER_OUTPUT=str(tmp_path/'ownership'),
            ITEM7_XOR_MEASUREMENTS=str(tmp_path/'observations.jsonl'), ITEM7_XOR_GATE='5',
            REVIEW17_REPORTS=str(tmp_path/'reports.jsonl'),
            PYTHONPATH=os.pathsep.join(map(str,(receipt,prior,root/'bin',root/'test'))))
        result=run_guarded([sys.executable,'-m','pytest','-q',str(receipt/'observer_probe.py')],
            cwd=root,env=env,log_path=tmp_path/'observer.log',memory_bytes=8*GIB,timeout=1800)
>       assert result['exit_code']==0,(tmp_path/'observer.log').read_text()
E       AssertionError: F                                                                        [100%]
E         =================================== FAILURES ===================================
E         ___________ test_margin_and_ownership_observe_the_same_actual_steps ____________
E         
E             def test_margin_and_ownership_observe_the_same_actual_steps():
E                 from test_mm_xor import _fresh_model
E                 import operators_gate_observer
E                 model, _, data = _fresh_model('data/XOR_grammar.xml')
E                 optimizer = model.getOptimizer(lr=.01)
E                 owners=model.objective_parameter_groups(optimizer)
E                 assert 'compose_preference' not in owners
E                 preference=owners['reconstruction']
E                 assert any(p is model.languageSpace.decomposition_chooser.weight for p in preference)
E                 operation=model.languageSpace._tree_layer(2)
E                 assert all(any(p is anchor for p in preference) for anchor in
E                            (operation.stop_anchor,operation.reduce_anchor,operation.apply_anchor))
E                 raw, target = next(iter(data.data_loader(split='train', num_streams=4)))
E                 batch = model.inputSpace.prepInput(raw), model.outputSpace.prepOutput(target)
E                 from operators_run_audit import observe_run, json_value
E                 with observe_run() as run_audit:
E                     model.runEpoch(optimizer=optimizer,batchSize=4,split='train')
E                     model.runBatch(train=False,optimizer=None,batchSize=4,split='test',batch_override=batch)
E                 decomposition=run_audit['decomposition_chooser']
E                 assert decomposition['start']['weights'] == [1., 0., 0., 0., 0.]
E                 assert decomposition['start']['undos'] > 0
E                 assert decomposition['start']['true_pair_in_shortlist_rate'] == 1.
E                 assert decomposition['end']['undos'] > 0
E                 steps=run_audit['compose_score_function_steps']
E                 assert len(steps)==4
E                 assert run_audit['chooser_logit_ranges']['1']['calls']>0
E                 assert all(row.get('gradient_max_error',0.)<2e-6 for row in steps)
E                 assert all(row.get('finite_difference',{}).get('error',0.)<2e-6 for row in steps)
E                 assert len(run_audit['reader_weights']) == 1
E                 assert len(run_audit['before_learning_readback']['texts']) == 4
E                 assert all(row['nonzero']==0 for row in run_audit['sentence_gradients'].values())
E                 assert all(phase in run_audit for phase in ('start','end'))
E                 assert all(phase in run_audit['room'] for phase in ('start','end'))
E                 (Path(os.environ['OWNERSHIP_OBSERVER_OUTPUT'])/'run-audit.json').write_text(json.dumps(run_audit,default=json_value,indent=2))
E                 operators_gate_observer.save_ownership(model)
E                 folder = Path(os.environ['OWNERSHIP_OBSERVER_OUTPUT'])
E                 events = [json.loads(line) for line in (folder/'events.jsonl').read_text().splitlines()]
E                 first = [event for event in events if event['kind'] == 'decoder_first_logits']
E                 steps = [event for event in events if event['kind'] == 'decoder_margin_step']
E                 assert len(first) >= 2
E                 assert {row['path'] for row in first} == {'greedy', 'explore'}
E                 assert len(steps) == 3
E                 assert not any(step['walks'] for step in steps)
E                 assert 'attention_score_function_steps' not in run_audit
E                 assert len([r for r in run_audit['sentence_trials'] if r['training']]) == 1
E         >       assert all(v==0 for v in run_audit['closing_image']['concept_widths'].values())
E         E       assert False
E         E        +  where False = all(<generator object test_margin_and_ownership_observe_the_same_actual_steps.<locals>.<genexpr> at 0x148d4c380>)
E         
E         doc/benchmarks/2026-10-06-operators-round2/observer_probe.py:52: AssertionError
E         ----------------------------- Captured stdout call -----------------------------
E         [AMP] off (fp32, MODEL_AMP unset or =off)
E         batch = 0 (warm-up, 100.00%)
E         Training throughput: 1 batches in 0.723s; word units 100.0% of 8 words (letters-only 100.0% of 8).
E         batch = 0 (Δ=0.162s)
E         =============================== warnings summary ===============================
E         doc/benchmarks/2026-10-06-operators-round2/observer_probe.py::test_margin_and_ownership_observe_the_same_actual_steps
E           /Users/arogers/github/WikiOracle/basicmodel/test/test_mm_xor.py:171: PytestUnknownMarkWarning: Unknown pytest.mark.slow - is this a typo?  You can register custom marks to avoid this warning - for details, see https://docs.pytest.org/en/stable/how-to/mark.html
E             @pytest.mark.slow
E         
E         doc/benchmarks/2026-10-06-operators-round2/observer_probe.py::test_margin_and_ownership_observe_the_same_actual_steps
E           /Users/arogers/github/WikiOracle/basicmodel/test/test_mm_xor.py:176: PytestUnknownMarkWarning: Unknown pytest.mark.slow - is this a typo?  You can register custom marks to avoid this warning - for details, see https://docs.pytest.org/en/stable/how-to/mark.html
E             @pytest.mark.slow
E         
E         doc/benchmarks/2026-10-06-operators-round2/observer_probe.py::test_margin_and_ownership_observe_the_same_actual_steps
E           /Users/arogers/github/WikiOracle/basicmodel/test/test_mm_xor.py:182: PytestUnknownMarkWarning: Unknown pytest.mark.slow - is this a typo?  You can register custom marks to avoid this warning - for details, see https://docs.pytest.org/en/stable/how-to/mark.html
E             @pytest.mark.slow
E         
E         doc/benchmarks/2026-10-06-operators-round2/observer_probe.py::test_margin_and_ownership_observe_the_same_actual_steps
E           /Users/arogers/github/WikiOracle/basicmodel/.venv/lib/python3.12/site-packages/torch/utils/_device.py:122: UserWarning: Sparse invariant checks are implicitly disabled. Memory errors (e.g. SEGFAULT) will occur when operating on a sparse tensor which violates the invariants, but checks incur performance overhead. To silence this warning, explicitly opt in or out. See `torch.sparse.check_sparse_tensor_invariants.__doc__` for guidance.  (Triggered internally at /Users/runner/work/pytorch/pytorch/aten/src/ATen/Context.cpp:855.)
E             return func(*args, **kwargs)
E         
E         -- Docs: https://docs.pytest.org/en/stable/how-to/capture-warnings.html
E         =========================== short test summary info ============================
E         FAILED doc/benchmarks/2026-10-06-operators-round2/observer_probe.py::test_margin_and_ownership_observe_the_same_actual_steps
E         1 failed, 4 warnings in 1.03s
E         
E       assert 1 == 0

test/test_review14_contracts.py:158: AssertionError
=========================== short test summary info ============================
FAILED test/test_review14_contracts.py::test_review17_measurement_wiring_on_one_ordinary_batch
1 failed, 2 passed, 8 deselected in 9.39s
