F...F.............F.F.......s...F.......ssss.s.sssssss.s.s.s.s.......... [ 58%]
..................................................X                      [100%]
=================================== FAILURES ===================================
_ test_walk_unreduces_an_independently_selected_parent_and_emits_its_constituents _

    def test_walk_unreduces_an_independently_selected_parent_and_emits_its_constituents():
        m = _model()
        for rule in ('lift','lower'):
            event,gl,cw,live=_stamped_event(m,rule)
            event,bank=_independent_split(m,rule,event)
            out,n_emitted,truncated,_cost=m._output_generate_walk(event,8,basis=bank)
>           assert n_emitted.tolist()==[live+1]
E           assert [2] == [3]
E             
E             At index 0 diff: 2 != 3
E             Use -v to get more diff

test/test_output_walk.py:88: AssertionError
________________ test_walk_handles_mixed_output_lengths_per_row ________________

    def test_walk_handles_mixed_output_lengths_per_row():
        m=_model()
        e0,gl,cw,live=_stamped_event(m,'lift')
        e0,bank=_independent_split(m,'lift',e0)
        e1=e0.clone();e1[:,1]=bank[:,0]
        event=torch.cat((e0,e1),0)
        out,n_emitted,truncated,_cost=m._output_generate_walk(event,8,basis=bank.expand(2,-1,-1))
>       assert n_emitted.tolist()==[live+1,live]
E       assert [2, 2] == [3, 2]
E         
E         At index 0 diff: 2 != 3
E         Use -v to get more diff

test/test_output_walk.py:143: AssertionError
________________ test_materialised_idea_follows_the_symbol_rows ________________

    def test_materialised_idea_follows_the_symbol_rows():
        """A completed answer owns its field; a new reading uses its own words.
    
        Exchanging the later input's row staging cannot alter the held answer.
        Reading those exchanged words produces a distinct field through the same
        sentence driver. Generation has no reading actions to replay.
        """
        from test_compiled_word_chunk import _stage_fullgraph_tensor_peer
        from What import What
        m = _model()
        m._tensor_peer_while_eager = True
        m._chart_compose_per_word = lambda: None
        m.reconstruct_in_loop = False
        m.loss.reconstruction_scale = 0.
        with torch.no_grad():
            u = _capture_program_probe(m, ["one plus two", "three plus four"])
            derivation = m._resolve_answer(u, What.supervised(0))
            idea0, resolved, sources, targets = m._materialize_answer_idea(u, derivation, What.supervised(0))
            end = m._sentence_end_state(None)
>           assert torch.allclose(idea0, end, atol=1e-4), float((idea0 - end).abs().max())
E           AssertionError: 0.25500625371932983
E           assert False
E            +  where False = <built-in method allclose of type object at 0x10b9053a0>(tensor([[[ 0.0000e+00,  0.0000e+00, -8.5374e-02,  0.0000e+00, -1.0503e-01,\n           8.1822e-02, -7.4240e-02, -9.7941...e-02,  5.4242e-02,\n          -1.8156e-02, -1.1091e-02,  1.4416e-02,  4.0053e-03, -6.2008e-02,\n           9.3475e-02]]]), tensor([[[ 0.0000e+00,  0.0000e+00, -8.5374e-02,  0.0000e+00, -1.0503e-01,\n           8.1822e-02, -7.4240e-02, -9.7941...e-01,  1.2695e-01,\n           2.1939e-02, -4.9517e-02,  1.6937e-01,  1.0494e-02, -1.5826e-01,\n          -5.4191e-02]]]), atol=0.0001)
E            +    where <built-in method allclose of type object at 0x10b9053a0> = torch.allclose

test/test_output_walk.py:482: AssertionError
___ test_output_rule_inventory_comes_from_generate_even_without_compose_rule ___

tmp_path = PosixPath('/private/var/folders/_y/q6ybzrpx39jd0fzf9g671z280000gn/T/pytest-of-arogers/pytest-1636/test_output_rule_inventory_com0')

    def test_output_rule_inventory_comes_from_generate_even_without_compose_rule(tmp_path):
        m=_generate_variant(tmp_path,('sum',),remove_compose=('sum',))
        try:
            language=m.languageSpace
            assert 'sum' not in language._tree_layer(2).op_names
            assert language.generate_policy.out_features==2
            event,_,cw,live=_stamped_event(m,'sum')
            event,bank=_independent_split(m,'sum',event)
            out,count,truncated,cost=m._output_generate_walk(event,8,basis=bank)
>           assert count.tolist()==[live+1]
E           assert [2] == [3]
E             
E             At index 0 diff: 2 != 3
E             Use -v to get more diff

test/test_output_walk.py:572: AssertionError
______ test_prepared_answer_generates_more_words_than_the_captured_input _______

tmp_path = PosixPath('/private/var/folders/_y/q6ybzrpx39jd0fzf9g671z280000gn/T/pytest-of-arogers/pytest-1636/test_prepared_answer_generates0')
eager_reading = None

    def test_prepared_answer_generates_more_words_than_the_captured_input(tmp_path, eager_reading):
        """A fixed generate policy expands its answer; input actions supply no teacher.
    
        This verifies execution and independent termination, not learned language
        quality. The native benchmark separately measures sampled output lengths.
        """
        from dataclasses import replace
    
        model = _native_answer_model(tmp_path, True)
        model.eval()
        try:
            with torch.no_grad():
                understanding = _capture_program_probe(model, ["1", "2"])
                held = model.resolveAnswer(
                    understanding, (What.supervised(0), What.supervised(1)))
                # Make an explicit concluded idea. A semantic input to generation
                # can differ from the input sentence; its direction comes from the
                # actual understood first row, rather than an input surface witness.
                direction = held.conceptual_answer[0].sum(0)
                direction = torch.nn.functional.normalize(direction, dim=0)
                assert bool(direction.abs().sum() > 0)
                ideas = torch.zeros_like(held.conceptual_answer)
                ideas[0, 0] = direction
                ideas[1, 0] = direction * .25
                held = replace(held, conceptual_answer=ideas)
                language = model.languageSpace
                policy = language.generate_policy
                choice = list(language._generate_binary_names).index("chunk")
                # Chunk is additive; its equal-child inverse halves its parent. Expand values of
                # length 1 and .5, then emit .25: four leaves in row 0, one in row 1.
                policy.weight.zero_()
                policy.bias.fill_(-1000)
                policy.bias[-1] = 0
                policy.weight[choice].copy_(4 * direction[:policy.in_features])
                policy.bias[choice] = -1.5
>               bank=held.primed_symbols
                     ^^^^^^^^^^^^^^^^^^^
E               AttributeError: 'AnswerDerivation' object has no attribute 'primed_symbols'

test/test_prepared_answer_boundary.py:76: AttributeError
=============================== warnings summary ===============================
test/test_output_walk.py::test_answer_materialises_as_its_own_conceptual_idea_and_realises_through_the_walk
  /Users/arogers/github/WikiOracle/basicmodel/.venv/lib/python3.12/site-packages/torch/utils/_device.py:122: UserWarning: Sparse invariant checks are implicitly disabled. Memory errors (e.g. SEGFAULT) will occur when operating on a sparse tensor which violates the invariants, but checks incur performance overhead. To silence this warning, explicitly opt in or out. See `torch.sparse.check_sparse_tensor_invariants.__doc__` for guidance.  (Triggered internally at /Users/runner/work/pytorch/pytorch/aten/src/ATen/Context.cpp:855.)
    return func(*args, **kwargs)

test/test_output_walk.py::test_runbatch_trains_generate_policy_from_reconstruction[True]
  /Users/arogers/github/WikiOracle/basicmodel/bin/Models.py:7131: RuntimeWarning: what_answer_target_shape [config /var/folders/_y/q6ybzrpx39jd0fzf9g671z280000gn/T/tmpcgon2b_0/MM_ladder_walk.xml]: Data.what target (2, 1, 16) replaces the loader output (2, 1, 1) (placeholder labels)
    warnings.warn(f"{site} [config {cfg}]: {detail}", RuntimeWarning)

test/test_output_walk.py::test_runbatch_answer_availability_never_reassigns_the_decoder
  /Users/arogers/github/WikiOracle/basicmodel/bin/Models.py:7131: RuntimeWarning: what_answer_target_shape [config /var/folders/_y/q6ybzrpx39jd0fzf9g671z280000gn/T/tmpaf0bv6s8/MM_ladder_walk.xml]: Data.what target (2, 1, 16) replaces the loader output (2, 1, 1) (placeholder labels)
    warnings.warn(f"{site} [config {cfg}]: {detail}", RuntimeWarning)

test/test_output_walk.py::test_runbatch_output_masks_rows_without_reassigning_decoder_credit
  /Users/arogers/github/WikiOracle/basicmodel/bin/Models.py:7131: RuntimeWarning: what_answer_target_shape [config /var/folders/_y/q6ybzrpx39jd0fzf9g671z280000gn/T/tmp1csp8pqj/MM_ladder_walk.xml]: Data.what target (2, 1, 16) replaces the loader output (2, 1, 1) (placeholder labels)
    warnings.warn(f"{site} [config {cfg}]: {detail}", RuntimeWarning)

test/test_output_walk.py::test_question_conditioners_persist_per_answer_width
  /Users/arogers/github/WikiOracle/basicmodel/.venv/lib/python3.12/site-packages/torch/utils/_device.py:122: UserWarning: Converting a tensor with requires_grad=True to a scalar may lead to unexpected behavior.
  Consider using tensor.detach() first. (Triggered internally at /Users/runner/work/pytorch/pytorch/torch/csrc/autograd/generated/python_variable_methods.cpp:821.)
    return func(*args, **kwargs)

test/test_output_walk.py::test_question_conditioner_optimizer_steps_both_widths
  /Users/arogers/github/WikiOracle/basicmodel/bin/Models.py:7131: RuntimeWarning: what_answer_target_shape [config /var/folders/_y/q6ybzrpx39jd0fzf9g671z280000gn/T/tmpts3c8860/MM_ladder_walk.xml]: Data.what target (2, 1, 16) replaces the loader output (2, 1, 1) (placeholder labels)
    warnings.warn(f"{site} [config {cfg}]: {detail}", RuntimeWarning)

test/test_output_path_supervised.py::test_mixed_supplied_numeric_and_automatic_text_trains_only_supplied_row
  /Users/arogers/github/WikiOracle/basicmodel/bin/Models.py:7131: RuntimeWarning: what_answer_target_shape [config /var/folders/_y/q6ybzrpx39jd0fzf9g671z280000gn/T/tmpil674bhr/MM_ladder_walk.xml]: Data.what target (2, 1, 16) replaces the loader output (2, 1, 1) (placeholder labels)
    warnings.warn(f"{site} [config {cfg}]: {detail}", RuntimeWarning)

test/test_generation_catalog.py::test_normal_supervised_output_respects_gradient_contract[False]
  /Users/arogers/github/WikiOracle/basicmodel/bin/Models.py:7131: RuntimeWarning: what_answer_target_shape [config /private/var/folders/_y/q6ybzrpx39jd0fzf9g671z280000gn/T/pytest-of-arogers/pytest-1636/test_normal_supervised_output_0/MM_ladder_native_answer.xml]: Data.what target (2, 1, 16) replaces the loader output (2, 1, 1) (placeholder labels)
    warnings.warn(f"{site} [config {cfg}]: {detail}", RuntimeWarning)

test/test_generation_catalog.py::test_normal_supervised_output_respects_gradient_contract[True]
  /Users/arogers/github/WikiOracle/basicmodel/bin/Models.py:7131: RuntimeWarning: what_answer_target_shape [config /private/var/folders/_y/q6ybzrpx39jd0fzf9g671z280000gn/T/pytest-of-arogers/pytest-1636/test_normal_supervised_output_1/MM_ladder_native_answer.xml]: Data.what target (2, 1, 16) replaces the loader output (2, 1, 1) (placeholder labels)
    warnings.warn(f"{site} [config {cfg}]: {detail}", RuntimeWarning)

test/test_occurrence_coordinates.py::test_input_event_time_uses_the_subjective_clock
  /Users/arogers/github/WikiOracle/basicmodel/bin/Models.py:7131: RuntimeWarning: what_answer_target_shape [config /private/var/folders/_y/q6ybzrpx39jd0fzf9g671z280000gn/T/pytest-of-arogers/pytest-1636/test_input_event_time_uses_the0/packed_parity.xml]: Data.what target (1, 16) replaces the loader output (1, 0) (placeholder labels)
    warnings.warn(f"{site} [config {cfg}]: {detail}", RuntimeWarning)

-- Docs: https://docs.pytest.org/en/stable/how-to/capture-warnings.html
=========================== short test summary info ============================
FAILED test/test_output_walk.py::test_walk_unreduces_an_independently_selected_parent_and_emits_its_constituents
FAILED test/test_output_walk.py::test_walk_handles_mixed_output_lengths_per_row
FAILED test/test_output_walk.py::test_materialised_idea_follows_the_symbol_rows
FAILED test/test_output_walk.py::test_output_rule_inventory_comes_from_generate_even_without_compose_rule
FAILED test/test_prepared_answer_boundary.py::test_prepared_answer_generates_more_words_than_the_captured_input
5 failed, 100 passed, 17 skipped, 1 xpassed, 10 warnings in 65.27s (0:01:05)
