Device: cpu
/Users/arogers/github/WikiOracle/basicmodel/.venv/lib/python3.12/site-packages/torch/utils/_device.py:122: UserWarning: Sparse invariant checks are implicitly disabled. Memory errors (e.g. SEGFAULT) will occur when operating on a sparse tensor which violates the invariants, but checks incur performance overhead. To silence this warning, explicitly opt in or out. See `torch.sparse.check_sparse_tensor_invariants.__doc__` for guidance.  (Triggered internally at /Users/runner/work/pytorch/pytorch/aten/src/ATen/Context.cpp:855.)
  return func(*args, **kwargs)
Peer pipeline: static PS/WS stage bodies compiled separately; legacy compatibility scheduler remains outside fullgraph capture


==== BasicModel ====

Trial [1/1]
Baseline test pass skipped (--test not specified). Re-invoke train.py with --test to include baseline + post-epoch evaluation.
Epoch [1/400]
[AMP] off (fp32, MODEL_AMP unset or =off)
batch = 0 (warm-up, 100.00%)
Training throughput: 1 batches in 0.710s; word units 100.0% of 8 words (letters-only 100.0% of 8).
Train Loss: output=0.1959, reconstruction=1.2974
Epoch [2/400]
batch = 0 (Δ=0.298s, 100.00%)
Training throughput: 1 batches in 0.296s; word units 100.0% of 8 words (letters-only 100.0% of 8).
Train Loss: output=0.1781, reconstruction=1.7228
Epoch [3/400]
batch = 0 (Δ=0.304s, 100.00%)
Training throughput: 1 batches in 0.303s; word units 100.0% of 8 words (letters-only 100.0% of 8).
Train Loss: output=0.1911, reconstruction=2.1010
Epoch [4/400]
batch = 0 (Δ=0.290s, 100.00%)
Training throughput: 1 batches in 0.289s; word units 100.0% of 8 words (letters-only 100.0% of 8).
Train Loss: output=0.2061, reconstruction=2.4315
Epoch [5/400]
batch = 0 (Δ=0.295s, 100.00%)
Training throughput: 1 batches in 0.294s; word units 100.0% of 8 words (letters-only 100.0% of 8).
Train Loss: output=0.1852, reconstruction=2.7188
Epoch [6/400]
batch = 0 (Δ=0.290s, 100.00%)
Training throughput: 1 batches in 0.289s; word units 100.0% of 8 words (letters-only 100.0% of 8).
Train Loss: output=0.1764, reconstruction=2.9684
Epoch [7/400]
batch = 0 (Δ=0.294s, 100.00%)
Training throughput: 1 batches in 0.293s; word units 100.0% of 8 words (letters-only 100.0% of 8).
Train Loss: output=0.1967, reconstruction=3.1856
Epoch [8/400]
batch = 0 (Δ=0.297s, 100.00%)
Training throughput: 1 batches in 0.296s; word units 100.0% of 8 words (letters-only 100.0% of 8).
Train Loss: output=0.1952, reconstruction=3.3750
Epoch [9/400]
batch = 0 (Δ=0.290s, 100.00%)
Training throughput: 1 batches in 0.289s; word units 100.0% of 8 words (letters-only 100.0% of 8).
Train Loss: output=0.1773, reconstruction=3.5405
Epoch [10/400]
batch = 0 (Δ=0.292s, 100.00%)
Training throughput: 1 batches in 0.292s; word units 100.0% of 8 words (letters-only 100.0% of 8).
Train Loss: output=0.1807, reconstruction=3.6854
Epoch [11/400]
batch = 0 (Δ=0.291s, 100.00%)
Training throughput: 1 batches in 0.290s; word units 100.0% of 8 words (letters-only 100.0% of 8).
Train Loss: output=0.1945, reconstruction=3.8127
Epoch [12/400]
batch = 0 (Δ=0.295s, 100.00%)
Training throughput: 1 batches in 0.294s; word units 100.0% of 8 words (letters-only 100.0% of 8).
Train Loss: output=0.1862, reconstruction=3.9247
Epoch [13/400]
batch = 0 (Δ=0.293s, 100.00%)
Training throughput: 1 batches in 0.292s; word units 100.0% of 8 words (letters-only 100.0% of 8).
Train Loss: output=0.1750, reconstruction=4.0235
Epoch [14/400]
batch = 0 (Δ=0.293s, 100.00%)
Training throughput: 1 batches in 0.292s; word units 100.0% of 8 words (letters-only 100.0% of 8).
Train Loss: output=0.1833, reconstruction=4.1108
Epoch [15/400]
batch = 0 (Δ=0.294s, 100.00%)
Training throughput: 1 batches in 0.293s; word units 100.0% of 8 words (letters-only 100.0% of 8).
Train Loss: output=0.1889, reconstruction=4.1881
Epoch [16/400]
batch = 0 (Δ=0.295s, 100.00%)
Training throughput: 1 batches in 0.294s; word units 100.0% of 8 words (letters-only 100.0% of 8).
Train Loss: output=0.1789, reconstruction=4.2567
Epoch [17/400]
batch = 0 (Δ=0.296s, 100.00%)
Training throughput: 1 batches in 0.295s; word units 100.0% of 8 words (letters-only 100.0% of 8).
Train Loss: output=0.1760, reconstruction=4.3176
Epoch [18/400]
batch = 0 (Δ=0.293s, 100.00%)
Training throughput: 1 batches in 0.292s; word units 100.0% of 8 words (letters-only 100.0% of 8).
Train Loss: output=0.1845, reconstruction=4.3717
Epoch [19/400]
batch = 0 (Δ=0.380s, 100.00%)
Training throughput: 1 batches in 0.379s; word units 100.0% of 8 words (letters-only 100.0% of 8).
Train Loss: output=0.1828, reconstruction=4.4200
Epoch [20/400]
batch = 0 (Δ=0.294s, 100.00%)
Training throughput: 1 batches in 0.293s; word units 100.0% of 8 words (letters-only 100.0% of 8).
Train Loss: output=0.1753, reconstruction=4.4629
Epoch [21/400]
batch = 0 (Δ=0.293s, 100.00%)
Training throughput: 1 batches in 0.292s; word units 100.0% of 8 words (letters-only 100.0% of 8).
Train Loss: output=0.1785, reconstruction=4.5013
Epoch [22/400]
batch = 0 (Δ=0.298s, 100.00%)
Training throughput: 1 batches in 0.297s; word units 100.0% of 8 words (letters-only 100.0% of 8).
Train Loss: output=0.1826, reconstruction=4.5355
Epoch [23/400]
batch = 0 (Δ=0.294s, 100.00%)
Training throughput: 1 batches in 0.293s; word units 100.0% of 8 words (letters-only 100.0% of 8).
Train Loss: output=0.1773, reconstruction=4.5661
Epoch [24/400]
batch = 0 (Δ=0.300s, 100.00%)
Training throughput: 1 batches in 0.299s; word units 100.0% of 8 words (letters-only 100.0% of 8).
Train Loss: output=0.1755, reconstruction=4.5935
Epoch [25/400]
batch = 0 (Δ=0.296s, 100.00%)
Training throughput: 1 batches in 0.295s; word units 100.0% of 8 words (letters-only 100.0% of 8).
Train Loss: output=0.1802, reconstruction=4.6179
Epoch [26/400]
batch = 0 (Δ=0.297s, 100.00%)
Training throughput: 1 batches in 0.296s; word units 100.0% of 8 words (letters-only 100.0% of 8).
Train Loss: output=0.1787, reconstruction=4.6398
Epoch [27/400]
batch = 0 (Δ=0.293s, 100.00%)
Training throughput: 1 batches in 0.292s; word units 100.0% of 8 words (letters-only 100.0% of 8).
Train Loss: output=0.1750, reconstruction=4.6594
Epoch [28/400]
batch = 0 (Δ=0.296s, 100.00%)
Training throughput: 1 batches in 0.295s; word units 100.0% of 8 words (letters-only 100.0% of 8).
Train Loss: output=0.1776, reconstruction=4.6770
Epoch [29/400]
batch = 0 (Δ=0.297s, 100.00%)
Training throughput: 1 batches in 0.296s; word units 100.0% of 8 words (letters-only 100.0% of 8).
Train Loss: output=0.1787, reconstruction=4.6928
Epoch [30/400]
batch = 0 (Δ=0.295s, 100.00%)
Training throughput: 1 batches in 0.294s; word units 100.0% of 8 words (letters-only 100.0% of 8).
Train Loss: output=0.1755, reconstruction=4.7069
Epoch [31/400]
batch = 0 (Δ=0.297s, 100.00%)
Training throughput: 1 batches in 0.296s; word units 100.0% of 8 words (letters-only 100.0% of 8).
Train Loss: output=0.1760, reconstruction=4.7195
Epoch [32/400]
batch = 0 (Δ=0.299s, 100.00%)
Training throughput: 1 batches in 0.298s; word units 100.0% of 8 words (letters-only 100.0% of 8).
Train Loss: output=0.1780, reconstruction=4.7308
Epoch [33/400]
batch = 0 (Δ=0.294s, 100.00%)
Training throughput: 1 batches in 0.293s; word units 100.0% of 8 words (letters-only 100.0% of 8).
Train Loss: output=0.1759, reconstruction=4.7410
Epoch [34/400]
batch = 0 (Δ=0.295s, 100.00%)
Training throughput: 1 batches in 0.294s; word units 100.0% of 8 words (letters-only 100.0% of 8).
Train Loss: output=0.1753, reconstruction=4.7501
Epoch [35/400]
batch = 0 (Δ=0.298s, 100.00%)
Training throughput: 1 batches in 0.297s; word units 100.0% of 8 words (letters-only 100.0% of 8).
Train Loss: output=0.1771, reconstruction=4.7582
Epoch [36/400]
batch = 0 (Δ=0.295s, 100.00%)
Training throughput: 1 batches in 0.294s; word units 100.0% of 8 words (letters-only 100.0% of 8).
Train Loss: output=0.1760, reconstruction=4.7656
Epoch [37/400]
batch = 0 (Δ=0.374s, 100.00%)
Training throughput: 1 batches in 0.373s; word units 100.0% of 8 words (letters-only 100.0% of 8).
Train Loss: output=0.1751, reconstruction=4.7721
Epoch [38/400]
batch = 0 (Δ=0.299s, 100.00%)
Training throughput: 1 batches in 0.297s; word units 100.0% of 8 words (letters-only 100.0% of 8).
Train Loss: output=0.1765, reconstruction=4.7780
Epoch [39/400]
batch = 0 (Δ=0.295s, 100.00%)
Training throughput: 1 batches in 0.295s; word units 100.0% of 8 words (letters-only 100.0% of 8).
Train Loss: output=0.1760, reconstruction=4.7833
Epoch [40/400]
batch = 0 (Δ=0.296s, 100.00%)
Training throughput: 1 batches in 0.295s; word units 100.0% of 8 words (letters-only 100.0% of 8).
Train Loss: output=0.1750, reconstruction=4.7880
Epoch [41/400]
batch = 0 (Δ=0.297s, 100.00%)
Training throughput: 1 batches in 0.296s; word units 100.0% of 8 words (letters-only 100.0% of 8).
Train Loss: output=0.1760, reconstruction=4.7922
Epoch [42/400]
batch = 0 (Δ=0.296s, 100.00%)
Training throughput: 1 batches in 0.295s; word units 100.0% of 8 words (letters-only 100.0% of 8).
Train Loss: output=0.1758, reconstruction=4.7960
Epoch [43/400]
batch = 0 (Δ=0.297s, 100.00%)
Training throughput: 1 batches in 0.296s; word units 100.0% of 8 words (letters-only 100.0% of 8).
Train Loss: output=0.1750, reconstruction=4.7994
Epoch [44/400]
batch = 0 (Δ=0.297s, 100.00%)
Training throughput: 1 batches in 0.296s; word units 100.0% of 8 words (letters-only 100.0% of 8).
Train Loss: output=0.1757, reconstruction=4.8024
Epoch [45/400]
batch = 0 (Δ=0.298s, 100.00%)
Training throughput: 1 batches in 0.297s; word units 100.0% of 8 words (letters-only 100.0% of 8).
Train Loss: output=0.1756, reconstruction=4.8051
Epoch [46/400]
batch = 0 (Δ=0.302s, 100.00%)
Training throughput: 1 batches in 0.301s; word units 100.0% of 8 words (letters-only 100.0% of 8).
Train Loss: output=0.1750, reconstruction=4.8075
Epoch [47/400]
batch = 0 (Δ=0.296s, 100.00%)
Training throughput: 1 batches in 0.295s; word units 100.0% of 8 words (letters-only 100.0% of 8).
Train Loss: output=0.1755, reconstruction=4.8097
Epoch [48/400]
batch = 0 (Δ=0.297s, 100.00%)
Training throughput: 1 batches in 0.296s; word units 100.0% of 8 words (letters-only 100.0% of 8).
Train Loss: output=0.1755, reconstruction=4.8116
Epoch [49/400]
batch = 0 (Δ=0.299s, 100.00%)
Training throughput: 1 batches in 0.298s; word units 100.0% of 8 words (letters-only 100.0% of 8).
Train Loss: output=0.1750, reconstruction=4.8133
Epoch [50/400]
batch = 0 (Δ=0.299s, 100.00%)
Training throughput: 1 batches in 0.298s; word units 100.0% of 8 words (letters-only 100.0% of 8).
Train Loss: output=0.1754, reconstruction=4.8149
Epoch [51/400]
batch = 0 (Δ=0.301s, 100.00%)
Training throughput: 1 batches in 0.300s; word units 100.0% of 8 words (letters-only 100.0% of 8).
Train Loss: output=0.1753, reconstruction=4.8162
Epoch [52/400]
batch = 0 (Δ=0.298s, 100.00%)
Training throughput: 1 batches in 0.297s; word units 100.0% of 8 words (letters-only 100.0% of 8).
Train Loss: output=0.1750, reconstruction=4.8174
Epoch [53/400]
batch = 0 (Δ=0.299s, 100.00%)
Training throughput: 1 batches in 0.298s; word units 100.0% of 8 words (letters-only 100.0% of 8).
Train Loss: output=0.1753, reconstruction=4.8185
Epoch [54/400]
batch = 0 (Δ=0.299s, 100.00%)
Training throughput: 1 batches in 0.298s; word units 100.0% of 8 words (letters-only 100.0% of 8).
Train Loss: output=0.1752, reconstruction=4.8195
Epoch [55/400]
batch = 0 (Δ=0.380s, 100.00%)
Training throughput: 1 batches in 0.379s; word units 100.0% of 8 words (letters-only 100.0% of 8).
Train Loss: output=0.1750, reconstruction=4.8203
Epoch [56/400]
batch = 0 (Δ=0.301s, 100.00%)
Training throughput: 1 batches in 0.300s; word units 100.0% of 8 words (letters-only 100.0% of 8).
Train Loss: output=0.1753, reconstruction=4.8211
Epoch [57/400]
batch = 0 (Δ=0.299s, 100.00%)
Training throughput: 1 batches in 0.298s; word units 100.0% of 8 words (letters-only 100.0% of 8).
Train Loss: output=0.1751, reconstruction=4.8218
Epoch [58/400]
batch = 0 (Δ=0.299s, 100.00%)
Training throughput: 1 batches in 0.298s; word units 100.0% of 8 words (letters-only 100.0% of 8).
Train Loss: output=0.1751, reconstruction=4.8223
Epoch [59/400]
batch = 0 (Δ=0.299s, 100.00%)
Training throughput: 1 batches in 0.298s; word units 100.0% of 8 words (letters-only 100.0% of 8).
Train Loss: output=0.1752, reconstruction=4.8229
Epoch [60/400]
batch = 0 (Δ=0.302s, 100.00%)
Training throughput: 1 batches in 0.301s; word units 100.0% of 8 words (letters-only 100.0% of 8).
Train Loss: output=0.1750, reconstruction=4.8233
Epoch [61/400]
batch = 0 (Δ=0.299s, 100.00%)
Training throughput: 1 batches in 0.298s; word units 100.0% of 8 words (letters-only 100.0% of 8).
Train Loss: output=0.1751, reconstruction=4.8237
Epoch [62/400]
batch = 0 (Δ=0.299s, 100.00%)
Training throughput: 1 batches in 0.298s; word units 100.0% of 8 words (letters-only 100.0% of 8).
Train Loss: output=0.1751, reconstruction=4.8241
Epoch [63/400]
batch = 0 (Δ=0.301s, 100.00%)
Training throughput: 1 batches in 0.300s; word units 100.0% of 8 words (letters-only 100.0% of 8).
Train Loss: output=0.1750, reconstruction=4.8244
Epoch [64/400]
batch = 0 (Δ=0.301s, 100.00%)
Training throughput: 1 batches in 0.300s; word units 100.0% of 8 words (letters-only 100.0% of 8).
Train Loss: output=0.1751, reconstruction=4.8246
Epoch [65/400]
batch = 0 (Δ=0.302s, 100.00%)
Training throughput: 1 batches in 0.301s; word units 100.0% of 8 words (letters-only 100.0% of 8).
Train Loss: output=0.1751, reconstruction=4.8248
Epoch [66/400]
batch = 0 (Δ=0.301s, 100.00%)
Training throughput: 1 batches in 0.300s; word units 100.0% of 8 words (letters-only 100.0% of 8).
Train Loss: output=0.1750, reconstruction=4.8250
Epoch [67/400]
batch = 0 (Δ=0.303s, 100.00%)
Training throughput: 1 batches in 0.302s; word units 100.0% of 8 words (letters-only 100.0% of 8).
Train Loss: output=0.1751, reconstruction=4.8252
Epoch [68/400]
batch = 0 (Δ=0.300s, 100.00%)
Training throughput: 1 batches in 0.299s; word units 100.0% of 8 words (letters-only 100.0% of 8).
Train Loss: output=0.1750, reconstruction=4.8253
Epoch [69/400]
batch = 0 (Δ=0.300s, 100.00%)
Training throughput: 1 batches in 0.299s; word units 100.0% of 8 words (letters-only 100.0% of 8).
Train Loss: output=0.1750, reconstruction=4.8254
Epoch [70/400]
batch = 0 (Δ=0.304s, 100.00%)
Training throughput: 1 batches in 0.303s; word units 100.0% of 8 words (letters-only 100.0% of 8).
Train Loss: output=0.1751, reconstruction=4.8255
Epoch [71/400]
batch = 0 (Δ=0.304s, 100.00%)
Training throughput: 1 batches in 0.303s; word units 100.0% of 8 words (letters-only 100.0% of 8).
Train Loss: output=0.1750, reconstruction=4.8256
Epoch [72/400]
batch = 0 (Δ=0.302s, 100.00%)
Training throughput: 1 batches in 0.300s; word units 100.0% of 8 words (letters-only 100.0% of 8).
Train Loss: output=0.1750, reconstruction=4.8257
Epoch [73/400]
batch = 0 (Δ=0.380s, 100.00%)
Training throughput: 1 batches in 0.379s; word units 100.0% of 8 words (letters-only 100.0% of 8).
Train Loss: output=0.1750, reconstruction=4.8257
Epoch [74/400]
batch = 0 (Δ=0.303s, 100.00%)
Training throughput: 1 batches in 0.302s; word units 100.0% of 8 words (letters-only 100.0% of 8).
Train Loss: output=0.1750, reconstruction=4.8257
Epoch [75/400]
batch = 0 (Δ=0.306s, 100.00%)
Training throughput: 1 batches in 0.305s; word units 100.0% of 8 words (letters-only 100.0% of 8).
Train Loss: output=0.1750, reconstruction=4.8257
Epoch [76/400]
batch = 0 (Δ=0.301s, 100.00%)
Training throughput: 1 batches in 0.300s; word units 100.0% of 8 words (letters-only 100.0% of 8).
Train Loss: output=0.1750, reconstruction=4.8257
Epoch [77/400]
batch = 0 (Δ=0.303s, 100.00%)
Training throughput: 1 batches in 0.302s; word units 100.0% of 8 words (letters-only 100.0% of 8).
Train Loss: output=0.1750, reconstruction=4.8257
Epoch [78/400]
batch = 0 (Δ=0.305s, 100.00%)
Training throughput: 1 batches in 0.304s; word units 100.0% of 8 words (letters-only 100.0% of 8).
Train Loss: output=0.1750, reconstruction=4.8257
Epoch [79/400]
batch = 0 (Δ=0.303s, 100.00%)
Training throughput: 1 batches in 0.302s; word units 100.0% of 8 words (letters-only 100.0% of 8).
Train Loss: output=0.1750, reconstruction=4.8257
Epoch [80/400]
batch = 0 (Δ=0.303s, 100.00%)
Training throughput: 1 batches in 0.302s; word units 100.0% of 8 words (letters-only 100.0% of 8).
Train Loss: output=0.1750, reconstruction=4.8257
Epoch [81/400]
batch = 0 (Δ=0.304s, 100.00%)
Training throughput: 1 batches in 0.303s; word units 100.0% of 8 words (letters-only 100.0% of 8).
Train Loss: output=0.1750, reconstruction=4.8257
Epoch [82/400]
batch = 0 (Δ=0.304s, 100.00%)
Training throughput: 1 batches in 0.303s; word units 100.0% of 8 words (letters-only 100.0% of 8).
Train Loss: output=0.1750, reconstruction=4.8256
Epoch [83/400]
batch = 0 (Δ=0.302s, 100.00%)
Training throughput: 1 batches in 0.301s; word units 100.0% of 8 words (letters-only 100.0% of 8).
Train Loss: output=0.1750, reconstruction=4.8256
Epoch [84/400]
batch = 0 (Δ=0.302s, 100.00%)
Training throughput: 1 batches in 0.301s; word units 100.0% of 8 words (letters-only 100.0% of 8).
Train Loss: output=0.1750, reconstruction=4.8256
Epoch [85/400]
batch = 0 (Δ=0.303s, 100.00%)
Training throughput: 1 batches in 0.302s; word units 100.0% of 8 words (letters-only 100.0% of 8).
Train Loss: output=0.1750, reconstruction=4.8255
Epoch [86/400]
batch = 0 (Δ=0.307s, 100.00%)
Training throughput: 1 batches in 0.306s; word units 100.0% of 8 words (letters-only 100.0% of 8).
Train Loss: output=0.1750, reconstruction=4.8255
Epoch [87/400]
batch = 0 (Δ=0.308s, 100.00%)
Training throughput: 1 batches in 0.307s; word units 100.0% of 8 words (letters-only 100.0% of 8).
Train Loss: output=0.1750, reconstruction=4.8254
Epoch [88/400]
batch = 0 (Δ=0.304s, 100.00%)
Training throughput: 1 batches in 0.303s; word units 100.0% of 8 words (letters-only 100.0% of 8).
Train Loss: output=0.1750, reconstruction=4.8254
Epoch [89/400]
batch = 0 (Δ=0.305s, 100.00%)
Training throughput: 1 batches in 0.304s; word units 100.0% of 8 words (letters-only 100.0% of 8).
Train Loss: output=0.1750, reconstruction=4.8253
Epoch [90/400]
batch = 0 (Δ=0.303s, 100.00%)
Training throughput: 1 batches in 0.302s; word units 100.0% of 8 words (letters-only 100.0% of 8).
Train Loss: output=0.1750, reconstruction=4.8252
Epoch [91/400]
batch = 0 (Δ=0.380s, 100.00%)
Training throughput: 1 batches in 0.379s; word units 100.0% of 8 words (letters-only 100.0% of 8).
Train Loss: output=0.1750, reconstruction=4.8252
Epoch [92/400]
batch = 0 (Δ=0.307s, 100.00%)
Training throughput: 1 batches in 0.306s; word units 100.0% of 8 words (letters-only 100.0% of 8).
Train Loss: output=0.1750, reconstruction=4.8251
Epoch [93/400]
batch = 0 (Δ=0.306s, 100.00%)
Training throughput: 1 batches in 0.305s; word units 100.0% of 8 words (letters-only 100.0% of 8).
Train Loss: output=0.1750, reconstruction=4.8251
Epoch [94/400]
batch = 0 (Δ=0.308s, 100.00%)
Training throughput: 1 batches in 0.306s; word units 100.0% of 8 words (letters-only 100.0% of 8).
Train Loss: output=0.1750, reconstruction=4.8250
Epoch [95/400]
batch = 0 (Δ=0.302s, 100.00%)
Training throughput: 1 batches in 0.301s; word units 100.0% of 8 words (letters-only 100.0% of 8).
Train Loss: output=0.1750, reconstruction=4.8249
Epoch [96/400]
batch = 0 (Δ=0.303s, 100.00%)
Training throughput: 1 batches in 0.302s; word units 100.0% of 8 words (letters-only 100.0% of 8).
Train Loss: output=0.1750, reconstruction=4.8249
Epoch [97/400]
batch = 0 (Δ=0.305s, 100.00%)
Training throughput: 1 batches in 0.304s; word units 100.0% of 8 words (letters-only 100.0% of 8).
Train Loss: output=0.1750, reconstruction=4.8248
Epoch [98/400]
batch = 0 (Δ=0.303s, 100.00%)
Training throughput: 1 batches in 0.302s; word units 100.0% of 8 words (letters-only 100.0% of 8).
Train Loss: output=0.1750, reconstruction=4.8248
Epoch [99/400]
batch = 0 (Δ=0.305s, 100.00%)
Training throughput: 1 batches in 0.304s; word units 100.0% of 8 words (letters-only 100.0% of 8).
Train Loss: output=0.1750, reconstruction=4.8247
Epoch [100/400]
batch = 0 (Δ=0.303s, 100.00%)
Training throughput: 1 batches in 0.302s; word units 100.0% of 8 words (letters-only 100.0% of 8).
Train Loss: output=0.1750, reconstruction=4.8246
Epoch [101/400]
batch = 0 (Δ=0.305s, 100.00%)
Training throughput: 1 batches in 0.304s; word units 100.0% of 8 words (letters-only 100.0% of 8).
Train Loss: output=0.1750, reconstruction=4.8246
Epoch [102/400]
batch = 0 (Δ=0.305s, 100.00%)
Training throughput: 1 batches in 0.304s; word units 100.0% of 8 words (letters-only 100.0% of 8).
Train Loss: output=0.1750, reconstruction=4.8245
Epoch [103/400]
batch = 0 (Δ=0.308s, 100.00%)
Training throughput: 1 batches in 0.307s; word units 100.0% of 8 words (letters-only 100.0% of 8).
Train Loss: output=0.1750, reconstruction=4.8245
Epoch [104/400]
batch = 0 (Δ=0.303s, 100.00%)
Training throughput: 1 batches in 0.302s; word units 100.0% of 8 words (letters-only 100.0% of 8).
Train Loss: output=0.1750, reconstruction=4.8244
Epoch [105/400]
batch = 0 (Δ=0.301s, 100.00%)
Training throughput: 1 batches in 0.299s; word units 100.0% of 8 words (letters-only 100.0% of 8).
Train Loss: output=0.1750, reconstruction=4.8243
Epoch [106/400]
batch = 0 (Δ=0.307s, 100.00%)
Training throughput: 1 batches in 0.306s; word units 100.0% of 8 words (letters-only 100.0% of 8).
Train Loss: output=0.1750, reconstruction=4.8243
Epoch [107/400]
batch = 0 (Δ=0.303s, 100.00%)
Training throughput: 1 batches in 0.302s; word units 100.0% of 8 words (letters-only 100.0% of 8).
Train Loss: output=0.1750, reconstruction=4.8242
Epoch [108/400]
batch = 0 (Δ=0.303s, 100.00%)
Training throughput: 1 batches in 0.302s; word units 100.0% of 8 words (letters-only 100.0% of 8).
Train Loss: output=0.1750, reconstruction=4.8242
Epoch [109/400]
batch = 0 (Δ=0.384s, 100.00%)
Training throughput: 1 batches in 0.383s; word units 100.0% of 8 words (letters-only 100.0% of 8).
Train Loss: output=0.1750, reconstruction=4.8241
Epoch [110/400]
batch = 0 (Δ=0.306s, 100.00%)
Training throughput: 1 batches in 0.305s; word units 100.0% of 8 words (letters-only 100.0% of 8).
Train Loss: output=0.1750, reconstruction=4.8240
Epoch [111/400]
batch = 0 (Δ=0.305s, 100.00%)
Training throughput: 1 batches in 0.304s; word units 100.0% of 8 words (letters-only 100.0% of 8).
Train Loss: output=0.1750, reconstruction=4.8240
Epoch [112/400]
batch = 0 (Δ=0.305s, 100.00%)
Training throughput: 1 batches in 0.304s; word units 100.0% of 8 words (letters-only 100.0% of 8).
Train Loss: output=0.1750, reconstruction=4.8239
Epoch [113/400]
batch = 0 (Δ=0.309s, 100.00%)
Training throughput: 1 batches in 0.308s; word units 100.0% of 8 words (letters-only 100.0% of 8).
Train Loss: output=0.1750, reconstruction=4.8239
Epoch [114/400]
batch = 0 (Δ=0.305s, 100.00%)
Training throughput: 1 batches in 0.304s; word units 100.0% of 8 words (letters-only 100.0% of 8).
Train Loss: output=0.1750, reconstruction=4.8238
Epoch [115/400]
batch = 0 (Δ=0.306s, 100.00%)
Training throughput: 1 batches in 0.305s; word units 100.0% of 8 words (letters-only 100.0% of 8).
Train Loss: output=0.1750, reconstruction=4.8238
Epoch [116/400]
batch = 0 (Δ=0.306s, 100.00%)
Training throughput: 1 batches in 0.305s; word units 100.0% of 8 words (letters-only 100.0% of 8).
Train Loss: output=0.1750, reconstruction=4.8237
Epoch [117/400]
batch = 0 (Δ=0.309s, 100.00%)
Training throughput: 1 batches in 0.308s; word units 100.0% of 8 words (letters-only 100.0% of 8).
Train Loss: output=0.1750, reconstruction=4.8237
Epoch [118/400]
batch = 0 (Δ=0.309s, 100.00%)
Training throughput: 1 batches in 0.307s; word units 100.0% of 8 words (letters-only 100.0% of 8).
Train Loss: output=0.1750, reconstruction=4.8236
Epoch [119/400]
batch = 0 (Δ=0.305s, 100.00%)
Training throughput: 1 batches in 0.304s; word units 100.0% of 8 words (letters-only 100.0% of 8).
Train Loss: output=0.1750, reconstruction=4.8235
Epoch [120/400]
batch = 0 (Δ=0.305s, 100.00%)
Training throughput: 1 batches in 0.304s; word units 100.0% of 8 words (letters-only 100.0% of 8).
Train Loss: output=0.1750, reconstruction=4.8235
Epoch [121/400]
batch = 0 (Δ=0.306s, 100.00%)
Training throughput: 1 batches in 0.305s; word units 100.0% of 8 words (letters-only 100.0% of 8).
Train Loss: output=0.1750, reconstruction=4.8234
Epoch [122/400]
batch = 0 (Δ=0.306s, 100.00%)
Training throughput: 1 batches in 0.305s; word units 100.0% of 8 words (letters-only 100.0% of 8).
Train Loss: output=0.1750, reconstruction=4.8234
Epoch [123/400]
batch = 0 (Δ=0.304s, 100.00%)
Training throughput: 1 batches in 0.303s; word units 100.0% of 8 words (letters-only 100.0% of 8).
Train Loss: output=0.1750, reconstruction=4.8233
Epoch [124/400]
batch = 0 (Δ=0.310s, 100.00%)
Training throughput: 1 batches in 0.309s; word units 100.0% of 8 words (letters-only 100.0% of 8).
Train Loss: output=0.1750, reconstruction=4.8233
Epoch [125/400]
batch = 0 (Δ=0.307s, 100.00%)
Training throughput: 1 batches in 0.306s; word units 100.0% of 8 words (letters-only 100.0% of 8).
Train Loss: output=0.1750, reconstruction=4.8232
Epoch [126/400]
batch = 0 (Δ=0.307s, 100.00%)
Training throughput: 1 batches in 0.306s; word units 100.0% of 8 words (letters-only 100.0% of 8).
Train Loss: output=0.1750, reconstruction=4.8232
Epoch [127/400]
batch = 0 (Δ=0.385s, 100.00%)
Training throughput: 1 batches in 0.384s; word units 100.0% of 8 words (letters-only 100.0% of 8).
Train Loss: output=0.1750, reconstruction=4.8231
Epoch [128/400]
batch = 0 (Δ=0.308s, 100.00%)
Training throughput: 1 batches in 0.307s; word units 100.0% of 8 words (letters-only 100.0% of 8).
Train Loss: output=0.1750, reconstruction=4.8231
Epoch [129/400]
batch = 0 (Δ=0.304s, 100.00%)
Training throughput: 1 batches in 0.303s; word units 100.0% of 8 words (letters-only 100.0% of 8).
Train Loss: output=0.1750, reconstruction=4.8230
Epoch [130/400]
batch = 0 (Δ=0.309s, 100.00%)
Training throughput: 1 batches in 0.308s; word units 100.0% of 8 words (letters-only 100.0% of 8).
Train Loss: output=0.1750, reconstruction=4.8230
Epoch [131/400]
batch = 0 (Δ=0.379s, 100.00%)
Training throughput: 1 batches in 0.378s; word units 100.0% of 8 words (letters-only 100.0% of 8).
Train Loss: output=0.1750, reconstruction=4.8229
Epoch [132/400]
batch = 0 (Δ=0.310s, 100.00%)
Training throughput: 1 batches in 0.308s; word units 100.0% of 8 words (letters-only 100.0% of 8).
Train Loss: output=0.1750, reconstruction=4.8229
Epoch [133/400]
batch = 0 (Δ=0.305s, 100.00%)
Training throughput: 1 batches in 0.305s; word units 100.0% of 8 words (letters-only 100.0% of 8).
Train Loss: output=0.1750, reconstruction=4.8228
Epoch [134/400]
batch = 0 (Δ=0.309s, 100.00%)
Training throughput: 1 batches in 0.308s; word units 100.0% of 8 words (letters-only 100.0% of 8).
Train Loss: output=0.1750, reconstruction=4.8228
Epoch [135/400]
batch = 0 (Δ=0.311s, 100.00%)
Training throughput: 1 batches in 0.310s; word units 100.0% of 8 words (letters-only 100.0% of 8).
Train Loss: output=0.1750, reconstruction=4.8228
Epoch [136/400]
batch = 0 (Δ=0.306s, 100.00%)
Training throughput: 1 batches in 0.305s; word units 100.0% of 8 words (letters-only 100.0% of 8).
Train Loss: output=0.1750, reconstruction=4.8227
Epoch [137/400]
batch = 0 (Δ=0.306s, 100.00%)
Training throughput: 1 batches in 0.305s; word units 100.0% of 8 words (letters-only 100.0% of 8).
Train Loss: output=0.1750, reconstruction=4.8227
Epoch [138/400]
batch = 0 (Δ=0.307s, 100.00%)
Training throughput: 1 batches in 0.306s; word units 100.0% of 8 words (letters-only 100.0% of 8).
Train Loss: output=0.1750, reconstruction=4.8226
Epoch [139/400]
batch = 0 (Δ=0.309s, 100.00%)
Training throughput: 1 batches in 0.308s; word units 100.0% of 8 words (letters-only 100.0% of 8).
Train Loss: output=0.1750, reconstruction=4.8226
Epoch [140/400]
batch = 0 (Δ=0.308s, 100.00%)
Training throughput: 1 batches in 0.306s; word units 100.0% of 8 words (letters-only 100.0% of 8).
Train Loss: output=0.1750, reconstruction=4.8225
Epoch [141/400]
batch = 0 (Δ=0.307s, 100.00%)
Training throughput: 1 batches in 0.306s; word units 100.0% of 8 words (letters-only 100.0% of 8).
Train Loss: output=0.1750, reconstruction=4.8225
Epoch [142/400]
batch = 0 (Δ=0.306s, 100.00%)
Training throughput: 1 batches in 0.305s; word units 100.0% of 8 words (letters-only 100.0% of 8).
Train Loss: output=0.1750, reconstruction=4.8225
Epoch [143/400]
batch = 0 (Δ=0.307s, 100.00%)
Training throughput: 1 batches in 0.306s; word units 100.0% of 8 words (letters-only 100.0% of 8).
Train Loss: output=0.1750, reconstruction=4.8224
Epoch [144/400]
batch = 0 (Δ=0.308s, 100.00%)
Training throughput: 1 batches in 0.307s; word units 100.0% of 8 words (letters-only 100.0% of 8).
Train Loss: output=0.1750, reconstruction=4.8224
Epoch [145/400]
batch = 0 (Δ=0.394s, 100.00%)
Training throughput: 1 batches in 0.393s; word units 100.0% of 8 words (letters-only 100.0% of 8).
Train Loss: output=0.1750, reconstruction=4.8223
Epoch [146/400]
batch = 0 (Δ=0.308s, 100.00%)
Training throughput: 1 batches in 0.307s; word units 100.0% of 8 words (letters-only 100.0% of 8).
Train Loss: output=0.1750, reconstruction=4.8223
Epoch [147/400]
batch = 0 (Δ=0.308s, 100.00%)
Training throughput: 1 batches in 0.307s; word units 100.0% of 8 words (letters-only 100.0% of 8).
Train Loss: output=0.1750, reconstruction=4.8223
Epoch [148/400]
batch = 0 (Δ=0.308s, 100.00%)
Training throughput: 1 batches in 0.307s; word units 100.0% of 8 words (letters-only 100.0% of 8).
Train Loss: output=0.1750, reconstruction=4.8222
Epoch [149/400]
batch = 0 (Δ=0.306s, 100.00%)
Training throughput: 1 batches in 0.305s; word units 100.0% of 8 words (letters-only 100.0% of 8).
Train Loss: output=0.1750, reconstruction=4.8222
Epoch [150/400]
batch = 0 (Δ=0.307s, 100.00%)
Training throughput: 1 batches in 0.305s; word units 100.0% of 8 words (letters-only 100.0% of 8).
Train Loss: output=0.1750, reconstruction=4.8221
Epoch [151/400]
batch = 0 (Δ=0.307s, 100.00%)
Training throughput: 1 batches in 0.305s; word units 100.0% of 8 words (letters-only 100.0% of 8).
Train Loss: output=0.1750, reconstruction=4.8221
Epoch [152/400]
batch = 0 (Δ=0.309s, 100.00%)
Training throughput: 1 batches in 0.308s; word units 100.0% of 8 words (letters-only 100.0% of 8).
Train Loss: output=0.1750, reconstruction=4.8221
Epoch [153/400]
batch = 0 (Δ=0.307s, 100.00%)
Training throughput: 1 batches in 0.306s; word units 100.0% of 8 words (letters-only 100.0% of 8).
Train Loss: output=0.1750, reconstruction=4.8220
Epoch [154/400]
batch = 0 (Δ=0.308s, 100.00%)
Training throughput: 1 batches in 0.307s; word units 100.0% of 8 words (letters-only 100.0% of 8).
Train Loss: output=0.1750, reconstruction=4.8220
Epoch [155/400]
batch = 0 (Δ=0.314s, 100.00%)
Training throughput: 1 batches in 0.312s; word units 100.0% of 8 words (letters-only 100.0% of 8).
Train Loss: output=0.1750, reconstruction=4.8219
Epoch [156/400]
batch = 0 (Δ=0.307s, 100.00%)
Training throughput: 1 batches in 0.307s; word units 100.0% of 8 words (letters-only 100.0% of 8).
Train Loss: output=0.1750, reconstruction=4.8219
Epoch [157/400]
batch = 0 (Δ=0.309s, 100.00%)
Training throughput: 1 batches in 0.308s; word units 100.0% of 8 words (letters-only 100.0% of 8).
Train Loss: output=0.1750, reconstruction=4.8219
Epoch [158/400]
batch = 0 (Δ=0.310s, 100.00%)
Training throughput: 1 batches in 0.309s; word units 100.0% of 8 words (letters-only 100.0% of 8).
Train Loss: output=0.1750, reconstruction=4.8218
Epoch [159/400]
batch = 0 (Δ=0.310s, 100.00%)
Training throughput: 1 batches in 0.309s; word units 100.0% of 8 words (letters-only 100.0% of 8).
Train Loss: output=0.1750, reconstruction=4.8218
Epoch [160/400]
batch = 0 (Δ=0.311s, 100.00%)
Training throughput: 1 batches in 0.310s; word units 100.0% of 8 words (letters-only 100.0% of 8).
Train Loss: output=0.1750, reconstruction=4.8218
Epoch [161/400]
batch = 0 (Δ=0.309s, 100.00%)
Training throughput: 1 batches in 0.308s; word units 100.0% of 8 words (letters-only 100.0% of 8).
Train Loss: output=0.1750, reconstruction=4.8217
Epoch [162/400]
batch = 0 (Δ=0.391s, 100.00%)
Training throughput: 1 batches in 0.390s; word units 100.0% of 8 words (letters-only 100.0% of 8).
Train Loss: output=0.1750, reconstruction=4.8217
Epoch [163/400]
batch = 0 (Δ=0.310s, 100.00%)
Training throughput: 1 batches in 0.308s; word units 100.0% of 8 words (letters-only 100.0% of 8).
Train Loss: output=0.1750, reconstruction=4.8217
Epoch [164/400]
batch = 0 (Δ=0.308s, 100.00%)
Training throughput: 1 batches in 0.307s; word units 100.0% of 8 words (letters-only 100.0% of 8).
Train Loss: output=0.1750, reconstruction=4.8216
Epoch [165/400]
batch = 0 (Δ=0.307s, 100.00%)
Training throughput: 1 batches in 0.306s; word units 100.0% of 8 words (letters-only 100.0% of 8).
Train Loss: output=0.1750, reconstruction=4.8216
Epoch [166/400]
batch = 0 (Δ=0.314s, 100.00%)
Training throughput: 1 batches in 0.313s; word units 100.0% of 8 words (letters-only 100.0% of 8).
Train Loss: output=0.1750, reconstruction=4.8216
Epoch [167/400]
batch = 0 (Δ=0.310s, 100.00%)
Training throughput: 1 batches in 0.309s; word units 100.0% of 8 words (letters-only 100.0% of 8).
Train Loss: output=0.1750, reconstruction=4.8215
Epoch [168/400]
batch = 0 (Δ=0.315s, 100.00%)
Training throughput: 1 batches in 0.314s; word units 100.0% of 8 words (letters-only 100.0% of 8).
Train Loss: output=0.1750, reconstruction=4.8215
Epoch [169/400]
batch = 0 (Δ=0.310s, 100.00%)
Training throughput: 1 batches in 0.309s; word units 100.0% of 8 words (letters-only 100.0% of 8).
Train Loss: output=0.1750, reconstruction=4.8214
Epoch [170/400]
batch = 0 (Δ=0.310s, 100.00%)
Training throughput: 1 batches in 0.309s; word units 100.0% of 8 words (letters-only 100.0% of 8).
Train Loss: output=0.1750, reconstruction=4.8214
Epoch [171/400]
batch = 0 (Δ=0.308s, 100.00%)
Training throughput: 1 batches in 0.308s; word units 100.0% of 8 words (letters-only 100.0% of 8).
Train Loss: output=0.1750, reconstruction=4.8214
Epoch [172/400]
batch = 0 (Δ=0.310s, 100.00%)
Training throughput: 1 batches in 0.309s; word units 100.0% of 8 words (letters-only 100.0% of 8).
Train Loss: output=0.1750, reconstruction=4.8214
Epoch [173/400]
batch = 0 (Δ=0.313s, 100.00%)
Training throughput: 1 batches in 0.312s; word units 100.0% of 8 words (letters-only 100.0% of 8).
Train Loss: output=0.1750, reconstruction=4.8213
Epoch [174/400]
batch = 0 (Δ=0.314s, 100.00%)
Training throughput: 1 batches in 0.313s; word units 100.0% of 8 words (letters-only 100.0% of 8).
Train Loss: output=0.1750, reconstruction=4.8213
Epoch [175/400]
batch = 0 (Δ=0.310s, 100.00%)
Training throughput: 1 batches in 0.309s; word units 100.0% of 8 words (letters-only 100.0% of 8).
Train Loss: output=0.1750, reconstruction=4.8213
Epoch [176/400]
batch = 0 (Δ=0.312s, 100.00%)
Training throughput: 1 batches in 0.311s; word units 100.0% of 8 words (letters-only 100.0% of 8).
Train Loss: output=0.1750, reconstruction=4.8212
Epoch [177/400]
batch = 0 (Δ=0.309s, 100.00%)
Training throughput: 1 batches in 0.308s; word units 100.0% of 8 words (letters-only 100.0% of 8).
Train Loss: output=0.1750, reconstruction=4.8212
Epoch [178/400]
batch = 0 (Δ=0.391s, 100.00%)
Training throughput: 1 batches in 0.390s; word units 100.0% of 8 words (letters-only 100.0% of 8).
Train Loss: output=0.1750, reconstruction=4.8212
Epoch [179/400]
batch = 0 (Δ=0.314s, 100.00%)
Training throughput: 1 batches in 0.313s; word units 100.0% of 8 words (letters-only 100.0% of 8).
Train Loss: output=0.1750, reconstruction=4.8211
Epoch [180/400]
batch = 0 (Δ=0.312s, 100.00%)
Training throughput: 1 batches in 0.311s; word units 100.0% of 8 words (letters-only 100.0% of 8).
Train Loss: output=0.1750, reconstruction=4.8211
Epoch [181/400]
batch = 0 (Δ=0.316s, 100.00%)
Training throughput: 1 batches in 0.315s; word units 100.0% of 8 words (letters-only 100.0% of 8).
Train Loss: output=0.1750, reconstruction=4.8211
Epoch [182/400]
batch = 0 (Δ=0.310s, 100.00%)
Training throughput: 1 batches in 0.308s; word units 100.0% of 8 words (letters-only 100.0% of 8).
Train Loss: output=0.1750, reconstruction=4.8210
Epoch [183/400]
batch = 0 (Δ=0.312s, 100.00%)
Training throughput: 1 batches in 0.311s; word units 100.0% of 8 words (letters-only 100.0% of 8).
Train Loss: output=0.1750, reconstruction=4.8210
Epoch [184/400]
batch = 0 (Δ=0.310s, 100.00%)
Training throughput: 1 batches in 0.309s; word units 100.0% of 8 words (letters-only 100.0% of 8).
Train Loss: output=0.1750, reconstruction=4.8210
Epoch [185/400]
batch = 0 (Δ=0.311s, 100.00%)
Training throughput: 1 batches in 0.310s; word units 100.0% of 8 words (letters-only 100.0% of 8).
Train Loss: output=0.1750, reconstruction=4.8210
Epoch [186/400]
batch = 0 (Δ=0.311s, 100.00%)
Training throughput: 1 batches in 0.310s; word units 100.0% of 8 words (letters-only 100.0% of 8).
Train Loss: output=0.1750, reconstruction=4.8209
Epoch [187/400]
batch = 0 (Δ=0.315s, 100.00%)
Training throughput: 1 batches in 0.315s; word units 100.0% of 8 words (letters-only 100.0% of 8).
Train Loss: output=0.1750, reconstruction=4.8209
Epoch [188/400]
batch = 0 (Δ=0.312s, 100.00%)
Training throughput: 1 batches in 0.311s; word units 100.0% of 8 words (letters-only 100.0% of 8).
Train Loss: output=0.1750, reconstruction=4.8209
Epoch [189/400]
batch = 0 (Δ=0.310s, 100.00%)
Training throughput: 1 batches in 0.309s; word units 100.0% of 8 words (letters-only 100.0% of 8).
Train Loss: output=0.1750, reconstruction=4.8208
Epoch [190/400]
batch = 0 (Δ=0.312s, 100.00%)
Training throughput: 1 batches in 0.311s; word units 100.0% of 8 words (letters-only 100.0% of 8).
Train Loss: output=0.1750, reconstruction=4.8208
Epoch [191/400]
batch = 0 (Δ=0.311s, 100.00%)
Training throughput: 1 batches in 0.310s; word units 100.0% of 8 words (letters-only 100.0% of 8).
Train Loss: output=0.1750, reconstruction=4.8208
Epoch [192/400]
batch = 0 (Δ=0.312s, 100.00%)
Training throughput: 1 batches in 0.311s; word units 100.0% of 8 words (letters-only 100.0% of 8).
Train Loss: output=0.1750, reconstruction=4.8208
Epoch [193/400]
batch = 0 (Δ=0.393s, 100.00%)
Training throughput: 1 batches in 0.392s; word units 100.0% of 8 words (letters-only 100.0% of 8).
Train Loss: output=0.1750, reconstruction=4.8207
Epoch [194/400]
batch = 0 (Δ=0.314s, 100.00%)
Training throughput: 1 batches in 0.313s; word units 100.0% of 8 words (letters-only 100.0% of 8).
Train Loss: output=0.1750, reconstruction=4.8207
Epoch [195/400]
batch = 0 (Δ=0.313s, 100.00%)
Training throughput: 1 batches in 0.312s; word units 100.0% of 8 words (letters-only 100.0% of 8).
Train Loss: output=0.1750, reconstruction=4.8207
Epoch [196/400]
batch = 0 (Δ=0.313s, 100.00%)
Training throughput: 1 batches in 0.312s; word units 100.0% of 8 words (letters-only 100.0% of 8).
Train Loss: output=0.1750, reconstruction=4.8206
Epoch [197/400]
batch = 0 (Δ=0.314s, 100.00%)
Training throughput: 1 batches in 0.313s; word units 100.0% of 8 words (letters-only 100.0% of 8).
Train Loss: output=0.1750, reconstruction=4.8206
Epoch [198/400]
batch = 0 (Δ=0.313s, 100.00%)
Training throughput: 1 batches in 0.312s; word units 100.0% of 8 words (letters-only 100.0% of 8).
Train Loss: output=0.1750, reconstruction=4.8206
Epoch [199/400]
batch = 0 (Δ=0.315s, 100.00%)
Training throughput: 1 batches in 0.314s; word units 100.0% of 8 words (letters-only 100.0% of 8).
Train Loss: output=0.1750, reconstruction=4.8206
Epoch [200/400]
batch = 0 (Δ=0.316s, 100.00%)
Training throughput: 1 batches in 0.314s; word units 100.0% of 8 words (letters-only 100.0% of 8).
Train Loss: output=0.1750, reconstruction=4.8205
Epoch [201/400]
batch = 0 (Δ=0.312s, 100.00%)
Training throughput: 1 batches in 0.311s; word units 100.0% of 8 words (letters-only 100.0% of 8).
Train Loss: output=0.1750, reconstruction=4.8205
Epoch [202/400]
batch = 0 (Δ=0.315s, 100.00%)
Training throughput: 1 batches in 0.314s; word units 100.0% of 8 words (letters-only 100.0% of 8).
Train Loss: output=0.1750, reconstruction=4.8205
Epoch [203/400]
batch = 0 (Δ=0.316s, 100.00%)
Training throughput: 1 batches in 0.315s; word units 100.0% of 8 words (letters-only 100.0% of 8).
Train Loss: output=0.1750, reconstruction=4.8205
Epoch [204/400]
batch = 0 (Δ=0.313s, 100.00%)
Training throughput: 1 batches in 0.312s; word units 100.0% of 8 words (letters-only 100.0% of 8).
Train Loss: output=0.1750, reconstruction=4.8204
Epoch [205/400]
batch = 0 (Δ=0.312s, 100.00%)
Training throughput: 1 batches in 0.311s; word units 100.0% of 8 words (letters-only 100.0% of 8).
Train Loss: output=0.1750, reconstruction=4.8204
Epoch [206/400]
batch = 0 (Δ=0.315s, 100.00%)
Training throughput: 1 batches in 0.314s; word units 100.0% of 8 words (letters-only 100.0% of 8).
Train Loss: output=0.1750, reconstruction=4.8204
Epoch [207/400]
batch = 0 (Δ=0.319s, 100.00%)
Training throughput: 1 batches in 0.318s; word units 100.0% of 8 words (letters-only 100.0% of 8).
Train Loss: output=0.1750, reconstruction=4.8204
Epoch [208/400]
batch = 0 (Δ=0.395s, 100.00%)
Training throughput: 1 batches in 0.394s; word units 100.0% of 8 words (letters-only 100.0% of 8).
Train Loss: output=0.1750, reconstruction=4.8203
Epoch [209/400]
batch = 0 (Δ=0.313s, 100.00%)
Training throughput: 1 batches in 0.312s; word units 100.0% of 8 words (letters-only 100.0% of 8).
Train Loss: output=0.1750, reconstruction=4.8203
Epoch [210/400]
batch = 0 (Δ=0.315s, 100.00%)
Training throughput: 1 batches in 0.314s; word units 100.0% of 8 words (letters-only 100.0% of 8).
Train Loss: output=0.1750, reconstruction=4.8203
Epoch [211/400]
batch = 0 (Δ=0.314s, 100.00%)
Training throughput: 1 batches in 0.313s; word units 100.0% of 8 words (letters-only 100.0% of 8).
Train Loss: output=0.1750, reconstruction=4.8203
Epoch [212/400]
batch = 0 (Δ=0.315s, 100.00%)
Training throughput: 1 batches in 0.314s; word units 100.0% of 8 words (letters-only 100.0% of 8).
Train Loss: output=0.1750, reconstruction=4.8202
Epoch [213/400]
batch = 0 (Δ=0.316s, 100.00%)
Training throughput: 1 batches in 0.315s; word units 100.0% of 8 words (letters-only 100.0% of 8).
Train Loss: output=0.1750, reconstruction=4.8202
Epoch [214/400]
batch = 0 (Δ=0.314s, 100.00%)
Training throughput: 1 batches in 0.313s; word units 100.0% of 8 words (letters-only 100.0% of 8).
Train Loss: output=0.1750, reconstruction=4.8202
Epoch [215/400]
batch = 0 (Δ=0.316s, 100.00%)
Training throughput: 1 batches in 0.315s; word units 100.0% of 8 words (letters-only 100.0% of 8).
Train Loss: output=0.1750, reconstruction=4.8202
Epoch [216/400]
batch = 0 (Δ=0.316s, 100.00%)
Training throughput: 1 batches in 0.314s; word units 100.0% of 8 words (letters-only 100.0% of 8).
Train Loss: output=0.1750, reconstruction=4.8201
Epoch [217/400]
batch = 0 (Δ=0.317s, 100.00%)
Training throughput: 1 batches in 0.315s; word units 100.0% of 8 words (letters-only 100.0% of 8).
Train Loss: output=0.1750, reconstruction=4.8201
Epoch [218/400]
batch = 0 (Δ=0.315s, 100.00%)
Training throughput: 1 batches in 0.314s; word units 100.0% of 8 words (letters-only 100.0% of 8).
Train Loss: output=0.1750, reconstruction=4.8201
Epoch [219/400]
batch = 0 (Δ=0.315s, 100.00%)
Training throughput: 1 batches in 0.314s; word units 100.0% of 8 words (letters-only 100.0% of 8).
Train Loss: output=0.1750, reconstruction=4.8201
Epoch [220/400]
batch = 0 (Δ=0.320s, 100.00%)
Training throughput: 1 batches in 0.319s; word units 100.0% of 8 words (letters-only 100.0% of 8).
Train Loss: output=0.1750, reconstruction=4.8201
Epoch [221/400]
batch = 0 (Δ=0.315s, 100.00%)
Training throughput: 1 batches in 0.314s; word units 100.0% of 8 words (letters-only 100.0% of 8).
Train Loss: output=0.1750, reconstruction=4.8200
Epoch [222/400]
batch = 0 (Δ=0.314s, 100.00%)
Training throughput: 1 batches in 0.313s; word units 100.0% of 8 words (letters-only 100.0% of 8).
Train Loss: output=0.1750, reconstruction=4.8200
Epoch [223/400]
batch = 0 (Δ=0.318s, 100.00%)
Training throughput: 1 batches in 0.317s; word units 100.0% of 8 words (letters-only 100.0% of 8).
Train Loss: output=0.1750, reconstruction=4.8200
Epoch [224/400]
batch = 0 (Δ=0.398s, 100.00%)
Training throughput: 1 batches in 0.397s; word units 100.0% of 8 words (letters-only 100.0% of 8).
Train Loss: output=0.1750, reconstruction=4.8200
Epoch [225/400]
batch = 0 (Δ=0.316s, 100.00%)
Training throughput: 1 batches in 0.315s; word units 100.0% of 8 words (letters-only 100.0% of 8).
Train Loss: output=0.1750, reconstruction=4.8199
Epoch [226/400]
batch = 0 (Δ=0.315s, 100.00%)
Training throughput: 1 batches in 0.314s; word units 100.0% of 8 words (letters-only 100.0% of 8).
Train Loss: output=0.1750, reconstruction=4.8199
Epoch [227/400]
batch = 0 (Δ=0.320s, 100.00%)
Training throughput: 1 batches in 0.318s; word units 100.0% of 8 words (letters-only 100.0% of 8).
Train Loss: output=0.1750, reconstruction=4.8199
Epoch [228/400]
batch = 0 (Δ=0.314s, 100.00%)
Training throughput: 1 batches in 0.313s; word units 100.0% of 8 words (letters-only 100.0% of 8).
Train Loss: output=0.1750, reconstruction=4.8199
Epoch [229/400]
batch = 0 (Δ=0.319s, 100.00%)
Training throughput: 1 batches in 0.318s; word units 100.0% of 8 words (letters-only 100.0% of 8).
Train Loss: output=0.1750, reconstruction=4.8198
Epoch [230/400]
batch = 0 (Δ=0.316s, 100.00%)
Training throughput: 1 batches in 0.316s; word units 100.0% of 8 words (letters-only 100.0% of 8).
Train Loss: output=0.1750, reconstruction=4.8198
Epoch [231/400]
batch = 0 (Δ=0.318s, 100.00%)
Training throughput: 1 batches in 0.317s; word units 100.0% of 8 words (letters-only 100.0% of 8).
Train Loss: output=0.1750, reconstruction=4.8198
Epoch [232/400]
batch = 0 (Δ=0.316s, 100.00%)
Training throughput: 1 batches in 0.315s; word units 100.0% of 8 words (letters-only 100.0% of 8).
Train Loss: output=0.1750, reconstruction=4.8198
Epoch [233/400]
batch = 0 (Δ=0.315s, 100.00%)
Training throughput: 1 batches in 0.314s; word units 100.0% of 8 words (letters-only 100.0% of 8).
Train Loss: output=0.1750, reconstruction=4.8198
Epoch [234/400]
batch = 0 (Δ=0.319s, 100.00%)
Training throughput: 1 batches in 0.318s; word units 100.0% of 8 words (letters-only 100.0% of 8).
Train Loss: output=0.1750, reconstruction=4.8197
Epoch [235/400]
batch = 0 (Δ=0.318s, 100.00%)
Training throughput: 1 batches in 0.317s; word units 100.0% of 8 words (letters-only 100.0% of 8).
Train Loss: output=0.1750, reconstruction=4.8197
Epoch [236/400]
batch = 0 (Δ=0.318s, 100.00%)
Training throughput: 1 batches in 0.317s; word units 100.0% of 8 words (letters-only 100.0% of 8).
Train Loss: output=0.1750, reconstruction=4.8197
Epoch [237/400]
batch = 0 (Δ=0.316s, 100.00%)
Training throughput: 1 batches in 0.315s; word units 100.0% of 8 words (letters-only 100.0% of 8).
Train Loss: output=0.1750, reconstruction=4.8197
Epoch [238/400]
batch = 0 (Δ=0.319s, 100.00%)
Training throughput: 1 batches in 0.318s; word units 100.0% of 8 words (letters-only 100.0% of 8).
Train Loss: output=0.1750, reconstruction=4.8197
Epoch [239/400]
batch = 0 (Δ=0.397s, 100.00%)
Training throughput: 1 batches in 0.397s; word units 100.0% of 8 words (letters-only 100.0% of 8).
Train Loss: output=0.1750, reconstruction=4.8196
Epoch [240/400]
batch = 0 (Δ=0.319s, 100.00%)
Training throughput: 1 batches in 0.318s; word units 100.0% of 8 words (letters-only 100.0% of 8).
Train Loss: output=0.1750, reconstruction=4.8196
Epoch [241/400]
batch = 0 (Δ=0.318s, 100.00%)
Training throughput: 1 batches in 0.316s; word units 100.0% of 8 words (letters-only 100.0% of 8).
Train Loss: output=0.1750, reconstruction=4.8196
Epoch [242/400]
batch = 0 (Δ=0.318s, 100.00%)
Training throughput: 1 batches in 0.317s; word units 100.0% of 8 words (letters-only 100.0% of 8).
Train Loss: output=0.1750, reconstruction=4.8196
Epoch [243/400]
batch = 0 (Δ=0.323s, 100.00%)
Training throughput: 1 batches in 0.322s; word units 100.0% of 8 words (letters-only 100.0% of 8).
Train Loss: output=0.1750, reconstruction=4.8195
Epoch [244/400]
batch = 0 (Δ=0.319s, 100.00%)
Training throughput: 1 batches in 0.318s; word units 100.0% of 8 words (letters-only 100.0% of 8).
Train Loss: output=0.1750, reconstruction=4.8195
Epoch [245/400]
batch = 0 (Δ=0.317s, 100.00%)
Training throughput: 1 batches in 0.316s; word units 100.0% of 8 words (letters-only 100.0% of 8).
Train Loss: output=0.1750, reconstruction=4.8195
Epoch [246/400]
batch = 0 (Δ=0.319s, 100.00%)
Training throughput: 1 batches in 0.317s; word units 100.0% of 8 words (letters-only 100.0% of 8).
Train Loss: output=0.1750, reconstruction=4.8195
Epoch [247/400]
batch = 0 (Δ=0.318s, 100.00%)
Training throughput: 1 batches in 0.317s; word units 100.0% of 8 words (letters-only 100.0% of 8).
Train Loss: output=0.1750, reconstruction=4.8195
Epoch [248/400]
batch = 0 (Δ=0.319s, 100.00%)
Training throughput: 1 batches in 0.318s; word units 100.0% of 8 words (letters-only 100.0% of 8).
Train Loss: output=0.1750, reconstruction=4.8194
Epoch [249/400]
batch = 0 (Δ=0.321s, 100.00%)
Training throughput: 1 batches in 0.320s; word units 100.0% of 8 words (letters-only 100.0% of 8).
Train Loss: output=0.1750, reconstruction=4.8194
Epoch [250/400]
batch = 0 (Δ=0.317s, 100.00%)
Training throughput: 1 batches in 0.316s; word units 100.0% of 8 words (letters-only 100.0% of 8).
Train Loss: output=0.1750, reconstruction=4.8194
Epoch [251/400]
batch = 0 (Δ=0.322s, 100.00%)
Training throughput: 1 batches in 0.321s; word units 100.0% of 8 words (letters-only 100.0% of 8).
Train Loss: output=0.1750, reconstruction=4.8194
Epoch [252/400]
batch = 0 (Δ=0.317s, 100.00%)
Training throughput: 1 batches in 0.316s; word units 100.0% of 8 words (letters-only 100.0% of 8).
Train Loss: output=0.1750, reconstruction=4.8194
Epoch [253/400]
batch = 0 (Δ=0.318s, 100.00%)
Training throughput: 1 batches in 0.318s; word units 100.0% of 8 words (letters-only 100.0% of 8).
Train Loss: output=0.1750, reconstruction=4.8193
Epoch [254/400]
batch = 0 (Δ=0.402s, 100.00%)
Training throughput: 1 batches in 0.400s; word units 100.0% of 8 words (letters-only 100.0% of 8).
Train Loss: output=0.1750, reconstruction=4.8193
Epoch [255/400]
batch = 0 (Δ=0.319s, 100.00%)
Training throughput: 1 batches in 0.318s; word units 100.0% of 8 words (letters-only 100.0% of 8).
Train Loss: output=0.1750, reconstruction=4.8193
Epoch [256/400]
batch = 0 (Δ=0.313s, 100.00%)
Training throughput: 1 batches in 0.312s; word units 100.0% of 8 words (letters-only 100.0% of 8).
Train Loss: output=0.1750, reconstruction=4.8193
Epoch [257/400]
batch = 0 (Δ=0.311s, 100.00%)
Training throughput: 1 batches in 0.310s; word units 100.0% of 8 words (letters-only 100.0% of 8).
Train Loss: output=0.1750, reconstruction=4.8161
Epoch [258/400]
batch = 0 (Δ=0.314s, 100.00%)
Training throughput: 1 batches in 0.312s; word units 100.0% of 8 words (letters-only 100.0% of 8).
Train Loss: output=0.1750, reconstruction=4.8127
Epoch [259/400]
batch = 0 (Δ=0.312s, 100.00%)
Training throughput: 1 batches in 0.311s; word units 100.0% of 8 words (letters-only 100.0% of 8).
Train Loss: output=0.1750, reconstruction=4.8095
Epoch [260/400]
batch = 0 (Δ=0.309s, 100.00%)
Training throughput: 1 batches in 0.308s; word units 100.0% of 8 words (letters-only 100.0% of 8).
Train Loss: output=0.1750, reconstruction=4.8068
Epoch [261/400]
batch = 0 (Δ=0.314s, 100.00%)
Training throughput: 1 batches in 0.313s; word units 100.0% of 8 words (letters-only 100.0% of 8).
Train Loss: output=0.1750, reconstruction=4.8044
Epoch [262/400]
batch = 0 (Δ=0.311s, 100.00%)
Training throughput: 1 batches in 0.310s; word units 100.0% of 8 words (letters-only 100.0% of 8).
Train Loss: output=0.1750, reconstruction=4.8024
Epoch [263/400]
batch = 0 (Δ=0.308s, 100.00%)
Training throughput: 1 batches in 0.307s; word units 100.0% of 8 words (letters-only 100.0% of 8).
Train Loss: output=0.1750, reconstruction=4.8008
Epoch [264/400]
batch = 0 (Δ=0.313s, 100.00%)
Training throughput: 1 batches in 0.312s; word units 100.0% of 8 words (letters-only 100.0% of 8).
Train Loss: output=0.1750, reconstruction=4.7994
Epoch [265/400]
batch = 0 (Δ=0.311s, 100.00%)
Training throughput: 1 batches in 0.310s; word units 100.0% of 8 words (letters-only 100.0% of 8).
Train Loss: output=0.1750, reconstruction=4.7983
Epoch [266/400]
batch = 0 (Δ=0.311s, 100.00%)
Training throughput: 1 batches in 0.309s; word units 100.0% of 8 words (letters-only 100.0% of 8).
Train Loss: output=0.1750, reconstruction=4.7973
Epoch [267/400]
batch = 0 (Δ=0.309s, 100.00%)
Training throughput: 1 batches in 0.309s; word units 100.0% of 8 words (letters-only 100.0% of 8).
Train Loss: output=0.1750, reconstruction=4.7966
Epoch [268/400]
batch = 0 (Δ=0.313s, 100.00%)
Training throughput: 1 batches in 0.312s; word units 100.0% of 8 words (letters-only 100.0% of 8).
Train Loss: output=0.1750, reconstruction=4.7959
Epoch [269/400]
batch = 0 (Δ=0.310s, 100.00%)
Training throughput: 1 batches in 0.309s; word units 100.0% of 8 words (letters-only 100.0% of 8).
Train Loss: output=0.1750, reconstruction=4.7954
Epoch [270/400]
batch = 0 (Δ=0.309s, 100.00%)
Training throughput: 1 batches in 0.308s; word units 100.0% of 8 words (letters-only 100.0% of 8).
Train Loss: output=0.1750, reconstruction=4.7949
Epoch [271/400]
batch = 0 (Δ=0.312s, 100.00%)
Training throughput: 1 batches in 0.311s; word units 100.0% of 8 words (letters-only 100.0% of 8).
Train Loss: output=0.1750, reconstruction=4.7945
Epoch [272/400]
batch = 0 (Δ=0.389s, 100.00%)
Training throughput: 1 batches in 0.387s; word units 100.0% of 8 words (letters-only 100.0% of 8).
Train Loss: output=0.1750, reconstruction=4.7942
Epoch [273/400]
batch = 0 (Δ=0.312s, 100.00%)
Training throughput: 1 batches in 0.311s; word units 100.0% of 8 words (letters-only 100.0% of 8).
Train Loss: output=0.1750, reconstruction=4.7939
Epoch [274/400]
batch = 0 (Δ=0.309s, 100.00%)
Training throughput: 1 batches in 0.308s; word units 100.0% of 8 words (letters-only 100.0% of 8).
Train Loss: output=0.1750, reconstruction=4.7937
Epoch [275/400]
batch = 0 (Δ=0.314s, 100.00%)
Training throughput: 1 batches in 0.313s; word units 100.0% of 8 words (letters-only 100.0% of 8).
Train Loss: output=0.1750, reconstruction=4.7935
Epoch [276/400]
batch = 0 (Δ=0.311s, 100.00%)
Training throughput: 1 batches in 0.310s; word units 100.0% of 8 words (letters-only 100.0% of 8).
Train Loss: output=0.1750, reconstruction=4.7933
Epoch [277/400]
batch = 0 (Δ=0.313s, 100.00%)
Training throughput: 1 batches in 0.312s; word units 100.0% of 8 words (letters-only 100.0% of 8).
Train Loss: output=0.1750, reconstruction=4.7931
Epoch [278/400]
batch = 0 (Δ=0.311s, 100.00%)
Training throughput: 1 batches in 0.310s; word units 100.0% of 8 words (letters-only 100.0% of 8).
Train Loss: output=0.1750, reconstruction=4.7930
Epoch [279/400]
batch = 0 (Δ=0.310s, 100.00%)
Training throughput: 1 batches in 0.309s; word units 100.0% of 8 words (letters-only 100.0% of 8).
Train Loss: output=0.1750, reconstruction=4.7929
Epoch [280/400]
batch = 0 (Δ=0.312s, 100.00%)
Training throughput: 1 batches in 0.311s; word units 100.0% of 8 words (letters-only 100.0% of 8).
Train Loss: output=0.1750, reconstruction=4.7928
Epoch [281/400]
batch = 0 (Δ=0.309s, 100.00%)
Training throughput: 1 batches in 0.308s; word units 100.0% of 8 words (letters-only 100.0% of 8).
Train Loss: output=0.1750, reconstruction=4.7927
Epoch [282/400]
batch = 0 (Δ=0.315s, 100.00%)
Training throughput: 1 batches in 0.314s; word units 100.0% of 8 words (letters-only 100.0% of 8).
Train Loss: output=0.1750, reconstruction=4.7926
Epoch [283/400]
batch = 0 (Δ=0.311s, 100.00%)
Training throughput: 1 batches in 0.310s; word units 100.0% of 8 words (letters-only 100.0% of 8).
Train Loss: output=0.1750, reconstruction=4.7925
Epoch [284/400]
batch = 0 (Δ=0.309s, 100.00%)
Training throughput: 1 batches in 0.308s; word units 100.0% of 8 words (letters-only 100.0% of 8).
Train Loss: output=0.1750, reconstruction=4.7925
Epoch [285/400]
batch = 0 (Δ=0.311s, 100.00%)
Training throughput: 1 batches in 0.310s; word units 100.0% of 8 words (letters-only 100.0% of 8).
Train Loss: output=0.1750, reconstruction=4.7924
Epoch [286/400]
batch = 0 (Δ=0.310s, 100.00%)
Training throughput: 1 batches in 0.309s; word units 100.0% of 8 words (letters-only 100.0% of 8).
Train Loss: output=0.1750, reconstruction=4.7924
Epoch [287/400]
batch = 0 (Δ=0.308s, 100.00%)
Training throughput: 1 batches in 0.307s; word units 100.0% of 8 words (letters-only 100.0% of 8).
Train Loss: output=0.1750, reconstruction=4.7923
Epoch [288/400]
batch = 0 (Δ=0.312s, 100.00%)
Training throughput: 1 batches in 0.311s; word units 100.0% of 8 words (letters-only 100.0% of 8).
Train Loss: output=0.1750, reconstruction=4.7923
Epoch [289/400]
batch = 0 (Δ=0.312s, 100.00%)
Training throughput: 1 batches in 0.311s; word units 100.0% of 8 words (letters-only 100.0% of 8).
Train Loss: output=0.1750, reconstruction=4.7922
Epoch [290/400]
batch = 0 (Δ=0.386s, 100.00%)
Training throughput: 1 batches in 0.385s; word units 100.0% of 8 words (letters-only 100.0% of 8).
Train Loss: output=0.1750, reconstruction=4.7922
Epoch [291/400]
batch = 0 (Δ=0.312s, 100.00%)
Training throughput: 1 batches in 0.311s; word units 100.0% of 8 words (letters-only 100.0% of 8).
Train Loss: output=0.1750, reconstruction=4.7921
Epoch [292/400]
batch = 0 (Δ=0.313s, 100.00%)
Training throughput: 1 batches in 0.312s; word units 100.0% of 8 words (letters-only 100.0% of 8).
Train Loss: output=0.1750, reconstruction=4.7921
Epoch [293/400]
batch = 0 (Δ=0.312s, 100.00%)
Training throughput: 1 batches in 0.310s; word units 100.0% of 8 words (letters-only 100.0% of 8).
Train Loss: output=0.1750, reconstruction=4.7921
Epoch [294/400]
batch = 0 (Δ=0.309s, 100.00%)
Training throughput: 1 batches in 0.308s; word units 100.0% of 8 words (letters-only 100.0% of 8).
Train Loss: output=0.1750, reconstruction=4.7920
Epoch [295/400]
batch = 0 (Δ=0.314s, 100.00%)
Training throughput: 1 batches in 0.313s; word units 100.0% of 8 words (letters-only 100.0% of 8).
Train Loss: output=0.1750, reconstruction=4.7920
Epoch [296/400]
batch = 0 (Δ=0.313s, 100.00%)
Training throughput: 1 batches in 0.312s; word units 100.0% of 8 words (letters-only 100.0% of 8).
Train Loss: output=0.1750, reconstruction=4.7920
Epoch [297/400]
batch = 0 (Δ=0.310s, 100.00%)
Training throughput: 1 batches in 0.309s; word units 100.0% of 8 words (letters-only 100.0% of 8).
Train Loss: output=0.1750, reconstruction=4.7920
Epoch [298/400]
batch = 0 (Δ=0.319s, 100.00%)
Training throughput: 1 batches in 0.318s; word units 100.0% of 8 words (letters-only 100.0% of 8).
Train Loss: output=0.1750, reconstruction=4.7919
Epoch [299/400]
batch = 0 (Δ=0.312s, 100.00%)
Training throughput: 1 batches in 0.311s; word units 100.0% of 8 words (letters-only 100.0% of 8).
Train Loss: output=0.1750, reconstruction=4.7919
Epoch [300/400]
batch = 0 (Δ=0.313s, 100.00%)
Training throughput: 1 batches in 0.312s; word units 100.0% of 8 words (letters-only 100.0% of 8).
Train Loss: output=0.1750, reconstruction=4.7919
Epoch [301/400]
batch = 0 (Δ=0.312s, 100.00%)
Training throughput: 1 batches in 0.311s; word units 100.0% of 8 words (letters-only 100.0% of 8).
Train Loss: output=0.1750, reconstruction=4.7919
Epoch [302/400]
batch = 0 (Δ=0.309s, 100.00%)
Training throughput: 1 batches in 0.308s; word units 100.0% of 8 words (letters-only 100.0% of 8).
Train Loss: output=0.1750, reconstruction=4.7919
Epoch [303/400]
batch = 0 (Δ=0.312s, 100.00%)
Training throughput: 1 batches in 0.311s; word units 100.0% of 8 words (letters-only 100.0% of 8).
Train Loss: output=0.1750, reconstruction=4.7918
Epoch [304/400]
batch = 0 (Δ=0.310s, 100.00%)
Training throughput: 1 batches in 0.309s; word units 100.0% of 8 words (letters-only 100.0% of 8).
Train Loss: output=0.1750, reconstruction=4.7918
Epoch [305/400]
batch = 0 (Δ=0.312s, 100.00%)
Training throughput: 1 batches in 0.311s; word units 100.0% of 8 words (letters-only 100.0% of 8).
Train Loss: output=0.1750, reconstruction=4.7918
Epoch [306/400]
batch = 0 (Δ=0.317s, 100.00%)
Training throughput: 1 batches in 0.316s; word units 100.0% of 8 words (letters-only 100.0% of 8).
Train Loss: output=0.1750, reconstruction=4.7918
Epoch [307/400]
batch = 0 (Δ=0.391s, 100.00%)
Training throughput: 1 batches in 0.390s; word units 100.0% of 8 words (letters-only 100.0% of 8).
Train Loss: output=0.1750, reconstruction=4.7918
Epoch [308/400]
batch = 0 (Δ=0.309s, 100.00%)
Training throughput: 1 batches in 0.308s; word units 100.0% of 8 words (letters-only 100.0% of 8).
Train Loss: output=0.1750, reconstruction=4.7918
Epoch [309/400]
batch = 0 (Δ=0.311s, 100.00%)
Training throughput: 1 batches in 0.310s; word units 100.0% of 8 words (letters-only 100.0% of 8).
Train Loss: output=0.1750, reconstruction=4.7917
Epoch [310/400]
batch = 0 (Δ=0.312s, 100.00%)
Training throughput: 1 batches in 0.311s; word units 100.0% of 8 words (letters-only 100.0% of 8).
Train Loss: output=0.1750, reconstruction=4.7917
Epoch [311/400]
batch = 0 (Δ=0.310s, 100.00%)
Training throughput: 1 batches in 0.309s; word units 100.0% of 8 words (letters-only 100.0% of 8).
Train Loss: output=0.1750, reconstruction=4.7917
Epoch [312/400]
batch = 0 (Δ=0.313s, 100.00%)
Training throughput: 1 batches in 0.313s; word units 100.0% of 8 words (letters-only 100.0% of 8).
Train Loss: output=0.1750, reconstruction=4.7917
Epoch [313/400]
batch = 0 (Δ=0.313s, 100.00%)
Training throughput: 1 batches in 0.312s; word units 100.0% of 8 words (letters-only 100.0% of 8).
Train Loss: output=0.1750, reconstruction=4.7917
Epoch [314/400]
batch = 0 (Δ=0.310s, 100.00%)
Training throughput: 1 batches in 0.309s; word units 100.0% of 8 words (letters-only 100.0% of 8).
Train Loss: output=0.1750, reconstruction=4.7917
Epoch [315/400]
batch = 0 (Δ=0.309s, 100.00%)
Training throughput: 1 batches in 0.308s; word units 100.0% of 8 words (letters-only 100.0% of 8).
Train Loss: output=0.1750, reconstruction=4.7916
Epoch [316/400]
batch = 0 (Δ=0.310s, 100.00%)
Training throughput: 1 batches in 0.309s; word units 100.0% of 8 words (letters-only 100.0% of 8).
Train Loss: output=0.1750, reconstruction=4.7916
Epoch [317/400]
batch = 0 (Δ=0.313s, 100.00%)
Training throughput: 1 batches in 0.312s; word units 100.0% of 8 words (letters-only 100.0% of 8).
Train Loss: output=0.1750, reconstruction=4.7916
Epoch [318/400]
batch = 0 (Δ=0.310s, 100.00%)
Training throughput: 1 batches in 0.309s; word units 100.0% of 8 words (letters-only 100.0% of 8).
Train Loss: output=0.1750, reconstruction=4.7916
Epoch [319/400]
batch = 0 (Δ=0.314s, 100.00%)
Training throughput: 1 batches in 0.313s; word units 100.0% of 8 words (letters-only 100.0% of 8).
Train Loss: output=0.1750, reconstruction=4.7916
Epoch [320/400]
batch = 0 (Δ=0.311s, 100.00%)
Training throughput: 1 batches in 0.310s; word units 100.0% of 8 words (letters-only 100.0% of 8).
Train Loss: output=0.1750, reconstruction=4.7916
Epoch [321/400]
batch = 0 (Δ=0.311s, 100.00%)
Training throughput: 1 batches in 0.310s; word units 100.0% of 8 words (letters-only 100.0% of 8).
Train Loss: output=0.1750, reconstruction=4.7916
Epoch [322/400]
batch = 0 (Δ=0.311s, 100.00%)
Training throughput: 1 batches in 0.310s; word units 100.0% of 8 words (letters-only 100.0% of 8).
Train Loss: output=0.1750, reconstruction=4.7916
Epoch [323/400]
batch = 0 (Δ=0.312s, 100.00%)
Training throughput: 1 batches in 0.311s; word units 100.0% of 8 words (letters-only 100.0% of 8).
Train Loss: output=0.1750, reconstruction=4.7916
Epoch [324/400]
batch = 0 (Δ=0.314s, 100.00%)
Training throughput: 1 batches in 0.313s; word units 100.0% of 8 words (letters-only 100.0% of 8).
Train Loss: output=0.1750, reconstruction=4.7916
Epoch [325/400]
batch = 0 (Δ=0.394s, 100.00%)
Training throughput: 1 batches in 0.393s; word units 100.0% of 8 words (letters-only 100.0% of 8).
Train Loss: output=0.1750, reconstruction=4.7915
Epoch [326/400]
batch = 0 (Δ=0.310s, 100.00%)
Training throughput: 1 batches in 0.309s; word units 100.0% of 8 words (letters-only 100.0% of 8).
Train Loss: output=0.1750, reconstruction=4.7915
Epoch [327/400]
batch = 0 (Δ=0.312s, 100.00%)
Training throughput: 1 batches in 0.311s; word units 100.0% of 8 words (letters-only 100.0% of 8).
Train Loss: output=0.1750, reconstruction=4.7915
Epoch [328/400]
batch = 0 (Δ=0.311s, 100.00%)
Training throughput: 1 batches in 0.309s; word units 100.0% of 8 words (letters-only 100.0% of 8).
Train Loss: output=0.1750, reconstruction=4.7915
Epoch [329/400]
batch = 0 (Δ=0.309s, 100.00%)
Training throughput: 1 batches in 0.308s; word units 100.0% of 8 words (letters-only 100.0% of 8).
Train Loss: output=0.1750, reconstruction=4.7915
Epoch [330/400]
batch = 0 (Δ=0.313s, 100.00%)
Training throughput: 1 batches in 0.312s; word units 100.0% of 8 words (letters-only 100.0% of 8).
Train Loss: output=0.1750, reconstruction=4.7915
Epoch [331/400]
batch = 0 (Δ=0.311s, 100.00%)
Training throughput: 1 batches in 0.309s; word units 100.0% of 8 words (letters-only 100.0% of 8).
Train Loss: output=0.1750, reconstruction=4.7915
Epoch [332/400]
batch = 0 (Δ=0.310s, 100.00%)
Training throughput: 1 batches in 0.309s; word units 100.0% of 8 words (letters-only 100.0% of 8).
Train Loss: output=0.1750, reconstruction=4.7915
Epoch [333/400]
batch = 0 (Δ=0.311s, 100.00%)
Training throughput: 1 batches in 0.310s; word units 100.0% of 8 words (letters-only 100.0% of 8).
Train Loss: output=0.1750, reconstruction=4.7915
Epoch [334/400]
batch = 0 (Δ=0.312s, 100.00%)
Training throughput: 1 batches in 0.311s; word units 100.0% of 8 words (letters-only 100.0% of 8).
Train Loss: output=0.1750, reconstruction=4.7915
Epoch [335/400]
batch = 0 (Δ=0.310s, 100.00%)
Training throughput: 1 batches in 0.309s; word units 100.0% of 8 words (letters-only 100.0% of 8).
Train Loss: output=0.1750, reconstruction=4.7915
Epoch [336/400]
batch = 0 (Δ=0.310s, 100.00%)
Training throughput: 1 batches in 0.309s; word units 100.0% of 8 words (letters-only 100.0% of 8).
Train Loss: output=0.1750, reconstruction=4.7915
Epoch [337/400]
batch = 0 (Δ=0.310s, 100.00%)
Training throughput: 1 batches in 0.309s; word units 100.0% of 8 words (letters-only 100.0% of 8).
Train Loss: output=0.1750, reconstruction=4.7915
Epoch [338/400]
batch = 0 (Δ=0.312s, 100.00%)
Training throughput: 1 batches in 0.310s; word units 100.0% of 8 words (letters-only 100.0% of 8).
Train Loss: output=0.1750, reconstruction=4.7914
Epoch [339/400]
batch = 0 (Δ=0.309s, 100.00%)
Training throughput: 1 batches in 0.308s; word units 100.0% of 8 words (letters-only 100.0% of 8).
Train Loss: output=0.1750, reconstruction=4.7914
Epoch [340/400]
batch = 0 (Δ=0.314s, 100.00%)
Training throughput: 1 batches in 0.313s; word units 100.0% of 8 words (letters-only 100.0% of 8).
Train Loss: output=0.1750, reconstruction=4.7914
Epoch [341/400]
batch = 0 (Δ=0.312s, 100.00%)
Training throughput: 1 batches in 0.311s; word units 100.0% of 8 words (letters-only 100.0% of 8).
Train Loss: output=0.1750, reconstruction=4.7914
Epoch [342/400]
batch = 0 (Δ=0.315s, 100.00%)
Training throughput: 1 batches in 0.314s; word units 100.0% of 8 words (letters-only 100.0% of 8).
Train Loss: output=0.1750, reconstruction=4.7914
Epoch [343/400]
batch = 0 (Δ=0.392s, 100.00%)
Training throughput: 1 batches in 0.390s; word units 100.0% of 8 words (letters-only 100.0% of 8).
Train Loss: output=0.1750, reconstruction=4.7914
Epoch [344/400]
batch = 0 (Δ=0.312s, 100.00%)
Training throughput: 1 batches in 0.311s; word units 100.0% of 8 words (letters-only 100.0% of 8).
Train Loss: output=0.1750, reconstruction=4.7914
Epoch [345/400]
batch = 0 (Δ=0.313s, 100.00%)
Training throughput: 1 batches in 0.312s; word units 100.0% of 8 words (letters-only 100.0% of 8).
Train Loss: output=0.1750, reconstruction=4.7914
Epoch [346/400]
batch = 0 (Δ=0.313s, 100.00%)
Training throughput: 1 batches in 0.312s; word units 100.0% of 8 words (letters-only 100.0% of 8).
Train Loss: output=0.1750, reconstruction=4.7914
Epoch [347/400]
batch = 0 (Δ=0.311s, 100.00%)
Training throughput: 1 batches in 0.310s; word units 100.0% of 8 words (letters-only 100.0% of 8).
Train Loss: output=0.1750, reconstruction=4.7914
Epoch [348/400]
batch = 0 (Δ=0.312s, 100.00%)
Training throughput: 1 batches in 0.311s; word units 100.0% of 8 words (letters-only 100.0% of 8).
Train Loss: output=0.1750, reconstruction=4.7914
Epoch [349/400]
batch = 0 (Δ=0.311s, 100.00%)
Training throughput: 1 batches in 0.309s; word units 100.0% of 8 words (letters-only 100.0% of 8).
Train Loss: output=0.1750, reconstruction=4.7914
Epoch [350/400]
batch = 0 (Δ=0.310s, 100.00%)
Training throughput: 1 batches in 0.309s; word units 100.0% of 8 words (letters-only 100.0% of 8).
Train Loss: output=0.1750, reconstruction=4.7914
Epoch [351/400]
batch = 0 (Δ=0.312s, 100.00%)
Training throughput: 1 batches in 0.311s; word units 100.0% of 8 words (letters-only 100.0% of 8).
Train Loss: output=0.1750, reconstruction=4.7914
Epoch [352/400]
batch = 0 (Δ=0.308s, 100.00%)
Training throughput: 1 batches in 0.307s; word units 100.0% of 8 words (letters-only 100.0% of 8).
Train Loss: output=0.1750, reconstruction=4.7914
Epoch [353/400]
batch = 0 (Δ=0.311s, 100.00%)
Training throughput: 1 batches in 0.310s; word units 100.0% of 8 words (letters-only 100.0% of 8).
Train Loss: output=0.1750, reconstruction=4.7914
Epoch [354/400]
batch = 0 (Δ=0.315s, 100.00%)
Training throughput: 1 batches in 0.314s; word units 100.0% of 8 words (letters-only 100.0% of 8).
Train Loss: output=0.1750, reconstruction=4.7914
Epoch [355/400]
batch = 0 (Δ=0.310s, 100.00%)
Training throughput: 1 batches in 0.309s; word units 100.0% of 8 words (letters-only 100.0% of 8).
Train Loss: output=0.1750, reconstruction=4.7913
Epoch [356/400]
batch = 0 (Δ=0.311s, 100.00%)
Training throughput: 1 batches in 0.310s; word units 100.0% of 8 words (letters-only 100.0% of 8).
Train Loss: output=0.1750, reconstruction=4.7913
Epoch [357/400]
batch = 0 (Δ=0.310s, 100.00%)
Training throughput: 1 batches in 0.309s; word units 100.0% of 8 words (letters-only 100.0% of 8).
Train Loss: output=0.1750, reconstruction=4.7913
Epoch [358/400]
batch = 0 (Δ=0.310s, 100.00%)
Training throughput: 1 batches in 0.309s; word units 100.0% of 8 words (letters-only 100.0% of 8).
Train Loss: output=0.1750, reconstruction=4.7913
Epoch [359/400]
batch = 0 (Δ=0.313s, 100.00%)
Training throughput: 1 batches in 0.312s; word units 100.0% of 8 words (letters-only 100.0% of 8).
Train Loss: output=0.1750, reconstruction=4.7913
Epoch [360/400]
batch = 0 (Δ=0.313s, 100.00%)
Training throughput: 1 batches in 0.311s; word units 100.0% of 8 words (letters-only 100.0% of 8).
Train Loss: output=0.1750, reconstruction=4.7913
Epoch [361/400]
batch = 0 (Δ=0.400s, 100.00%)
Training throughput: 1 batches in 0.399s; word units 100.0% of 8 words (letters-only 100.0% of 8).
Train Loss: output=0.1750, reconstruction=4.7913
Epoch [362/400]
batch = 0 (Δ=0.312s, 100.00%)
Training throughput: 1 batches in 0.311s; word units 100.0% of 8 words (letters-only 100.0% of 8).
Train Loss: output=0.1750, reconstruction=4.7913
Epoch [363/400]
batch = 0 (Δ=0.317s, 100.00%)
Training throughput: 1 batches in 0.316s; word units 100.0% of 8 words (letters-only 100.0% of 8).
Train Loss: output=0.1750, reconstruction=4.7913
Epoch [364/400]
batch = 0 (Δ=0.310s, 100.00%)
Training throughput: 1 batches in 0.309s; word units 100.0% of 8 words (letters-only 100.0% of 8).
Train Loss: output=0.1750, reconstruction=4.7913
Epoch [365/400]
batch = 0 (Δ=0.311s, 100.00%)
Training throughput: 1 batches in 0.311s; word units 100.0% of 8 words (letters-only 100.0% of 8).
Train Loss: output=0.1750, reconstruction=4.7913
Epoch [366/400]
batch = 0 (Δ=0.314s, 100.00%)
Training throughput: 1 batches in 0.313s; word units 100.0% of 8 words (letters-only 100.0% of 8).
Train Loss: output=0.1750, reconstruction=4.7913
Epoch [367/400]
batch = 0 (Δ=0.308s, 100.00%)
Training throughput: 1 batches in 0.307s; word units 100.0% of 8 words (letters-only 100.0% of 8).
Train Loss: output=0.1750, reconstruction=4.7913
Epoch [368/400]
batch = 0 (Δ=0.314s, 100.00%)
Training throughput: 1 batches in 0.313s; word units 100.0% of 8 words (letters-only 100.0% of 8).
Train Loss: output=0.1750, reconstruction=4.7913
Epoch [369/400]
batch = 0 (Δ=0.314s, 100.00%)
Training throughput: 1 batches in 0.313s; word units 100.0% of 8 words (letters-only 100.0% of 8).
Train Loss: output=0.1750, reconstruction=4.7913
Epoch [370/400]
batch = 0 (Δ=0.312s, 100.00%)
Training throughput: 1 batches in 0.311s; word units 100.0% of 8 words (letters-only 100.0% of 8).
Train Loss: output=0.1750, reconstruction=4.7913
Epoch [371/400]
batch = 0 (Δ=0.317s, 100.00%)
Training throughput: 1 batches in 0.316s; word units 100.0% of 8 words (letters-only 100.0% of 8).
Train Loss: output=0.1750, reconstruction=4.7913
Epoch [372/400]
batch = 0 (Δ=0.316s, 100.00%)
Training throughput: 1 batches in 0.314s; word units 100.0% of 8 words (letters-only 100.0% of 8).
Train Loss: output=0.1750, reconstruction=4.7913
Epoch [373/400]
batch = 0 (Δ=0.311s, 100.00%)
Training throughput: 1 batches in 0.310s; word units 100.0% of 8 words (letters-only 100.0% of 8).
Train Loss: output=0.1750, reconstruction=4.7913
Epoch [374/400]
batch = 0 (Δ=0.311s, 100.00%)
Training throughput: 1 batches in 0.310s; word units 100.0% of 8 words (letters-only 100.0% of 8).
Train Loss: output=0.1750, reconstruction=4.7913
Epoch [375/400]
batch = 0 (Δ=0.317s, 100.00%)
Training throughput: 1 batches in 0.316s; word units 100.0% of 8 words (letters-only 100.0% of 8).
Train Loss: output=0.1750, reconstruction=4.7913
Epoch [376/400]
batch = 0 (Δ=0.311s, 100.00%)
Training throughput: 1 batches in 0.310s; word units 100.0% of 8 words (letters-only 100.0% of 8).
Train Loss: output=0.1750, reconstruction=4.7913
Epoch [377/400]
batch = 0 (Δ=0.311s, 100.00%)
Training throughput: 1 batches in 0.310s; word units 100.0% of 8 words (letters-only 100.0% of 8).
Train Loss: output=0.1750, reconstruction=4.7913
Epoch [378/400]
batch = 0 (Δ=0.312s, 100.00%)
Training throughput: 1 batches in 0.311s; word units 100.0% of 8 words (letters-only 100.0% of 8).
Train Loss: output=0.1750, reconstruction=4.7913
Epoch [379/400]
batch = 0 (Δ=0.316s, 100.00%)
Training throughput: 1 batches in 0.315s; word units 100.0% of 8 words (letters-only 100.0% of 8).
Train Loss: output=0.1750, reconstruction=4.7913
Epoch [380/400]
batch = 0 (Δ=0.396s, 100.00%)
Training throughput: 1 batches in 0.395s; word units 100.0% of 8 words (letters-only 100.0% of 8).
Train Loss: output=0.1750, reconstruction=4.7913
Epoch [381/400]
batch = 0 (Δ=0.309s, 100.00%)
Training throughput: 1 batches in 0.308s; word units 100.0% of 8 words (letters-only 100.0% of 8).
Train Loss: output=0.1750, reconstruction=4.7913
Epoch [382/400]
batch = 0 (Δ=0.315s, 100.00%)
Training throughput: 1 batches in 0.314s; word units 100.0% of 8 words (letters-only 100.0% of 8).
Train Loss: output=0.1750, reconstruction=4.7913
Epoch [383/400]
batch = 0 (Δ=0.312s, 100.00%)
Training throughput: 1 batches in 0.310s; word units 100.0% of 8 words (letters-only 100.0% of 8).
Train Loss: output=0.1750, reconstruction=4.7913
Epoch [384/400]
batch = 0 (Δ=0.314s, 100.00%)
Training throughput: 1 batches in 0.313s; word units 100.0% of 8 words (letters-only 100.0% of 8).
Train Loss: output=0.1750, reconstruction=4.7912
Epoch [385/400]
batch = 0 (Δ=0.313s, 100.00%)
Training throughput: 1 batches in 0.312s; word units 100.0% of 8 words (letters-only 100.0% of 8).
Train Loss: output=0.1750, reconstruction=4.7912
Epoch [386/400]
batch = 0 (Δ=0.313s, 100.00%)
Training throughput: 1 batches in 0.312s; word units 100.0% of 8 words (letters-only 100.0% of 8).
Train Loss: output=0.1750, reconstruction=4.7912
Epoch [387/400]
batch = 0 (Δ=0.313s, 100.00%)
Training throughput: 1 batches in 0.312s; word units 100.0% of 8 words (letters-only 100.0% of 8).
Train Loss: output=0.1750, reconstruction=4.7912
Epoch [388/400]
batch = 0 (Δ=0.310s, 100.00%)
Training throughput: 1 batches in 0.309s; word units 100.0% of 8 words (letters-only 100.0% of 8).
Train Loss: output=0.1750, reconstruction=4.7912
Epoch [389/400]
batch = 0 (Δ=0.314s, 100.00%)
Training throughput: 1 batches in 0.313s; word units 100.0% of 8 words (letters-only 100.0% of 8).
Train Loss: output=0.1750, reconstruction=4.7912
Epoch [390/400]
batch = 0 (Δ=0.310s, 100.00%)
Training throughput: 1 batches in 0.309s; word units 100.0% of 8 words (letters-only 100.0% of 8).
Train Loss: output=0.1750, reconstruction=4.7912
Epoch [391/400]
batch = 0 (Δ=0.310s, 100.00%)
Training throughput: 1 batches in 0.309s; word units 100.0% of 8 words (letters-only 100.0% of 8).
Train Loss: output=0.1750, reconstruction=4.7912
Epoch [392/400]
batch = 0 (Δ=0.311s, 100.00%)
Training throughput: 1 batches in 0.310s; word units 100.0% of 8 words (letters-only 100.0% of 8).
Train Loss: output=0.1750, reconstruction=4.7912
Epoch [393/400]
batch = 0 (Δ=0.312s, 100.00%)
Training throughput: 1 batches in 0.311s; word units 100.0% of 8 words (letters-only 100.0% of 8).
Train Loss: output=0.1750, reconstruction=4.7912
Epoch [394/400]
batch = 0 (Δ=0.310s, 100.00%)
Training throughput: 1 batches in 0.309s; word units 100.0% of 8 words (letters-only 100.0% of 8).
Train Loss: output=0.1750, reconstruction=4.7912
Epoch [395/400]
batch = 0 (Δ=0.313s, 100.00%)
Training throughput: 1 batches in 0.312s; word units 100.0% of 8 words (letters-only 100.0% of 8).
Train Loss: output=0.1750, reconstruction=4.7912
Epoch [396/400]
batch = 0 (Δ=0.315s, 100.00%)
Training throughput: 1 batches in 0.314s; word units 100.0% of 8 words (letters-only 100.0% of 8).
Train Loss: output=0.1750, reconstruction=4.7912
Epoch [397/400]
batch = 0 (Δ=0.311s, 100.00%)
Training throughput: 1 batches in 0.310s; word units 100.0% of 8 words (letters-only 100.0% of 8).
Train Loss: output=0.1750, reconstruction=4.7912
Epoch [398/400]
batch = 0 (Δ=0.393s, 100.00%)
Training throughput: 1 batches in 0.392s; word units 100.0% of 8 words (letters-only 100.0% of 8).
Train Loss: output=0.1750, reconstruction=4.7912
Epoch [399/400]
batch = 0 (Δ=0.312s, 100.00%)
Training throughput: 1 batches in 0.311s; word units 100.0% of 8 words (letters-only 100.0% of 8).
Train Loss: output=0.1750, reconstruction=4.7912
Epoch [400/400]
batch = 0 (Δ=0.324s, 100.00%)
Training throughput: 1 batches in 0.323s; word units 100.0% of 8 words (letters-only 100.0% of 8).
Train Loss: output=0.1750, reconstruction=4.7912
Final Stats:
=== Selected operation grammar ===
batch = 0 (Δ=0.278s, 100.00%)
Training throughput: 1 batches in 0.221s; word units 100.0% of 8 words (letters-only 100.0% of 8).
=== Input Reconstruction (test) ===
  row[0] input='hello world' -> reconstructed='hello ' label=0.0000 predicted=0.5000 MISMATCH
  row[1] input='hello there' -> reconstructed='hello ' label=1.0000 predicted=0.5000 MISMATCH
  row[2] input='loving world' -> reconstructed='world ' label=1.0000 predicted=0.5000 MISMATCH
  row[3] input='loving there' -> reconstructed='there ' label=0.0000 predicted=0.5000 MISMATCH
