Device: cpu
/Users/arogers/github/WikiOracle/basicmodel/.venv/lib/python3.12/site-packages/torch/utils/_device.py:122: UserWarning: Sparse invariant checks are implicitly disabled. Memory errors (e.g. SEGFAULT) will occur when operating on a sparse tensor which violates the invariants, but checks incur performance overhead. To silence this warning, explicitly opt in or out. See `torch.sparse.check_sparse_tensor_invariants.__doc__` for guidance.  (Triggered internally at /Users/runner/work/pytorch/pytorch/aten/src/ATen/Context.cpp:855.)
  return func(*args, **kwargs)
Peer pipeline: static PS/WS stage bodies compiled separately; legacy compatibility scheduler remains outside fullgraph capture


==== BasicModel ====

Trial [1/1]
Baseline test pass skipped (--test not specified). Re-invoke train.py with --test to include baseline + post-epoch evaluation.
Epoch [1/400]
[AMP] off (fp32, MODEL_AMP unset or =off)
batch = 0 (warm-up, 100.00%)
Training throughput: 1 batches in 0.708s; word units 100.0% of 8 words (letters-only 100.0% of 8).
Train Loss: output=0.2410, reconstruction=1.5768
Epoch [2/400]
batch = 0 (Δ=0.290s, 100.00%)
Training throughput: 1 batches in 0.288s; word units 100.0% of 8 words (letters-only 100.0% of 8).
Train Loss: output=0.1772, reconstruction=2.1438
Epoch [3/400]
batch = 0 (Δ=0.290s, 100.00%)
Training throughput: 1 batches in 0.289s; word units 100.0% of 8 words (letters-only 100.0% of 8).
Train Loss: output=0.2401, reconstruction=2.6408
Epoch [4/400]
batch = 0 (Δ=0.295s, 100.00%)
Training throughput: 1 batches in 0.294s; word units 100.0% of 8 words (letters-only 100.0% of 8).
Train Loss: output=0.1752, reconstruction=3.0713
Epoch [5/400]
batch = 0 (Δ=0.292s, 100.00%)
Training throughput: 1 batches in 0.291s; word units 100.0% of 8 words (letters-only 100.0% of 8).
Train Loss: output=0.2361, reconstruction=3.4437
Epoch [6/400]
batch = 0 (Δ=0.294s, 100.00%)
Training throughput: 1 batches in 0.293s; word units 100.0% of 8 words (letters-only 100.0% of 8).
Train Loss: output=0.1760, reconstruction=3.7662
Epoch [7/400]
batch = 0 (Δ=0.294s, 100.00%)
Training throughput: 1 batches in 0.293s; word units 100.0% of 8 words (letters-only 100.0% of 8).
Train Loss: output=0.2327, reconstruction=4.0462
Epoch [8/400]
batch = 0 (Δ=0.294s, 100.00%)
Training throughput: 1 batches in 0.293s; word units 100.0% of 8 words (letters-only 100.0% of 8).
Train Loss: output=0.1784, reconstruction=4.2899
Epoch [9/400]
batch = 0 (Δ=0.299s, 100.00%)
Training throughput: 1 batches in 0.298s; word units 100.0% of 8 words (letters-only 100.0% of 8).
Train Loss: output=0.2286, reconstruction=4.5026
Epoch [10/400]
batch = 0 (Δ=0.294s, 100.00%)
Training throughput: 1 batches in 0.293s; word units 100.0% of 8 words (letters-only 100.0% of 8).
Train Loss: output=0.1785, reconstruction=4.6888
Epoch [11/400]
batch = 0 (Δ=0.293s, 100.00%)
Training throughput: 1 batches in 0.292s; word units 100.0% of 8 words (letters-only 100.0% of 8).
Train Loss: output=0.2292, reconstruction=4.8522
Epoch [12/400]
batch = 0 (Δ=0.298s, 100.00%)
Training throughput: 1 batches in 0.297s; word units 100.0% of 8 words (letters-only 100.0% of 8).
Train Loss: output=0.1769, reconstruction=4.9960
Epoch [13/400]
batch = 0 (Δ=0.295s, 100.00%)
Training throughput: 1 batches in 0.294s; word units 100.0% of 8 words (letters-only 100.0% of 8).
Train Loss: output=0.2297, reconstruction=5.1227
Epoch [14/400]
batch = 0 (Δ=0.296s, 100.00%)
Training throughput: 1 batches in 0.295s; word units 100.0% of 8 words (letters-only 100.0% of 8).
Train Loss: output=0.1751, reconstruction=5.2347
Epoch [15/400]
batch = 0 (Δ=0.299s, 100.00%)
Training throughput: 1 batches in 0.298s; word units 100.0% of 8 words (letters-only 100.0% of 8).
Train Loss: output=0.2296, reconstruction=5.3339
Epoch [16/400]
batch = 0 (Δ=0.295s, 100.00%)
Training throughput: 1 batches in 0.294s; word units 100.0% of 8 words (letters-only 100.0% of 8).
Train Loss: output=0.1765, reconstruction=5.4218
Epoch [17/400]
batch = 0 (Δ=0.295s, 100.00%)
Training throughput: 1 batches in 0.294s; word units 100.0% of 8 words (letters-only 100.0% of 8).
Train Loss: output=0.2237, reconstruction=5.4999
Epoch [18/400]
batch = 0 (Δ=0.294s, 100.00%)
Training throughput: 1 batches in 0.294s; word units 100.0% of 8 words (letters-only 100.0% of 8).
Train Loss: output=0.1841, reconstruction=5.5694
Epoch [19/400]
batch = 0 (Δ=0.374s, 100.00%)
Training throughput: 1 batches in 0.373s; word units 100.0% of 8 words (letters-only 100.0% of 8).
Train Loss: output=0.2122, reconstruction=5.6312
Epoch [20/400]
batch = 0 (Δ=0.295s, 100.00%)
Training throughput: 1 batches in 0.294s; word units 100.0% of 8 words (letters-only 100.0% of 8).
Train Loss: output=0.1983, reconstruction=5.6863
Epoch [21/400]
batch = 0 (Δ=0.300s, 100.00%)
Training throughput: 1 batches in 0.299s; word units 100.0% of 8 words (letters-only 100.0% of 8).
Train Loss: output=0.1961, reconstruction=5.7355
Epoch [22/400]
batch = 0 (Δ=0.300s, 100.00%)
Training throughput: 1 batches in 0.299s; word units 100.0% of 8 words (letters-only 100.0% of 8).
Train Loss: output=0.2154, reconstruction=5.7794
Epoch [23/400]
batch = 0 (Δ=0.296s, 100.00%)
Training throughput: 1 batches in 0.295s; word units 100.0% of 8 words (letters-only 100.0% of 8).
Train Loss: output=0.1816, reconstruction=5.8187
Epoch [24/400]
batch = 0 (Δ=0.294s, 100.00%)
Training throughput: 1 batches in 0.293s; word units 100.0% of 8 words (letters-only 100.0% of 8).
Train Loss: output=0.2272, reconstruction=5.8538
Epoch [25/400]
batch = 0 (Δ=0.296s, 100.00%)
Training throughput: 1 batches in 0.294s; word units 100.0% of 8 words (letters-only 100.0% of 8).
Train Loss: output=0.1750, reconstruction=5.8852
Epoch [26/400]
batch = 0 (Δ=0.299s, 100.00%)
Training throughput: 1 batches in 0.297s; word units 100.0% of 8 words (letters-only 100.0% of 8).
Train Loss: output=0.2279, reconstruction=5.9133
Epoch [27/400]
batch = 0 (Δ=0.297s, 100.00%)
Training throughput: 1 batches in 0.296s; word units 100.0% of 8 words (letters-only 100.0% of 8).
Train Loss: output=0.1803, reconstruction=5.9385
Epoch [28/400]
batch = 0 (Δ=0.299s, 100.00%)
Training throughput: 1 batches in 0.298s; word units 100.0% of 8 words (letters-only 100.0% of 8).
Train Loss: output=0.2163, reconstruction=5.9611
Epoch [29/400]
batch = 0 (Δ=0.299s, 100.00%)
Training throughput: 1 batches in 0.298s; word units 100.0% of 8 words (letters-only 100.0% of 8).
Train Loss: output=0.1959, reconstruction=5.9813
Epoch [30/400]
batch = 0 (Δ=0.298s, 100.00%)
Training throughput: 1 batches in 0.297s; word units 100.0% of 8 words (letters-only 100.0% of 8).
Train Loss: output=0.1983, reconstruction=5.9995
Epoch [31/400]
batch = 0 (Δ=0.299s, 100.00%)
Training throughput: 1 batches in 0.298s; word units 100.0% of 8 words (letters-only 100.0% of 8).
Train Loss: output=0.2144, reconstruction=6.0157
Epoch [32/400]
batch = 0 (Δ=0.297s, 100.00%)
Training throughput: 1 batches in 0.296s; word units 100.0% of 8 words (letters-only 100.0% of 8).
Train Loss: output=0.1821, reconstruction=6.0303
Epoch [33/400]
batch = 0 (Δ=0.296s, 100.00%)
Training throughput: 1 batches in 0.296s; word units 100.0% of 8 words (letters-only 100.0% of 8).
Train Loss: output=0.2269, reconstruction=6.0433
Epoch [34/400]
batch = 0 (Δ=0.303s, 100.00%)
Training throughput: 1 batches in 0.302s; word units 100.0% of 8 words (letters-only 100.0% of 8).
Train Loss: output=0.1750, reconstruction=6.0551
Epoch [35/400]
batch = 0 (Δ=0.299s, 100.00%)
Training throughput: 1 batches in 0.298s; word units 100.0% of 8 words (letters-only 100.0% of 8).
Train Loss: output=0.2274, reconstruction=6.0656
Epoch [36/400]
batch = 0 (Δ=0.299s, 100.00%)
Training throughput: 1 batches in 0.298s; word units 100.0% of 8 words (letters-only 100.0% of 8).
Train Loss: output=0.1800, reconstruction=6.0750
Epoch [37/400]
batch = 0 (Δ=0.382s, 100.00%)
Training throughput: 1 batches in 0.381s; word units 100.0% of 8 words (letters-only 100.0% of 8).
Train Loss: output=0.2163, reconstruction=6.0835
Epoch [38/400]
batch = 0 (Δ=0.298s, 100.00%)
Training throughput: 1 batches in 0.297s; word units 100.0% of 8 words (letters-only 100.0% of 8).
Train Loss: output=0.1944, reconstruction=6.0910
Epoch [39/400]
batch = 0 (Δ=0.298s, 100.00%)
Training throughput: 1 batches in 0.297s; word units 100.0% of 8 words (letters-only 100.0% of 8).
Train Loss: output=0.1991, reconstruction=6.0978
Epoch [40/400]
batch = 0 (Δ=0.299s, 100.00%)
Training throughput: 1 batches in 0.299s; word units 100.0% of 8 words (letters-only 100.0% of 8).
Train Loss: output=0.2115, reconstruction=6.1039
Epoch [41/400]
batch = 0 (Δ=0.296s, 100.00%)
Training throughput: 1 batches in 0.295s; word units 100.0% of 8 words (letters-only 100.0% of 8).
Train Loss: output=0.1834, reconstruction=6.1094
Epoch [42/400]
batch = 0 (Δ=0.298s, 100.00%)
Training throughput: 1 batches in 0.297s; word units 100.0% of 8 words (letters-only 100.0% of 8).
Train Loss: output=0.2235, reconstruction=6.1143
Epoch [43/400]
batch = 0 (Δ=0.298s, 100.00%)
Training throughput: 1 batches in 0.297s; word units 100.0% of 8 words (letters-only 100.0% of 8).
Train Loss: output=0.1754, reconstruction=6.1186
Epoch [44/400]
batch = 0 (Δ=0.298s, 100.00%)
Training throughput: 1 batches in 0.297s; word units 100.0% of 8 words (letters-only 100.0% of 8).
Train Loss: output=0.2255, reconstruction=6.1226
Epoch [45/400]
batch = 0 (Δ=0.298s, 100.00%)
Training throughput: 1 batches in 0.297s; word units 100.0% of 8 words (letters-only 100.0% of 8).
Train Loss: output=0.1777, reconstruction=6.1261
Epoch [46/400]
batch = 0 (Δ=0.297s, 100.00%)
Training throughput: 1 batches in 0.296s; word units 100.0% of 8 words (letters-only 100.0% of 8).
Train Loss: output=0.2173, reconstruction=6.1292
Epoch [47/400]
batch = 0 (Δ=0.297s, 100.00%)
Training throughput: 1 batches in 0.296s; word units 100.0% of 8 words (letters-only 100.0% of 8).
Train Loss: output=0.1888, reconstruction=6.1320
Epoch [48/400]
batch = 0 (Δ=0.300s, 100.00%)
Training throughput: 1 batches in 0.299s; word units 100.0% of 8 words (letters-only 100.0% of 8).
Train Loss: output=0.2026, reconstruction=6.1346
Epoch [49/400]
batch = 0 (Δ=0.303s, 100.00%)
Training throughput: 1 batches in 0.302s; word units 100.0% of 8 words (letters-only 100.0% of 8).
Train Loss: output=0.2037, reconstruction=6.1368
Epoch [50/400]
batch = 0 (Δ=0.301s, 100.00%)
Training throughput: 1 batches in 0.300s; word units 100.0% of 8 words (letters-only 100.0% of 8).
Train Loss: output=0.1874, reconstruction=6.1388
Epoch [51/400]
batch = 0 (Δ=0.304s, 100.00%)
Training throughput: 1 batches in 0.303s; word units 100.0% of 8 words (letters-only 100.0% of 8).
Train Loss: output=0.2164, reconstruction=6.1406
Epoch [52/400]
batch = 0 (Δ=0.304s, 100.00%)
Training throughput: 1 batches in 0.303s; word units 100.0% of 8 words (letters-only 100.0% of 8).
Train Loss: output=0.1772, reconstruction=6.1422
Epoch [53/400]
batch = 0 (Δ=0.308s, 100.00%)
Training throughput: 1 batches in 0.307s; word units 100.0% of 8 words (letters-only 100.0% of 8).
Train Loss: output=0.2217, reconstruction=6.1436
Epoch [54/400]
batch = 0 (Δ=0.300s, 100.00%)
Training throughput: 1 batches in 0.299s; word units 100.0% of 8 words (letters-only 100.0% of 8).
Train Loss: output=0.1754, reconstruction=6.1449
Epoch [55/400]
batch = 0 (Δ=0.301s, 100.00%)
Training throughput: 1 batches in 0.300s; word units 100.0% of 8 words (letters-only 100.0% of 8).
Train Loss: output=0.2179, reconstruction=6.1460
Epoch [56/400]
batch = 0 (Δ=0.383s, 100.00%)
Training throughput: 1 batches in 0.382s; word units 100.0% of 8 words (letters-only 100.0% of 8).
Train Loss: output=0.1822, reconstruction=6.1470
Epoch [57/400]
batch = 0 (Δ=0.300s, 100.00%)
Training throughput: 1 batches in 0.299s; word units 100.0% of 8 words (letters-only 100.0% of 8).
Train Loss: output=0.2068, reconstruction=6.1479
Epoch [58/400]
batch = 0 (Δ=0.303s, 100.00%)
Training throughput: 1 batches in 0.302s; word units 100.0% of 8 words (letters-only 100.0% of 8).
Train Loss: output=0.1945, reconstruction=6.1487
Epoch [59/400]
batch = 0 (Δ=0.300s, 100.00%)
Training throughput: 1 batches in 0.299s; word units 100.0% of 8 words (letters-only 100.0% of 8).
Train Loss: output=0.1927, reconstruction=6.1494
Epoch [60/400]
batch = 0 (Δ=0.301s, 100.00%)
Training throughput: 1 batches in 0.300s; word units 100.0% of 8 words (letters-only 100.0% of 8).
Train Loss: output=0.2074, reconstruction=6.1500
Epoch [61/400]
batch = 0 (Δ=0.299s, 100.00%)
Training throughput: 1 batches in 0.298s; word units 100.0% of 8 words (letters-only 100.0% of 8).
Train Loss: output=0.1807, reconstruction=6.1505
Epoch [62/400]
batch = 0 (Δ=0.300s, 100.00%)
Training throughput: 1 batches in 0.299s; word units 100.0% of 8 words (letters-only 100.0% of 8).
Train Loss: output=0.2158, reconstruction=6.1510
Epoch [63/400]
batch = 0 (Δ=0.298s, 100.00%)
Training throughput: 1 batches in 0.297s; word units 100.0% of 8 words (letters-only 100.0% of 8).
Train Loss: output=0.1751, reconstruction=6.1514
Epoch [64/400]
batch = 0 (Δ=0.297s, 100.00%)
Training throughput: 1 batches in 0.295s; word units 100.0% of 8 words (letters-only 100.0% of 8).
Train Loss: output=0.2164, reconstruction=6.1517
Epoch [65/400]
batch = 0 (Δ=0.302s, 100.00%)
Training throughput: 1 batches in 0.301s; word units 100.0% of 8 words (letters-only 100.0% of 8).
Train Loss: output=0.1777, reconstruction=6.1520
Epoch [66/400]
batch = 0 (Δ=0.299s, 100.00%)
Training throughput: 1 batches in 0.298s; word units 100.0% of 8 words (letters-only 100.0% of 8).
Train Loss: output=0.2092, reconstruction=6.1523
Epoch [67/400]
batch = 0 (Δ=0.299s, 100.00%)
Training throughput: 1 batches in 0.298s; word units 100.0% of 8 words (letters-only 100.0% of 8).
Train Loss: output=0.1871, reconstruction=6.1526
Epoch [68/400]
batch = 0 (Δ=0.297s, 100.00%)
Training throughput: 1 batches in 0.296s; word units 100.0% of 8 words (letters-only 100.0% of 8).
Train Loss: output=0.1969, reconstruction=6.1527
Epoch [69/400]
batch = 0 (Δ=0.300s, 100.00%)
Training throughput: 1 batches in 0.299s; word units 100.0% of 8 words (letters-only 100.0% of 8).
Train Loss: output=0.1994, reconstruction=6.1529
Epoch [70/400]
batch = 0 (Δ=0.304s, 100.00%)
Training throughput: 1 batches in 0.303s; word units 100.0% of 8 words (letters-only 100.0% of 8).
Train Loss: output=0.1844, reconstruction=6.1531
Epoch [71/400]
batch = 0 (Δ=0.301s, 100.00%)
Training throughput: 1 batches in 0.300s; word units 100.0% of 8 words (letters-only 100.0% of 8).
Train Loss: output=0.2096, reconstruction=6.1532
Epoch [72/400]
batch = 0 (Δ=0.300s, 100.00%)
Training throughput: 1 batches in 0.299s; word units 100.0% of 8 words (letters-only 100.0% of 8).
Train Loss: output=0.1763, reconstruction=6.1533
Epoch [73/400]
batch = 0 (Δ=0.307s, 100.00%)
Training throughput: 1 batches in 0.306s; word units 100.0% of 8 words (letters-only 100.0% of 8).
Train Loss: output=0.2135, reconstruction=6.1533
Epoch [74/400]
batch = 0 (Δ=0.381s, 100.00%)
Training throughput: 1 batches in 0.381s; word units 100.0% of 8 words (letters-only 100.0% of 8).
Train Loss: output=0.1758, reconstruction=6.1534
Epoch [75/400]
batch = 0 (Δ=0.299s, 100.00%)
Training throughput: 1 batches in 0.298s; word units 100.0% of 8 words (letters-only 100.0% of 8).
Train Loss: output=0.2093, reconstruction=6.1534
Epoch [76/400]
batch = 0 (Δ=0.302s, 100.00%)
Training throughput: 1 batches in 0.301s; word units 100.0% of 8 words (letters-only 100.0% of 8).
Train Loss: output=0.1828, reconstruction=6.1535
Epoch [77/400]
batch = 0 (Δ=0.302s, 100.00%)
Training throughput: 1 batches in 0.301s; word units 100.0% of 8 words (letters-only 100.0% of 8).
Train Loss: output=0.1989, reconstruction=6.1535
Epoch [78/400]
batch = 0 (Δ=0.299s, 100.00%)
Training throughput: 1 batches in 0.298s; word units 100.0% of 8 words (letters-only 100.0% of 8).
Train Loss: output=0.1943, reconstruction=6.1535
Epoch [79/400]
batch = 0 (Δ=0.298s, 100.00%)
Training throughput: 1 batches in 0.297s; word units 100.0% of 8 words (letters-only 100.0% of 8).
Train Loss: output=0.1865, reconstruction=6.1535
Epoch [80/400]
batch = 0 (Δ=0.305s, 100.00%)
Training throughput: 1 batches in 0.304s; word units 100.0% of 8 words (letters-only 100.0% of 8).
Train Loss: output=0.2052, reconstruction=6.1535
Epoch [81/400]
batch = 0 (Δ=0.303s, 100.00%)
Training throughput: 1 batches in 0.302s; word units 100.0% of 8 words (letters-only 100.0% of 8).
Train Loss: output=0.1773, reconstruction=6.1535
Epoch [82/400]
batch = 0 (Δ=0.301s, 100.00%)
Training throughput: 1 batches in 0.300s; word units 100.0% of 8 words (letters-only 100.0% of 8).
Train Loss: output=0.2107, reconstruction=6.1534
Epoch [83/400]
batch = 0 (Δ=0.302s, 100.00%)
Training throughput: 1 batches in 0.301s; word units 100.0% of 8 words (letters-only 100.0% of 8).
Train Loss: output=0.1753, reconstruction=6.1534
Epoch [84/400]
batch = 0 (Δ=0.301s, 100.00%)
Training throughput: 1 batches in 0.299s; word units 100.0% of 8 words (letters-only 100.0% of 8).
Train Loss: output=0.2081, reconstruction=6.1534
Epoch [85/400]
batch = 0 (Δ=0.304s, 100.00%)
Training throughput: 1 batches in 0.303s; word units 100.0% of 8 words (letters-only 100.0% of 8).
Train Loss: output=0.1812, reconstruction=6.1533
Epoch [86/400]
batch = 0 (Δ=0.306s, 100.00%)
Training throughput: 1 batches in 0.305s; word units 100.0% of 8 words (letters-only 100.0% of 8).
Train Loss: output=0.1986, reconstruction=6.1533
Epoch [87/400]
batch = 0 (Δ=0.304s, 100.00%)
Training throughput: 1 batches in 0.303s; word units 100.0% of 8 words (letters-only 100.0% of 8).
Train Loss: output=0.1923, reconstruction=6.1532
Epoch [88/400]
batch = 0 (Δ=0.303s, 100.00%)
Training throughput: 1 batches in 0.302s; word units 100.0% of 8 words (letters-only 100.0% of 8).
Train Loss: output=0.1864, reconstruction=6.1532
Epoch [89/400]
batch = 0 (Δ=0.301s, 100.00%)
Training throughput: 1 batches in 0.300s; word units 100.0% of 8 words (letters-only 100.0% of 8).
Train Loss: output=0.2035, reconstruction=6.1531
Epoch [90/400]
batch = 0 (Δ=0.303s, 100.00%)
Training throughput: 1 batches in 0.302s; word units 100.0% of 8 words (letters-only 100.0% of 8).
Train Loss: output=0.1772, reconstruction=6.1531
Epoch [91/400]
batch = 0 (Δ=0.303s, 100.00%)
Training throughput: 1 batches in 0.302s; word units 100.0% of 8 words (letters-only 100.0% of 8).
Train Loss: output=0.2091, reconstruction=6.1530
Epoch [92/400]
batch = 0 (Δ=0.380s, 100.00%)
Training throughput: 1 batches in 0.380s; word units 100.0% of 8 words (letters-only 100.0% of 8).
Train Loss: output=0.1754, reconstruction=6.1529
Epoch [93/400]
batch = 0 (Δ=0.304s, 100.00%)
Training throughput: 1 batches in 0.302s; word units 100.0% of 8 words (letters-only 100.0% of 8).
Train Loss: output=0.2063, reconstruction=6.1529
Epoch [94/400]
batch = 0 (Δ=0.305s, 100.00%)
Training throughput: 1 batches in 0.304s; word units 100.0% of 8 words (letters-only 100.0% of 8).
Train Loss: output=0.1818, reconstruction=6.1528
Epoch [95/400]
batch = 0 (Δ=0.303s, 100.00%)
Training throughput: 1 batches in 0.302s; word units 100.0% of 8 words (letters-only 100.0% of 8).
Train Loss: output=0.1964, reconstruction=6.1527
Epoch [96/400]
batch = 0 (Δ=0.307s, 100.00%)
Training throughput: 1 batches in 0.306s; word units 100.0% of 8 words (letters-only 100.0% of 8).
Train Loss: output=0.1935, reconstruction=6.1527
Epoch [97/400]
batch = 0 (Δ=0.304s, 100.00%)
Training throughput: 1 batches in 0.303s; word units 100.0% of 8 words (letters-only 100.0% of 8).
Train Loss: output=0.1842, reconstruction=6.1526
Epoch [98/400]
batch = 0 (Δ=0.306s, 100.00%)
Training throughput: 1 batches in 0.305s; word units 100.0% of 8 words (letters-only 100.0% of 8).
Train Loss: output=0.2043, reconstruction=6.1526
Epoch [99/400]
batch = 0 (Δ=0.306s, 100.00%)
Training throughput: 1 batches in 0.305s; word units 100.0% of 8 words (letters-only 100.0% of 8).
Train Loss: output=0.1761, reconstruction=6.1525
Epoch [100/400]
batch = 0 (Δ=0.304s, 100.00%)
Training throughput: 1 batches in 0.303s; word units 100.0% of 8 words (letters-only 100.0% of 8).
Train Loss: output=0.2084, reconstruction=6.1524
Epoch [101/400]
batch = 0 (Δ=0.304s, 100.00%)
Training throughput: 1 batches in 0.303s; word units 100.0% of 8 words (letters-only 100.0% of 8).
Train Loss: output=0.1763, reconstruction=6.1524
Epoch [102/400]
batch = 0 (Δ=0.310s, 100.00%)
Training throughput: 1 batches in 0.308s; word units 100.0% of 8 words (letters-only 100.0% of 8).
Train Loss: output=0.2035, reconstruction=6.1523
Epoch [103/400]
batch = 0 (Δ=0.304s, 100.00%)
Training throughput: 1 batches in 0.303s; word units 100.0% of 8 words (letters-only 100.0% of 8).
Train Loss: output=0.1849, reconstruction=6.1522
Epoch [104/400]
batch = 0 (Δ=0.310s, 100.00%)
Training throughput: 1 batches in 0.309s; word units 100.0% of 8 words (letters-only 100.0% of 8).
Train Loss: output=0.1922, reconstruction=6.1522
Epoch [105/400]
batch = 0 (Δ=0.305s, 100.00%)
Training throughput: 1 batches in 0.304s; word units 100.0% of 8 words (letters-only 100.0% of 8).
Train Loss: output=0.1973, reconstruction=6.1521
Epoch [106/400]
batch = 0 (Δ=0.302s, 100.00%)
Training throughput: 1 batches in 0.301s; word units 100.0% of 8 words (letters-only 100.0% of 8).
Train Loss: output=0.1805, reconstruction=6.1520
Epoch [107/400]
batch = 0 (Δ=0.304s, 100.00%)
Training throughput: 1 batches in 0.302s; word units 100.0% of 8 words (letters-only 100.0% of 8).
Train Loss: output=0.2066, reconstruction=6.1520
Epoch [108/400]
batch = 0 (Δ=0.309s, 100.00%)
Training throughput: 1 batches in 0.308s; word units 100.0% of 8 words (letters-only 100.0% of 8).
Train Loss: output=0.1750, reconstruction=6.1519
Epoch [109/400]
batch = 0 (Δ=0.304s, 100.00%)
Training throughput: 1 batches in 0.303s; word units 100.0% of 8 words (letters-only 100.0% of 8).
Train Loss: output=0.2073, reconstruction=6.1518
Epoch [110/400]
batch = 0 (Δ=0.381s, 100.00%)
Training throughput: 1 batches in 0.380s; word units 100.0% of 8 words (letters-only 100.0% of 8).
Train Loss: output=0.1791, reconstruction=6.1518
Epoch [111/400]
batch = 0 (Δ=0.302s, 100.00%)
Training throughput: 1 batches in 0.301s; word units 100.0% of 8 words (letters-only 100.0% of 8).
Train Loss: output=0.1989, reconstruction=6.1517
Epoch [112/400]
batch = 0 (Δ=0.309s, 100.00%)
Training throughput: 1 batches in 0.308s; word units 100.0% of 8 words (letters-only 100.0% of 8).
Train Loss: output=0.1907, reconstruction=6.1516
Epoch [113/400]
batch = 0 (Δ=0.311s, 100.00%)
Training throughput: 1 batches in 0.310s; word units 100.0% of 8 words (letters-only 100.0% of 8).
Train Loss: output=0.1861, reconstruction=6.1516
Epoch [114/400]
batch = 0 (Δ=0.307s, 100.00%)
Training throughput: 1 batches in 0.305s; word units 100.0% of 8 words (letters-only 100.0% of 8).
Train Loss: output=0.2029, reconstruction=6.1515
Epoch [115/400]
batch = 0 (Δ=0.311s, 100.00%)
Training throughput: 1 batches in 0.310s; word units 100.0% of 8 words (letters-only 100.0% of 8).
Train Loss: output=0.1766, reconstruction=6.1515
Epoch [116/400]
batch = 0 (Δ=0.308s, 100.00%)
Training throughput: 1 batches in 0.307s; word units 100.0% of 8 words (letters-only 100.0% of 8).
Train Loss: output=0.2085, reconstruction=6.1514
Epoch [117/400]
batch = 0 (Δ=0.310s, 100.00%)
Training throughput: 1 batches in 0.309s; word units 100.0% of 8 words (letters-only 100.0% of 8).
Train Loss: output=0.1761, reconstruction=6.1513
Epoch [118/400]
batch = 0 (Δ=0.308s, 100.00%)
Training throughput: 1 batches in 0.306s; word units 100.0% of 8 words (letters-only 100.0% of 8).
Train Loss: output=0.2039, reconstruction=6.1513
Epoch [119/400]
batch = 0 (Δ=0.310s, 100.00%)
Training throughput: 1 batches in 0.309s; word units 100.0% of 8 words (letters-only 100.0% of 8).
Train Loss: output=0.1854, reconstruction=6.1512
Epoch [120/400]
batch = 0 (Δ=0.310s, 100.00%)
Training throughput: 1 batches in 0.309s; word units 100.0% of 8 words (letters-only 100.0% of 8).
Train Loss: output=0.1917, reconstruction=6.1512
Epoch [121/400]
batch = 0 (Δ=0.309s, 100.00%)
Training throughput: 1 batches in 0.308s; word units 100.0% of 8 words (letters-only 100.0% of 8).
Train Loss: output=0.1989, reconstruction=6.1511
Epoch [122/400]
batch = 0 (Δ=0.308s, 100.00%)
Training throughput: 1 batches in 0.307s; word units 100.0% of 8 words (letters-only 100.0% of 8).
Train Loss: output=0.1795, reconstruction=6.1510
Epoch [123/400]
batch = 0 (Δ=0.308s, 100.00%)
Training throughput: 1 batches in 0.307s; word units 100.0% of 8 words (letters-only 100.0% of 8).
Train Loss: output=0.2082, reconstruction=6.1510
Epoch [124/400]
batch = 0 (Δ=0.307s, 100.00%)
Training throughput: 1 batches in 0.306s; word units 100.0% of 8 words (letters-only 100.0% of 8).
Train Loss: output=0.1750, reconstruction=6.1509
Epoch [125/400]
batch = 0 (Δ=0.306s, 100.00%)
Training throughput: 1 batches in 0.305s; word units 100.0% of 8 words (letters-only 100.0% of 8).
Train Loss: output=0.2074, reconstruction=6.1509
Epoch [126/400]
batch = 0 (Δ=0.307s, 100.00%)
Training throughput: 1 batches in 0.306s; word units 100.0% of 8 words (letters-only 100.0% of 8).
Train Loss: output=0.1815, reconstruction=6.1508
Epoch [127/400]
batch = 0 (Δ=0.387s, 100.00%)
Training throughput: 1 batches in 0.386s; word units 100.0% of 8 words (letters-only 100.0% of 8).
Train Loss: output=0.1967, reconstruction=6.1508
Epoch [128/400]
batch = 0 (Δ=0.305s, 100.00%)
Training throughput: 1 batches in 0.304s; word units 100.0% of 8 words (letters-only 100.0% of 8).
Train Loss: output=0.1951, reconstruction=6.1507
Epoch [129/400]
batch = 0 (Δ=0.308s, 100.00%)
Training throughput: 1 batches in 0.307s; word units 100.0% of 8 words (letters-only 100.0% of 8).
Train Loss: output=0.1830, reconstruction=6.1507
Epoch [130/400]
batch = 0 (Δ=0.306s, 100.00%)
Training throughput: 1 batches in 0.305s; word units 100.0% of 8 words (letters-only 100.0% of 8).
Train Loss: output=0.2072, reconstruction=6.1506
Epoch [131/400]
batch = 0 (Δ=0.307s, 100.00%)
Training throughput: 1 batches in 0.306s; word units 100.0% of 8 words (letters-only 100.0% of 8).
Train Loss: output=0.1752, reconstruction=6.1506
Epoch [132/400]
batch = 0 (Δ=0.306s, 100.00%)
Training throughput: 1 batches in 0.305s; word units 100.0% of 8 words (letters-only 100.0% of 8).
Train Loss: output=0.2098, reconstruction=6.1505
Epoch [133/400]
batch = 0 (Δ=0.308s, 100.00%)
Training throughput: 1 batches in 0.307s; word units 100.0% of 8 words (letters-only 100.0% of 8).
Train Loss: output=0.1788, reconstruction=6.1504
Epoch [134/400]
batch = 0 (Δ=0.310s, 100.00%)
Training throughput: 1 batches in 0.309s; word units 100.0% of 8 words (letters-only 100.0% of 8).
Train Loss: output=0.2011, reconstruction=6.1504
Epoch [135/400]
batch = 0 (Δ=0.306s, 100.00%)
Training throughput: 1 batches in 0.305s; word units 100.0% of 8 words (letters-only 100.0% of 8).
Train Loss: output=0.1917, reconstruction=6.1504
Epoch [136/400]
batch = 0 (Δ=0.309s, 100.00%)
Training throughput: 1 batches in 0.308s; word units 100.0% of 8 words (letters-only 100.0% of 8).
Train Loss: output=0.1867, reconstruction=6.1503
Epoch [137/400]
batch = 0 (Δ=0.308s, 100.00%)
Training throughput: 1 batches in 0.307s; word units 100.0% of 8 words (letters-only 100.0% of 8).
Train Loss: output=0.2057, reconstruction=6.1503
Epoch [138/400]
batch = 0 (Δ=0.306s, 100.00%)
Training throughput: 1 batches in 0.305s; word units 100.0% of 8 words (letters-only 100.0% of 8).
Train Loss: output=0.1763, reconstruction=6.1502
Epoch [139/400]
batch = 0 (Δ=0.310s, 100.00%)
Training throughput: 1 batches in 0.309s; word units 100.0% of 8 words (letters-only 100.0% of 8).
Train Loss: output=0.2115, reconstruction=6.1502
Epoch [140/400]
batch = 0 (Δ=0.312s, 100.00%)
Training throughput: 1 batches in 0.311s; word units 100.0% of 8 words (letters-only 100.0% of 8).
Train Loss: output=0.1770, reconstruction=6.1501
Epoch [141/400]
batch = 0 (Δ=0.310s, 100.00%)
Training throughput: 1 batches in 0.309s; word units 100.0% of 8 words (letters-only 100.0% of 8).
Train Loss: output=0.2050, reconstruction=6.1501
Epoch [142/400]
batch = 0 (Δ=0.309s, 100.00%)
Training throughput: 1 batches in 0.308s; word units 100.0% of 8 words (letters-only 100.0% of 8).
Train Loss: output=0.1887, reconstruction=6.1500
Epoch [143/400]
batch = 0 (Δ=0.311s, 100.00%)
Training throughput: 1 batches in 0.310s; word units 100.0% of 8 words (letters-only 100.0% of 8).
Train Loss: output=0.1905, reconstruction=6.1500
Epoch [144/400]
batch = 0 (Δ=0.310s, 100.00%)
Training throughput: 1 batches in 0.309s; word units 100.0% of 8 words (letters-only 100.0% of 8).
Train Loss: output=0.2040, reconstruction=6.1499
Epoch [145/400]
batch = 0 (Δ=0.388s, 100.00%)
Training throughput: 1 batches in 0.387s; word units 100.0% of 8 words (letters-only 100.0% of 8).
Train Loss: output=0.1779, reconstruction=6.1499
Epoch [146/400]
batch = 0 (Δ=0.305s, 100.00%)
Training throughput: 1 batches in 0.304s; word units 100.0% of 8 words (letters-only 100.0% of 8).
Train Loss: output=0.2126, reconstruction=6.1498
Epoch [147/400]
batch = 0 (Δ=0.307s, 100.00%)
Training throughput: 1 batches in 0.306s; word units 100.0% of 8 words (letters-only 100.0% of 8).
Train Loss: output=0.1758, reconstruction=6.1498
Epoch [148/400]
batch = 0 (Δ=0.307s, 100.00%)
Training throughput: 1 batches in 0.306s; word units 100.0% of 8 words (letters-only 100.0% of 8).
Train Loss: output=0.2085, reconstruction=6.1497
Epoch [149/400]
batch = 0 (Δ=0.308s, 100.00%)
Training throughput: 1 batches in 0.307s; word units 100.0% of 8 words (letters-only 100.0% of 8).
Train Loss: output=0.1860, reconstruction=6.1497
Epoch [150/400]
batch = 0 (Δ=0.310s, 100.00%)
Training throughput: 1 batches in 0.309s; word units 100.0% of 8 words (letters-only 100.0% of 8).
Train Loss: output=0.1945, reconstruction=6.1497
Epoch [151/400]
batch = 0 (Δ=0.310s, 100.00%)
Training throughput: 1 batches in 0.309s; word units 100.0% of 8 words (letters-only 100.0% of 8).
Train Loss: output=0.2020, reconstruction=6.1496
Epoch [152/400]
batch = 0 (Δ=0.309s, 100.00%)
Training throughput: 1 batches in 0.308s; word units 100.0% of 8 words (letters-only 100.0% of 8).
Train Loss: output=0.1801, reconstruction=6.1496
Epoch [153/400]
batch = 0 (Δ=0.306s, 100.00%)
Training throughput: 1 batches in 0.305s; word units 100.0% of 8 words (letters-only 100.0% of 8).
Train Loss: output=0.2131, reconstruction=6.1495
Epoch [154/400]
batch = 0 (Δ=0.308s, 100.00%)
Training throughput: 1 batches in 0.307s; word units 100.0% of 8 words (letters-only 100.0% of 8).
Train Loss: output=0.1751, reconstruction=6.1495
Epoch [155/400]
batch = 0 (Δ=0.309s, 100.00%)
Training throughput: 1 batches in 0.308s; word units 100.0% of 8 words (letters-only 100.0% of 8).
Train Loss: output=0.2117, reconstruction=6.1494
Epoch [156/400]
batch = 0 (Δ=0.310s, 100.00%)
Training throughput: 1 batches in 0.309s; word units 100.0% of 8 words (letters-only 100.0% of 8).
Train Loss: output=0.1833, reconstruction=6.1494
Epoch [157/400]
batch = 0 (Δ=0.309s, 100.00%)
Training throughput: 1 batches in 0.308s; word units 100.0% of 8 words (letters-only 100.0% of 8).
Train Loss: output=0.1988, reconstruction=6.1494
Epoch [158/400]
batch = 0 (Δ=0.310s, 100.00%)
Training throughput: 1 batches in 0.309s; word units 100.0% of 8 words (letters-only 100.0% of 8).
Train Loss: output=0.1994, reconstruction=6.1493
Epoch [159/400]
batch = 0 (Δ=0.308s, 100.00%)
Training throughput: 1 batches in 0.307s; word units 100.0% of 8 words (letters-only 100.0% of 8).
Train Loss: output=0.1830, reconstruction=6.1493
Epoch [160/400]
batch = 0 (Δ=0.313s, 100.00%)
Training throughput: 1 batches in 0.312s; word units 100.0% of 8 words (letters-only 100.0% of 8).
Train Loss: output=0.2129, reconstruction=6.1492
Epoch [161/400]
batch = 0 (Δ=0.308s, 100.00%)
Training throughput: 1 batches in 0.307s; word units 100.0% of 8 words (letters-only 100.0% of 8).
Train Loss: output=0.1751, reconstruction=6.1492
Epoch [162/400]
batch = 0 (Δ=0.312s, 100.00%)
Training throughput: 1 batches in 0.311s; word units 100.0% of 8 words (letters-only 100.0% of 8).
Train Loss: output=0.2145, reconstruction=6.1492
Epoch [163/400]
batch = 0 (Δ=0.389s, 100.00%)
Training throughput: 1 batches in 0.388s; word units 100.0% of 8 words (letters-only 100.0% of 8).
Train Loss: output=0.1806, reconstruction=6.1491
Epoch [164/400]
batch = 0 (Δ=0.308s, 100.00%)
Training throughput: 1 batches in 0.307s; word units 100.0% of 8 words (letters-only 100.0% of 8).
Train Loss: output=0.2033, reconstruction=6.1491
Epoch [165/400]
batch = 0 (Δ=0.312s, 100.00%)
Training throughput: 1 batches in 0.311s; word units 100.0% of 8 words (letters-only 100.0% of 8).
Train Loss: output=0.1962, reconstruction=6.1490
Epoch [166/400]
batch = 0 (Δ=0.310s, 100.00%)
Training throughput: 1 batches in 0.309s; word units 100.0% of 8 words (letters-only 100.0% of 8).
Train Loss: output=0.1867, reconstruction=6.1490
Epoch [167/400]
batch = 0 (Δ=0.308s, 100.00%)
Training throughput: 1 batches in 0.307s; word units 100.0% of 8 words (letters-only 100.0% of 8).
Train Loss: output=0.2116, reconstruction=6.1490
Epoch [168/400]
batch = 0 (Δ=0.310s, 100.00%)
Training throughput: 1 batches in 0.309s; word units 100.0% of 8 words (letters-only 100.0% of 8).
Train Loss: output=0.1759, reconstruction=6.1489
Epoch [169/400]
batch = 0 (Δ=0.310s, 100.00%)
Training throughput: 1 batches in 0.308s; word units 100.0% of 8 words (letters-only 100.0% of 8).
Train Loss: output=0.2167, reconstruction=6.1489
Epoch [170/400]
batch = 0 (Δ=0.310s, 100.00%)
Training throughput: 1 batches in 0.309s; word units 100.0% of 8 words (letters-only 100.0% of 8).
Train Loss: output=0.1780, reconstruction=6.1489
Epoch [171/400]
batch = 0 (Δ=0.314s, 100.00%)
Training throughput: 1 batches in 0.313s; word units 100.0% of 8 words (letters-only 100.0% of 8).
Train Loss: output=0.2081, reconstruction=6.1488
Epoch [172/400]
batch = 0 (Δ=0.309s, 100.00%)
Training throughput: 1 batches in 0.308s; word units 100.0% of 8 words (letters-only 100.0% of 8).
Train Loss: output=0.1921, reconstruction=6.1488
Epoch [173/400]
batch = 0 (Δ=0.311s, 100.00%)
Training throughput: 1 batches in 0.310s; word units 100.0% of 8 words (letters-only 100.0% of 8).
Train Loss: output=0.1916, reconstruction=6.1487
Epoch [174/400]
batch = 0 (Δ=0.310s, 100.00%)
Training throughput: 1 batches in 0.309s; word units 100.0% of 8 words (letters-only 100.0% of 8).
Train Loss: output=0.2090, reconstruction=6.1487
Epoch [175/400]
batch = 0 (Δ=0.312s, 100.00%)
Training throughput: 1 batches in 0.311s; word units 100.0% of 8 words (letters-only 100.0% of 8).
Train Loss: output=0.1779, reconstruction=6.1487
Epoch [176/400]
batch = 0 (Δ=0.313s, 100.00%)
Training throughput: 1 batches in 0.312s; word units 100.0% of 8 words (letters-only 100.0% of 8).
Train Loss: output=0.2178, reconstruction=6.1486
Epoch [177/400]
batch = 0 (Δ=0.312s, 100.00%)
Training throughput: 1 batches in 0.311s; word units 100.0% of 8 words (letters-only 100.0% of 8).
Train Loss: output=0.1760, reconstruction=6.1486
Epoch [178/400]
batch = 0 (Δ=0.313s, 100.00%)
Training throughput: 1 batches in 0.312s; word units 100.0% of 8 words (letters-only 100.0% of 8).
Train Loss: output=0.2129, reconstruction=6.1486
Epoch [179/400]
batch = 0 (Δ=0.391s, 100.00%)
Training throughput: 1 batches in 0.390s; word units 100.0% of 8 words (letters-only 100.0% of 8).
Train Loss: output=0.1873, reconstruction=6.1485
Epoch [180/400]
batch = 0 (Δ=0.311s, 100.00%)
Training throughput: 1 batches in 0.310s; word units 100.0% of 8 words (letters-only 100.0% of 8).
Train Loss: output=0.1975, reconstruction=6.1485
Epoch [181/400]
batch = 0 (Δ=0.313s, 100.00%)
Training throughput: 1 batches in 0.312s; word units 100.0% of 8 words (letters-only 100.0% of 8).
Train Loss: output=0.2047, reconstruction=6.1485
Epoch [182/400]
batch = 0 (Δ=0.307s, 100.00%)
Training throughput: 1 batches in 0.307s; word units 100.0% of 8 words (letters-only 100.0% of 8).
Train Loss: output=0.1814, reconstruction=6.1484
Epoch [183/400]
batch = 0 (Δ=0.314s, 100.00%)
Training throughput: 1 batches in 0.313s; word units 100.0% of 8 words (letters-only 100.0% of 8).
Train Loss: output=0.2172, reconstruction=6.1484
Epoch [184/400]
batch = 0 (Δ=0.311s, 100.00%)
Training throughput: 1 batches in 0.310s; word units 100.0% of 8 words (letters-only 100.0% of 8).
Train Loss: output=0.1750, reconstruction=6.1484
Epoch [185/400]
batch = 0 (Δ=0.316s, 100.00%)
Training throughput: 1 batches in 0.315s; word units 100.0% of 8 words (letters-only 100.0% of 8).
Train Loss: output=0.2169, reconstruction=6.1483
Epoch [186/400]
batch = 0 (Δ=0.312s, 100.00%)
Training throughput: 1 batches in 0.311s; word units 100.0% of 8 words (letters-only 100.0% of 8).
Train Loss: output=0.1822, reconstruction=6.1483
Epoch [187/400]
batch = 0 (Δ=0.313s, 100.00%)
Training throughput: 1 batches in 0.312s; word units 100.0% of 8 words (letters-only 100.0% of 8).
Train Loss: output=0.2041, reconstruction=6.1483
Epoch [188/400]
batch = 0 (Δ=0.312s, 100.00%)
Training throughput: 1 batches in 0.311s; word units 100.0% of 8 words (letters-only 100.0% of 8).
Train Loss: output=0.1987, reconstruction=6.1482
Epoch [189/400]
batch = 0 (Δ=0.310s, 100.00%)
Training throughput: 1 batches in 0.309s; word units 100.0% of 8 words (letters-only 100.0% of 8).
Train Loss: output=0.1869, reconstruction=6.1482
Epoch [190/400]
batch = 0 (Δ=0.315s, 100.00%)
Training throughput: 1 batches in 0.314s; word units 100.0% of 8 words (letters-only 100.0% of 8).
Train Loss: output=0.2142, reconstruction=6.1482
Epoch [191/400]
batch = 0 (Δ=0.313s, 100.00%)
Training throughput: 1 batches in 0.312s; word units 100.0% of 8 words (letters-only 100.0% of 8).
Train Loss: output=0.1759, reconstruction=6.1481
Epoch [192/400]
batch = 0 (Δ=0.319s, 100.00%)
Training throughput: 1 batches in 0.317s; word units 100.0% of 8 words (letters-only 100.0% of 8).
Train Loss: output=0.2192, reconstruction=6.1481
Epoch [193/400]
batch = 0 (Δ=0.310s, 100.00%)
Training throughput: 1 batches in 0.309s; word units 100.0% of 8 words (letters-only 100.0% of 8).
Train Loss: output=0.1778, reconstruction=6.1481
Epoch [194/400]
batch = 0 (Δ=0.313s, 100.00%)
Training throughput: 1 batches in 0.312s; word units 100.0% of 8 words (letters-only 100.0% of 8).
Train Loss: output=0.2109, reconstruction=6.1481
Epoch [195/400]
batch = 0 (Δ=0.395s, 100.00%)
Training throughput: 1 batches in 0.394s; word units 100.0% of 8 words (letters-only 100.0% of 8).
Train Loss: output=0.1914, reconstruction=6.1480
Epoch [196/400]
batch = 0 (Δ=0.311s, 100.00%)
Training throughput: 1 batches in 0.310s; word units 100.0% of 8 words (letters-only 100.0% of 8).
Train Loss: output=0.1942, reconstruction=6.1480
Epoch [197/400]
batch = 0 (Δ=0.314s, 100.00%)
Training throughput: 1 batches in 0.313s; word units 100.0% of 8 words (letters-only 100.0% of 8).
Train Loss: output=0.2086, reconstruction=6.1480
Epoch [198/400]
batch = 0 (Δ=0.311s, 100.00%)
Training throughput: 1 batches in 0.310s; word units 100.0% of 8 words (letters-only 100.0% of 8).
Train Loss: output=0.1795, reconstruction=6.1479
Epoch [199/400]
batch = 0 (Δ=0.314s, 100.00%)
Training throughput: 1 batches in 0.313s; word units 100.0% of 8 words (letters-only 100.0% of 8).
Train Loss: output=0.2189, reconstruction=6.1479
Epoch [200/400]
batch = 0 (Δ=0.316s, 100.00%)
Training throughput: 1 batches in 0.315s; word units 100.0% of 8 words (letters-only 100.0% of 8).
Train Loss: output=0.1752, reconstruction=6.1479
Epoch [201/400]
batch = 0 (Δ=0.317s, 100.00%)
Training throughput: 1 batches in 0.316s; word units 100.0% of 8 words (letters-only 100.0% of 8).
Train Loss: output=0.2164, reconstruction=6.1478
Epoch [202/400]
batch = 0 (Δ=0.318s, 100.00%)
Training throughput: 1 batches in 0.317s; word units 100.0% of 8 words (letters-only 100.0% of 8).
Train Loss: output=0.1840, reconstruction=6.1478
Epoch [203/400]
batch = 0 (Δ=0.312s, 100.00%)
Training throughput: 1 batches in 0.311s; word units 100.0% of 8 words (letters-only 100.0% of 8).
Train Loss: output=0.2027, reconstruction=6.1478
Epoch [204/400]
batch = 0 (Δ=0.318s, 100.00%)
Training throughput: 1 batches in 0.317s; word units 100.0% of 8 words (letters-only 100.0% of 8).
Train Loss: output=0.2005, reconstruction=6.1478
Epoch [205/400]
batch = 0 (Δ=0.314s, 100.00%)
Training throughput: 1 batches in 0.313s; word units 100.0% of 8 words (letters-only 100.0% of 8).
Train Loss: output=0.1859, reconstruction=6.1477
Epoch [206/400]
batch = 0 (Δ=0.315s, 100.00%)
Training throughput: 1 batches in 0.313s; word units 100.0% of 8 words (letters-only 100.0% of 8).
Train Loss: output=0.2151, reconstruction=6.1477
Epoch [207/400]
batch = 0 (Δ=0.319s, 100.00%)
Training throughput: 1 batches in 0.318s; word units 100.0% of 8 words (letters-only 100.0% of 8).
Train Loss: output=0.1757, reconstruction=6.1477
Epoch [208/400]
batch = 0 (Δ=0.314s, 100.00%)
Training throughput: 1 batches in 0.313s; word units 100.0% of 8 words (letters-only 100.0% of 8).
Train Loss: output=0.2193, reconstruction=6.1476
Epoch [209/400]
batch = 0 (Δ=0.313s, 100.00%)
Training throughput: 1 batches in 0.312s; word units 100.0% of 8 words (letters-only 100.0% of 8).
Train Loss: output=0.1780, reconstruction=6.1476
Epoch [210/400]
batch = 0 (Δ=0.314s, 100.00%)
Training throughput: 1 batches in 0.312s; word units 100.0% of 8 words (letters-only 100.0% of 8).
Train Loss: output=0.2108, reconstruction=6.1476
Epoch [211/400]
batch = 0 (Δ=0.397s, 100.00%)
Training throughput: 1 batches in 0.396s; word units 100.0% of 8 words (letters-only 100.0% of 8).
Train Loss: output=0.1912, reconstruction=6.1476
Epoch [212/400]
batch = 0 (Δ=0.318s, 100.00%)
Training throughput: 1 batches in 0.317s; word units 100.0% of 8 words (letters-only 100.0% of 8).
Train Loss: output=0.1946, reconstruction=6.1475
Epoch [213/400]
batch = 0 (Δ=0.318s, 100.00%)
Training throughput: 1 batches in 0.317s; word units 100.0% of 8 words (letters-only 100.0% of 8).
Train Loss: output=0.2078, reconstruction=6.1475
Epoch [214/400]
batch = 0 (Δ=0.313s, 100.00%)
Training throughput: 1 batches in 0.312s; word units 100.0% of 8 words (letters-only 100.0% of 8).
Train Loss: output=0.1800, reconstruction=6.1475
Epoch [215/400]
batch = 0 (Δ=0.316s, 100.00%)
Training throughput: 1 batches in 0.315s; word units 100.0% of 8 words (letters-only 100.0% of 8).
Train Loss: output=0.2182, reconstruction=6.1474
Epoch [216/400]
batch = 0 (Δ=0.317s, 100.00%)
Training throughput: 1 batches in 0.315s; word units 100.0% of 8 words (letters-only 100.0% of 8).
Train Loss: output=0.1751, reconstruction=6.1474
Epoch [217/400]
batch = 0 (Δ=0.316s, 100.00%)
Training throughput: 1 batches in 0.315s; word units 100.0% of 8 words (letters-only 100.0% of 8).
Train Loss: output=0.2167, reconstruction=6.1474
Epoch [218/400]
batch = 0 (Δ=0.315s, 100.00%)
Training throughput: 1 batches in 0.314s; word units 100.0% of 8 words (letters-only 100.0% of 8).
Train Loss: output=0.1824, reconstruction=6.1474
Epoch [219/400]
batch = 0 (Δ=0.317s, 100.00%)
Training throughput: 1 batches in 0.316s; word units 100.0% of 8 words (letters-only 100.0% of 8).
Train Loss: output=0.2043, reconstruction=6.1473
Epoch [220/400]
batch = 0 (Δ=0.318s, 100.00%)
Training throughput: 1 batches in 0.317s; word units 100.0% of 8 words (letters-only 100.0% of 8).
Train Loss: output=0.1978, reconstruction=6.1473
Epoch [221/400]
batch = 0 (Δ=0.316s, 100.00%)
Training throughput: 1 batches in 0.315s; word units 100.0% of 8 words (letters-only 100.0% of 8).
Train Loss: output=0.1879, reconstruction=6.1473
Epoch [222/400]
batch = 0 (Δ=0.319s, 100.00%)
Training throughput: 1 batches in 0.318s; word units 100.0% of 8 words (letters-only 100.0% of 8).
Train Loss: output=0.2126, reconstruction=6.1473
Epoch [223/400]
batch = 0 (Δ=0.318s, 100.00%)
Training throughput: 1 batches in 0.316s; word units 100.0% of 8 words (letters-only 100.0% of 8).
Train Loss: output=0.1766, reconstruction=6.1472
Epoch [224/400]
batch = 0 (Δ=0.318s, 100.00%)
Training throughput: 1 batches in 0.317s; word units 100.0% of 8 words (letters-only 100.0% of 8).
Train Loss: output=0.2185, reconstruction=6.1472
Epoch [225/400]
batch = 0 (Δ=0.317s, 100.00%)
Training throughput: 1 batches in 0.316s; word units 100.0% of 8 words (letters-only 100.0% of 8).
Train Loss: output=0.1765, reconstruction=6.1472
Epoch [226/400]
batch = 0 (Δ=0.316s, 100.00%)
Training throughput: 1 batches in 0.315s; word units 100.0% of 8 words (letters-only 100.0% of 8).
Train Loss: output=0.2125, reconstruction=6.1472
Epoch [227/400]
batch = 0 (Δ=0.394s, 100.00%)
Training throughput: 1 batches in 0.393s; word units 100.0% of 8 words (letters-only 100.0% of 8).
Train Loss: output=0.1874, reconstruction=6.1471
Epoch [228/400]
batch = 0 (Δ=0.314s, 100.00%)
Training throughput: 1 batches in 0.313s; word units 100.0% of 8 words (letters-only 100.0% of 8).
Train Loss: output=0.1979, reconstruction=6.1471
Epoch [229/400]
batch = 0 (Δ=0.317s, 100.00%)
Training throughput: 1 batches in 0.316s; word units 100.0% of 8 words (letters-only 100.0% of 8).
Train Loss: output=0.2032, reconstruction=6.1471
Epoch [230/400]
batch = 0 (Δ=0.314s, 100.00%)
Training throughput: 1 batches in 0.313s; word units 100.0% of 8 words (letters-only 100.0% of 8).
Train Loss: output=0.1827, reconstruction=6.1471
Epoch [231/400]
batch = 0 (Δ=0.314s, 100.00%)
Training throughput: 1 batches in 0.313s; word units 100.0% of 8 words (letters-only 100.0% of 8).
Train Loss: output=0.2152, reconstruction=6.1470
Epoch [232/400]
batch = 0 (Δ=0.318s, 100.00%)
Training throughput: 1 batches in 0.317s; word units 100.0% of 8 words (letters-only 100.0% of 8).
Train Loss: output=0.1752, reconstruction=6.1470
Epoch [233/400]
batch = 0 (Δ=0.319s, 100.00%)
Training throughput: 1 batches in 0.318s; word units 100.0% of 8 words (letters-only 100.0% of 8).
Train Loss: output=0.2169, reconstruction=6.1470
Epoch [234/400]
batch = 0 (Δ=0.316s, 100.00%)
Training throughput: 1 batches in 0.316s; word units 100.0% of 8 words (letters-only 100.0% of 8).
Train Loss: output=0.1791, reconstruction=6.1470
Epoch [235/400]
batch = 0 (Δ=0.314s, 100.00%)
Training throughput: 1 batches in 0.313s; word units 100.0% of 8 words (letters-only 100.0% of 8).
Train Loss: output=0.2075, reconstruction=6.1469
Epoch [236/400]
batch = 0 (Δ=0.317s, 100.00%)
Training throughput: 1 batches in 0.316s; word units 100.0% of 8 words (letters-only 100.0% of 8).
Train Loss: output=0.1922, reconstruction=6.1469
Epoch [237/400]
batch = 0 (Δ=0.316s, 100.00%)
Training throughput: 1 batches in 0.315s; word units 100.0% of 8 words (letters-only 100.0% of 8).
Train Loss: output=0.1921, reconstruction=6.1469
Epoch [238/400]
batch = 0 (Δ=0.316s, 100.00%)
Training throughput: 1 batches in 0.316s; word units 100.0% of 8 words (letters-only 100.0% of 8).
Train Loss: output=0.2072, reconstruction=6.1469
Epoch [239/400]
batch = 0 (Δ=0.320s, 100.00%)
Training throughput: 1 batches in 0.319s; word units 100.0% of 8 words (letters-only 100.0% of 8).
Train Loss: output=0.1791, reconstruction=6.1468
Epoch [240/400]
batch = 0 (Δ=0.314s, 100.00%)
Training throughput: 1 batches in 0.312s; word units 100.0% of 8 words (letters-only 100.0% of 8).
Train Loss: output=0.2161, reconstruction=6.1468
Epoch [241/400]
batch = 0 (Δ=0.321s, 100.00%)
Training throughput: 1 batches in 0.320s; word units 100.0% of 8 words (letters-only 100.0% of 8).
Train Loss: output=0.1751, reconstruction=6.1468
Epoch [242/400]
batch = 0 (Δ=0.397s, 100.00%)
Training throughput: 1 batches in 0.396s; word units 100.0% of 8 words (letters-only 100.0% of 8).
Train Loss: output=0.2141, reconstruction=6.1468
Epoch [243/400]
batch = 0 (Δ=0.321s, 100.00%)
Training throughput: 1 batches in 0.320s; word units 100.0% of 8 words (letters-only 100.0% of 8).
Train Loss: output=0.1823, reconstruction=6.1468
Epoch [244/400]
batch = 0 (Δ=0.316s, 100.00%)
Training throughput: 1 batches in 0.315s; word units 100.0% of 8 words (letters-only 100.0% of 8).
Train Loss: output=0.2023, reconstruction=6.1467
Epoch [245/400]
batch = 0 (Δ=0.319s, 100.00%)
Training throughput: 1 batches in 0.318s; word units 100.0% of 8 words (letters-only 100.0% of 8).
Train Loss: output=0.1965, reconstruction=6.1467
Epoch [246/400]
batch = 0 (Δ=0.320s, 100.00%)
Training throughput: 1 batches in 0.319s; word units 100.0% of 8 words (letters-only 100.0% of 8).
Train Loss: output=0.1872, reconstruction=6.1467
Epoch [247/400]
batch = 0 (Δ=0.315s, 100.00%)
Training throughput: 1 batches in 0.314s; word units 100.0% of 8 words (letters-only 100.0% of 8).
Train Loss: output=0.2101, reconstruction=6.1467
Epoch [248/400]
batch = 0 (Δ=0.321s, 100.00%)
Training throughput: 1 batches in 0.320s; word units 100.0% of 8 words (letters-only 100.0% of 8).
Train Loss: output=0.1766, reconstruction=6.1466
Epoch [249/400]
batch = 0 (Δ=0.317s, 100.00%)
Training throughput: 1 batches in 0.316s; word units 100.0% of 8 words (letters-only 100.0% of 8).
Train Loss: output=0.2158, reconstruction=6.1466
Epoch [250/400]
batch = 0 (Δ=0.317s, 100.00%)
Training throughput: 1 batches in 0.315s; word units 100.0% of 8 words (letters-only 100.0% of 8).
Train Loss: output=0.1762, reconstruction=6.1466
Epoch [251/400]
batch = 0 (Δ=0.318s, 100.00%)
Training throughput: 1 batches in 0.317s; word units 100.0% of 8 words (letters-only 100.0% of 8).
Train Loss: output=0.2105, reconstruction=6.1466
Epoch [252/400]
batch = 0 (Δ=0.320s, 100.00%)
Training throughput: 1 batches in 0.319s; word units 100.0% of 8 words (letters-only 100.0% of 8).
Train Loss: output=0.1859, reconstruction=6.1465
Epoch [253/400]
batch = 0 (Δ=0.320s, 100.00%)
Training throughput: 1 batches in 0.319s; word units 100.0% of 8 words (letters-only 100.0% of 8).
Train Loss: output=0.1972, reconstruction=6.1465
Epoch [254/400]
batch = 0 (Δ=0.320s, 100.00%)
Training throughput: 1 batches in 0.319s; word units 100.0% of 8 words (letters-only 100.0% of 8).
Train Loss: output=0.2005, reconstruction=6.1465
Epoch [255/400]
batch = 0 (Δ=0.319s, 100.00%)
Training throughput: 1 batches in 0.318s; word units 100.0% of 8 words (letters-only 100.0% of 8).
Train Loss: output=0.1830, reconstruction=6.1465
Epoch [256/400]
batch = 0 (Δ=0.311s, 100.00%)
Training throughput: 1 batches in 0.310s; word units 100.0% of 8 words (letters-only 100.0% of 8).
Train Loss: output=0.2120, reconstruction=6.1465
Epoch [257/400]
batch = 0 (Δ=0.390s, 100.00%)
Training throughput: 1 batches in 0.389s; word units 100.0% of 8 words (letters-only 100.0% of 8).
Train Loss: output=0.1753, reconstruction=6.1429
Epoch [258/400]
batch = 0 (Δ=0.307s, 100.00%)
Training throughput: 1 batches in 0.306s; word units 100.0% of 8 words (letters-only 100.0% of 8).
Train Loss: output=0.2143, reconstruction=6.1389
Epoch [259/400]
batch = 0 (Δ=0.312s, 100.00%)
Training throughput: 1 batches in 0.311s; word units 100.0% of 8 words (letters-only 100.0% of 8).
Train Loss: output=0.1781, reconstruction=6.1351
Epoch [260/400]
batch = 0 (Δ=0.310s, 100.00%)
Training throughput: 1 batches in 0.309s; word units 100.0% of 8 words (letters-only 100.0% of 8).
Train Loss: output=0.2063, reconstruction=6.1319
Epoch [261/400]
batch = 0 (Δ=0.314s, 100.00%)
Training throughput: 1 batches in 0.313s; word units 100.0% of 8 words (letters-only 100.0% of 8).
Train Loss: output=0.1898, reconstruction=6.1290
Epoch [262/400]
batch = 0 (Δ=0.312s, 100.00%)
Training throughput: 1 batches in 0.311s; word units 100.0% of 8 words (letters-only 100.0% of 8).
Train Loss: output=0.1922, reconstruction=6.1266
Epoch [263/400]
batch = 0 (Δ=0.319s, 100.00%)
Training throughput: 1 batches in 0.318s; word units 100.0% of 8 words (letters-only 100.0% of 8).
Train Loss: output=0.2039, reconstruction=6.1246
Epoch [264/400]
batch = 0 (Δ=0.310s, 100.00%)
Training throughput: 1 batches in 0.309s; word units 100.0% of 8 words (letters-only 100.0% of 8).
Train Loss: output=0.1796, reconstruction=6.1230
Epoch [265/400]
batch = 0 (Δ=0.309s, 100.00%)
Training throughput: 1 batches in 0.307s; word units 100.0% of 8 words (letters-only 100.0% of 8).
Train Loss: output=0.2129, reconstruction=6.1216
Epoch [266/400]
batch = 0 (Δ=0.312s, 100.00%)
Training throughput: 1 batches in 0.311s; word units 100.0% of 8 words (letters-only 100.0% of 8).
Train Loss: output=0.1750, reconstruction=6.1204
Epoch [267/400]
batch = 0 (Δ=0.310s, 100.00%)
Training throughput: 1 batches in 0.309s; word units 100.0% of 8 words (letters-only 100.0% of 8).
Train Loss: output=0.2120, reconstruction=6.1194
Epoch [268/400]
batch = 0 (Δ=0.309s, 100.00%)
Training throughput: 1 batches in 0.308s; word units 100.0% of 8 words (letters-only 100.0% of 8).
Train Loss: output=0.1809, reconstruction=6.1186
Epoch [269/400]
batch = 0 (Δ=0.309s, 100.00%)
Training throughput: 1 batches in 0.309s; word units 100.0% of 8 words (letters-only 100.0% of 8).
Train Loss: output=0.2016, reconstruction=6.1179
Epoch [270/400]
batch = 0 (Δ=0.313s, 100.00%)
Training throughput: 1 batches in 0.312s; word units 100.0% of 8 words (letters-only 100.0% of 8).
Train Loss: output=0.1938, reconstruction=6.1173
Epoch [271/400]
batch = 0 (Δ=0.308s, 100.00%)
Training throughput: 1 batches in 0.307s; word units 100.0% of 8 words (letters-only 100.0% of 8).
Train Loss: output=0.1874, reconstruction=6.1168
Epoch [272/400]
batch = 0 (Δ=0.311s, 100.00%)
Training throughput: 1 batches in 0.311s; word units 100.0% of 8 words (letters-only 100.0% of 8).
Train Loss: output=0.2069, reconstruction=6.1164
Epoch [273/400]
batch = 0 (Δ=0.314s, 100.00%)
Training throughput: 1 batches in 0.313s; word units 100.0% of 8 words (letters-only 100.0% of 8).
Train Loss: output=0.1770, reconstruction=6.1161
Epoch [274/400]
batch = 0 (Δ=0.309s, 100.00%)
Training throughput: 1 batches in 0.308s; word units 100.0% of 8 words (letters-only 100.0% of 8).
Train Loss: output=0.2129, reconstruction=6.1158
Epoch [275/400]
batch = 0 (Δ=0.391s, 100.00%)
Training throughput: 1 batches in 0.390s; word units 100.0% of 8 words (letters-only 100.0% of 8).
Train Loss: output=0.1758, reconstruction=6.1155
Epoch [276/400]
batch = 0 (Δ=0.310s, 100.00%)
Training throughput: 1 batches in 0.309s; word units 100.0% of 8 words (letters-only 100.0% of 8).
Train Loss: output=0.2087, reconstruction=6.1153
Epoch [277/400]
batch = 0 (Δ=0.313s, 100.00%)
Training throughput: 1 batches in 0.312s; word units 100.0% of 8 words (letters-only 100.0% of 8).
Train Loss: output=0.1844, reconstruction=6.1151
Epoch [278/400]
batch = 0 (Δ=0.311s, 100.00%)
Training throughput: 1 batches in 0.310s; word units 100.0% of 8 words (letters-only 100.0% of 8).
Train Loss: output=0.1965, reconstruction=6.1149
Epoch [279/400]
batch = 0 (Δ=0.312s, 100.00%)
Training throughput: 1 batches in 0.311s; word units 100.0% of 8 words (letters-only 100.0% of 8).
Train Loss: output=0.1981, reconstruction=6.1148
Epoch [280/400]
batch = 0 (Δ=0.312s, 100.00%)
Training throughput: 1 batches in 0.311s; word units 100.0% of 8 words (letters-only 100.0% of 8).
Train Loss: output=0.1830, reconstruction=6.1147
Epoch [281/400]
batch = 0 (Δ=0.311s, 100.00%)
Training throughput: 1 batches in 0.310s; word units 100.0% of 8 words (letters-only 100.0% of 8).
Train Loss: output=0.2093, reconstruction=6.1146
Epoch [282/400]
batch = 0 (Δ=0.316s, 100.00%)
Training throughput: 1 batches in 0.315s; word units 100.0% of 8 words (letters-only 100.0% of 8).
Train Loss: output=0.1754, reconstruction=6.1145
Epoch [283/400]
batch = 0 (Δ=0.308s, 100.00%)
Training throughput: 1 batches in 0.307s; word units 100.0% of 8 words (letters-only 100.0% of 8).
Train Loss: output=0.2119, reconstruction=6.1144
Epoch [284/400]
batch = 0 (Δ=0.314s, 100.00%)
Training throughput: 1 batches in 0.313s; word units 100.0% of 8 words (letters-only 100.0% of 8).
Train Loss: output=0.1778, reconstruction=6.1143
Epoch [285/400]
batch = 0 (Δ=0.311s, 100.00%)
Training throughput: 1 batches in 0.310s; word units 100.0% of 8 words (letters-only 100.0% of 8).
Train Loss: output=0.2045, reconstruction=6.1142
Epoch [286/400]
batch = 0 (Δ=0.309s, 100.00%)
Training throughput: 1 batches in 0.308s; word units 100.0% of 8 words (letters-only 100.0% of 8).
Train Loss: output=0.1888, reconstruction=6.1141
Epoch [287/400]
batch = 0 (Δ=0.316s, 100.00%)
Training throughput: 1 batches in 0.315s; word units 100.0% of 8 words (letters-only 100.0% of 8).
Train Loss: output=0.1911, reconstruction=6.1141
Epoch [288/400]
batch = 0 (Δ=0.310s, 100.00%)
Training throughput: 1 batches in 0.309s; word units 100.0% of 8 words (letters-only 100.0% of 8).
Train Loss: output=0.2024, reconstruction=6.1140
Epoch [289/400]
batch = 0 (Δ=0.311s, 100.00%)
Training throughput: 1 batches in 0.311s; word units 100.0% of 8 words (letters-only 100.0% of 8).
Train Loss: output=0.1791, reconstruction=6.1140
Epoch [290/400]
batch = 0 (Δ=0.312s, 100.00%)
Training throughput: 1 batches in 0.311s; word units 100.0% of 8 words (letters-only 100.0% of 8).
Train Loss: output=0.2109, reconstruction=6.1139
Epoch [291/400]
batch = 0 (Δ=0.311s, 100.00%)
Training throughput: 1 batches in 0.310s; word units 100.0% of 8 words (letters-only 100.0% of 8).
Train Loss: output=0.1751, reconstruction=6.1139
Epoch [292/400]
batch = 0 (Δ=0.390s, 100.00%)
Training throughput: 1 batches in 0.390s; word units 100.0% of 8 words (letters-only 100.0% of 8).
Train Loss: output=0.2096, reconstruction=6.1138
Epoch [293/400]
batch = 0 (Δ=0.313s, 100.00%)
Training throughput: 1 batches in 0.312s; word units 100.0% of 8 words (letters-only 100.0% of 8).
Train Loss: output=0.1812, reconstruction=6.1138
Epoch [294/400]
batch = 0 (Δ=0.310s, 100.00%)
Training throughput: 1 batches in 0.309s; word units 100.0% of 8 words (letters-only 100.0% of 8).
Train Loss: output=0.1992, reconstruction=6.1137
Epoch [295/400]
batch = 0 (Δ=0.312s, 100.00%)
Training throughput: 1 batches in 0.312s; word units 100.0% of 8 words (letters-only 100.0% of 8).
Train Loss: output=0.1940, reconstruction=6.1137
Epoch [296/400]
batch = 0 (Δ=0.312s, 100.00%)
Training throughput: 1 batches in 0.311s; word units 100.0% of 8 words (letters-only 100.0% of 8).
Train Loss: output=0.1856, reconstruction=6.1137
Epoch [297/400]
batch = 0 (Δ=0.311s, 100.00%)
Training throughput: 1 batches in 0.310s; word units 100.0% of 8 words (letters-only 100.0% of 8).
Train Loss: output=0.2064, reconstruction=6.1136
Epoch [298/400]
batch = 0 (Δ=0.313s, 100.00%)
Training throughput: 1 batches in 0.312s; word units 100.0% of 8 words (letters-only 100.0% of 8).
Train Loss: output=0.1762, reconstruction=6.1136
Epoch [299/400]
batch = 0 (Δ=0.309s, 100.00%)
Training throughput: 1 batches in 0.308s; word units 100.0% of 8 words (letters-only 100.0% of 8).
Train Loss: output=0.2112, reconstruction=6.1136
Epoch [300/400]
batch = 0 (Δ=0.309s, 100.00%)
Training throughput: 1 batches in 0.308s; word units 100.0% of 8 words (letters-only 100.0% of 8).
Train Loss: output=0.1764, reconstruction=6.1136
Epoch [301/400]
batch = 0 (Δ=0.315s, 100.00%)
Training throughput: 1 batches in 0.314s; word units 100.0% of 8 words (letters-only 100.0% of 8).
Train Loss: output=0.2058, reconstruction=6.1135
Epoch [302/400]
batch = 0 (Δ=0.310s, 100.00%)
Training throughput: 1 batches in 0.309s; word units 100.0% of 8 words (letters-only 100.0% of 8).
Train Loss: output=0.1861, reconstruction=6.1135
Epoch [303/400]
batch = 0 (Δ=0.313s, 100.00%)
Training throughput: 1 batches in 0.312s; word units 100.0% of 8 words (letters-only 100.0% of 8).
Train Loss: output=0.1932, reconstruction=6.1135
Epoch [304/400]
batch = 0 (Δ=0.311s, 100.00%)
Training throughput: 1 batches in 0.310s; word units 100.0% of 8 words (letters-only 100.0% of 8).
Train Loss: output=0.1997, reconstruction=6.1135
Epoch [305/400]
batch = 0 (Δ=0.313s, 100.00%)
Training throughput: 1 batches in 0.312s; word units 100.0% of 8 words (letters-only 100.0% of 8).
Train Loss: output=0.1805, reconstruction=6.1134
Epoch [306/400]
batch = 0 (Δ=0.311s, 100.00%)
Training throughput: 1 batches in 0.310s; word units 100.0% of 8 words (letters-only 100.0% of 8).
Train Loss: output=0.2095, reconstruction=6.1134
Epoch [307/400]
batch = 0 (Δ=0.311s, 100.00%)
Training throughput: 1 batches in 0.310s; word units 100.0% of 8 words (letters-only 100.0% of 8).
Train Loss: output=0.1750, reconstruction=6.1134
Epoch [308/400]
batch = 0 (Δ=0.319s, 100.00%)
Training throughput: 1 batches in 0.318s; word units 100.0% of 8 words (letters-only 100.0% of 8).
Train Loss: output=0.2098, reconstruction=6.1134
Epoch [309/400]
batch = 0 (Δ=0.311s, 100.00%)
Training throughput: 1 batches in 0.310s; word units 100.0% of 8 words (letters-only 100.0% of 8).
Train Loss: output=0.1799, reconstruction=6.1133
Epoch [310/400]
batch = 0 (Δ=0.396s, 100.00%)
Training throughput: 1 batches in 0.395s; word units 100.0% of 8 words (letters-only 100.0% of 8).
Train Loss: output=0.2003, reconstruction=6.1133
Epoch [311/400]
batch = 0 (Δ=0.314s, 100.00%)
Training throughput: 1 batches in 0.313s; word units 100.0% of 8 words (letters-only 100.0% of 8).
Train Loss: output=0.1923, reconstruction=6.1133
Epoch [312/400]
batch = 0 (Δ=0.311s, 100.00%)
Training throughput: 1 batches in 0.309s; word units 100.0% of 8 words (letters-only 100.0% of 8).
Train Loss: output=0.1867, reconstruction=6.1133
Epoch [313/400]
batch = 0 (Δ=0.312s, 100.00%)
Training throughput: 1 batches in 0.311s; word units 100.0% of 8 words (letters-only 100.0% of 8).
Train Loss: output=0.2051, reconstruction=6.1133
Epoch [314/400]
batch = 0 (Δ=0.316s, 100.00%)
Training throughput: 1 batches in 0.315s; word units 100.0% of 8 words (letters-only 100.0% of 8).
Train Loss: output=0.1766, reconstruction=6.1133
Epoch [315/400]
batch = 0 (Δ=0.316s, 100.00%)
Training throughput: 1 batches in 0.315s; word units 100.0% of 8 words (letters-only 100.0% of 8).
Train Loss: output=0.2108, reconstruction=6.1132
Epoch [316/400]
batch = 0 (Δ=0.314s, 100.00%)
Training throughput: 1 batches in 0.313s; word units 100.0% of 8 words (letters-only 100.0% of 8).
Train Loss: output=0.1761, reconstruction=6.1132
Epoch [317/400]
batch = 0 (Δ=0.313s, 100.00%)
Training throughput: 1 batches in 0.312s; word units 100.0% of 8 words (letters-only 100.0% of 8).
Train Loss: output=0.2060, reconstruction=6.1132
Epoch [318/400]
batch = 0 (Δ=0.311s, 100.00%)
Training throughput: 1 batches in 0.310s; word units 100.0% of 8 words (letters-only 100.0% of 8).
Train Loss: output=0.1855, reconstruction=6.1132
Epoch [319/400]
batch = 0 (Δ=0.310s, 100.00%)
Training throughput: 1 batches in 0.309s; word units 100.0% of 8 words (letters-only 100.0% of 8).
Train Loss: output=0.1935, reconstruction=6.1132
Epoch [320/400]
batch = 0 (Δ=0.309s, 100.00%)
Training throughput: 1 batches in 0.307s; word units 100.0% of 8 words (letters-only 100.0% of 8).
Train Loss: output=0.1993, reconstruction=6.1132
Epoch [321/400]
batch = 0 (Δ=0.312s, 100.00%)
Training throughput: 1 batches in 0.311s; word units 100.0% of 8 words (letters-only 100.0% of 8).
Train Loss: output=0.1806, reconstruction=6.1132
Epoch [322/400]
batch = 0 (Δ=0.312s, 100.00%)
Training throughput: 1 batches in 0.311s; word units 100.0% of 8 words (letters-only 100.0% of 8).
Train Loss: output=0.2093, reconstruction=6.1131
Epoch [323/400]
batch = 0 (Δ=0.315s, 100.00%)
Training throughput: 1 batches in 0.314s; word units 100.0% of 8 words (letters-only 100.0% of 8).
Train Loss: output=0.1750, reconstruction=6.1131
Epoch [324/400]
batch = 0 (Δ=0.313s, 100.00%)
Training throughput: 1 batches in 0.312s; word units 100.0% of 8 words (letters-only 100.0% of 8).
Train Loss: output=0.2097, reconstruction=6.1131
Epoch [325/400]
batch = 0 (Δ=0.315s, 100.00%)
Training throughput: 1 batches in 0.314s; word units 100.0% of 8 words (letters-only 100.0% of 8).
Train Loss: output=0.1800, reconstruction=6.1131
Epoch [326/400]
batch = 0 (Δ=0.312s, 100.00%)
Training throughput: 1 batches in 0.311s; word units 100.0% of 8 words (letters-only 100.0% of 8).
Train Loss: output=0.2000, reconstruction=6.1131
Epoch [327/400]
batch = 0 (Δ=0.313s, 100.00%)
Training throughput: 1 batches in 0.312s; word units 100.0% of 8 words (letters-only 100.0% of 8).
Train Loss: output=0.1928, reconstruction=6.1131
Epoch [328/400]
batch = 0 (Δ=0.391s, 100.00%)
Training throughput: 1 batches in 0.390s; word units 100.0% of 8 words (letters-only 100.0% of 8).
Train Loss: output=0.1861, reconstruction=6.1131
Epoch [329/400]
batch = 0 (Δ=0.313s, 100.00%)
Training throughput: 1 batches in 0.312s; word units 100.0% of 8 words (letters-only 100.0% of 8).
Train Loss: output=0.2058, reconstruction=6.1131
Epoch [330/400]
batch = 0 (Δ=0.311s, 100.00%)
Training throughput: 1 batches in 0.310s; word units 100.0% of 8 words (letters-only 100.0% of 8).
Train Loss: output=0.1763, reconstruction=6.1130
Epoch [331/400]
batch = 0 (Δ=0.315s, 100.00%)
Training throughput: 1 batches in 0.314s; word units 100.0% of 8 words (letters-only 100.0% of 8).
Train Loss: output=0.2111, reconstruction=6.1130
Epoch [332/400]
batch = 0 (Δ=0.314s, 100.00%)
Training throughput: 1 batches in 0.313s; word units 100.0% of 8 words (letters-only 100.0% of 8).
Train Loss: output=0.1765, reconstruction=6.1130
Epoch [333/400]
batch = 0 (Δ=0.310s, 100.00%)
Training throughput: 1 batches in 0.309s; word units 100.0% of 8 words (letters-only 100.0% of 8).
Train Loss: output=0.2054, reconstruction=6.1130
Epoch [334/400]
batch = 0 (Δ=0.313s, 100.00%)
Training throughput: 1 batches in 0.312s; word units 100.0% of 8 words (letters-only 100.0% of 8).
Train Loss: output=0.1867, reconstruction=6.1130
Epoch [335/400]
batch = 0 (Δ=0.313s, 100.00%)
Training throughput: 1 batches in 0.312s; word units 100.0% of 8 words (letters-only 100.0% of 8).
Train Loss: output=0.1923, reconstruction=6.1130
Epoch [336/400]
batch = 0 (Δ=0.310s, 100.00%)
Training throughput: 1 batches in 0.308s; word units 100.0% of 8 words (letters-only 100.0% of 8).
Train Loss: output=0.2009, reconstruction=6.1130
Epoch [337/400]
batch = 0 (Δ=0.314s, 100.00%)
Training throughput: 1 batches in 0.313s; word units 100.0% of 8 words (letters-only 100.0% of 8).
Train Loss: output=0.1796, reconstruction=6.1130
Epoch [338/400]
batch = 0 (Δ=0.312s, 100.00%)
Training throughput: 1 batches in 0.311s; word units 100.0% of 8 words (letters-only 100.0% of 8).
Train Loss: output=0.2104, reconstruction=6.1130
Epoch [339/400]
batch = 0 (Δ=0.314s, 100.00%)
Training throughput: 1 batches in 0.313s; word units 100.0% of 8 words (letters-only 100.0% of 8).
Train Loss: output=0.1751, reconstruction=6.1130
Epoch [340/400]
batch = 0 (Δ=0.313s, 100.00%)
Training throughput: 1 batches in 0.311s; word units 100.0% of 8 words (letters-only 100.0% of 8).
Train Loss: output=0.2093, reconstruction=6.1130
Epoch [341/400]
batch = 0 (Δ=0.312s, 100.00%)
Training throughput: 1 batches in 0.311s; word units 100.0% of 8 words (letters-only 100.0% of 8).
Train Loss: output=0.1816, reconstruction=6.1130
Epoch [342/400]
batch = 0 (Δ=0.312s, 100.00%)
Training throughput: 1 batches in 0.311s; word units 100.0% of 8 words (letters-only 100.0% of 8).
Train Loss: output=0.1984, reconstruction=6.1130
Epoch [343/400]
batch = 0 (Δ=0.313s, 100.00%)
Training throughput: 1 batches in 0.312s; word units 100.0% of 8 words (letters-only 100.0% of 8).
Train Loss: output=0.1954, reconstruction=6.1129
Epoch [344/400]
batch = 0 (Δ=0.315s, 100.00%)
Training throughput: 1 batches in 0.314s; word units 100.0% of 8 words (letters-only 100.0% of 8).
Train Loss: output=0.1842, reconstruction=6.1129
Epoch [345/400]
batch = 0 (Δ=0.315s, 100.00%)
Training throughput: 1 batches in 0.314s; word units 100.0% of 8 words (letters-only 100.0% of 8).
Train Loss: output=0.2079, reconstruction=6.1129
Epoch [346/400]
batch = 0 (Δ=0.396s, 100.00%)
Training throughput: 1 batches in 0.395s; word units 100.0% of 8 words (letters-only 100.0% of 8).
Train Loss: output=0.1756, reconstruction=6.1129
Epoch [347/400]
batch = 0 (Δ=0.312s, 100.00%)
Training throughput: 1 batches in 0.311s; word units 100.0% of 8 words (letters-only 100.0% of 8).
Train Loss: output=0.2115, reconstruction=6.1129
Epoch [348/400]
batch = 0 (Δ=0.311s, 100.00%)
Training throughput: 1 batches in 0.310s; word units 100.0% of 8 words (letters-only 100.0% of 8).
Train Loss: output=0.1778, reconstruction=6.1129
Epoch [349/400]
batch = 0 (Δ=0.314s, 100.00%)
Training throughput: 1 batches in 0.313s; word units 100.0% of 8 words (letters-only 100.0% of 8).
Train Loss: output=0.2039, reconstruction=6.1129
Epoch [350/400]
batch = 0 (Δ=0.312s, 100.00%)
Training throughput: 1 batches in 0.311s; word units 100.0% of 8 words (letters-only 100.0% of 8).
Train Loss: output=0.1898, reconstruction=6.1129
Epoch [351/400]
batch = 0 (Δ=0.312s, 100.00%)
Training throughput: 1 batches in 0.311s; word units 100.0% of 8 words (letters-only 100.0% of 8).
Train Loss: output=0.1897, reconstruction=6.1129
Epoch [352/400]
batch = 0 (Δ=0.315s, 100.00%)
Training throughput: 1 batches in 0.314s; word units 100.0% of 8 words (letters-only 100.0% of 8).
Train Loss: output=0.2042, reconstruction=6.1129
Epoch [353/400]
batch = 0 (Δ=0.312s, 100.00%)
Training throughput: 1 batches in 0.311s; word units 100.0% of 8 words (letters-only 100.0% of 8).
Train Loss: output=0.1778, reconstruction=6.1129
Epoch [354/400]
batch = 0 (Δ=0.311s, 100.00%)
Training throughput: 1 batches in 0.310s; word units 100.0% of 8 words (letters-only 100.0% of 8).
Train Loss: output=0.2120, reconstruction=6.1129
Epoch [355/400]
batch = 0 (Δ=0.311s, 100.00%)
Training throughput: 1 batches in 0.310s; word units 100.0% of 8 words (letters-only 100.0% of 8).
Train Loss: output=0.1756, reconstruction=6.1129
Epoch [356/400]
batch = 0 (Δ=0.311s, 100.00%)
Training throughput: 1 batches in 0.310s; word units 100.0% of 8 words (letters-only 100.0% of 8).
Train Loss: output=0.2084, reconstruction=6.1129
Epoch [357/400]
batch = 0 (Δ=0.308s, 100.00%)
Training throughput: 1 batches in 0.307s; word units 100.0% of 8 words (letters-only 100.0% of 8).
Train Loss: output=0.1847, reconstruction=6.1128
Epoch [358/400]
batch = 0 (Δ=0.318s, 100.00%)
Training throughput: 1 batches in 0.317s; word units 100.0% of 8 words (letters-only 100.0% of 8).
Train Loss: output=0.1955, reconstruction=6.1128
Epoch [359/400]
batch = 0 (Δ=0.312s, 100.00%)
Training throughput: 1 batches in 0.310s; word units 100.0% of 8 words (letters-only 100.0% of 8).
Train Loss: output=0.1995, reconstruction=6.1128
Epoch [360/400]
batch = 0 (Δ=0.313s, 100.00%)
Training throughput: 1 batches in 0.312s; word units 100.0% of 8 words (letters-only 100.0% of 8).
Train Loss: output=0.1814, reconstruction=6.1128
Epoch [361/400]
batch = 0 (Δ=0.314s, 100.00%)
Training throughput: 1 batches in 0.313s; word units 100.0% of 8 words (letters-only 100.0% of 8).
Train Loss: output=0.2108, reconstruction=6.1128
Epoch [362/400]
batch = 0 (Δ=0.311s, 100.00%)
Training throughput: 1 batches in 0.310s; word units 100.0% of 8 words (letters-only 100.0% of 8).
Train Loss: output=0.1750, reconstruction=6.1128
Epoch [363/400]
batch = 0 (Δ=0.314s, 100.00%)
Training throughput: 1 batches in 0.312s; word units 100.0% of 8 words (letters-only 100.0% of 8).
Train Loss: output=0.2115, reconstruction=6.1128
Epoch [364/400]
batch = 0 (Δ=0.391s, 100.00%)
Training throughput: 1 batches in 0.391s; word units 100.0% of 8 words (letters-only 100.0% of 8).
Train Loss: output=0.1804, reconstruction=6.1128
Epoch [365/400]
batch = 0 (Δ=0.313s, 100.00%)
Training throughput: 1 batches in 0.312s; word units 100.0% of 8 words (letters-only 100.0% of 8).
Train Loss: output=0.2012, reconstruction=6.1128
Epoch [366/400]
batch = 0 (Δ=0.312s, 100.00%)
Training throughput: 1 batches in 0.311s; word units 100.0% of 8 words (letters-only 100.0% of 8).
Train Loss: output=0.1943, reconstruction=6.1128
Epoch [367/400]
batch = 0 (Δ=0.312s, 100.00%)
Training throughput: 1 batches in 0.311s; word units 100.0% of 8 words (letters-only 100.0% of 8).
Train Loss: output=0.1862, reconstruction=6.1128
Epoch [368/400]
batch = 0 (Δ=0.316s, 100.00%)
Training throughput: 1 batches in 0.314s; word units 100.0% of 8 words (letters-only 100.0% of 8).
Train Loss: output=0.2082, reconstruction=6.1128
Epoch [369/400]
batch = 0 (Δ=0.313s, 100.00%)
Training throughput: 1 batches in 0.311s; word units 100.0% of 8 words (letters-only 100.0% of 8).
Train Loss: output=0.1760, reconstruction=6.1128
Epoch [370/400]
batch = 0 (Δ=0.315s, 100.00%)
Training throughput: 1 batches in 0.314s; word units 100.0% of 8 words (letters-only 100.0% of 8).
Train Loss: output=0.2133, reconstruction=6.1128
Epoch [371/400]
batch = 0 (Δ=0.311s, 100.00%)
Training throughput: 1 batches in 0.310s; word units 100.0% of 8 words (letters-only 100.0% of 8).
Train Loss: output=0.1772, reconstruction=6.1128
Epoch [372/400]
batch = 0 (Δ=0.310s, 100.00%)
Training throughput: 1 batches in 0.309s; word units 100.0% of 8 words (letters-only 100.0% of 8).
Train Loss: output=0.2063, reconstruction=6.1128
Epoch [373/400]
batch = 0 (Δ=0.315s, 100.00%)
Training throughput: 1 batches in 0.314s; word units 100.0% of 8 words (letters-only 100.0% of 8).
Train Loss: output=0.1891, reconstruction=6.1128
Epoch [374/400]
batch = 0 (Δ=0.312s, 100.00%)
Training throughput: 1 batches in 0.311s; word units 100.0% of 8 words (letters-only 100.0% of 8).
Train Loss: output=0.1917, reconstruction=6.1128
Epoch [375/400]
batch = 0 (Δ=0.317s, 100.00%)
Training throughput: 1 batches in 0.316s; word units 100.0% of 8 words (letters-only 100.0% of 8).
Train Loss: output=0.2044, reconstruction=6.1128
Epoch [376/400]
batch = 0 (Δ=0.312s, 100.00%)
Training throughput: 1 batches in 0.311s; word units 100.0% of 8 words (letters-only 100.0% of 8).
Train Loss: output=0.1786, reconstruction=6.1128
Epoch [377/400]
batch = 0 (Δ=0.315s, 100.00%)
Training throughput: 1 batches in 0.314s; word units 100.0% of 8 words (letters-only 100.0% of 8).
Train Loss: output=0.2135, reconstruction=6.1128
Epoch [378/400]
batch = 0 (Δ=0.311s, 100.00%)
Training throughput: 1 batches in 0.310s; word units 100.0% of 8 words (letters-only 100.0% of 8).
Train Loss: output=0.1754, reconstruction=6.1128
Epoch [379/400]
batch = 0 (Δ=0.316s, 100.00%)
Training throughput: 1 batches in 0.315s; word units 100.0% of 8 words (letters-only 100.0% of 8).
Train Loss: output=0.2106, reconstruction=6.1127
Epoch [380/400]
batch = 0 (Δ=0.313s, 100.00%)
Training throughput: 1 batches in 0.312s; word units 100.0% of 8 words (letters-only 100.0% of 8).
Train Loss: output=0.1842, reconstruction=6.1127
Epoch [381/400]
batch = 0 (Δ=0.310s, 100.00%)
Training throughput: 1 batches in 0.309s; word units 100.0% of 8 words (letters-only 100.0% of 8).
Train Loss: output=0.1975, reconstruction=6.1127
Epoch [382/400]
batch = 0 (Δ=0.397s, 100.00%)
Training throughput: 1 batches in 0.396s; word units 100.0% of 8 words (letters-only 100.0% of 8).
Train Loss: output=0.1997, reconstruction=6.1127
Epoch [383/400]
batch = 0 (Δ=0.312s, 100.00%)
Training throughput: 1 batches in 0.312s; word units 100.0% of 8 words (letters-only 100.0% of 8).
Train Loss: output=0.1825, reconstruction=6.1127
Epoch [384/400]
batch = 0 (Δ=0.319s, 100.00%)
Training throughput: 1 batches in 0.317s; word units 100.0% of 8 words (letters-only 100.0% of 8).
Train Loss: output=0.2121, reconstruction=6.1127
Epoch [385/400]
batch = 0 (Δ=0.314s, 100.00%)
Training throughput: 1 batches in 0.313s; word units 100.0% of 8 words (letters-only 100.0% of 8).
Train Loss: output=0.1751, reconstruction=6.1127
Epoch [386/400]
batch = 0 (Δ=0.314s, 100.00%)
Training throughput: 1 batches in 0.313s; word units 100.0% of 8 words (letters-only 100.0% of 8).
Train Loss: output=0.2136, reconstruction=6.1127
Epoch [387/400]
batch = 0 (Δ=0.318s, 100.00%)
Training throughput: 1 batches in 0.317s; word units 100.0% of 8 words (letters-only 100.0% of 8).
Train Loss: output=0.1800, reconstruction=6.1127
Epoch [388/400]
batch = 0 (Δ=0.317s, 100.00%)
Training throughput: 1 batches in 0.316s; word units 100.0% of 8 words (letters-only 100.0% of 8).
Train Loss: output=0.2033, reconstruction=6.1127
Epoch [389/400]
batch = 0 (Δ=0.314s, 100.00%)
Training throughput: 1 batches in 0.313s; word units 100.0% of 8 words (letters-only 100.0% of 8).
Train Loss: output=0.1944, reconstruction=6.1127
Epoch [390/400]
batch = 0 (Δ=0.313s, 100.00%)
Training throughput: 1 batches in 0.312s; word units 100.0% of 8 words (letters-only 100.0% of 8).
Train Loss: output=0.1876, reconstruction=6.1127
Epoch [391/400]
batch = 0 (Δ=0.317s, 100.00%)
Training throughput: 1 batches in 0.316s; word units 100.0% of 8 words (letters-only 100.0% of 8).
Train Loss: output=0.2092, reconstruction=6.1127
Epoch [392/400]
batch = 0 (Δ=0.313s, 100.00%)
Training throughput: 1 batches in 0.312s; word units 100.0% of 8 words (letters-only 100.0% of 8).
Train Loss: output=0.1764, reconstruction=6.1127
Epoch [393/400]
batch = 0 (Δ=0.311s, 100.00%)
Training throughput: 1 batches in 0.310s; word units 100.0% of 8 words (letters-only 100.0% of 8).
Train Loss: output=0.2152, reconstruction=6.1127
Epoch [394/400]
batch = 0 (Δ=0.316s, 100.00%)
Training throughput: 1 batches in 0.315s; word units 100.0% of 8 words (letters-only 100.0% of 8).
Train Loss: output=0.1769, reconstruction=6.1127
Epoch [395/400]
batch = 0 (Δ=0.313s, 100.00%)
Training throughput: 1 batches in 0.312s; word units 100.0% of 8 words (letters-only 100.0% of 8).
Train Loss: output=0.2086, reconstruction=6.1127
Epoch [396/400]
batch = 0 (Δ=0.309s, 100.00%)
Training throughput: 1 batches in 0.309s; word units 100.0% of 8 words (letters-only 100.0% of 8).
Train Loss: output=0.1888, reconstruction=6.1127
Epoch [397/400]
batch = 0 (Δ=0.309s, 100.00%)
Training throughput: 1 batches in 0.308s; word units 100.0% of 8 words (letters-only 100.0% of 8).
Train Loss: output=0.1935, reconstruction=6.1127
Epoch [398/400]
batch = 0 (Δ=0.317s, 100.00%)
Training throughput: 1 batches in 0.316s; word units 100.0% of 8 words (letters-only 100.0% of 8).
Train Loss: output=0.2049, reconstruction=6.1127
Epoch [399/400]
batch = 0 (Δ=0.319s, 100.00%)
Training throughput: 1 batches in 0.318s; word units 100.0% of 8 words (letters-only 100.0% of 8).
Train Loss: output=0.1794, reconstruction=6.1127
Epoch [400/400]
batch = 0 (Δ=0.360s, 100.00%)
Training throughput: 1 batches in 0.358s; word units 100.0% of 8 words (letters-only 100.0% of 8).
Train Loss: output=0.2150, reconstruction=6.1127
Final Stats:
=== Selected operation grammar ===
batch = 0 (Δ=0.253s, 100.00%)
Training throughput: 1 batches in 0.202s; word units 100.0% of 8 words (letters-only 100.0% of 8).
=== Input Reconstruction (test) ===
  row[0] input='hello world' -> reconstructed='hello ' label=0.0000 predicted=0.7276 MISMATCH
  row[1] input='hello there' -> reconstructed='hello ' label=1.0000 predicted=0.7058 MISMATCH
  row[2] input='loving world' -> reconstructed='world ' label=1.0000 predicted=0.7449 MISMATCH
  row[3] input='loving there' -> reconstructed='there ' label=0.0000 predicted=0.7231 MISMATCH
