Device: cpu
/Users/arogers/github/WikiOracle/basicmodel/.venv/lib/python3.12/site-packages/torch/utils/_device.py:122: UserWarning: Sparse invariant checks are implicitly disabled. Memory errors (e.g. SEGFAULT) will occur when operating on a sparse tensor which violates the invariants, but checks incur performance overhead. To silence this warning, explicitly opt in or out. See `torch.sparse.check_sparse_tensor_invariants.__doc__` for guidance.  (Triggered internally at /Users/runner/work/pytorch/pytorch/aten/src/ATen/Context.cpp:855.)
  return func(*args, **kwargs)
Peer pipeline: static PS/WS stage bodies compiled separately; legacy compatibility scheduler remains outside fullgraph capture


==== BasicModel ====

Trial [1/1]
Baseline test pass skipped (--test not specified). Re-invoke train.py with --test to include baseline + post-epoch evaluation.
Epoch [1/400]
[AMP] off (fp32, MODEL_AMP unset or =off)
batch = 0 (warm-up, 100.00%)
Training throughput: 1 batches in 0.647s; word units 100.0% of 8 words (letters-only 100.0% of 8).
Train Loss: output=0.1751, reconstruction=0.6816
Epoch [2/400]
batch = 0 (Δ=0.281s, 100.00%)
Training throughput: 1 batches in 0.280s; word units 100.0% of 8 words (letters-only 100.0% of 8).
Train Loss: output=0.1752, reconstruction=0.5836
Epoch [3/400]
batch = 0 (Δ=0.278s, 100.00%)
Training throughput: 1 batches in 0.277s; word units 100.0% of 8 words (letters-only 100.0% of 8).
Train Loss: output=0.1750, reconstruction=0.5888
Epoch [4/400]
batch = 0 (Δ=0.276s, 100.00%)
Training throughput: 1 batches in 0.276s; word units 100.0% of 8 words (letters-only 100.0% of 8).
Train Loss: output=0.1751, reconstruction=0.5965
Epoch [5/400]
batch = 0 (Δ=0.280s, 100.00%)
Training throughput: 1 batches in 0.279s; word units 100.0% of 8 words (letters-only 100.0% of 8).
Train Loss: output=0.1750, reconstruction=0.6061
Epoch [6/400]
batch = 0 (Δ=0.276s, 100.00%)
Training throughput: 1 batches in 0.275s; word units 100.0% of 8 words (letters-only 100.0% of 8).
Train Loss: output=0.1750, reconstruction=0.6169
Epoch [7/400]
batch = 0 (Δ=0.276s, 100.00%)
Training throughput: 1 batches in 0.276s; word units 100.0% of 8 words (letters-only 100.0% of 8).
Train Loss: output=0.1751, reconstruction=0.6282
Epoch [8/400]
batch = 0 (Δ=0.277s, 100.00%)
Training throughput: 1 batches in 0.276s; word units 100.0% of 8 words (letters-only 100.0% of 8).
Train Loss: output=0.1750, reconstruction=0.6396
Epoch [9/400]
batch = 0 (Δ=0.280s, 100.00%)
Training throughput: 1 batches in 0.280s; word units 100.0% of 8 words (letters-only 100.0% of 8).
Train Loss: output=0.1751, reconstruction=0.6507
Epoch [10/400]
batch = 0 (Δ=0.281s, 100.00%)
Training throughput: 1 batches in 0.280s; word units 100.0% of 8 words (letters-only 100.0% of 8).
Train Loss: output=0.1750, reconstruction=0.6613
Epoch [11/400]
batch = 0 (Δ=0.282s, 100.00%)
Training throughput: 1 batches in 0.282s; word units 100.0% of 8 words (letters-only 100.0% of 8).
Train Loss: output=0.1750, reconstruction=0.6711
Epoch [12/400]
batch = 0 (Δ=0.280s, 100.00%)
Training throughput: 1 batches in 0.279s; word units 100.0% of 8 words (letters-only 100.0% of 8).
Train Loss: output=0.1750, reconstruction=0.6801
Epoch [13/400]
batch = 0 (Δ=0.283s, 100.00%)
Training throughput: 1 batches in 0.282s; word units 100.0% of 8 words (letters-only 100.0% of 8).
Train Loss: output=0.1750, reconstruction=0.6882
Epoch [14/400]
batch = 0 (Δ=0.340s, 100.00%)
Training throughput: 1 batches in 0.339s; word units 100.0% of 8 words (letters-only 100.0% of 8).
Train Loss: output=0.1750, reconstruction=0.6955
Epoch [15/400]
batch = 0 (Δ=0.281s, 100.00%)
Training throughput: 1 batches in 0.281s; word units 100.0% of 8 words (letters-only 100.0% of 8).
Train Loss: output=0.1750, reconstruction=0.7020
Epoch [16/400]
batch = 0 (Δ=0.280s, 100.00%)
Training throughput: 1 batches in 0.280s; word units 100.0% of 8 words (letters-only 100.0% of 8).
Train Loss: output=0.1750, reconstruction=0.7076
Epoch [17/400]
batch = 0 (Δ=0.281s, 100.00%)
Training throughput: 1 batches in 0.280s; word units 100.0% of 8 words (letters-only 100.0% of 8).
Train Loss: output=0.1750, reconstruction=0.7125
Epoch [18/400]
batch = 0 (Δ=0.279s, 100.00%)
Training throughput: 1 batches in 0.279s; word units 100.0% of 8 words (letters-only 100.0% of 8).
Train Loss: output=0.1750, reconstruction=0.7168
Epoch [19/400]
batch = 0 (Δ=0.282s, 100.00%)
Training throughput: 1 batches in 0.281s; word units 100.0% of 8 words (letters-only 100.0% of 8).
Train Loss: output=0.1750, reconstruction=0.7203
Epoch [20/400]
batch = 0 (Δ=0.280s, 100.00%)
Training throughput: 1 batches in 0.280s; word units 100.0% of 8 words (letters-only 100.0% of 8).
Train Loss: output=0.1750, reconstruction=0.7234
Epoch [21/400]
batch = 0 (Δ=0.281s, 100.00%)
Training throughput: 1 batches in 0.280s; word units 100.0% of 8 words (letters-only 100.0% of 8).
Train Loss: output=0.1750, reconstruction=0.7259
Epoch [22/400]
batch = 0 (Δ=0.280s, 100.00%)
Training throughput: 1 batches in 0.280s; word units 100.0% of 8 words (letters-only 100.0% of 8).
Train Loss: output=0.1750, reconstruction=0.7279
Epoch [23/400]
batch = 0 (Δ=0.279s, 100.00%)
Training throughput: 1 batches in 0.279s; word units 100.0% of 8 words (letters-only 100.0% of 8).
Train Loss: output=0.1750, reconstruction=0.7295
Epoch [24/400]
batch = 0 (Δ=0.285s, 100.00%)
Training throughput: 1 batches in 0.285s; word units 100.0% of 8 words (letters-only 100.0% of 8).
Train Loss: output=0.1750, reconstruction=0.7308
Epoch [25/400]
batch = 0 (Δ=0.278s, 100.00%)
Training throughput: 1 batches in 0.278s; word units 100.0% of 8 words (letters-only 100.0% of 8).
Train Loss: output=0.1750, reconstruction=0.7318
Epoch [26/400]
batch = 0 (Δ=0.282s, 100.00%)
Training throughput: 1 batches in 0.281s; word units 100.0% of 8 words (letters-only 100.0% of 8).
Train Loss: output=0.1750, reconstruction=0.7325
Epoch [27/400]
batch = 0 (Δ=0.280s, 100.00%)
Training throughput: 1 batches in 0.279s; word units 100.0% of 8 words (letters-only 100.0% of 8).
Train Loss: output=0.1750, reconstruction=0.7329
Epoch [28/400]
batch = 0 (Δ=0.346s, 100.00%)
Training throughput: 1 batches in 0.345s; word units 100.0% of 8 words (letters-only 100.0% of 8).
Train Loss: output=0.1750, reconstruction=0.7331
Epoch [29/400]
batch = 0 (Δ=0.277s, 100.00%)
Training throughput: 1 batches in 0.277s; word units 100.0% of 8 words (letters-only 100.0% of 8).
Train Loss: output=0.1750, reconstruction=0.7331
Epoch [30/400]
batch = 0 (Δ=0.283s, 100.00%)
Training throughput: 1 batches in 0.283s; word units 100.0% of 8 words (letters-only 100.0% of 8).
Train Loss: output=0.1750, reconstruction=0.7330
Epoch [31/400]
batch = 0 (Δ=0.281s, 100.00%)
Training throughput: 1 batches in 0.281s; word units 100.0% of 8 words (letters-only 100.0% of 8).
Train Loss: output=0.1750, reconstruction=0.7327
Epoch [32/400]
batch = 0 (Δ=0.280s, 100.00%)
Training throughput: 1 batches in 0.280s; word units 100.0% of 8 words (letters-only 100.0% of 8).
Train Loss: output=0.1750, reconstruction=0.7323
Epoch [33/400]
batch = 0 (Δ=0.281s, 100.00%)
Training throughput: 1 batches in 0.280s; word units 100.0% of 8 words (letters-only 100.0% of 8).
Train Loss: output=0.1750, reconstruction=0.7318
Epoch [34/400]
batch = 0 (Δ=0.281s, 100.00%)
Training throughput: 1 batches in 0.281s; word units 100.0% of 8 words (letters-only 100.0% of 8).
Train Loss: output=0.1750, reconstruction=0.7313
Epoch [35/400]
batch = 0 (Δ=0.279s, 100.00%)
Training throughput: 1 batches in 0.279s; word units 100.0% of 8 words (letters-only 100.0% of 8).
Train Loss: output=0.1750, reconstruction=0.7306
Epoch [36/400]
batch = 0 (Δ=0.282s, 100.00%)
Training throughput: 1 batches in 0.282s; word units 100.0% of 8 words (letters-only 100.0% of 8).
Train Loss: output=0.1750, reconstruction=0.7299
Epoch [37/400]
batch = 0 (Δ=0.280s, 100.00%)
Training throughput: 1 batches in 0.279s; word units 100.0% of 8 words (letters-only 100.0% of 8).
Train Loss: output=0.1750, reconstruction=0.7292
Epoch [38/400]
batch = 0 (Δ=0.280s, 100.00%)
Training throughput: 1 batches in 0.280s; word units 100.0% of 8 words (letters-only 100.0% of 8).
Train Loss: output=0.1750, reconstruction=0.7284
Epoch [39/400]
batch = 0 (Δ=0.279s, 100.00%)
Training throughput: 1 batches in 0.279s; word units 100.0% of 8 words (letters-only 100.0% of 8).
Train Loss: output=0.1750, reconstruction=0.7275
Epoch [40/400]
batch = 0 (Δ=0.281s, 100.00%)
Training throughput: 1 batches in 0.280s; word units 100.0% of 8 words (letters-only 100.0% of 8).
Train Loss: output=0.1750, reconstruction=0.7267
Epoch [41/400]
batch = 0 (Δ=0.279s, 100.00%)
Training throughput: 1 batches in 0.278s; word units 100.0% of 8 words (letters-only 100.0% of 8).
Train Loss: output=0.1750, reconstruction=0.7258
Epoch [42/400]
batch = 0 (Δ=0.341s, 100.00%)
Training throughput: 1 batches in 0.340s; word units 100.0% of 8 words (letters-only 100.0% of 8).
Train Loss: output=0.1750, reconstruction=0.7249
Epoch [43/400]
batch = 0 (Δ=0.283s, 100.00%)
Training throughput: 1 batches in 0.282s; word units 100.0% of 8 words (letters-only 100.0% of 8).
Train Loss: output=0.1750, reconstruction=0.7240
Epoch [44/400]
batch = 0 (Δ=0.281s, 100.00%)
Training throughput: 1 batches in 0.281s; word units 100.0% of 8 words (letters-only 100.0% of 8).
Train Loss: output=0.1750, reconstruction=0.7231
Epoch [45/400]
batch = 0 (Δ=0.282s, 100.00%)
Training throughput: 1 batches in 0.281s; word units 100.0% of 8 words (letters-only 100.0% of 8).
Train Loss: output=0.1750, reconstruction=0.7222
Epoch [46/400]
batch = 0 (Δ=0.279s, 100.00%)
Training throughput: 1 batches in 0.279s; word units 100.0% of 8 words (letters-only 100.0% of 8).
Train Loss: output=0.1750, reconstruction=0.7213
Epoch [47/400]
batch = 0 (Δ=0.284s, 100.00%)
Training throughput: 1 batches in 0.284s; word units 100.0% of 8 words (letters-only 100.0% of 8).
Train Loss: output=0.1750, reconstruction=0.7204
Epoch [48/400]
batch = 0 (Δ=0.280s, 100.00%)
Training throughput: 1 batches in 0.280s; word units 100.0% of 8 words (letters-only 100.0% of 8).
Train Loss: output=0.1750, reconstruction=0.7195
Epoch [49/400]
batch = 0 (Δ=0.281s, 100.00%)
Training throughput: 1 batches in 0.281s; word units 100.0% of 8 words (letters-only 100.0% of 8).
Train Loss: output=0.1750, reconstruction=0.7186
Epoch [50/400]
batch = 0 (Δ=0.283s, 100.00%)
Training throughput: 1 batches in 0.283s; word units 100.0% of 8 words (letters-only 100.0% of 8).
Train Loss: output=0.1750, reconstruction=0.7177
Epoch [51/400]
batch = 0 (Δ=0.287s, 100.00%)
Training throughput: 1 batches in 0.286s; word units 100.0% of 8 words (letters-only 100.0% of 8).
Train Loss: output=0.1750, reconstruction=0.7169
Epoch [52/400]
batch = 0 (Δ=0.283s, 100.00%)
Training throughput: 1 batches in 0.283s; word units 100.0% of 8 words (letters-only 100.0% of 8).
Train Loss: output=0.1750, reconstruction=0.7160
Epoch [53/400]
batch = 0 (Δ=0.284s, 100.00%)
Training throughput: 1 batches in 0.284s; word units 100.0% of 8 words (letters-only 100.0% of 8).
Train Loss: output=0.1750, reconstruction=0.7152
Epoch [54/400]
batch = 0 (Δ=0.283s, 100.00%)
Training throughput: 1 batches in 0.282s; word units 100.0% of 8 words (letters-only 100.0% of 8).
Train Loss: output=0.1750, reconstruction=0.7143
Epoch [55/400]
batch = 0 (Δ=0.284s, 100.00%)
Training throughput: 1 batches in 0.283s; word units 100.0% of 8 words (letters-only 100.0% of 8).
Train Loss: output=0.1750, reconstruction=0.7135
Epoch [56/400]
batch = 0 (Δ=0.344s, 100.00%)
Training throughput: 1 batches in 0.344s; word units 100.0% of 8 words (letters-only 100.0% of 8).
Train Loss: output=0.1750, reconstruction=0.7127
Epoch [57/400]
batch = 0 (Δ=0.282s, 100.00%)
Training throughput: 1 batches in 0.281s; word units 100.0% of 8 words (letters-only 100.0% of 8).
Train Loss: output=0.1750, reconstruction=0.7119
Epoch [58/400]
batch = 0 (Δ=0.288s, 100.00%)
Training throughput: 1 batches in 0.287s; word units 100.0% of 8 words (letters-only 100.0% of 8).
Train Loss: output=0.1750, reconstruction=0.7111
Epoch [59/400]
batch = 0 (Δ=0.283s, 100.00%)
Training throughput: 1 batches in 0.282s; word units 100.0% of 8 words (letters-only 100.0% of 8).
Train Loss: output=0.1750, reconstruction=0.7103
Epoch [60/400]
batch = 0 (Δ=0.285s, 100.00%)
Training throughput: 1 batches in 0.285s; word units 100.0% of 8 words (letters-only 100.0% of 8).
Train Loss: output=0.1750, reconstruction=0.7096
Epoch [61/400]
batch = 0 (Δ=0.282s, 100.00%)
Training throughput: 1 batches in 0.281s; word units 100.0% of 8 words (letters-only 100.0% of 8).
Train Loss: output=0.1750, reconstruction=0.7088
Epoch [62/400]
batch = 0 (Δ=0.284s, 100.00%)
Training throughput: 1 batches in 0.283s; word units 100.0% of 8 words (letters-only 100.0% of 8).
Train Loss: output=0.1750, reconstruction=0.7081
Epoch [63/400]
batch = 0 (Δ=0.284s, 100.00%)
Training throughput: 1 batches in 0.284s; word units 100.0% of 8 words (letters-only 100.0% of 8).
Train Loss: output=0.1750, reconstruction=0.7074
Epoch [64/400]
batch = 0 (Δ=0.285s, 100.00%)
Training throughput: 1 batches in 0.285s; word units 100.0% of 8 words (letters-only 100.0% of 8).
Train Loss: output=0.1750, reconstruction=0.7067
Epoch [65/400]
batch = 0 (Δ=0.287s, 100.00%)
Training throughput: 1 batches in 0.287s; word units 100.0% of 8 words (letters-only 100.0% of 8).
Train Loss: output=0.1750, reconstruction=0.7060
Epoch [66/400]
batch = 0 (Δ=0.284s, 100.00%)
Training throughput: 1 batches in 0.284s; word units 100.0% of 8 words (letters-only 100.0% of 8).
Train Loss: output=0.1750, reconstruction=0.7053
Epoch [67/400]
batch = 0 (Δ=0.283s, 100.00%)
Training throughput: 1 batches in 0.283s; word units 100.0% of 8 words (letters-only 100.0% of 8).
Train Loss: output=0.1750, reconstruction=0.7047
Epoch [68/400]
batch = 0 (Δ=0.281s, 100.00%)
Training throughput: 1 batches in 0.280s; word units 100.0% of 8 words (letters-only 100.0% of 8).
Train Loss: output=0.1750, reconstruction=0.7040
Epoch [69/400]
batch = 0 (Δ=0.344s, 100.00%)
Training throughput: 1 batches in 0.343s; word units 100.0% of 8 words (letters-only 100.0% of 8).
Train Loss: output=0.1750, reconstruction=0.7034
Epoch [70/400]
batch = 0 (Δ=0.282s, 100.00%)
Training throughput: 1 batches in 0.282s; word units 100.0% of 8 words (letters-only 100.0% of 8).
Train Loss: output=0.1750, reconstruction=0.7028
Epoch [71/400]
batch = 0 (Δ=0.283s, 100.00%)
Training throughput: 1 batches in 0.283s; word units 100.0% of 8 words (letters-only 100.0% of 8).
Train Loss: output=0.1750, reconstruction=0.7022
Epoch [72/400]
batch = 0 (Δ=0.285s, 100.00%)
Training throughput: 1 batches in 0.284s; word units 100.0% of 8 words (letters-only 100.0% of 8).
Train Loss: output=0.1750, reconstruction=0.7016
Epoch [73/400]
batch = 0 (Δ=0.284s, 100.00%)
Training throughput: 1 batches in 0.283s; word units 100.0% of 8 words (letters-only 100.0% of 8).
Train Loss: output=0.1750, reconstruction=0.7010
Epoch [74/400]
batch = 0 (Δ=0.285s, 100.00%)
Training throughput: 1 batches in 0.285s; word units 100.0% of 8 words (letters-only 100.0% of 8).
Train Loss: output=0.1750, reconstruction=0.7004
Epoch [75/400]
batch = 0 (Δ=0.284s, 100.00%)
Training throughput: 1 batches in 0.283s; word units 100.0% of 8 words (letters-only 100.0% of 8).
Train Loss: output=0.1750, reconstruction=0.6998
Epoch [76/400]
batch = 0 (Δ=0.284s, 100.00%)
Training throughput: 1 batches in 0.284s; word units 100.0% of 8 words (letters-only 100.0% of 8).
Train Loss: output=0.1750, reconstruction=0.6993
Epoch [77/400]
batch = 0 (Δ=0.285s, 100.00%)
Training throughput: 1 batches in 0.285s; word units 100.0% of 8 words (letters-only 100.0% of 8).
Train Loss: output=0.1750, reconstruction=0.6987
Epoch [78/400]
batch = 0 (Δ=0.285s, 100.00%)
Training throughput: 1 batches in 0.284s; word units 100.0% of 8 words (letters-only 100.0% of 8).
Train Loss: output=0.1750, reconstruction=0.6982
Epoch [79/400]
batch = 0 (Δ=0.285s, 100.00%)
Training throughput: 1 batches in 0.285s; word units 100.0% of 8 words (letters-only 100.0% of 8).
Train Loss: output=0.1750, reconstruction=0.6977
Epoch [80/400]
batch = 0 (Δ=0.286s, 100.00%)
Training throughput: 1 batches in 0.286s; word units 100.0% of 8 words (letters-only 100.0% of 8).
Train Loss: output=0.1750, reconstruction=0.6972
Epoch [81/400]
batch = 0 (Δ=0.285s, 100.00%)
Training throughput: 1 batches in 0.284s; word units 100.0% of 8 words (letters-only 100.0% of 8).
Train Loss: output=0.1750, reconstruction=0.6967
Epoch [82/400]
batch = 0 (Δ=0.285s, 100.00%)
Training throughput: 1 batches in 0.285s; word units 100.0% of 8 words (letters-only 100.0% of 8).
Train Loss: output=0.1750, reconstruction=0.6962
Epoch [83/400]
batch = 0 (Δ=0.347s, 100.00%)
Training throughput: 1 batches in 0.347s; word units 100.0% of 8 words (letters-only 100.0% of 8).
Train Loss: output=0.1750, reconstruction=0.6957
Epoch [84/400]
batch = 0 (Δ=0.286s, 100.00%)
Training throughput: 1 batches in 0.286s; word units 100.0% of 8 words (letters-only 100.0% of 8).
Train Loss: output=0.1750, reconstruction=0.6952
Epoch [85/400]
batch = 0 (Δ=0.284s, 100.00%)
Training throughput: 1 batches in 0.283s; word units 100.0% of 8 words (letters-only 100.0% of 8).
Train Loss: output=0.1750, reconstruction=0.6947
Epoch [86/400]
batch = 0 (Δ=0.284s, 100.00%)
Training throughput: 1 batches in 0.283s; word units 100.0% of 8 words (letters-only 100.0% of 8).
Train Loss: output=0.1750, reconstruction=0.6943
Epoch [87/400]
batch = 0 (Δ=0.281s, 100.00%)
Training throughput: 1 batches in 0.281s; word units 100.0% of 8 words (letters-only 100.0% of 8).
Train Loss: output=0.1750, reconstruction=0.6938
Epoch [88/400]
batch = 0 (Δ=0.286s, 100.00%)
Training throughput: 1 batches in 0.285s; word units 100.0% of 8 words (letters-only 100.0% of 8).
Train Loss: output=0.1750, reconstruction=0.6934
Epoch [89/400]
batch = 0 (Δ=0.286s, 100.00%)
Training throughput: 1 batches in 0.285s; word units 100.0% of 8 words (letters-only 100.0% of 8).
Train Loss: output=0.1750, reconstruction=0.6929
Epoch [90/400]
batch = 0 (Δ=0.289s, 100.00%)
Training throughput: 1 batches in 0.288s; word units 100.0% of 8 words (letters-only 100.0% of 8).
Train Loss: output=0.1750, reconstruction=0.6925
Epoch [91/400]
batch = 0 (Δ=0.287s, 100.00%)
Training throughput: 1 batches in 0.286s; word units 100.0% of 8 words (letters-only 100.0% of 8).
Train Loss: output=0.1750, reconstruction=0.6921
Epoch [92/400]
batch = 0 (Δ=0.292s, 100.00%)
Training throughput: 1 batches in 0.292s; word units 100.0% of 8 words (letters-only 100.0% of 8).
Train Loss: output=0.1750, reconstruction=0.6916
Epoch [93/400]
batch = 0 (Δ=0.288s, 100.00%)
Training throughput: 1 batches in 0.287s; word units 100.0% of 8 words (letters-only 100.0% of 8).
Train Loss: output=0.1750, reconstruction=0.6912
Epoch [94/400]
batch = 0 (Δ=0.289s, 100.00%)
Training throughput: 1 batches in 0.288s; word units 100.0% of 8 words (letters-only 100.0% of 8).
Train Loss: output=0.1750, reconstruction=0.6908
Epoch [95/400]
batch = 0 (Δ=0.287s, 100.00%)
Training throughput: 1 batches in 0.287s; word units 100.0% of 8 words (letters-only 100.0% of 8).
Train Loss: output=0.1750, reconstruction=0.6904
Epoch [96/400]
batch = 0 (Δ=0.288s, 100.00%)
Training throughput: 1 batches in 0.288s; word units 100.0% of 8 words (letters-only 100.0% of 8).
Train Loss: output=0.1750, reconstruction=0.6901
Epoch [97/400]
batch = 0 (Δ=0.348s, 100.00%)
Training throughput: 1 batches in 0.347s; word units 100.0% of 8 words (letters-only 100.0% of 8).
Train Loss: output=0.1750, reconstruction=0.6897
Epoch [98/400]
batch = 0 (Δ=0.287s, 100.00%)
Training throughput: 1 batches in 0.287s; word units 100.0% of 8 words (letters-only 100.0% of 8).
Train Loss: output=0.1750, reconstruction=0.6893
Epoch [99/400]
batch = 0 (Δ=0.287s, 100.00%)
Training throughput: 1 batches in 0.287s; word units 100.0% of 8 words (letters-only 100.0% of 8).
Train Loss: output=0.1750, reconstruction=0.6889
Epoch [100/400]
batch = 0 (Δ=0.287s, 100.00%)
Training throughput: 1 batches in 0.286s; word units 100.0% of 8 words (letters-only 100.0% of 8).
Train Loss: output=0.1750, reconstruction=0.6886
Epoch [101/400]
batch = 0 (Δ=0.288s, 100.00%)
Training throughput: 1 batches in 0.287s; word units 100.0% of 8 words (letters-only 100.0% of 8).
Train Loss: output=0.1750, reconstruction=0.6882
Epoch [102/400]
batch = 0 (Δ=0.286s, 100.00%)
Training throughput: 1 batches in 0.285s; word units 100.0% of 8 words (letters-only 100.0% of 8).
Train Loss: output=0.1750, reconstruction=0.6878
Epoch [103/400]
batch = 0 (Δ=0.287s, 100.00%)
Training throughput: 1 batches in 0.287s; word units 100.0% of 8 words (letters-only 100.0% of 8).
Train Loss: output=0.1750, reconstruction=0.6875
Epoch [104/400]
batch = 0 (Δ=0.288s, 100.00%)
Training throughput: 1 batches in 0.287s; word units 100.0% of 8 words (letters-only 100.0% of 8).
Train Loss: output=0.1750, reconstruction=0.6871
Epoch [105/400]
batch = 0 (Δ=0.289s, 100.00%)
Training throughput: 1 batches in 0.289s; word units 100.0% of 8 words (letters-only 100.0% of 8).
Train Loss: output=0.1750, reconstruction=0.6868
Epoch [106/400]
batch = 0 (Δ=0.290s, 100.00%)
Training throughput: 1 batches in 0.289s; word units 100.0% of 8 words (letters-only 100.0% of 8).
Train Loss: output=0.1750, reconstruction=0.6865
Epoch [107/400]
batch = 0 (Δ=0.290s, 100.00%)
Training throughput: 1 batches in 0.289s; word units 100.0% of 8 words (letters-only 100.0% of 8).
Train Loss: output=0.1750, reconstruction=0.6861
Epoch [108/400]
batch = 0 (Δ=0.284s, 100.00%)
Training throughput: 1 batches in 0.283s; word units 100.0% of 8 words (letters-only 100.0% of 8).
Train Loss: output=0.1750, reconstruction=0.6858
Epoch [109/400]
batch = 0 (Δ=0.284s, 100.00%)
Training throughput: 1 batches in 0.284s; word units 100.0% of 8 words (letters-only 100.0% of 8).
Train Loss: output=0.1750, reconstruction=0.6855
Epoch [110/400]
batch = 0 (Δ=0.290s, 100.00%)
Training throughput: 1 batches in 0.290s; word units 100.0% of 8 words (letters-only 100.0% of 8).
Train Loss: output=0.1750, reconstruction=0.6852
Epoch [111/400]
batch = 0 (Δ=0.350s, 100.00%)
Training throughput: 1 batches in 0.350s; word units 100.0% of 8 words (letters-only 100.0% of 8).
Train Loss: output=0.1750, reconstruction=0.6849
Epoch [112/400]
batch = 0 (Δ=0.288s, 100.00%)
Training throughput: 1 batches in 0.287s; word units 100.0% of 8 words (letters-only 100.0% of 8).
Train Loss: output=0.1750, reconstruction=0.6846
Epoch [113/400]
batch = 0 (Δ=0.285s, 100.00%)
Training throughput: 1 batches in 0.284s; word units 100.0% of 8 words (letters-only 100.0% of 8).
Train Loss: output=0.1750, reconstruction=0.6842
Epoch [114/400]
batch = 0 (Δ=0.288s, 100.00%)
Training throughput: 1 batches in 0.288s; word units 100.0% of 8 words (letters-only 100.0% of 8).
Train Loss: output=0.1750, reconstruction=0.6839
Epoch [115/400]
batch = 0 (Δ=0.289s, 100.00%)
Training throughput: 1 batches in 0.289s; word units 100.0% of 8 words (letters-only 100.0% of 8).
Train Loss: output=0.1750, reconstruction=0.6836
Epoch [116/400]
batch = 0 (Δ=0.287s, 100.00%)
Training throughput: 1 batches in 0.287s; word units 100.0% of 8 words (letters-only 100.0% of 8).
Train Loss: output=0.1750, reconstruction=0.6833
Epoch [117/400]
batch = 0 (Δ=0.289s, 100.00%)
Training throughput: 1 batches in 0.288s; word units 100.0% of 8 words (letters-only 100.0% of 8).
Train Loss: output=0.1750, reconstruction=0.6831
Epoch [118/400]
batch = 0 (Δ=0.289s, 100.00%)
Training throughput: 1 batches in 0.288s; word units 100.0% of 8 words (letters-only 100.0% of 8).
Train Loss: output=0.1750, reconstruction=0.6828
Epoch [119/400]
batch = 0 (Δ=0.288s, 100.00%)
Training throughput: 1 batches in 0.287s; word units 100.0% of 8 words (letters-only 100.0% of 8).
Train Loss: output=0.1750, reconstruction=0.6825
Epoch [120/400]
batch = 0 (Δ=0.291s, 100.00%)
Training throughput: 1 batches in 0.291s; word units 100.0% of 8 words (letters-only 100.0% of 8).
Train Loss: output=0.1750, reconstruction=0.6822
Epoch [121/400]
batch = 0 (Δ=0.290s, 100.00%)
Training throughput: 1 batches in 0.289s; word units 100.0% of 8 words (letters-only 100.0% of 8).
Train Loss: output=0.1750, reconstruction=0.6819
Epoch [122/400]
batch = 0 (Δ=0.290s, 100.00%)
Training throughput: 1 batches in 0.289s; word units 100.0% of 8 words (letters-only 100.0% of 8).
Train Loss: output=0.1750, reconstruction=0.6817
Epoch [123/400]
batch = 0 (Δ=0.288s, 100.00%)
Training throughput: 1 batches in 0.288s; word units 100.0% of 8 words (letters-only 100.0% of 8).
Train Loss: output=0.1750, reconstruction=0.6814
Epoch [124/400]
batch = 0 (Δ=0.349s, 100.00%)
Training throughput: 1 batches in 0.349s; word units 100.0% of 8 words (letters-only 100.0% of 8).
Train Loss: output=0.1750, reconstruction=0.6812
Epoch [125/400]
batch = 0 (Δ=0.290s, 100.00%)
Training throughput: 1 batches in 0.290s; word units 100.0% of 8 words (letters-only 100.0% of 8).
Train Loss: output=0.1750, reconstruction=0.6809
Epoch [126/400]
batch = 0 (Δ=0.287s, 100.00%)
Training throughput: 1 batches in 0.287s; word units 100.0% of 8 words (letters-only 100.0% of 8).
Train Loss: output=0.1750, reconstruction=0.6806
Epoch [127/400]
batch = 0 (Δ=0.286s, 100.00%)
Training throughput: 1 batches in 0.286s; word units 100.0% of 8 words (letters-only 100.0% of 8).
Train Loss: output=0.1750, reconstruction=0.6804
Epoch [128/400]
batch = 0 (Δ=0.288s, 100.00%)
Training throughput: 1 batches in 0.288s; word units 100.0% of 8 words (letters-only 100.0% of 8).
Train Loss: output=0.1750, reconstruction=0.6801
Epoch [129/400]
batch = 0 (Δ=0.290s, 100.00%)
Training throughput: 1 batches in 0.289s; word units 100.0% of 8 words (letters-only 100.0% of 8).
Train Loss: output=0.1750, reconstruction=0.6799
Epoch [130/400]
batch = 0 (Δ=0.291s, 100.00%)
Training throughput: 1 batches in 0.290s; word units 100.0% of 8 words (letters-only 100.0% of 8).
Train Loss: output=0.1750, reconstruction=0.6796
Epoch [131/400]
batch = 0 (Δ=0.290s, 100.00%)
Training throughput: 1 batches in 0.289s; word units 100.0% of 8 words (letters-only 100.0% of 8).
Train Loss: output=0.1750, reconstruction=0.6794
Epoch [132/400]
batch = 0 (Δ=0.292s, 100.00%)
Training throughput: 1 batches in 0.291s; word units 100.0% of 8 words (letters-only 100.0% of 8).
Train Loss: output=0.1750, reconstruction=0.6792
Epoch [133/400]
batch = 0 (Δ=0.290s, 100.00%)
Training throughput: 1 batches in 0.289s; word units 100.0% of 8 words (letters-only 100.0% of 8).
Train Loss: output=0.1750, reconstruction=0.6789
Epoch [134/400]
batch = 0 (Δ=0.290s, 100.00%)
Training throughput: 1 batches in 0.290s; word units 100.0% of 8 words (letters-only 100.0% of 8).
Train Loss: output=0.1750, reconstruction=0.6787
Epoch [135/400]
batch = 0 (Δ=0.289s, 100.00%)
Training throughput: 1 batches in 0.289s; word units 100.0% of 8 words (letters-only 100.0% of 8).
Train Loss: output=0.1750, reconstruction=0.6785
Epoch [136/400]
batch = 0 (Δ=0.293s, 100.00%)
Training throughput: 1 batches in 0.293s; word units 100.0% of 8 words (letters-only 100.0% of 8).
Train Loss: output=0.1750, reconstruction=0.6782
Epoch [137/400]
batch = 0 (Δ=0.292s, 100.00%)
Training throughput: 1 batches in 0.291s; word units 100.0% of 8 words (letters-only 100.0% of 8).
Train Loss: output=0.1750, reconstruction=0.6780
Epoch [138/400]
batch = 0 (Δ=0.356s, 100.00%)
Training throughput: 1 batches in 0.356s; word units 100.0% of 8 words (letters-only 100.0% of 8).
Train Loss: output=0.1750, reconstruction=0.6778
Epoch [139/400]
batch = 0 (Δ=0.292s, 100.00%)
Training throughput: 1 batches in 0.291s; word units 100.0% of 8 words (letters-only 100.0% of 8).
Train Loss: output=0.1750, reconstruction=0.6775
Epoch [140/400]
batch = 0 (Δ=0.290s, 100.00%)
Training throughput: 1 batches in 0.290s; word units 100.0% of 8 words (letters-only 100.0% of 8).
Train Loss: output=0.1750, reconstruction=0.6773
Epoch [141/400]
batch = 0 (Δ=0.291s, 100.00%)
Training throughput: 1 batches in 0.291s; word units 100.0% of 8 words (letters-only 100.0% of 8).
Train Loss: output=0.1751, reconstruction=0.6771
Epoch [142/400]
batch = 0 (Δ=0.290s, 100.00%)
Training throughput: 1 batches in 0.290s; word units 100.0% of 8 words (letters-only 100.0% of 8).
Train Loss: output=0.1750, reconstruction=0.6769
Epoch [143/400]
batch = 0 (Δ=0.292s, 100.00%)
Training throughput: 1 batches in 0.292s; word units 100.0% of 8 words (letters-only 100.0% of 8).
Train Loss: output=0.1750, reconstruction=0.6767
Epoch [144/400]
batch = 0 (Δ=0.291s, 100.00%)
Training throughput: 1 batches in 0.291s; word units 100.0% of 8 words (letters-only 100.0% of 8).
Train Loss: output=0.1750, reconstruction=0.6765
Epoch [145/400]
batch = 0 (Δ=0.293s, 100.00%)
Training throughput: 1 batches in 0.292s; word units 100.0% of 8 words (letters-only 100.0% of 8).
Train Loss: output=0.1750, reconstruction=0.6763
Epoch [146/400]
batch = 0 (Δ=0.289s, 100.00%)
Training throughput: 1 batches in 0.288s; word units 100.0% of 8 words (letters-only 100.0% of 8).
Train Loss: output=0.1750, reconstruction=0.6761
Epoch [147/400]
batch = 0 (Δ=0.290s, 100.00%)
Training throughput: 1 batches in 0.290s; word units 100.0% of 8 words (letters-only 100.0% of 8).
Train Loss: output=0.1750, reconstruction=0.6759
Epoch [148/400]
batch = 0 (Δ=0.289s, 100.00%)
Training throughput: 1 batches in 0.289s; word units 100.0% of 8 words (letters-only 100.0% of 8).
Train Loss: output=0.1750, reconstruction=0.6757
Epoch [149/400]
batch = 0 (Δ=0.289s, 100.00%)
Training throughput: 1 batches in 0.289s; word units 100.0% of 8 words (letters-only 100.0% of 8).
Train Loss: output=0.1750, reconstruction=0.6755
Epoch [150/400]
batch = 0 (Δ=0.289s, 100.00%)
Training throughput: 1 batches in 0.288s; word units 100.0% of 8 words (letters-only 100.0% of 8).
Train Loss: output=0.1750, reconstruction=0.6753
Epoch [151/400]
batch = 0 (Δ=0.352s, 100.00%)
Training throughput: 1 batches in 0.351s; word units 100.0% of 8 words (letters-only 100.0% of 8).
Train Loss: output=0.1750, reconstruction=0.6751
Epoch [152/400]
batch = 0 (Δ=0.291s, 100.00%)
Training throughput: 1 batches in 0.291s; word units 100.0% of 8 words (letters-only 100.0% of 8).
Train Loss: output=0.1750, reconstruction=0.6749
Epoch [153/400]
batch = 0 (Δ=0.290s, 100.00%)
Training throughput: 1 batches in 0.290s; word units 100.0% of 8 words (letters-only 100.0% of 8).
Train Loss: output=0.1750, reconstruction=0.6747
Epoch [154/400]
batch = 0 (Δ=0.292s, 100.00%)
Training throughput: 1 batches in 0.292s; word units 100.0% of 8 words (letters-only 100.0% of 8).
Train Loss: output=0.1750, reconstruction=0.6745
Epoch [155/400]
batch = 0 (Δ=0.290s, 100.00%)
Training throughput: 1 batches in 0.290s; word units 100.0% of 8 words (letters-only 100.0% of 8).
Train Loss: output=0.1750, reconstruction=0.6743
Epoch [156/400]
batch = 0 (Δ=0.292s, 100.00%)
Training throughput: 1 batches in 0.291s; word units 100.0% of 8 words (letters-only 100.0% of 8).
Train Loss: output=0.1750, reconstruction=0.6741
Epoch [157/400]
batch = 0 (Δ=0.290s, 100.00%)
Training throughput: 1 batches in 0.290s; word units 100.0% of 8 words (letters-only 100.0% of 8).
Train Loss: output=0.1750, reconstruction=0.6739
Epoch [158/400]
batch = 0 (Δ=0.295s, 100.00%)
Training throughput: 1 batches in 0.294s; word units 100.0% of 8 words (letters-only 100.0% of 8).
Train Loss: output=0.1750, reconstruction=0.6738
Epoch [159/400]
batch = 0 (Δ=0.291s, 100.00%)
Training throughput: 1 batches in 0.290s; word units 100.0% of 8 words (letters-only 100.0% of 8).
Train Loss: output=0.1750, reconstruction=0.6736
Epoch [160/400]
batch = 0 (Δ=0.290s, 100.00%)
Training throughput: 1 batches in 0.289s; word units 100.0% of 8 words (letters-only 100.0% of 8).
Train Loss: output=0.1750, reconstruction=0.6734
Epoch [161/400]
batch = 0 (Δ=0.291s, 100.00%)
Training throughput: 1 batches in 0.291s; word units 100.0% of 8 words (letters-only 100.0% of 8).
Train Loss: output=0.1750, reconstruction=0.6732
Epoch [162/400]
batch = 0 (Δ=0.295s, 100.00%)
Training throughput: 1 batches in 0.294s; word units 100.0% of 8 words (letters-only 100.0% of 8).
Train Loss: output=0.1750, reconstruction=0.6731
Epoch [163/400]
batch = 0 (Δ=0.293s, 100.00%)
Training throughput: 1 batches in 0.292s; word units 100.0% of 8 words (letters-only 100.0% of 8).
Train Loss: output=0.1750, reconstruction=0.6729
Epoch [164/400]
batch = 0 (Δ=0.352s, 100.00%)
Training throughput: 1 batches in 0.351s; word units 100.0% of 8 words (letters-only 100.0% of 8).
Train Loss: output=0.1750, reconstruction=0.6727
Epoch [165/400]
batch = 0 (Δ=0.294s, 100.00%)
Training throughput: 1 batches in 0.293s; word units 100.0% of 8 words (letters-only 100.0% of 8).
Train Loss: output=0.1750, reconstruction=0.6725
Epoch [166/400]
batch = 0 (Δ=0.290s, 100.00%)
Training throughput: 1 batches in 0.289s; word units 100.0% of 8 words (letters-only 100.0% of 8).
Train Loss: output=0.1750, reconstruction=0.6723
Epoch [167/400]
batch = 0 (Δ=0.292s, 100.00%)
Training throughput: 1 batches in 0.292s; word units 100.0% of 8 words (letters-only 100.0% of 8).
Train Loss: output=0.1750, reconstruction=0.6722
Epoch [168/400]
batch = 0 (Δ=0.293s, 100.00%)
Training throughput: 1 batches in 0.292s; word units 100.0% of 8 words (letters-only 100.0% of 8).
Train Loss: output=0.1750, reconstruction=0.6720
Epoch [169/400]
batch = 0 (Δ=0.293s, 100.00%)
Training throughput: 1 batches in 0.292s; word units 100.0% of 8 words (letters-only 100.0% of 8).
Train Loss: output=0.1750, reconstruction=0.6719
Epoch [170/400]
batch = 0 (Δ=0.296s, 100.00%)
Training throughput: 1 batches in 0.295s; word units 100.0% of 8 words (letters-only 100.0% of 8).
Train Loss: output=0.1750, reconstruction=0.6717
Epoch [171/400]
batch = 0 (Δ=0.291s, 100.00%)
Training throughput: 1 batches in 0.291s; word units 100.0% of 8 words (letters-only 100.0% of 8).
Train Loss: output=0.1750, reconstruction=0.6715
Epoch [172/400]
batch = 0 (Δ=0.297s, 100.00%)
Training throughput: 1 batches in 0.296s; word units 100.0% of 8 words (letters-only 100.0% of 8).
Train Loss: output=0.1750, reconstruction=0.6714
Epoch [173/400]
batch = 0 (Δ=0.295s, 100.00%)
Training throughput: 1 batches in 0.294s; word units 100.0% of 8 words (letters-only 100.0% of 8).
Train Loss: output=0.1750, reconstruction=0.6712
Epoch [174/400]
batch = 0 (Δ=0.294s, 100.00%)
Training throughput: 1 batches in 0.293s; word units 100.0% of 8 words (letters-only 100.0% of 8).
Train Loss: output=0.1750, reconstruction=0.6711
Epoch [175/400]
batch = 0 (Δ=0.295s, 100.00%)
Training throughput: 1 batches in 0.295s; word units 100.0% of 8 words (letters-only 100.0% of 8).
Train Loss: output=0.1750, reconstruction=0.6709
Epoch [176/400]
batch = 0 (Δ=0.296s, 100.00%)
Training throughput: 1 batches in 0.296s; word units 100.0% of 8 words (letters-only 100.0% of 8).
Train Loss: output=0.1750, reconstruction=0.6707
Epoch [177/400]
batch = 0 (Δ=0.356s, 100.00%)
Training throughput: 1 batches in 0.356s; word units 100.0% of 8 words (letters-only 100.0% of 8).
Train Loss: output=0.1750, reconstruction=0.6706
Epoch [178/400]
batch = 0 (Δ=0.293s, 100.00%)
Training throughput: 1 batches in 0.293s; word units 100.0% of 8 words (letters-only 100.0% of 8).
Train Loss: output=0.1750, reconstruction=0.6705
Epoch [179/400]
batch = 0 (Δ=0.295s, 100.00%)
Training throughput: 1 batches in 0.294s; word units 100.0% of 8 words (letters-only 100.0% of 8).
Train Loss: output=0.1750, reconstruction=0.6703
Epoch [180/400]
batch = 0 (Δ=0.294s, 100.00%)
Training throughput: 1 batches in 0.294s; word units 100.0% of 8 words (letters-only 100.0% of 8).
Train Loss: output=0.1750, reconstruction=0.6702
Epoch [181/400]
batch = 0 (Δ=0.294s, 100.00%)
Training throughput: 1 batches in 0.294s; word units 100.0% of 8 words (letters-only 100.0% of 8).
Train Loss: output=0.1750, reconstruction=0.6700
Epoch [182/400]
batch = 0 (Δ=0.293s, 100.00%)
Training throughput: 1 batches in 0.293s; word units 100.0% of 8 words (letters-only 100.0% of 8).
Train Loss: output=0.1750, reconstruction=0.6699
Epoch [183/400]
batch = 0 (Δ=0.301s, 100.00%)
Training throughput: 1 batches in 0.301s; word units 100.0% of 8 words (letters-only 100.0% of 8).
Train Loss: output=0.1750, reconstruction=0.6697
Epoch [184/400]
batch = 0 (Δ=0.290s, 100.00%)
Training throughput: 1 batches in 0.290s; word units 100.0% of 8 words (letters-only 100.0% of 8).
Train Loss: output=0.1750, reconstruction=0.6696
Epoch [185/400]
batch = 0 (Δ=0.293s, 100.00%)
Training throughput: 1 batches in 0.292s; word units 100.0% of 8 words (letters-only 100.0% of 8).
Train Loss: output=0.1750, reconstruction=0.6694
Epoch [186/400]
batch = 0 (Δ=0.291s, 100.00%)
Training throughput: 1 batches in 0.290s; word units 100.0% of 8 words (letters-only 100.0% of 8).
Train Loss: output=0.1750, reconstruction=0.6693
Epoch [187/400]
batch = 0 (Δ=0.296s, 100.00%)
Training throughput: 1 batches in 0.296s; word units 100.0% of 8 words (letters-only 100.0% of 8).
Train Loss: output=0.1750, reconstruction=0.6691
Epoch [188/400]
batch = 0 (Δ=0.293s, 100.00%)
Training throughput: 1 batches in 0.292s; word units 100.0% of 8 words (letters-only 100.0% of 8).
Train Loss: output=0.1750, reconstruction=0.6690
Epoch [189/400]
batch = 0 (Δ=0.294s, 100.00%)
Training throughput: 1 batches in 0.294s; word units 100.0% of 8 words (letters-only 100.0% of 8).
Train Loss: output=0.1750, reconstruction=0.6688
Epoch [190/400]
batch = 0 (Δ=0.357s, 100.00%)
Training throughput: 1 batches in 0.357s; word units 100.0% of 8 words (letters-only 100.0% of 8).
Train Loss: output=0.1750, reconstruction=0.6687
Epoch [191/400]
batch = 0 (Δ=0.294s, 100.00%)
Training throughput: 1 batches in 0.294s; word units 100.0% of 8 words (letters-only 100.0% of 8).
Train Loss: output=0.1750, reconstruction=0.6686
Epoch [192/400]
batch = 0 (Δ=0.296s, 100.00%)
Training throughput: 1 batches in 0.296s; word units 100.0% of 8 words (letters-only 100.0% of 8).
Train Loss: output=0.1750, reconstruction=0.6684
Epoch [193/400]
batch = 0 (Δ=0.294s, 100.00%)
Training throughput: 1 batches in 0.294s; word units 100.0% of 8 words (letters-only 100.0% of 8).
Train Loss: output=0.1750, reconstruction=0.6683
Epoch [194/400]
batch = 0 (Δ=0.297s, 100.00%)
Training throughput: 1 batches in 0.297s; word units 100.0% of 8 words (letters-only 100.0% of 8).
Train Loss: output=0.1750, reconstruction=0.6682
Epoch [195/400]
batch = 0 (Δ=0.294s, 100.00%)
Training throughput: 1 batches in 0.293s; word units 100.0% of 8 words (letters-only 100.0% of 8).
Train Loss: output=0.1750, reconstruction=0.6680
Epoch [196/400]
batch = 0 (Δ=0.296s, 100.00%)
Training throughput: 1 batches in 0.295s; word units 100.0% of 8 words (letters-only 100.0% of 8).
Train Loss: output=0.1750, reconstruction=0.6679
Epoch [197/400]
batch = 0 (Δ=0.295s, 100.00%)
Training throughput: 1 batches in 0.294s; word units 100.0% of 8 words (letters-only 100.0% of 8).
Train Loss: output=0.1750, reconstruction=0.6677
Epoch [198/400]
batch = 0 (Δ=0.296s, 100.00%)
Training throughput: 1 batches in 0.295s; word units 100.0% of 8 words (letters-only 100.0% of 8).
Train Loss: output=0.1750, reconstruction=0.6676
Epoch [199/400]
batch = 0 (Δ=0.294s, 100.00%)
Training throughput: 1 batches in 0.294s; word units 100.0% of 8 words (letters-only 100.0% of 8).
Train Loss: output=0.1750, reconstruction=0.6675
Epoch [200/400]
batch = 0 (Δ=0.295s, 100.00%)
Training throughput: 1 batches in 0.295s; word units 100.0% of 8 words (letters-only 100.0% of 8).
Train Loss: output=0.1750, reconstruction=0.6674
Epoch [201/400]
batch = 0 (Δ=0.295s, 100.00%)
Training throughput: 1 batches in 0.295s; word units 100.0% of 8 words (letters-only 100.0% of 8).
Train Loss: output=0.1750, reconstruction=0.6672
Epoch [202/400]
batch = 0 (Δ=0.293s, 100.00%)
Training throughput: 1 batches in 0.293s; word units 100.0% of 8 words (letters-only 100.0% of 8).
Train Loss: output=0.1750, reconstruction=0.6671
Epoch [203/400]
batch = 0 (Δ=0.295s, 100.00%)
Training throughput: 1 batches in 0.294s; word units 100.0% of 8 words (letters-only 100.0% of 8).
Train Loss: output=0.1750, reconstruction=0.6670
Epoch [204/400]
batch = 0 (Δ=0.353s, 100.00%)
Training throughput: 1 batches in 0.352s; word units 100.0% of 8 words (letters-only 100.0% of 8).
Train Loss: output=0.1750, reconstruction=0.6669
Epoch [205/400]
batch = 0 (Δ=0.295s, 100.00%)
Training throughput: 1 batches in 0.295s; word units 100.0% of 8 words (letters-only 100.0% of 8).
Train Loss: output=0.1750, reconstruction=0.6668
Epoch [206/400]
batch = 0 (Δ=0.296s, 100.00%)
Training throughput: 1 batches in 0.296s; word units 100.0% of 8 words (letters-only 100.0% of 8).
Train Loss: output=0.1750, reconstruction=0.6666
Epoch [207/400]
batch = 0 (Δ=0.295s, 100.00%)
Training throughput: 1 batches in 0.294s; word units 100.0% of 8 words (letters-only 100.0% of 8).
Train Loss: output=0.1750, reconstruction=0.6665
Epoch [208/400]
batch = 0 (Δ=0.301s, 100.00%)
Training throughput: 1 batches in 0.301s; word units 100.0% of 8 words (letters-only 100.0% of 8).
Train Loss: output=0.1750, reconstruction=0.6664
Epoch [209/400]
batch = 0 (Δ=0.297s, 100.00%)
Training throughput: 1 batches in 0.297s; word units 100.0% of 8 words (letters-only 100.0% of 8).
Train Loss: output=0.1750, reconstruction=0.6663
Epoch [210/400]
batch = 0 (Δ=0.296s, 100.00%)
Training throughput: 1 batches in 0.296s; word units 100.0% of 8 words (letters-only 100.0% of 8).
Train Loss: output=0.1750, reconstruction=0.6662
Epoch [211/400]
batch = 0 (Δ=0.297s, 100.00%)
Training throughput: 1 batches in 0.296s; word units 100.0% of 8 words (letters-only 100.0% of 8).
Train Loss: output=0.1750, reconstruction=0.6660
Epoch [212/400]
batch = 0 (Δ=0.298s, 100.00%)
Training throughput: 1 batches in 0.297s; word units 100.0% of 8 words (letters-only 100.0% of 8).
Train Loss: output=0.1750, reconstruction=0.6659
Epoch [213/400]
batch = 0 (Δ=0.296s, 100.00%)
Training throughput: 1 batches in 0.296s; word units 100.0% of 8 words (letters-only 100.0% of 8).
Train Loss: output=0.1750, reconstruction=0.6658
Epoch [214/400]
batch = 0 (Δ=0.298s, 100.00%)
Training throughput: 1 batches in 0.297s; word units 100.0% of 8 words (letters-only 100.0% of 8).
Train Loss: output=0.1750, reconstruction=0.6657
Epoch [215/400]
batch = 0 (Δ=0.295s, 100.00%)
Training throughput: 1 batches in 0.294s; word units 100.0% of 8 words (letters-only 100.0% of 8).
Train Loss: output=0.1750, reconstruction=0.6655
Epoch [216/400]
batch = 0 (Δ=0.363s, 100.00%)
Training throughput: 1 batches in 0.362s; word units 100.0% of 8 words (letters-only 100.0% of 8).
Train Loss: output=0.1750, reconstruction=0.6654
Epoch [217/400]
batch = 0 (Δ=0.296s, 100.00%)
Training throughput: 1 batches in 0.296s; word units 100.0% of 8 words (letters-only 100.0% of 8).
Train Loss: output=0.1750, reconstruction=0.6653
Epoch [218/400]
batch = 0 (Δ=0.298s, 100.00%)
Training throughput: 1 batches in 0.297s; word units 100.0% of 8 words (letters-only 100.0% of 8).
Train Loss: output=0.1750, reconstruction=0.6652
Epoch [219/400]
batch = 0 (Δ=0.297s, 100.00%)
Training throughput: 1 batches in 0.297s; word units 100.0% of 8 words (letters-only 100.0% of 8).
Train Loss: output=0.1750, reconstruction=0.6651
Epoch [220/400]
batch = 0 (Δ=0.293s, 100.00%)
Training throughput: 1 batches in 0.293s; word units 100.0% of 8 words (letters-only 100.0% of 8).
Train Loss: output=0.1750, reconstruction=0.6650
Epoch [221/400]
batch = 0 (Δ=0.292s, 100.00%)
Training throughput: 1 batches in 0.292s; word units 100.0% of 8 words (letters-only 100.0% of 8).
Train Loss: output=0.1750, reconstruction=0.6649
Epoch [222/400]
batch = 0 (Δ=0.295s, 100.00%)
Training throughput: 1 batches in 0.294s; word units 100.0% of 8 words (letters-only 100.0% of 8).
Train Loss: output=0.1750, reconstruction=0.6648
Epoch [223/400]
batch = 0 (Δ=0.298s, 100.00%)
Training throughput: 1 batches in 0.298s; word units 100.0% of 8 words (letters-only 100.0% of 8).
Train Loss: output=0.1750, reconstruction=0.6647
Epoch [224/400]
batch = 0 (Δ=0.299s, 100.00%)
Training throughput: 1 batches in 0.298s; word units 100.0% of 8 words (letters-only 100.0% of 8).
Train Loss: output=0.1750, reconstruction=0.6646
Epoch [225/400]
batch = 0 (Δ=0.298s, 100.00%)
Training throughput: 1 batches in 0.297s; word units 100.0% of 8 words (letters-only 100.0% of 8).
Train Loss: output=0.1750, reconstruction=0.6644
Epoch [226/400]
batch = 0 (Δ=0.298s, 100.00%)
Training throughput: 1 batches in 0.298s; word units 100.0% of 8 words (letters-only 100.0% of 8).
Train Loss: output=0.1750, reconstruction=0.6643
Epoch [227/400]
batch = 0 (Δ=0.297s, 100.00%)
Training throughput: 1 batches in 0.297s; word units 100.0% of 8 words (letters-only 100.0% of 8).
Train Loss: output=0.1750, reconstruction=0.6642
Epoch [228/400]
batch = 0 (Δ=0.298s, 100.00%)
Training throughput: 1 batches in 0.298s; word units 100.0% of 8 words (letters-only 100.0% of 8).
Train Loss: output=0.1750, reconstruction=0.6641
Epoch [229/400]
batch = 0 (Δ=0.356s, 100.00%)
Training throughput: 1 batches in 0.355s; word units 100.0% of 8 words (letters-only 100.0% of 8).
Train Loss: output=0.1750, reconstruction=0.6640
Epoch [230/400]
batch = 0 (Δ=0.298s, 100.00%)
Training throughput: 1 batches in 0.298s; word units 100.0% of 8 words (letters-only 100.0% of 8).
Train Loss: output=0.1750, reconstruction=0.6639
Epoch [231/400]
batch = 0 (Δ=0.297s, 100.00%)
Training throughput: 1 batches in 0.296s; word units 100.0% of 8 words (letters-only 100.0% of 8).
Train Loss: output=0.1750, reconstruction=0.6638
Epoch [232/400]
batch = 0 (Δ=0.301s, 100.00%)
Training throughput: 1 batches in 0.300s; word units 100.0% of 8 words (letters-only 100.0% of 8).
Train Loss: output=0.1750, reconstruction=0.6637
Epoch [233/400]
batch = 0 (Δ=0.298s, 100.00%)
Training throughput: 1 batches in 0.298s; word units 100.0% of 8 words (letters-only 100.0% of 8).
Train Loss: output=0.1750, reconstruction=0.6636
Epoch [234/400]
batch = 0 (Δ=0.297s, 100.00%)
Training throughput: 1 batches in 0.296s; word units 100.0% of 8 words (letters-only 100.0% of 8).
Train Loss: output=0.1750, reconstruction=0.6635
Epoch [235/400]
batch = 0 (Δ=0.298s, 100.00%)
Training throughput: 1 batches in 0.298s; word units 100.0% of 8 words (letters-only 100.0% of 8).
Train Loss: output=0.1750, reconstruction=0.6634
Epoch [236/400]
batch = 0 (Δ=0.296s, 100.00%)
Training throughput: 1 batches in 0.295s; word units 100.0% of 8 words (letters-only 100.0% of 8).
Train Loss: output=0.1750, reconstruction=0.6633
Epoch [237/400]
batch = 0 (Δ=0.298s, 100.00%)
Training throughput: 1 batches in 0.298s; word units 100.0% of 8 words (letters-only 100.0% of 8).
Train Loss: output=0.1750, reconstruction=0.6632
Epoch [238/400]
batch = 0 (Δ=0.296s, 100.00%)
Training throughput: 1 batches in 0.295s; word units 100.0% of 8 words (letters-only 100.0% of 8).
Train Loss: output=0.1750, reconstruction=0.6631
Epoch [239/400]
batch = 0 (Δ=0.297s, 100.00%)
Training throughput: 1 batches in 0.296s; word units 100.0% of 8 words (letters-only 100.0% of 8).
Train Loss: output=0.1750, reconstruction=0.6630
Epoch [240/400]
batch = 0 (Δ=0.296s, 100.00%)
Training throughput: 1 batches in 0.296s; word units 100.0% of 8 words (letters-only 100.0% of 8).
Train Loss: output=0.1750, reconstruction=0.6629
Epoch [241/400]
batch = 0 (Δ=0.362s, 100.00%)
Training throughput: 1 batches in 0.361s; word units 100.0% of 8 words (letters-only 100.0% of 8).
Train Loss: output=0.1750, reconstruction=0.6628
Epoch [242/400]
batch = 0 (Δ=0.301s, 100.00%)
Training throughput: 1 batches in 0.300s; word units 100.0% of 8 words (letters-only 100.0% of 8).
Train Loss: output=0.1750, reconstruction=0.6627
Epoch [243/400]
batch = 0 (Δ=0.297s, 100.00%)
Training throughput: 1 batches in 0.297s; word units 100.0% of 8 words (letters-only 100.0% of 8).
Train Loss: output=0.1750, reconstruction=0.6626
Epoch [244/400]
batch = 0 (Δ=0.304s, 100.00%)
Training throughput: 1 batches in 0.304s; word units 100.0% of 8 words (letters-only 100.0% of 8).
Train Loss: output=0.1750, reconstruction=0.6625
Epoch [245/400]
batch = 0 (Δ=0.299s, 100.00%)
Training throughput: 1 batches in 0.299s; word units 100.0% of 8 words (letters-only 100.0% of 8).
Train Loss: output=0.1750, reconstruction=0.6624
Epoch [246/400]
batch = 0 (Δ=0.300s, 100.00%)
Training throughput: 1 batches in 0.299s; word units 100.0% of 8 words (letters-only 100.0% of 8).
Train Loss: output=0.1750, reconstruction=0.6624
Epoch [247/400]
batch = 0 (Δ=0.301s, 100.00%)
Training throughput: 1 batches in 0.301s; word units 100.0% of 8 words (letters-only 100.0% of 8).
Train Loss: output=0.1750, reconstruction=0.6623
Epoch [248/400]
batch = 0 (Δ=0.299s, 100.00%)
Training throughput: 1 batches in 0.299s; word units 100.0% of 8 words (letters-only 100.0% of 8).
Train Loss: output=0.1750, reconstruction=0.6622
Epoch [249/400]
batch = 0 (Δ=0.301s, 100.00%)
Training throughput: 1 batches in 0.301s; word units 100.0% of 8 words (letters-only 100.0% of 8).
Train Loss: output=0.1750, reconstruction=0.6621
Epoch [250/400]
batch = 0 (Δ=0.303s, 100.00%)
Training throughput: 1 batches in 0.302s; word units 100.0% of 8 words (letters-only 100.0% of 8).
Train Loss: output=0.1750, reconstruction=0.6620
Epoch [251/400]
batch = 0 (Δ=0.304s, 100.00%)
Training throughput: 1 batches in 0.304s; word units 100.0% of 8 words (letters-only 100.0% of 8).
Train Loss: output=0.1750, reconstruction=0.6619
Epoch [252/400]
batch = 0 (Δ=0.299s, 100.00%)
Training throughput: 1 batches in 0.298s; word units 100.0% of 8 words (letters-only 100.0% of 8).
Train Loss: output=0.1750, reconstruction=0.6618
Epoch [253/400]
batch = 0 (Δ=0.361s, 100.00%)
Training throughput: 1 batches in 0.361s; word units 100.0% of 8 words (letters-only 100.0% of 8).
Train Loss: output=0.1750, reconstruction=0.6617
Epoch [254/400]
batch = 0 (Δ=0.300s, 100.00%)
Training throughput: 1 batches in 0.300s; word units 100.0% of 8 words (letters-only 100.0% of 8).
Train Loss: output=0.1751, reconstruction=0.6616
Epoch [255/400]
batch = 0 (Δ=0.301s, 100.00%)
Training throughput: 1 batches in 0.301s; word units 100.0% of 8 words (letters-only 100.0% of 8).
Train Loss: output=0.1751, reconstruction=0.6615
Epoch [256/400]
batch = 0 (Δ=0.271s, 100.00%)
Training throughput: 1 batches in 0.270s; word units 100.0% of 8 words (letters-only 100.0% of 8).
Train Loss: output=0.1750, reconstruction=0.6614
Epoch [257/400]
batch = 0 (Δ=0.272s, 100.00%)
Training throughput: 1 batches in 0.271s; word units 100.0% of 8 words (letters-only 100.0% of 8).
Train Loss: output=0.1750, reconstruction=0.6473
Epoch [258/400]
batch = 0 (Δ=0.272s, 100.00%)
Training throughput: 1 batches in 0.272s; word units 100.0% of 8 words (letters-only 100.0% of 8).
Train Loss: output=0.1750, reconstruction=0.6330
Epoch [259/400]
batch = 0 (Δ=0.269s, 100.00%)
Training throughput: 1 batches in 0.269s; word units 100.0% of 8 words (letters-only 100.0% of 8).
Train Loss: output=0.1750, reconstruction=0.6213
Epoch [260/400]
batch = 0 (Δ=0.271s, 100.00%)
Training throughput: 1 batches in 0.270s; word units 100.0% of 8 words (letters-only 100.0% of 8).
Train Loss: output=0.1750, reconstruction=0.6123
Epoch [261/400]
batch = 0 (Δ=0.271s, 100.00%)
Training throughput: 1 batches in 0.270s; word units 100.0% of 8 words (letters-only 100.0% of 8).
Train Loss: output=0.1750, reconstruction=0.6056
Epoch [262/400]
batch = 0 (Δ=0.269s, 100.00%)
Training throughput: 1 batches in 0.269s; word units 100.0% of 8 words (letters-only 100.0% of 8).
Train Loss: output=0.1750, reconstruction=0.6007
Epoch [263/400]
batch = 0 (Δ=0.271s, 100.00%)
Training throughput: 1 batches in 0.271s; word units 100.0% of 8 words (letters-only 100.0% of 8).
Train Loss: output=0.1750, reconstruction=0.5971
Epoch [264/400]
batch = 0 (Δ=0.274s, 100.00%)
Training throughput: 1 batches in 0.273s; word units 100.0% of 8 words (letters-only 100.0% of 8).
Train Loss: output=0.1750, reconstruction=0.5945
Epoch [265/400]
batch = 0 (Δ=0.271s, 100.00%)
Training throughput: 1 batches in 0.270s; word units 100.0% of 8 words (letters-only 100.0% of 8).
Train Loss: output=0.1750, reconstruction=0.5926
Epoch [266/400]
batch = 0 (Δ=0.336s, 100.00%)
Training throughput: 1 batches in 0.335s; word units 100.0% of 8 words (letters-only 100.0% of 8).
Train Loss: output=0.1750, reconstruction=0.5913
Epoch [267/400]
batch = 0 (Δ=0.269s, 100.00%)
Training throughput: 1 batches in 0.269s; word units 100.0% of 8 words (letters-only 100.0% of 8).
Train Loss: output=0.1750, reconstruction=0.5902
Epoch [268/400]
batch = 0 (Δ=0.271s, 100.00%)
Training throughput: 1 batches in 0.271s; word units 100.0% of 8 words (letters-only 100.0% of 8).
Train Loss: output=0.1750, reconstruction=0.5895
Epoch [269/400]
batch = 0 (Δ=0.269s, 100.00%)
Training throughput: 1 batches in 0.269s; word units 100.0% of 8 words (letters-only 100.0% of 8).
Train Loss: output=0.1750, reconstruction=0.5889
Epoch [270/400]
batch = 0 (Δ=0.273s, 100.00%)
Training throughput: 1 batches in 0.272s; word units 100.0% of 8 words (letters-only 100.0% of 8).
Train Loss: output=0.1750, reconstruction=0.5885
Epoch [271/400]
batch = 0 (Δ=0.268s, 100.00%)
Training throughput: 1 batches in 0.268s; word units 100.0% of 8 words (letters-only 100.0% of 8).
Train Loss: output=0.1750, reconstruction=0.5882
Epoch [272/400]
batch = 0 (Δ=0.271s, 100.00%)
Training throughput: 1 batches in 0.271s; word units 100.0% of 8 words (letters-only 100.0% of 8).
Train Loss: output=0.1750, reconstruction=0.5880
Epoch [273/400]
batch = 0 (Δ=0.270s, 100.00%)
Training throughput: 1 batches in 0.270s; word units 100.0% of 8 words (letters-only 100.0% of 8).
Train Loss: output=0.1750, reconstruction=0.5878
Epoch [274/400]
batch = 0 (Δ=0.274s, 100.00%)
Training throughput: 1 batches in 0.274s; word units 100.0% of 8 words (letters-only 100.0% of 8).
Train Loss: output=0.1750, reconstruction=0.5876
Epoch [275/400]
batch = 0 (Δ=0.270s, 100.00%)
Training throughput: 1 batches in 0.270s; word units 100.0% of 8 words (letters-only 100.0% of 8).
Train Loss: output=0.1750, reconstruction=0.5875
Epoch [276/400]
batch = 0 (Δ=0.271s, 100.00%)
Training throughput: 1 batches in 0.271s; word units 100.0% of 8 words (letters-only 100.0% of 8).
Train Loss: output=0.1750, reconstruction=0.5874
Epoch [277/400]
batch = 0 (Δ=0.271s, 100.00%)
Training throughput: 1 batches in 0.270s; word units 100.0% of 8 words (letters-only 100.0% of 8).
Train Loss: output=0.1750, reconstruction=0.5874
Epoch [278/400]
batch = 0 (Δ=0.274s, 100.00%)
Training throughput: 1 batches in 0.273s; word units 100.0% of 8 words (letters-only 100.0% of 8).
Train Loss: output=0.1750, reconstruction=0.5873
Epoch [279/400]
batch = 0 (Δ=0.271s, 100.00%)
Training throughput: 1 batches in 0.271s; word units 100.0% of 8 words (letters-only 100.0% of 8).
Train Loss: output=0.1750, reconstruction=0.5872
Epoch [280/400]
batch = 0 (Δ=0.337s, 100.00%)
Training throughput: 1 batches in 0.336s; word units 100.0% of 8 words (letters-only 100.0% of 8).
Train Loss: output=0.1750, reconstruction=0.5872
Epoch [281/400]
batch = 0 (Δ=0.272s, 100.00%)
Training throughput: 1 batches in 0.271s; word units 100.0% of 8 words (letters-only 100.0% of 8).
Train Loss: output=0.1750, reconstruction=0.5872
Epoch [282/400]
batch = 0 (Δ=0.271s, 100.00%)
Training throughput: 1 batches in 0.271s; word units 100.0% of 8 words (letters-only 100.0% of 8).
Train Loss: output=0.1750, reconstruction=0.5871
Epoch [283/400]
batch = 0 (Δ=0.272s, 100.00%)
Training throughput: 1 batches in 0.271s; word units 100.0% of 8 words (letters-only 100.0% of 8).
Train Loss: output=0.1750, reconstruction=0.5871
Epoch [284/400]
batch = 0 (Δ=0.271s, 100.00%)
Training throughput: 1 batches in 0.271s; word units 100.0% of 8 words (letters-only 100.0% of 8).
Train Loss: output=0.1750, reconstruction=0.5871
Epoch [285/400]
batch = 0 (Δ=0.271s, 100.00%)
Training throughput: 1 batches in 0.271s; word units 100.0% of 8 words (letters-only 100.0% of 8).
Train Loss: output=0.1750, reconstruction=0.5871
Epoch [286/400]
batch = 0 (Δ=0.274s, 100.00%)
Training throughput: 1 batches in 0.274s; word units 100.0% of 8 words (letters-only 100.0% of 8).
Train Loss: output=0.1750, reconstruction=0.5870
Epoch [287/400]
batch = 0 (Δ=0.271s, 100.00%)
Training throughput: 1 batches in 0.270s; word units 100.0% of 8 words (letters-only 100.0% of 8).
Train Loss: output=0.1750, reconstruction=0.5870
Epoch [288/400]
batch = 0 (Δ=0.273s, 100.00%)
Training throughput: 1 batches in 0.272s; word units 100.0% of 8 words (letters-only 100.0% of 8).
Train Loss: output=0.1750, reconstruction=0.5870
Epoch [289/400]
batch = 0 (Δ=0.271s, 100.00%)
Training throughput: 1 batches in 0.271s; word units 100.0% of 8 words (letters-only 100.0% of 8).
Train Loss: output=0.1750, reconstruction=0.5870
Epoch [290/400]
batch = 0 (Δ=0.272s, 100.00%)
Training throughput: 1 batches in 0.271s; word units 100.0% of 8 words (letters-only 100.0% of 8).
Train Loss: output=0.1750, reconstruction=0.5870
Epoch [291/400]
batch = 0 (Δ=0.272s, 100.00%)
Training throughput: 1 batches in 0.272s; word units 100.0% of 8 words (letters-only 100.0% of 8).
Train Loss: output=0.1750, reconstruction=0.5870
Epoch [292/400]
batch = 0 (Δ=0.273s, 100.00%)
Training throughput: 1 batches in 0.272s; word units 100.0% of 8 words (letters-only 100.0% of 8).
Train Loss: output=0.1750, reconstruction=0.5870
Epoch [293/400]
batch = 0 (Δ=0.337s, 100.00%)
Training throughput: 1 batches in 0.337s; word units 100.0% of 8 words (letters-only 100.0% of 8).
Train Loss: output=0.1750, reconstruction=0.5870
Epoch [294/400]
batch = 0 (Δ=0.271s, 100.00%)
Training throughput: 1 batches in 0.271s; word units 100.0% of 8 words (letters-only 100.0% of 8).
Train Loss: output=0.1750, reconstruction=0.5870
Epoch [295/400]
batch = 0 (Δ=0.270s, 100.00%)
Training throughput: 1 batches in 0.269s; word units 100.0% of 8 words (letters-only 100.0% of 8).
Train Loss: output=0.1750, reconstruction=0.5870
Epoch [296/400]
batch = 0 (Δ=0.267s, 100.00%)
Training throughput: 1 batches in 0.267s; word units 100.0% of 8 words (letters-only 100.0% of 8).
Train Loss: output=0.1750, reconstruction=0.5869
Epoch [297/400]
batch = 0 (Δ=0.271s, 100.00%)
Training throughput: 1 batches in 0.270s; word units 100.0% of 8 words (letters-only 100.0% of 8).
Train Loss: output=0.1750, reconstruction=0.5869
Epoch [298/400]
batch = 0 (Δ=0.271s, 100.00%)
Training throughput: 1 batches in 0.270s; word units 100.0% of 8 words (letters-only 100.0% of 8).
Train Loss: output=0.1750, reconstruction=0.5869
Epoch [299/400]
batch = 0 (Δ=0.271s, 100.00%)
Training throughput: 1 batches in 0.271s; word units 100.0% of 8 words (letters-only 100.0% of 8).
Train Loss: output=0.1750, reconstruction=0.5869
Epoch [300/400]
batch = 0 (Δ=0.270s, 100.00%)
Training throughput: 1 batches in 0.269s; word units 100.0% of 8 words (letters-only 100.0% of 8).
Train Loss: output=0.1750, reconstruction=0.5869
Epoch [301/400]
batch = 0 (Δ=0.272s, 100.00%)
Training throughput: 1 batches in 0.272s; word units 100.0% of 8 words (letters-only 100.0% of 8).
Train Loss: output=0.1750, reconstruction=0.5869
Epoch [302/400]
batch = 0 (Δ=0.270s, 100.00%)
Training throughput: 1 batches in 0.269s; word units 100.0% of 8 words (letters-only 100.0% of 8).
Train Loss: output=0.1750, reconstruction=0.5869
Epoch [303/400]
batch = 0 (Δ=0.269s, 100.00%)
Training throughput: 1 batches in 0.269s; word units 100.0% of 8 words (letters-only 100.0% of 8).
Train Loss: output=0.1750, reconstruction=0.5869
Epoch [304/400]
batch = 0 (Δ=0.272s, 100.00%)
Training throughput: 1 batches in 0.271s; word units 100.0% of 8 words (letters-only 100.0% of 8).
Train Loss: output=0.1750, reconstruction=0.5869
Epoch [305/400]
batch = 0 (Δ=0.272s, 100.00%)
Training throughput: 1 batches in 0.272s; word units 100.0% of 8 words (letters-only 100.0% of 8).
Train Loss: output=0.1750, reconstruction=0.5869
Epoch [306/400]
batch = 0 (Δ=0.270s, 100.00%)
Training throughput: 1 batches in 0.269s; word units 100.0% of 8 words (letters-only 100.0% of 8).
Train Loss: output=0.1750, reconstruction=0.5869
Epoch [307/400]
batch = 0 (Δ=0.331s, 100.00%)
Training throughput: 1 batches in 0.331s; word units 100.0% of 8 words (letters-only 100.0% of 8).
Train Loss: output=0.1750, reconstruction=0.5869
Epoch [308/400]
batch = 0 (Δ=0.272s, 100.00%)
Training throughput: 1 batches in 0.272s; word units 100.0% of 8 words (letters-only 100.0% of 8).
Train Loss: output=0.1750, reconstruction=0.5869
Epoch [309/400]
batch = 0 (Δ=0.273s, 100.00%)
Training throughput: 1 batches in 0.272s; word units 100.0% of 8 words (letters-only 100.0% of 8).
Train Loss: output=0.1750, reconstruction=0.5869
Epoch [310/400]
batch = 0 (Δ=0.270s, 100.00%)
Training throughput: 1 batches in 0.270s; word units 100.0% of 8 words (letters-only 100.0% of 8).
Train Loss: output=0.1750, reconstruction=0.5869
Epoch [311/400]
batch = 0 (Δ=0.271s, 100.00%)
Training throughput: 1 batches in 0.270s; word units 100.0% of 8 words (letters-only 100.0% of 8).
Train Loss: output=0.1750, reconstruction=0.5869
Epoch [312/400]
batch = 0 (Δ=0.272s, 100.00%)
Training throughput: 1 batches in 0.271s; word units 100.0% of 8 words (letters-only 100.0% of 8).
Train Loss: output=0.1750, reconstruction=0.5869
Epoch [313/400]
batch = 0 (Δ=0.270s, 100.00%)
Training throughput: 1 batches in 0.270s; word units 100.0% of 8 words (letters-only 100.0% of 8).
Train Loss: output=0.1750, reconstruction=0.5869
Epoch [314/400]
batch = 0 (Δ=0.270s, 100.00%)
Training throughput: 1 batches in 0.269s; word units 100.0% of 8 words (letters-only 100.0% of 8).
Train Loss: output=0.1750, reconstruction=0.5869
Epoch [315/400]
batch = 0 (Δ=0.271s, 100.00%)
Training throughput: 1 batches in 0.270s; word units 100.0% of 8 words (letters-only 100.0% of 8).
Train Loss: output=0.1750, reconstruction=0.5869
Epoch [316/400]
batch = 0 (Δ=0.269s, 100.00%)
Training throughput: 1 batches in 0.269s; word units 100.0% of 8 words (letters-only 100.0% of 8).
Train Loss: output=0.1750, reconstruction=0.5869
Epoch [317/400]
batch = 0 (Δ=0.272s, 100.00%)
Training throughput: 1 batches in 0.272s; word units 100.0% of 8 words (letters-only 100.0% of 8).
Train Loss: output=0.1750, reconstruction=0.5869
Epoch [318/400]
batch = 0 (Δ=0.271s, 100.00%)
Training throughput: 1 batches in 0.271s; word units 100.0% of 8 words (letters-only 100.0% of 8).
Train Loss: output=0.1750, reconstruction=0.5869
Epoch [319/400]
batch = 0 (Δ=0.271s, 100.00%)
Training throughput: 1 batches in 0.271s; word units 100.0% of 8 words (letters-only 100.0% of 8).
Train Loss: output=0.1750, reconstruction=0.5869
Epoch [320/400]
batch = 0 (Δ=0.335s, 100.00%)
Training throughput: 1 batches in 0.334s; word units 100.0% of 8 words (letters-only 100.0% of 8).
Train Loss: output=0.1750, reconstruction=0.5869
Epoch [321/400]
batch = 0 (Δ=0.275s, 100.00%)
Training throughput: 1 batches in 0.275s; word units 100.0% of 8 words (letters-only 100.0% of 8).
Train Loss: output=0.1750, reconstruction=0.5869
Epoch [322/400]
batch = 0 (Δ=0.273s, 100.00%)
Training throughput: 1 batches in 0.273s; word units 100.0% of 8 words (letters-only 100.0% of 8).
Train Loss: output=0.1750, reconstruction=0.5869
Epoch [323/400]
batch = 0 (Δ=0.274s, 100.00%)
Training throughput: 1 batches in 0.273s; word units 100.0% of 8 words (letters-only 100.0% of 8).
Train Loss: output=0.1750, reconstruction=0.5869
Epoch [324/400]
batch = 0 (Δ=0.272s, 100.00%)
Training throughput: 1 batches in 0.271s; word units 100.0% of 8 words (letters-only 100.0% of 8).
Train Loss: output=0.1750, reconstruction=0.5869
Epoch [325/400]
batch = 0 (Δ=0.272s, 100.00%)
Training throughput: 1 batches in 0.271s; word units 100.0% of 8 words (letters-only 100.0% of 8).
Train Loss: output=0.1750, reconstruction=0.5869
Epoch [326/400]
batch = 0 (Δ=0.272s, 100.00%)
Training throughput: 1 batches in 0.272s; word units 100.0% of 8 words (letters-only 100.0% of 8).
Train Loss: output=0.1750, reconstruction=0.5869
Epoch [327/400]
batch = 0 (Δ=0.272s, 100.00%)
Training throughput: 1 batches in 0.271s; word units 100.0% of 8 words (letters-only 100.0% of 8).
Train Loss: output=0.1750, reconstruction=0.5869
Epoch [328/400]
batch = 0 (Δ=0.270s, 100.00%)
Training throughput: 1 batches in 0.269s; word units 100.0% of 8 words (letters-only 100.0% of 8).
Train Loss: output=0.1750, reconstruction=0.5869
Epoch [329/400]
batch = 0 (Δ=0.273s, 100.00%)
Training throughput: 1 batches in 0.273s; word units 100.0% of 8 words (letters-only 100.0% of 8).
Train Loss: output=0.1750, reconstruction=0.5869
Epoch [330/400]
batch = 0 (Δ=0.272s, 100.00%)
Training throughput: 1 batches in 0.271s; word units 100.0% of 8 words (letters-only 100.0% of 8).
Train Loss: output=0.1750, reconstruction=0.5869
Epoch [331/400]
batch = 0 (Δ=0.270s, 100.00%)
Training throughput: 1 batches in 0.269s; word units 100.0% of 8 words (letters-only 100.0% of 8).
Train Loss: output=0.1750, reconstruction=0.5869
Epoch [332/400]
batch = 0 (Δ=0.272s, 100.00%)
Training throughput: 1 batches in 0.271s; word units 100.0% of 8 words (letters-only 100.0% of 8).
Train Loss: output=0.1750, reconstruction=0.5869
Epoch [333/400]
batch = 0 (Δ=0.273s, 100.00%)
Training throughput: 1 batches in 0.272s; word units 100.0% of 8 words (letters-only 100.0% of 8).
Train Loss: output=0.1750, reconstruction=0.5869
Epoch [334/400]
batch = 0 (Δ=0.329s, 100.00%)
Training throughput: 1 batches in 0.328s; word units 100.0% of 8 words (letters-only 100.0% of 8).
Train Loss: output=0.1750, reconstruction=0.5869
Epoch [335/400]
batch = 0 (Δ=0.268s, 100.00%)
Training throughput: 1 batches in 0.268s; word units 100.0% of 8 words (letters-only 100.0% of 8).
Train Loss: output=0.1750, reconstruction=0.5869
Epoch [336/400]
batch = 0 (Δ=0.269s, 100.00%)
Training throughput: 1 batches in 0.269s; word units 100.0% of 8 words (letters-only 100.0% of 8).
Train Loss: output=0.1750, reconstruction=0.5869
Epoch [337/400]
batch = 0 (Δ=0.271s, 100.00%)
Training throughput: 1 batches in 0.270s; word units 100.0% of 8 words (letters-only 100.0% of 8).
Train Loss: output=0.1750, reconstruction=0.5869
Epoch [338/400]
batch = 0 (Δ=0.269s, 100.00%)
Training throughput: 1 batches in 0.268s; word units 100.0% of 8 words (letters-only 100.0% of 8).
Train Loss: output=0.1750, reconstruction=0.5869
Epoch [339/400]
batch = 0 (Δ=0.272s, 100.00%)
Training throughput: 1 batches in 0.271s; word units 100.0% of 8 words (letters-only 100.0% of 8).
Train Loss: output=0.1750, reconstruction=0.5869
Epoch [340/400]
batch = 0 (Δ=0.273s, 100.00%)
Training throughput: 1 batches in 0.273s; word units 100.0% of 8 words (letters-only 100.0% of 8).
Train Loss: output=0.1750, reconstruction=0.5869
Epoch [341/400]
batch = 0 (Δ=0.271s, 100.00%)
Training throughput: 1 batches in 0.270s; word units 100.0% of 8 words (letters-only 100.0% of 8).
Train Loss: output=0.1750, reconstruction=0.5869
Epoch [342/400]
batch = 0 (Δ=0.270s, 100.00%)
Training throughput: 1 batches in 0.270s; word units 100.0% of 8 words (letters-only 100.0% of 8).
Train Loss: output=0.1750, reconstruction=0.5869
Epoch [343/400]
batch = 0 (Δ=0.271s, 100.00%)
Training throughput: 1 batches in 0.270s; word units 100.0% of 8 words (letters-only 100.0% of 8).
Train Loss: output=0.1750, reconstruction=0.5869
Epoch [344/400]
batch = 0 (Δ=0.276s, 100.00%)
Training throughput: 1 batches in 0.275s; word units 100.0% of 8 words (letters-only 100.0% of 8).
Train Loss: output=0.1750, reconstruction=0.5869
Epoch [345/400]
batch = 0 (Δ=0.273s, 100.00%)
Training throughput: 1 batches in 0.272s; word units 100.0% of 8 words (letters-only 100.0% of 8).
Train Loss: output=0.1750, reconstruction=0.5869
Epoch [346/400]
batch = 0 (Δ=0.271s, 100.00%)
Training throughput: 1 batches in 0.271s; word units 100.0% of 8 words (letters-only 100.0% of 8).
Train Loss: output=0.1750, reconstruction=0.5869
Epoch [347/400]
batch = 0 (Δ=0.333s, 100.00%)
Training throughput: 1 batches in 0.333s; word units 100.0% of 8 words (letters-only 100.0% of 8).
Train Loss: output=0.1750, reconstruction=0.5869
Epoch [348/400]
batch = 0 (Δ=0.271s, 100.00%)
Training throughput: 1 batches in 0.270s; word units 100.0% of 8 words (letters-only 100.0% of 8).
Train Loss: output=0.1750, reconstruction=0.5869
Epoch [349/400]
batch = 0 (Δ=0.270s, 100.00%)
Training throughput: 1 batches in 0.270s; word units 100.0% of 8 words (letters-only 100.0% of 8).
Train Loss: output=0.1750, reconstruction=0.5868
Epoch [350/400]
batch = 0 (Δ=0.271s, 100.00%)
Training throughput: 1 batches in 0.270s; word units 100.0% of 8 words (letters-only 100.0% of 8).
Train Loss: output=0.1750, reconstruction=0.5868
Epoch [351/400]
batch = 0 (Δ=0.270s, 100.00%)
Training throughput: 1 batches in 0.270s; word units 100.0% of 8 words (letters-only 100.0% of 8).
Train Loss: output=0.1750, reconstruction=0.5868
Epoch [352/400]
batch = 0 (Δ=0.273s, 100.00%)
Training throughput: 1 batches in 0.273s; word units 100.0% of 8 words (letters-only 100.0% of 8).
Train Loss: output=0.1750, reconstruction=0.5868
Epoch [353/400]
batch = 0 (Δ=0.270s, 100.00%)
Training throughput: 1 batches in 0.269s; word units 100.0% of 8 words (letters-only 100.0% of 8).
Train Loss: output=0.1750, reconstruction=0.5868
Epoch [354/400]
batch = 0 (Δ=0.270s, 100.00%)
Training throughput: 1 batches in 0.270s; word units 100.0% of 8 words (letters-only 100.0% of 8).
Train Loss: output=0.1750, reconstruction=0.5868
Epoch [355/400]
batch = 0 (Δ=0.269s, 100.00%)
Training throughput: 1 batches in 0.269s; word units 100.0% of 8 words (letters-only 100.0% of 8).
Train Loss: output=0.1750, reconstruction=0.5868
Epoch [356/400]
batch = 0 (Δ=0.272s, 100.00%)
Training throughput: 1 batches in 0.272s; word units 100.0% of 8 words (letters-only 100.0% of 8).
Train Loss: output=0.1750, reconstruction=0.5868
Epoch [357/400]
batch = 0 (Δ=0.269s, 100.00%)
Training throughput: 1 batches in 0.268s; word units 100.0% of 8 words (letters-only 100.0% of 8).
Train Loss: output=0.1750, reconstruction=0.5868
Epoch [358/400]
batch = 0 (Δ=0.273s, 100.00%)
Training throughput: 1 batches in 0.273s; word units 100.0% of 8 words (letters-only 100.0% of 8).
Train Loss: output=0.1750, reconstruction=0.5868
Epoch [359/400]
batch = 0 (Δ=0.270s, 100.00%)
Training throughput: 1 batches in 0.270s; word units 100.0% of 8 words (letters-only 100.0% of 8).
Train Loss: output=0.1750, reconstruction=0.5868
Epoch [360/400]
batch = 0 (Δ=0.275s, 100.00%)
Training throughput: 1 batches in 0.274s; word units 100.0% of 8 words (letters-only 100.0% of 8).
Train Loss: output=0.1750, reconstruction=0.5868
Epoch [361/400]
batch = 0 (Δ=0.334s, 100.00%)
Training throughput: 1 batches in 0.333s; word units 100.0% of 8 words (letters-only 100.0% of 8).
Train Loss: output=0.1750, reconstruction=0.5868
Epoch [362/400]
batch = 0 (Δ=0.272s, 100.00%)
Training throughput: 1 batches in 0.272s; word units 100.0% of 8 words (letters-only 100.0% of 8).
Train Loss: output=0.1750, reconstruction=0.5868
Epoch [363/400]
batch = 0 (Δ=0.271s, 100.00%)
Training throughput: 1 batches in 0.270s; word units 100.0% of 8 words (letters-only 100.0% of 8).
Train Loss: output=0.1751, reconstruction=0.5868
Epoch [364/400]
batch = 0 (Δ=0.273s, 100.00%)
Training throughput: 1 batches in 0.272s; word units 100.0% of 8 words (letters-only 100.0% of 8).
Train Loss: output=0.1751, reconstruction=0.5868
Epoch [365/400]
batch = 0 (Δ=0.271s, 100.00%)
Training throughput: 1 batches in 0.270s; word units 100.0% of 8 words (letters-only 100.0% of 8).
Train Loss: output=0.1750, reconstruction=0.5868
Epoch [366/400]
batch = 0 (Δ=0.272s, 100.00%)
Training throughput: 1 batches in 0.271s; word units 100.0% of 8 words (letters-only 100.0% of 8).
Train Loss: output=0.1750, reconstruction=0.5868
Epoch [367/400]
batch = 0 (Δ=0.272s, 100.00%)
Training throughput: 1 batches in 0.271s; word units 100.0% of 8 words (letters-only 100.0% of 8).
Train Loss: output=0.1750, reconstruction=0.5868
Epoch [368/400]
batch = 0 (Δ=0.275s, 100.00%)
Training throughput: 1 batches in 0.274s; word units 100.0% of 8 words (letters-only 100.0% of 8).
Train Loss: output=0.1750, reconstruction=0.5868
Epoch [369/400]
batch = 0 (Δ=0.271s, 100.00%)
Training throughput: 1 batches in 0.270s; word units 100.0% of 8 words (letters-only 100.0% of 8).
Train Loss: output=0.1750, reconstruction=0.5868
Epoch [370/400]
batch = 0 (Δ=0.273s, 100.00%)
Training throughput: 1 batches in 0.272s; word units 100.0% of 8 words (letters-only 100.0% of 8).
Train Loss: output=0.1750, reconstruction=0.5868
Epoch [371/400]
batch = 0 (Δ=0.271s, 100.00%)
Training throughput: 1 batches in 0.271s; word units 100.0% of 8 words (letters-only 100.0% of 8).
Train Loss: output=0.1750, reconstruction=0.5868
Epoch [372/400]
batch = 0 (Δ=0.274s, 100.00%)
Training throughput: 1 batches in 0.273s; word units 100.0% of 8 words (letters-only 100.0% of 8).
Train Loss: output=0.1750, reconstruction=0.5868
Epoch [373/400]
batch = 0 (Δ=0.270s, 100.00%)
Training throughput: 1 batches in 0.269s; word units 100.0% of 8 words (letters-only 100.0% of 8).
Train Loss: output=0.1750, reconstruction=0.5868
Epoch [374/400]
batch = 0 (Δ=0.331s, 100.00%)
Training throughput: 1 batches in 0.331s; word units 100.0% of 8 words (letters-only 100.0% of 8).
Train Loss: output=0.1750, reconstruction=0.5868
Epoch [375/400]
batch = 0 (Δ=0.270s, 100.00%)
Training throughput: 1 batches in 0.270s; word units 100.0% of 8 words (letters-only 100.0% of 8).
Train Loss: output=0.1750, reconstruction=0.5868
Epoch [376/400]
batch = 0 (Δ=0.273s, 100.00%)
Training throughput: 1 batches in 0.272s; word units 100.0% of 8 words (letters-only 100.0% of 8).
Train Loss: output=0.1750, reconstruction=0.5868
Epoch [377/400]
batch = 0 (Δ=0.270s, 100.00%)
Training throughput: 1 batches in 0.269s; word units 100.0% of 8 words (letters-only 100.0% of 8).
Train Loss: output=0.1750, reconstruction=0.5868
Epoch [378/400]
batch = 0 (Δ=0.269s, 100.00%)
Training throughput: 1 batches in 0.269s; word units 100.0% of 8 words (letters-only 100.0% of 8).
Train Loss: output=0.1750, reconstruction=0.5868
Epoch [379/400]
batch = 0 (Δ=0.269s, 100.00%)
Training throughput: 1 batches in 0.269s; word units 100.0% of 8 words (letters-only 100.0% of 8).
Train Loss: output=0.1750, reconstruction=0.5868
Epoch [380/400]
batch = 0 (Δ=0.271s, 100.00%)
Training throughput: 1 batches in 0.270s; word units 100.0% of 8 words (letters-only 100.0% of 8).
Train Loss: output=0.1750, reconstruction=0.5868
Epoch [381/400]
batch = 0 (Δ=0.271s, 100.00%)
Training throughput: 1 batches in 0.270s; word units 100.0% of 8 words (letters-only 100.0% of 8).
Train Loss: output=0.1750, reconstruction=0.5868
Epoch [382/400]
batch = 0 (Δ=0.273s, 100.00%)
Training throughput: 1 batches in 0.272s; word units 100.0% of 8 words (letters-only 100.0% of 8).
Train Loss: output=0.1750, reconstruction=0.5868
Epoch [383/400]
batch = 0 (Δ=0.273s, 100.00%)
Training throughput: 1 batches in 0.272s; word units 100.0% of 8 words (letters-only 100.0% of 8).
Train Loss: output=0.1750, reconstruction=0.5868
Epoch [384/400]
batch = 0 (Δ=0.273s, 100.00%)
Training throughput: 1 batches in 0.272s; word units 100.0% of 8 words (letters-only 100.0% of 8).
Train Loss: output=0.1750, reconstruction=0.5868
Epoch [385/400]
batch = 0 (Δ=0.271s, 100.00%)
Training throughput: 1 batches in 0.271s; word units 100.0% of 8 words (letters-only 100.0% of 8).
Train Loss: output=0.1750, reconstruction=0.5868
Epoch [386/400]
batch = 0 (Δ=0.271s, 100.00%)
Training throughput: 1 batches in 0.271s; word units 100.0% of 8 words (letters-only 100.0% of 8).
Train Loss: output=0.1750, reconstruction=0.5868
Epoch [387/400]
batch = 0 (Δ=0.277s, 100.00%)
Training throughput: 1 batches in 0.276s; word units 100.0% of 8 words (letters-only 100.0% of 8).
Train Loss: output=0.1750, reconstruction=0.5868
Epoch [388/400]
batch = 0 (Δ=0.331s, 100.00%)
Training throughput: 1 batches in 0.330s; word units 100.0% of 8 words (letters-only 100.0% of 8).
Train Loss: output=0.1750, reconstruction=0.5868
Epoch [389/400]
batch = 0 (Δ=0.270s, 100.00%)
Training throughput: 1 batches in 0.270s; word units 100.0% of 8 words (letters-only 100.0% of 8).
Train Loss: output=0.1750, reconstruction=0.5868
Epoch [390/400]
batch = 0 (Δ=0.272s, 100.00%)
Training throughput: 1 batches in 0.271s; word units 100.0% of 8 words (letters-only 100.0% of 8).
Train Loss: output=0.1750, reconstruction=0.5868
Epoch [391/400]
batch = 0 (Δ=0.271s, 100.00%)
Training throughput: 1 batches in 0.271s; word units 100.0% of 8 words (letters-only 100.0% of 8).
Train Loss: output=0.1750, reconstruction=0.5868
Epoch [392/400]
batch = 0 (Δ=0.269s, 100.00%)
Training throughput: 1 batches in 0.269s; word units 100.0% of 8 words (letters-only 100.0% of 8).
Train Loss: output=0.1750, reconstruction=0.5868
Epoch [393/400]
batch = 0 (Δ=0.269s, 100.00%)
Training throughput: 1 batches in 0.269s; word units 100.0% of 8 words (letters-only 100.0% of 8).
Train Loss: output=0.1750, reconstruction=0.5868
Epoch [394/400]
batch = 0 (Δ=0.271s, 100.00%)
Training throughput: 1 batches in 0.270s; word units 100.0% of 8 words (letters-only 100.0% of 8).
Train Loss: output=0.1750, reconstruction=0.5868
Epoch [395/400]
batch = 0 (Δ=0.273s, 100.00%)
Training throughput: 1 batches in 0.272s; word units 100.0% of 8 words (letters-only 100.0% of 8).
Train Loss: output=0.1750, reconstruction=0.5868
Epoch [396/400]
batch = 0 (Δ=0.270s, 100.00%)
Training throughput: 1 batches in 0.269s; word units 100.0% of 8 words (letters-only 100.0% of 8).
Train Loss: output=0.1750, reconstruction=0.5868
Epoch [397/400]
batch = 0 (Δ=0.275s, 100.00%)
Training throughput: 1 batches in 0.274s; word units 100.0% of 8 words (letters-only 100.0% of 8).
Train Loss: output=0.1750, reconstruction=0.5868
Epoch [398/400]
batch = 0 (Δ=0.272s, 100.00%)
Training throughput: 1 batches in 0.271s; word units 100.0% of 8 words (letters-only 100.0% of 8).
Train Loss: output=0.1750, reconstruction=0.5868
Epoch [399/400]
batch = 0 (Δ=0.273s, 100.00%)
Training throughput: 1 batches in 0.272s; word units 100.0% of 8 words (letters-only 100.0% of 8).
Train Loss: output=0.1750, reconstruction=0.5868
Epoch [400/400]
batch = 0 (Δ=0.273s, 100.00%)
Training throughput: 1 batches in 0.273s; word units 100.0% of 8 words (letters-only 100.0% of 8).
Train Loss: output=0.1750, reconstruction=0.5868
Final Stats:
=== Selected operation grammar ===
batch = 0 (Δ=0.240s, 100.00%)
Training throughput: 1 batches in 0.192s; word units 100.0% of 8 words (letters-only 100.0% of 8).
=== Input Reconstruction (test) ===
  row[0] input='hello world' -> reconstructed='hello ' label=0.0000 predicted=0.4998 MISMATCH
  row[1] input='hello there' -> reconstructed='hello ' label=1.0000 predicted=0.4998 MISMATCH
  row[2] input='loving world' -> reconstructed='world ' label=1.0000 predicted=0.4998 MISMATCH
  row[3] input='loving there' -> reconstructed='there ' label=0.0000 predicted=0.4998 MISMATCH
