F                                                                        [100%]
=================================== FAILURES ===================================
_______________ TestXorGrammarLearnsXor.test_xor_class_accuracy ________________
test/test_explicit_dimensions.py:248: in test_xor_class_accuracy
    self.assertGreaterEqual(
E   AssertionError: tensor(0.) not greater than or equal to 0.5 : Expected >=0.5 accuracy on class 0 from an unselected initialization, got 0.0
----------------------------- Captured stdout call -----------------------------
Starting with dynamic 2-dim embedding (words added at runtime)
  Building span table: 0/4 docs
Device: cpu
Peer pipeline: static PS/WS stage bodies compiled separately; legacy compatibility scheduler remains outside fullgraph capture


==== BasicModel ====

Trial [1/1]
Baseline test pass skipped (--test not specified). Re-invoke train.py with --test to include baseline + post-epoch evaluation.
Epoch [1/400]
[AMP] off (fp32, MODEL_AMP unset or =off)
batch = 0 (warm-up, 100.00%)
Train Loss: output=0.1762, reconstruction=0.2270
Epoch [2/400]
batch = 0 (Δ=0.262s, 100.00%)
Train Loss: output=0.1825, reconstruction=0.1696
Epoch [3/400]
batch = 0 (Δ=0.249s, 100.00%)
Train Loss: output=0.1759, reconstruction=0.1694
Epoch [4/400]
batch = 0 (Δ=0.256s, 100.00%)
Train Loss: output=0.1758, reconstruction=0.1715
Epoch [5/400]
batch = 0 (Δ=0.251s, 100.00%)
Train Loss: output=0.1783, reconstruction=0.1744
Epoch [6/400]
batch = 0 (Δ=0.253s, 100.00%)
Train Loss: output=0.1766, reconstruction=0.2012
Epoch [7/400]
batch = 0 (Δ=0.257s, 100.00%)
Train Loss: output=0.1744, reconstruction=0.1788
Epoch [8/400]
batch = 0 (Δ=0.258s, 100.00%)
Train Loss: output=0.1748, reconstruction=0.4819
Epoch [9/400]
batch = 0 (Δ=0.253s, 100.00%)
Train Loss: output=0.1762, reconstruction=0.5527
Epoch [10/400]
batch = 0 (Δ=0.246s, 100.00%)
Train Loss: output=0.1758, reconstruction=0.1842
Epoch [11/400]
batch = 0 (Δ=0.245s, 100.00%)
Train Loss: output=0.1743, reconstruction=0.1843
Epoch [12/400]
batch = 0 (Δ=0.268s, 100.00%)
Train Loss: output=0.1739, reconstruction=0.1580
Epoch [13/400]
batch = 0 (Δ=0.174s, 100.00%)
Train Loss: output=0.1746, reconstruction=0.1813
Epoch [14/400]
batch = 0 (Δ=0.181s, 100.00%)
Train Loss: output=0.1750, reconstruction=0.1286
Epoch [15/400]
batch = 0 (Δ=0.178s, 100.00%)
Train Loss: output=0.1741, reconstruction=0.2503
Epoch [16/400]
batch = 0 (Δ=0.176s, 100.00%)
Train Loss: output=0.1730, reconstruction=0.1341
Epoch [17/400]
batch = 0 (Δ=0.174s, 100.00%)
Train Loss: output=0.1729, reconstruction=0.1809
Epoch [18/400]
batch = 0 (Δ=0.178s, 100.00%)
Train Loss: output=0.1733, reconstruction=0.1393
Epoch [19/400]
batch = 0 (Δ=0.183s, 100.00%)
Train Loss: output=0.1730, reconstruction=0.1414
Epoch [20/400]
batch = 0 (Δ=0.181s, 100.00%)
Train Loss: output=0.1722, reconstruction=0.1427
Epoch [21/400]
batch = 0 (Δ=0.179s, 100.00%)
Train Loss: output=0.1718, reconstruction=0.1430
Epoch [22/400]
batch = 0 (Δ=0.177s, 100.00%)
Train Loss: output=0.1720, reconstruction=0.1426
Epoch [23/400]
batch = 0 (Δ=0.182s, 100.00%)
Train Loss: output=0.1722, reconstruction=0.1415
Epoch [24/400]
batch = 0 (Δ=0.182s, 100.00%)
Train Loss: output=0.1717, reconstruction=0.1805
Epoch [25/400]
batch = 0 (Δ=0.175s, 100.00%)
Train Loss: output=0.1713, reconstruction=0.1374
Epoch [26/400]
batch = 0 (Δ=0.189s, 100.00%)
Train Loss: output=0.1714, reconstruction=0.1361
Epoch [27/400]
batch = 0 (Δ=0.187s, 100.00%)
Train Loss: output=0.1716, reconstruction=0.1832
Epoch [28/400]
batch = 0 (Δ=0.181s, 100.00%)
Train Loss: output=0.1714, reconstruction=0.1351
Epoch [29/400]
batch = 0 (Δ=0.275s, 100.00%)
Train Loss: output=0.1712, reconstruction=0.1356
Epoch [30/400]
batch = 0 (Δ=0.183s, 100.00%)
Train Loss: output=0.1711, reconstruction=0.1368
Epoch [31/400]
batch = 0 (Δ=0.184s, 100.00%)
Train Loss: output=0.1711, reconstruction=0.1863
Epoch [32/400]
batch = 0 (Δ=0.180s, 100.00%)
Train Loss: output=0.1708, reconstruction=0.1371
Epoch [33/400]
batch = 0 (Δ=0.185s, 100.00%)
Train Loss: output=0.1704, reconstruction=0.1357
Epoch [34/400]
batch = 0 (Δ=0.187s, 100.00%)
Train Loss: output=0.1702, reconstruction=0.1823
Epoch [35/400]
batch = 0 (Δ=0.190s, 100.00%)
Train Loss: output=0.1703, reconstruction=0.1330
Epoch [36/400]
batch = 0 (Δ=0.183s, 100.00%)
Train Loss: output=0.1703, reconstruction=0.1323
Epoch [37/400]
batch = 0 (Δ=0.178s, 100.00%)
Train Loss: output=0.1702, reconstruction=0.1321
Epoch [38/400]
batch = 0 (Δ=0.180s, 100.00%)
Train Loss: output=0.1702, reconstruction=0.1326
Epoch [39/400]
batch = 0 (Δ=0.181s, 100.00%)
Train Loss: output=0.1700, reconstruction=0.1335
Epoch [40/400]
batch = 0 (Δ=0.175s, 100.00%)
Train Loss: output=0.1694, reconstruction=0.1766
Epoch [41/400]
batch = 0 (Δ=0.178s, 100.00%)
Train Loss: output=0.1687, reconstruction=0.1337
Epoch [42/400]
batch = 0 (Δ=0.177s, 100.00%)
Train Loss: output=0.1685, reconstruction=0.1330
Epoch [43/400]
batch = 0 (Δ=0.180s, 100.00%)
Train Loss: output=0.1685, reconstruction=0.1326
Epoch [44/400]
batch = 0 (Δ=0.173s, 100.00%)
Train Loss: output=0.1687, reconstruction=0.1324
Epoch [45/400]
batch = 0 (Δ=0.176s, 100.00%)
Train Loss: output=0.1690, reconstruction=0.1737
Epoch [46/400]
batch = 0 (Δ=0.173s, 100.00%)
Train Loss: output=0.1691, reconstruction=0.1341
Epoch [47/400]
batch = 0 (Δ=0.172s, 100.00%)
Train Loss: output=0.1686, reconstruction=0.1358
Epoch [48/400]
batch = 0 (Δ=0.175s, 100.00%)
Train Loss: output=0.1679, reconstruction=0.1381
Epoch [49/400]
batch = 0 (Δ=0.176s, 100.00%)
Train Loss: output=0.1676, reconstruction=0.1402
Epoch [50/400]
batch = 0 (Δ=0.179s, 100.00%)
Train Loss: output=0.1673, reconstruction=0.1417
Epoch [51/400]
batch = 0 (Δ=0.177s, 100.00%)
Train Loss: output=0.1681, reconstruction=0.1429
Epoch [52/400]
batch = 0 (Δ=0.181s, 100.00%)
Train Loss: output=0.1691, reconstruction=0.1444
Epoch [53/400]
batch = 0 (Δ=0.180s, 100.00%)
Train Loss: output=0.1689, reconstruction=0.1466
Epoch [54/400]
batch = 0 (Δ=0.175s, 100.00%)
Train Loss: output=0.1678, reconstruction=0.1495
Epoch [55/400]
batch = 0 (Δ=0.177s, 100.00%)
Train Loss: output=0.1671, reconstruction=0.2037
Epoch [56/400]
batch = 0 (Δ=0.180s, 100.00%)
Train Loss: output=0.1671, reconstruction=0.1867
Epoch [57/400]
batch = 0 (Δ=0.175s, 100.00%)
Train Loss: output=0.1680, reconstruction=0.1952
Epoch [58/400]
batch = 0 (Δ=0.178s, 100.00%)
Train Loss: output=0.1689, reconstruction=0.1604
Epoch [59/400]
batch = 0 (Δ=0.178s, 100.00%)
Train Loss: output=0.1686, reconstruction=0.1638
Epoch [60/400]
batch = 0 (Δ=0.180s, 100.00%)
Train Loss: output=0.1678, reconstruction=0.1670
Epoch [61/400]
batch = 0 (Δ=0.179s, 100.00%)
Train Loss: output=0.1675, reconstruction=0.1700
Epoch [62/400]
batch = 0 (Δ=0.177s, 100.00%)
Train Loss: output=0.1676, reconstruction=0.1907
Epoch [63/400]
batch = 0 (Δ=0.178s, 100.00%)
Train Loss: output=0.1682, reconstruction=0.1772
Epoch [64/400]
batch = 0 (Δ=0.178s, 100.00%)
Train Loss: output=0.1685, reconstruction=0.1811
Epoch [65/400]
batch = 0 (Δ=0.176s, 100.00%)
Train Loss: output=0.1681, reconstruction=0.1843
Epoch [66/400]
batch = 0 (Δ=0.178s, 100.00%)
Train Loss: output=0.1678, reconstruction=0.1869
Epoch [67/400]
batch = 0 (Δ=0.180s, 100.00%)
Train Loss: output=0.1677, reconstruction=0.1899
Epoch [68/400]
batch = 0 (Δ=0.184s, 100.00%)
Train Loss: output=0.1678, reconstruction=0.1942
Epoch [69/400]
batch = 0 (Δ=0.185s, 100.00%)
Train Loss: output=0.1680, reconstruction=0.2113
Epoch [70/400]
batch = 0 (Δ=0.183s, 100.00%)
Train Loss: output=0.1677, reconstruction=0.2047
Epoch [71/400]
batch = 0 (Δ=0.182s, 100.00%)
Train Loss: output=0.1670, reconstruction=0.2091
Epoch [72/400]
batch = 0 (Δ=0.182s, 100.00%)
Train Loss: output=0.1669, reconstruction=0.2465
Epoch [73/400]
batch = 0 (Δ=0.180s, 100.00%)
Train Loss: output=0.1668, reconstruction=0.2139
Epoch [74/400]
batch = 0 (Δ=0.181s, 100.00%)
Train Loss: output=0.1676, reconstruction=0.2265
Epoch [75/400]
batch = 0 (Δ=0.179s, 100.00%)
Train Loss: output=0.1683, reconstruction=0.2215
Epoch [76/400]
batch = 0 (Δ=0.178s, 100.00%)
Train Loss: output=0.1681, reconstruction=0.2487
Epoch [77/400]
batch = 0 (Δ=0.185s, 100.00%)
Train Loss: output=0.1672, reconstruction=0.2281
Epoch [78/400]
batch = 0 (Δ=0.177s, 100.00%)
Train Loss: output=0.1667, reconstruction=0.2614
Epoch [79/400]
batch = 0 (Δ=0.178s, 100.00%)
Train Loss: output=0.1670, reconstruction=0.2345
Epoch [80/400]
batch = 0 (Δ=0.180s, 100.00%)
Train Loss: output=0.1676, reconstruction=0.2385
Epoch [81/400]
batch = 0 (Δ=0.178s, 100.00%)
Train Loss: output=0.1679, reconstruction=0.2500
Epoch [82/400]
batch = 0 (Δ=0.178s, 100.00%)
Train Loss: output=0.1674, reconstruction=0.2750
Epoch [83/400]
batch = 0 (Δ=0.177s, 100.00%)
Train Loss: output=0.1671, reconstruction=0.2735
Epoch [84/400]
batch = 0 (Δ=0.180s, 100.00%)
Train Loss: output=0.1674, reconstruction=0.2668
Epoch [85/400]
batch = 0 (Δ=0.182s, 100.00%)
Train Loss: output=0.1680, reconstruction=0.2569
Epoch [86/400]
batch = 0 (Δ=0.176s, 100.00%)
Train Loss: output=0.1685, reconstruction=0.2614
Epoch [87/400]
batch = 0 (Δ=0.180s, 100.00%)
Train Loss: output=0.1682, reconstruction=0.2708
Epoch [88/400]
batch = 0 (Δ=0.178s, 100.00%)
Train Loss: output=0.1676, reconstruction=0.2735
Epoch [89/400]
batch = 0 (Δ=0.176s, 100.00%)
Train Loss: output=0.1675, reconstruction=0.2702
Epoch [90/400]
batch = 0 (Δ=0.179s, 100.00%)
Train Loss: output=0.1678, reconstruction=0.2745
Epoch [91/400]
batch = 0 (Δ=0.179s, 100.00%)
Train Loss: output=0.1683, reconstruction=0.2792
Epoch [92/400]
batch = 0 (Δ=0.180s, 100.00%)
Train Loss: output=0.1678, reconstruction=0.2830
Epoch [93/400]
batch = 0 (Δ=0.179s, 100.00%)
Train Loss: output=0.1666, reconstruction=0.2855
Epoch [94/400]
batch = 0 (Δ=0.186s, 100.00%)
Train Loss: output=0.1663, reconstruction=0.3059
Epoch [95/400]
batch = 0 (Δ=0.274s, 100.00%)
Train Loss: output=0.1671, reconstruction=0.2941
Epoch [96/400]
batch = 0 (Δ=0.180s, 100.00%)
Train Loss: output=0.1683, reconstruction=0.2929
Epoch [97/400]
batch = 0 (Δ=0.179s, 100.00%)
Train Loss: output=0.1681, reconstruction=0.2970
Epoch [98/400]
batch = 0 (Δ=0.190s, 100.00%)
Train Loss: output=0.1670, reconstruction=0.2940
Epoch [99/400]
batch = 0 (Δ=0.178s, 100.00%)
Train Loss: output=0.1669, reconstruction=0.2944
Epoch [100/400]
batch = 0 (Δ=0.181s, 100.00%)
Train Loss: output=0.1679, reconstruction=0.3090
Epoch [101/400]
batch = 0 (Δ=0.180s, 100.00%)
Train Loss: output=0.1695, reconstruction=0.3008
Epoch [102/400]
batch = 0 (Δ=0.174s, 100.00%)
Train Loss: output=0.1695, reconstruction=0.3016
Epoch [103/400]
batch = 0 (Δ=0.176s, 100.00%)
Train Loss: output=0.1683, reconstruction=0.2992
Epoch [104/400]
batch = 0 (Δ=0.173s, 100.00%)
Train Loss: output=0.1676, reconstruction=0.3149
Epoch [105/400]
batch = 0 (Δ=0.177s, 100.00%)
Train Loss: output=0.1684, reconstruction=0.3054
Epoch [106/400]
batch = 0 (Δ=0.178s, 100.00%)
Train Loss: output=0.1698, reconstruction=0.3096
Epoch [107/400]
batch = 0 (Δ=0.179s, 100.00%)
Train Loss: output=0.2065, reconstruction=0.3059
Epoch [108/400]
batch = 0 (Δ=0.195s, 100.00%)
Train Loss: output=0.1921, reconstruction=0.3047
Epoch [109/400]
batch = 0 (Δ=0.182s, 100.00%)
Train Loss: output=0.1942, reconstruction=0.2864
Epoch [110/400]
batch = 0 (Δ=0.178s, 100.00%)
Train Loss: output=0.1963, reconstruction=0.2683
Epoch [111/400]
batch = 0 (Δ=0.182s, 100.00%)
Train Loss: output=0.1846, reconstruction=0.2579
Epoch [112/400]
batch = 0 (Δ=0.187s, 100.00%)
Train Loss: output=0.1772, reconstruction=0.2554
Epoch [113/400]
batch = 0 (Δ=0.185s, 100.00%)
Train Loss: output=0.1830, reconstruction=0.2560
Epoch [114/400]
batch = 0 (Δ=0.183s, 100.00%)
Train Loss: output=0.1849, reconstruction=0.2532
Epoch [115/400]
batch = 0 (Δ=0.185s, 100.00%)
Train Loss: output=0.1782, reconstruction=0.2444
Epoch [116/400]
batch = 0 (Δ=0.185s, 100.00%)
Train Loss: output=0.1756, reconstruction=0.2327
Epoch [117/400]
batch = 0 (Δ=0.188s, 100.00%)
Train Loss: output=0.1810, reconstruction=0.2227
Epoch [118/400]
batch = 0 (Δ=0.183s, 100.00%)
Train Loss: output=0.1829, reconstruction=0.2174
Epoch [119/400]
batch = 0 (Δ=0.188s, 100.00%)
Train Loss: output=0.1781, reconstruction=0.2174
Epoch [120/400]
batch = 0 (Δ=0.183s, 100.00%)
Train Loss: output=0.1753, reconstruction=0.2205
Epoch [121/400]
batch = 0 (Δ=0.184s, 100.00%)
Train Loss: output=0.1785, reconstruction=0.2241
Epoch [122/400]
batch = 0 (Δ=0.185s, 100.00%)
Train Loss: output=0.1810, reconstruction=0.2253
Epoch [123/400]
batch = 0 (Δ=0.182s, 100.00%)
Train Loss: output=0.1783, reconstruction=0.2230
Epoch [124/400]
batch = 0 (Δ=0.185s, 100.00%)
Train Loss: output=0.1754, reconstruction=0.2185
Epoch [125/400]
batch = 0 (Δ=0.182s, 100.00%)
Train Loss: output=0.1767, reconstruction=0.2139
Epoch [126/400]
batch = 0 (Δ=0.180s, 100.00%)
Train Loss: output=0.1791, reconstruction=0.2108
Epoch [127/400]
batch = 0 (Δ=0.180s, 100.00%)
Train Loss: output=0.1781, reconstruction=0.2099
Epoch [128/400]
batch = 0 (Δ=0.181s, 100.00%)
Train Loss: output=0.1757, reconstruction=0.2109
Epoch [129/400]
batch = 0 (Δ=0.181s, 100.00%)
Train Loss: output=0.1757, reconstruction=0.2131
Epoch [130/400]
batch = 0 (Δ=0.178s, 100.00%)
Train Loss: output=0.1776, reconstruction=0.2146
Epoch [131/400]
batch = 0 (Δ=0.180s, 100.00%)
Train Loss: output=0.1778, reconstruction=0.2143
Epoch [132/400]
batch = 0 (Δ=0.180s, 100.00%)
Train Loss: output=0.1759, reconstruction=0.2119
Epoch [133/400]
batch = 0 (Δ=0.178s, 100.00%)
Train Loss: output=0.1752, reconstruction=0.2084
Epoch [134/400]
batch = 0 (Δ=0.173s, 100.00%)
Train Loss: output=0.1764, reconstruction=0.2050
Epoch [135/400]
batch = 0 (Δ=0.178s, 100.00%)
Train Loss: output=0.1771, reconstruction=0.2026
Epoch [136/400]
batch = 0 (Δ=0.180s, 100.00%)
Train Loss: output=0.1761, reconstruction=0.2017
Epoch [137/400]
batch = 0 (Δ=0.181s, 100.00%)
Train Loss: output=0.1751, reconstruction=0.2022
Epoch [138/400]
batch = 0 (Δ=0.180s, 100.00%)
Train Loss: output=0.1756, reconstruction=0.2031
Epoch [139/400]
batch = 0 (Δ=0.178s, 100.00%)
Train Loss: output=0.1764, reconstruction=0.2033
Epoch [140/400]
batch = 0 (Δ=0.175s, 100.00%)
Train Loss: output=0.1760, reconstruction=0.2023
Epoch [141/400]
batch = 0 (Δ=0.176s, 100.00%)
Train Loss: output=0.1751, reconstruction=0.2003
Epoch [142/400]
batch = 0 (Δ=0.173s, 100.00%)
Train Loss: output=0.1752, reconstruction=0.1982
Epoch [143/400]
batch = 0 (Δ=0.176s, 100.00%)
Train Loss: output=0.1758, reconstruction=0.1968
Epoch [144/400]
batch = 0 (Δ=0.182s, 100.00%)
Train Loss: output=0.1757, reconstruction=0.1965
Epoch [145/400]
batch = 0 (Δ=0.179s, 100.00%)
Train Loss: output=0.1751, reconstruction=0.1972
Epoch [146/400]
batch = 0 (Δ=0.180s, 100.00%)
Train Loss: output=0.1750, reconstruction=0.1985
Epoch [147/400]
batch = 0 (Δ=0.182s, 100.00%)
Train Loss: output=0.1755, reconstruction=0.1997
Epoch [148/400]
batch = 0 (Δ=0.213s, 100.00%)
Train Loss: output=0.1755, reconstruction=0.2009
Epoch [149/400]
batch = 0 (Δ=0.250s, 100.00%)
Train Loss: output=0.1751, reconstruction=0.2302
Epoch [150/400]
batch = 0 (Δ=0.349s, 100.00%)
Train Loss: output=0.1749, reconstruction=0.3215
Epoch [151/400]
batch = 0 (Δ=0.257s, 100.00%)
Train Loss: output=0.1753, reconstruction=0.3280
Epoch [152/400]
batch = 0 (Δ=0.264s, 100.00%)
Train Loss: output=0.1753, reconstruction=0.2872
Epoch [153/400]
batch = 0 (Δ=0.258s, 100.00%)
Train Loss: output=0.1749, reconstruction=0.3283
Epoch [154/400]
batch = 0 (Δ=0.257s, 100.00%)
Train Loss: output=0.1749, reconstruction=0.3376
Epoch [155/400]
batch = 0 (Δ=0.247s, 100.00%)
Train Loss: output=0.1752, reconstruction=0.3259
Epoch [156/400]
batch = 0 (Δ=0.259s, 100.00%)
Train Loss: output=0.1752, reconstruction=0.2509
Epoch [157/400]
batch = 0 (Δ=0.252s, 100.00%)
Train Loss: output=0.1748, reconstruction=0.2520
Epoch [158/400]
batch = 0 (Δ=0.268s, 100.00%)
Train Loss: output=0.1749, reconstruction=0.3100
Epoch [159/400]
batch = 0 (Δ=0.258s, 100.00%)
Train Loss: output=0.1751, reconstruction=0.2723
Epoch [160/400]
batch = 0 (Δ=0.264s, 100.00%)
Train Loss: output=0.1750, reconstruction=0.2816
Epoch [161/400]
batch = 0 (Δ=0.261s, 100.00%)
Train Loss: output=0.1748, reconstruction=0.3378
Epoch [162/400]
batch = 0 (Δ=0.257s, 100.00%)
Train Loss: output=0.1748, reconstruction=0.3554
Epoch [163/400]
batch = 0 (Δ=0.263s, 100.00%)
Train Loss: output=0.1750, reconstruction=0.2759
Epoch [164/400]
batch = 0 (Δ=0.258s, 100.00%)
Train Loss: output=0.1749, reconstruction=0.3382
Epoch [165/400]
batch = 0 (Δ=0.260s, 100.00%)
Train Loss: output=0.1747, reconstruction=0.3121
Epoch [166/400]
batch = 0 (Δ=0.263s, 100.00%)
Train Loss: output=0.1748, reconstruction=0.2745
Epoch [167/400]
batch = 0 (Δ=0.257s, 100.00%)
Train Loss: output=0.1749, reconstruction=0.2712
Epoch [168/400]
batch = 0 (Δ=0.260s, 100.00%)
Train Loss: output=0.1748, reconstruction=0.3025
Epoch [169/400]
batch = 0 (Δ=0.268s, 100.00%)
Train Loss: output=0.1747, reconstruction=0.3537
Epoch [170/400]
batch = 0 (Δ=0.262s, 100.00%)
Train Loss: output=0.1748, reconstruction=0.3548
Epoch [171/400]
batch = 0 (Δ=0.267s, 100.00%)
Train Loss: output=0.1748, reconstruction=0.3550
Epoch [172/400]
batch = 0 (Δ=0.261s, 100.00%)
Train Loss: output=0.1747, reconstruction=0.3540
Epoch [173/400]
batch = 0 (Δ=0.352s, 100.00%)
Train Loss: output=0.1747, reconstruction=0.3243
Epoch [174/400]
batch = 0 (Δ=0.248s, 100.00%)
Train Loss: output=0.1748, reconstruction=0.3057
Epoch [175/400]
batch = 0 (Δ=0.259s, 100.00%)
Train Loss: output=0.1747, reconstruction=0.2804
Epoch [176/400]
batch = 0 (Δ=0.278s, 100.00%)
Train Loss: output=0.1746, reconstruction=0.3534
Epoch [177/400]
batch = 0 (Δ=0.250s, 100.00%)
Train Loss: output=0.1747, reconstruction=0.2849
Epoch [178/400]
batch = 0 (Δ=0.273s, 100.00%)
Train Loss: output=0.1747, reconstruction=0.3371
Epoch [179/400]
batch = 0 (Δ=0.269s, 100.00%)
Train Loss: output=0.1746, reconstruction=0.2508
Epoch [180/400]
batch = 0 (Δ=0.264s, 100.00%)
Train Loss: output=0.1746, reconstruction=0.3547
Epoch [181/400]
batch = 0 (Δ=0.280s, 100.00%)
Train Loss: output=0.1747, reconstruction=0.3352
Epoch [182/400]
batch = 0 (Δ=0.278s, 100.00%)
Train Loss: output=0.1747, reconstruction=0.2696
Epoch [183/400]
batch = 0 (Δ=0.271s, 100.00%)
Train Loss: output=0.1746, reconstruction=0.2843
Epoch [184/400]
batch = 0 (Δ=0.266s, 100.00%)
Train Loss: output=0.1746, reconstruction=0.3146
Epoch [185/400]
batch = 0 (Δ=0.271s, 100.00%)
Train Loss: output=0.1746, reconstruction=0.2687
Epoch [186/400]
batch = 0 (Δ=0.265s, 100.00%)
Train Loss: output=0.1746, reconstruction=0.3554
Epoch [187/400]
batch = 0 (Δ=0.262s, 100.00%)
Train Loss: output=0.1747, reconstruction=0.3545
Epoch [188/400]
batch = 0 (Δ=0.266s, 100.00%)
Train Loss: output=0.1748, reconstruction=0.3542
Epoch [189/400]
batch = 0 (Δ=0.256s, 100.00%)
Train Loss: output=0.1747, reconstruction=0.3548
Epoch [190/400]
batch = 0 (Δ=0.268s, 100.00%)
Train Loss: output=0.1747, reconstruction=0.2997
Epoch [191/400]
batch = 0 (Δ=0.261s, 100.00%)
Train Loss: output=0.1746, reconstruction=0.3355
Epoch [192/400]
batch = 0 (Δ=0.253s, 100.00%)
Train Loss: output=0.1747, reconstruction=0.3579
Epoch [193/400]
batch = 0 (Δ=0.268s, 100.00%)
Train Loss: output=0.1747, reconstruction=0.3574
Epoch [194/400]
batch = 0 (Δ=0.264s, 100.00%)
Train Loss: output=0.1748, reconstruction=0.2727
Epoch [195/400]
batch = 0 (Δ=0.257s, 100.00%)
Train Loss: output=0.1749, reconstruction=0.3562
Epoch [196/400]
batch = 0 (Δ=0.366s, 100.00%)
Train Loss: output=0.1748, reconstruction=0.3564
Epoch [197/400]
batch = 0 (Δ=0.255s, 100.00%)
Train Loss: output=0.1748, reconstruction=0.3571
Epoch [198/400]
batch = 0 (Δ=0.255s, 100.00%)
Train Loss: output=0.1748, reconstruction=0.3579
Epoch [199/400]
batch = 0 (Δ=0.252s, 100.00%)
Train Loss: output=0.1748, reconstruction=0.3580
Epoch [200/400]
batch = 0 (Δ=0.252s, 100.00%)
Train Loss: output=0.1748, reconstruction=0.3047
Epoch [201/400]
batch = 0 (Δ=0.260s, 100.00%)
Train Loss: output=0.1748, reconstruction=0.3070
Epoch [202/400]
batch = 0 (Δ=0.258s, 100.00%)
Train Loss: output=0.1748, reconstruction=0.3265
Epoch [203/400]
batch = 0 (Δ=0.256s, 100.00%)
Train Loss: output=0.1747, reconstruction=0.3581
Epoch [204/400]
batch = 0 (Δ=0.252s, 100.00%)
Train Loss: output=0.1747, reconstruction=0.3587
Epoch [205/400]
batch = 0 (Δ=0.264s, 100.00%)
Train Loss: output=0.1747, reconstruction=0.3591
Epoch [206/400]
batch = 0 (Δ=0.261s, 100.00%)
Train Loss: output=0.1747, reconstruction=0.2720
Epoch [207/400]
batch = 0 (Δ=0.263s, 100.00%)
Train Loss: output=0.1748, reconstruction=0.3017
Epoch [208/400]
batch = 0 (Δ=0.265s, 100.00%)
Train Loss: output=0.1748, reconstruction=0.2918
Epoch [209/400]
batch = 0 (Δ=0.261s, 100.00%)
Train Loss: output=0.1748, reconstruction=0.2718
Epoch [210/400]
batch = 0 (Δ=0.272s, 100.00%)
Train Loss: output=0.1747, reconstruction=0.2915
Epoch [211/400]
batch = 0 (Δ=0.258s, 100.00%)
Train Loss: output=0.1746, reconstruction=0.2893
Epoch [212/400]
batch = 0 (Δ=0.259s, 100.00%)
Train Loss: output=0.1746, reconstruction=0.1938
Epoch [213/400]
batch = 0 (Δ=0.186s, 100.00%)
Train Loss: output=0.1747, reconstruction=0.1936
Epoch [214/400]
batch = 0 (Δ=0.182s, 100.00%)
Train Loss: output=0.1747, reconstruction=0.1924
Epoch [215/400]
batch = 0 (Δ=0.182s, 100.00%)
Train Loss: output=0.1747, reconstruction=0.2203
Epoch [216/400]
batch = 0 (Δ=0.176s, 100.00%)
Train Loss: output=0.1750, reconstruction=0.2441
Epoch [217/400]
batch = 0 (Δ=0.176s, 100.00%)
Train Loss: output=0.1750, reconstruction=0.1981
Epoch [218/400]
batch = 0 (Δ=0.186s, 100.00%)
Train Loss: output=0.1750, reconstruction=0.2297
Epoch [219/400]
batch = 0 (Δ=0.185s, 100.00%)
Train Loss: output=0.1750, reconstruction=0.2017
Epoch [220/400]
batch = 0 (Δ=0.178s, 100.00%)
Train Loss: output=0.1750, reconstruction=0.2023
Epoch [221/400]
batch = 0 (Δ=0.182s, 100.00%)
Train Loss: output=0.1750, reconstruction=0.2024
Epoch [222/400]
batch = 0 (Δ=0.185s, 100.00%)
Train Loss: output=0.1750, reconstruction=0.2023
Epoch [223/400]
batch = 0 (Δ=0.181s, 100.00%)
Train Loss: output=0.1750, reconstruction=0.2507
Epoch [224/400]
batch = 0 (Δ=0.188s, 100.00%)
Train Loss: output=0.1750, reconstruction=0.2264
Epoch [225/400]
batch = 0 (Δ=0.193s, 100.00%)
Train Loss: output=0.1750, reconstruction=0.2558
Epoch [226/400]
batch = 0 (Δ=0.200s, 100.00%)
Train Loss: output=0.1750, reconstruction=0.2021
Epoch [227/400]
batch = 0 (Δ=0.185s, 100.00%)
Train Loss: output=0.1750, reconstruction=0.2312
Epoch [228/400]
batch = 0 (Δ=0.299s, 100.00%)
Train Loss: output=0.1750, reconstruction=0.2014
Epoch [229/400]
batch = 0 (Δ=0.181s, 100.00%)
Train Loss: output=0.1750, reconstruction=0.2012
Epoch [230/400]
batch = 0 (Δ=0.181s, 100.00%)
Train Loss: output=0.1750, reconstruction=0.2011
Epoch [231/400]
batch = 0 (Δ=0.182s, 100.00%)
Train Loss: output=0.1750, reconstruction=0.2011
Epoch [232/400]
batch = 0 (Δ=0.185s, 100.00%)
Train Loss: output=0.1750, reconstruction=0.2496
Epoch [233/400]
batch = 0 (Δ=0.179s, 100.00%)
Train Loss: output=0.1750, reconstruction=0.2894
Epoch [234/400]
batch = 0 (Δ=0.182s, 100.00%)
Train Loss: output=0.1750, reconstruction=0.2305
Epoch [235/400]
batch = 0 (Δ=0.190s, 100.00%)
Train Loss: output=0.1750, reconstruction=0.2303
Epoch [236/400]
batch = 0 (Δ=0.188s, 100.00%)
Train Loss: output=0.1750, reconstruction=0.2546
Epoch [237/400]
batch = 0 (Δ=0.188s, 100.00%)
Train Loss: output=0.1750, reconstruction=0.2255
Epoch [238/400]
batch = 0 (Δ=0.193s, 100.00%)
Train Loss: output=0.1750, reconstruction=0.2793
Epoch [239/400]
batch = 0 (Δ=0.188s, 100.00%)
Train Loss: output=0.1750, reconstruction=0.2256
Epoch [240/400]
batch = 0 (Δ=0.179s, 100.00%)
Train Loss: output=0.1750, reconstruction=0.2304
Epoch [241/400]
batch = 0 (Δ=0.180s, 100.00%)
Train Loss: output=0.1750, reconstruction=0.2543
Epoch [242/400]
batch = 0 (Δ=0.182s, 100.00%)
Train Loss: output=0.1750, reconstruction=0.2245
Epoch [243/400]
batch = 0 (Δ=0.185s, 100.00%)
Train Loss: output=0.1750, reconstruction=0.3021
Epoch [244/400]
batch = 0 (Δ=0.190s, 100.00%)
Train Loss: output=0.1750, reconstruction=0.1999
Epoch [245/400]
batch = 0 (Δ=0.190s, 100.00%)
Train Loss: output=0.1750, reconstruction=0.2534
Epoch [246/400]
batch = 0 (Δ=0.182s, 100.00%)
Train Loss: output=0.1750, reconstruction=0.2823
Epoch [247/400]
batch = 0 (Δ=0.186s, 100.00%)
Train Loss: output=0.1750, reconstruction=0.1989
Epoch [248/400]
batch = 0 (Δ=0.186s, 100.00%)
Train Loss: output=0.1750, reconstruction=0.2231
Epoch [249/400]
batch = 0 (Δ=0.192s, 100.00%)
Train Loss: output=0.1750, reconstruction=0.1990
Epoch [250/400]
batch = 0 (Δ=0.184s, 100.00%)
Train Loss: output=0.1750, reconstruction=0.2529
Epoch [251/400]
batch = 0 (Δ=0.185s, 100.00%)
Train Loss: output=0.1750, reconstruction=0.2288
Epoch [252/400]
batch = 0 (Δ=0.189s, 100.00%)
Train Loss: output=0.1750, reconstruction=0.2236
Epoch [253/400]
batch = 0 (Δ=0.183s, 100.00%)
Train Loss: output=0.1750, reconstruction=0.2581
Epoch [254/400]
batch = 0 (Δ=0.183s, 100.00%)
Train Loss: output=0.1750, reconstruction=0.1993
Epoch [255/400]
batch = 0 (Δ=0.185s, 100.00%)
Train Loss: output=0.1749, reconstruction=0.2286
Epoch [256/400]
batch = 0 (Δ=0.181s, 100.00%)
Train Loss: output=0.1748, reconstruction=0.2529
Epoch [257/400]
batch = 0 (Δ=0.184s, 100.00%)
Train Loss: output=0.1748, reconstruction=0.2285
Epoch [258/400]
batch = 0 (Δ=0.181s, 100.00%)
Train Loss: output=0.1748, reconstruction=0.2283
Epoch [259/400]
batch = 0 (Δ=0.180s, 100.00%)
Train Loss: output=0.1748, reconstruction=0.2229
Epoch [260/400]
batch = 0 (Δ=0.181s, 100.00%)
Train Loss: output=0.1747, reconstruction=0.2226
Epoch [261/400]
batch = 0 (Δ=0.181s, 100.00%)
Train Loss: output=0.1747, reconstruction=0.2276
Epoch [262/400]
batch = 0 (Δ=0.183s, 100.00%)
Train Loss: output=0.1746, reconstruction=0.2465
Epoch [263/400]
batch = 0 (Δ=0.192s, 100.00%)
Train Loss: output=0.1746, reconstruction=0.2222
Epoch [264/400]
batch = 0 (Δ=0.181s, 100.00%)
Train Loss: output=0.1747, reconstruction=0.2708
Epoch [265/400]
batch = 0 (Δ=0.181s, 100.00%)
Train Loss: output=0.1747, reconstruction=0.2521
Epoch [266/400]
batch = 0 (Δ=0.181s, 100.00%)
Train Loss: output=0.1746, reconstruction=0.1980
Epoch [267/400]
batch = 0 (Δ=0.182s, 100.00%)
Train Loss: output=0.1746, reconstruction=0.2516
Epoch [268/400]
batch = 0 (Δ=0.181s, 100.00%)
Train Loss: output=0.1745, reconstruction=0.2515
Epoch [269/400]
batch = 0 (Δ=0.180s, 100.00%)
Train Loss: output=0.1745, reconstruction=0.2520
Epoch [270/400]
batch = 0 (Δ=0.177s, 100.00%)
Train Loss: output=0.1745, reconstruction=0.2275
Epoch [271/400]
batch = 0 (Δ=0.187s, 100.00%)
Train Loss: output=0.1745, reconstruction=0.1983
Epoch [272/400]
batch = 0 (Δ=0.183s, 100.00%)
Train Loss: output=0.1745, reconstruction=0.2276
Epoch [273/400]
batch = 0 (Δ=0.182s, 100.00%)
Train Loss: output=0.1745, reconstruction=0.2279
Epoch [274/400]
batch = 0 (Δ=0.182s, 100.00%)
Train Loss: output=0.1744, reconstruction=0.2459
Epoch [275/400]
batch = 0 (Δ=0.179s, 100.00%)
Train Loss: output=0.1744, reconstruction=0.2212
Epoch [276/400]
batch = 0 (Δ=0.186s, 100.00%)
Train Loss: output=0.1744, reconstruction=0.1967
Epoch [277/400]
batch = 0 (Δ=0.182s, 100.00%)
Train Loss: output=0.1744, reconstruction=0.1966
Epoch [278/400]
batch = 0 (Δ=0.180s, 100.00%)
Train Loss: output=0.1745, reconstruction=0.2259
Epoch [279/400]
batch = 0 (Δ=0.184s, 100.00%)
Train Loss: output=0.1745, reconstruction=0.2801
Epoch [280/400]
batch = 0 (Δ=0.178s, 100.00%)
Train Loss: output=0.1745, reconstruction=0.2209
Epoch [281/400]
batch = 0 (Δ=0.179s, 100.00%)
Train Loss: output=0.1744, reconstruction=0.2501
Epoch [282/400]
batch = 0 (Δ=0.184s, 100.00%)
Train Loss: output=0.1744, reconstruction=0.2258
Epoch [283/400]
batch = 0 (Δ=0.289s, 100.00%)
Train Loss: output=0.1744, reconstruction=0.2449
Epoch [284/400]
batch = 0 (Δ=0.180s, 100.00%)
Train Loss: output=0.1744, reconstruction=0.2264
Epoch [285/400]
batch = 0 (Δ=0.182s, 100.00%)
Train Loss: output=0.1744, reconstruction=0.1963
Epoch [286/400]
batch = 0 (Δ=0.183s, 100.00%)
Train Loss: output=0.1743, reconstruction=0.1959
Epoch [287/400]
batch = 0 (Δ=0.179s, 100.00%)
Train Loss: output=0.1743, reconstruction=0.2250
Epoch [288/400]
batch = 0 (Δ=0.181s, 100.00%)
Train Loss: output=0.1743, reconstruction=0.2544
Epoch [289/400]
batch = 0 (Δ=0.181s, 100.00%)
Train Loss: output=0.1743, reconstruction=0.2197
Epoch [290/400]
batch = 0 (Δ=0.182s, 100.00%)
Train Loss: output=0.1743, reconstruction=0.1955
Epoch [291/400]
batch = 0 (Δ=0.174s, 100.00%)
Train Loss: output=0.1743, reconstruction=0.2439
Epoch [292/400]
batch = 0 (Δ=0.176s, 100.00%)
Train Loss: output=0.1743, reconstruction=0.2553
Epoch [293/400]
batch = 0 (Δ=0.176s, 100.00%)
Train Loss: output=0.1743, reconstruction=0.2501
Epoch [294/400]
batch = 0 (Δ=0.183s, 100.00%)
Train Loss: output=0.1743, reconstruction=0.2499
Epoch [295/400]
batch = 0 (Δ=0.180s, 100.00%)
Train Loss: output=0.1743, reconstruction=0.1951
Epoch [296/400]
batch = 0 (Δ=0.181s, 100.00%)
Train Loss: output=0.1742, reconstruction=0.2547
Epoch [297/400]
batch = 0 (Δ=0.177s, 100.00%)
Train Loss: output=0.1742, reconstruction=0.1942
Epoch [298/400]
batch = 0 (Δ=0.177s, 100.00%)
Train Loss: output=0.1742, reconstruction=0.2183
Epoch [299/400]
batch = 0 (Δ=0.179s, 100.00%)
Train Loss: output=0.1742, reconstruction=0.1939
Epoch [300/400]
batch = 0 (Δ=0.176s, 100.00%)
Train Loss: output=0.1744, reconstruction=0.2178
Epoch [301/400]
batch = 0 (Δ=0.178s, 100.00%)
Train Loss: output=0.1744, reconstruction=0.1933
Epoch [302/400]
batch = 0 (Δ=0.177s, 100.00%)
Train Loss: output=0.1742, reconstruction=0.1933
Epoch [303/400]
batch = 0 (Δ=0.193s, 100.00%)
Train Loss: output=0.1742, reconstruction=0.2418
Epoch [304/400]
batch = 0 (Δ=0.185s, 100.00%)
Train Loss: output=0.1744, reconstruction=0.2473
Epoch [305/400]
batch = 0 (Δ=0.180s, 100.00%)
Train Loss: output=0.1746, reconstruction=0.1941
Epoch [306/400]
batch = 0 (Δ=0.182s, 100.00%)
Train Loss: output=0.1745, reconstruction=0.1944
Epoch [307/400]
batch = 0 (Δ=0.176s, 100.00%)
Train Loss: output=0.1743, reconstruction=0.2772
Epoch [308/400]
batch = 0 (Δ=0.185s, 100.00%)
Train Loss: output=0.1742, reconstruction=0.1940
Epoch [309/400]
batch = 0 (Δ=0.183s, 100.00%)
Train Loss: output=0.1742, reconstruction=0.1938
Epoch [310/400]
batch = 0 (Δ=0.197s, 100.00%)
Train Loss: output=0.1742, reconstruction=0.1935
Epoch [311/400]
batch = 0 (Δ=0.182s, 100.00%)
Train Loss: output=0.1742, reconstruction=0.1931
Epoch [312/400]
batch = 0 (Δ=0.178s, 100.00%)
Train Loss: output=0.1742, reconstruction=0.2223
Epoch [313/400]
batch = 0 (Δ=0.175s, 100.00%)
Train Loss: output=0.1742, reconstruction=0.2825
Epoch [314/400]
batch = 0 (Δ=0.179s, 100.00%)
Train Loss: output=0.1741, reconstruction=0.2467
Epoch [315/400]
batch = 0 (Δ=0.181s, 100.00%)
Train Loss: output=0.1741, reconstruction=0.1930
Epoch [316/400]
batch = 0 (Δ=0.182s, 100.00%)
Train Loss: output=0.1742, reconstruction=0.2470
Epoch [317/400]
batch = 0 (Δ=0.197s, 100.00%)
Train Loss: output=0.1742, reconstruction=0.2413
Epoch [318/400]
batch = 0 (Δ=0.181s, 100.00%)
Train Loss: output=0.1741, reconstruction=0.2709
Epoch [319/400]
batch = 0 (Δ=0.179s, 100.00%)
Train Loss: output=0.1741, reconstruction=0.2223
Epoch [320/400]
batch = 0 (Δ=0.187s, 100.00%)
Train Loss: output=0.1742, reconstruction=0.1926
Epoch [321/400]
batch = 0 (Δ=0.187s, 100.00%)
Train Loss: output=0.1743, reconstruction=0.1922
Epoch [322/400]
batch = 0 (Δ=0.196s, 100.00%)
Train Loss: output=0.1743, reconstruction=0.2648
Epoch [323/400]
batch = 0 (Δ=0.180s, 100.00%)
Train Loss: output=0.1743, reconstruction=0.2223
Epoch [324/400]
batch = 0 (Δ=0.186s, 100.00%)
Train Loss: output=0.1742, reconstruction=0.2219
Epoch [325/400]
batch = 0 (Δ=0.206s, 100.00%)
Train Loss: output=0.1742, reconstruction=0.2460
Epoch [326/400]
batch = 0 (Δ=0.188s, 100.00%)
Train Loss: output=0.1744, reconstruction=0.1922
Epoch [327/400]
batch = 0 (Δ=0.188s, 100.00%)
Train Loss: output=0.1744, reconstruction=0.2162
Epoch [328/400]
batch = 0 (Δ=0.196s, 100.00%)
Train Loss: output=0.1743, reconstruction=0.1919
Epoch [329/400]
batch = 0 (Δ=0.186s, 100.00%)
Train Loss: output=0.1741, reconstruction=0.1921
Epoch [330/400]
batch = 0 (Δ=0.181s, 100.00%)
Train Loss: output=0.1740, reconstruction=0.2406
Epoch [331/400]
batch = 0 (Δ=0.185s, 100.00%)
Train Loss: output=0.1741, reconstruction=0.2215
Epoch [332/400]
batch = 0 (Δ=0.185s, 100.00%)
Train Loss: output=0.1742, reconstruction=0.2213
Epoch [333/400]
batch = 0 (Δ=0.187s, 100.00%)
Train Loss: output=0.1742, reconstruction=0.2454
Epoch [334/400]
batch = 0 (Δ=0.183s, 100.00%)
Train Loss: output=0.1741, reconstruction=0.2462
Epoch [335/400]
batch = 0 (Δ=0.188s, 100.00%)
Train Loss: output=0.1742, reconstruction=0.1921
Epoch [336/400]
batch = 0 (Δ=0.179s, 100.00%)
Train Loss: output=0.1743, reconstruction=0.2456
Epoch [337/400]
batch = 0 (Δ=0.184s, 100.00%)
Train Loss: output=0.1744, reconstruction=0.2211
Epoch [338/400]
batch = 0 (Δ=0.184s, 100.00%)
Train Loss: output=0.1745, reconstruction=0.2456
Epoch [339/400]
batch = 0 (Δ=0.185s, 100.00%)
Train Loss: output=0.1745, reconstruction=0.1921
Epoch [340/400]
batch = 0 (Δ=0.187s, 100.00%)
Train Loss: output=0.1745, reconstruction=0.2460
Epoch [341/400]
batch = 0 (Δ=0.186s, 100.00%)
Train Loss: output=0.1742, reconstruction=0.2223
Epoch [342/400]
batch = 0 (Δ=0.183s, 100.00%)
Train Loss: output=0.1740, reconstruction=0.1920
Epoch [343/400]
batch = 0 (Δ=0.181s, 100.00%)
Train Loss: output=0.1740, reconstruction=0.1916
Epoch [344/400]
batch = 0 (Δ=0.183s, 100.00%)
Train Loss: output=0.1740, reconstruction=0.2755
Epoch [345/400]
batch = 0 (Δ=0.183s, 100.00%)
Train Loss: output=0.1740, reconstruction=0.2156
Epoch [346/400]
batch = 0 (Δ=0.181s, 100.00%)
Train Loss: output=0.1741, reconstruction=0.2160
Epoch [347/400]
batch = 0 (Δ=0.177s, 100.00%)
Train Loss: output=0.1746, reconstruction=0.2458
Epoch [348/400]
batch = 0 (Δ=0.275s, 100.00%)
Train Loss: output=0.1750, reconstruction=0.2165
Epoch [349/400]
batch = 0 (Δ=0.188s, 100.00%)
Train Loss: output=0.1750, reconstruction=0.1922
Epoch [350/400]
batch = 0 (Δ=0.184s, 100.00%)
Train Loss: output=0.1750, reconstruction=0.1922
Epoch [351/400]
batch = 0 (Δ=0.178s, 100.00%)
Train Loss: output=0.1750, reconstruction=0.1927
Epoch [352/400]
batch = 0 (Δ=0.182s, 100.00%)
Train Loss: output=0.1750, reconstruction=0.2176
Epoch [353/400]
batch = 0 (Δ=0.180s, 100.00%)
Train Loss: output=0.1750, reconstruction=0.1938
Epoch [354/400]
batch = 0 (Δ=0.180s, 100.00%)
Train Loss: output=0.1750, reconstruction=0.2527
Epoch [355/400]
batch = 0 (Δ=0.188s, 100.00%)
Train Loss: output=0.1750, reconstruction=0.1939
Epoch [356/400]
batch = 0 (Δ=0.187s, 100.00%)
Train Loss: output=0.1750, reconstruction=0.2474
Epoch [357/400]
batch = 0 (Δ=0.183s, 100.00%)
Train Loss: output=0.1750, reconstruction=0.1935
Epoch [358/400]
batch = 0 (Δ=0.181s, 100.00%)
Train Loss: output=0.1750, reconstruction=0.2417
Epoch [359/400]
batch = 0 (Δ=0.181s, 100.00%)
Train Loss: output=0.1750, reconstruction=0.2229
Epoch [360/400]
batch = 0 (Δ=0.183s, 100.00%)
Train Loss: output=0.1750, reconstruction=0.2229
Epoch [361/400]
batch = 0 (Δ=0.185s, 100.00%)
Train Loss: output=0.1750, reconstruction=0.2468
Epoch [362/400]
batch = 0 (Δ=0.186s, 100.00%)
Train Loss: output=0.1750, reconstruction=0.1928
Epoch [363/400]
batch = 0 (Δ=0.185s, 100.00%)
Train Loss: output=0.1750, reconstruction=0.2462
Epoch [364/400]
batch = 0 (Δ=0.187s, 100.00%)
Train Loss: output=0.1750, reconstruction=0.2463
Epoch [365/400]
batch = 0 (Δ=0.186s, 100.00%)
Train Loss: output=0.1750, reconstruction=0.2174
Epoch [366/400]
batch = 0 (Δ=0.182s, 100.00%)
Train Loss: output=0.1750, reconstruction=0.2178
Epoch [367/400]
batch = 0 (Δ=0.181s, 100.00%)
Train Loss: output=0.1750, reconstruction=0.2179
Epoch [368/400]
batch = 0 (Δ=0.184s, 100.00%)
Train Loss: output=0.1750, reconstruction=0.2769
Epoch [369/400]
batch = 0 (Δ=0.184s, 100.00%)
Train Loss: output=0.1750, reconstruction=0.2474
Epoch [370/400]
batch = 0 (Δ=0.181s, 100.00%)
Train Loss: output=0.1750, reconstruction=0.2181
Epoch [371/400]
batch = 0 (Δ=0.184s, 100.00%)
Train Loss: output=0.1750, reconstruction=0.1939
Epoch [372/400]
batch = 0 (Δ=0.178s, 100.00%)
Train Loss: output=0.1750, reconstruction=0.2425
Epoch [373/400]
batch = 0 (Δ=0.180s, 100.00%)
Train Loss: output=0.1750, reconstruction=0.2238
Epoch [374/400]
batch = 0 (Δ=0.186s, 100.00%)
Train Loss: output=0.1750, reconstruction=0.2190
Epoch [375/400]
batch = 0 (Δ=0.184s, 100.00%)
Train Loss: output=0.1750, reconstruction=0.2193
Epoch [376/400]
batch = 0 (Δ=0.181s, 100.00%)
Train Loss: output=0.1750, reconstruction=0.2246
Epoch [377/400]
batch = 0 (Δ=0.183s, 100.00%)
Train Loss: output=0.1750, reconstruction=0.2541
Epoch [378/400]
batch = 0 (Δ=0.182s, 100.00%)
Train Loss: output=0.1750, reconstruction=0.1952
Epoch [379/400]
batch = 0 (Δ=0.185s, 100.00%)
Train Loss: output=0.1750, reconstruction=0.1954
Epoch [380/400]
batch = 0 (Δ=0.187s, 100.00%)
Train Loss: output=0.1750, reconstruction=0.1958
Epoch [381/400]
batch = 0 (Δ=0.182s, 100.00%)
Train Loss: output=0.1750, reconstruction=0.2498
Epoch [382/400]
batch = 0 (Δ=0.179s, 100.00%)
Train Loss: output=0.1750, reconstruction=0.1963
Epoch [383/400]
batch = 0 (Δ=0.185s, 100.00%)
Train Loss: output=0.1750, reconstruction=0.3085
Epoch [384/400]
batch = 0 (Δ=0.187s, 100.00%)
Train Loss: output=0.1750, reconstruction=0.2842
Epoch [385/400]
batch = 0 (Δ=0.194s, 100.00%)
Train Loss: output=0.1750, reconstruction=0.2496
Epoch [386/400]
batch = 0 (Δ=0.181s, 100.00%)
Train Loss: output=0.1750, reconstruction=0.2790
Epoch [387/400]
batch = 0 (Δ=0.184s, 100.00%)
Train Loss: output=0.1750, reconstruction=0.2254
Epoch [388/400]
batch = 0 (Δ=0.187s, 100.00%)
Train Loss: output=0.1750, reconstruction=0.1962
Epoch [389/400]
batch = 0 (Δ=0.188s, 100.00%)
Train Loss: output=0.1750, reconstruction=0.1965
Epoch [390/400]
batch = 0 (Δ=0.178s, 100.00%)
Train Loss: output=0.1750, reconstruction=0.2795
Epoch [391/400]
batch = 0 (Δ=0.188s, 100.00%)
Train Loss: output=0.1750, reconstruction=0.2552
Epoch [392/400]
batch = 0 (Δ=0.187s, 100.00%)
Train Loss: output=0.1750, reconstruction=0.3089
Epoch [393/400]
batch = 0 (Δ=0.181s, 100.00%)
Train Loss: output=0.1750, reconstruction=0.2553
Epoch [394/400]
batch = 0 (Δ=0.181s, 100.00%)
Train Loss: output=0.1750, reconstruction=0.2914
Epoch [395/400]
batch = 0 (Δ=0.180s, 100.00%)
Train Loss: output=0.1750, reconstruction=0.2966
Epoch [396/400]
batch = 0 (Δ=0.183s, 100.00%)
Train Loss: output=0.1750, reconstruction=0.2866
Epoch [397/400]
batch = 0 (Δ=0.185s, 100.00%)
Train Loss: output=0.1750, reconstruction=0.2870
Epoch [398/400]
batch = 0 (Δ=0.187s, 100.00%)
Train Loss: output=0.1750, reconstruction=0.2871
Epoch [399/400]
batch = 0 (Δ=0.185s, 100.00%)
Train Loss: output=0.1750, reconstruction=0.3001
Epoch [400/400]
batch = 0 (Δ=0.183s, 100.00%)
Train Loss: output=0.1750, reconstruction=0.2950
Final Stats:
=== Selected operation grammar ===
batch = 0 (Δ=0.214s, 100.00%)
=== Input Reconstruction (test) ===
  row[0] input='hello world' -> reconstructed='loving loving' label=0.0000 predicted=0.4999 MISMATCH
  row[1] input='hello there' -> reconstructed='' label=1.0000 predicted=0.4991 MISMATCH
  row[2] input='loving world' -> reconstructed='' label=1.0000 predicted=0.5004 MISMATCH
  row[3] input='loving there' -> reconstructed='' label=0.0000 predicted=0.4996 MISMATCH
=============================== warnings summary ===============================
test/test_explicit_dimensions.py::TestXorGrammarLearnsXor::test_xor_class_accuracy
  /Users/arogers/github/WikiOracle/basicmodel/output/item69-head/bin/Models.py:7649: RuntimeWarning: output_state_boundary [config /Users/arogers/github/WikiOracle/basicmodel/output/item69-head/data/XOR_grammar.xml]: supervised outputs with reconstruction and answerSynthesis=false use the direct head: output gradients train the whole input state; enable answerSynthesis for the concluded-idea state boundary
    warnings.warn(f"{site} [config {cfg}]: {detail}", RuntimeWarning)

test/test_explicit_dimensions.py::TestXorGrammarLearnsXor::test_xor_class_accuracy
  /Users/arogers/github/WikiOracle/basicmodel/.venv/lib/python3.12/site-packages/torch/utils/_device.py:122: UserWarning: Sparse invariant checks are implicitly disabled. Memory errors (e.g. SEGFAULT) will occur when operating on a sparse tensor which violates the invariants, but checks incur performance overhead. To silence this warning, explicitly opt in or out. See `torch.sparse.check_sparse_tensor_invariants.__doc__` for guidance.  (Triggered internally at /Users/runner/work/pytorch/pytorch/aten/src/ATen/Context.cpp:855.)
    return func(*args, **kwargs)

-- Docs: https://docs.pytest.org/en/stable/how-to/capture-warnings.html
=========================== short test summary info ============================
FAILED test/test_explicit_dimensions.py::TestXorGrammarLearnsXor::test_xor_class_accuracy
1 failed, 2 warnings in 82.81s (0:01:22)
