FF                                                                       [100%]
=================================== FAILURES ===================================
_______________ TestXorGrammarLearnsXor.test_xor_class_accuracy ________________

self = <test_explicit_dimensions.TestXorGrammarLearnsXor testMethod=test_xor_class_accuracy>

    @unittest.skipIf(not _RUN_SLOW, "slow (~60s end-to-end XOR_grammar train) -- set RUN_SLOW=1")
    def test_xor_class_accuracy(self):
        model = self.trained_xor_grammar
        # Read the answers saved by the final evaluation. Another forward
        # would advance the clock; rCorrect is an embedding-report placeholder.
        data = model.inputSpace.data
        answers = torch.stack(data.reconstructed_output).reshape(-1)
        targets = torch.stack(data.test_output).reshape(-1).to(answers)
        self.assertEqual(answers.numel(), 4)
        self.assertEqual(targets.numel(), 4)
        self.assertTrue(bool(torch.isfinite(answers).all()))
        correct = (answers > 0.5) == (targets > 0.5)
        mse = torch.mean((answers - targets).square()).item()
>       self.assertTrue(
            bool(correct.all()),
            f"XOR_grammar requires all four answers correct: {answers.tolist()}",
        )
E       AssertionError: False is not true : XOR_grammar requires all four answers correct: [0.49994224309921265, 0.499952495098114, 0.4999217987060547, 0.5000132918357849]

test/test_explicit_dimensions.py:252: AssertionError
---------------------------- Captured stdout setup -----------------------------
Device: cpu
Peer pipeline: static PS/WS stage bodies compiled separately; legacy compatibility scheduler remains outside fullgraph capture


==== BasicModel ====

Trial [1/1]
Baseline test pass skipped (--test not specified). Re-invoke train.py with --test to include baseline + post-epoch evaluation.
Epoch [1/400]
[AMP] off (fp32, MODEL_AMP unset or =off)
batch = 0 (warm-up, 100.00%)
Training throughput: 1 batches in 0.616s; word units 100.0% of 8 words (letters-only 100.0% of 8).
Train Loss: output=0.1720, reconstruction=8.3848
Epoch [2/400]
batch = 0 (Δ=0.246s, 100.00%)
Training throughput: 1 batches in 0.245s; word units 100.0% of 8 words (letters-only 100.0% of 8).
Train Loss: output=0.1638, reconstruction=12.1333
Epoch [3/400]
batch = 0 (Δ=0.243s, 100.00%)
Training throughput: 1 batches in 0.243s; word units 100.0% of 8 words (letters-only 100.0% of 8).
Train Loss: output=0.1567, reconstruction=9.0839
Epoch [4/400]
batch = 0 (Δ=0.246s, 100.00%)
Training throughput: 1 batches in 0.246s; word units 100.0% of 8 words (letters-only 100.0% of 8).
Train Loss: output=0.1426, reconstruction=10.8270
Epoch [5/400]
batch = 0 (Δ=0.255s, 100.00%)
Training throughput: 1 batches in 0.255s; word units 100.0% of 8 words (letters-only 100.0% of 8).
Train Loss: output=0.1440, reconstruction=20.7757
Epoch [6/400]
batch = 0 (Δ=0.255s, 100.00%)
Training throughput: 1 batches in 0.254s; word units 100.0% of 8 words (letters-only 100.0% of 8).
Train Loss: output=0.1234, reconstruction=13.6568
Epoch [7/400]
batch = 0 (Δ=0.253s, 100.00%)
Training throughput: 1 batches in 0.252s; word units 100.0% of 8 words (letters-only 100.0% of 8).
Train Loss: output=0.1328, reconstruction=24.3353
Epoch [8/400]
batch = 0 (Δ=0.254s, 100.00%)
Training throughput: 1 batches in 0.253s; word units 100.0% of 8 words (letters-only 100.0% of 8).
Train Loss: output=0.1283, reconstruction=25.3810
Epoch [9/400]
batch = 0 (Δ=0.242s, 100.00%)
Training throughput: 1 batches in 0.242s; word units 100.0% of 8 words (letters-only 100.0% of 8).
Train Loss: output=0.1240, reconstruction=25.8298
Epoch [10/400]
batch = 0 (Δ=0.246s, 100.00%)
Training throughput: 1 batches in 0.246s; word units 100.0% of 8 words (letters-only 100.0% of 8).
Train Loss: output=0.1199, reconstruction=25.6397
Epoch [11/400]
batch = 0 (Δ=0.254s, 100.00%)
Training throughput: 1 batches in 0.254s; word units 100.0% of 8 words (letters-only 100.0% of 8).
Train Loss: output=0.0925, reconstruction=16.2256
Epoch [12/400]
batch = 0 (Δ=0.248s, 100.00%)
Training throughput: 1 batches in 0.248s; word units 100.0% of 8 words (letters-only 100.0% of 8).
Train Loss: output=0.1105, reconstruction=23.3928
Epoch [13/400]
batch = 0 (Δ=0.243s, 100.00%)
Training throughput: 1 batches in 0.242s; word units 100.0% of 8 words (letters-only 100.0% of 8).
Train Loss: output=0.1072, reconstruction=21.4880
Epoch [14/400]
batch = 0 (Δ=0.396s, 100.00%)
Training throughput: 1 batches in 0.396s; word units 100.0% of 8 words (letters-only 100.0% of 8).
Train Loss: output=0.1037, reconstruction=19.0816
Epoch [15/400]
batch = 0 (Δ=0.245s, 100.00%)
Training throughput: 1 batches in 0.245s; word units 100.0% of 8 words (letters-only 100.0% of 8).
Train Loss: output=0.0705, reconstruction=12.0386
Epoch [16/400]
batch = 0 (Δ=0.257s, 100.00%)
Training throughput: 1 batches in 0.257s; word units 100.0% of 8 words (letters-only 100.0% of 8).
Train Loss: output=0.1533, reconstruction=10.2447
Epoch [17/400]
batch = 0 (Δ=0.258s, 100.00%)
Training throughput: 1 batches in 0.257s; word units 100.0% of 8 words (letters-only 100.0% of 8).
Train Loss: output=0.1394, reconstruction=8.3499
Epoch [18/400]
batch = 0 (Δ=0.255s, 100.00%)
Training throughput: 1 batches in 0.255s; word units 100.0% of 8 words (letters-only 100.0% of 8).
Train Loss: output=0.1817, reconstruction=8.8748
Epoch [19/400]
batch = 0 (Δ=0.250s, 100.00%)
Training throughput: 1 batches in 0.249s; word units 100.0% of 8 words (letters-only 100.0% of 8).
Train Loss: output=0.1766, reconstruction=7.1623
Epoch [20/400]
batch = 0 (Δ=0.249s, 100.00%)
Training throughput: 1 batches in 0.249s; word units 100.0% of 8 words (letters-only 100.0% of 8).
Train Loss: output=0.1713, reconstruction=5.7684
Epoch [21/400]
batch = 0 (Δ=0.244s, 100.00%)
Training throughput: 1 batches in 0.244s; word units 100.0% of 8 words (letters-only 100.0% of 8).
Train Loss: output=0.1631, reconstruction=4.7239
Epoch [22/400]
batch = 0 (Δ=0.246s, 100.00%)
Training throughput: 1 batches in 0.246s; word units 100.0% of 8 words (letters-only 100.0% of 8).
Train Loss: output=0.1139, reconstruction=1.7233
Epoch [23/400]
batch = 0 (Δ=0.249s, 100.00%)
Training throughput: 1 batches in 0.248s; word units 100.0% of 8 words (letters-only 100.0% of 8).
Train Loss: output=0.1615, reconstruction=3.9535
Epoch [24/400]
batch = 0 (Δ=0.247s, 100.00%)
Training throughput: 1 batches in 0.247s; word units 100.0% of 8 words (letters-only 100.0% of 8).
Train Loss: output=0.1029, reconstruction=0.9348
Epoch [25/400]
batch = 0 (Δ=0.246s, 100.00%)
Training throughput: 1 batches in 0.246s; word units 100.0% of 8 words (letters-only 100.0% of 8).
Train Loss: output=0.1631, reconstruction=3.4130
Epoch [26/400]
batch = 0 (Δ=0.249s, 100.00%)
Training throughput: 1 batches in 0.248s; word units 100.0% of 8 words (letters-only 100.0% of 8).
Train Loss: output=0.0909, reconstruction=0.5428
Epoch [27/400]
batch = 0 (Δ=0.247s, 100.00%)
Training throughput: 1 batches in 0.246s; word units 100.0% of 8 words (letters-only 100.0% of 8).
Train Loss: output=0.1688, reconstruction=2.9997
Epoch [28/400]
batch = 0 (Δ=0.255s, 100.00%)
Training throughput: 1 batches in 0.254s; word units 100.0% of 8 words (letters-only 100.0% of 8).
Train Loss: output=0.0843, reconstruction=0.6557
Epoch [29/400]
batch = 0 (Δ=0.253s, 100.00%)
Training throughput: 1 batches in 0.253s; word units 100.0% of 8 words (letters-only 100.0% of 8).
Train Loss: output=0.1729, reconstruction=2.4005
Epoch [30/400]
batch = 0 (Δ=0.257s, 100.00%)
Training throughput: 1 batches in 0.257s; word units 100.0% of 8 words (letters-only 100.0% of 8).
Train Loss: output=0.1700, reconstruction=1.9315
Epoch [31/400]
batch = 0 (Δ=0.247s, 100.00%)
Training throughput: 1 batches in 0.246s; word units 100.0% of 8 words (letters-only 100.0% of 8).
Train Loss: output=0.1692, reconstruction=1.5385
Epoch [32/400]
batch = 0 (Δ=0.240s, 100.00%)
Training throughput: 1 batches in 0.240s; word units 100.0% of 8 words (letters-only 100.0% of 8).
Train Loss: output=0.1652, reconstruction=1.3727
Epoch [33/400]
batch = 0 (Δ=0.243s, 100.00%)
Training throughput: 1 batches in 0.243s; word units 100.0% of 8 words (letters-only 100.0% of 8).
Train Loss: output=0.1634, reconstruction=1.2140
Epoch [34/400]
batch = 0 (Δ=0.244s, 100.00%)
Training throughput: 1 batches in 0.243s; word units 100.0% of 8 words (letters-only 100.0% of 8).
Train Loss: output=0.1634, reconstruction=0.9037
Epoch [35/400]
batch = 0 (Δ=0.240s, 100.00%)
Training throughput: 1 batches in 0.239s; word units 100.0% of 8 words (letters-only 100.0% of 8).
Train Loss: output=0.1632, reconstruction=0.5841
Epoch [36/400]
batch = 0 (Δ=0.248s, 100.00%)
Training throughput: 1 batches in 0.248s; word units 100.0% of 8 words (letters-only 100.0% of 8).
Train Loss: output=0.1651, reconstruction=0.5972
Epoch [37/400]
batch = 0 (Δ=0.250s, 100.00%)
Training throughput: 1 batches in 0.249s; word units 100.0% of 8 words (letters-only 100.0% of 8).
Train Loss: output=0.1661, reconstruction=0.7139
Epoch [38/400]
batch = 0 (Δ=0.246s, 100.00%)
Training throughput: 1 batches in 0.245s; word units 100.0% of 8 words (letters-only 100.0% of 8).
Train Loss: output=0.1680, reconstruction=0.6154
Epoch [39/400]
batch = 0 (Δ=0.245s, 100.00%)
Training throughput: 1 batches in 0.245s; word units 100.0% of 8 words (letters-only 100.0% of 8).
Train Loss: output=0.1693, reconstruction=0.4946
Epoch [40/400]
batch = 0 (Δ=0.249s, 100.00%)
Training throughput: 1 batches in 0.249s; word units 100.0% of 8 words (letters-only 100.0% of 8).
Train Loss: output=0.1701, reconstruction=0.5515
Epoch [41/400]
batch = 0 (Δ=0.254s, 100.00%)
Training throughput: 1 batches in 0.253s; word units 100.0% of 8 words (letters-only 100.0% of 8).
Train Loss: output=0.1707, reconstruction=0.6283
Epoch [42/400]
batch = 0 (Δ=0.251s, 100.00%)
Training throughput: 1 batches in 0.250s; word units 100.0% of 8 words (letters-only 100.0% of 8).
Train Loss: output=0.1705, reconstruction=0.5498
Epoch [43/400]
batch = 0 (Δ=0.244s, 100.00%)
Training throughput: 1 batches in 0.243s; word units 100.0% of 8 words (letters-only 100.0% of 8).
Train Loss: output=0.1706, reconstruction=0.3799
Epoch [44/400]
batch = 0 (Δ=0.242s, 100.00%)
Training throughput: 1 batches in 0.242s; word units 100.0% of 8 words (letters-only 100.0% of 8).
Train Loss: output=0.1704, reconstruction=0.4407
Epoch [45/400]
batch = 0 (Δ=0.244s, 100.00%)
Training throughput: 1 batches in 0.243s; word units 100.0% of 8 words (letters-only 100.0% of 8).
Train Loss: output=0.1706, reconstruction=0.5489
Epoch [46/400]
batch = 0 (Δ=0.243s, 100.00%)
Training throughput: 1 batches in 0.243s; word units 100.0% of 8 words (letters-only 100.0% of 8).
Train Loss: output=0.1708, reconstruction=0.4720
Epoch [47/400]
batch = 0 (Δ=0.248s, 100.00%)
Training throughput: 1 batches in 0.248s; word units 100.0% of 8 words (letters-only 100.0% of 8).
Train Loss: output=0.1713, reconstruction=0.3786
Epoch [48/400]
batch = 0 (Δ=0.255s, 100.00%)
Training throughput: 1 batches in 0.254s; word units 100.0% of 8 words (letters-only 100.0% of 8).
Train Loss: output=0.1718, reconstruction=0.4580
Epoch [49/400]
batch = 0 (Δ=0.417s, 100.00%)
Training throughput: 1 batches in 0.415s; word units 100.0% of 8 words (letters-only 100.0% of 8).
Train Loss: output=0.1724, reconstruction=0.5017
Epoch [50/400]
batch = 0 (Δ=0.248s, 100.00%)
Training throughput: 1 batches in 0.247s; word units 100.0% of 8 words (letters-only 100.0% of 8).
Train Loss: output=0.1729, reconstruction=0.3856
Epoch [51/400]
batch = 0 (Δ=0.248s, 100.00%)
Training throughput: 1 batches in 0.248s; word units 100.0% of 8 words (letters-only 100.0% of 8).
Train Loss: output=0.1733, reconstruction=0.3414
Epoch [52/400]
batch = 0 (Δ=0.252s, 100.00%)
Training throughput: 1 batches in 0.251s; word units 100.0% of 8 words (letters-only 100.0% of 8).
Train Loss: output=0.1737, reconstruction=0.4583
Epoch [53/400]
batch = 0 (Δ=0.249s, 100.00%)
Training throughput: 1 batches in 0.249s; word units 100.0% of 8 words (letters-only 100.0% of 8).
Train Loss: output=0.1740, reconstruction=0.4510
Epoch [54/400]
batch = 0 (Δ=0.249s, 100.00%)
Training throughput: 1 batches in 0.248s; word units 100.0% of 8 words (letters-only 100.0% of 8).
Train Loss: output=0.1743, reconstruction=0.3431
Epoch [55/400]
batch = 0 (Δ=0.243s, 100.00%)
Training throughput: 1 batches in 0.242s; word units 100.0% of 8 words (letters-only 100.0% of 8).
Train Loss: output=0.1744, reconstruction=0.3814
Epoch [56/400]
batch = 0 (Δ=0.242s, 100.00%)
Training throughput: 1 batches in 0.241s; word units 100.0% of 8 words (letters-only 100.0% of 8).
Train Loss: output=0.1745, reconstruction=0.4593
Epoch [57/400]
batch = 0 (Δ=0.250s, 100.00%)
Training throughput: 1 batches in 0.251s; word units 100.0% of 8 words (letters-only 100.0% of 8).
Train Loss: output=0.1745, reconstruction=0.3907
Epoch [58/400]
batch = 0 (Δ=0.255s, 100.00%)
Training throughput: 1 batches in 0.254s; word units 100.0% of 8 words (letters-only 100.0% of 8).
Train Loss: output=0.1744, reconstruction=0.3224
Epoch [59/400]
batch = 0 (Δ=0.256s, 100.00%)
Training throughput: 1 batches in 0.255s; word units 100.0% of 8 words (letters-only 100.0% of 8).
Train Loss: output=0.1743, reconstruction=0.4165
Epoch [60/400]
batch = 0 (Δ=0.251s, 100.00%)
Training throughput: 1 batches in 0.251s; word units 100.0% of 8 words (letters-only 100.0% of 8).
Train Loss: output=0.1743, reconstruction=0.4397
Epoch [61/400]
batch = 0 (Δ=0.246s, 100.00%)
Training throughput: 1 batches in 0.246s; word units 100.0% of 8 words (letters-only 100.0% of 8).
Train Loss: output=0.1744, reconstruction=0.3442
Epoch [62/400]
batch = 0 (Δ=0.244s, 100.00%)
Training throughput: 1 batches in 0.243s; word units 100.0% of 8 words (letters-only 100.0% of 8).
Train Loss: output=0.1746, reconstruction=0.3537
Epoch [63/400]
batch = 0 (Δ=0.243s, 100.00%)
Training throughput: 1 batches in 0.243s; word units 100.0% of 8 words (letters-only 100.0% of 8).
Train Loss: output=0.1748, reconstruction=0.4376
Epoch [64/400]
batch = 0 (Δ=0.243s, 100.00%)
Training throughput: 1 batches in 0.243s; word units 100.0% of 8 words (letters-only 100.0% of 8).
Train Loss: output=0.1749, reconstruction=0.3924
Epoch [65/400]
batch = 0 (Δ=0.245s, 100.00%)
Training throughput: 1 batches in 0.245s; word units 100.0% of 8 words (letters-only 100.0% of 8).
Train Loss: output=0.1750, reconstruction=0.3207
Epoch [66/400]
batch = 0 (Δ=0.247s, 100.00%)
Training throughput: 1 batches in 0.247s; word units 100.0% of 8 words (letters-only 100.0% of 8).
Train Loss: output=0.1750, reconstruction=0.3963
Epoch [67/400]
batch = 0 (Δ=0.251s, 100.00%)
Training throughput: 1 batches in 0.251s; word units 100.0% of 8 words (letters-only 100.0% of 8).
Train Loss: output=0.1751, reconstruction=0.4285
Epoch [68/400]
batch = 0 (Δ=0.251s, 100.00%)
Training throughput: 1 batches in 0.250s; word units 100.0% of 8 words (letters-only 100.0% of 8).
Train Loss: output=0.1751, reconstruction=0.3437
Epoch [69/400]
batch = 0 (Δ=0.248s, 100.00%)
Training throughput: 1 batches in 0.248s; word units 100.0% of 8 words (letters-only 100.0% of 8).
Train Loss: output=0.1751, reconstruction=0.3438
Epoch [70/400]
batch = 0 (Δ=0.244s, 100.00%)
Training throughput: 1 batches in 0.244s; word units 100.0% of 8 words (letters-only 100.0% of 8).
Train Loss: output=0.1751, reconstruction=0.4236
Epoch [71/400]
batch = 0 (Δ=0.249s, 100.00%)
Training throughput: 1 batches in 0.249s; word units 100.0% of 8 words (letters-only 100.0% of 8).
Train Loss: output=0.1750, reconstruction=0.3885
Epoch [72/400]
batch = 0 (Δ=0.257s, 100.00%)
Training throughput: 1 batches in 0.257s; word units 100.0% of 8 words (letters-only 100.0% of 8).
Train Loss: output=0.1750, reconstruction=0.3201
Epoch [73/400]
batch = 0 (Δ=0.251s, 100.00%)
Training throughput: 1 batches in 0.250s; word units 100.0% of 8 words (letters-only 100.0% of 8).
Train Loss: output=0.1749, reconstruction=0.3855
Epoch [74/400]
batch = 0 (Δ=0.247s, 100.00%)
Training throughput: 1 batches in 0.246s; word units 100.0% of 8 words (letters-only 100.0% of 8).
Train Loss: output=0.1749, reconstruction=0.4185
Epoch [75/400]
batch = 0 (Δ=0.240s, 100.00%)
Training throughput: 1 batches in 0.240s; word units 100.0% of 8 words (letters-only 100.0% of 8).
Train Loss: output=0.1750, reconstruction=0.3420
Epoch [76/400]
batch = 0 (Δ=0.387s, 100.00%)
Training throughput: 1 batches in 0.387s; word units 100.0% of 8 words (letters-only 100.0% of 8).
Train Loss: output=0.1750, reconstruction=0.3397
Epoch [77/400]
batch = 0 (Δ=0.248s, 100.00%)
Training throughput: 1 batches in 0.248s; word units 100.0% of 8 words (letters-only 100.0% of 8).
Train Loss: output=0.1751, reconstruction=0.4140
Epoch [78/400]
batch = 0 (Δ=0.256s, 100.00%)
Training throughput: 1 batches in 0.256s; word units 100.0% of 8 words (letters-only 100.0% of 8).
Train Loss: output=0.1751, reconstruction=0.3828
Epoch [79/400]
batch = 0 (Δ=0.255s, 100.00%)
Training throughput: 1 batches in 0.255s; word units 100.0% of 8 words (letters-only 100.0% of 8).
Train Loss: output=0.1751, reconstruction=0.3200
Epoch [80/400]
batch = 0 (Δ=0.249s, 100.00%)
Training throughput: 1 batches in 0.249s; word units 100.0% of 8 words (letters-only 100.0% of 8).
Train Loss: output=0.1751, reconstruction=0.3798
Epoch [81/400]
batch = 0 (Δ=0.248s, 100.00%)
Training throughput: 1 batches in 0.247s; word units 100.0% of 8 words (letters-only 100.0% of 8).
Train Loss: output=0.1751, reconstruction=0.4098
Epoch [82/400]
batch = 0 (Δ=0.250s, 100.00%)
Training throughput: 1 batches in 0.249s; word units 100.0% of 8 words (letters-only 100.0% of 8).
Train Loss: output=0.1751, reconstruction=0.3388
Epoch [83/400]
batch = 0 (Δ=0.248s, 100.00%)
Training throughput: 1 batches in 0.248s; word units 100.0% of 8 words (letters-only 100.0% of 8).
Train Loss: output=0.1751, reconstruction=0.3391
Epoch [84/400]
batch = 0 (Δ=0.248s, 100.00%)
Training throughput: 1 batches in 0.248s; word units 100.0% of 8 words (letters-only 100.0% of 8).
Train Loss: output=0.1751, reconstruction=0.4073
Epoch [85/400]
batch = 0 (Δ=0.248s, 100.00%)
Training throughput: 1 batches in 0.247s; word units 100.0% of 8 words (letters-only 100.0% of 8).
Train Loss: output=0.1751, reconstruction=0.3760
Epoch [86/400]
batch = 0 (Δ=0.245s, 100.00%)
Training throughput: 1 batches in 0.244s; word units 100.0% of 8 words (letters-only 100.0% of 8).
Train Loss: output=0.1750, reconstruction=0.3198
Epoch [87/400]
batch = 0 (Δ=0.243s, 100.00%)
Training throughput: 1 batches in 0.243s; word units 100.0% of 8 words (letters-only 100.0% of 8).
Train Loss: output=0.1750, reconstruction=0.3774
Epoch [88/400]
batch = 0 (Δ=0.244s, 100.00%)
Training throughput: 1 batches in 0.244s; word units 100.0% of 8 words (letters-only 100.0% of 8).
Train Loss: output=0.1750, reconstruction=0.4020
Epoch [89/400]
batch = 0 (Δ=0.255s, 100.00%)
Training throughput: 1 batches in 0.254s; word units 100.0% of 8 words (letters-only 100.0% of 8).
Train Loss: output=0.1750, reconstruction=0.3350
Epoch [90/400]
batch = 0 (Δ=0.256s, 100.00%)
Training throughput: 1 batches in 0.256s; word units 100.0% of 8 words (letters-only 100.0% of 8).
Train Loss: output=0.1751, reconstruction=0.3402
Epoch [91/400]
batch = 0 (Δ=0.255s, 100.00%)
Training throughput: 1 batches in 0.254s; word units 100.0% of 8 words (letters-only 100.0% of 8).
Train Loss: output=0.1751, reconstruction=0.4022
Epoch [92/400]
batch = 0 (Δ=0.249s, 100.00%)
Training throughput: 1 batches in 0.249s; word units 100.0% of 8 words (letters-only 100.0% of 8).
Train Loss: output=0.1751, reconstruction=0.3687
Epoch [93/400]
batch = 0 (Δ=0.248s, 100.00%)
Training throughput: 1 batches in 0.246s; word units 100.0% of 8 words (letters-only 100.0% of 8).
Train Loss: output=0.1751, reconstruction=0.3200
Epoch [94/400]
batch = 0 (Δ=0.244s, 100.00%)
Training throughput: 1 batches in 0.243s; word units 100.0% of 8 words (letters-only 100.0% of 8).
Train Loss: output=0.1750, reconstruction=0.3766
Epoch [95/400]
batch = 0 (Δ=0.247s, 100.00%)
Training throughput: 1 batches in 0.246s; word units 100.0% of 8 words (letters-only 100.0% of 8).
Train Loss: output=0.1750, reconstruction=0.3945
Epoch [96/400]
batch = 0 (Δ=0.247s, 100.00%)
Training throughput: 1 batches in 0.246s; word units 100.0% of 8 words (letters-only 100.0% of 8).
Train Loss: output=0.1750, reconstruction=0.3309
Epoch [97/400]
batch = 0 (Δ=0.247s, 100.00%)
Training throughput: 1 batches in 0.246s; word units 100.0% of 8 words (letters-only 100.0% of 8).
Train Loss: output=0.1751, reconstruction=0.3424
Epoch [98/400]
batch = 0 (Δ=0.243s, 100.00%)
Training throughput: 1 batches in 0.243s; word units 100.0% of 8 words (letters-only 100.0% of 8).
Train Loss: output=0.1751, reconstruction=0.3980
Epoch [99/400]
batch = 0 (Δ=0.247s, 100.00%)
Training throughput: 1 batches in 0.246s; word units 100.0% of 8 words (letters-only 100.0% of 8).
Train Loss: output=0.1750, reconstruction=0.3612
Epoch [100/400]
batch = 0 (Δ=0.246s, 100.00%)
Training throughput: 1 batches in 0.246s; word units 100.0% of 8 words (letters-only 100.0% of 8).
Train Loss: output=0.1750, reconstruction=0.3208
Epoch [101/400]
batch = 0 (Δ=0.256s, 100.00%)
Training throughput: 1 batches in 0.256s; word units 100.0% of 8 words (letters-only 100.0% of 8).
Train Loss: output=0.1750, reconstruction=0.3770
Epoch [102/400]
batch = 0 (Δ=0.248s, 100.00%)
Training throughput: 1 batches in 0.247s; word units 100.0% of 8 words (letters-only 100.0% of 8).
Train Loss: output=0.1750, reconstruction=0.3872
Epoch [103/400]
batch = 0 (Δ=0.256s, 100.00%)
Training throughput: 1 batches in 0.255s; word units 100.0% of 8 words (letters-only 100.0% of 8).
Train Loss: output=0.1750, reconstruction=0.3270
Epoch [104/400]
batch = 0 (Δ=0.404s, 100.00%)
Training throughput: 1 batches in 0.403s; word units 100.0% of 8 words (letters-only 100.0% of 8).
Train Loss: output=0.1751, reconstruction=0.3455
Epoch [105/400]
batch = 0 (Δ=0.245s, 100.00%)
Training throughput: 1 batches in 0.244s; word units 100.0% of 8 words (letters-only 100.0% of 8).
Train Loss: output=0.1751, reconstruction=0.3941
Epoch [106/400]
batch = 0 (Δ=0.243s, 100.00%)
Training throughput: 1 batches in 0.242s; word units 100.0% of 8 words (letters-only 100.0% of 8).
Train Loss: output=0.1751, reconstruction=0.3537
Epoch [107/400]
batch = 0 (Δ=0.247s, 100.00%)
Training throughput: 1 batches in 0.246s; word units 100.0% of 8 words (letters-only 100.0% of 8).
Train Loss: output=0.1750, reconstruction=0.3223
Epoch [108/400]
batch = 0 (Δ=0.244s, 100.00%)
Training throughput: 1 batches in 0.243s; word units 100.0% of 8 words (letters-only 100.0% of 8).
Train Loss: output=0.1750, reconstruction=0.3778
Epoch [109/400]
batch = 0 (Δ=0.247s, 100.00%)
Training throughput: 1 batches in 0.247s; word units 100.0% of 8 words (letters-only 100.0% of 8).
Train Loss: output=0.1750, reconstruction=0.3797
Epoch [110/400]
batch = 0 (Δ=0.248s, 100.00%)
Training throughput: 1 batches in 0.248s; word units 100.0% of 8 words (letters-only 100.0% of 8).
Train Loss: output=0.1750, reconstruction=0.3237
Epoch [111/400]
batch = 0 (Δ=0.242s, 100.00%)
Training throughput: 1 batches in 0.241s; word units 100.0% of 8 words (letters-only 100.0% of 8).
Train Loss: output=0.1750, reconstruction=0.3491
Epoch [112/400]
batch = 0 (Δ=0.248s, 100.00%)
Training throughput: 1 batches in 0.248s; word units 100.0% of 8 words (letters-only 100.0% of 8).
Train Loss: output=0.1751, reconstruction=0.3901
Epoch [113/400]
batch = 0 (Δ=0.256s, 100.00%)
Training throughput: 1 batches in 0.256s; word units 100.0% of 8 words (letters-only 100.0% of 8).
Train Loss: output=0.1750, reconstruction=0.3464
Epoch [114/400]
batch = 0 (Δ=0.253s, 100.00%)
Training throughput: 1 batches in 0.252s; word units 100.0% of 8 words (letters-only 100.0% of 8).
Train Loss: output=0.1750, reconstruction=0.3247
Epoch [115/400]
batch = 0 (Δ=0.251s, 100.00%)
Training throughput: 1 batches in 0.250s; word units 100.0% of 8 words (letters-only 100.0% of 8).
Train Loss: output=0.1750, reconstruction=0.3787
Epoch [116/400]
batch = 0 (Δ=0.243s, 100.00%)
Training throughput: 1 batches in 0.243s; word units 100.0% of 8 words (letters-only 100.0% of 8).
Train Loss: output=0.1750, reconstruction=0.3721
Epoch [117/400]
batch = 0 (Δ=0.241s, 100.00%)
Training throughput: 1 batches in 0.240s; word units 100.0% of 8 words (letters-only 100.0% of 8).
Train Loss: output=0.1750, reconstruction=0.3213
Epoch [118/400]
batch = 0 (Δ=0.239s, 100.00%)
Training throughput: 1 batches in 0.239s; word units 100.0% of 8 words (letters-only 100.0% of 8).
Train Loss: output=0.1750, reconstruction=0.3532
Epoch [119/400]
batch = 0 (Δ=0.247s, 100.00%)
Training throughput: 1 batches in 0.246s; word units 100.0% of 8 words (letters-only 100.0% of 8).
Train Loss: output=0.1751, reconstruction=0.3857
Epoch [120/400]
batch = 0 (Δ=0.253s, 100.00%)
Training throughput: 1 batches in 0.252s; word units 100.0% of 8 words (letters-only 100.0% of 8).
Train Loss: output=0.1750, reconstruction=0.3394
Epoch [121/400]
batch = 0 (Δ=0.257s, 100.00%)
Training throughput: 1 batches in 0.257s; word units 100.0% of 8 words (letters-only 100.0% of 8).
Train Loss: output=0.1750, reconstruction=0.3280
Epoch [122/400]
batch = 0 (Δ=0.247s, 100.00%)
Training throughput: 1 batches in 0.246s; word units 100.0% of 8 words (letters-only 100.0% of 8).
Train Loss: output=0.1750, reconstruction=0.3792
Epoch [123/400]
batch = 0 (Δ=0.249s, 100.00%)
Training throughput: 1 batches in 0.249s; word units 100.0% of 8 words (letters-only 100.0% of 8).
Train Loss: output=0.1750, reconstruction=0.3643
Epoch [124/400]
batch = 0 (Δ=0.250s, 100.00%)
Training throughput: 1 batches in 0.250s; word units 100.0% of 8 words (letters-only 100.0% of 8).
Train Loss: output=0.1750, reconstruction=0.3199
Epoch [125/400]
batch = 0 (Δ=0.243s, 100.00%)
Training throughput: 1 batches in 0.243s; word units 100.0% of 8 words (letters-only 100.0% of 8).
Train Loss: output=0.1750, reconstruction=0.3573
Epoch [126/400]
batch = 0 (Δ=0.241s, 100.00%)
Training throughput: 1 batches in 0.241s; word units 100.0% of 8 words (letters-only 100.0% of 8).
Train Loss: output=0.1751, reconstruction=0.3808
Epoch [127/400]
batch = 0 (Δ=0.244s, 100.00%)
Training throughput: 1 batches in 0.244s; word units 100.0% of 8 words (letters-only 100.0% of 8).
Train Loss: output=0.1750, reconstruction=0.3332
Epoch [128/400]
batch = 0 (Δ=0.246s, 100.00%)
Training throughput: 1 batches in 0.246s; word units 100.0% of 8 words (letters-only 100.0% of 8).
Train Loss: output=0.1750, reconstruction=0.3320
Epoch [129/400]
batch = 0 (Δ=0.248s, 100.00%)
Training throughput: 1 batches in 0.247s; word units 100.0% of 8 words (letters-only 100.0% of 8).
Train Loss: output=0.1750, reconstruction=0.3791
Epoch [130/400]
batch = 0 (Δ=0.247s, 100.00%)
Training throughput: 1 batches in 0.247s; word units 100.0% of 8 words (letters-only 100.0% of 8).
Train Loss: output=0.1750, reconstruction=0.3565
Epoch [131/400]
batch = 0 (Δ=0.245s, 100.00%)
Training throughput: 1 batches in 0.244s; word units 100.0% of 8 words (letters-only 100.0% of 8).
Train Loss: output=0.1750, reconstruction=0.3199
Epoch [132/400]
batch = 0 (Δ=0.246s, 100.00%)
Training throughput: 1 batches in 0.245s; word units 100.0% of 8 words (letters-only 100.0% of 8).
Train Loss: output=0.1750, reconstruction=0.3612
Epoch [133/400]
batch = 0 (Δ=0.252s, 100.00%)
Training throughput: 1 batches in 0.252s; word units 100.0% of 8 words (letters-only 100.0% of 8).
Train Loss: output=0.1750, reconstruction=0.3752
Epoch [134/400]
batch = 0 (Δ=0.439s, 100.00%)
Training throughput: 1 batches in 0.439s; word units 100.0% of 8 words (letters-only 100.0% of 8).
Train Loss: output=0.1750, reconstruction=0.3278
Epoch [135/400]
batch = 0 (Δ=0.252s, 100.00%)
Training throughput: 1 batches in 0.251s; word units 100.0% of 8 words (letters-only 100.0% of 8).
Train Loss: output=0.1750, reconstruction=0.3367
Epoch [136/400]
batch = 0 (Δ=0.245s, 100.00%)
Training throughput: 1 batches in 0.244s; word units 100.0% of 8 words (letters-only 100.0% of 8).
Train Loss: output=0.1750, reconstruction=0.3781
Epoch [137/400]
batch = 0 (Δ=0.241s, 100.00%)
Training throughput: 1 batches in 0.240s; word units 100.0% of 8 words (letters-only 100.0% of 8).
Train Loss: output=0.1750, reconstruction=0.3487
Epoch [138/400]
batch = 0 (Δ=0.247s, 100.00%)
Training throughput: 1 batches in 0.247s; word units 100.0% of 8 words (letters-only 100.0% of 8).
Train Loss: output=0.1750, reconstruction=0.3211
Epoch [139/400]
batch = 0 (Δ=0.246s, 100.00%)
Training throughput: 1 batches in 0.246s; word units 100.0% of 8 words (letters-only 100.0% of 8).
Train Loss: output=0.1750, reconstruction=0.3646
Epoch [140/400]
batch = 0 (Δ=0.254s, 100.00%)
Training throughput: 1 batches in 0.254s; word units 100.0% of 8 words (letters-only 100.0% of 8).
Train Loss: output=0.1750, reconstruction=0.3689
Epoch [141/400]
batch = 0 (Δ=0.250s, 100.00%)
Training throughput: 1 batches in 0.249s; word units 100.0% of 8 words (letters-only 100.0% of 8).
Train Loss: output=0.1750, reconstruction=0.3237
Epoch [142/400]
batch = 0 (Δ=0.250s, 100.00%)
Training throughput: 1 batches in 0.249s; word units 100.0% of 8 words (letters-only 100.0% of 8).
Train Loss: output=0.1750, reconstruction=0.3418
Epoch [143/400]
batch = 0 (Δ=0.250s, 100.00%)
Training throughput: 1 batches in 0.249s; word units 100.0% of 8 words (letters-only 100.0% of 8).
Train Loss: output=0.1750, reconstruction=0.3761
Epoch [144/400]
batch = 0 (Δ=0.247s, 100.00%)
Training throughput: 1 batches in 0.247s; word units 100.0% of 8 words (letters-only 100.0% of 8).
Train Loss: output=0.1750, reconstruction=0.3413
Epoch [145/400]
batch = 0 (Δ=0.250s, 100.00%)
Training throughput: 1 batches in 0.249s; word units 100.0% of 8 words (letters-only 100.0% of 8).
Train Loss: output=0.1750, reconstruction=0.3236
Epoch [146/400]
batch = 0 (Δ=0.245s, 100.00%)
Training throughput: 1 batches in 0.244s; word units 100.0% of 8 words (letters-only 100.0% of 8).
Train Loss: output=0.1750, reconstruction=0.3673
Epoch [147/400]
batch = 0 (Δ=0.249s, 100.00%)
Training throughput: 1 batches in 0.248s; word units 100.0% of 8 words (letters-only 100.0% of 8).
Train Loss: output=0.1750, reconstruction=0.3621
Epoch [148/400]
batch = 0 (Δ=0.239s, 100.00%)
Training throughput: 1 batches in 0.239s; word units 100.0% of 8 words (letters-only 100.0% of 8).
Train Loss: output=0.1750, reconstruction=0.3209
Epoch [149/400]
batch = 0 (Δ=0.243s, 100.00%)
Training throughput: 1 batches in 0.242s; word units 100.0% of 8 words (letters-only 100.0% of 8).
Train Loss: output=0.1750, reconstruction=0.3470
Epoch [150/400]
batch = 0 (Δ=0.245s, 100.00%)
Training throughput: 1 batches in 0.244s; word units 100.0% of 8 words (letters-only 100.0% of 8).
Train Loss: output=0.1750, reconstruction=0.3731
Epoch [151/400]
batch = 0 (Δ=0.254s, 100.00%)
Training throughput: 1 batches in 0.254s; word units 100.0% of 8 words (letters-only 100.0% of 8).
Train Loss: output=0.1750, reconstruction=0.3346
Epoch [152/400]
batch = 0 (Δ=0.256s, 100.00%)
Training throughput: 1 batches in 0.255s; word units 100.0% of 8 words (letters-only 100.0% of 8).
Train Loss: output=0.1750, reconstruction=0.3273
Epoch [153/400]
batch = 0 (Δ=0.255s, 100.00%)
Training throughput: 1 batches in 0.254s; word units 100.0% of 8 words (letters-only 100.0% of 8).
Train Loss: output=0.1750, reconstruction=0.3691
Epoch [154/400]
batch = 0 (Δ=0.249s, 100.00%)
Training throughput: 1 batches in 0.249s; word units 100.0% of 8 words (letters-only 100.0% of 8).
Train Loss: output=0.1750, reconstruction=0.3549
Epoch [155/400]
batch = 0 (Δ=0.253s, 100.00%)
Training throughput: 1 batches in 0.252s; word units 100.0% of 8 words (letters-only 100.0% of 8).
Train Loss: output=0.1750, reconstruction=0.3198
Epoch [156/400]
batch = 0 (Δ=0.244s, 100.00%)
Training throughput: 1 batches in 0.243s; word units 100.0% of 8 words (letters-only 100.0% of 8).
Train Loss: output=0.1750, reconstruction=0.3519
Epoch [157/400]
batch = 0 (Δ=0.246s, 100.00%)
Training throughput: 1 batches in 0.246s; word units 100.0% of 8 words (letters-only 100.0% of 8).
Train Loss: output=0.1750, reconstruction=0.3689
Epoch [158/400]
batch = 0 (Δ=0.249s, 100.00%)
Training throughput: 1 batches in 0.249s; word units 100.0% of 8 words (letters-only 100.0% of 8).
Train Loss: output=0.1750, reconstruction=0.3288
Epoch [159/400]
batch = 0 (Δ=0.249s, 100.00%)
Training throughput: 1 batches in 0.249s; word units 100.0% of 8 words (letters-only 100.0% of 8).
Train Loss: output=0.1750, reconstruction=0.3319
Epoch [160/400]
batch = 0 (Δ=0.242s, 100.00%)
Training throughput: 1 batches in 0.241s; word units 100.0% of 8 words (letters-only 100.0% of 8).
Train Loss: output=0.1750, reconstruction=0.3696
Epoch [161/400]
batch = 0 (Δ=0.247s, 100.00%)
Training throughput: 1 batches in 0.247s; word units 100.0% of 8 words (letters-only 100.0% of 8).
Train Loss: output=0.1750, reconstruction=0.3475
Epoch [162/400]
batch = 0 (Δ=0.418s, 100.00%)
Training throughput: 1 batches in 0.418s; word units 100.0% of 8 words (letters-only 100.0% of 8).
Train Loss: output=0.1750, reconstruction=0.3202
Epoch [163/400]
batch = 0 (Δ=0.255s, 100.00%)
Training throughput: 1 batches in 0.253s; word units 100.0% of 8 words (letters-only 100.0% of 8).
Train Loss: output=0.1750, reconstruction=0.3563
Epoch [164/400]
batch = 0 (Δ=0.251s, 100.00%)
Training throughput: 1 batches in 0.251s; word units 100.0% of 8 words (letters-only 100.0% of 8).
Train Loss: output=0.1750, reconstruction=0.3637
Epoch [165/400]
batch = 0 (Δ=0.254s, 100.00%)
Training throughput: 1 batches in 0.253s; word units 100.0% of 8 words (letters-only 100.0% of 8).
Train Loss: output=0.1750, reconstruction=0.3242
Epoch [166/400]
batch = 0 (Δ=0.246s, 100.00%)
Training throughput: 1 batches in 0.245s; word units 100.0% of 8 words (letters-only 100.0% of 8).
Train Loss: output=0.1750, reconstruction=0.3370
Epoch [167/400]
batch = 0 (Δ=0.242s, 100.00%)
Training throughput: 1 batches in 0.242s; word units 100.0% of 8 words (letters-only 100.0% of 8).
Train Loss: output=0.1750, reconstruction=0.3688
Epoch [168/400]
batch = 0 (Δ=0.245s, 100.00%)
Training throughput: 1 batches in 0.245s; word units 100.0% of 8 words (letters-only 100.0% of 8).
Train Loss: output=0.1750, reconstruction=0.3404
Epoch [169/400]
batch = 0 (Δ=0.242s, 100.00%)
Training throughput: 1 batches in 0.242s; word units 100.0% of 8 words (letters-only 100.0% of 8).
Train Loss: output=0.1750, reconstruction=0.3222
Epoch [170/400]
batch = 0 (Δ=0.249s, 100.00%)
Training throughput: 1 batches in 0.249s; word units 100.0% of 8 words (letters-only 100.0% of 8).
Train Loss: output=0.1750, reconstruction=0.3599
Epoch [171/400]
batch = 0 (Δ=0.253s, 100.00%)
Training throughput: 1 batches in 0.252s; word units 100.0% of 8 words (letters-only 100.0% of 8).
Train Loss: output=0.1750, reconstruction=0.3577
Epoch [172/400]
batch = 0 (Δ=0.247s, 100.00%)
Training throughput: 1 batches in 0.247s; word units 100.0% of 8 words (letters-only 100.0% of 8).
Train Loss: output=0.1750, reconstruction=0.3212
Epoch [173/400]
batch = 0 (Δ=0.249s, 100.00%)
Training throughput: 1 batches in 0.248s; word units 100.0% of 8 words (letters-only 100.0% of 8).
Train Loss: output=0.1750, reconstruction=0.3423
Epoch [174/400]
batch = 0 (Δ=0.248s, 100.00%)
Training throughput: 1 batches in 0.247s; word units 100.0% of 8 words (letters-only 100.0% of 8).
Train Loss: output=0.1750, reconstruction=0.3667
Epoch [175/400]
batch = 0 (Δ=0.258s, 100.00%)
Training throughput: 1 batches in 0.258s; word units 100.0% of 8 words (letters-only 100.0% of 8).
Train Loss: output=0.1750, reconstruction=0.3338
Epoch [176/400]
batch = 0 (Δ=0.254s, 100.00%)
Training throughput: 1 batches in 0.253s; word units 100.0% of 8 words (letters-only 100.0% of 8).
Train Loss: output=0.1750, reconstruction=0.3255
Epoch [177/400]
batch = 0 (Δ=0.248s, 100.00%)
Training throughput: 1 batches in 0.247s; word units 100.0% of 8 words (letters-only 100.0% of 8).
Train Loss: output=0.1750, reconstruction=0.3623
Epoch [178/400]
batch = 0 (Δ=0.245s, 100.00%)
Training throughput: 1 batches in 0.245s; word units 100.0% of 8 words (letters-only 100.0% of 8).
Train Loss: output=0.1750, reconstruction=0.3512
Epoch [179/400]
batch = 0 (Δ=0.241s, 100.00%)
Training throughput: 1 batches in 0.240s; word units 100.0% of 8 words (letters-only 100.0% of 8).
Train Loss: output=0.1750, reconstruction=0.3198
Epoch [180/400]
batch = 0 (Δ=0.242s, 100.00%)
Training throughput: 1 batches in 0.242s; word units 100.0% of 8 words (letters-only 100.0% of 8).
Train Loss: output=0.1750, reconstruction=0.3474
Epoch [181/400]
batch = 0 (Δ=0.252s, 100.00%)
Training throughput: 1 batches in 0.252s; word units 100.0% of 8 words (letters-only 100.0% of 8).
Train Loss: output=0.1750, reconstruction=0.3633
Epoch [182/400]
batch = 0 (Δ=0.252s, 100.00%)
Training throughput: 1 batches in 0.252s; word units 100.0% of 8 words (letters-only 100.0% of 8).
Train Loss: output=0.1750, reconstruction=0.3282
Epoch [183/400]
batch = 0 (Δ=0.255s, 100.00%)
Training throughput: 1 batches in 0.254s; word units 100.0% of 8 words (letters-only 100.0% of 8).
Train Loss: output=0.1750, reconstruction=0.3298
Epoch [184/400]
batch = 0 (Δ=0.252s, 100.00%)
Training throughput: 1 batches in 0.252s; word units 100.0% of 8 words (letters-only 100.0% of 8).
Train Loss: output=0.1750, reconstruction=0.3634
Epoch [185/400]
batch = 0 (Δ=0.243s, 100.00%)
Training throughput: 1 batches in 0.242s; word units 100.0% of 8 words (letters-only 100.0% of 8).
Train Loss: output=0.1750, reconstruction=0.3444
Epoch [186/400]
batch = 0 (Δ=0.247s, 100.00%)
Training throughput: 1 batches in 0.246s; word units 100.0% of 8 words (letters-only 100.0% of 8).
Train Loss: output=0.1750, reconstruction=0.3201
Epoch [187/400]
batch = 0 (Δ=0.248s, 100.00%)
Training throughput: 1 batches in 0.247s; word units 100.0% of 8 words (letters-only 100.0% of 8).
Train Loss: output=0.1750, reconstruction=0.3519
Epoch [188/400]
batch = 0 (Δ=0.244s, 100.00%)
Training throughput: 1 batches in 0.243s; word units 100.0% of 8 words (letters-only 100.0% of 8).
Train Loss: output=0.1750, reconstruction=0.3587
Epoch [189/400]
batch = 0 (Δ=0.419s, 100.00%)
Training throughput: 1 batches in 0.418s; word units 100.0% of 8 words (letters-only 100.0% of 8).
Train Loss: output=0.1750, reconstruction=0.3238
Epoch [190/400]
batch = 0 (Δ=0.248s, 100.00%)
Training throughput: 1 batches in 0.247s; word units 100.0% of 8 words (letters-only 100.0% of 8).
Train Loss: output=0.1750, reconstruction=0.3347
Epoch [191/400]
batch = 0 (Δ=0.244s, 100.00%)
Training throughput: 1 batches in 0.244s; word units 100.0% of 8 words (letters-only 100.0% of 8).
Train Loss: output=0.1750, reconstruction=0.3631
Epoch [192/400]
batch = 0 (Δ=0.248s, 100.00%)
Training throughput: 1 batches in 0.247s; word units 100.0% of 8 words (letters-only 100.0% of 8).
Train Loss: output=0.1750, reconstruction=0.3377
Epoch [193/400]
batch = 0 (Δ=0.248s, 100.00%)
Training throughput: 1 batches in 0.248s; word units 100.0% of 8 words (letters-only 100.0% of 8).
Train Loss: output=0.1750, reconstruction=0.3220
Epoch [194/400]
batch = 0 (Δ=0.252s, 100.00%)
Training throughput: 1 batches in 0.251s; word units 100.0% of 8 words (letters-only 100.0% of 8).
Train Loss: output=0.1750, reconstruction=0.3555
Epoch [195/400]
batch = 0 (Δ=0.253s, 100.00%)
Training throughput: 1 batches in 0.253s; word units 100.0% of 8 words (letters-only 100.0% of 8).
Train Loss: output=0.1750, reconstruction=0.3533
Epoch [196/400]
batch = 0 (Δ=0.257s, 100.00%)
Training throughput: 1 batches in 0.257s; word units 100.0% of 8 words (letters-only 100.0% of 8).
Train Loss: output=0.1750, reconstruction=0.3210
Epoch [197/400]
batch = 0 (Δ=0.248s, 100.00%)
Training throughput: 1 batches in 0.247s; word units 100.0% of 8 words (letters-only 100.0% of 8).
Train Loss: output=0.1750, reconstruction=0.3399
Epoch [198/400]
batch = 0 (Δ=0.242s, 100.00%)
Training throughput: 1 batches in 0.241s; word units 100.0% of 8 words (letters-only 100.0% of 8).
Train Loss: output=0.1750, reconstruction=0.3613
Epoch [199/400]
batch = 0 (Δ=0.240s, 100.00%)
Training throughput: 1 batches in 0.239s; word units 100.0% of 8 words (letters-only 100.0% of 8).
Train Loss: output=0.1750, reconstruction=0.3316
Epoch [200/400]
batch = 0 (Δ=0.247s, 100.00%)
Training throughput: 1 batches in 0.246s; word units 100.0% of 8 words (letters-only 100.0% of 8).
Train Loss: output=0.1750, reconstruction=0.3253
Epoch [201/400]
batch = 0 (Δ=0.244s, 100.00%)
Training throughput: 1 batches in 0.244s; word units 100.0% of 8 words (letters-only 100.0% of 8).
Train Loss: output=0.1750, reconstruction=0.3580
Epoch [202/400]
batch = 0 (Δ=0.254s, 100.00%)
Training throughput: 1 batches in 0.254s; word units 100.0% of 8 words (letters-only 100.0% of 8).
Train Loss: output=0.1750, reconstruction=0.3472
Epoch [203/400]
batch = 0 (Δ=0.249s, 100.00%)
Training throughput: 1 batches in 0.249s; word units 100.0% of 8 words (letters-only 100.0% of 8).
Train Loss: output=0.1750, reconstruction=0.3198
Epoch [204/400]
batch = 0 (Δ=0.248s, 100.00%)
Training throughput: 1 batches in 0.248s; word units 100.0% of 8 words (letters-only 100.0% of 8).
Train Loss: output=0.1750, reconstruction=0.3449
Epoch [205/400]
batch = 0 (Δ=0.246s, 100.00%)
Training throughput: 1 batches in 0.246s; word units 100.0% of 8 words (letters-only 100.0% of 8).
Train Loss: output=0.1750, reconstruction=0.3581
Epoch [206/400]
batch = 0 (Δ=0.249s, 100.00%)
Training throughput: 1 batches in 0.249s; word units 100.0% of 8 words (letters-only 100.0% of 8).
Train Loss: output=0.1750, reconstruction=0.3265
Epoch [207/400]
batch = 0 (Δ=0.253s, 100.00%)
Training throughput: 1 batches in 0.253s; word units 100.0% of 8 words (letters-only 100.0% of 8).
Train Loss: output=0.1750, reconstruction=0.3295
Epoch [208/400]
batch = 0 (Δ=0.252s, 100.00%)
Training throughput: 1 batches in 0.252s; word units 100.0% of 8 words (letters-only 100.0% of 8).
Train Loss: output=0.1750, reconstruction=0.3590
Epoch [209/400]
batch = 0 (Δ=0.251s, 100.00%)
Training throughput: 1 batches in 0.250s; word units 100.0% of 8 words (letters-only 100.0% of 8).
Train Loss: output=0.1750, reconstruction=0.3408
Epoch [210/400]
batch = 0 (Δ=0.246s, 100.00%)
Training throughput: 1 batches in 0.246s; word units 100.0% of 8 words (letters-only 100.0% of 8).
Train Loss: output=0.1750, reconstruction=0.3203
Epoch [211/400]
batch = 0 (Δ=0.244s, 100.00%)
Training throughput: 1 batches in 0.243s; word units 100.0% of 8 words (letters-only 100.0% of 8).
Train Loss: output=0.1750, reconstruction=0.3492
Epoch [212/400]
batch = 0 (Δ=0.244s, 100.00%)
Training throughput: 1 batches in 0.244s; word units 100.0% of 8 words (letters-only 100.0% of 8).
Train Loss: output=0.1750, reconstruction=0.3538
Epoch [213/400]
batch = 0 (Δ=0.259s, 100.00%)
Training throughput: 1 batches in 0.259s; word units 100.0% of 8 words (letters-only 100.0% of 8).
Train Loss: output=0.1750, reconstruction=0.3227
Epoch [214/400]
batch = 0 (Δ=0.258s, 100.00%)
Training throughput: 1 batches in 0.257s; word units 100.0% of 8 words (letters-only 100.0% of 8).
Train Loss: output=0.1750, reconstruction=0.3343
Epoch [215/400]
batch = 0 (Δ=0.418s, 100.00%)
Training throughput: 1 batches in 0.417s; word units 100.0% of 8 words (letters-only 100.0% of 8).
Train Loss: output=0.1750, reconstruction=0.3586
Epoch [216/400]
batch = 0 (Δ=0.250s, 100.00%)
Training throughput: 1 batches in 0.249s; word units 100.0% of 8 words (letters-only 100.0% of 8).
Train Loss: output=0.1750, reconstruction=0.3347
Epoch [217/400]
batch = 0 (Δ=0.245s, 100.00%)
Training throughput: 1 batches in 0.244s; word units 100.0% of 8 words (letters-only 100.0% of 8).
Train Loss: output=0.1750, reconstruction=0.3223
Epoch [218/400]
batch = 0 (Δ=0.248s, 100.00%)
Training throughput: 1 batches in 0.248s; word units 100.0% of 8 words (letters-only 100.0% of 8).
Train Loss: output=0.1750, reconstruction=0.3526
Epoch [219/400]
batch = 0 (Δ=0.252s, 100.00%)
Training throughput: 1 batches in 0.252s; word units 100.0% of 8 words (letters-only 100.0% of 8).
Train Loss: output=0.1750, reconstruction=0.3486
Epoch [220/400]
batch = 0 (Δ=0.253s, 100.00%)
Training throughput: 1 batches in 0.252s; word units 100.0% of 8 words (letters-only 100.0% of 8).
Train Loss: output=0.1750, reconstruction=0.3204
Epoch [221/400]
batch = 0 (Δ=0.242s, 100.00%)
Training throughput: 1 batches in 0.241s; word units 100.0% of 8 words (letters-only 100.0% of 8).
Train Loss: output=0.1750, reconstruction=0.3393
Epoch [222/400]
batch = 0 (Δ=0.244s, 100.00%)
Training throughput: 1 batches in 0.243s; word units 100.0% of 8 words (letters-only 100.0% of 8).
Train Loss: output=0.1750, reconstruction=0.3568
Epoch [223/400]
batch = 0 (Δ=0.247s, 100.00%)
Training throughput: 1 batches in 0.247s; word units 100.0% of 8 words (letters-only 100.0% of 8).
Train Loss: output=0.1750, reconstruction=0.3292
Epoch [224/400]
batch = 0 (Δ=0.253s, 100.00%)
Training throughput: 1 batches in 0.253s; word units 100.0% of 8 words (letters-only 100.0% of 8).
Train Loss: output=0.1750, reconstruction=0.3256
Epoch [225/400]
batch = 0 (Δ=0.250s, 100.00%)
Training throughput: 1 batches in 0.249s; word units 100.0% of 8 words (letters-only 100.0% of 8).
Train Loss: output=0.1750, reconstruction=0.3547
Epoch [226/400]
batch = 0 (Δ=0.258s, 100.00%)
Training throughput: 1 batches in 0.258s; word units 100.0% of 8 words (letters-only 100.0% of 8).
Train Loss: output=0.1750, reconstruction=0.3428
Epoch [227/400]
batch = 0 (Δ=0.254s, 100.00%)
Training throughput: 1 batches in 0.253s; word units 100.0% of 8 words (letters-only 100.0% of 8).
Train Loss: output=0.1750, reconstruction=0.3197
Epoch [228/400]
batch = 0 (Δ=0.244s, 100.00%)
Training throughput: 1 batches in 0.243s; word units 100.0% of 8 words (letters-only 100.0% of 8).
Train Loss: output=0.1750, reconstruction=0.3439
Epoch [229/400]
batch = 0 (Δ=0.244s, 100.00%)
Training throughput: 1 batches in 0.243s; word units 100.0% of 8 words (letters-only 100.0% of 8).
Train Loss: output=0.1750, reconstruction=0.3536
Epoch [230/400]
batch = 0 (Δ=0.247s, 100.00%)
Training throughput: 1 batches in 0.246s; word units 100.0% of 8 words (letters-only 100.0% of 8).
Train Loss: output=0.1750, reconstruction=0.3247
Epoch [231/400]
batch = 0 (Δ=0.247s, 100.00%)
Training throughput: 1 batches in 0.246s; word units 100.0% of 8 words (letters-only 100.0% of 8).
Train Loss: output=0.1750, reconstruction=0.3298
Epoch [232/400]
batch = 0 (Δ=0.247s, 100.00%)
Training throughput: 1 batches in 0.246s; word units 100.0% of 8 words (letters-only 100.0% of 8).
Train Loss: output=0.1750, reconstruction=0.3554
Epoch [233/400]
batch = 0 (Δ=0.251s, 100.00%)
Training throughput: 1 batches in 0.251s; word units 100.0% of 8 words (letters-only 100.0% of 8).
Train Loss: output=0.1750, reconstruction=0.3369
Epoch [234/400]
batch = 0 (Δ=0.251s, 100.00%)
Training throughput: 1 batches in 0.251s; word units 100.0% of 8 words (letters-only 100.0% of 8).
Train Loss: output=0.1750, reconstruction=0.3207
Epoch [235/400]
batch = 0 (Δ=0.248s, 100.00%)
Training throughput: 1 batches in 0.247s; word units 100.0% of 8 words (letters-only 100.0% of 8).
Train Loss: output=0.1750, reconstruction=0.3478
Epoch [236/400]
batch = 0 (Δ=0.251s, 100.00%)
Training throughput: 1 batches in 0.251s; word units 100.0% of 8 words (letters-only 100.0% of 8).
Train Loss: output=0.1750, reconstruction=0.3493
Epoch [237/400]
batch = 0 (Δ=0.259s, 100.00%)
Training throughput: 1 batches in 0.259s; word units 100.0% of 8 words (letters-only 100.0% of 8).
Train Loss: output=0.1750, reconstruction=0.3216
Epoch [238/400]
batch = 0 (Δ=0.253s, 100.00%)
Training throughput: 1 batches in 0.252s; word units 100.0% of 8 words (letters-only 100.0% of 8).
Train Loss: output=0.1750, reconstruction=0.3345
Epoch [239/400]
batch = 0 (Δ=0.248s, 100.00%)
Training throughput: 1 batches in 0.247s; word units 100.0% of 8 words (letters-only 100.0% of 8).
Train Loss: output=0.1750, reconstruction=0.3547
Epoch [240/400]
batch = 0 (Δ=0.244s, 100.00%)
Training throughput: 1 batches in 0.244s; word units 100.0% of 8 words (letters-only 100.0% of 8).
Train Loss: output=0.1750, reconstruction=0.3314
Epoch [241/400]
batch = 0 (Δ=0.396s, 100.00%)
Training throughput: 1 batches in 0.395s; word units 100.0% of 8 words (letters-only 100.0% of 8).
Train Loss: output=0.1750, reconstruction=0.3232
Epoch [242/400]
batch = 0 (Δ=0.248s, 100.00%)
Training throughput: 1 batches in 0.247s; word units 100.0% of 8 words (letters-only 100.0% of 8).
Train Loss: output=0.1750, reconstruction=0.3507
Epoch [243/400]
batch = 0 (Δ=0.251s, 100.00%)
Training throughput: 1 batches in 0.251s; word units 100.0% of 8 words (letters-only 100.0% of 8).
Train Loss: output=0.1750, reconstruction=0.3442
Epoch [244/400]
batch = 0 (Δ=0.252s, 100.00%)
Training throughput: 1 batches in 0.252s; word units 100.0% of 8 words (letters-only 100.0% of 8).
Train Loss: output=0.1750, reconstruction=0.3199
Epoch [245/400]
batch = 0 (Δ=0.253s, 100.00%)
Training throughput: 1 batches in 0.252s; word units 100.0% of 8 words (letters-only 100.0% of 8).
Train Loss: output=0.1750, reconstruction=0.3392
Epoch [246/400]
batch = 0 (Δ=0.242s, 100.00%)
Training throughput: 1 batches in 0.241s; word units 100.0% of 8 words (letters-only 100.0% of 8).
Train Loss: output=0.1750, reconstruction=0.3525
Epoch [247/400]
batch = 0 (Δ=0.247s, 100.00%)
Training throughput: 1 batches in 0.246s; word units 100.0% of 8 words (letters-only 100.0% of 8).
Train Loss: output=0.1750, reconstruction=0.3265
Epoch [248/400]
batch = 0 (Δ=0.253s, 100.00%)
Training throughput: 1 batches in 0.253s; word units 100.0% of 8 words (letters-only 100.0% of 8).
Train Loss: output=0.1750, reconstruction=0.3267
Epoch [249/400]
batch = 0 (Δ=0.251s, 100.00%)
Training throughput: 1 batches in 0.250s; word units 100.0% of 8 words (letters-only 100.0% of 8).
Train Loss: output=0.1750, reconstruction=0.3523
Epoch [250/400]
batch = 0 (Δ=0.241s, 100.00%)
Training throughput: 1 batches in 0.240s; word units 100.0% of 8 words (letters-only 100.0% of 8).
Train Loss: output=0.1750, reconstruction=0.3388
Epoch [251/400]
batch = 0 (Δ=0.220s, 100.00%)
Training throughput: 1 batches in 0.220s; word units 100.0% of 8 words (letters-only 100.0% of 8).
Train Loss: output=0.1750, reconstruction=0.3199
Epoch [252/400]
batch = 0 (Δ=0.217s, 100.00%)
Training throughput: 1 batches in 0.217s; word units 100.0% of 8 words (letters-only 100.0% of 8).
Train Loss: output=0.1750, reconstruction=0.3434
Epoch [253/400]
batch = 0 (Δ=0.215s, 100.00%)
Training throughput: 1 batches in 0.214s; word units 100.0% of 8 words (letters-only 100.0% of 8).
Train Loss: output=0.1750, reconstruction=0.3492
Epoch [254/400]
batch = 0 (Δ=0.233s, 100.00%)
Training throughput: 1 batches in 0.232s; word units 100.0% of 8 words (letters-only 100.0% of 8).
Train Loss: output=0.1750, reconstruction=0.3228
Epoch [255/400]
batch = 0 (Δ=0.224s, 100.00%)
Training throughput: 1 batches in 0.224s; word units 100.0% of 8 words (letters-only 100.0% of 8).
Train Loss: output=0.1750, reconstruction=0.3309
Epoch [256/400]
batch = 0 (Δ=0.226s, 100.00%)
Training throughput: 1 batches in 0.225s; word units 100.0% of 8 words (letters-only 100.0% of 8).
Train Loss: output=0.1750, reconstruction=0.3525
Epoch [257/400]
batch = 0 (Δ=0.225s, 100.00%)
Training throughput: 1 batches in 0.225s; word units 100.0% of 8 words (letters-only 100.0% of 8).
Train Loss: output=0.1750, reconstruction=0.3333
Epoch [258/400]
batch = 0 (Δ=0.223s, 100.00%)
Training throughput: 1 batches in 0.223s; word units 100.0% of 8 words (letters-only 100.0% of 8).
Train Loss: output=0.1750, reconstruction=0.3214
Epoch [259/400]
batch = 0 (Δ=0.219s, 100.00%)
Training throughput: 1 batches in 0.219s; word units 100.0% of 8 words (letters-only 100.0% of 8).
Train Loss: output=0.1750, reconstruction=0.3468
Epoch [260/400]
batch = 0 (Δ=0.218s, 100.00%)
Training throughput: 1 batches in 0.217s; word units 100.0% of 8 words (letters-only 100.0% of 8).
Train Loss: output=0.1750, reconstruction=0.3448
Epoch [261/400]
batch = 0 (Δ=0.218s, 100.00%)
Training throughput: 1 batches in 0.217s; word units 100.0% of 8 words (letters-only 100.0% of 8).
Train Loss: output=0.1750, reconstruction=0.3205
Epoch [262/400]
batch = 0 (Δ=0.211s, 100.00%)
Training throughput: 1 batches in 0.211s; word units 100.0% of 8 words (letters-only 100.0% of 8).
Train Loss: output=0.1750, reconstruction=0.3354
Epoch [263/400]
batch = 0 (Δ=0.215s, 100.00%)
Training throughput: 1 batches in 0.215s; word units 100.0% of 8 words (letters-only 100.0% of 8).
Train Loss: output=0.1750, reconstruction=0.3512
Epoch [264/400]
batch = 0 (Δ=0.221s, 100.00%)
Training throughput: 1 batches in 0.221s; word units 100.0% of 8 words (letters-only 100.0% of 8).
Train Loss: output=0.1750, reconstruction=0.3284
Epoch [265/400]
batch = 0 (Δ=0.224s, 100.00%)
Training throughput: 1 batches in 0.223s; word units 100.0% of 8 words (letters-only 100.0% of 8).
Train Loss: output=0.1750, reconstruction=0.3242
Epoch [266/400]
batch = 0 (Δ=0.224s, 100.00%)
Training throughput: 1 batches in 0.224s; word units 100.0% of 8 words (letters-only 100.0% of 8).
Train Loss: output=0.1750, reconstruction=0.3490
Epoch [267/400]
batch = 0 (Δ=0.227s, 100.00%)
Training throughput: 1 batches in 0.226s; word units 100.0% of 8 words (letters-only 100.0% of 8).
Train Loss: output=0.1750, reconstruction=0.3399
Epoch [268/400]
batch = 0 (Δ=0.379s, 100.00%)
Training throughput: 1 batches in 0.379s; word units 100.0% of 8 words (letters-only 100.0% of 8).
Train Loss: output=0.1750, reconstruction=0.3197
Epoch [269/400]
batch = 0 (Δ=0.221s, 100.00%)
Training throughput: 1 batches in 0.221s; word units 100.0% of 8 words (letters-only 100.0% of 8).
Train Loss: output=0.1750, reconstruction=0.3397
Epoch [270/400]
batch = 0 (Δ=0.216s, 100.00%)
Training throughput: 1 batches in 0.216s; word units 100.0% of 8 words (letters-only 100.0% of 8).
Train Loss: output=0.1750, reconstruction=0.3487
Epoch [271/400]
batch = 0 (Δ=0.217s, 100.00%)
Training throughput: 1 batches in 0.216s; word units 100.0% of 8 words (letters-only 100.0% of 8).
Train Loss: output=0.1750, reconstruction=0.3243
Epoch [272/400]
batch = 0 (Δ=0.217s, 100.00%)
Training throughput: 1 batches in 0.216s; word units 100.0% of 8 words (letters-only 100.0% of 8).
Train Loss: output=0.1750, reconstruction=0.3279
Epoch [273/400]
batch = 0 (Δ=0.218s, 100.00%)
Training throughput: 1 batches in 0.218s; word units 100.0% of 8 words (letters-only 100.0% of 8).
Train Loss: output=0.1750, reconstruction=0.3500
Epoch [274/400]
batch = 0 (Δ=0.216s, 100.00%)
Training throughput: 1 batches in 0.216s; word units 100.0% of 8 words (letters-only 100.0% of 8).
Train Loss: output=0.1750, reconstruction=0.3347
Epoch [275/400]
batch = 0 (Δ=0.221s, 100.00%)
Training throughput: 1 batches in 0.220s; word units 100.0% of 8 words (letters-only 100.0% of 8).
Train Loss: output=0.1750, reconstruction=0.3205
Epoch [276/400]
batch = 0 (Δ=0.221s, 100.00%)
Training throughput: 1 batches in 0.220s; word units 100.0% of 8 words (letters-only 100.0% of 8).
Train Loss: output=0.1750, reconstruction=0.3433
Epoch [277/400]
batch = 0 (Δ=0.218s, 100.00%)
Training throughput: 1 batches in 0.217s; word units 100.0% of 8 words (letters-only 100.0% of 8).
Train Loss: output=0.1750, reconstruction=0.3451
Epoch [278/400]
batch = 0 (Δ=0.221s, 100.00%)
Training throughput: 1 batches in 0.221s; word units 100.0% of 8 words (letters-only 100.0% of 8).
Train Loss: output=0.1750, reconstruction=0.3214
Epoch [279/400]
batch = 0 (Δ=0.222s, 100.00%)
Training throughput: 1 batches in 0.221s; word units 100.0% of 8 words (letters-only 100.0% of 8).
Train Loss: output=0.1750, reconstruction=0.3320
Epoch [280/400]
batch = 0 (Δ=0.215s, 100.00%)
Training throughput: 1 batches in 0.214s; word units 100.0% of 8 words (letters-only 100.0% of 8).
Train Loss: output=0.1750, reconstruction=0.3495
Epoch [281/400]
batch = 0 (Δ=0.219s, 100.00%)
Training throughput: 1 batches in 0.219s; word units 100.0% of 8 words (letters-only 100.0% of 8).
Train Loss: output=0.1750, reconstruction=0.3298
Epoch [282/400]
batch = 0 (Δ=0.219s, 100.00%)
Training throughput: 1 batches in 0.219s; word units 100.0% of 8 words (letters-only 100.0% of 8).
Train Loss: output=0.1750, reconstruction=0.3225
Epoch [283/400]
batch = 0 (Δ=0.216s, 100.00%)
Training throughput: 1 batches in 0.216s; word units 100.0% of 8 words (letters-only 100.0% of 8).
Train Loss: output=0.1750, reconstruction=0.3460
Epoch [284/400]
batch = 0 (Δ=0.217s, 100.00%)
Training throughput: 1 batches in 0.216s; word units 100.0% of 8 words (letters-only 100.0% of 8).
Train Loss: output=0.1750, reconstruction=0.3407
Epoch [285/400]
batch = 0 (Δ=0.223s, 100.00%)
Training throughput: 1 batches in 0.223s; word units 100.0% of 8 words (letters-only 100.0% of 8).
Train Loss: output=0.1750, reconstruction=0.3199
Epoch [286/400]
batch = 0 (Δ=0.220s, 100.00%)
Training throughput: 1 batches in 0.219s; word units 100.0% of 8 words (letters-only 100.0% of 8).
Train Loss: output=0.1750, reconstruction=0.3362
Epoch [287/400]
batch = 0 (Δ=0.221s, 100.00%)
Training throughput: 1 batches in 0.220s; word units 100.0% of 8 words (letters-only 100.0% of 8).
Train Loss: output=0.1750, reconstruction=0.3478
Epoch [288/400]
batch = 0 (Δ=0.226s, 100.00%)
Training throughput: 1 batches in 0.226s; word units 100.0% of 8 words (letters-only 100.0% of 8).
Train Loss: output=0.1750, reconstruction=0.3255
Epoch [289/400]
batch = 0 (Δ=0.222s, 100.00%)
Training throughput: 1 batches in 0.222s; word units 100.0% of 8 words (letters-only 100.0% of 8).
Train Loss: output=0.1750, reconstruction=0.3257
Epoch [290/400]
batch = 0 (Δ=0.219s, 100.00%)
Training throughput: 1 batches in 0.219s; word units 100.0% of 8 words (letters-only 100.0% of 8).
Train Loss: output=0.1750, reconstruction=0.3476
Epoch [291/400]
batch = 0 (Δ=0.217s, 100.00%)
Training throughput: 1 batches in 0.217s; word units 100.0% of 8 words (letters-only 100.0% of 8).
Train Loss: output=0.1750, reconstruction=0.3359
Epoch [292/400]
batch = 0 (Δ=0.221s, 100.00%)
Training throughput: 1 batches in 0.220s; word units 100.0% of 8 words (letters-only 100.0% of 8).
Train Loss: output=0.1750, reconstruction=0.3199
Epoch [293/400]
batch = 0 (Δ=0.218s, 100.00%)
Training throughput: 1 batches in 0.218s; word units 100.0% of 8 words (letters-only 100.0% of 8).
Train Loss: output=0.1750, reconstruction=0.3400
Epoch [294/400]
batch = 0 (Δ=0.211s, 100.00%)
Training throughput: 1 batches in 0.211s; word units 100.0% of 8 words (letters-only 100.0% of 8).
Train Loss: output=0.1750, reconstruction=0.3448
Epoch [295/400]
batch = 0 (Δ=0.215s, 100.00%)
Training throughput: 1 batches in 0.214s; word units 100.0% of 8 words (letters-only 100.0% of 8).
Train Loss: output=0.1750, reconstruction=0.3223
Epoch [296/400]
batch = 0 (Δ=0.222s, 100.00%)
Training throughput: 1 batches in 0.221s; word units 100.0% of 8 words (letters-only 100.0% of 8).
Train Loss: output=0.1750, reconstruction=0.3294
Epoch [297/400]
batch = 0 (Δ=0.225s, 100.00%)
Training throughput: 1 batches in 0.224s; word units 100.0% of 8 words (letters-only 100.0% of 8).
Train Loss: output=0.1750, reconstruction=0.3478
Epoch [298/400]
batch = 0 (Δ=0.225s, 100.00%)
Training throughput: 1 batches in 0.224s; word units 100.0% of 8 words (letters-only 100.0% of 8).
Train Loss: output=0.1750, reconstruction=0.3311
Epoch [299/400]
batch = 0 (Δ=0.373s, 100.00%)
Training throughput: 1 batches in 0.372s; word units 100.0% of 8 words (letters-only 100.0% of 8).
Train Loss: output=0.1750, reconstruction=0.3213
Epoch [300/400]
batch = 0 (Δ=0.216s, 100.00%)
Training throughput: 1 batches in 0.216s; word units 100.0% of 8 words (letters-only 100.0% of 8).
Train Loss: output=0.1750, reconstruction=0.3431
Epoch [301/400]
batch = 0 (Δ=0.216s, 100.00%)
Training throughput: 1 batches in 0.216s; word units 100.0% of 8 words (letters-only 100.0% of 8).
Train Loss: output=0.1750, reconstruction=0.3410
Epoch [302/400]
batch = 0 (Δ=0.221s, 100.00%)
Training throughput: 1 batches in 0.220s; word units 100.0% of 8 words (letters-only 100.0% of 8).
Train Loss: output=0.1750, reconstruction=0.3203
Epoch [303/400]
batch = 0 (Δ=0.215s, 100.00%)
Training throughput: 1 batches in 0.214s; word units 100.0% of 8 words (letters-only 100.0% of 8).
Train Loss: output=0.1750, reconstruction=0.3335
Epoch [304/400]
batch = 0 (Δ=0.213s, 100.00%)
Training throughput: 1 batches in 0.213s; word units 100.0% of 8 words (letters-only 100.0% of 8).
Train Loss: output=0.1750, reconstruction=0.3467
Epoch [305/400]
batch = 0 (Δ=0.209s, 100.00%)
Training throughput: 1 batches in 0.209s; word units 100.0% of 8 words (letters-only 100.0% of 8).
Train Loss: output=0.1750, reconstruction=0.3268
Epoch [306/400]
batch = 0 (Δ=0.222s, 100.00%)
Training throughput: 1 batches in 0.221s; word units 100.0% of 8 words (letters-only 100.0% of 8).
Train Loss: output=0.1750, reconstruction=0.3238
Epoch [307/400]
batch = 0 (Δ=0.225s, 100.00%)
Training throughput: 1 batches in 0.224s; word units 100.0% of 8 words (letters-only 100.0% of 8).
Train Loss: output=0.1750, reconstruction=0.3451
Epoch [308/400]
batch = 0 (Δ=0.220s, 100.00%)
Training throughput: 1 batches in 0.220s; word units 100.0% of 8 words (letters-only 100.0% of 8).
Train Loss: output=0.1750, reconstruction=0.3366
Epoch [309/400]
batch = 0 (Δ=0.226s, 100.00%)
Training throughput: 1 batches in 0.225s; word units 100.0% of 8 words (letters-only 100.0% of 8).
Train Loss: output=0.1750, reconstruction=0.3197
Epoch [310/400]
batch = 0 (Δ=0.218s, 100.00%)
Training throughput: 1 batches in 0.218s; word units 100.0% of 8 words (letters-only 100.0% of 8).
Train Loss: output=0.1750, reconstruction=0.3373
Epoch [311/400]
batch = 0 (Δ=0.220s, 100.00%)
Training throughput: 1 batches in 0.219s; word units 100.0% of 8 words (letters-only 100.0% of 8).
Train Loss: output=0.1750, reconstruction=0.3444
Epoch [312/400]
batch = 0 (Δ=0.219s, 100.00%)
Training throughput: 1 batches in 0.219s; word units 100.0% of 8 words (letters-only 100.0% of 8).
Train Loss: output=0.1750, reconstruction=0.3233
Epoch [313/400]
batch = 0 (Δ=0.220s, 100.00%)
Training throughput: 1 batches in 0.219s; word units 100.0% of 8 words (letters-only 100.0% of 8).
Train Loss: output=0.1750, reconstruction=0.3272
Epoch [314/400]
batch = 0 (Δ=0.214s, 100.00%)
Training throughput: 1 batches in 0.213s; word units 100.0% of 8 words (letters-only 100.0% of 8).
Train Loss: output=0.1750, reconstruction=0.3459
Epoch [315/400]
batch = 0 (Δ=0.215s, 100.00%)
Training throughput: 1 batches in 0.215s; word units 100.0% of 8 words (letters-only 100.0% of 8).
Train Loss: output=0.1750, reconstruction=0.3321
Epoch [316/400]
batch = 0 (Δ=0.222s, 100.00%)
Training throughput: 1 batches in 0.222s; word units 100.0% of 8 words (letters-only 100.0% of 8).
Train Loss: output=0.1750, reconstruction=0.3205
Epoch [317/400]
batch = 0 (Δ=0.224s, 100.00%)
Training throughput: 1 batches in 0.223s; word units 100.0% of 8 words (letters-only 100.0% of 8).
Train Loss: output=0.1750, reconstruction=0.3405
Epoch [318/400]
batch = 0 (Δ=0.225s, 100.00%)
Training throughput: 1 batches in 0.225s; word units 100.0% of 8 words (letters-only 100.0% of 8).
Train Loss: output=0.1750, reconstruction=0.3411
Epoch [319/400]
batch = 0 (Δ=0.227s, 100.00%)
Training throughput: 1 batches in 0.226s; word units 100.0% of 8 words (letters-only 100.0% of 8).
Train Loss: output=0.1750, reconstruction=0.3209
Epoch [320/400]
batch = 0 (Δ=0.225s, 100.00%)
Training throughput: 1 batches in 0.224s; word units 100.0% of 8 words (letters-only 100.0% of 8).
Train Loss: output=0.1750, reconstruction=0.3309
Epoch [321/400]
batch = 0 (Δ=0.221s, 100.00%)
Training throughput: 1 batches in 0.220s; word units 100.0% of 8 words (letters-only 100.0% of 8).
Train Loss: output=0.1750, reconstruction=0.3454
Epoch [322/400]
batch = 0 (Δ=0.223s, 100.00%)
Training throughput: 1 batches in 0.222s; word units 100.0% of 8 words (letters-only 100.0% of 8).
Train Loss: output=0.1750, reconstruction=0.3278
Epoch [323/400]
batch = 0 (Δ=0.220s, 100.00%)
Training throughput: 1 batches in 0.219s; word units 100.0% of 8 words (letters-only 100.0% of 8).
Train Loss: output=0.1750, reconstruction=0.3225
Epoch [324/400]
batch = 0 (Δ=0.218s, 100.00%)
Training throughput: 1 batches in 0.217s; word units 100.0% of 8 words (letters-only 100.0% of 8).
Train Loss: output=0.1750, reconstruction=0.3428
Epoch [325/400]
batch = 0 (Δ=0.216s, 100.00%)
Training throughput: 1 batches in 0.216s; word units 100.0% of 8 words (letters-only 100.0% of 8).
Train Loss: output=0.1750, reconstruction=0.3372
Epoch [326/400]
batch = 0 (Δ=0.217s, 100.00%)
Training throughput: 1 batches in 0.216s; word units 100.0% of 8 words (letters-only 100.0% of 8).
Train Loss: output=0.1750, reconstruction=0.3198
Epoch [327/400]
batch = 0 (Δ=0.224s, 100.00%)
Training throughput: 1 batches in 0.224s; word units 100.0% of 8 words (letters-only 100.0% of 8).
Train Loss: output=0.1750, reconstruction=0.3347
Epoch [328/400]
batch = 0 (Δ=0.221s, 100.00%)
Training throughput: 1 batches in 0.220s; word units 100.0% of 8 words (letters-only 100.0% of 8).
Train Loss: output=0.1750, reconstruction=0.3437
Epoch [329/400]
batch = 0 (Δ=0.364s, 100.00%)
Training throughput: 1 batches in 0.364s; word units 100.0% of 8 words (letters-only 100.0% of 8).
Train Loss: output=0.1750, reconstruction=0.3242
Epoch [330/400]
batch = 0 (Δ=0.220s, 100.00%)
Training throughput: 1 batches in 0.219s; word units 100.0% of 8 words (letters-only 100.0% of 8).
Train Loss: output=0.1750, reconstruction=0.3254
Epoch [331/400]
batch = 0 (Δ=0.223s, 100.00%)
Training throughput: 1 batches in 0.223s; word units 100.0% of 8 words (letters-only 100.0% of 8).
Train Loss: output=0.1750, reconstruction=0.3440
Epoch [332/400]
batch = 0 (Δ=0.219s, 100.00%)
Training throughput: 1 batches in 0.219s; word units 100.0% of 8 words (letters-only 100.0% of 8).
Train Loss: output=0.1750, reconstruction=0.3329
Epoch [333/400]
batch = 0 (Δ=0.217s, 100.00%)
Training throughput: 1 batches in 0.217s; word units 100.0% of 8 words (letters-only 100.0% of 8).
Train Loss: output=0.1750, reconstruction=0.3200
Epoch [334/400]
batch = 0 (Δ=0.220s, 100.00%)
Training throughput: 1 batches in 0.220s; word units 100.0% of 8 words (letters-only 100.0% of 8).
Train Loss: output=0.1750, reconstruction=0.3380
Epoch [335/400]
batch = 0 (Δ=0.214s, 100.00%)
Training throughput: 1 batches in 0.214s; word units 100.0% of 8 words (letters-only 100.0% of 8).
Train Loss: output=0.1750, reconstruction=0.3409
Epoch [336/400]
batch = 0 (Δ=0.213s, 100.00%)
Training throughput: 1 batches in 0.212s; word units 100.0% of 8 words (letters-only 100.0% of 8).
Train Loss: output=0.1750, reconstruction=0.3215
Epoch [337/400]
batch = 0 (Δ=0.222s, 100.00%)
Training throughput: 1 batches in 0.222s; word units 100.0% of 8 words (letters-only 100.0% of 8).
Train Loss: output=0.1750, reconstruction=0.3289
Epoch [338/400]
batch = 0 (Δ=0.222s, 100.00%)
Training throughput: 1 batches in 0.221s; word units 100.0% of 8 words (letters-only 100.0% of 8).
Train Loss: output=0.1750, reconstruction=0.3441
Epoch [339/400]
batch = 0 (Δ=0.218s, 100.00%)
Training throughput: 1 batches in 0.218s; word units 100.0% of 8 words (letters-only 100.0% of 8).
Train Loss: output=0.1750, reconstruction=0.3288
Epoch [340/400]
batch = 0 (Δ=0.225s, 100.00%)
Training throughput: 1 batches in 0.224s; word units 100.0% of 8 words (letters-only 100.0% of 8).
Train Loss: output=0.1750, reconstruction=0.3215
Epoch [341/400]
batch = 0 (Δ=0.224s, 100.00%)
Training throughput: 1 batches in 0.223s; word units 100.0% of 8 words (letters-only 100.0% of 8).
Train Loss: output=0.1750, reconstruction=0.3406
Epoch [342/400]
batch = 0 (Δ=0.219s, 100.00%)
Training throughput: 1 batches in 0.218s; word units 100.0% of 8 words (letters-only 100.0% of 8).
Train Loss: output=0.1750, reconstruction=0.3374
Epoch [343/400]
batch = 0 (Δ=0.218s, 100.00%)
Training throughput: 1 batches in 0.218s; word units 100.0% of 8 words (letters-only 100.0% of 8).
Train Loss: output=0.1750, reconstruction=0.3200
Epoch [344/400]
batch = 0 (Δ=0.219s, 100.00%)
Training throughput: 1 batches in 0.219s; word units 100.0% of 8 words (letters-only 100.0% of 8).
Train Loss: output=0.1750, reconstruction=0.3325
Epoch [345/400]
batch = 0 (Δ=0.216s, 100.00%)
Training throughput: 1 batches in 0.215s; word units 100.0% of 8 words (letters-only 100.0% of 8).
Train Loss: output=0.1750, reconstruction=0.3429
Epoch [346/400]
batch = 0 (Δ=0.218s, 100.00%)
Training throughput: 1 batches in 0.218s; word units 100.0% of 8 words (letters-only 100.0% of 8).
Train Loss: output=0.1750, reconstruction=0.3251
Epoch [347/400]
batch = 0 (Δ=0.216s, 100.00%)
Training throughput: 1 batches in 0.216s; word units 100.0% of 8 words (letters-only 100.0% of 8).
Train Loss: output=0.1750, reconstruction=0.3240
Epoch [348/400]
batch = 0 (Δ=0.222s, 100.00%)
Training throughput: 1 batches in 0.221s; word units 100.0% of 8 words (letters-only 100.0% of 8).
Train Loss: output=0.1750, reconstruction=0.3422
Epoch [349/400]
batch = 0 (Δ=0.224s, 100.00%)
Training throughput: 1 batches in 0.224s; word units 100.0% of 8 words (letters-only 100.0% of 8).
Train Loss: output=0.1750, reconstruction=0.3335
Epoch [350/400]
batch = 0 (Δ=0.223s, 100.00%)
Training throughput: 1 batches in 0.222s; word units 100.0% of 8 words (letters-only 100.0% of 8).
Train Loss: output=0.1750, reconstruction=0.3198
Epoch [351/400]
batch = 0 (Δ=0.227s, 100.00%)
Training throughput: 1 batches in 0.227s; word units 100.0% of 8 words (letters-only 100.0% of 8).
Train Loss: output=0.1750, reconstruction=0.3358
Epoch [352/400]
batch = 0 (Δ=0.222s, 100.00%)
Training throughput: 1 batches in 0.221s; word units 100.0% of 8 words (letters-only 100.0% of 8).
Train Loss: output=0.1750, reconstruction=0.3406
Epoch [353/400]
batch = 0 (Δ=0.217s, 100.00%)
Training throughput: 1 batches in 0.216s; word units 100.0% of 8 words (letters-only 100.0% of 8).
Train Loss: output=0.1750, reconstruction=0.3222
Epoch [354/400]
batch = 0 (Δ=0.218s, 100.00%)
Training throughput: 1 batches in 0.218s; word units 100.0% of 8 words (letters-only 100.0% of 8).
Train Loss: output=0.1750, reconstruction=0.3271
Epoch [355/400]
batch = 0 (Δ=0.216s, 100.00%)
Training throughput: 1 batches in 0.215s; word units 100.0% of 8 words (letters-only 100.0% of 8).
Train Loss: output=0.1750, reconstruction=0.3426
Epoch [356/400]
batch = 0 (Δ=0.219s, 100.00%)
Training throughput: 1 batches in 0.218s; word units 100.0% of 8 words (letters-only 100.0% of 8).
Train Loss: output=0.1750, reconstruction=0.3295
Epoch [357/400]
batch = 0 (Δ=0.215s, 100.00%)
Training throughput: 1 batches in 0.215s; word units 100.0% of 8 words (letters-only 100.0% of 8).
Train Loss: output=0.1750, reconstruction=0.3208
Epoch [358/400]
batch = 0 (Δ=0.361s, 100.00%)
Training throughput: 1 batches in 0.361s; word units 100.0% of 8 words (letters-only 100.0% of 8).
Train Loss: output=0.1750, reconstruction=0.3385
Epoch [359/400]
batch = 0 (Δ=0.221s, 100.00%)
Training throughput: 1 batches in 0.220s; word units 100.0% of 8 words (letters-only 100.0% of 8).
Train Loss: output=0.1750, reconstruction=0.3375
Epoch [360/400]
batch = 0 (Δ=0.227s, 100.00%)
Training throughput: 1 batches in 0.226s; word units 100.0% of 8 words (letters-only 100.0% of 8).
Train Loss: output=0.1750, reconstruction=0.3204
Epoch [361/400]
batch = 0 (Δ=0.223s, 100.00%)
Training throughput: 1 batches in 0.222s; word units 100.0% of 8 words (letters-only 100.0% of 8).
Train Loss: output=0.1750, reconstruction=0.3305
Epoch [362/400]
batch = 0 (Δ=0.221s, 100.00%)
Training throughput: 1 batches in 0.220s; word units 100.0% of 8 words (letters-only 100.0% of 8).
Train Loss: output=0.1750, reconstruction=0.3419
Epoch [363/400]
batch = 0 (Δ=0.217s, 100.00%)
Training throughput: 1 batches in 0.217s; word units 100.0% of 8 words (letters-only 100.0% of 8).
Train Loss: output=0.1750, reconstruction=0.3258
Epoch [364/400]
batch = 0 (Δ=0.217s, 100.00%)
Training throughput: 1 batches in 0.216s; word units 100.0% of 8 words (letters-only 100.0% of 8).
Train Loss: output=0.1750, reconstruction=0.3229
Epoch [365/400]
batch = 0 (Δ=0.218s, 100.00%)
Training throughput: 1 batches in 0.218s; word units 100.0% of 8 words (letters-only 100.0% of 8).
Train Loss: output=0.1750, reconstruction=0.3404
Epoch [366/400]
batch = 0 (Δ=0.216s, 100.00%)
Training throughput: 1 batches in 0.215s; word units 100.0% of 8 words (letters-only 100.0% of 8).
Train Loss: output=0.1750, reconstruction=0.3339
Epoch [367/400]
batch = 0 (Δ=0.212s, 100.00%)
Training throughput: 1 batches in 0.212s; word units 100.0% of 8 words (letters-only 100.0% of 8).
Train Loss: output=0.1750, reconstruction=0.3197
Epoch [368/400]
batch = 0 (Δ=0.216s, 100.00%)
Training throughput: 1 batches in 0.216s; word units 100.0% of 8 words (letters-only 100.0% of 8).
Train Loss: output=0.1750, reconstruction=0.3337
Epoch [369/400]
batch = 0 (Δ=0.220s, 100.00%)
Training throughput: 1 batches in 0.220s; word units 100.0% of 8 words (letters-only 100.0% of 8).
Train Loss: output=0.1750, reconstruction=0.3401
Epoch [370/400]
batch = 0 (Δ=0.228s, 100.00%)
Training throughput: 1 batches in 0.228s; word units 100.0% of 8 words (letters-only 100.0% of 8).
Train Loss: output=0.1750, reconstruction=0.3228
Epoch [371/400]
batch = 0 (Δ=0.225s, 100.00%)
Training throughput: 1 batches in 0.225s; word units 100.0% of 8 words (letters-only 100.0% of 8).
Train Loss: output=0.1750, reconstruction=0.3256
Epoch [372/400]
batch = 0 (Δ=0.223s, 100.00%)
Training throughput: 1 batches in 0.223s; word units 100.0% of 8 words (letters-only 100.0% of 8).
Train Loss: output=0.1750, reconstruction=0.3412
Epoch [373/400]
batch = 0 (Δ=0.224s, 100.00%)
Training throughput: 1 batches in 0.223s; word units 100.0% of 8 words (letters-only 100.0% of 8).
Train Loss: output=0.1750, reconstruction=0.3301
Epoch [374/400]
batch = 0 (Δ=0.218s, 100.00%)
Training throughput: 1 batches in 0.218s; word units 100.0% of 8 words (letters-only 100.0% of 8).
Train Loss: output=0.1750, reconstruction=0.3203
Epoch [375/400]
batch = 0 (Δ=0.220s, 100.00%)
Training throughput: 1 batches in 0.220s; word units 100.0% of 8 words (letters-only 100.0% of 8).
Train Loss: output=0.1750, reconstruction=0.3366
Epoch [376/400]
batch = 0 (Δ=0.218s, 100.00%)
Training throughput: 1 batches in 0.217s; word units 100.0% of 8 words (letters-only 100.0% of 8).
Train Loss: output=0.1750, reconstruction=0.3374
Epoch [377/400]
batch = 0 (Δ=0.213s, 100.00%)
Training throughput: 1 batches in 0.213s; word units 100.0% of 8 words (letters-only 100.0% of 8).
Train Loss: output=0.1750, reconstruction=0.3207
Epoch [378/400]
batch = 0 (Δ=0.214s, 100.00%)
Training throughput: 1 batches in 0.214s; word units 100.0% of 8 words (letters-only 100.0% of 8).
Train Loss: output=0.1750, reconstruction=0.3288
Epoch [379/400]
batch = 0 (Δ=0.225s, 100.00%)
Training throughput: 1 batches in 0.224s; word units 100.0% of 8 words (letters-only 100.0% of 8).
Train Loss: output=0.1750, reconstruction=0.3409
Epoch [380/400]
batch = 0 (Δ=0.221s, 100.00%)
Training throughput: 1 batches in 0.221s; word units 100.0% of 8 words (letters-only 100.0% of 8).
Train Loss: output=0.1750, reconstruction=0.3265
Epoch [381/400]
batch = 0 (Δ=0.222s, 100.00%)
Training throughput: 1 batches in 0.222s; word units 100.0% of 8 words (letters-only 100.0% of 8).
Train Loss: output=0.1750, reconstruction=0.3219
Epoch [382/400]
batch = 0 (Δ=0.223s, 100.00%)
Training throughput: 1 batches in 0.222s; word units 100.0% of 8 words (letters-only 100.0% of 8).
Train Loss: output=0.1750, reconstruction=0.3386
Epoch [383/400]
batch = 0 (Δ=0.224s, 100.00%)
Training throughput: 1 batches in 0.223s; word units 100.0% of 8 words (letters-only 100.0% of 8).
Train Loss: output=0.1750, reconstruction=0.3342
Epoch [384/400]
batch = 0 (Δ=0.217s, 100.00%)
Training throughput: 1 batches in 0.217s; word units 100.0% of 8 words (letters-only 100.0% of 8).
Train Loss: output=0.1750, reconstruction=0.3198
Epoch [385/400]
batch = 0 (Δ=0.221s, 100.00%)
Training throughput: 1 batches in 0.220s; word units 100.0% of 8 words (letters-only 100.0% of 8).
Train Loss: output=0.1750, reconstruction=0.3320
Epoch [386/400]
batch = 0 (Δ=0.217s, 100.00%)
Training throughput: 1 batches in 0.216s; word units 100.0% of 8 words (letters-only 100.0% of 8).
Train Loss: output=0.1750, reconstruction=0.3395
Epoch [387/400]
batch = 0 (Δ=0.343s, 100.00%)
Training throughput: 1 batches in 0.342s; word units 100.0% of 8 words (letters-only 100.0% of 8).
Train Loss: output=0.1750, reconstruction=0.3235
Epoch [388/400]
batch = 0 (Δ=0.216s, 100.00%)
Training throughput: 1 batches in 0.215s; word units 100.0% of 8 words (letters-only 100.0% of 8).
Train Loss: output=0.1750, reconstruction=0.3243
Epoch [389/400]
batch = 0 (Δ=0.221s, 100.00%)
Training throughput: 1 batches in 0.221s; word units 100.0% of 8 words (letters-only 100.0% of 8).
Train Loss: output=0.1750, reconstruction=0.3398
Epoch [390/400]
batch = 0 (Δ=0.223s, 100.00%)
Training throughput: 1 batches in 0.223s; word units 100.0% of 8 words (letters-only 100.0% of 8).
Train Loss: output=0.1750, reconstruction=0.3306
Epoch [391/400]
batch = 0 (Δ=0.220s, 100.00%)
Training throughput: 1 batches in 0.219s; word units 100.0% of 8 words (letters-only 100.0% of 8).
Train Loss: output=0.1750, reconstruction=0.3200
Epoch [392/400]
batch = 0 (Δ=0.226s, 100.00%)
Training throughput: 1 batches in 0.226s; word units 100.0% of 8 words (letters-only 100.0% of 8).
Train Loss: output=0.1750, reconstruction=0.3348
Epoch [393/400]
batch = 0 (Δ=0.223s, 100.00%)
Training throughput: 1 batches in 0.223s; word units 100.0% of 8 words (letters-only 100.0% of 8).
Train Loss: output=0.1750, reconstruction=0.3373
Epoch [394/400]
batch = 0 (Δ=0.221s, 100.00%)
Training throughput: 1 batches in 0.221s; word units 100.0% of 8 words (letters-only 100.0% of 8).
Train Loss: output=0.1750, reconstruction=0.3212
Epoch [395/400]
batch = 0 (Δ=0.219s, 100.00%)
Training throughput: 1 batches in 0.219s; word units 100.0% of 8 words (letters-only 100.0% of 8).
Train Loss: output=0.1750, reconstruction=0.3273
Epoch [396/400]
batch = 0 (Δ=0.219s, 100.00%)
Training throughput: 1 batches in 0.218s; word units 100.0% of 8 words (letters-only 100.0% of 8).
Train Loss: output=0.1750, reconstruction=0.3398
Epoch [397/400]
batch = 0 (Δ=0.219s, 100.00%)
Training throughput: 1 batches in 0.219s; word units 100.0% of 8 words (letters-only 100.0% of 8).
Train Loss: output=0.1750, reconstruction=0.3271
Epoch [398/400]
batch = 0 (Δ=0.215s, 100.00%)
Training throughput: 1 batches in 0.215s; word units 100.0% of 8 words (letters-only 100.0% of 8).
Train Loss: output=0.1750, reconstruction=0.3212
Epoch [399/400]
batch = 0 (Δ=0.218s, 100.00%)
Training throughput: 1 batches in 0.218s; word units 100.0% of 8 words (letters-only 100.0% of 8).
Train Loss: output=0.1750, reconstruction=0.3370
Epoch [400/400]
batch = 0 (Δ=0.226s, 100.00%)
Training throughput: 1 batches in 0.225s; word units 100.0% of 8 words (letters-only 100.0% of 8).
Train Loss: output=0.1750, reconstruction=0.3343
Final Stats:
=== Selected operation grammar ===
batch = 0 (Δ=0.237s, 100.00%)
Training throughput: 1 batches in 0.187s; word units 100.0% of 8 words (letters-only 100.0% of 8).
=== Input Reconstruction (test) ===
  row[0] input='hello world' -> reconstructed='hello ' label=0.0000 predicted=0.4999 MISMATCH
  row[1] input='hello there' -> reconstructed='hello ' label=1.0000 predicted=0.5000 MISMATCH
  row[2] input='loving world' -> reconstructed='world ' label=1.0000 predicted=0.4999 MISMATCH
  row[3] input='loving there' -> reconstructed='there ' label=0.0000 predicted=0.5000 MISMATCH
_____ TestXorGrammarReconstruction.test_piecewise_overall_at_least_50_pct ______

self = <test_explicit_dimensions.TestXorGrammarReconstruction testMethod=test_piecewise_overall_at_least_50_pct>

    @unittest.skipIf(not _RUN_SLOW, "slow (~65s end-to-end XOR_grammar train) -- set RUN_SLOW=1")
    def test_piecewise_overall_at_least_50_pct(self):
        # Keep the historical selector; the decided contract is now all four.
        from collections import Counter
        model = self.trained_xor_grammar
        recon_texts = model._grammar_gate_reconstructions
        test_input, _ = model.inputSpace.getTestData()
        self.assertEqual(len(test_input), 4)
        self.assertEqual(len(recon_texts), 4)
        self.assertFalse(any(model._grammar_gate_unavailable),
                         'every sentence must have an available grammar inverse')
        pairs = [(model._bytes_to_text(original).replace("\x00", " "), recovered)
                 for original, recovered in zip(test_input, recon_texts)]
        perfect = sum(recovered is not None and Counter(original.split()) ==
                      Counter(recovered.replace("\x00", " ").split())
                      for original, recovered in pairs)
>       self.assertEqual(perfect, 4,
            f"XOR_grammar reconstruction: {perfect}/4 word multisets recovered; {pairs}")
E       AssertionError: 2 != 4 : XOR_grammar reconstruction: 2/4 word multisets recovered; [('hello world', 'hello world'), ('hello there', 'hello there'), ('loving world', 'world world'), ('loving there', 'there there')]

test/test_explicit_dimensions.py:283: AssertionError
=============================== warnings summary ===============================
test/test_explicit_dimensions.py::TestXorGrammarLearnsXor::test_xor_class_accuracy
  /Users/arogers/github/WikiOracle/basicmodel/.venv/lib/python3.12/site-packages/torch/utils/_device.py:122: UserWarning: Sparse invariant checks are implicitly disabled. Memory errors (e.g. SEGFAULT) will occur when operating on a sparse tensor which violates the invariants, but checks incur performance overhead. To silence this warning, explicitly opt in or out. See `torch.sparse.check_sparse_tensor_invariants.__doc__` for guidance.  (Triggered internally at /Users/runner/work/pytorch/pytorch/aten/src/ATen/Context.cpp:855.)
    return func(*args, **kwargs)

-- Docs: https://docs.pytest.org/en/stable/how-to/capture-warnings.html
=========================== short test summary info ============================
FAILED test/test_explicit_dimensions.py::TestXorGrammarLearnsXor::test_xor_class_accuracy
FAILED test/test_explicit_dimensions.py::TestXorGrammarReconstruction::test_piecewise_overall_at_least_50_pct
2 failed, 1 warning in 98.34s (0:01:38)
