Starting with dynamic 2-dim embedding (words added at runtime)
{"config": "LM_5M", "serial": true, "operation_layer": "OperationSelectionLayer", "concept_binding": "mixing", "serial_object_meta": false, "protocol": true, "synthesis": "bpe", "analysis": "byte", "_word_active_mask": {"shape": [4, 1024], "nonnegative": 4096}, "_packed_sentence_ids": "None", "_ar_grammar_object_rows": "None", "_ar_concept_lookup_rows": "None", "percept_keys": []}
/Users/arogers/github/WikiOracle/basicmodel/bin/Models.py:7654: RuntimeWarning: output_state_boundary [config /Users/arogers/github/WikiOracle/basicmodel/data/MM_decode.xml]: supervised outputs with reconstruction and answerSynthesis=false use the direct head: output gradients train the whole input state; enable answerSynthesis for the concluded-idea state boundary
  warnings.warn(f"{site} [config {cfg}]: {detail}", RuntimeWarning)
/Users/arogers/github/WikiOracle/basicmodel/.venv/lib/python3.12/site-packages/torch/utils/_device.py:122: UserWarning: Sparse invariant checks are implicitly disabled. Memory errors (e.g. SEGFAULT) will occur when operating on a sparse tensor which violates the invariants, but checks incur performance overhead. To silence this warning, explicitly opt in or out. See `torch.sparse.check_sparse_tensor_invariants.__doc__` for guidance.  (Triggered internally at /Users/runner/work/pytorch/pytorch/aten/src/ATen/Context.cpp:855.)
  return func(*args, **kwargs)
{"config": "MM_decode", "serial": true, "operation_layer": "NoneType", "concept_binding": "mixing", "serial_object_meta": true, "protocol": true, "synthesis": "radix", "analysis": "raw", "_word_active_mask": {"shape": [4, 8], "nonnegative": 32}, "_packed_sentence_ids": {"shape": [4, 8], "nonnegative": 8}, "_ar_grammar_object_rows": {"shape": [4, 8], "nonnegative": 8}, "_ar_concept_lookup_rows": {"shape": [4, 8], "nonnegative": 8}, "percept_keys": ["tokens", "indices", "seed_event", "percept_store", "word_groups", "word_texts", "tile_spans", "part_spans", "percept_where", "word_part_indices", "word_part_mask", "word_part_capacity", "word_active_mask", "word_truncated_mask", "sentence_word_truncated_mask"]}
Starting with dynamic 6-dim embedding (words added at runtime)
/Users/arogers/github/WikiOracle/basicmodel/bin/Models.py:7654: RuntimeWarning: output_state_boundary [config /Users/arogers/github/WikiOracle/basicmodel/data/MM_bpe.xml]: supervised outputs with reconstruction and answerSynthesis=false use the direct head: output gradients train the whole input state; enable answerSynthesis for the concluded-idea state boundary
  warnings.warn(f"{site} [config {cfg}]: {detail}", RuntimeWarning)
{"config": "MM_bpe", "serial": true, "operation_layer": "OperationSelectionLayer", "concept_binding": "mixing", "serial_object_meta": false, "protocol": true, "synthesis": "bpe", "analysis": "byte", "_word_active_mask": {"shape": [4, 8], "nonnegative": 32}, "_packed_sentence_ids": "None", "_ar_grammar_object_rows": "None", "_ar_concept_lookup_rows": "None", "percept_keys": []}
Starting with dynamic 6-dim embedding (words added at runtime)
  Building span table: 0/4 docs
/Users/arogers/github/WikiOracle/basicmodel/bin/Models.py:7654: RuntimeWarning: output_state_boundary [config /Users/arogers/github/WikiOracle/basicmodel/data/MM_grammar.xml]: supervised outputs with reconstruction and answerSynthesis=false use the direct head: output gradients train the whole input state; enable answerSynthesis for the concluded-idea state boundary
  warnings.warn(f"{site} [config {cfg}]: {detail}", RuntimeWarning)
{"config": "MM_grammar", "serial": true, "operation_layer": "OperationSelectionLayer", "concept_binding": "mixing", "serial_object_meta": false, "protocol": true, "synthesis": "lexicon", "analysis": "byte", "_word_active_mask": {"shape": [4, 8], "nonnegative": 32}, "_packed_sentence_ids": {"shape": [4, 8], "nonnegative": 12}, "_ar_grammar_object_rows": {"shape": [4, 8], "nonnegative": 8}, "_ar_concept_lookup_rows": {"shape": [4, 8], "nonnegative": 8}, "percept_keys": ["tokens", "indices"]}
Starting with dynamic 2-dim embedding (words added at runtime)
  Building span table: 0/4 docs
/Users/arogers/github/WikiOracle/basicmodel/bin/Models.py:7654: RuntimeWarning: output_state_boundary [config /Users/arogers/github/WikiOracle/basicmodel/data/XOR_grammar.xml]: supervised outputs with reconstruction and answerSynthesis=false use the direct head: output gradients train the whole input state; enable answerSynthesis for the concluded-idea state boundary
  warnings.warn(f"{site} [config {cfg}]: {detail}", RuntimeWarning)
{"config": "XOR_grammar", "serial": true, "operation_layer": "OperationSelectionLayer", "concept_binding": "mixing", "serial_object_meta": false, "protocol": true, "synthesis": "lexicon", "analysis": "byte", "_word_active_mask": {"shape": [4, 6], "nonnegative": 24}, "_packed_sentence_ids": {"shape": [4, 6], "nonnegative": 12}, "_ar_grammar_object_rows": {"shape": [4, 6], "nonnegative": 8}, "_ar_concept_lookup_rows": {"shape": [4, 6], "nonnegative": 8}, "percept_keys": ["tokens", "indices"]}
Starting with dynamic 12-dim embedding (words added at runtime)
  Building span table: 0/4 docs
/Users/arogers/github/WikiOracle/basicmodel/bin/Models.py:7654: RuntimeWarning: output_state_boundary [config /Users/arogers/github/WikiOracle/basicmodel/data/POS_smoke.xml]: supervised outputs with reconstruction and answerSynthesis=false use the direct head: output gradients train the whole input state; enable answerSynthesis for the concluded-idea state boundary
  warnings.warn(f"{site} [config {cfg}]: {detail}", RuntimeWarning)
{"config": "POS_smoke", "serial": true, "operation_layer": "OperationSelectionLayer", "concept_binding": "mixing", "serial_object_meta": false, "protocol": true, "synthesis": "lexicon", "analysis": "byte", "_word_active_mask": {"shape": [4, 8], "nonnegative": 32}, "_packed_sentence_ids": {"shape": [4, 8], "nonnegative": 12}, "_ar_grammar_object_rows": {"shape": [4, 8], "nonnegative": 8}, "_ar_concept_lookup_rows": {"shape": [4, 8], "nonnegative": 8}, "percept_keys": ["tokens", "indices"]}
