Device: cpu
/Users/arogers/github/WikiOracle/basicmodel/.venv/lib/python3.12/site-packages/torch/utils/_device.py:122: UserWarning: Sparse invariant checks are implicitly disabled. Memory errors (e.g. SEGFAULT) will occur when operating on a sparse tensor which violates the invariants, but checks incur performance overhead. To silence this warning, explicitly opt in or out. See `torch.sparse.check_sparse_tensor_invariants.__doc__` for guidance.  (Triggered internally at /Users/runner/work/pytorch/pytorch/aten/src/ATen/Context.cpp:855.)
  return func(*args, **kwargs)
Peer pipeline: static PS/WS stage bodies compiled separately; legacy compatibility scheduler remains outside fullgraph capture


==== BasicModel ====

Trial [1/1]
Baseline test pass skipped (--test not specified). Re-invoke train.py with --test to include baseline + post-epoch evaluation.
Epoch [1/400]
[AMP] off (fp32, MODEL_AMP unset or =off)
batch = 0 (warm-up, 100.00%)
Training throughput: 1 batches in 0.683s; word units 100.0% of 8 words (letters-only 100.0% of 8).
Train Loss: output=0.1928, reconstruction=1.0529
Epoch [2/400]
batch = 0 (Δ=0.263s, 100.00%)
Training throughput: 1 batches in 0.261s; word units 100.0% of 8 words (letters-only 100.0% of 8).
Train Loss: output=0.1884, reconstruction=1.3655
Epoch [3/400]
batch = 0 (Δ=0.270s, 100.00%)
Training throughput: 1 batches in 0.269s; word units 100.0% of 8 words (letters-only 100.0% of 8).
Train Loss: output=0.1766, reconstruction=1.6558
Epoch [4/400]
batch = 0 (Δ=0.261s, 100.00%)
Training throughput: 1 batches in 0.260s; word units 100.0% of 8 words (letters-only 100.0% of 8).
Train Loss: output=0.1876, reconstruction=1.9138
Epoch [5/400]
batch = 0 (Δ=0.267s, 100.00%)
Training throughput: 1 batches in 0.267s; word units 100.0% of 8 words (letters-only 100.0% of 8).
Train Loss: output=0.1750, reconstruction=2.1398
Epoch [6/400]
batch = 0 (Δ=0.262s, 100.00%)
Training throughput: 1 batches in 0.261s; word units 100.0% of 8 words (letters-only 100.0% of 8).
Train Loss: output=0.1838, reconstruction=2.3367
Epoch [7/400]
batch = 0 (Δ=0.273s, 100.00%)
Training throughput: 1 batches in 0.272s; word units 100.0% of 8 words (letters-only 100.0% of 8).
Train Loss: output=0.1764, reconstruction=2.5082
Epoch [8/400]
batch = 0 (Δ=0.283s, 100.00%)
Training throughput: 1 batches in 0.282s; word units 100.0% of 8 words (letters-only 100.0% of 8).
Train Loss: output=0.1790, reconstruction=2.6578
Epoch [9/400]
batch = 0 (Δ=0.269s, 100.00%)
Training throughput: 1 batches in 0.268s; word units 100.0% of 8 words (letters-only 100.0% of 8).
Train Loss: output=0.1791, reconstruction=2.7886
Epoch [10/400]
batch = 0 (Δ=0.267s, 100.00%)
Training throughput: 1 batches in 0.267s; word units 100.0% of 8 words (letters-only 100.0% of 8).
Train Loss: output=0.1754, reconstruction=2.9032
Epoch [11/400]
batch = 0 (Δ=0.269s, 100.00%)
Training throughput: 1 batches in 0.268s; word units 100.0% of 8 words (letters-only 100.0% of 8).
Train Loss: output=0.1791, reconstruction=3.0038
Epoch [12/400]
batch = 0 (Δ=0.263s, 100.00%)
Training throughput: 1 batches in 0.262s; word units 100.0% of 8 words (letters-only 100.0% of 8).
Train Loss: output=0.1760, reconstruction=3.0924
Epoch [13/400]
batch = 0 (Δ=0.262s, 100.00%)
Training throughput: 1 batches in 0.261s; word units 100.0% of 8 words (letters-only 100.0% of 8).
Train Loss: output=0.1759, reconstruction=3.1705
Epoch [14/400]
batch = 0 (Δ=0.263s, 100.00%)
Training throughput: 1 batches in 0.263s; word units 100.0% of 8 words (letters-only 100.0% of 8).
Train Loss: output=0.1775, reconstruction=3.2395
Epoch [15/400]
batch = 0 (Δ=0.257s, 100.00%)
Training throughput: 1 batches in 0.256s; word units 100.0% of 8 words (letters-only 100.0% of 8).
Train Loss: output=0.1756, reconstruction=3.3007
Epoch [16/400]
batch = 0 (Δ=0.264s, 100.00%)
Training throughput: 1 batches in 0.263s; word units 100.0% of 8 words (letters-only 100.0% of 8).
Train Loss: output=0.1753, reconstruction=3.3549
Epoch [17/400]
batch = 0 (Δ=0.258s, 100.00%)
Training throughput: 1 batches in 0.257s; word units 100.0% of 8 words (letters-only 100.0% of 8).
Train Loss: output=0.1764, reconstruction=3.4031
Epoch [18/400]
batch = 0 (Δ=0.259s, 100.00%)
Training throughput: 1 batches in 0.259s; word units 100.0% of 8 words (letters-only 100.0% of 8).
Train Loss: output=0.1760, reconstruction=3.4460
Epoch [19/400]
batch = 0 (Δ=0.259s, 100.00%)
Training throughput: 1 batches in 0.258s; word units 100.0% of 8 words (letters-only 100.0% of 8).
Train Loss: output=0.1751, reconstruction=3.4841
Epoch [20/400]
batch = 0 (Δ=0.258s, 100.00%)
Training throughput: 1 batches in 0.257s; word units 100.0% of 8 words (letters-only 100.0% of 8).
Train Loss: output=0.1752, reconstruction=3.5182
Epoch [21/400]
batch = 0 (Δ=0.257s, 100.00%)
Training throughput: 1 batches in 0.256s; word units 100.0% of 8 words (letters-only 100.0% of 8).
Train Loss: output=0.1756, reconstruction=3.5486
Epoch [22/400]
batch = 0 (Δ=0.260s, 100.00%)
Training throughput: 1 batches in 0.259s; word units 100.0% of 8 words (letters-only 100.0% of 8).
Train Loss: output=0.1756, reconstruction=3.5757
Epoch [23/400]
batch = 0 (Δ=0.259s, 100.00%)
Training throughput: 1 batches in 0.258s; word units 100.0% of 8 words (letters-only 100.0% of 8).
Train Loss: output=0.1753, reconstruction=3.6000
Epoch [24/400]
batch = 0 (Δ=0.257s, 100.00%)
Training throughput: 1 batches in 0.256s; word units 100.0% of 8 words (letters-only 100.0% of 8).
Train Loss: output=0.1750, reconstruction=3.6217
Epoch [25/400]
batch = 0 (Δ=0.261s, 100.00%)
Training throughput: 1 batches in 0.260s; word units 100.0% of 8 words (letters-only 100.0% of 8).
Train Loss: output=0.1750, reconstruction=3.6411
Epoch [26/400]
batch = 0 (Δ=0.262s, 100.00%)
Training throughput: 1 batches in 0.261s; word units 100.0% of 8 words (letters-only 100.0% of 8).
Train Loss: output=0.1751, reconstruction=3.6585
Epoch [27/400]
batch = 0 (Δ=0.260s, 100.00%)
Training throughput: 1 batches in 0.259s; word units 100.0% of 8 words (letters-only 100.0% of 8).
Train Loss: output=0.1752, reconstruction=3.6741
Epoch [28/400]
batch = 0 (Δ=0.259s, 100.00%)
Training throughput: 1 batches in 0.258s; word units 100.0% of 8 words (letters-only 100.0% of 8).
Train Loss: output=0.1752, reconstruction=3.6880
Epoch [29/400]
batch = 0 (Δ=0.260s, 100.00%)
Training throughput: 1 batches in 0.259s; word units 100.0% of 8 words (letters-only 100.0% of 8).
Train Loss: output=0.1752, reconstruction=3.7005
Epoch [30/400]
batch = 0 (Δ=0.348s, 100.00%)
Training throughput: 1 batches in 0.347s; word units 100.0% of 8 words (letters-only 100.0% of 8).
Train Loss: output=0.1751, reconstruction=3.7118
Epoch [31/400]
batch = 0 (Δ=0.259s, 100.00%)
Training throughput: 1 batches in 0.258s; word units 100.0% of 8 words (letters-only 100.0% of 8).
Train Loss: output=0.1751, reconstruction=3.7218
Epoch [32/400]
batch = 0 (Δ=0.259s, 100.00%)
Training throughput: 1 batches in 0.258s; word units 100.0% of 8 words (letters-only 100.0% of 8).
Train Loss: output=0.1750, reconstruction=3.7309
Epoch [33/400]
batch = 0 (Δ=0.264s, 100.00%)
Training throughput: 1 batches in 0.263s; word units 100.0% of 8 words (letters-only 100.0% of 8).
Train Loss: output=0.1750, reconstruction=3.7390
Epoch [34/400]
batch = 0 (Δ=0.260s, 100.00%)
Training throughput: 1 batches in 0.259s; word units 100.0% of 8 words (letters-only 100.0% of 8).
Train Loss: output=0.1750, reconstruction=3.7462
Epoch [35/400]
batch = 0 (Δ=0.267s, 100.00%)
Training throughput: 1 batches in 0.265s; word units 100.0% of 8 words (letters-only 100.0% of 8).
Train Loss: output=0.1750, reconstruction=3.7528
Epoch [36/400]
batch = 0 (Δ=0.262s, 100.00%)
Training throughput: 1 batches in 0.261s; word units 100.0% of 8 words (letters-only 100.0% of 8).
Train Loss: output=0.1750, reconstruction=3.7586
Epoch [37/400]
batch = 0 (Δ=0.263s, 100.00%)
Training throughput: 1 batches in 0.262s; word units 100.0% of 8 words (letters-only 100.0% of 8).
Train Loss: output=0.1750, reconstruction=3.7639
Epoch [38/400]
batch = 0 (Δ=0.260s, 100.00%)
Training throughput: 1 batches in 0.259s; word units 100.0% of 8 words (letters-only 100.0% of 8).
Train Loss: output=0.1750, reconstruction=3.7686
Epoch [39/400]
batch = 0 (Δ=0.267s, 100.00%)
Training throughput: 1 batches in 0.266s; word units 100.0% of 8 words (letters-only 100.0% of 8).
Train Loss: output=0.1750, reconstruction=3.7728
Epoch [40/400]
batch = 0 (Δ=0.272s, 100.00%)
Training throughput: 1 batches in 0.271s; word units 100.0% of 8 words (letters-only 100.0% of 8).
Train Loss: output=0.1750, reconstruction=3.7766
Epoch [41/400]
batch = 0 (Δ=0.263s, 100.00%)
Training throughput: 1 batches in 0.262s; word units 100.0% of 8 words (letters-only 100.0% of 8).
Train Loss: output=0.1750, reconstruction=3.7800
Epoch [42/400]
batch = 0 (Δ=0.262s, 100.00%)
Training throughput: 1 batches in 0.261s; word units 100.0% of 8 words (letters-only 100.0% of 8).
Train Loss: output=0.1750, reconstruction=3.7831
Epoch [43/400]
batch = 0 (Δ=0.263s, 100.00%)
Training throughput: 1 batches in 0.262s; word units 100.0% of 8 words (letters-only 100.0% of 8).
Train Loss: output=0.1750, reconstruction=3.7858
Epoch [44/400]
batch = 0 (Δ=0.265s, 100.00%)
Training throughput: 1 batches in 0.264s; word units 100.0% of 8 words (letters-only 100.0% of 8).
Train Loss: output=0.1750, reconstruction=3.7883
Epoch [45/400]
batch = 0 (Δ=0.263s, 100.00%)
Training throughput: 1 batches in 0.262s; word units 100.0% of 8 words (letters-only 100.0% of 8).
Train Loss: output=0.1750, reconstruction=3.7905
Epoch [46/400]
batch = 0 (Δ=0.262s, 100.00%)
Training throughput: 1 batches in 0.261s; word units 100.0% of 8 words (letters-only 100.0% of 8).
Train Loss: output=0.1750, reconstruction=3.7924
Epoch [47/400]
batch = 0 (Δ=0.265s, 100.00%)
Training throughput: 1 batches in 0.264s; word units 100.0% of 8 words (letters-only 100.0% of 8).
Train Loss: output=0.1750, reconstruction=3.7942
Epoch [48/400]
batch = 0 (Δ=0.262s, 100.00%)
Training throughput: 1 batches in 0.261s; word units 100.0% of 8 words (letters-only 100.0% of 8).
Train Loss: output=0.1750, reconstruction=3.7958
Epoch [49/400]
batch = 0 (Δ=0.359s, 100.00%)
Training throughput: 1 batches in 0.358s; word units 100.0% of 8 words (letters-only 100.0% of 8).
Train Loss: output=0.1750, reconstruction=3.7972
Epoch [50/400]
batch = 0 (Δ=0.269s, 100.00%)
Training throughput: 1 batches in 0.268s; word units 100.0% of 8 words (letters-only 100.0% of 8).
Train Loss: output=0.1750, reconstruction=3.7985
Epoch [51/400]
batch = 0 (Δ=0.263s, 100.00%)
Training throughput: 1 batches in 0.262s; word units 100.0% of 8 words (letters-only 100.0% of 8).
Train Loss: output=0.1750, reconstruction=3.7996
Epoch [52/400]
batch = 0 (Δ=0.262s, 100.00%)
Training throughput: 1 batches in 0.261s; word units 100.0% of 8 words (letters-only 100.0% of 8).
Train Loss: output=0.1750, reconstruction=3.8006
Epoch [53/400]
batch = 0 (Δ=0.262s, 100.00%)
Training throughput: 1 batches in 0.261s; word units 100.0% of 8 words (letters-only 100.0% of 8).
Train Loss: output=0.1750, reconstruction=3.8015
Epoch [54/400]
batch = 0 (Δ=0.261s, 100.00%)
Training throughput: 1 batches in 0.260s; word units 100.0% of 8 words (letters-only 100.0% of 8).
Train Loss: output=0.1750, reconstruction=3.8023
Epoch [55/400]
batch = 0 (Δ=0.263s, 100.00%)
Training throughput: 1 batches in 0.262s; word units 100.0% of 8 words (letters-only 100.0% of 8).
Train Loss: output=0.1750, reconstruction=3.8030
Epoch [56/400]
batch = 0 (Δ=0.265s, 100.00%)
Training throughput: 1 batches in 0.264s; word units 100.0% of 8 words (letters-only 100.0% of 8).
Train Loss: output=0.1750, reconstruction=3.8037
Epoch [57/400]
batch = 0 (Δ=0.262s, 100.00%)
Training throughput: 1 batches in 0.262s; word units 100.0% of 8 words (letters-only 100.0% of 8).
Train Loss: output=0.1750, reconstruction=3.8042
Epoch [58/400]
batch = 0 (Δ=0.261s, 100.00%)
Training throughput: 1 batches in 0.260s; word units 100.0% of 8 words (letters-only 100.0% of 8).
Train Loss: output=0.1750, reconstruction=3.8047
Epoch [59/400]
batch = 0 (Δ=0.262s, 100.00%)
Training throughput: 1 batches in 0.261s; word units 100.0% of 8 words (letters-only 100.0% of 8).
Train Loss: output=0.1750, reconstruction=3.8052
Epoch [60/400]
batch = 0 (Δ=0.264s, 100.00%)
Training throughput: 1 batches in 0.263s; word units 100.0% of 8 words (letters-only 100.0% of 8).
Train Loss: output=0.1750, reconstruction=3.8056
Epoch [61/400]
batch = 0 (Δ=0.262s, 100.00%)
Training throughput: 1 batches in 0.261s; word units 100.0% of 8 words (letters-only 100.0% of 8).
Train Loss: output=0.1750, reconstruction=3.8059
Epoch [62/400]
batch = 0 (Δ=0.262s, 100.00%)
Training throughput: 1 batches in 0.261s; word units 100.0% of 8 words (letters-only 100.0% of 8).
Train Loss: output=0.1750, reconstruction=3.8063
Epoch [63/400]
batch = 0 (Δ=0.261s, 100.00%)
Training throughput: 1 batches in 0.260s; word units 100.0% of 8 words (letters-only 100.0% of 8).
Train Loss: output=0.1750, reconstruction=3.8065
Epoch [64/400]
batch = 0 (Δ=0.264s, 100.00%)
Training throughput: 1 batches in 0.263s; word units 100.0% of 8 words (letters-only 100.0% of 8).
Train Loss: output=0.1750, reconstruction=3.8068
Epoch [65/400]
batch = 0 (Δ=0.263s, 100.00%)
Training throughput: 1 batches in 0.262s; word units 100.0% of 8 words (letters-only 100.0% of 8).
Train Loss: output=0.1750, reconstruction=3.8070
Epoch [66/400]
batch = 0 (Δ=0.270s, 100.00%)
Training throughput: 1 batches in 0.269s; word units 100.0% of 8 words (letters-only 100.0% of 8).
Train Loss: output=0.1750, reconstruction=3.8072
Epoch [67/400]
batch = 0 (Δ=0.264s, 100.00%)
Training throughput: 1 batches in 0.263s; word units 100.0% of 8 words (letters-only 100.0% of 8).
Train Loss: output=0.1750, reconstruction=3.8073
Epoch [68/400]
batch = 0 (Δ=0.265s, 100.00%)
Training throughput: 1 batches in 0.264s; word units 100.0% of 8 words (letters-only 100.0% of 8).
Train Loss: output=0.1750, reconstruction=3.8075
Epoch [69/400]
batch = 0 (Δ=0.265s, 100.00%)
Training throughput: 1 batches in 0.264s; word units 100.0% of 8 words (letters-only 100.0% of 8).
Train Loss: output=0.1750, reconstruction=3.8076
Epoch [70/400]
batch = 0 (Δ=0.263s, 100.00%)
Training throughput: 1 batches in 0.262s; word units 100.0% of 8 words (letters-only 100.0% of 8).
Train Loss: output=0.1750, reconstruction=3.8077
Epoch [71/400]
batch = 0 (Δ=0.265s, 100.00%)
Training throughput: 1 batches in 0.264s; word units 100.0% of 8 words (letters-only 100.0% of 8).
Train Loss: output=0.1750, reconstruction=3.8078
Epoch [72/400]
batch = 0 (Δ=0.268s, 100.00%)
Training throughput: 1 batches in 0.267s; word units 100.0% of 8 words (letters-only 100.0% of 8).
Train Loss: output=0.1750, reconstruction=3.8079
Epoch [73/400]
batch = 0 (Δ=0.354s, 100.00%)
Training throughput: 1 batches in 0.353s; word units 100.0% of 8 words (letters-only 100.0% of 8).
Train Loss: output=0.1750, reconstruction=3.8079
Epoch [74/400]
batch = 0 (Δ=0.266s, 100.00%)
Training throughput: 1 batches in 0.265s; word units 100.0% of 8 words (letters-only 100.0% of 8).
Train Loss: output=0.1750, reconstruction=3.8080
Epoch [75/400]
batch = 0 (Δ=0.266s, 100.00%)
Training throughput: 1 batches in 0.265s; word units 100.0% of 8 words (letters-only 100.0% of 8).
Train Loss: output=0.1750, reconstruction=3.8080
Epoch [76/400]
batch = 0 (Δ=0.269s, 100.00%)
Training throughput: 1 batches in 0.268s; word units 100.0% of 8 words (letters-only 100.0% of 8).
Train Loss: output=0.1750, reconstruction=3.8080
Epoch [77/400]
batch = 0 (Δ=0.268s, 100.00%)
Training throughput: 1 batches in 0.267s; word units 100.0% of 8 words (letters-only 100.0% of 8).
Train Loss: output=0.1750, reconstruction=3.8081
Epoch [78/400]
batch = 0 (Δ=0.265s, 100.00%)
Training throughput: 1 batches in 0.264s; word units 100.0% of 8 words (letters-only 100.0% of 8).
Train Loss: output=0.1750, reconstruction=3.8081
Epoch [79/400]
batch = 0 (Δ=0.266s, 100.00%)
Training throughput: 1 batches in 0.265s; word units 100.0% of 8 words (letters-only 100.0% of 8).
Train Loss: output=0.1750, reconstruction=3.8081
Epoch [80/400]
batch = 0 (Δ=0.269s, 100.00%)
Training throughput: 1 batches in 0.269s; word units 100.0% of 8 words (letters-only 100.0% of 8).
Train Loss: output=0.1750, reconstruction=3.8081
Epoch [81/400]
batch = 0 (Δ=0.267s, 100.00%)
Training throughput: 1 batches in 0.266s; word units 100.0% of 8 words (letters-only 100.0% of 8).
Train Loss: output=0.1750, reconstruction=3.8081
Epoch [82/400]
batch = 0 (Δ=0.274s, 100.00%)
Training throughput: 1 batches in 0.273s; word units 100.0% of 8 words (letters-only 100.0% of 8).
Train Loss: output=0.1750, reconstruction=3.8081
Epoch [83/400]
batch = 0 (Δ=0.266s, 100.00%)
Training throughput: 1 batches in 0.265s; word units 100.0% of 8 words (letters-only 100.0% of 8).
Train Loss: output=0.1750, reconstruction=3.8081
Epoch [84/400]
batch = 0 (Δ=0.266s, 100.00%)
Training throughput: 1 batches in 0.266s; word units 100.0% of 8 words (letters-only 100.0% of 8).
Train Loss: output=0.1750, reconstruction=3.8081
Epoch [85/400]
batch = 0 (Δ=0.269s, 100.00%)
Training throughput: 1 batches in 0.268s; word units 100.0% of 8 words (letters-only 100.0% of 8).
Train Loss: output=0.1750, reconstruction=3.8081
Epoch [86/400]
batch = 0 (Δ=0.266s, 100.00%)
Training throughput: 1 batches in 0.265s; word units 100.0% of 8 words (letters-only 100.0% of 8).
Train Loss: output=0.1750, reconstruction=3.8081
Epoch [87/400]
batch = 0 (Δ=0.264s, 100.00%)
Training throughput: 1 batches in 0.263s; word units 100.0% of 8 words (letters-only 100.0% of 8).
Train Loss: output=0.1750, reconstruction=3.8081
Epoch [88/400]
batch = 0 (Δ=0.264s, 100.00%)
Training throughput: 1 batches in 0.263s; word units 100.0% of 8 words (letters-only 100.0% of 8).
Train Loss: output=0.1750, reconstruction=3.8080
Epoch [89/400]
batch = 0 (Δ=0.265s, 100.00%)
Training throughput: 1 batches in 0.264s; word units 100.0% of 8 words (letters-only 100.0% of 8).
Train Loss: output=0.1750, reconstruction=3.8080
Epoch [90/400]
batch = 0 (Δ=0.265s, 100.00%)
Training throughput: 1 batches in 0.264s; word units 100.0% of 8 words (letters-only 100.0% of 8).
Train Loss: output=0.1750, reconstruction=3.8080
Epoch [91/400]
batch = 0 (Δ=0.267s, 100.00%)
Training throughput: 1 batches in 0.266s; word units 100.0% of 8 words (letters-only 100.0% of 8).
Train Loss: output=0.1750, reconstruction=3.8080
Epoch [92/400]
batch = 0 (Δ=0.358s, 100.00%)
Training throughput: 1 batches in 0.357s; word units 100.0% of 8 words (letters-only 100.0% of 8).
Train Loss: output=0.1750, reconstruction=3.8079
Epoch [93/400]
batch = 0 (Δ=0.271s, 100.00%)
Training throughput: 1 batches in 0.270s; word units 100.0% of 8 words (letters-only 100.0% of 8).
Train Loss: output=0.1750, reconstruction=3.8079
Epoch [94/400]
batch = 0 (Δ=0.265s, 100.00%)
Training throughput: 1 batches in 0.264s; word units 100.0% of 8 words (letters-only 100.0% of 8).
Train Loss: output=0.1750, reconstruction=3.8079
Epoch [95/400]
batch = 0 (Δ=0.266s, 100.00%)
Training throughput: 1 batches in 0.265s; word units 100.0% of 8 words (letters-only 100.0% of 8).
Train Loss: output=0.1750, reconstruction=3.8079
Epoch [96/400]
batch = 0 (Δ=0.269s, 100.00%)
Training throughput: 1 batches in 0.268s; word units 100.0% of 8 words (letters-only 100.0% of 8).
Train Loss: output=0.1750, reconstruction=3.8078
Epoch [97/400]
batch = 0 (Δ=0.268s, 100.00%)
Training throughput: 1 batches in 0.267s; word units 100.0% of 8 words (letters-only 100.0% of 8).
Train Loss: output=0.1750, reconstruction=3.8078
Epoch [98/400]
batch = 0 (Δ=0.268s, 100.00%)
Training throughput: 1 batches in 0.267s; word units 100.0% of 8 words (letters-only 100.0% of 8).
Train Loss: output=0.1750, reconstruction=3.8078
Epoch [99/400]
batch = 0 (Δ=0.268s, 100.00%)
Training throughput: 1 batches in 0.267s; word units 100.0% of 8 words (letters-only 100.0% of 8).
Train Loss: output=0.1750, reconstruction=3.8077
Epoch [100/400]
batch = 0 (Δ=0.267s, 100.00%)
Training throughput: 1 batches in 0.266s; word units 100.0% of 8 words (letters-only 100.0% of 8).
Train Loss: output=0.1750, reconstruction=3.8077
Epoch [101/400]
batch = 0 (Δ=0.267s, 100.00%)
Training throughput: 1 batches in 0.266s; word units 100.0% of 8 words (letters-only 100.0% of 8).
Train Loss: output=0.1750, reconstruction=3.8077
Epoch [102/400]
batch = 0 (Δ=0.271s, 100.00%)
Training throughput: 1 batches in 0.270s; word units 100.0% of 8 words (letters-only 100.0% of 8).
Train Loss: output=0.1750, reconstruction=3.8077
Epoch [103/400]
batch = 0 (Δ=0.268s, 100.00%)
Training throughput: 1 batches in 0.267s; word units 100.0% of 8 words (letters-only 100.0% of 8).
Train Loss: output=0.1750, reconstruction=3.8076
Epoch [104/400]
batch = 0 (Δ=0.265s, 100.00%)
Training throughput: 1 batches in 0.264s; word units 100.0% of 8 words (letters-only 100.0% of 8).
Train Loss: output=0.1750, reconstruction=3.8076
Epoch [105/400]
batch = 0 (Δ=0.266s, 100.00%)
Training throughput: 1 batches in 0.265s; word units 100.0% of 8 words (letters-only 100.0% of 8).
Train Loss: output=0.1750, reconstruction=3.8076
Epoch [106/400]
batch = 0 (Δ=0.266s, 100.00%)
Training throughput: 1 batches in 0.265s; word units 100.0% of 8 words (letters-only 100.0% of 8).
Train Loss: output=0.1750, reconstruction=3.8075
Epoch [107/400]
batch = 0 (Δ=0.267s, 100.00%)
Training throughput: 1 batches in 0.266s; word units 100.0% of 8 words (letters-only 100.0% of 8).
Train Loss: output=0.1750, reconstruction=3.8075
Epoch [108/400]
batch = 0 (Δ=0.270s, 100.00%)
Training throughput: 1 batches in 0.269s; word units 100.0% of 8 words (letters-only 100.0% of 8).
Train Loss: output=0.1750, reconstruction=3.8075
Epoch [109/400]
batch = 0 (Δ=0.268s, 100.00%)
Training throughput: 1 batches in 0.267s; word units 100.0% of 8 words (letters-only 100.0% of 8).
Train Loss: output=0.1750, reconstruction=3.8074
Epoch [110/400]
batch = 0 (Δ=0.267s, 100.00%)
Training throughput: 1 batches in 0.266s; word units 100.0% of 8 words (letters-only 100.0% of 8).
Train Loss: output=0.1750, reconstruction=3.8074
Epoch [111/400]
batch = 0 (Δ=0.268s, 100.00%)
Training throughput: 1 batches in 0.267s; word units 100.0% of 8 words (letters-only 100.0% of 8).
Train Loss: output=0.1750, reconstruction=3.8074
Epoch [112/400]
batch = 0 (Δ=0.277s, 100.00%)
Training throughput: 1 batches in 0.276s; word units 100.0% of 8 words (letters-only 100.0% of 8).
Train Loss: output=0.1750, reconstruction=3.8074
Epoch [113/400]
batch = 0 (Δ=0.269s, 100.00%)
Training throughput: 1 batches in 0.268s; word units 100.0% of 8 words (letters-only 100.0% of 8).
Train Loss: output=0.1750, reconstruction=3.8073
Epoch [114/400]
batch = 0 (Δ=0.354s, 100.00%)
Training throughput: 1 batches in 0.353s; word units 100.0% of 8 words (letters-only 100.0% of 8).
Train Loss: output=0.1750, reconstruction=3.8073
Epoch [115/400]
batch = 0 (Δ=0.269s, 100.00%)
Training throughput: 1 batches in 0.268s; word units 100.0% of 8 words (letters-only 100.0% of 8).
Train Loss: output=0.1750, reconstruction=3.8073
Epoch [116/400]
batch = 0 (Δ=0.275s, 100.00%)
Training throughput: 1 batches in 0.274s; word units 100.0% of 8 words (letters-only 100.0% of 8).
Train Loss: output=0.1750, reconstruction=3.8072
Epoch [117/400]
batch = 0 (Δ=0.268s, 100.00%)
Training throughput: 1 batches in 0.267s; word units 100.0% of 8 words (letters-only 100.0% of 8).
Train Loss: output=0.1750, reconstruction=3.8072
Epoch [118/400]
batch = 0 (Δ=0.269s, 100.00%)
Training throughput: 1 batches in 0.268s; word units 100.0% of 8 words (letters-only 100.0% of 8).
Train Loss: output=0.1750, reconstruction=3.8072
Epoch [119/400]
batch = 0 (Δ=0.267s, 100.00%)
Training throughput: 1 batches in 0.266s; word units 100.0% of 8 words (letters-only 100.0% of 8).
Train Loss: output=0.1750, reconstruction=3.8072
Epoch [120/400]
batch = 0 (Δ=0.267s, 100.00%)
Training throughput: 1 batches in 0.266s; word units 100.0% of 8 words (letters-only 100.0% of 8).
Train Loss: output=0.1750, reconstruction=3.8071
Epoch [121/400]
batch = 0 (Δ=0.268s, 100.00%)
Training throughput: 1 batches in 0.267s; word units 100.0% of 8 words (letters-only 100.0% of 8).
Train Loss: output=0.1750, reconstruction=3.8071
Epoch [122/400]
batch = 0 (Δ=0.269s, 100.00%)
Training throughput: 1 batches in 0.268s; word units 100.0% of 8 words (letters-only 100.0% of 8).
Train Loss: output=0.1750, reconstruction=3.8071
Epoch [123/400]
batch = 0 (Δ=0.271s, 100.00%)
Training throughput: 1 batches in 0.270s; word units 100.0% of 8 words (letters-only 100.0% of 8).
Train Loss: output=0.1750, reconstruction=3.8070
Epoch [124/400]
batch = 0 (Δ=0.267s, 100.00%)
Training throughput: 1 batches in 0.266s; word units 100.0% of 8 words (letters-only 100.0% of 8).
Train Loss: output=0.1750, reconstruction=3.8070
Epoch [125/400]
batch = 0 (Δ=0.268s, 100.00%)
Training throughput: 1 batches in 0.267s; word units 100.0% of 8 words (letters-only 100.0% of 8).
Train Loss: output=0.1750, reconstruction=3.8070
Epoch [126/400]
batch = 0 (Δ=0.272s, 100.00%)
Training throughput: 1 batches in 0.271s; word units 100.0% of 8 words (letters-only 100.0% of 8).
Train Loss: output=0.1750, reconstruction=3.8070
Epoch [127/400]
batch = 0 (Δ=0.269s, 100.00%)
Training throughput: 1 batches in 0.268s; word units 100.0% of 8 words (letters-only 100.0% of 8).
Train Loss: output=0.1750, reconstruction=3.8069
Epoch [128/400]
batch = 0 (Δ=0.269s, 100.00%)
Training throughput: 1 batches in 0.269s; word units 100.0% of 8 words (letters-only 100.0% of 8).
Train Loss: output=0.1750, reconstruction=3.8069
Epoch [129/400]
batch = 0 (Δ=0.268s, 100.00%)
Training throughput: 1 batches in 0.267s; word units 100.0% of 8 words (letters-only 100.0% of 8).
Train Loss: output=0.1750, reconstruction=3.8069
Epoch [130/400]
batch = 0 (Δ=0.268s, 100.00%)
Training throughput: 1 batches in 0.267s; word units 100.0% of 8 words (letters-only 100.0% of 8).
Train Loss: output=0.1750, reconstruction=3.8069
Epoch [131/400]
batch = 0 (Δ=0.268s, 100.00%)
Training throughput: 1 batches in 0.267s; word units 100.0% of 8 words (letters-only 100.0% of 8).
Train Loss: output=0.1750, reconstruction=3.8068
Epoch [132/400]
batch = 0 (Δ=0.270s, 100.00%)
Training throughput: 1 batches in 0.269s; word units 100.0% of 8 words (letters-only 100.0% of 8).
Train Loss: output=0.1750, reconstruction=3.8068
Epoch [133/400]
batch = 0 (Δ=0.270s, 100.00%)
Training throughput: 1 batches in 0.269s; word units 100.0% of 8 words (letters-only 100.0% of 8).
Train Loss: output=0.1750, reconstruction=3.8068
Epoch [134/400]
batch = 0 (Δ=0.270s, 100.00%)
Training throughput: 1 batches in 0.269s; word units 100.0% of 8 words (letters-only 100.0% of 8).
Train Loss: output=0.1750, reconstruction=3.8068
Epoch [135/400]
batch = 0 (Δ=0.268s, 100.00%)
Training throughput: 1 batches in 0.267s; word units 100.0% of 8 words (letters-only 100.0% of 8).
Train Loss: output=0.1750, reconstruction=3.8067
Epoch [136/400]
batch = 0 (Δ=0.355s, 100.00%)
Training throughput: 1 batches in 0.354s; word units 100.0% of 8 words (letters-only 100.0% of 8).
Train Loss: output=0.1750, reconstruction=3.8067
Epoch [137/400]
batch = 0 (Δ=0.271s, 100.00%)
Training throughput: 1 batches in 0.270s; word units 100.0% of 8 words (letters-only 100.0% of 8).
Train Loss: output=0.1750, reconstruction=3.8067
Epoch [138/400]
batch = 0 (Δ=0.269s, 100.00%)
Training throughput: 1 batches in 0.268s; word units 100.0% of 8 words (letters-only 100.0% of 8).
Train Loss: output=0.1750, reconstruction=3.8067
Epoch [139/400]
batch = 0 (Δ=0.271s, 100.00%)
Training throughput: 1 batches in 0.270s; word units 100.0% of 8 words (letters-only 100.0% of 8).
Train Loss: output=0.1750, reconstruction=3.8067
Epoch [140/400]
batch = 0 (Δ=0.275s, 100.00%)
Training throughput: 1 batches in 0.273s; word units 100.0% of 8 words (letters-only 100.0% of 8).
Train Loss: output=0.1750, reconstruction=3.8066
Epoch [141/400]
batch = 0 (Δ=0.273s, 100.00%)
Training throughput: 1 batches in 0.272s; word units 100.0% of 8 words (letters-only 100.0% of 8).
Train Loss: output=0.1750, reconstruction=3.8066
Epoch [142/400]
batch = 0 (Δ=0.272s, 100.00%)
Training throughput: 1 batches in 0.271s; word units 100.0% of 8 words (letters-only 100.0% of 8).
Train Loss: output=0.1750, reconstruction=3.8066
Epoch [143/400]
batch = 0 (Δ=0.272s, 100.00%)
Training throughput: 1 batches in 0.271s; word units 100.0% of 8 words (letters-only 100.0% of 8).
Train Loss: output=0.1752, reconstruction=3.8066
Epoch [144/400]
batch = 0 (Δ=0.271s, 100.00%)
Training throughput: 1 batches in 0.270s; word units 100.0% of 8 words (letters-only 100.0% of 8).
Train Loss: output=0.1759, reconstruction=3.8065
Epoch [145/400]
batch = 0 (Δ=0.270s, 100.00%)
Training throughput: 1 batches in 0.269s; word units 100.0% of 8 words (letters-only 100.0% of 8).
Train Loss: output=0.1795, reconstruction=3.8065
Epoch [146/400]
batch = 0 (Δ=0.271s, 100.00%)
Training throughput: 1 batches in 0.270s; word units 100.0% of 8 words (letters-only 100.0% of 8).
Train Loss: output=0.1811, reconstruction=3.8065
Epoch [147/400]
batch = 0 (Δ=0.273s, 100.00%)
Training throughput: 1 batches in 0.272s; word units 100.0% of 8 words (letters-only 100.0% of 8).
Train Loss: output=0.1752, reconstruction=3.8065
Epoch [148/400]
batch = 0 (Δ=0.272s, 100.00%)
Training throughput: 1 batches in 0.271s; word units 100.0% of 8 words (letters-only 100.0% of 8).
Train Loss: output=0.1785, reconstruction=3.8065
Epoch [149/400]
batch = 0 (Δ=0.271s, 100.00%)
Training throughput: 1 batches in 0.270s; word units 100.0% of 8 words (letters-only 100.0% of 8).
Train Loss: output=0.1758, reconstruction=3.8064
Epoch [150/400]
batch = 0 (Δ=0.272s, 100.00%)
Training throughput: 1 batches in 0.271s; word units 100.0% of 8 words (letters-only 100.0% of 8).
Train Loss: output=0.1762, reconstruction=3.8064
Epoch [151/400]
batch = 0 (Δ=0.271s, 100.00%)
Training throughput: 1 batches in 0.270s; word units 100.0% of 8 words (letters-only 100.0% of 8).
Train Loss: output=0.1766, reconstruction=3.8064
Epoch [152/400]
batch = 0 (Δ=0.274s, 100.00%)
Training throughput: 1 batches in 0.273s; word units 100.0% of 8 words (letters-only 100.0% of 8).
Train Loss: output=0.1750, reconstruction=3.8064
Epoch [153/400]
batch = 0 (Δ=0.270s, 100.00%)
Training throughput: 1 batches in 0.269s; word units 100.0% of 8 words (letters-only 100.0% of 8).
Train Loss: output=0.1761, reconstruction=3.8064
Epoch [154/400]
batch = 0 (Δ=0.270s, 100.00%)
Training throughput: 1 batches in 0.268s; word units 100.0% of 8 words (letters-only 100.0% of 8).
Train Loss: output=0.1755, reconstruction=3.8063
Epoch [155/400]
batch = 0 (Δ=0.270s, 100.00%)
Training throughput: 1 batches in 0.269s; word units 100.0% of 8 words (letters-only 100.0% of 8).
Train Loss: output=0.1751, reconstruction=3.8063
Epoch [156/400]
batch = 0 (Δ=0.354s, 100.00%)
Training throughput: 1 batches in 0.353s; word units 100.0% of 8 words (letters-only 100.0% of 8).
Train Loss: output=0.1757, reconstruction=3.8063
Epoch [157/400]
batch = 0 (Δ=0.275s, 100.00%)
Training throughput: 1 batches in 0.274s; word units 100.0% of 8 words (letters-only 100.0% of 8).
Train Loss: output=0.1751, reconstruction=3.8063
Epoch [158/400]
batch = 0 (Δ=0.272s, 100.00%)
Training throughput: 1 batches in 0.271s; word units 100.0% of 8 words (letters-only 100.0% of 8).
Train Loss: output=0.1752, reconstruction=3.8063
Epoch [159/400]
batch = 0 (Δ=0.271s, 100.00%)
Training throughput: 1 batches in 0.270s; word units 100.0% of 8 words (letters-only 100.0% of 8).
Train Loss: output=0.1753, reconstruction=3.8062
Epoch [160/400]
batch = 0 (Δ=0.272s, 100.00%)
Training throughput: 1 batches in 0.272s; word units 100.0% of 8 words (letters-only 100.0% of 8).
Train Loss: output=0.1750, reconstruction=3.8062
Epoch [161/400]
batch = 0 (Δ=0.273s, 100.00%)
Training throughput: 1 batches in 0.272s; word units 100.0% of 8 words (letters-only 100.0% of 8).
Train Loss: output=0.1752, reconstruction=3.8062
Epoch [162/400]
batch = 0 (Δ=0.273s, 100.00%)
Training throughput: 1 batches in 0.271s; word units 100.0% of 8 words (letters-only 100.0% of 8).
Train Loss: output=0.1751, reconstruction=3.8062
Epoch [163/400]
batch = 0 (Δ=0.274s, 100.00%)
Training throughput: 1 batches in 0.273s; word units 100.0% of 8 words (letters-only 100.0% of 8).
Train Loss: output=0.1750, reconstruction=3.8062
Epoch [164/400]
batch = 0 (Δ=0.272s, 100.00%)
Training throughput: 1 batches in 0.271s; word units 100.0% of 8 words (letters-only 100.0% of 8).
Train Loss: output=0.1751, reconstruction=3.8061
Epoch [165/400]
batch = 0 (Δ=0.270s, 100.00%)
Training throughput: 1 batches in 0.269s; word units 100.0% of 8 words (letters-only 100.0% of 8).
Train Loss: output=0.1750, reconstruction=3.8061
Epoch [166/400]
batch = 0 (Δ=0.272s, 100.00%)
Training throughput: 1 batches in 0.271s; word units 100.0% of 8 words (letters-only 100.0% of 8).
Train Loss: output=0.1750, reconstruction=3.8061
Epoch [167/400]
batch = 0 (Δ=0.272s, 100.00%)
Training throughput: 1 batches in 0.271s; word units 100.0% of 8 words (letters-only 100.0% of 8).
Train Loss: output=0.1751, reconstruction=3.8061
Epoch [168/400]
batch = 0 (Δ=0.275s, 100.00%)
Training throughput: 1 batches in 0.274s; word units 100.0% of 8 words (letters-only 100.0% of 8).
Train Loss: output=0.1750, reconstruction=3.8061
Epoch [169/400]
batch = 0 (Δ=0.272s, 100.00%)
Training throughput: 1 batches in 0.271s; word units 100.0% of 8 words (letters-only 100.0% of 8).
Train Loss: output=0.1750, reconstruction=3.8061
Epoch [170/400]
batch = 0 (Δ=0.273s, 100.00%)
Training throughput: 1 batches in 0.272s; word units 100.0% of 8 words (letters-only 100.0% of 8).
Train Loss: output=0.1750, reconstruction=3.8060
Epoch [171/400]
batch = 0 (Δ=0.277s, 100.00%)
Training throughput: 1 batches in 0.276s; word units 100.0% of 8 words (letters-only 100.0% of 8).
Train Loss: output=0.1750, reconstruction=3.8060
Epoch [172/400]
batch = 0 (Δ=0.275s, 100.00%)
Training throughput: 1 batches in 0.273s; word units 100.0% of 8 words (letters-only 100.0% of 8).
Train Loss: output=0.1750, reconstruction=3.8060
Epoch [173/400]
batch = 0 (Δ=0.272s, 100.00%)
Training throughput: 1 batches in 0.271s; word units 100.0% of 8 words (letters-only 100.0% of 8).
Train Loss: output=0.1750, reconstruction=3.8060
Epoch [174/400]
batch = 0 (Δ=0.273s, 100.00%)
Training throughput: 1 batches in 0.272s; word units 100.0% of 8 words (letters-only 100.0% of 8).
Train Loss: output=0.1750, reconstruction=3.8060
Epoch [175/400]
batch = 0 (Δ=0.359s, 100.00%)
Training throughput: 1 batches in 0.357s; word units 100.0% of 8 words (letters-only 100.0% of 8).
Train Loss: output=0.1750, reconstruction=3.8060
Epoch [176/400]
batch = 0 (Δ=0.274s, 100.00%)
Training throughput: 1 batches in 0.273s; word units 100.0% of 8 words (letters-only 100.0% of 8).
Train Loss: output=0.1750, reconstruction=3.8059
Epoch [177/400]
batch = 0 (Δ=0.274s, 100.00%)
Training throughput: 1 batches in 0.273s; word units 100.0% of 8 words (letters-only 100.0% of 8).
Train Loss: output=0.1750, reconstruction=3.8059
Epoch [178/400]
batch = 0 (Δ=0.273s, 100.00%)
Training throughput: 1 batches in 0.272s; word units 100.0% of 8 words (letters-only 100.0% of 8).
Train Loss: output=0.1750, reconstruction=3.8059
Epoch [179/400]
batch = 0 (Δ=0.276s, 100.00%)
Training throughput: 1 batches in 0.275s; word units 100.0% of 8 words (letters-only 100.0% of 8).
Train Loss: output=0.1750, reconstruction=3.8059
Epoch [180/400]
batch = 0 (Δ=0.274s, 100.00%)
Training throughput: 1 batches in 0.273s; word units 100.0% of 8 words (letters-only 100.0% of 8).
Train Loss: output=0.1750, reconstruction=3.8059
Epoch [181/400]
batch = 0 (Δ=0.279s, 100.00%)
Training throughput: 1 batches in 0.278s; word units 100.0% of 8 words (letters-only 100.0% of 8).
Train Loss: output=0.1750, reconstruction=3.8058
Epoch [182/400]
batch = 0 (Δ=0.275s, 100.00%)
Training throughput: 1 batches in 0.274s; word units 100.0% of 8 words (letters-only 100.0% of 8).
Train Loss: output=0.1750, reconstruction=3.8058
Epoch [183/400]
batch = 0 (Δ=0.279s, 100.00%)
Training throughput: 1 batches in 0.278s; word units 100.0% of 8 words (letters-only 100.0% of 8).
Train Loss: output=0.1750, reconstruction=3.8058
Epoch [184/400]
batch = 0 (Δ=0.275s, 100.00%)
Training throughput: 1 batches in 0.274s; word units 100.0% of 8 words (letters-only 100.0% of 8).
Train Loss: output=0.1750, reconstruction=3.8058
Epoch [185/400]
batch = 0 (Δ=0.274s, 100.00%)
Training throughput: 1 batches in 0.273s; word units 100.0% of 8 words (letters-only 100.0% of 8).
Train Loss: output=0.1750, reconstruction=3.8058
Epoch [186/400]
batch = 0 (Δ=0.274s, 100.00%)
Training throughput: 1 batches in 0.273s; word units 100.0% of 8 words (letters-only 100.0% of 8).
Train Loss: output=0.1750, reconstruction=3.8058
Epoch [187/400]
batch = 0 (Δ=0.276s, 100.00%)
Training throughput: 1 batches in 0.275s; word units 100.0% of 8 words (letters-only 100.0% of 8).
Train Loss: output=0.1750, reconstruction=3.8058
Epoch [188/400]
batch = 0 (Δ=0.281s, 100.00%)
Training throughput: 1 batches in 0.280s; word units 100.0% of 8 words (letters-only 100.0% of 8).
Train Loss: output=0.1750, reconstruction=3.8057
Epoch [189/400]
batch = 0 (Δ=0.280s, 100.00%)
Training throughput: 1 batches in 0.279s; word units 100.0% of 8 words (letters-only 100.0% of 8).
Train Loss: output=0.1750, reconstruction=3.8057
Epoch [190/400]
batch = 0 (Δ=0.277s, 100.00%)
Training throughput: 1 batches in 0.276s; word units 100.0% of 8 words (letters-only 100.0% of 8).
Train Loss: output=0.1750, reconstruction=3.8057
Epoch [191/400]
batch = 0 (Δ=0.277s, 100.00%)
Training throughput: 1 batches in 0.276s; word units 100.0% of 8 words (letters-only 100.0% of 8).
Train Loss: output=0.1750, reconstruction=3.8057
Epoch [192/400]
batch = 0 (Δ=0.276s, 100.00%)
Training throughput: 1 batches in 0.275s; word units 100.0% of 8 words (letters-only 100.0% of 8).
Train Loss: output=0.1750, reconstruction=3.8057
Epoch [193/400]
batch = 0 (Δ=0.357s, 100.00%)
Training throughput: 1 batches in 0.356s; word units 100.0% of 8 words (letters-only 100.0% of 8).
Train Loss: output=0.1750, reconstruction=3.8057
Epoch [194/400]
batch = 0 (Δ=0.277s, 100.00%)
Training throughput: 1 batches in 0.276s; word units 100.0% of 8 words (letters-only 100.0% of 8).
Train Loss: output=0.1750, reconstruction=3.8057
Epoch [195/400]
batch = 0 (Δ=0.280s, 100.00%)
Training throughput: 1 batches in 0.279s; word units 100.0% of 8 words (letters-only 100.0% of 8).
Train Loss: output=0.1750, reconstruction=3.8056
Epoch [196/400]
batch = 0 (Δ=0.275s, 100.00%)
Training throughput: 1 batches in 0.274s; word units 100.0% of 8 words (letters-only 100.0% of 8).
Train Loss: output=0.1750, reconstruction=3.8056
Epoch [197/400]
batch = 0 (Δ=0.277s, 100.00%)
Training throughput: 1 batches in 0.276s; word units 100.0% of 8 words (letters-only 100.0% of 8).
Train Loss: output=0.1750, reconstruction=3.8056
Epoch [198/400]
batch = 0 (Δ=0.277s, 100.00%)
Training throughput: 1 batches in 0.276s; word units 100.0% of 8 words (letters-only 100.0% of 8).
Train Loss: output=0.1750, reconstruction=3.8056
Epoch [199/400]
batch = 0 (Δ=0.278s, 100.00%)
Training throughput: 1 batches in 0.277s; word units 100.0% of 8 words (letters-only 100.0% of 8).
Train Loss: output=0.1750, reconstruction=3.8056
Epoch [200/400]
batch = 0 (Δ=0.276s, 100.00%)
Training throughput: 1 batches in 0.276s; word units 100.0% of 8 words (letters-only 100.0% of 8).
Train Loss: output=0.1750, reconstruction=3.8056
Epoch [201/400]
batch = 0 (Δ=0.276s, 100.00%)
Training throughput: 1 batches in 0.275s; word units 100.0% of 8 words (letters-only 100.0% of 8).
Train Loss: output=0.1750, reconstruction=3.8056
Epoch [202/400]
batch = 0 (Δ=0.279s, 100.00%)
Training throughput: 1 batches in 0.278s; word units 100.0% of 8 words (letters-only 100.0% of 8).
Train Loss: output=0.1750, reconstruction=3.8055
Epoch [203/400]
batch = 0 (Δ=0.277s, 100.00%)
Training throughput: 1 batches in 0.276s; word units 100.0% of 8 words (letters-only 100.0% of 8).
Train Loss: output=0.1750, reconstruction=3.8055
Epoch [204/400]
batch = 0 (Δ=0.278s, 100.00%)
Training throughput: 1 batches in 0.277s; word units 100.0% of 8 words (letters-only 100.0% of 8).
Train Loss: output=0.1750, reconstruction=3.8055
Epoch [205/400]
batch = 0 (Δ=0.279s, 100.00%)
Training throughput: 1 batches in 0.279s; word units 100.0% of 8 words (letters-only 100.0% of 8).
Train Loss: output=0.1750, reconstruction=3.8055
Epoch [206/400]
batch = 0 (Δ=0.277s, 100.00%)
Training throughput: 1 batches in 0.277s; word units 100.0% of 8 words (letters-only 100.0% of 8).
Train Loss: output=0.1750, reconstruction=3.8055
Epoch [207/400]
batch = 0 (Δ=0.276s, 100.00%)
Training throughput: 1 batches in 0.275s; word units 100.0% of 8 words (letters-only 100.0% of 8).
Train Loss: output=0.1750, reconstruction=3.8055
Epoch [208/400]
batch = 0 (Δ=0.277s, 100.00%)
Training throughput: 1 batches in 0.276s; word units 100.0% of 8 words (letters-only 100.0% of 8).
Train Loss: output=0.1750, reconstruction=3.8055
Epoch [209/400]
batch = 0 (Δ=0.276s, 100.00%)
Training throughput: 1 batches in 0.275s; word units 100.0% of 8 words (letters-only 100.0% of 8).
Train Loss: output=0.1750, reconstruction=3.8054
Epoch [210/400]
batch = 0 (Δ=0.278s, 100.00%)
Training throughput: 1 batches in 0.278s; word units 100.0% of 8 words (letters-only 100.0% of 8).
Train Loss: output=0.1750, reconstruction=3.8054
Epoch [211/400]
batch = 0 (Δ=0.365s, 100.00%)
Training throughput: 1 batches in 0.363s; word units 100.0% of 8 words (letters-only 100.0% of 8).
Train Loss: output=0.1750, reconstruction=3.8054
Epoch [212/400]
batch = 0 (Δ=0.278s, 100.00%)
Training throughput: 1 batches in 0.277s; word units 100.0% of 8 words (letters-only 100.0% of 8).
Train Loss: output=0.1750, reconstruction=3.8054
Epoch [213/400]
batch = 0 (Δ=0.280s, 100.00%)
Training throughput: 1 batches in 0.279s; word units 100.0% of 8 words (letters-only 100.0% of 8).
Train Loss: output=0.1750, reconstruction=3.8054
Epoch [214/400]
batch = 0 (Δ=0.278s, 100.00%)
Training throughput: 1 batches in 0.277s; word units 100.0% of 8 words (letters-only 100.0% of 8).
Train Loss: output=0.1750, reconstruction=3.8054
Epoch [215/400]
batch = 0 (Δ=0.280s, 100.00%)
Training throughput: 1 batches in 0.279s; word units 100.0% of 8 words (letters-only 100.0% of 8).
Train Loss: output=0.1750, reconstruction=3.8054
Epoch [216/400]
batch = 0 (Δ=0.277s, 100.00%)
Training throughput: 1 batches in 0.276s; word units 100.0% of 8 words (letters-only 100.0% of 8).
Train Loss: output=0.1750, reconstruction=3.8054
Epoch [217/400]
batch = 0 (Δ=0.276s, 100.00%)
Training throughput: 1 batches in 0.275s; word units 100.0% of 8 words (letters-only 100.0% of 8).
Train Loss: output=0.1750, reconstruction=3.8054
Epoch [218/400]
batch = 0 (Δ=0.281s, 100.00%)
Training throughput: 1 batches in 0.280s; word units 100.0% of 8 words (letters-only 100.0% of 8).
Train Loss: output=0.1750, reconstruction=3.8053
Epoch [219/400]
batch = 0 (Δ=0.277s, 100.00%)
Training throughput: 1 batches in 0.276s; word units 100.0% of 8 words (letters-only 100.0% of 8).
Train Loss: output=0.1750, reconstruction=3.8053
Epoch [220/400]
batch = 0 (Δ=0.279s, 100.00%)
Training throughput: 1 batches in 0.278s; word units 100.0% of 8 words (letters-only 100.0% of 8).
Train Loss: output=0.1750, reconstruction=3.8053
Epoch [221/400]
batch = 0 (Δ=0.281s, 100.00%)
Training throughput: 1 batches in 0.280s; word units 100.0% of 8 words (letters-only 100.0% of 8).
Train Loss: output=0.1750, reconstruction=3.8053
Epoch [222/400]
batch = 0 (Δ=0.280s, 100.00%)
Training throughput: 1 batches in 0.279s; word units 100.0% of 8 words (letters-only 100.0% of 8).
Train Loss: output=0.1750, reconstruction=3.8053
Epoch [223/400]
batch = 0 (Δ=0.278s, 100.00%)
Training throughput: 1 batches in 0.277s; word units 100.0% of 8 words (letters-only 100.0% of 8).
Train Loss: output=0.1750, reconstruction=3.8053
Epoch [224/400]
batch = 0 (Δ=0.280s, 100.00%)
Training throughput: 1 batches in 0.279s; word units 100.0% of 8 words (letters-only 100.0% of 8).
Train Loss: output=0.1750, reconstruction=3.8053
Epoch [225/400]
batch = 0 (Δ=0.279s, 100.00%)
Training throughput: 1 batches in 0.278s; word units 100.0% of 8 words (letters-only 100.0% of 8).
Train Loss: output=0.1750, reconstruction=3.8053
Epoch [226/400]
batch = 0 (Δ=0.280s, 100.00%)
Training throughput: 1 batches in 0.279s; word units 100.0% of 8 words (letters-only 100.0% of 8).
Train Loss: output=0.1750, reconstruction=3.8052
Epoch [227/400]
batch = 0 (Δ=0.279s, 100.00%)
Training throughput: 1 batches in 0.278s; word units 100.0% of 8 words (letters-only 100.0% of 8).
Train Loss: output=0.1750, reconstruction=3.8052
Epoch [228/400]
batch = 0 (Δ=0.283s, 100.00%)
Training throughput: 1 batches in 0.282s; word units 100.0% of 8 words (letters-only 100.0% of 8).
Train Loss: output=0.1750, reconstruction=3.8052
Epoch [229/400]
batch = 0 (Δ=0.361s, 100.00%)
Training throughput: 1 batches in 0.360s; word units 100.0% of 8 words (letters-only 100.0% of 8).
Train Loss: output=0.1750, reconstruction=3.8052
Epoch [230/400]
batch = 0 (Δ=0.282s, 100.00%)
Training throughput: 1 batches in 0.281s; word units 100.0% of 8 words (letters-only 100.0% of 8).
Train Loss: output=0.1750, reconstruction=3.8052
Epoch [231/400]
batch = 0 (Δ=0.281s, 100.00%)
Training throughput: 1 batches in 0.280s; word units 100.0% of 8 words (letters-only 100.0% of 8).
Train Loss: output=0.1750, reconstruction=3.8052
Epoch [232/400]
batch = 0 (Δ=0.279s, 100.00%)
Training throughput: 1 batches in 0.278s; word units 100.0% of 8 words (letters-only 100.0% of 8).
Train Loss: output=0.1750, reconstruction=3.8052
Epoch [233/400]
batch = 0 (Δ=0.280s, 100.00%)
Training throughput: 1 batches in 0.279s; word units 100.0% of 8 words (letters-only 100.0% of 8).
Train Loss: output=0.1750, reconstruction=3.8052
Epoch [234/400]
batch = 0 (Δ=0.281s, 100.00%)
Training throughput: 1 batches in 0.280s; word units 100.0% of 8 words (letters-only 100.0% of 8).
Train Loss: output=0.1750, reconstruction=3.8051
Epoch [235/400]
batch = 0 (Δ=0.281s, 100.00%)
Training throughput: 1 batches in 0.280s; word units 100.0% of 8 words (letters-only 100.0% of 8).
Train Loss: output=0.1750, reconstruction=3.8051
Epoch [236/400]
batch = 0 (Δ=0.282s, 100.00%)
Training throughput: 1 batches in 0.280s; word units 100.0% of 8 words (letters-only 100.0% of 8).
Train Loss: output=0.1750, reconstruction=3.8051
Epoch [237/400]
batch = 0 (Δ=0.284s, 100.00%)
Training throughput: 1 batches in 0.283s; word units 100.0% of 8 words (letters-only 100.0% of 8).
Train Loss: output=0.1750, reconstruction=3.8051
Epoch [238/400]
batch = 0 (Δ=0.283s, 100.00%)
Training throughput: 1 batches in 0.282s; word units 100.0% of 8 words (letters-only 100.0% of 8).
Train Loss: output=0.1750, reconstruction=3.8051
Epoch [239/400]
batch = 0 (Δ=0.280s, 100.00%)
Training throughput: 1 batches in 0.279s; word units 100.0% of 8 words (letters-only 100.0% of 8).
Train Loss: output=0.1750, reconstruction=3.8051
Epoch [240/400]
batch = 0 (Δ=0.280s, 100.00%)
Training throughput: 1 batches in 0.279s; word units 100.0% of 8 words (letters-only 100.0% of 8).
Train Loss: output=0.1750, reconstruction=3.8051
Epoch [241/400]
batch = 0 (Δ=0.287s, 100.00%)
Training throughput: 1 batches in 0.286s; word units 100.0% of 8 words (letters-only 100.0% of 8).
Train Loss: output=0.1750, reconstruction=3.8051
Epoch [242/400]
batch = 0 (Δ=0.282s, 100.00%)
Training throughput: 1 batches in 0.280s; word units 100.0% of 8 words (letters-only 100.0% of 8).
Train Loss: output=0.1750, reconstruction=3.8051
Epoch [243/400]
batch = 0 (Δ=0.279s, 100.00%)
Training throughput: 1 batches in 0.278s; word units 100.0% of 8 words (letters-only 100.0% of 8).
Train Loss: output=0.1750, reconstruction=3.8050
Epoch [244/400]
batch = 0 (Δ=0.283s, 100.00%)
Training throughput: 1 batches in 0.282s; word units 100.0% of 8 words (letters-only 100.0% of 8).
Train Loss: output=0.1750, reconstruction=3.8050
Epoch [245/400]
batch = 0 (Δ=0.284s, 100.00%)
Training throughput: 1 batches in 0.283s; word units 100.0% of 8 words (letters-only 100.0% of 8).
Train Loss: output=0.1750, reconstruction=3.8050
Epoch [246/400]
batch = 0 (Δ=0.280s, 100.00%)
Training throughput: 1 batches in 0.279s; word units 100.0% of 8 words (letters-only 100.0% of 8).
Train Loss: output=0.1750, reconstruction=3.8050
Epoch [247/400]
batch = 0 (Δ=0.363s, 100.00%)
Training throughput: 1 batches in 0.362s; word units 100.0% of 8 words (letters-only 100.0% of 8).
Train Loss: output=0.1750, reconstruction=3.8050
Epoch [248/400]
batch = 0 (Δ=0.282s, 100.00%)
Training throughput: 1 batches in 0.281s; word units 100.0% of 8 words (letters-only 100.0% of 8).
Train Loss: output=0.1750, reconstruction=3.8050
Epoch [249/400]
batch = 0 (Δ=0.284s, 100.00%)
Training throughput: 1 batches in 0.282s; word units 100.0% of 8 words (letters-only 100.0% of 8).
Train Loss: output=0.1750, reconstruction=3.8050
Epoch [250/400]
batch = 0 (Δ=0.282s, 100.00%)
Training throughput: 1 batches in 0.281s; word units 100.0% of 8 words (letters-only 100.0% of 8).
Train Loss: output=0.1750, reconstruction=3.8050
Epoch [251/400]
batch = 0 (Δ=0.286s, 100.00%)
Training throughput: 1 batches in 0.285s; word units 100.0% of 8 words (letters-only 100.0% of 8).
Train Loss: output=0.1750, reconstruction=3.8050
Epoch [252/400]
batch = 0 (Δ=0.281s, 100.00%)
Training throughput: 1 batches in 0.280s; word units 100.0% of 8 words (letters-only 100.0% of 8).
Train Loss: output=0.1750, reconstruction=3.8049
Epoch [253/400]
batch = 0 (Δ=0.282s, 100.00%)
Training throughput: 1 batches in 0.281s; word units 100.0% of 8 words (letters-only 100.0% of 8).
Train Loss: output=0.1750, reconstruction=3.8049
Epoch [254/400]
batch = 0 (Δ=0.281s, 100.00%)
Training throughput: 1 batches in 0.280s; word units 100.0% of 8 words (letters-only 100.0% of 8).
Train Loss: output=0.1750, reconstruction=3.8049
Epoch [255/400]
batch = 0 (Δ=0.281s, 100.00%)
Training throughput: 1 batches in 0.280s; word units 100.0% of 8 words (letters-only 100.0% of 8).
Train Loss: output=0.1750, reconstruction=3.8049
Epoch [256/400]
batch = 0 (Δ=0.277s, 100.00%)
Training throughput: 1 batches in 0.276s; word units 100.0% of 8 words (letters-only 100.0% of 8).
Train Loss: output=0.1750, reconstruction=3.8049
Epoch [257/400]
batch = 0 (Δ=0.279s, 100.00%)
Training throughput: 1 batches in 0.278s; word units 100.0% of 8 words (letters-only 100.0% of 8).
Train Loss: output=0.1750, reconstruction=3.8032
Epoch [258/400]
batch = 0 (Δ=0.275s, 100.00%)
Training throughput: 1 batches in 0.274s; word units 100.0% of 8 words (letters-only 100.0% of 8).
Train Loss: output=0.1750, reconstruction=3.8014
Epoch [259/400]
batch = 0 (Δ=0.277s, 100.00%)
Training throughput: 1 batches in 0.276s; word units 100.0% of 8 words (letters-only 100.0% of 8).
Train Loss: output=0.1750, reconstruction=3.7996
Epoch [260/400]
batch = 0 (Δ=0.278s, 100.00%)
Training throughput: 1 batches in 0.277s; word units 100.0% of 8 words (letters-only 100.0% of 8).
Train Loss: output=0.1750, reconstruction=3.7981
Epoch [261/400]
batch = 0 (Δ=0.277s, 100.00%)
Training throughput: 1 batches in 0.276s; word units 100.0% of 8 words (letters-only 100.0% of 8).
Train Loss: output=0.1750, reconstruction=3.7968
Epoch [262/400]
batch = 0 (Δ=0.276s, 100.00%)
Training throughput: 1 batches in 0.275s; word units 100.0% of 8 words (letters-only 100.0% of 8).
Train Loss: output=0.1750, reconstruction=3.7957
Epoch [263/400]
batch = 0 (Δ=0.273s, 100.00%)
Training throughput: 1 batches in 0.272s; word units 100.0% of 8 words (letters-only 100.0% of 8).
Train Loss: output=0.1750, reconstruction=3.7948
Epoch [264/400]
batch = 0 (Δ=0.275s, 100.00%)
Training throughput: 1 batches in 0.274s; word units 100.0% of 8 words (letters-only 100.0% of 8).
Train Loss: output=0.1750, reconstruction=3.7940
Epoch [265/400]
batch = 0 (Δ=0.275s, 100.00%)
Training throughput: 1 batches in 0.273s; word units 100.0% of 8 words (letters-only 100.0% of 8).
Train Loss: output=0.1750, reconstruction=3.7934
Epoch [266/400]
batch = 0 (Δ=0.356s, 100.00%)
Training throughput: 1 batches in 0.355s; word units 100.0% of 8 words (letters-only 100.0% of 8).
Train Loss: output=0.1750, reconstruction=3.7928
Epoch [267/400]
batch = 0 (Δ=0.276s, 100.00%)
Training throughput: 1 batches in 0.275s; word units 100.0% of 8 words (letters-only 100.0% of 8).
Train Loss: output=0.1751, reconstruction=3.7924
Epoch [268/400]
batch = 0 (Δ=0.278s, 100.00%)
Training throughput: 1 batches in 0.277s; word units 100.0% of 8 words (letters-only 100.0% of 8).
Train Loss: output=0.1756, reconstruction=3.7920
Epoch [269/400]
batch = 0 (Δ=0.274s, 100.00%)
Training throughput: 1 batches in 0.273s; word units 100.0% of 8 words (letters-only 100.0% of 8).
Train Loss: output=0.1776, reconstruction=3.7917
Epoch [270/400]
batch = 0 (Δ=0.275s, 100.00%)
Training throughput: 1 batches in 0.274s; word units 100.0% of 8 words (letters-only 100.0% of 8).
Train Loss: output=0.1817, reconstruction=3.7914
Epoch [271/400]
batch = 0 (Δ=0.274s, 100.00%)
Training throughput: 1 batches in 0.273s; word units 100.0% of 8 words (letters-only 100.0% of 8).
Train Loss: output=0.1786, reconstruction=3.7912
Epoch [272/400]
batch = 0 (Δ=0.276s, 100.00%)
Training throughput: 1 batches in 0.275s; word units 100.0% of 8 words (letters-only 100.0% of 8).
Train Loss: output=0.1758, reconstruction=3.7910
Epoch [273/400]
batch = 0 (Δ=0.276s, 100.00%)
Training throughput: 1 batches in 0.275s; word units 100.0% of 8 words (letters-only 100.0% of 8).
Train Loss: output=0.1783, reconstruction=3.7908
Epoch [274/400]
batch = 0 (Δ=0.276s, 100.00%)
Training throughput: 1 batches in 0.275s; word units 100.0% of 8 words (letters-only 100.0% of 8).
Train Loss: output=0.1752, reconstruction=3.7907
Epoch [275/400]
batch = 0 (Δ=0.277s, 100.00%)
Training throughput: 1 batches in 0.276s; word units 100.0% of 8 words (letters-only 100.0% of 8).
Train Loss: output=0.1772, reconstruction=3.7906
Epoch [276/400]
batch = 0 (Δ=0.277s, 100.00%)
Training throughput: 1 batches in 0.276s; word units 100.0% of 8 words (letters-only 100.0% of 8).
Train Loss: output=0.1751, reconstruction=3.7905
Epoch [277/400]
batch = 0 (Δ=0.275s, 100.00%)
Training throughput: 1 batches in 0.274s; word units 100.0% of 8 words (letters-only 100.0% of 8).
Train Loss: output=0.1763, reconstruction=3.7904
Epoch [278/400]
batch = 0 (Δ=0.274s, 100.00%)
Training throughput: 1 batches in 0.273s; word units 100.0% of 8 words (letters-only 100.0% of 8).
Train Loss: output=0.1752, reconstruction=3.7903
Epoch [279/400]
batch = 0 (Δ=0.274s, 100.00%)
Training throughput: 1 batches in 0.273s; word units 100.0% of 8 words (letters-only 100.0% of 8).
Train Loss: output=0.1757, reconstruction=3.7902
Epoch [280/400]
batch = 0 (Δ=0.277s, 100.00%)
Training throughput: 1 batches in 0.276s; word units 100.0% of 8 words (letters-only 100.0% of 8).
Train Loss: output=0.1753, reconstruction=3.7902
Epoch [281/400]
batch = 0 (Δ=0.279s, 100.00%)
Training throughput: 1 batches in 0.278s; word units 100.0% of 8 words (letters-only 100.0% of 8).
Train Loss: output=0.1753, reconstruction=3.7901
Epoch [282/400]
batch = 0 (Δ=0.276s, 100.00%)
Training throughput: 1 batches in 0.275s; word units 100.0% of 8 words (letters-only 100.0% of 8).
Train Loss: output=0.1753, reconstruction=3.7901
Epoch [283/400]
batch = 0 (Δ=0.279s, 100.00%)
Training throughput: 1 batches in 0.278s; word units 100.0% of 8 words (letters-only 100.0% of 8).
Train Loss: output=0.1751, reconstruction=3.7900
Epoch [284/400]
batch = 0 (Δ=0.277s, 100.00%)
Training throughput: 1 batches in 0.276s; word units 100.0% of 8 words (letters-only 100.0% of 8).
Train Loss: output=0.1753, reconstruction=3.7900
Epoch [285/400]
batch = 0 (Δ=0.278s, 100.00%)
Training throughput: 1 batches in 0.277s; word units 100.0% of 8 words (letters-only 100.0% of 8).
Train Loss: output=0.1750, reconstruction=3.7900
Epoch [286/400]
batch = 0 (Δ=0.359s, 100.00%)
Training throughput: 1 batches in 0.358s; word units 100.0% of 8 words (letters-only 100.0% of 8).
Train Loss: output=0.1752, reconstruction=3.7899
Epoch [287/400]
batch = 0 (Δ=0.275s, 100.00%)
Training throughput: 1 batches in 0.275s; word units 100.0% of 8 words (letters-only 100.0% of 8).
Train Loss: output=0.1750, reconstruction=3.7899
Epoch [288/400]
batch = 0 (Δ=0.276s, 100.00%)
Training throughput: 1 batches in 0.275s; word units 100.0% of 8 words (letters-only 100.0% of 8).
Train Loss: output=0.1751, reconstruction=3.7899
Epoch [289/400]
batch = 0 (Δ=0.275s, 100.00%)
Training throughput: 1 batches in 0.274s; word units 100.0% of 8 words (letters-only 100.0% of 8).
Train Loss: output=0.1750, reconstruction=3.7898
Epoch [290/400]
batch = 0 (Δ=0.275s, 100.00%)
Training throughput: 1 batches in 0.274s; word units 100.0% of 8 words (letters-only 100.0% of 8).
Train Loss: output=0.1751, reconstruction=3.7898
Epoch [291/400]
batch = 0 (Δ=0.278s, 100.00%)
Training throughput: 1 batches in 0.277s; word units 100.0% of 8 words (letters-only 100.0% of 8).
Train Loss: output=0.1750, reconstruction=3.7898
Epoch [292/400]
batch = 0 (Δ=0.276s, 100.00%)
Training throughput: 1 batches in 0.275s; word units 100.0% of 8 words (letters-only 100.0% of 8).
Train Loss: output=0.1751, reconstruction=3.7898
Epoch [293/400]
batch = 0 (Δ=0.275s, 100.00%)
Training throughput: 1 batches in 0.274s; word units 100.0% of 8 words (letters-only 100.0% of 8).
Train Loss: output=0.1750, reconstruction=3.7898
Epoch [294/400]
batch = 0 (Δ=0.273s, 100.00%)
Training throughput: 1 batches in 0.272s; word units 100.0% of 8 words (letters-only 100.0% of 8).
Train Loss: output=0.1750, reconstruction=3.7897
Epoch [295/400]
batch = 0 (Δ=0.277s, 100.00%)
Training throughput: 1 batches in 0.276s; word units 100.0% of 8 words (letters-only 100.0% of 8).
Train Loss: output=0.1750, reconstruction=3.7897
Epoch [296/400]
batch = 0 (Δ=0.276s, 100.00%)
Training throughput: 1 batches in 0.275s; word units 100.0% of 8 words (letters-only 100.0% of 8).
Train Loss: output=0.1750, reconstruction=3.7897
Epoch [297/400]
batch = 0 (Δ=0.276s, 100.00%)
Training throughput: 1 batches in 0.275s; word units 100.0% of 8 words (letters-only 100.0% of 8).
Train Loss: output=0.1750, reconstruction=3.7897
Epoch [298/400]
batch = 0 (Δ=0.278s, 100.00%)
Training throughput: 1 batches in 0.277s; word units 100.0% of 8 words (letters-only 100.0% of 8).
Train Loss: output=0.1750, reconstruction=3.7897
Epoch [299/400]
batch = 0 (Δ=0.277s, 100.00%)
Training throughput: 1 batches in 0.276s; word units 100.0% of 8 words (letters-only 100.0% of 8).
Train Loss: output=0.1750, reconstruction=3.7897
Epoch [300/400]
batch = 0 (Δ=0.274s, 100.00%)
Training throughput: 1 batches in 0.273s; word units 100.0% of 8 words (letters-only 100.0% of 8).
Train Loss: output=0.1750, reconstruction=3.7897
Epoch [301/400]
batch = 0 (Δ=0.275s, 100.00%)
Training throughput: 1 batches in 0.274s; word units 100.0% of 8 words (letters-only 100.0% of 8).
Train Loss: output=0.1750, reconstruction=3.7896
Epoch [302/400]
batch = 0 (Δ=0.274s, 100.00%)
Training throughput: 1 batches in 0.273s; word units 100.0% of 8 words (letters-only 100.0% of 8).
Train Loss: output=0.1750, reconstruction=3.7896
Epoch [303/400]
batch = 0 (Δ=0.276s, 100.00%)
Training throughput: 1 batches in 0.275s; word units 100.0% of 8 words (letters-only 100.0% of 8).
Train Loss: output=0.1750, reconstruction=3.7896
Epoch [304/400]
batch = 0 (Δ=0.277s, 100.00%)
Training throughput: 1 batches in 0.277s; word units 100.0% of 8 words (letters-only 100.0% of 8).
Train Loss: output=0.1750, reconstruction=3.7896
Epoch [305/400]
batch = 0 (Δ=0.275s, 100.00%)
Training throughput: 1 batches in 0.274s; word units 100.0% of 8 words (letters-only 100.0% of 8).
Train Loss: output=0.1750, reconstruction=3.7896
Epoch [306/400]
batch = 0 (Δ=0.363s, 100.00%)
Training throughput: 1 batches in 0.362s; word units 100.0% of 8 words (letters-only 100.0% of 8).
Train Loss: output=0.1750, reconstruction=3.7896
Epoch [307/400]
batch = 0 (Δ=0.275s, 100.00%)
Training throughput: 1 batches in 0.274s; word units 100.0% of 8 words (letters-only 100.0% of 8).
Train Loss: output=0.1750, reconstruction=3.7896
Epoch [308/400]
batch = 0 (Δ=0.275s, 100.00%)
Training throughput: 1 batches in 0.274s; word units 100.0% of 8 words (letters-only 100.0% of 8).
Train Loss: output=0.1750, reconstruction=3.7896
Epoch [309/400]
batch = 0 (Δ=0.276s, 100.00%)
Training throughput: 1 batches in 0.275s; word units 100.0% of 8 words (letters-only 100.0% of 8).
Train Loss: output=0.1750, reconstruction=3.7896
Epoch [310/400]
batch = 0 (Δ=0.274s, 100.00%)
Training throughput: 1 batches in 0.273s; word units 100.0% of 8 words (letters-only 100.0% of 8).
Train Loss: output=0.1750, reconstruction=3.7895
Epoch [311/400]
batch = 0 (Δ=0.276s, 100.00%)
Training throughput: 1 batches in 0.274s; word units 100.0% of 8 words (letters-only 100.0% of 8).
Train Loss: output=0.1750, reconstruction=3.7895
Epoch [312/400]
batch = 0 (Δ=0.277s, 100.00%)
Training throughput: 1 batches in 0.276s; word units 100.0% of 8 words (letters-only 100.0% of 8).
Train Loss: output=0.1750, reconstruction=3.7895
Epoch [313/400]
batch = 0 (Δ=0.276s, 100.00%)
Training throughput: 1 batches in 0.275s; word units 100.0% of 8 words (letters-only 100.0% of 8).
Train Loss: output=0.1750, reconstruction=3.7895
Epoch [314/400]
batch = 0 (Δ=0.274s, 100.00%)
Training throughput: 1 batches in 0.273s; word units 100.0% of 8 words (letters-only 100.0% of 8).
Train Loss: output=0.1750, reconstruction=3.7895
Epoch [315/400]
batch = 0 (Δ=0.276s, 100.00%)
Training throughput: 1 batches in 0.275s; word units 100.0% of 8 words (letters-only 100.0% of 8).
Train Loss: output=0.1750, reconstruction=3.7895
Epoch [316/400]
batch = 0 (Δ=0.275s, 100.00%)
Training throughput: 1 batches in 0.274s; word units 100.0% of 8 words (letters-only 100.0% of 8).
Train Loss: output=0.1750, reconstruction=3.7895
Epoch [317/400]
batch = 0 (Δ=0.274s, 100.00%)
Training throughput: 1 batches in 0.273s; word units 100.0% of 8 words (letters-only 100.0% of 8).
Train Loss: output=0.1750, reconstruction=3.7895
Epoch [318/400]
batch = 0 (Δ=0.275s, 100.00%)
Training throughput: 1 batches in 0.274s; word units 100.0% of 8 words (letters-only 100.0% of 8).
Train Loss: output=0.1750, reconstruction=3.7895
Epoch [319/400]
batch = 0 (Δ=0.275s, 100.00%)
Training throughput: 1 batches in 0.274s; word units 100.0% of 8 words (letters-only 100.0% of 8).
Train Loss: output=0.1750, reconstruction=3.7895
Epoch [320/400]
batch = 0 (Δ=0.275s, 100.00%)
Training throughput: 1 batches in 0.274s; word units 100.0% of 8 words (letters-only 100.0% of 8).
Train Loss: output=0.1750, reconstruction=3.7895
Epoch [321/400]
batch = 0 (Δ=0.274s, 100.00%)
Training throughput: 1 batches in 0.273s; word units 100.0% of 8 words (letters-only 100.0% of 8).
Train Loss: output=0.1750, reconstruction=3.7895
Epoch [322/400]
batch = 0 (Δ=0.278s, 100.00%)
Training throughput: 1 batches in 0.277s; word units 100.0% of 8 words (letters-only 100.0% of 8).
Train Loss: output=0.1750, reconstruction=3.7895
Epoch [323/400]
batch = 0 (Δ=0.277s, 100.00%)
Training throughput: 1 batches in 0.276s; word units 100.0% of 8 words (letters-only 100.0% of 8).
Train Loss: output=0.1750, reconstruction=3.7894
Epoch [324/400]
batch = 0 (Δ=0.274s, 100.00%)
Training throughput: 1 batches in 0.273s; word units 100.0% of 8 words (letters-only 100.0% of 8).
Train Loss: output=0.1750, reconstruction=3.7894
Epoch [325/400]
batch = 0 (Δ=0.282s, 100.00%)
Training throughput: 1 batches in 0.281s; word units 100.0% of 8 words (letters-only 100.0% of 8).
Train Loss: output=0.1750, reconstruction=3.7894
Epoch [326/400]
batch = 0 (Δ=0.356s, 100.00%)
Training throughput: 1 batches in 0.355s; word units 100.0% of 8 words (letters-only 100.0% of 8).
Train Loss: output=0.1750, reconstruction=3.7894
Epoch [327/400]
batch = 0 (Δ=0.277s, 100.00%)
Training throughput: 1 batches in 0.276s; word units 100.0% of 8 words (letters-only 100.0% of 8).
Train Loss: output=0.1750, reconstruction=3.7894
Epoch [328/400]
batch = 0 (Δ=0.277s, 100.00%)
Training throughput: 1 batches in 0.276s; word units 100.0% of 8 words (letters-only 100.0% of 8).
Train Loss: output=0.1750, reconstruction=3.7894
Epoch [329/400]
batch = 0 (Δ=0.274s, 100.00%)
Training throughput: 1 batches in 0.273s; word units 100.0% of 8 words (letters-only 100.0% of 8).
Train Loss: output=0.1750, reconstruction=3.7894
Epoch [330/400]
batch = 0 (Δ=0.280s, 100.00%)
Training throughput: 1 batches in 0.279s; word units 100.0% of 8 words (letters-only 100.0% of 8).
Train Loss: output=0.1750, reconstruction=3.7894
Epoch [331/400]
batch = 0 (Δ=0.274s, 100.00%)
Training throughput: 1 batches in 0.273s; word units 100.0% of 8 words (letters-only 100.0% of 8).
Train Loss: output=0.1750, reconstruction=3.7894
Epoch [332/400]
batch = 0 (Δ=0.278s, 100.00%)
Training throughput: 1 batches in 0.277s; word units 100.0% of 8 words (letters-only 100.0% of 8).
Train Loss: output=0.1750, reconstruction=3.7894
Epoch [333/400]
batch = 0 (Δ=0.274s, 100.00%)
Training throughput: 1 batches in 0.273s; word units 100.0% of 8 words (letters-only 100.0% of 8).
Train Loss: output=0.1750, reconstruction=3.7894
Epoch [334/400]
batch = 0 (Δ=0.276s, 100.00%)
Training throughput: 1 batches in 0.275s; word units 100.0% of 8 words (letters-only 100.0% of 8).
Train Loss: output=0.1750, reconstruction=3.7894
Epoch [335/400]
batch = 0 (Δ=0.279s, 100.00%)
Training throughput: 1 batches in 0.278s; word units 100.0% of 8 words (letters-only 100.0% of 8).
Train Loss: output=0.1750, reconstruction=3.7894
Epoch [336/400]
batch = 0 (Δ=0.275s, 100.00%)
Training throughput: 1 batches in 0.274s; word units 100.0% of 8 words (letters-only 100.0% of 8).
Train Loss: output=0.1750, reconstruction=3.7894
Epoch [337/400]
batch = 0 (Δ=0.276s, 100.00%)
Training throughput: 1 batches in 0.275s; word units 100.0% of 8 words (letters-only 100.0% of 8).
Train Loss: output=0.1750, reconstruction=3.7894
Epoch [338/400]
batch = 0 (Δ=0.276s, 100.00%)
Training throughput: 1 batches in 0.275s; word units 100.0% of 8 words (letters-only 100.0% of 8).
Train Loss: output=0.1750, reconstruction=3.7894
Epoch [339/400]
batch = 0 (Δ=0.278s, 100.00%)
Training throughput: 1 batches in 0.277s; word units 100.0% of 8 words (letters-only 100.0% of 8).
Train Loss: output=0.1750, reconstruction=3.7894
Epoch [340/400]
batch = 0 (Δ=0.274s, 100.00%)
Training throughput: 1 batches in 0.273s; word units 100.0% of 8 words (letters-only 100.0% of 8).
Train Loss: output=0.1750, reconstruction=3.7894
Epoch [341/400]
batch = 0 (Δ=0.275s, 100.00%)
Training throughput: 1 batches in 0.274s; word units 100.0% of 8 words (letters-only 100.0% of 8).
Train Loss: output=0.1750, reconstruction=3.7894
Epoch [342/400]
batch = 0 (Δ=0.277s, 100.00%)
Training throughput: 1 batches in 0.276s; word units 100.0% of 8 words (letters-only 100.0% of 8).
Train Loss: output=0.1750, reconstruction=3.7894
Epoch [343/400]
batch = 0 (Δ=0.277s, 100.00%)
Training throughput: 1 batches in 0.276s; word units 100.0% of 8 words (letters-only 100.0% of 8).
Train Loss: output=0.1750, reconstruction=3.7894
Epoch [344/400]
batch = 0 (Δ=0.275s, 100.00%)
Training throughput: 1 batches in 0.274s; word units 100.0% of 8 words (letters-only 100.0% of 8).
Train Loss: output=0.1750, reconstruction=3.7894
Epoch [345/400]
batch = 0 (Δ=0.277s, 100.00%)
Training throughput: 1 batches in 0.275s; word units 100.0% of 8 words (letters-only 100.0% of 8).
Train Loss: output=0.1750, reconstruction=3.7894
Epoch [346/400]
batch = 0 (Δ=0.362s, 100.00%)
Training throughput: 1 batches in 0.361s; word units 100.0% of 8 words (letters-only 100.0% of 8).
Train Loss: output=0.1750, reconstruction=3.7894
Epoch [347/400]
batch = 0 (Δ=0.274s, 100.00%)
Training throughput: 1 batches in 0.273s; word units 100.0% of 8 words (letters-only 100.0% of 8).
Train Loss: output=0.1750, reconstruction=3.7893
Epoch [348/400]
batch = 0 (Δ=0.274s, 100.00%)
Training throughput: 1 batches in 0.273s; word units 100.0% of 8 words (letters-only 100.0% of 8).
Train Loss: output=0.1750, reconstruction=3.7893
Epoch [349/400]
batch = 0 (Δ=0.274s, 100.00%)
Training throughput: 1 batches in 0.273s; word units 100.0% of 8 words (letters-only 100.0% of 8).
Train Loss: output=0.1750, reconstruction=3.7893
Epoch [350/400]
batch = 0 (Δ=0.275s, 100.00%)
Training throughput: 1 batches in 0.274s; word units 100.0% of 8 words (letters-only 100.0% of 8).
Train Loss: output=0.1750, reconstruction=3.7893
Epoch [351/400]
batch = 0 (Δ=0.278s, 100.00%)
Training throughput: 1 batches in 0.277s; word units 100.0% of 8 words (letters-only 100.0% of 8).
Train Loss: output=0.1750, reconstruction=3.7893
Epoch [352/400]
batch = 0 (Δ=0.275s, 100.00%)
Training throughput: 1 batches in 0.274s; word units 100.0% of 8 words (letters-only 100.0% of 8).
Train Loss: output=0.1750, reconstruction=3.7893
Epoch [353/400]
batch = 0 (Δ=0.275s, 100.00%)
Training throughput: 1 batches in 0.274s; word units 100.0% of 8 words (letters-only 100.0% of 8).
Train Loss: output=0.1750, reconstruction=3.7893
Epoch [354/400]
batch = 0 (Δ=0.280s, 100.00%)
Training throughput: 1 batches in 0.278s; word units 100.0% of 8 words (letters-only 100.0% of 8).
Train Loss: output=0.1750, reconstruction=3.7893
Epoch [355/400]
batch = 0 (Δ=0.275s, 100.00%)
Training throughput: 1 batches in 0.274s; word units 100.0% of 8 words (letters-only 100.0% of 8).
Train Loss: output=0.1750, reconstruction=3.7893
Epoch [356/400]
batch = 0 (Δ=0.276s, 100.00%)
Training throughput: 1 batches in 0.275s; word units 100.0% of 8 words (letters-only 100.0% of 8).
Train Loss: output=0.1750, reconstruction=3.7893
Epoch [357/400]
batch = 0 (Δ=0.274s, 100.00%)
Training throughput: 1 batches in 0.273s; word units 100.0% of 8 words (letters-only 100.0% of 8).
Train Loss: output=0.1750, reconstruction=3.7893
Epoch [358/400]
batch = 0 (Δ=0.275s, 100.00%)
Training throughput: 1 batches in 0.274s; word units 100.0% of 8 words (letters-only 100.0% of 8).
Train Loss: output=0.1750, reconstruction=3.7893
Epoch [359/400]
batch = 0 (Δ=0.276s, 100.00%)
Training throughput: 1 batches in 0.275s; word units 100.0% of 8 words (letters-only 100.0% of 8).
Train Loss: output=0.1750, reconstruction=3.7893
Epoch [360/400]
batch = 0 (Δ=0.275s, 100.00%)
Training throughput: 1 batches in 0.274s; word units 100.0% of 8 words (letters-only 100.0% of 8).
Train Loss: output=0.1750, reconstruction=3.7893
Epoch [361/400]
batch = 0 (Δ=0.274s, 100.00%)
Training throughput: 1 batches in 0.273s; word units 100.0% of 8 words (letters-only 100.0% of 8).
Train Loss: output=0.1750, reconstruction=3.7893
Epoch [362/400]
batch = 0 (Δ=0.277s, 100.00%)
Training throughput: 1 batches in 0.276s; word units 100.0% of 8 words (letters-only 100.0% of 8).
Train Loss: output=0.1750, reconstruction=3.7893
Epoch [363/400]
batch = 0 (Δ=0.274s, 100.00%)
Training throughput: 1 batches in 0.273s; word units 100.0% of 8 words (letters-only 100.0% of 8).
Train Loss: output=0.1750, reconstruction=3.7893
Epoch [364/400]
batch = 0 (Δ=0.274s, 100.00%)
Training throughput: 1 batches in 0.273s; word units 100.0% of 8 words (letters-only 100.0% of 8).
Train Loss: output=0.1750, reconstruction=3.7893
Epoch [365/400]
batch = 0 (Δ=0.275s, 100.00%)
Training throughput: 1 batches in 0.274s; word units 100.0% of 8 words (letters-only 100.0% of 8).
Train Loss: output=0.1750, reconstruction=3.7893
Epoch [366/400]
batch = 0 (Δ=0.373s, 100.00%)
Training throughput: 1 batches in 0.372s; word units 100.0% of 8 words (letters-only 100.0% of 8).
Train Loss: output=0.1750, reconstruction=3.7893
Epoch [367/400]
batch = 0 (Δ=0.278s, 100.00%)
Training throughput: 1 batches in 0.277s; word units 100.0% of 8 words (letters-only 100.0% of 8).
Train Loss: output=0.1750, reconstruction=3.7893
Epoch [368/400]
batch = 0 (Δ=0.274s, 100.00%)
Training throughput: 1 batches in 0.273s; word units 100.0% of 8 words (letters-only 100.0% of 8).
Train Loss: output=0.1750, reconstruction=3.7893
Epoch [369/400]
batch = 0 (Δ=0.282s, 100.00%)
Training throughput: 1 batches in 0.281s; word units 100.0% of 8 words (letters-only 100.0% of 8).
Train Loss: output=0.1750, reconstruction=3.7893
Epoch [370/400]
batch = 0 (Δ=0.274s, 100.00%)
Training throughput: 1 batches in 0.273s; word units 100.0% of 8 words (letters-only 100.0% of 8).
Train Loss: output=0.1750, reconstruction=3.7893
Epoch [371/400]
batch = 0 (Δ=0.276s, 100.00%)
Training throughput: 1 batches in 0.275s; word units 100.0% of 8 words (letters-only 100.0% of 8).
Train Loss: output=0.1750, reconstruction=3.7893
Epoch [372/400]
batch = 0 (Δ=0.275s, 100.00%)
Training throughput: 1 batches in 0.274s; word units 100.0% of 8 words (letters-only 100.0% of 8).
Train Loss: output=0.1750, reconstruction=3.7893
Epoch [373/400]
batch = 0 (Δ=0.276s, 100.00%)
Training throughput: 1 batches in 0.275s; word units 100.0% of 8 words (letters-only 100.0% of 8).
Train Loss: output=0.1750, reconstruction=3.7893
Epoch [374/400]
batch = 0 (Δ=0.277s, 100.00%)
Training throughput: 1 batches in 0.276s; word units 100.0% of 8 words (letters-only 100.0% of 8).
Train Loss: output=0.1750, reconstruction=3.7893
Epoch [375/400]
batch = 0 (Δ=0.277s, 100.00%)
Training throughput: 1 batches in 0.276s; word units 100.0% of 8 words (letters-only 100.0% of 8).
Train Loss: output=0.1750, reconstruction=3.7893
Epoch [376/400]
batch = 0 (Δ=0.274s, 100.00%)
Training throughput: 1 batches in 0.274s; word units 100.0% of 8 words (letters-only 100.0% of 8).
Train Loss: output=0.1750, reconstruction=3.7893
Epoch [377/400]
batch = 0 (Δ=0.281s, 100.00%)
Training throughput: 1 batches in 0.280s; word units 100.0% of 8 words (letters-only 100.0% of 8).
Train Loss: output=0.1750, reconstruction=3.7893
Epoch [378/400]
batch = 0 (Δ=0.274s, 100.00%)
Training throughput: 1 batches in 0.273s; word units 100.0% of 8 words (letters-only 100.0% of 8).
Train Loss: output=0.1750, reconstruction=3.7893
Epoch [379/400]
batch = 0 (Δ=0.273s, 100.00%)
Training throughput: 1 batches in 0.272s; word units 100.0% of 8 words (letters-only 100.0% of 8).
Train Loss: output=0.1750, reconstruction=3.7893
Epoch [380/400]
batch = 0 (Δ=0.273s, 100.00%)
Training throughput: 1 batches in 0.272s; word units 100.0% of 8 words (letters-only 100.0% of 8).
Train Loss: output=0.1750, reconstruction=3.7893
Epoch [381/400]
batch = 0 (Δ=0.278s, 100.00%)
Training throughput: 1 batches in 0.276s; word units 100.0% of 8 words (letters-only 100.0% of 8).
Train Loss: output=0.1750, reconstruction=3.7893
Epoch [382/400]
batch = 0 (Δ=0.274s, 100.00%)
Training throughput: 1 batches in 0.274s; word units 100.0% of 8 words (letters-only 100.0% of 8).
Train Loss: output=0.1750, reconstruction=3.7893
Epoch [383/400]
batch = 0 (Δ=0.277s, 100.00%)
Training throughput: 1 batches in 0.276s; word units 100.0% of 8 words (letters-only 100.0% of 8).
Train Loss: output=0.1750, reconstruction=3.7893
Epoch [384/400]
batch = 0 (Δ=0.278s, 100.00%)
Training throughput: 1 batches in 0.277s; word units 100.0% of 8 words (letters-only 100.0% of 8).
Train Loss: output=0.1750, reconstruction=3.7893
Epoch [385/400]
batch = 0 (Δ=0.279s, 100.00%)
Training throughput: 1 batches in 0.278s; word units 100.0% of 8 words (letters-only 100.0% of 8).
Train Loss: output=0.1750, reconstruction=3.7893
Epoch [386/400]
batch = 0 (Δ=0.358s, 100.00%)
Training throughput: 1 batches in 0.356s; word units 100.0% of 8 words (letters-only 100.0% of 8).
Train Loss: output=0.1750, reconstruction=3.7893
Epoch [387/400]
batch = 0 (Δ=0.275s, 100.00%)
Training throughput: 1 batches in 0.274s; word units 100.0% of 8 words (letters-only 100.0% of 8).
Train Loss: output=0.1750, reconstruction=3.7893
Epoch [388/400]
batch = 0 (Δ=0.274s, 100.00%)
Training throughput: 1 batches in 0.273s; word units 100.0% of 8 words (letters-only 100.0% of 8).
Train Loss: output=0.1750, reconstruction=3.7893
Epoch [389/400]
batch = 0 (Δ=0.276s, 100.00%)
Training throughput: 1 batches in 0.275s; word units 100.0% of 8 words (letters-only 100.0% of 8).
Train Loss: output=0.1750, reconstruction=3.7893
Epoch [390/400]
batch = 0 (Δ=0.276s, 100.00%)
Training throughput: 1 batches in 0.275s; word units 100.0% of 8 words (letters-only 100.0% of 8).
Train Loss: output=0.1750, reconstruction=3.7892
Epoch [391/400]
batch = 0 (Δ=0.274s, 100.00%)
Training throughput: 1 batches in 0.273s; word units 100.0% of 8 words (letters-only 100.0% of 8).
Train Loss: output=0.1750, reconstruction=3.7892
Epoch [392/400]
batch = 0 (Δ=0.276s, 100.00%)
Training throughput: 1 batches in 0.275s; word units 100.0% of 8 words (letters-only 100.0% of 8).
Train Loss: output=0.1750, reconstruction=3.7892
Epoch [393/400]
batch = 0 (Δ=0.278s, 100.00%)
Training throughput: 1 batches in 0.277s; word units 100.0% of 8 words (letters-only 100.0% of 8).
Train Loss: output=0.1750, reconstruction=3.7892
Epoch [394/400]
batch = 0 (Δ=0.274s, 100.00%)
Training throughput: 1 batches in 0.273s; word units 100.0% of 8 words (letters-only 100.0% of 8).
Train Loss: output=0.1750, reconstruction=3.7892
Epoch [395/400]
batch = 0 (Δ=0.273s, 100.00%)
Training throughput: 1 batches in 0.272s; word units 100.0% of 8 words (letters-only 100.0% of 8).
Train Loss: output=0.1750, reconstruction=3.7892
Epoch [396/400]
batch = 0 (Δ=0.275s, 100.00%)
Training throughput: 1 batches in 0.274s; word units 100.0% of 8 words (letters-only 100.0% of 8).
Train Loss: output=0.1750, reconstruction=3.7892
Epoch [397/400]
batch = 0 (Δ=0.275s, 100.00%)
Training throughput: 1 batches in 0.274s; word units 100.0% of 8 words (letters-only 100.0% of 8).
Train Loss: output=0.1750, reconstruction=3.7892
Epoch [398/400]
batch = 0 (Δ=0.275s, 100.00%)
Training throughput: 1 batches in 0.275s; word units 100.0% of 8 words (letters-only 100.0% of 8).
Train Loss: output=0.1750, reconstruction=3.7892
Epoch [399/400]
batch = 0 (Δ=0.277s, 100.00%)
Training throughput: 1 batches in 0.276s; word units 100.0% of 8 words (letters-only 100.0% of 8).
Train Loss: output=0.1750, reconstruction=3.7892
Epoch [400/400]
batch = 0 (Δ=0.275s, 100.00%)
Training throughput: 1 batches in 0.274s; word units 100.0% of 8 words (letters-only 100.0% of 8).
Train Loss: output=0.1750, reconstruction=3.7892
Final Stats:
=== Selected operation grammar ===
batch = 0 (Δ=0.251s, 100.00%)
Training throughput: 1 batches in 0.194s; word units 100.0% of 8 words (letters-only 100.0% of 8).
=== Input Reconstruction (test) ===
  row[0] input='hello world' -> reconstructed='hello ' label=0.0000 predicted=0.4971 MISMATCH
  row[1] input='hello there' -> reconstructed='hello ' label=1.0000 predicted=0.4971 MISMATCH
  row[2] input='loving world' -> reconstructed='world ' label=1.0000 predicted=0.4971 MISMATCH
  row[3] input='loving there' -> reconstructed='there ' label=0.0000 predicted=0.4971 MISMATCH
