test/test_normal_thought_controller.py::test_normal_controller_selects_a_catalog_operation_not_used_by_the_parse
test/test_normal_thought_controller.py::test_catalog_refinement_preserves_selected_polarity_and_semantic_metadata
test/test_normal_thought_controller.py::test_selected_boundary_query_records_one_episode_and_its_actual_work
test/test_normal_thought_controller.py::test_selected_history_retains_the_typed_checked_result_through_restore
test/test_normal_thought_controller.py::test_typed_prediction_result_is_detached_before_history_or_checkpoint
test/test_normal_thought_controller.py::test_what_subgoal_descends_executes_returns_and_causally_carries_evidence
test/test_normal_thought_controller.py::test_selected_controller_requires_the_completed_boundary_before_any_read
test/test_normal_thought_controller.py::test_completed_compose_program_enters_normal_controller_before_legacy_thinking
test/test_normal_thought_controller.py::test_completed_unary_concept_program_enters_the_normal_controller
test/test_normal_thought_controller.py::test_normal_controller_policy_sees_all_mandatory_roles_and_gets_credit
test/test_normal_thought_controller.py::test_normal_controller_checkpoint_rebuilds_its_width_owned_policy
test/test_normal_thought_controller.py::test_selected_program_resolution_releases_completed_eval_episode
test/test_normal_thought_controller.py::test_normal_boundary_uses_selected_semantic_meaning_as_its_answer_seed
test/test_normal_thought_controller.py::test_normal_boundary_adapts_selected_prediction_result_as_its_answer_seed
test/test_normal_thought_controller.py::test_normal_boundary_realizes_the_controller_selected_operation
test/test_normal_thought_controller.py::test_selected_program_precedes_the_legacy_surface_reasoner
test/test_normal_thought_controller.py::test_normal_boundary_never_falls_back_to_the_legacy_surface_reasoner
test/test_normal_thought_controller.py::test_normal_what_uses_the_selected_thought_without_a_legacy_slot
test/test_normal_thought_controller.py::test_selected_row_cannot_open_a_second_controller_for_another_row

19 tests collected in 2.52s
