F                                                                        [100%]
=================================== FAILURES ===================================
________________________ test_mm20m_xor_exact_roundtrip ________________________
test/test_reconstruction_roundtrip.py:579: in test_mm20m_xor_exact_roundtrip
    assert rec.exact_match_rate == 1.0
E   AssertionError: assert 0.5 == 1.0
E    +  where 0.5 = RunRecord(config='data/MM_20M_xor.xml', seed=4145413904, epochs=160, wall_s_per_epoch=0.6412233589612439, output_loss=... 0.6938758329488337, 0.66430858313106, 0.6319802498910576, 0.6572947909589857, 0.6944979580584913, 0.638976750196889]}).exact_match_rate
----------------------------- Captured stdout call -----------------------------
[AMP] off (fp32, MODEL_AMP unset or =off)
batch = 0 (warm-up, 100.00%)
Training throughput: 1 batches in 1.249s; word units 100.0% of 8 words (letters-only 100.0% of 8).
batch = 0 (Δ=0.704s, 100.00%)
Training throughput: 1 batches in 0.614s; word units 100.0% of 8 words (letters-only 100.0% of 8).
batch = 0 (Δ=0.625s, 100.00%)
Training throughput: 1 batches in 0.620s; word units 100.0% of 8 words (letters-only 100.0% of 8).
batch = 0 (Δ=0.619s, 100.00%)
Training throughput: 1 batches in 0.632s; word units 100.0% of 8 words (letters-only 100.0% of 8).
batch = 0 (Δ=0.619s, 100.00%)
Training throughput: 1 batches in 0.597s; word units 100.0% of 8 words (letters-only 100.0% of 8).
batch = 0 (Δ=0.590s, 100.00%)
Training throughput: 1 batches in 0.589s; word units 100.0% of 8 words (letters-only 100.0% of 8).
batch = 0 (Δ=0.600s, 100.00%)
Training throughput: 1 batches in 0.607s; word units 100.0% of 8 words (letters-only 100.0% of 8).
batch = 0 (Δ=0.616s, 100.00%)
Training throughput: 1 batches in 0.613s; word units 100.0% of 8 words (letters-only 100.0% of 8).
batch = 0 (Δ=0.609s, 100.00%)
Training throughput: 1 batches in 0.610s; word units 100.0% of 8 words (letters-only 100.0% of 8).
batch = 0 (Δ=0.614s, 100.00%)
Training throughput: 1 batches in 0.613s; word units 100.0% of 8 words (letters-only 100.0% of 8).
batch = 0 (Δ=0.614s, 100.00%)
Training throughput: 1 batches in 0.614s; word units 100.0% of 8 words (letters-only 100.0% of 8).
batch = 0 (Δ=0.619s, 100.00%)
Training throughput: 1 batches in 0.613s; word units 100.0% of 8 words (letters-only 100.0% of 8).
batch = 0 (Δ=0.624s, 100.00%)
Training throughput: 1 batches in 0.628s; word units 100.0% of 8 words (letters-only 100.0% of 8).
batch = 0 (Δ=0.611s, 100.00%)
Training throughput: 1 batches in 0.611s; word units 100.0% of 8 words (letters-only 100.0% of 8).
batch = 0 (Δ=0.613s, 100.00%)
Training throughput: 1 batches in 0.613s; word units 100.0% of 8 words (letters-only 100.0% of 8).
batch = 0 (Δ=0.616s, 100.00%)
Training throughput: 1 batches in 0.616s; word units 100.0% of 8 words (letters-only 100.0% of 8).
batch = 0 (Δ=0.604s, 100.00%)
Training throughput: 1 batches in 0.599s; word units 100.0% of 8 words (letters-only 100.0% of 8).
batch = 0 (Δ=0.619s, 100.00%)
Training throughput: 1 batches in 0.636s; word units 100.0% of 8 words (letters-only 100.0% of 8).
batch = 0 (Δ=0.624s, 100.00%)
Training throughput: 1 batches in 0.611s; word units 100.0% of 8 words (letters-only 100.0% of 8).
batch = 0 (Δ=0.615s, 100.00%)
Training throughput: 1 batches in 0.630s; word units 100.0% of 8 words (letters-only 100.0% of 8).
batch = 0 (Δ=0.660s, 100.00%)
Training throughput: 1 batches in 0.640s; word units 100.0% of 8 words (letters-only 100.0% of 8).
batch = 0 (Δ=0.642s, 100.00%)
Training throughput: 1 batches in 0.647s; word units 100.0% of 8 words (letters-only 100.0% of 8).
batch = 0 (Δ=0.750s, 100.00%)
Training throughput: 1 batches in 0.857s; word units 100.0% of 8 words (letters-only 100.0% of 8).
batch = 0 (Δ=0.808s, 100.00%)
Training throughput: 1 batches in 0.719s; word units 100.0% of 8 words (letters-only 100.0% of 8).
batch = 0 (Δ=0.667s, 100.00%)
Training throughput: 1 batches in 0.659s; word units 100.0% of 8 words (letters-only 100.0% of 8).
batch = 0 (Δ=0.638s, 100.00%)
Training throughput: 1 batches in 0.628s; word units 100.0% of 8 words (letters-only 100.0% of 8).
batch = 0 (Δ=0.623s, 100.00%)
Training throughput: 1 batches in 0.639s; word units 100.0% of 8 words (letters-only 100.0% of 8).
batch = 0 (Δ=0.648s, 100.00%)
Training throughput: 1 batches in 0.643s; word units 100.0% of 8 words (letters-only 100.0% of 8).
batch = 0 (Δ=0.641s, 100.00%)
Training throughput: 1 batches in 0.634s; word units 100.0% of 8 words (letters-only 100.0% of 8).
batch = 0 (Δ=0.642s, 100.00%)
Training throughput: 1 batches in 0.641s; word units 100.0% of 8 words (letters-only 100.0% of 8).
batch = 0 (Δ=0.646s, 100.00%)
Training throughput: 1 batches in 0.670s; word units 100.0% of 8 words (letters-only 100.0% of 8).
batch = 0 (Δ=0.657s, 100.00%)
Training throughput: 1 batches in 0.623s; word units 100.0% of 8 words (letters-only 100.0% of 8).
batch = 0 (Δ=0.634s, 100.00%)
Training throughput: 1 batches in 0.653s; word units 100.0% of 8 words (letters-only 100.0% of 8).
batch = 0 (Δ=0.641s, 100.00%)
Training throughput: 1 batches in 0.620s; word units 100.0% of 8 words (letters-only 100.0% of 8).
batch = 0 (Δ=0.626s, 100.00%)
Training throughput: 1 batches in 0.642s; word units 100.0% of 8 words (letters-only 100.0% of 8).
batch = 0 (Δ=0.643s, 100.00%)
Training throughput: 1 batches in 0.644s; word units 100.0% of 8 words (letters-only 100.0% of 8).
batch = 0 (Δ=0.646s, 100.00%)
Training throughput: 1 batches in 0.655s; word units 100.0% of 8 words (letters-only 100.0% of 8).
batch = 0 (Δ=0.659s, 100.00%)
Training throughput: 1 batches in 0.649s; word units 100.0% of 8 words (letters-only 100.0% of 8).
batch = 0 (Δ=0.642s, 100.00%)
Training throughput: 1 batches in 0.646s; word units 100.0% of 8 words (letters-only 100.0% of 8).
batch = 0 (Δ=0.643s, 100.00%)
Training throughput: 1 batches in 0.626s; word units 100.0% of 8 words (letters-only 100.0% of 8).
batch = 0 (Δ=0.649s, 100.00%)
Training throughput: 1 batches in 0.645s; word units 100.0% of 8 words (letters-only 100.0% of 8).
batch = 0 (Δ=0.639s, 100.00%)
Training throughput: 1 batches in 0.644s; word units 100.0% of 8 words (letters-only 100.0% of 8).
batch = 0 (Δ=0.642s, 100.00%)
Training throughput: 1 batches in 0.641s; word units 100.0% of 8 words (letters-only 100.0% of 8).
batch = 0 (Δ=0.644s, 100.00%)
Training throughput: 1 batches in 0.633s; word units 100.0% of 8 words (letters-only 100.0% of 8).
batch = 0 (Δ=0.625s, 100.00%)
Training throughput: 1 batches in 0.626s; word units 100.0% of 8 words (letters-only 100.0% of 8).
batch = 0 (Δ=0.603s, 100.00%)
Training throughput: 1 batches in 0.604s; word units 100.0% of 8 words (letters-only 100.0% of 8).
batch = 0 (Δ=0.622s, 100.00%)
Training throughput: 1 batches in 0.623s; word units 100.0% of 8 words (letters-only 100.0% of 8).
batch = 0 (Δ=0.620s, 100.00%)
Training throughput: 1 batches in 0.616s; word units 100.0% of 8 words (letters-only 100.0% of 8).
batch = 0 (Δ=0.607s, 100.00%)
Training throughput: 1 batches in 0.609s; word units 100.0% of 8 words (letters-only 100.0% of 8).
batch = 0 (Δ=0.624s, 100.00%)
Training throughput: 1 batches in 0.622s; word units 100.0% of 8 words (letters-only 100.0% of 8).
batch = 0 (Δ=0.617s, 100.00%)
Training throughput: 1 batches in 0.618s; word units 100.0% of 8 words (letters-only 100.0% of 8).
batch = 0 (Δ=0.621s, 100.00%)
Training throughput: 1 batches in 0.619s; word units 100.0% of 8 words (letters-only 100.0% of 8).
batch = 0 (Δ=0.603s, 100.00%)
Training throughput: 1 batches in 0.609s; word units 100.0% of 8 words (letters-only 100.0% of 8).
batch = 0 (Δ=0.619s, 100.00%)
Training throughput: 1 batches in 0.613s; word units 100.0% of 8 words (letters-only 100.0% of 8).
batch = 0 (Δ=0.602s, 100.00%)
Training throughput: 1 batches in 0.598s; word units 100.0% of 8 words (letters-only 100.0% of 8).
batch = 0 (Δ=0.605s, 100.00%)
Training throughput: 1 batches in 0.610s; word units 100.0% of 8 words (letters-only 100.0% of 8).
batch = 0 (Δ=0.625s, 100.00%)
Training throughput: 1 batches in 0.625s; word units 100.0% of 8 words (letters-only 100.0% of 8).
batch = 0 (Δ=0.615s, 100.00%)
Training throughput: 1 batches in 0.609s; word units 100.0% of 8 words (letters-only 100.0% of 8).
batch = 0 (Δ=0.615s, 100.00%)
Training throughput: 1 batches in 0.618s; word units 100.0% of 8 words (letters-only 100.0% of 8).
batch = 0 (Δ=0.614s, 100.00%)
Training throughput: 1 batches in 0.609s; word units 100.0% of 8 words (letters-only 100.0% of 8).
batch = 0 (Δ=0.608s, 100.00%)
Training throughput: 1 batches in 0.614s; word units 100.0% of 8 words (letters-only 100.0% of 8).
batch = 0 (Δ=0.618s, 100.00%)
Training throughput: 1 batches in 0.621s; word units 100.0% of 8 words (letters-only 100.0% of 8).
batch = 0 (Δ=0.620s, 100.00%)
Training throughput: 1 batches in 0.609s; word units 100.0% of 8 words (letters-only 100.0% of 8).
batch = 0 (Δ=0.603s, 100.00%)
Training throughput: 1 batches in 0.608s; word units 100.0% of 8 words (letters-only 100.0% of 8).
batch = 0 (Δ=0.626s, 100.00%)
Training throughput: 1 batches in 0.625s; word units 100.0% of 8 words (letters-only 100.0% of 8).
batch = 0 (Δ=0.624s, 100.00%)
Training throughput: 1 batches in 0.645s; word units 100.0% of 8 words (letters-only 100.0% of 8).
batch = 0 (Δ=0.629s, 100.00%)
Training throughput: 1 batches in 0.603s; word units 100.0% of 8 words (letters-only 100.0% of 8).
batch = 0 (Δ=0.630s, 100.00%)
Training throughput: 1 batches in 0.633s; word units 100.0% of 8 words (letters-only 100.0% of 8).
batch = 0 (Δ=0.657s, 100.00%)
Training throughput: 1 batches in 0.664s; word units 100.0% of 8 words (letters-only 100.0% of 8).
batch = 0 (Δ=0.638s, 100.00%)
Training throughput: 1 batches in 0.651s; word units 100.0% of 8 words (letters-only 100.0% of 8).
batch = 0 (Δ=0.649s, 100.00%)
Training throughput: 1 batches in 0.644s; word units 100.0% of 8 words (letters-only 100.0% of 8).
batch = 0 (Δ=0.702s, 100.00%)
Training throughput: 1 batches in 0.705s; word units 100.0% of 8 words (letters-only 100.0% of 8).
batch = 0 (Δ=0.661s, 100.00%)
Training throughput: 1 batches in 0.676s; word units 100.0% of 8 words (letters-only 100.0% of 8).
batch = 0 (Δ=0.674s, 100.00%)
Training throughput: 1 batches in 0.687s; word units 100.0% of 8 words (letters-only 100.0% of 8).
batch = 0 (Δ=0.675s, 100.00%)
Training throughput: 1 batches in 0.638s; word units 100.0% of 8 words (letters-only 100.0% of 8).
batch = 0 (Δ=0.644s, 100.00%)
Training throughput: 1 batches in 0.640s; word units 100.0% of 8 words (letters-only 100.0% of 8).
batch = 0 (Δ=0.635s, 100.00%)
Training throughput: 1 batches in 0.648s; word units 100.0% of 8 words (letters-only 100.0% of 8).
batch = 0 (Δ=0.667s, 100.00%)
Training throughput: 1 batches in 0.654s; word units 100.0% of 8 words (letters-only 100.0% of 8).
batch = 0 (Δ=0.639s, 100.00%)
Training throughput: 1 batches in 0.650s; word units 100.0% of 8 words (letters-only 100.0% of 8).
batch = 0 (Δ=0.669s, 100.00%)
Training throughput: 1 batches in 0.688s; word units 100.0% of 8 words (letters-only 100.0% of 8).
batch = 0 (Δ=0.673s, 100.00%)
Training throughput: 1 batches in 0.660s; word units 100.0% of 8 words (letters-only 100.0% of 8).
batch = 0 (Δ=0.678s, 100.00%)
Training throughput: 1 batches in 0.669s; word units 100.0% of 8 words (letters-only 100.0% of 8).
batch = 0 (Δ=0.637s, 100.00%)
Training throughput: 1 batches in 0.634s; word units 100.0% of 8 words (letters-only 100.0% of 8).
batch = 0 (Δ=0.647s, 100.00%)
Training throughput: 1 batches in 0.662s; word units 100.0% of 8 words (letters-only 100.0% of 8).
batch = 0 (Δ=0.669s, 100.00%)
Training throughput: 1 batches in 0.654s; word units 100.0% of 8 words (letters-only 100.0% of 8).
batch = 0 (Δ=0.654s, 100.00%)
Training throughput: 1 batches in 0.643s; word units 100.0% of 8 words (letters-only 100.0% of 8).
batch = 0 (Δ=0.630s, 100.00%)
Training throughput: 1 batches in 0.630s; word units 100.0% of 8 words (letters-only 100.0% of 8).
batch = 0 (Δ=0.651s, 100.00%)
Training throughput: 1 batches in 0.646s; word units 100.0% of 8 words (letters-only 100.0% of 8).
batch = 0 (Δ=0.633s, 100.00%)
Training throughput: 1 batches in 0.643s; word units 100.0% of 8 words (letters-only 100.0% of 8).
batch = 0 (Δ=0.649s, 100.00%)
Training throughput: 1 batches in 0.649s; word units 100.0% of 8 words (letters-only 100.0% of 8).
batch = 0 (Δ=0.660s, 100.00%)
Training throughput: 1 batches in 0.648s; word units 100.0% of 8 words (letters-only 100.0% of 8).
batch = 0 (Δ=0.642s, 100.00%)
Training throughput: 1 batches in 0.644s; word units 100.0% of 8 words (letters-only 100.0% of 8).
batch = 0 (Δ=0.654s, 100.00%)
Training throughput: 1 batches in 0.642s; word units 100.0% of 8 words (letters-only 100.0% of 8).
batch = 0 (Δ=0.629s, 100.00%)
Training throughput: 1 batches in 0.626s; word units 100.0% of 8 words (letters-only 100.0% of 8).
batch = 0 (Δ=0.625s, 100.00%)
Training throughput: 1 batches in 0.641s; word units 100.0% of 8 words (letters-only 100.0% of 8).
batch = 0 (Δ=0.647s, 100.00%)
Training throughput: 1 batches in 0.649s; word units 100.0% of 8 words (letters-only 100.0% of 8).
batch = 0 (Δ=0.683s, 100.00%)
Training throughput: 1 batches in 0.664s; word units 100.0% of 8 words (letters-only 100.0% of 8).
batch = 0 (Δ=0.651s, 100.00%)
Training throughput: 1 batches in 0.656s; word units 100.0% of 8 words (letters-only 100.0% of 8).
batch = 0 (Δ=0.669s, 100.00%)
Training throughput: 1 batches in 0.674s; word units 100.0% of 8 words (letters-only 100.0% of 8).
batch = 0 (Δ=0.665s, 100.00%)
Training throughput: 1 batches in 0.653s; word units 100.0% of 8 words (letters-only 100.0% of 8).
batch = 0 (Δ=0.641s, 100.00%)
Training throughput: 1 batches in 0.662s; word units 100.0% of 8 words (letters-only 100.0% of 8).
batch = 0 (Δ=0.647s, 100.00%)
Training throughput: 1 batches in 0.634s; word units 100.0% of 8 words (letters-only 100.0% of 8).
batch = 0 (Δ=0.640s, 100.00%)
Training throughput: 1 batches in 0.636s; word units 100.0% of 8 words (letters-only 100.0% of 8).
batch = 0 (Δ=0.620s, 100.00%)
Training throughput: 1 batches in 0.617s; word units 100.0% of 8 words (letters-only 100.0% of 8).
batch = 0 (Δ=0.631s, 100.00%)
Training throughput: 1 batches in 0.631s; word units 100.0% of 8 words (letters-only 100.0% of 8).
batch = 0 (Δ=0.628s, 100.00%)
Training throughput: 1 batches in 0.626s; word units 100.0% of 8 words (letters-only 100.0% of 8).
batch = 0 (Δ=0.617s, 100.00%)
Training throughput: 1 batches in 0.624s; word units 100.0% of 8 words (letters-only 100.0% of 8).
batch = 0 (Δ=0.640s, 100.00%)
Training throughput: 1 batches in 0.639s; word units 100.0% of 8 words (letters-only 100.0% of 8).
batch = 0 (Δ=0.671s, 100.00%)
Training throughput: 1 batches in 0.668s; word units 100.0% of 8 words (letters-only 100.0% of 8).
batch = 0 (Δ=0.666s, 100.00%)
Training throughput: 1 batches in 0.676s; word units 100.0% of 8 words (letters-only 100.0% of 8).
batch = 0 (Δ=0.655s, 100.00%)
Training throughput: 1 batches in 0.664s; word units 100.0% of 8 words (letters-only 100.0% of 8).
batch = 0 (Δ=0.669s, 100.00%)
Training throughput: 1 batches in 0.669s; word units 100.0% of 8 words (letters-only 100.0% of 8).
batch = 0 (Δ=0.665s, 100.00%)
Training throughput: 1 batches in 0.665s; word units 100.0% of 8 words (letters-only 100.0% of 8).
batch = 0 (Δ=0.666s, 100.00%)
Training throughput: 1 batches in 0.693s; word units 100.0% of 8 words (letters-only 100.0% of 8).
batch = 0 (Δ=0.681s, 100.00%)
Training throughput: 1 batches in 0.645s; word units 100.0% of 8 words (letters-only 100.0% of 8).
batch = 0 (Δ=0.662s, 100.00%)
Training throughput: 1 batches in 0.648s; word units 100.0% of 8 words (letters-only 100.0% of 8).
batch = 0 (Δ=0.638s, 100.00%)
Training throughput: 1 batches in 0.638s; word units 100.0% of 8 words (letters-only 100.0% of 8).
batch = 0 (Δ=0.636s, 100.00%)
Training throughput: 1 batches in 0.628s; word units 100.0% of 8 words (letters-only 100.0% of 8).
batch = 0 (Δ=0.607s, 100.00%)
Training throughput: 1 batches in 0.605s; word units 100.0% of 8 words (letters-only 100.0% of 8).
batch = 0 (Δ=0.606s, 100.00%)
Training throughput: 1 batches in 0.612s; word units 100.0% of 8 words (letters-only 100.0% of 8).
batch = 0 (Δ=0.620s, 100.00%)
Training throughput: 1 batches in 0.622s; word units 100.0% of 8 words (letters-only 100.0% of 8).
batch = 0 (Δ=0.619s, 100.00%)
Training throughput: 1 batches in 0.619s; word units 100.0% of 8 words (letters-only 100.0% of 8).
batch = 0 (Δ=0.617s, 100.00%)
Training throughput: 1 batches in 0.609s; word units 100.0% of 8 words (letters-only 100.0% of 8).
batch = 0 (Δ=0.624s, 100.00%)
Training throughput: 1 batches in 0.628s; word units 100.0% of 8 words (letters-only 100.0% of 8).
batch = 0 (Δ=0.636s, 100.00%)
Training throughput: 1 batches in 0.622s; word units 100.0% of 8 words (letters-only 100.0% of 8).
batch = 0 (Δ=0.627s, 100.00%)
Training throughput: 1 batches in 0.647s; word units 100.0% of 8 words (letters-only 100.0% of 8).
batch = 0 (Δ=0.655s, 100.00%)
Training throughput: 1 batches in 0.639s; word units 100.0% of 8 words (letters-only 100.0% of 8).
batch = 0 (Δ=0.616s, 100.00%)
Training throughput: 1 batches in 0.631s; word units 100.0% of 8 words (letters-only 100.0% of 8).
batch = 0 (Δ=0.670s, 100.00%)
Training throughput: 1 batches in 0.657s; word units 100.0% of 8 words (letters-only 100.0% of 8).
batch = 0 (Δ=0.629s, 100.00%)
Training throughput: 1 batches in 0.627s; word units 100.0% of 8 words (letters-only 100.0% of 8).
batch = 0 (Δ=0.640s, 100.00%)
Training throughput: 1 batches in 0.637s; word units 100.0% of 8 words (letters-only 100.0% of 8).
batch = 0 (Δ=0.613s, 100.00%)
Training throughput: 1 batches in 0.614s; word units 100.0% of 8 words (letters-only 100.0% of 8).
batch = 0 (Δ=0.648s, 100.00%)
Training throughput: 1 batches in 0.653s; word units 100.0% of 8 words (letters-only 100.0% of 8).
batch = 0 (Δ=0.655s, 100.00%)
Training throughput: 1 batches in 0.650s; word units 100.0% of 8 words (letters-only 100.0% of 8).
batch = 0 (Δ=0.644s, 100.00%)
Training throughput: 1 batches in 0.647s; word units 100.0% of 8 words (letters-only 100.0% of 8).
batch = 0 (Δ=0.636s, 100.00%)
Training throughput: 1 batches in 0.629s; word units 100.0% of 8 words (letters-only 100.0% of 8).
batch = 0 (Δ=0.622s, 100.00%)
Training throughput: 1 batches in 0.623s; word units 100.0% of 8 words (letters-only 100.0% of 8).
batch = 0 (Δ=0.626s, 100.00%)
Training throughput: 1 batches in 0.632s; word units 100.0% of 8 words (letters-only 100.0% of 8).
batch = 0 (Δ=0.644s, 100.00%)
Training throughput: 1 batches in 0.642s; word units 100.0% of 8 words (letters-only 100.0% of 8).
batch = 0 (Δ=0.648s, 100.00%)
Training throughput: 1 batches in 0.646s; word units 100.0% of 8 words (letters-only 100.0% of 8).
batch = 0 (Δ=0.637s, 100.00%)
Training throughput: 1 batches in 0.635s; word units 100.0% of 8 words (letters-only 100.0% of 8).
batch = 0 (Δ=0.641s, 100.00%)
Training throughput: 1 batches in 0.652s; word units 100.0% of 8 words (letters-only 100.0% of 8).
batch = 0 (Δ=0.668s, 100.00%)
Training throughput: 1 batches in 0.685s; word units 100.0% of 8 words (letters-only 100.0% of 8).
batch = 0 (Δ=0.683s, 100.00%)
Training throughput: 1 batches in 0.661s; word units 100.0% of 8 words (letters-only 100.0% of 8).
batch = 0 (Δ=0.663s, 100.00%)
Training throughput: 1 batches in 0.671s; word units 100.0% of 8 words (letters-only 100.0% of 8).
batch = 0 (Δ=0.668s, 100.00%)
Training throughput: 1 batches in 0.663s; word units 100.0% of 8 words (letters-only 100.0% of 8).
batch = 0 (Δ=0.645s, 100.00%)
Training throughput: 1 batches in 0.632s; word units 100.0% of 8 words (letters-only 100.0% of 8).
batch = 0 (Δ=0.652s, 100.00%)
Training throughput: 1 batches in 0.662s; word units 100.0% of 8 words (letters-only 100.0% of 8).
batch = 0 (Δ=0.674s, 100.00%)
Training throughput: 1 batches in 0.668s; word units 100.0% of 8 words (letters-only 100.0% of 8).
batch = 0 (Δ=0.661s, 100.00%)
Training throughput: 1 batches in 0.669s; word units 100.0% of 8 words (letters-only 100.0% of 8).
batch = 0 (Δ=0.661s, 100.00%)
Training throughput: 1 batches in 0.653s; word units 100.0% of 8 words (letters-only 100.0% of 8).
batch = 0 (Δ=0.669s, 100.00%)
Training throughput: 1 batches in 0.669s; word units 100.0% of 8 words (letters-only 100.0% of 8).
batch = 0 (Δ=0.647s, 100.00%)
Training throughput: 1 batches in 0.654s; word units 100.0% of 8 words (letters-only 100.0% of 8).
batch = 0 (Δ=0.661s, 100.00%)
Training throughput: 1 batches in 0.661s; word units 100.0% of 8 words (letters-only 100.0% of 8).
batch = 0 (Δ=0.666s, 100.00%)
Training throughput: 1 batches in 0.693s; word units 100.0% of 8 words (letters-only 100.0% of 8).
batch = 0 (Δ=0.701s, 100.00%)
Training throughput: 1 batches in 0.664s; word units 100.0% of 8 words (letters-only 100.0% of 8).
batch = 0 (Δ=0.636s, 100.00%)
Training throughput: 1 batches in 0.631s; word units 100.0% of 8 words (letters-only 100.0% of 8).
batch = 0 (Δ=0.639s, 100.00%)
Training throughput: 1 batches in 0.657s; word units 100.0% of 8 words (letters-only 100.0% of 8).
batch = 0 (Δ=0.707s, 100.00%)
Training throughput: 1 batches in 0.694s; word units 100.0% of 8 words (letters-only 100.0% of 8).
batch = 0 (Δ=0.646s, 100.00%)
Training throughput: 1 batches in 0.638s; word units 100.0% of 8 words (letters-only 100.0% of 8).
batch = 0 (Δ=0.748s, 100.00%)
Training throughput: 1 batches in 0.652s; word units 100.0% of 8 words (letters-only 100.0% of 8).
=============================== warnings summary ===============================
test/test_reconstruction_roundtrip.py::test_mm20m_xor_exact_roundtrip
  /Users/arogers/github/WikiOracle/basicmodel/bin/Models.py:7649: RuntimeWarning: output_state_boundary [config /Users/arogers/github/WikiOracle/basicmodel/data/MM_20M_xor.xml]: supervised outputs with reconstruction and answerSynthesis=false use the direct head: output gradients train the whole input state; enable answerSynthesis for the concluded-idea state boundary
    warnings.warn(f"{site} [config {cfg}]: {detail}", RuntimeWarning)

test/test_reconstruction_roundtrip.py::test_mm20m_xor_exact_roundtrip
  /Users/arogers/github/WikiOracle/basicmodel/.venv/lib/python3.12/site-packages/torch/utils/_device.py:122: UserWarning: Sparse invariant checks are implicitly disabled. Memory errors (e.g. SEGFAULT) will occur when operating on a sparse tensor which violates the invariants, but checks incur performance overhead. To silence this warning, explicitly opt in or out. See `torch.sparse.check_sparse_tensor_invariants.__doc__` for guidance.  (Triggered internally at /Users/runner/work/pytorch/pytorch/aten/src/ATen/Context.cpp:855.)
    return func(*args, **kwargs)

test/test_reconstruction_roundtrip.py::test_mm20m_xor_exact_roundtrip
  /Users/arogers/github/WikiOracle/basicmodel/bin/Models.py:7649: RuntimeWarning: reconstruction_zeroed [config /Users/arogers/github/WikiOracle/basicmodel/data/MM_20M_xor.xml]: reconstruction loss zeroed: no D3 (per_word=False) and masked-LM inputs missing (mask, target); percept .what=Codebook, pred_full shape=(4, 8, 1024)
    warnings.warn(f"{site} [config {cfg}]: {detail}", RuntimeWarning)

-- Docs: https://docs.pytest.org/en/stable/how-to/capture-warnings.html
=========================== short test summary info ============================
FAILED test/test_reconstruction_roundtrip.py::test_mm20m_xor_exact_roundtrip
1 failed, 3 warnings in 112.28s (0:01:52)
