/Users/arogers/github/WikiOracle/basicmodel/bin/Spaces.py:1739: RuntimeWarning: EventEncoding[WholeSpace]: nDim=8 leaves no content width after the canonical band (nWhere=4 + nWhen=4); raise <nDim> to at least 9 if this space builds a what-basis.
  warnings.warn(
/Users/arogers/github/WikiOracle/basicmodel/.venv/lib/python3.12/site-packages/torch/utils/_device.py:122: UserWarning: Sparse invariant checks are implicitly disabled. Memory errors (e.g. SEGFAULT) will occur when operating on a sparse tensor which violates the invariants, but checks incur performance overhead. To silence this warning, explicitly opt in or out. See `torch.sparse.check_sparse_tensor_invariants.__doc__` for guidance.  (Triggered internally at /Users/runner/work/pytorch/pytorch/aten/src/ATen/Context.cpp:855.)
  return func(*args, **kwargs)
[AMP] off (fp32, MODEL_AMP unset or =off)
Traceback (most recent call last):
  File "/Users/arogers/github/WikiOracle/basicmodel/doc/benchmarks/2026-10-01-stage1-and-suite-trim/review14/mode_first_batches.py", line 99, in <module>
    child(args.config, args.output)
  File "/Users/arogers/github/WikiOracle/basicmodel/doc/benchmarks/2026-10-01-stage1-and-suite-trim/review14/mode_first_batches.py", line 36, in child
    output_loss, recon_loss, _, _ = model.runEpoch(
                                    ^^^^^^^^^^^^^^^
  File "/Users/arogers/github/WikiOracle/basicmodel/bin/ModeSchedule.py", line 14, in run
    return method(model, *args, **kwargs)
           ^^^^^^^^^^^^^^^^^^^^^^^^^^^^^^
  File "/Users/arogers/github/WikiOracle/basicmodel/bin/Models.py", line 16013, in runEpoch
    self.provision_ltm()
  File "/Users/arogers/github/WikiOracle/basicmodel/.venv/lib/python3.12/site-packages/torch/utils/_contextlib.py", line 124, in decorate_context
    return func(*args, **kwargs)
           ^^^^^^^^^^^^^^^^^^^^^
  File "/Users/arogers/github/WikiOracle/basicmodel/bin/Models.py", line 7339, in provision_ltm
    self._ltm_ingest_truth_texts(store, texts, trusts=trusts,
  File "/Users/arogers/github/WikiOracle/basicmodel/bin/Models.py", line 7378, in _ltm_ingest_truth_texts
    raise ValueError('TruthSet input did not produce a selected grammatical closing')
ValueError: TruthSet input did not produce a selected grammatical closing
