.FF                                                                      [100%]
=================================== FAILURES ===================================
_ test_narrowing_not_ties_zero_meaning_roots_and_reader_steps_once[XOR_grammar] _

config = 'XOR_grammar'
monkeypatch = <_pytest.monkeypatch.MonkeyPatch object at 0x10e5f6720>

    @pytest.mark.parametrize('config',['XOR_grammar','MM_grammar'])
    def test_narrowing_not_ties_zero_meaning_roots_and_reader_steps_once(config,monkeypatch):
        from test_mm_xor import _fresh_model
        from Language import OperationSelectionLayer
        import SentenceCredit
        model,_,data=_fresh_model('data/'+config+'.xml')
        original_attend=OperationSelectionLayer.attend
        original_forward=OperationSelectionLayer.forward
        original_departure=SentenceCredit.departure
        def depart(narrowing,compose,**kwargs):
            draw=original_departure(narrowing,compose,**kwargs)
            draw.update(round=torch.zeros_like(draw['round']),narrowing=torch.ones_like(draw['narrowing']),
                        attention_round=torch.zeros_like(draw['round']),compose_round=torch.full_like(draw['round'],-1))
            return draw
        def attend(module,keys,legal,space,**kwargs):
            available=legal.flatten(1)
            action=torch.full((len(keys),),available.shape[1],dtype=torch.long)
            for op in (0,2,1):
                slots=legal[:,:,op]
                action=torch.where(slots.any(-1),slots.long().argmax(-1)*6+op,action)
            mask=kwargs.get('masked_action')
            if mask is not None:
                action=torch.where(mask>=0,torch.full_like(action,5),action)
            kwargs['replay_action']=action
            return original_attend(module,keys,legal,space,**kwargs)
        def disjunction(module,x,**kwargs):
            stop=(x.shape[1]-1)*module.r_reduce+x.shape[1]*module.r_apply
            depth=kwargs.get('depth',torch.full((len(x),),x.shape[1]))
            kwargs['replay_action']=torch.where(depth>1,1,stop)
            return original_forward(module,x,**kwargs)
        monkeypatch.setattr(SentenceCredit,'departure',depart)
        monkeypatch.setattr(OperationSelectionLayer,'attend',attend)
        monkeypatch.setattr(OperationSelectionLayer,'forward',disjunction)
        snapshots=[]
        original=model._sentence_path_cost
        def cost(state,*args,**kwargs):
            result=original(state,*args,**kwargs)
            snapshots.append(dict(root=state[1][9].detach().clone(),
                activation=state[1][0].detach().clone(), meanings=result[2]['meanings'], entries=result[2]['entries']))
            return result
        monkeypatch.setattr(model,'_sentence_path_cost',cost)
        try:
            optimizer=model.getOptimizer(lr=.01)
            model.runEpoch(optimizer=optimizer,batchSize=4,split='train')
            assert len(snapshots)==2
            first,second=snapshots
            assert (first['activation']>0).any() and (second['activation']<0).any()
            torch.testing.assert_close(first['root'],second['root'],rtol=0,atol=0)
            print([(s['activation'].tolist(), [(e.leaf_evidence.tolist(), e.actions.tolist()) for e in s['entries']]) for s in snapshots])
            assert all(a.polarity and not b.polarity for a,b in zip(first['meanings'],second['meanings'])), ([m.polarity for m in first['meanings']], [m.polarity for m in second['meanings']], first['activation'], second['activation'])
            audit=model._last_sentence_credit
            torch.testing.assert_close(audit['components'][:,0],audit['components'][:,1],rtol=0,atol=0)
            assert audit['advantage'].eq(0).all() and not audit['wins'].any()
            assert model._sentence_reader_weights.tolist()==[[1.,0.]]*4
            states=[optimizer.state[p]['step'] for p in model.objective_parameter_groups(optimizer)['output']
                    if p in optimizer.state and 'step' in optimizer.state[p]]
>           assert states and all(float(s)==1 for s in states)
E           assert ([tensor(2.), tensor(2.), tensor(2.)] and False)
E            +  where False = all(<generator object test_narrowing_not_ties_zero_meaning_roots_and_reader_steps_once.<locals>.<genexpr> at 0x128e78a00>)

test/test_operators_round2c.py:78: AssertionError
----------------------------- Captured stdout call -----------------------------
[AMP] off (fp32, MODEL_AMP unset or =off)
batch = 0 (warm-up, 100.00%)
Training throughput: 1 batches in 0.647s; word units 100.0% of 8 words (letters-only 100.0% of 8).
[([[[1.0], [1.0], [1.0], [0.0], [0.0], [0.0]], [[1.0], [1.0], [1.0], [0.0], [0.0], [0.0]], [[1.0], [1.0], [1.0], [0.0], [0.0], [0.0]], [[1.0], [1.0], [1.0], [0.0], [0.0], [0.0]]], [([[1.0, 0.0], [1.0, 0.0]], [[0, -1, 0], [0, -1, 1], [1, 1, -1]]), ([[1.0, 0.0], [1.0, 0.0]], [[0, -1, 0], [0, -1, 1], [1, 1, -1]]), ([[1.0, 0.0], [1.0, 0.0]], [[0, -1, 0], [0, -1, 1], [1, 1, -1]]), ([[1.0, 0.0], [1.0, 0.0]], [[0, -1, 0], [0, -1, 1], [1, 1, -1]])]), ([[[-1.0], [1.0], [-1.0], [0.0], [0.0], [0.0]], [[-1.0], [1.0], [-1.0], [0.0], [0.0], [0.0]], [[-1.0], [1.0], [-1.0], [0.0], [0.0], [0.0]], [[-1.0], [1.0], [-1.0], [0.0], [0.0], [0.0]]], [([[0.0, 1.0], [0.0, 1.0]], [[0, -1, 0], [0, -1, 1], [1, 1, -1]]), ([[0.0, 1.0], [0.0, 1.0]], [[0, -1, 0], [0, -1, 1], [1, 1, -1]]), ([[0.0, 1.0], [0.0, 1.0]], [[0, -1, 0], [0, -1, 1], [1, 1, -1]]), ([[0.0, 1.0], [0.0, 1.0]], [[0, -1, 0], [0, -1, 1], [1, 1, -1]])])]
_ test_narrowing_not_ties_zero_meaning_roots_and_reader_steps_once[MM_grammar] _

config = 'MM_grammar'
monkeypatch = <_pytest.monkeypatch.MonkeyPatch object at 0x129b75f40>

    @pytest.mark.parametrize('config',['XOR_grammar','MM_grammar'])
    def test_narrowing_not_ties_zero_meaning_roots_and_reader_steps_once(config,monkeypatch):
        from test_mm_xor import _fresh_model
        from Language import OperationSelectionLayer
        import SentenceCredit
        model,_,data=_fresh_model('data/'+config+'.xml')
        original_attend=OperationSelectionLayer.attend
        original_forward=OperationSelectionLayer.forward
        original_departure=SentenceCredit.departure
        def depart(narrowing,compose,**kwargs):
            draw=original_departure(narrowing,compose,**kwargs)
            draw.update(round=torch.zeros_like(draw['round']),narrowing=torch.ones_like(draw['narrowing']),
                        attention_round=torch.zeros_like(draw['round']),compose_round=torch.full_like(draw['round'],-1))
            return draw
        def attend(module,keys,legal,space,**kwargs):
            available=legal.flatten(1)
            action=torch.full((len(keys),),available.shape[1],dtype=torch.long)
            for op in (0,2,1):
                slots=legal[:,:,op]
                action=torch.where(slots.any(-1),slots.long().argmax(-1)*6+op,action)
            mask=kwargs.get('masked_action')
            if mask is not None:
                action=torch.where(mask>=0,torch.full_like(action,5),action)
            kwargs['replay_action']=action
            return original_attend(module,keys,legal,space,**kwargs)
        def disjunction(module,x,**kwargs):
            stop=(x.shape[1]-1)*module.r_reduce+x.shape[1]*module.r_apply
            depth=kwargs.get('depth',torch.full((len(x),),x.shape[1]))
            kwargs['replay_action']=torch.where(depth>1,1,stop)
            return original_forward(module,x,**kwargs)
        monkeypatch.setattr(SentenceCredit,'departure',depart)
        monkeypatch.setattr(OperationSelectionLayer,'attend',attend)
        monkeypatch.setattr(OperationSelectionLayer,'forward',disjunction)
        snapshots=[]
        original=model._sentence_path_cost
        def cost(state,*args,**kwargs):
            result=original(state,*args,**kwargs)
            snapshots.append(dict(root=state[1][9].detach().clone(),
                activation=state[1][0].detach().clone(), meanings=result[2]['meanings'], entries=result[2]['entries']))
            return result
        monkeypatch.setattr(model,'_sentence_path_cost',cost)
        try:
            optimizer=model.getOptimizer(lr=.01)
            model.runEpoch(optimizer=optimizer,batchSize=4,split='train')
            assert len(snapshots)==2
            first,second=snapshots
            assert (first['activation']>0).any() and (second['activation']<0).any()
            torch.testing.assert_close(first['root'],second['root'],rtol=0,atol=0)
            print([(s['activation'].tolist(), [(e.leaf_evidence.tolist(), e.actions.tolist()) for e in s['entries']]) for s in snapshots])
            assert all(a.polarity and not b.polarity for a,b in zip(first['meanings'],second['meanings'])), ([m.polarity for m in first['meanings']], [m.polarity for m in second['meanings']], first['activation'], second['activation'])
            audit=model._last_sentence_credit
            torch.testing.assert_close(audit['components'][:,0],audit['components'][:,1],rtol=0,atol=0)
            assert audit['advantage'].eq(0).all() and not audit['wins'].any()
            assert model._sentence_reader_weights.tolist()==[[1.,0.]]*4
            states=[optimizer.state[p]['step'] for p in model.objective_parameter_groups(optimizer)['output']
                    if p in optimizer.state and 'step' in optimizer.state[p]]
>           assert states and all(float(s)==1 for s in states)
E           assert ([tensor(2.), tensor(2.), tensor(2.)] and False)
E            +  where False = all(<generator object test_narrowing_not_ties_zero_meaning_roots_and_reader_steps_once.<locals>.<genexpr> at 0x129cff100>)

test/test_operators_round2c.py:78: AssertionError
----------------------------- Captured stdout call -----------------------------
batch = 0 (warm-up, 100.00%)
Training throughput: 1 batches in 0.378s; word units 100.0% of 8 words (letters-only 100.0% of 8).
[([[[1.0], [1.0], [1.0], [0.0], [0.0], [0.0], [0.0], [0.0]], [[1.0], [1.0], [1.0], [0.0], [0.0], [0.0], [0.0], [0.0]], [[1.0], [1.0], [1.0], [0.0], [0.0], [0.0], [0.0], [0.0]], [[1.0], [1.0], [1.0], [0.0], [0.0], [0.0], [0.0], [0.0]]], [([[1.0, 0.0], [1.0, 0.0]], [[0, -1, 0], [0, -1, 1], [1, 1, -1]]), ([[1.0, 0.0], [1.0, 0.0]], [[0, -1, 0], [0, -1, 1], [1, 1, -1]]), ([[1.0, 0.0], [1.0, 0.0]], [[0, -1, 0], [0, -1, 1], [1, 1, -1]]), ([[1.0, 0.0], [1.0, 0.0]], [[0, -1, 0], [0, -1, 1], [1, 1, -1]])]), ([[[-1.0], [1.0], [-1.0], [0.0], [0.0], [0.0], [0.0], [0.0]], [[-1.0], [1.0], [-1.0], [0.0], [0.0], [0.0], [0.0], [0.0]], [[-1.0], [1.0], [-1.0], [0.0], [0.0], [0.0], [0.0], [0.0]], [[-1.0], [1.0], [-1.0], [0.0], [0.0], [0.0], [0.0], [0.0]]], [([[0.0, 1.0], [0.0, 1.0]], [[0, -1, 0], [0, -1, 1], [1, 1, -1]]), ([[0.0, 1.0], [0.0, 1.0]], [[0, -1, 0], [0, -1, 1], [1, 1, -1]]), ([[0.0, 1.0], [0.0, 1.0]], [[0, -1, 0], [0, -1, 1], [1, 1, -1]]), ([[0.0, 1.0], [0.0, 1.0]], [[0, -1, 0], [0, -1, 1], [1, 1, -1]])])]
=============================== warnings summary ===============================
test/test_operators_round2c.py::test_narrowing_not_ties_zero_meaning_roots_and_reader_steps_once[XOR_grammar]
  /Users/arogers/github/WikiOracle/basicmodel/.venv/lib/python3.12/site-packages/torch/utils/_device.py:122: UserWarning: Sparse invariant checks are implicitly disabled. Memory errors (e.g. SEGFAULT) will occur when operating on a sparse tensor which violates the invariants, but checks incur performance overhead. To silence this warning, explicitly opt in or out. See `torch.sparse.check_sparse_tensor_invariants.__doc__` for guidance.  (Triggered internally at /Users/runner/work/pytorch/pytorch/aten/src/ATen/Context.cpp:855.)
    return func(*args, **kwargs)

-- Docs: https://docs.pytest.org/en/stable/how-to/capture-warnings.html
=========================== short test summary info ============================
FAILED test/test_operators_round2c.py::test_narrowing_not_ties_zero_meaning_roots_and_reader_steps_once[XOR_grammar]
FAILED test/test_operators_round2c.py::test_narrowing_not_ties_zero_meaning_roots_and_reader_steps_once[MM_grammar]
2 failed, 1 passed, 1 warning in 3.22s
