Starting with dynamic 2-dim embedding (words added at runtime)
  Building span table: 0/4 docs
Device: cpu
Peer pipeline: static PS/WS stage bodies compiled separately; legacy compatibility scheduler remains outside fullgraph capture


==== BasicModel ====

Trial [1/1]
Baseline test pass skipped (--test not specified). Re-invoke train.py with --test to include baseline + post-epoch evaluation.
Epoch [1/400]
[AMP] off (fp32, MODEL_AMP unset or =off)
batch = 0 (warm-up, 100.00%)
Train Loss: output=0.1753, reconstruction=0.4101
Epoch [2/400]
batch = 0 (Δ=0.181s, 100.00%)
Train Loss: output=0.1732, reconstruction=0.2843
Epoch [3/400]
batch = 0 (Δ=0.262s, 100.00%)
Train Loss: output=0.1721, reconstruction=0.2451
Epoch [4/400]
batch = 0 (Δ=0.180s, 100.00%)
Train Loss: output=0.1664, reconstruction=0.2610
Epoch [5/400]
batch = 0 (Δ=0.179s, 100.00%)
Train Loss: output=0.1744, reconstruction=0.2295
Epoch [6/400]
batch = 0 (Δ=0.178s, 100.00%)
Train Loss: output=0.1740, reconstruction=0.2262
Epoch [7/400]
batch = 0 (Δ=0.179s, 100.00%)
Train Loss: output=0.1644, reconstruction=0.2296
Epoch [8/400]
batch = 0 (Δ=0.177s, 100.00%)
Train Loss: output=0.1731, reconstruction=0.2208
Epoch [9/400]
batch = 0 (Δ=0.174s, 100.00%)
Train Loss: output=0.1725, reconstruction=0.2185
Epoch [10/400]
batch = 0 (Δ=0.180s, 100.00%)
Train Loss: output=0.1719, reconstruction=0.2168
Epoch [11/400]
batch = 0 (Δ=0.175s, 100.00%)
Train Loss: output=0.1714, reconstruction=0.2160
Epoch [12/400]
batch = 0 (Δ=0.178s, 100.00%)
Train Loss: output=0.1710, reconstruction=0.2154
Epoch [13/400]
batch = 0 (Δ=0.179s, 100.00%)
Train Loss: output=0.1706, reconstruction=0.2147
Epoch [14/400]
batch = 0 (Δ=0.179s, 100.00%)
Train Loss: output=0.1627, reconstruction=0.2114
Epoch [15/400]
batch = 0 (Δ=0.174s, 100.00%)
Train Loss: output=0.1699, reconstruction=0.2141
Epoch [16/400]
batch = 0 (Δ=0.177s, 100.00%)
Train Loss: output=0.1611, reconstruction=0.2148
Epoch [17/400]
batch = 0 (Δ=0.175s, 100.00%)
Train Loss: output=0.1642, reconstruction=0.2142
Epoch [18/400]
batch = 0 (Δ=0.178s, 100.00%)
Train Loss: output=0.1591, reconstruction=0.2190
Epoch [19/400]
batch = 0 (Δ=0.182s, 100.00%)
Train Loss: output=0.1686, reconstruction=0.2204
Epoch [20/400]
batch = 0 (Δ=0.175s, 100.00%)
Train Loss: output=0.1683, reconstruction=0.2236
Epoch [21/400]
batch = 0 (Δ=0.179s, 100.00%)
Train Loss: output=0.1679, reconstruction=0.2281
Epoch [22/400]
batch = 0 (Δ=0.175s, 100.00%)
Train Loss: output=0.1675, reconstruction=0.2330
Epoch [23/400]
batch = 0 (Δ=0.176s, 100.00%)
Train Loss: output=0.1473, reconstruction=0.2337
Epoch [24/400]
batch = 0 (Δ=0.175s, 100.00%)
Train Loss: output=0.1667, reconstruction=0.2413
Epoch [25/400]
batch = 0 (Δ=0.174s, 100.00%)
Train Loss: output=0.1516, reconstruction=0.2421
Epoch [26/400]
batch = 0 (Δ=0.181s, 100.00%)
Train Loss: output=0.1660, reconstruction=0.2457
Epoch [27/400]
batch = 0 (Δ=0.181s, 100.00%)
Train Loss: output=0.1497, reconstruction=0.2434
Epoch [28/400]
batch = 0 (Δ=0.175s, 100.00%)
Train Loss: output=0.1656, reconstruction=0.2475
Epoch [29/400]
batch = 0 (Δ=0.180s, 100.00%)
Train Loss: output=0.1479, reconstruction=0.2435
Epoch [30/400]
batch = 0 (Δ=0.176s, 100.00%)
Train Loss: output=0.1653, reconstruction=0.2505
Epoch [31/400]
batch = 0 (Δ=0.181s, 100.00%)
Train Loss: output=0.1651, reconstruction=0.2524
Epoch [32/400]
batch = 0 (Δ=0.179s, 100.00%)
Train Loss: output=0.1648, reconstruction=0.2546
Epoch [33/400]
batch = 0 (Δ=0.174s, 100.00%)
Train Loss: output=0.1645, reconstruction=0.2564
Epoch [34/400]
batch = 0 (Δ=0.173s, 100.00%)
Train Loss: output=0.1642, reconstruction=0.2575
Epoch [35/400]
batch = 0 (Δ=0.175s, 100.00%)
Train Loss: output=0.1638, reconstruction=0.2580
Epoch [36/400]
batch = 0 (Δ=0.180s, 100.00%)
Train Loss: output=0.1635, reconstruction=0.2575
Epoch [37/400]
batch = 0 (Δ=0.178s, 100.00%)
Train Loss: output=0.1631, reconstruction=0.2553
Epoch [38/400]
batch = 0 (Δ=0.184s, 100.00%)
Train Loss: output=0.1626, reconstruction=0.2526
Epoch [39/400]
batch = 0 (Δ=0.172s, 100.00%)
Train Loss: output=0.1622, reconstruction=0.2500
Epoch [40/400]
batch = 0 (Δ=0.180s, 100.00%)
Train Loss: output=0.1617, reconstruction=0.2471
Epoch [41/400]
batch = 0 (Δ=0.173s, 100.00%)
Train Loss: output=0.1402, reconstruction=0.2345
Epoch [42/400]
batch = 0 (Δ=0.172s, 100.00%)
Train Loss: output=0.1609, reconstruction=0.2429
Epoch [43/400]
batch = 0 (Δ=0.175s, 100.00%)
Train Loss: output=0.1502, reconstruction=0.2387
Epoch [44/400]
batch = 0 (Δ=0.176s, 100.00%)
Train Loss: output=0.1601, reconstruction=0.2416
Epoch [45/400]
batch = 0 (Δ=0.179s, 100.00%)
Train Loss: output=0.1597, reconstruction=0.2425
Epoch [46/400]
batch = 0 (Δ=0.179s, 100.00%)
Train Loss: output=0.1369, reconstruction=0.2326
Epoch [47/400]
batch = 0 (Δ=0.175s, 100.00%)
Train Loss: output=0.1591, reconstruction=0.2431
Epoch [48/400]
batch = 0 (Δ=0.254s, 100.00%)
Train Loss: output=0.1236, reconstruction=0.2273
Epoch [49/400]
batch = 0 (Δ=0.179s, 100.00%)
Train Loss: output=0.1586, reconstruction=0.2401
Epoch [50/400]
batch = 0 (Δ=0.175s, 100.00%)
Train Loss: output=0.1584, reconstruction=0.2390
Epoch [51/400]
batch = 0 (Δ=0.177s, 100.00%)
Train Loss: output=0.1328, reconstruction=0.2281
Epoch [52/400]
batch = 0 (Δ=0.179s, 100.00%)
Train Loss: output=0.1579, reconstruction=0.2407
Epoch [53/400]
batch = 0 (Δ=0.176s, 100.00%)
Train Loss: output=0.1577, reconstruction=0.2410
Epoch [54/400]
batch = 0 (Δ=0.178s, 100.00%)
Train Loss: output=0.1436, reconstruction=0.2373
Epoch [55/400]
batch = 0 (Δ=0.177s, 100.00%)
Train Loss: output=0.1572, reconstruction=0.2401
Epoch [56/400]
batch = 0 (Δ=0.173s, 100.00%)
Train Loss: output=0.1290, reconstruction=0.2268
Epoch [57/400]
batch = 0 (Δ=0.175s, 100.00%)
Train Loss: output=0.1568, reconstruction=0.2383
Epoch [58/400]
batch = 0 (Δ=0.177s, 100.00%)
Train Loss: output=0.1566, reconstruction=0.2374
Epoch [59/400]
batch = 0 (Δ=0.181s, 100.00%)
Train Loss: output=0.1564, reconstruction=0.2366
Epoch [60/400]
batch = 0 (Δ=0.178s, 100.00%)
Train Loss: output=0.1265, reconstruction=0.2227
Epoch [61/400]
batch = 0 (Δ=0.175s, 100.00%)
Train Loss: output=0.1560, reconstruction=0.2357
Epoch [62/400]
batch = 0 (Δ=0.181s, 100.00%)
Train Loss: output=0.1255, reconstruction=0.2221
Epoch [63/400]
batch = 0 (Δ=0.183s, 100.00%)
Train Loss: output=0.1558, reconstruction=0.2351
Epoch [64/400]
batch = 0 (Δ=0.175s, 100.00%)
Train Loss: output=0.1557, reconstruction=0.2347
Epoch [65/400]
batch = 0 (Δ=0.174s, 100.00%)
Train Loss: output=0.1560, reconstruction=0.2354
Epoch [66/400]
batch = 0 (Δ=0.175s, 100.00%)
Train Loss: output=0.1243, reconstruction=0.2213
Epoch [67/400]
batch = 0 (Δ=0.177s, 100.00%)
Train Loss: output=0.1429, reconstruction=0.2324
Epoch [68/400]
batch = 0 (Δ=0.179s, 100.00%)
Train Loss: output=0.1133, reconstruction=0.2177
Epoch [69/400]
batch = 0 (Δ=0.179s, 100.00%)
Train Loss: output=0.1555, reconstruction=0.2359
Epoch [70/400]
batch = 0 (Δ=0.173s, 100.00%)
Train Loss: output=0.1249, reconstruction=0.2207
Epoch [71/400]
batch = 0 (Δ=0.175s, 100.00%)
Train Loss: output=0.1557, reconstruction=0.2345
Epoch [72/400]
batch = 0 (Δ=0.185s, 100.00%)
Train Loss: output=0.1247, reconstruction=0.2190
Epoch [73/400]
batch = 0 (Δ=0.180s, 100.00%)
Train Loss: output=0.1244, reconstruction=0.2184
Epoch [74/400]
batch = 0 (Δ=0.177s, 100.00%)
Train Loss: output=0.1557, reconstruction=0.2323
Epoch [75/400]
batch = 0 (Δ=0.176s, 100.00%)
Train Loss: output=0.1557, reconstruction=0.2322
Epoch [76/400]
batch = 0 (Δ=0.177s, 100.00%)
Train Loss: output=0.1515, reconstruction=0.2301
Epoch [77/400]
batch = 0 (Δ=0.176s, 100.00%)
Train Loss: output=0.1555, reconstruction=0.2368
Epoch [78/400]
batch = 0 (Δ=0.179s, 100.00%)
Train Loss: output=0.1554, reconstruction=0.2386
Epoch [79/400]
batch = 0 (Δ=0.174s, 100.00%)
Train Loss: output=0.1552, reconstruction=0.2382
Epoch [80/400]
batch = 0 (Δ=0.172s, 100.00%)
Train Loss: output=0.1550, reconstruction=0.2370
Epoch [81/400]
batch = 0 (Δ=0.177s, 100.00%)
Train Loss: output=0.1197, reconstruction=0.2210
Epoch [82/400]
batch = 0 (Δ=0.175s, 100.00%)
Train Loss: output=0.1522, reconstruction=0.2291
Epoch [83/400]
batch = 0 (Δ=0.174s, 100.00%)
Train Loss: output=0.1542, reconstruction=0.2320
Epoch [84/400]
batch = 0 (Δ=0.187s, 100.00%)
Train Loss: output=0.0915, reconstruction=0.2951
Epoch [85/400]
batch = 0 (Δ=0.180s, 100.00%)
Train Loss: output=0.2715, reconstruction=0.2635
Epoch [86/400]
batch = 0 (Δ=0.179s, 100.00%)
Train Loss: output=0.1929, reconstruction=0.2192
Epoch [87/400]
batch = 0 (Δ=0.183s, 100.00%)
Train Loss: output=0.2683, reconstruction=0.2180
Epoch [88/400]
batch = 0 (Δ=0.180s, 100.00%)
Train Loss: output=0.2669, reconstruction=0.2616
Epoch [89/400]
batch = 0 (Δ=0.178s, 100.00%)
Train Loss: output=0.2611, reconstruction=0.2602
Epoch [90/400]
batch = 0 (Δ=0.181s, 100.00%)
Train Loss: output=0.2451, reconstruction=0.2293
Epoch [91/400]
batch = 0 (Δ=0.254s, 100.00%)
Train Loss: output=0.1527, reconstruction=0.1998
Epoch [92/400]
batch = 0 (Δ=0.180s, 100.00%)
Train Loss: output=0.1726, reconstruction=0.1709
Epoch [93/400]
batch = 0 (Δ=0.182s, 100.00%)
Train Loss: output=0.1816, reconstruction=0.1556
Epoch [94/400]
batch = 0 (Δ=0.183s, 100.00%)
Train Loss: output=0.3000, reconstruction=0.2381
Epoch [95/400]
batch = 0 (Δ=0.187s, 100.00%)
Train Loss: output=0.2986, reconstruction=0.2384
Epoch [96/400]
batch = 0 (Δ=0.186s, 100.00%)
Train Loss: output=0.3161, reconstruction=0.2187
Epoch [97/400]
batch = 0 (Δ=0.178s, 100.00%)
Train Loss: output=0.2616, reconstruction=0.1813
Epoch [98/400]
batch = 0 (Δ=0.175s, 100.00%)
Train Loss: output=0.1273, reconstruction=0.2693
Epoch [99/400]
batch = 0 (Δ=0.179s, 100.00%)
Train Loss: output=0.1597, reconstruction=0.2419
Epoch [100/400]
batch = 0 (Δ=0.179s, 100.00%)
Train Loss: output=0.1601, reconstruction=0.2403
Epoch [101/400]
batch = 0 (Δ=0.182s, 100.00%)
Train Loss: output=0.1603, reconstruction=0.2325
Epoch [102/400]
batch = 0 (Δ=0.172s, 100.00%)
Train Loss: output=0.1601, reconstruction=0.2205
Epoch [103/400]
batch = 0 (Δ=0.173s, 100.00%)
Train Loss: output=0.1598, reconstruction=0.2087
Epoch [104/400]
batch = 0 (Δ=0.183s, 100.00%)
Train Loss: output=0.1389, reconstruction=0.1948
Epoch [105/400]
batch = 0 (Δ=0.179s, 100.00%)
Train Loss: output=0.1594, reconstruction=0.1984
Epoch [106/400]
batch = 0 (Δ=0.179s, 100.00%)
Train Loss: output=0.1590, reconstruction=0.1988
Epoch [107/400]
batch = 0 (Δ=0.180s, 100.00%)
Train Loss: output=0.1587, reconstruction=0.2020
Epoch [108/400]
batch = 0 (Δ=0.177s, 100.00%)
Train Loss: output=0.1585, reconstruction=0.2080
Epoch [109/400]
batch = 0 (Δ=0.195s, 100.00%)
Train Loss: output=0.1179, reconstruction=0.2033
Epoch [110/400]
batch = 0 (Δ=0.179s, 100.00%)
Train Loss: output=0.1005, reconstruction=0.2032
Epoch [111/400]
batch = 0 (Δ=0.169s, 100.00%)
Train Loss: output=0.1585, reconstruction=0.2245
Epoch [112/400]
batch = 0 (Δ=0.175s, 100.00%)
Train Loss: output=0.1175, reconstruction=0.2123
Epoch [113/400]
batch = 0 (Δ=0.177s, 100.00%)
Train Loss: output=0.1170, reconstruction=0.2178
Epoch [114/400]
batch = 0 (Δ=0.178s, 100.00%)
Train Loss: output=0.1587, reconstruction=0.2478
Epoch [115/400]
batch = 0 (Δ=0.174s, 100.00%)
Train Loss: output=0.1588, reconstruction=0.2585
Epoch [116/400]
batch = 0 (Δ=0.176s, 100.00%)
Train Loss: output=0.1452, reconstruction=0.2651
Epoch [117/400]
batch = 0 (Δ=0.178s, 100.00%)
Train Loss: output=0.1589, reconstruction=0.2760
Epoch [118/400]
batch = 0 (Δ=0.180s, 100.00%)
Train Loss: output=0.1454, reconstruction=0.2761
Epoch [119/400]
batch = 0 (Δ=0.173s, 100.00%)
Train Loss: output=0.1585, reconstruction=0.2803
Epoch [120/400]
batch = 0 (Δ=0.177s, 100.00%)
Train Loss: output=0.1583, reconstruction=0.2788
Epoch [121/400]
batch = 0 (Δ=0.177s, 100.00%)
Train Loss: output=0.1580, reconstruction=0.2767
Epoch [122/400]
batch = 0 (Δ=0.174s, 100.00%)
Train Loss: output=0.1578, reconstruction=0.2765
Epoch [123/400]
batch = 0 (Δ=0.174s, 100.00%)
Train Loss: output=0.1354, reconstruction=0.2553
Epoch [124/400]
batch = 0 (Δ=0.182s, 100.00%)
Train Loss: output=0.1576, reconstruction=0.2823
Epoch [125/400]
batch = 0 (Δ=0.176s, 100.00%)
Train Loss: output=0.1576, reconstruction=0.2861
Epoch [126/400]
batch = 0 (Δ=0.181s, 100.00%)
Train Loss: output=0.1577, reconstruction=0.2890
Epoch [127/400]
batch = 0 (Δ=0.174s, 100.00%)
Train Loss: output=0.1580, reconstruction=0.2905
Epoch [128/400]
batch = 0 (Δ=0.177s, 100.00%)
Train Loss: output=0.1583, reconstruction=0.2910
Epoch [129/400]
batch = 0 (Δ=0.184s, 100.00%)
Train Loss: output=0.1585, reconstruction=0.2912
Epoch [130/400]
batch = 0 (Δ=0.177s, 100.00%)
Train Loss: output=0.1586, reconstruction=0.2915
Epoch [131/400]
batch = 0 (Δ=0.174s, 100.00%)
Train Loss: output=0.1585, reconstruction=0.2919
Epoch [132/400]
batch = 0 (Δ=0.174s, 100.00%)
Train Loss: output=0.1583, reconstruction=0.2925
Epoch [133/400]
batch = 0 (Δ=0.255s, 100.00%)
Train Loss: output=0.1581, reconstruction=0.2933
Epoch [134/400]
batch = 0 (Δ=0.179s, 100.00%)
Train Loss: output=0.1581, reconstruction=0.2943
Epoch [135/400]
batch = 0 (Δ=0.177s, 100.00%)
Train Loss: output=0.1388, reconstruction=0.2923
Epoch [136/400]
batch = 0 (Δ=0.179s, 100.00%)
Train Loss: output=0.1580, reconstruction=0.2965
Epoch [137/400]
batch = 0 (Δ=0.181s, 100.00%)
Train Loss: output=0.1580, reconstruction=0.2974
Epoch [138/400]
batch = 0 (Δ=0.175s, 100.00%)
Train Loss: output=0.1579, reconstruction=0.2978
Epoch [139/400]
batch = 0 (Δ=0.177s, 100.00%)
Train Loss: output=0.1578, reconstruction=0.2976
Epoch [140/400]
batch = 0 (Δ=0.175s, 100.00%)
Train Loss: output=0.1441, reconstruction=0.2776
Epoch [141/400]
batch = 0 (Δ=0.184s, 100.00%)
Train Loss: output=0.1578, reconstruction=0.3010
Epoch [142/400]
batch = 0 (Δ=0.172s, 100.00%)
Train Loss: output=0.1577, reconstruction=0.3054
Epoch [143/400]
batch = 0 (Δ=0.183s, 100.00%)
Train Loss: output=0.1576, reconstruction=0.3094
Epoch [144/400]
batch = 0 (Δ=0.176s, 100.00%)
Train Loss: output=0.1389, reconstruction=0.3098
Epoch [145/400]
batch = 0 (Δ=0.170s, 100.00%)
Train Loss: output=0.1384, reconstruction=0.3119
Epoch [146/400]
batch = 0 (Δ=0.183s, 100.00%)
Train Loss: output=0.1375, reconstruction=0.3129
Epoch [147/400]
batch = 0 (Δ=0.175s, 100.00%)
Train Loss: output=0.1363, reconstruction=0.3140
Epoch [148/400]
batch = 0 (Δ=0.177s, 100.00%)
Train Loss: output=0.1349, reconstruction=0.3167
Epoch [149/400]
batch = 0 (Δ=0.176s, 100.00%)
Train Loss: output=0.1334, reconstruction=0.3199
Epoch [150/400]
batch = 0 (Δ=0.175s, 100.00%)
Train Loss: output=0.1087, reconstruction=0.3039
Epoch [151/400]
batch = 0 (Δ=0.179s, 100.00%)
Train Loss: output=0.1042, reconstruction=0.3120
Epoch [152/400]
batch = 0 (Δ=0.177s, 100.00%)
Train Loss: output=0.1302, reconstruction=0.3439
Epoch [153/400]
batch = 0 (Δ=0.176s, 100.00%)
Train Loss: output=0.0943, reconstruction=0.3345
Epoch [154/400]
batch = 0 (Δ=0.175s, 100.00%)
Train Loss: output=0.1301, reconstruction=0.3612
Epoch [155/400]
batch = 0 (Δ=0.178s, 100.00%)
Train Loss: output=0.1301, reconstruction=0.3621
Epoch [156/400]
batch = 0 (Δ=0.178s, 100.00%)
Train Loss: output=0.0793, reconstruction=0.3402
Epoch [157/400]
batch = 0 (Δ=0.176s, 100.00%)
Train Loss: output=0.1879, reconstruction=0.3655
Epoch [158/400]
batch = 0 (Δ=0.176s, 100.00%)
Train Loss: output=0.1911, reconstruction=0.3695
Epoch [159/400]
batch = 0 (Δ=0.178s, 100.00%)
Train Loss: output=0.1918, reconstruction=0.3746
Epoch [160/400]
batch = 0 (Δ=0.178s, 100.00%)
Train Loss: output=0.1899, reconstruction=0.3771
Epoch [161/400]
batch = 0 (Δ=0.183s, 100.00%)
Train Loss: output=0.1859, reconstruction=0.3753
Epoch [162/400]
batch = 0 (Δ=0.179s, 100.00%)
Train Loss: output=0.1807, reconstruction=0.3700
Epoch [163/400]
batch = 0 (Δ=0.178s, 100.00%)
Train Loss: output=0.1755, reconstruction=0.3637
Epoch [164/400]
batch = 0 (Δ=0.180s, 100.00%)
Train Loss: output=0.1711, reconstruction=0.3597
Epoch [165/400]
batch = 0 (Δ=0.175s, 100.00%)
Train Loss: output=0.1676, reconstruction=0.3596
Epoch [166/400]
batch = 0 (Δ=0.176s, 100.00%)
Train Loss: output=0.1647, reconstruction=0.3609
Epoch [167/400]
batch = 0 (Δ=0.177s, 100.00%)
Train Loss: output=0.1620, reconstruction=0.3545
Epoch [168/400]
batch = 0 (Δ=0.174s, 100.00%)
Train Loss: output=0.1603, reconstruction=0.3449
Epoch [169/400]
batch = 0 (Δ=0.176s, 100.00%)
Train Loss: output=0.1602, reconstruction=0.3382
Epoch [170/400]
batch = 0 (Δ=0.181s, 100.00%)
Train Loss: output=0.1615, reconstruction=0.3363
Epoch [171/400]
batch = 0 (Δ=0.176s, 100.00%)
Train Loss: output=0.1631, reconstruction=0.3370
Epoch [172/400]
batch = 0 (Δ=0.178s, 100.00%)
Train Loss: output=0.1645, reconstruction=0.3362
Epoch [173/400]
batch = 0 (Δ=0.175s, 100.00%)
Train Loss: output=0.1474, reconstruction=0.3297
Epoch [174/400]
batch = 0 (Δ=0.181s, 100.00%)
Train Loss: output=0.1649, reconstruction=0.3268
Epoch [175/400]
batch = 0 (Δ=0.248s, 100.00%)
Train Loss: output=0.1475, reconstruction=0.3194
Epoch [176/400]
batch = 0 (Δ=0.174s, 100.00%)
Train Loss: output=0.1461, reconstruction=0.3190
Epoch [177/400]
batch = 0 (Δ=0.183s, 100.00%)
Train Loss: output=0.1633, reconstruction=0.3279
Epoch [178/400]
batch = 0 (Δ=0.181s, 100.00%)
Train Loss: output=0.1313, reconstruction=0.3119
Epoch [179/400]
batch = 0 (Δ=0.178s, 100.00%)
Train Loss: output=0.1629, reconstruction=0.3499
Epoch [180/400]
batch = 0 (Δ=0.176s, 100.00%)
Train Loss: output=0.1204, reconstruction=0.3269
Epoch [181/400]
batch = 0 (Δ=0.172s, 100.00%)
Train Loss: output=0.1625, reconstruction=0.3608
Epoch [182/400]
batch = 0 (Δ=0.179s, 100.00%)
Train Loss: output=0.1622, reconstruction=0.3569
Epoch [183/400]
batch = 0 (Δ=0.181s, 100.00%)
Train Loss: output=0.1629, reconstruction=0.3589
Epoch [184/400]
batch = 0 (Δ=0.178s, 100.00%)
Train Loss: output=0.1637, reconstruction=0.3610
Epoch [185/400]
batch = 0 (Δ=0.174s, 100.00%)
Train Loss: output=0.1236, reconstruction=0.3644
Epoch [186/400]
batch = 0 (Δ=0.181s, 100.00%)
Train Loss: output=0.1288, reconstruction=0.3693
Epoch [187/400]
batch = 0 (Δ=0.175s, 100.00%)
Train Loss: output=0.1688, reconstruction=0.3795
Epoch [188/400]
batch = 0 (Δ=0.174s, 100.00%)
Train Loss: output=0.1283, reconstruction=0.3777
Epoch [189/400]
batch = 0 (Δ=0.177s, 100.00%)
Train Loss: output=0.1718, reconstruction=0.3803
Epoch [190/400]
batch = 0 (Δ=0.175s, 100.00%)
Train Loss: output=0.1727, reconstruction=0.3772
Epoch [191/400]
batch = 0 (Δ=0.176s, 100.00%)
Train Loss: output=0.1730, reconstruction=0.3759
Epoch [192/400]
batch = 0 (Δ=0.176s, 100.00%)
Train Loss: output=0.1273, reconstruction=0.3718
Epoch [193/400]
batch = 0 (Δ=0.180s, 100.00%)
Train Loss: output=0.1732, reconstruction=0.3779
Epoch [194/400]
batch = 0 (Δ=0.177s, 100.00%)
Train Loss: output=0.1278, reconstruction=0.3752
Epoch [195/400]
batch = 0 (Δ=0.188s, 100.00%)
Train Loss: output=0.0876, reconstruction=0.3395
Epoch [196/400]
batch = 0 (Δ=0.174s, 100.00%)
Train Loss: output=0.1282, reconstruction=0.3773
Epoch [197/400]
batch = 0 (Δ=0.174s, 100.00%)
Train Loss: output=0.1195, reconstruction=0.3766
Epoch [198/400]
batch = 0 (Δ=0.176s, 100.00%)
Train Loss: output=0.1280, reconstruction=0.3763
Epoch [199/400]
batch = 0 (Δ=0.176s, 100.00%)
Train Loss: output=0.1755, reconstruction=0.3803
Epoch [200/400]
batch = 0 (Δ=0.174s, 100.00%)
Train Loss: output=0.1758, reconstruction=0.3806
Epoch [201/400]
batch = 0 (Δ=0.176s, 100.00%)
Train Loss: output=0.1195, reconstruction=0.3772
Epoch [202/400]
batch = 0 (Δ=0.180s, 100.00%)
Train Loss: output=0.1757, reconstruction=0.3844
Epoch [203/400]
batch = 0 (Δ=0.178s, 100.00%)
Train Loss: output=0.1711, reconstruction=0.3831
Epoch [204/400]
batch = 0 (Δ=0.176s, 100.00%)
Train Loss: output=0.1743, reconstruction=0.3856
Epoch [205/400]
batch = 0 (Δ=0.178s, 100.00%)
Train Loss: output=0.1732, reconstruction=0.3850
Epoch [206/400]
batch = 0 (Δ=0.175s, 100.00%)
Train Loss: output=0.1666, reconstruction=0.3823
Epoch [207/400]
batch = 0 (Δ=0.177s, 100.00%)
Train Loss: output=0.1713, reconstruction=0.3854
Epoch [208/400]
batch = 0 (Δ=0.182s, 100.00%)
Train Loss: output=0.1639, reconstruction=0.3845
Epoch [209/400]
batch = 0 (Δ=0.175s, 100.00%)
Train Loss: output=0.1310, reconstruction=0.3858
Epoch [210/400]
batch = 0 (Δ=0.184s, 100.00%)
Train Loss: output=0.1700, reconstruction=0.3909
Epoch [211/400]
batch = 0 (Δ=0.184s, 100.00%)
Train Loss: output=0.1700, reconstruction=0.3911
Epoch [212/400]
batch = 0 (Δ=0.181s, 100.00%)
Train Loss: output=0.1700, reconstruction=0.3887
Epoch [213/400]
batch = 0 (Δ=0.181s, 100.00%)
Train Loss: output=0.1700, reconstruction=0.3863
Epoch [214/400]
batch = 0 (Δ=0.182s, 100.00%)
Train Loss: output=0.1700, reconstruction=0.3854
Epoch [215/400]
batch = 0 (Δ=0.175s, 100.00%)
Train Loss: output=0.1701, reconstruction=0.3851
Epoch [216/400]
batch = 0 (Δ=0.176s, 100.00%)
Train Loss: output=0.1703, reconstruction=0.3870
Epoch [217/400]
batch = 0 (Δ=0.261s, 100.00%)
Train Loss: output=0.1389, reconstruction=0.3873
Epoch [218/400]
batch = 0 (Δ=0.179s, 100.00%)
Train Loss: output=0.1704, reconstruction=0.3937
Epoch [219/400]
batch = 0 (Δ=0.175s, 100.00%)
Train Loss: output=0.1704, reconstruction=0.3953
Epoch [220/400]
batch = 0 (Δ=0.181s, 100.00%)
Train Loss: output=0.1703, reconstruction=0.3952
Epoch [221/400]
batch = 0 (Δ=0.176s, 100.00%)
Train Loss: output=0.1702, reconstruction=0.3930
Epoch [222/400]
batch = 0 (Δ=0.176s, 100.00%)
Train Loss: output=0.1700, reconstruction=0.3905
Epoch [223/400]
batch = 0 (Δ=0.177s, 100.00%)
Train Loss: output=0.1699, reconstruction=0.3889
Epoch [224/400]
batch = 0 (Δ=0.179s, 100.00%)
Train Loss: output=0.1699, reconstruction=0.3881
Epoch [225/400]
batch = 0 (Δ=0.172s, 100.00%)
Train Loss: output=0.1698, reconstruction=0.3877
Epoch [226/400]
batch = 0 (Δ=0.177s, 100.00%)
Train Loss: output=0.1698, reconstruction=0.3867
Epoch [227/400]
batch = 0 (Δ=0.176s, 100.00%)
Train Loss: output=0.1698, reconstruction=0.3857
Epoch [228/400]
batch = 0 (Δ=0.176s, 100.00%)
Train Loss: output=0.1698, reconstruction=0.3854
Epoch [229/400]
batch = 0 (Δ=0.177s, 100.00%)
Train Loss: output=0.1340, reconstruction=0.3813
Epoch [230/400]
batch = 0 (Δ=0.174s, 100.00%)
Train Loss: output=0.1496, reconstruction=0.3600
Epoch [231/400]
batch = 0 (Δ=0.177s, 100.00%)
Train Loss: output=0.1491, reconstruction=0.3603
Epoch [232/400]
batch = 0 (Δ=0.175s, 100.00%)
Train Loss: output=0.1697, reconstruction=0.3867
Epoch [233/400]
batch = 0 (Δ=0.170s, 100.00%)
Train Loss: output=0.1697, reconstruction=0.3895
Epoch [234/400]
batch = 0 (Δ=0.186s, 100.00%)
Train Loss: output=0.1473, reconstruction=0.3661
Epoch [235/400]
batch = 0 (Δ=0.175s, 100.00%)
Train Loss: output=0.1301, reconstruction=0.3868
Epoch [236/400]
batch = 0 (Δ=0.176s, 100.00%)
Train Loss: output=0.1700, reconstruction=0.3897
Epoch [237/400]
batch = 0 (Δ=0.178s, 100.00%)
Train Loss: output=0.1701, reconstruction=0.3880
Epoch [238/400]
batch = 0 (Δ=0.177s, 100.00%)
Train Loss: output=0.1701, reconstruction=0.3860
Epoch [239/400]
batch = 0 (Δ=0.179s, 100.00%)
Train Loss: output=0.1702, reconstruction=0.3848
Epoch [240/400]
batch = 0 (Δ=0.182s, 100.00%)
Train Loss: output=0.1702, reconstruction=0.3839
Epoch [241/400]
batch = 0 (Δ=0.178s, 100.00%)
Train Loss: output=0.1702, reconstruction=0.3841
Epoch [242/400]
batch = 0 (Δ=0.180s, 100.00%)
Train Loss: output=0.1701, reconstruction=0.3857
Epoch [243/400]
batch = 0 (Δ=0.178s, 100.00%)
Train Loss: output=0.1700, reconstruction=0.3869
Epoch [244/400]
batch = 0 (Δ=0.181s, 100.00%)
Train Loss: output=0.1454, reconstruction=0.3638
Epoch [245/400]
batch = 0 (Δ=0.183s, 100.00%)
Train Loss: output=0.1698, reconstruction=0.3880
Epoch [246/400]
batch = 0 (Δ=0.182s, 100.00%)
Train Loss: output=0.1697, reconstruction=0.3875
Epoch [247/400]
batch = 0 (Δ=0.180s, 100.00%)
Train Loss: output=0.1297, reconstruction=0.3825
Epoch [248/400]
batch = 0 (Δ=0.180s, 100.00%)
Train Loss: output=0.1697, reconstruction=0.3858
Epoch [249/400]
batch = 0 (Δ=0.177s, 100.00%)
Train Loss: output=0.1697, reconstruction=0.3877
Epoch [250/400]
batch = 0 (Δ=0.178s, 100.00%)
Train Loss: output=0.1697, reconstruction=0.3897
Epoch [251/400]
batch = 0 (Δ=0.180s, 100.00%)
Train Loss: output=0.1298, reconstruction=0.3878
Epoch [252/400]
batch = 0 (Δ=0.183s, 100.00%)
Train Loss: output=0.1698, reconstruction=0.3922
Epoch [253/400]
batch = 0 (Δ=0.174s, 100.00%)
Train Loss: output=0.1699, reconstruction=0.3921
Epoch [254/400]
batch = 0 (Δ=0.184s, 100.00%)
Train Loss: output=0.1699, reconstruction=0.3915
Epoch [255/400]
batch = 0 (Δ=0.180s, 100.00%)
Train Loss: output=0.1700, reconstruction=0.3909
Epoch [256/400]
batch = 0 (Δ=0.173s, 100.00%)
Train Loss: output=0.1284, reconstruction=0.3872
Epoch [257/400]
batch = 0 (Δ=0.257s, 100.00%)
Train Loss: output=0.1702, reconstruction=0.3914
Epoch [258/400]
batch = 0 (Δ=0.178s, 100.00%)
Train Loss: output=0.1704, reconstruction=0.3913
Epoch [259/400]
batch = 0 (Δ=0.173s, 100.00%)
Train Loss: output=0.1276, reconstruction=0.3870
Epoch [260/400]
batch = 0 (Δ=0.179s, 100.00%)
Train Loss: output=0.1706, reconstruction=0.3897
Epoch [261/400]
batch = 0 (Δ=0.174s, 100.00%)
Train Loss: output=0.1708, reconstruction=0.3890
Epoch [262/400]
batch = 0 (Δ=0.176s, 100.00%)
Train Loss: output=0.1709, reconstruction=0.3893
Epoch [263/400]
batch = 0 (Δ=0.177s, 100.00%)
Train Loss: output=0.1709, reconstruction=0.3908
Epoch [264/400]
batch = 0 (Δ=0.176s, 100.00%)
Train Loss: output=0.1710, reconstruction=0.3926
Epoch [265/400]
batch = 0 (Δ=0.172s, 100.00%)
Train Loss: output=0.1671, reconstruction=0.3921
Epoch [266/400]
batch = 0 (Δ=0.175s, 100.00%)
Train Loss: output=0.1711, reconstruction=0.3951
Epoch [267/400]
batch = 0 (Δ=0.177s, 100.00%)
Train Loss: output=0.1711, reconstruction=0.3954
Epoch [268/400]
batch = 0 (Δ=0.178s, 100.00%)
Train Loss: output=0.1669, reconstruction=0.3910
Epoch [269/400]
batch = 0 (Δ=0.178s, 100.00%)
Train Loss: output=0.1711, reconstruction=0.3905
Epoch [270/400]
batch = 0 (Δ=0.175s, 100.00%)
Train Loss: output=0.1280, reconstruction=0.3873
Epoch [271/400]
batch = 0 (Δ=0.169s, 100.00%)
Train Loss: output=0.1281, reconstruction=0.3890
Epoch [272/400]
batch = 0 (Δ=0.174s, 100.00%)
Train Loss: output=0.1711, reconstruction=0.3951
Epoch [273/400]
batch = 0 (Δ=0.173s, 100.00%)
Train Loss: output=0.1277, reconstruction=0.3917
Epoch [274/400]
batch = 0 (Δ=0.176s, 100.00%)
Train Loss: output=0.1274, reconstruction=0.3935
Epoch [275/400]
batch = 0 (Δ=0.177s, 100.00%)
Train Loss: output=0.1712, reconstruction=0.4000
Epoch [276/400]
batch = 0 (Δ=0.174s, 100.00%)
Train Loss: output=0.1713, reconstruction=0.4000
Epoch [277/400]
batch = 0 (Δ=0.175s, 100.00%)
Train Loss: output=0.1713, reconstruction=0.3989
Epoch [278/400]
batch = 0 (Δ=0.179s, 100.00%)
Train Loss: output=0.1713, reconstruction=0.3984
Epoch [279/400]
batch = 0 (Δ=0.173s, 100.00%)
Train Loss: output=0.1713, reconstruction=0.3984
Epoch [280/400]
batch = 0 (Δ=0.178s, 100.00%)
Train Loss: output=0.1712, reconstruction=0.3984
Epoch [281/400]
batch = 0 (Δ=0.173s, 100.00%)
Train Loss: output=0.1665, reconstruction=0.3972
Epoch [282/400]
batch = 0 (Δ=0.177s, 100.00%)
Train Loss: output=0.1710, reconstruction=0.3991
Epoch [283/400]
batch = 0 (Δ=0.173s, 100.00%)
Train Loss: output=0.1709, reconstruction=0.3982
Epoch [284/400]
batch = 0 (Δ=0.179s, 100.00%)
Train Loss: output=0.1657, reconstruction=0.3951
Epoch [285/400]
batch = 0 (Δ=0.196s, 100.00%)
Train Loss: output=0.1706, reconstruction=0.3973
Epoch [286/400]
batch = 0 (Δ=0.175s, 100.00%)
Train Loss: output=0.1269, reconstruction=0.3954
Epoch [287/400]
batch = 0 (Δ=0.175s, 100.00%)
Train Loss: output=0.1646, reconstruction=0.4014
Epoch [288/400]
batch = 0 (Δ=0.176s, 100.00%)
Train Loss: output=0.1702, reconstruction=0.4032
Epoch [289/400]
batch = 0 (Δ=0.178s, 100.00%)
Train Loss: output=0.1701, reconstruction=0.4039
Epoch [290/400]
batch = 0 (Δ=0.175s, 100.00%)
Train Loss: output=0.1278, reconstruction=0.3993
Epoch [291/400]
batch = 0 (Δ=0.175s, 100.00%)
Train Loss: output=0.1278, reconstruction=0.4004
Epoch [292/400]
batch = 0 (Δ=0.180s, 100.00%)
Train Loss: output=0.1275, reconstruction=0.4008
Epoch [293/400]
batch = 0 (Δ=0.179s, 100.00%)
Train Loss: output=0.1700, reconstruction=0.4065
Epoch [294/400]
batch = 0 (Δ=0.180s, 100.00%)
Train Loss: output=0.1700, reconstruction=0.4061
Epoch [295/400]
batch = 0 (Δ=0.175s, 100.00%)
Train Loss: output=0.1700, reconstruction=0.4042
Epoch [296/400]
batch = 0 (Δ=0.177s, 100.00%)
Train Loss: output=0.1700, reconstruction=0.4003
Epoch [297/400]
batch = 0 (Δ=0.177s, 100.00%)
Train Loss: output=0.1700, reconstruction=0.3981
Epoch [298/400]
batch = 0 (Δ=0.174s, 100.00%)
Train Loss: output=0.1633, reconstruction=0.3969
Epoch [299/400]
batch = 0 (Δ=0.175s, 100.00%)
Train Loss: output=0.1699, reconstruction=0.4020
Epoch [300/400]
batch = 0 (Δ=0.176s, 100.00%)
Train Loss: output=0.1698, reconstruction=0.4060
Epoch [301/400]
batch = 0 (Δ=0.256s, 100.00%)
Train Loss: output=0.1265, reconstruction=0.4024
Epoch [302/400]
batch = 0 (Δ=0.173s, 100.00%)
Train Loss: output=0.1264, reconstruction=0.4023
Epoch [303/400]
batch = 0 (Δ=0.175s, 100.00%)
Train Loss: output=0.1261, reconstruction=0.4011
Epoch [304/400]
batch = 0 (Δ=0.177s, 100.00%)
Train Loss: output=0.1697, reconstruction=0.4070
Epoch [305/400]
batch = 0 (Δ=0.181s, 100.00%)
Train Loss: output=0.1697, reconstruction=0.4073
Epoch [306/400]
batch = 0 (Δ=0.176s, 100.00%)
Train Loss: output=0.1697, reconstruction=0.4083
Epoch [307/400]
batch = 0 (Δ=0.173s, 100.00%)
Train Loss: output=0.1249, reconstruction=0.4033
Epoch [308/400]
batch = 0 (Δ=0.177s, 100.00%)
Train Loss: output=0.1698, reconstruction=0.4119
Epoch [309/400]
batch = 0 (Δ=0.170s, 100.00%)
Train Loss: output=0.1243, reconstruction=0.4066
Epoch [310/400]
batch = 0 (Δ=0.170s, 100.00%)
Train Loss: output=0.1178, reconstruction=0.4052
Epoch [311/400]
batch = 0 (Δ=0.178s, 100.00%)
Train Loss: output=0.1701, reconstruction=0.4128
Epoch [312/400]
batch = 0 (Δ=0.177s, 100.00%)
Train Loss: output=0.1702, reconstruction=0.4121
Epoch [313/400]
batch = 0 (Δ=0.178s, 100.00%)
Train Loss: output=0.1702, reconstruction=0.4107
Epoch [314/400]
batch = 0 (Δ=0.176s, 100.00%)
Train Loss: output=0.1229, reconstruction=0.4044
Epoch [315/400]
batch = 0 (Δ=0.172s, 100.00%)
Train Loss: output=0.1227, reconstruction=0.4047
Epoch [316/400]
batch = 0 (Δ=0.178s, 100.00%)
Train Loss: output=0.1705, reconstruction=0.4111
Epoch [317/400]
batch = 0 (Δ=0.180s, 100.00%)
Train Loss: output=0.1706, reconstruction=0.4113
Epoch [318/400]
batch = 0 (Δ=0.177s, 100.00%)
Train Loss: output=0.1651, reconstruction=0.4103
Epoch [319/400]
batch = 0 (Δ=0.174s, 100.00%)
Train Loss: output=0.1220, reconstruction=0.4070
Epoch [320/400]
batch = 0 (Δ=0.181s, 100.00%)
Train Loss: output=0.1705, reconstruction=0.4146
Epoch [321/400]
batch = 0 (Δ=0.179s, 100.00%)
Train Loss: output=0.1648, reconstruction=0.4143
Epoch [322/400]
batch = 0 (Δ=0.176s, 100.00%)
Train Loss: output=0.1220, reconstruction=0.4103
Epoch [323/400]
batch = 0 (Δ=0.174s, 100.00%)
Train Loss: output=0.1702, reconstruction=0.4170
Epoch [324/400]
batch = 0 (Δ=0.176s, 100.00%)
Train Loss: output=0.1641, reconstruction=0.4144
Epoch [325/400]
batch = 0 (Δ=0.173s, 100.00%)
Train Loss: output=0.1221, reconstruction=0.4070
Epoch [326/400]
batch = 0 (Δ=0.176s, 100.00%)
Train Loss: output=0.1216, reconstruction=0.4047
Epoch [327/400]
batch = 0 (Δ=0.181s, 100.00%)
Train Loss: output=0.1704, reconstruction=0.4106
Epoch [328/400]
batch = 0 (Δ=0.177s, 100.00%)
Train Loss: output=0.1707, reconstruction=0.4116
Epoch [329/400]
batch = 0 (Δ=0.172s, 100.00%)
Train Loss: output=0.1667, reconstruction=0.4136
Epoch [330/400]
batch = 0 (Δ=0.180s, 100.00%)
Train Loss: output=0.1671, reconstruction=0.4175
Epoch [331/400]
batch = 0 (Δ=0.174s, 100.00%)
Train Loss: output=0.1158, reconstruction=0.4119
Epoch [332/400]
batch = 0 (Δ=0.176s, 100.00%)
Train Loss: output=0.1676, reconstruction=0.4148
Epoch [333/400]
batch = 0 (Δ=0.181s, 100.00%)
Train Loss: output=0.1712, reconstruction=0.4129
Epoch [334/400]
batch = 0 (Δ=0.176s, 100.00%)
Train Loss: output=0.1711, reconstruction=0.4121
Epoch [335/400]
batch = 0 (Δ=0.175s, 100.00%)
Train Loss: output=0.1711, reconstruction=0.4153
Epoch [336/400]
batch = 0 (Δ=0.175s, 100.00%)
Train Loss: output=0.1195, reconstruction=0.4130
Epoch [337/400]
batch = 0 (Δ=0.177s, 100.00%)
Train Loss: output=0.1709, reconstruction=0.4212
Epoch [338/400]
batch = 0 (Δ=0.175s, 100.00%)
Train Loss: output=0.1194, reconstruction=0.4131
Epoch [339/400]
batch = 0 (Δ=0.179s, 100.00%)
Train Loss: output=0.1706, reconstruction=0.4181
Epoch [340/400]
batch = 0 (Δ=0.177s, 100.00%)
Train Loss: output=0.1706, reconstruction=0.4184
Epoch [341/400]
batch = 0 (Δ=0.183s, 100.00%)
Train Loss: output=0.1706, reconstruction=0.4200
Epoch [342/400]
batch = 0 (Δ=0.179s, 100.00%)
Train Loss: output=0.1705, reconstruction=0.4210
Epoch [343/400]
batch = 0 (Δ=0.180s, 100.00%)
Train Loss: output=0.1703, reconstruction=0.4203
Epoch [344/400]
batch = 0 (Δ=0.258s, 100.00%)
Train Loss: output=0.1700, reconstruction=0.4174
Epoch [345/400]
batch = 0 (Δ=0.180s, 100.00%)
Train Loss: output=0.1696, reconstruction=0.4134
Epoch [346/400]
batch = 0 (Δ=0.172s, 100.00%)
Train Loss: output=0.1689, reconstruction=0.4093
Epoch [347/400]
batch = 0 (Δ=0.174s, 100.00%)
Train Loss: output=0.1684, reconstruction=0.4062
Epoch [348/400]
batch = 0 (Δ=0.177s, 100.00%)
Train Loss: output=0.1680, reconstruction=0.4069
Epoch [349/400]
batch = 0 (Δ=0.174s, 100.00%)
Train Loss: output=0.1679, reconstruction=0.4103
Epoch [350/400]
batch = 0 (Δ=0.174s, 100.00%)
Train Loss: output=0.1678, reconstruction=0.4119
Epoch [351/400]
batch = 0 (Δ=0.181s, 100.00%)
Train Loss: output=0.1676, reconstruction=0.4083
Epoch [352/400]
batch = 0 (Δ=0.174s, 100.00%)
Train Loss: output=0.1266, reconstruction=0.3977
Epoch [353/400]
batch = 0 (Δ=0.175s, 100.00%)
Train Loss: output=0.1591, reconstruction=0.3980
Epoch [354/400]
batch = 0 (Δ=0.181s, 100.00%)
Train Loss: output=0.1673, reconstruction=0.4023
Epoch [355/400]
batch = 0 (Δ=0.171s, 100.00%)
Train Loss: output=0.1673, reconstruction=0.4068
Epoch [356/400]
batch = 0 (Δ=0.177s, 100.00%)
Train Loss: output=0.1672, reconstruction=0.4106
Epoch [357/400]
batch = 0 (Δ=0.177s, 100.00%)
Train Loss: output=0.1581, reconstruction=0.4086
Epoch [358/400]
batch = 0 (Δ=0.177s, 100.00%)
Train Loss: output=0.1670, reconstruction=0.4098
Epoch [359/400]
batch = 0 (Δ=0.177s, 100.00%)
Train Loss: output=0.1669, reconstruction=0.4083
Epoch [360/400]
batch = 0 (Δ=0.179s, 100.00%)
Train Loss: output=0.1669, reconstruction=0.4088
Epoch [361/400]
batch = 0 (Δ=0.173s, 100.00%)
Train Loss: output=0.1669, reconstruction=0.4113
Epoch [362/400]
batch = 0 (Δ=0.174s, 100.00%)
Train Loss: output=0.1170, reconstruction=0.4071
Epoch [363/400]
batch = 0 (Δ=0.173s, 100.00%)
Train Loss: output=0.1667, reconstruction=0.4167
Epoch [364/400]
batch = 0 (Δ=0.177s, 100.00%)
Train Loss: output=0.1666, reconstruction=0.4150
Epoch [365/400]
batch = 0 (Δ=0.174s, 100.00%)
Train Loss: output=0.1665, reconstruction=0.4095
Epoch [366/400]
batch = 0 (Δ=0.171s, 100.00%)
Train Loss: output=0.1665, reconstruction=0.4035
Epoch [367/400]
batch = 0 (Δ=0.176s, 100.00%)
Train Loss: output=0.1666, reconstruction=0.4006
Epoch [368/400]
batch = 0 (Δ=0.176s, 100.00%)
Train Loss: output=0.1666, reconstruction=0.4020
Epoch [369/400]
batch = 0 (Δ=0.169s, 100.00%)
Train Loss: output=0.1667, reconstruction=0.4065
Epoch [370/400]
batch = 0 (Δ=0.174s, 100.00%)
Train Loss: output=0.1667, reconstruction=0.4096
Epoch [371/400]
batch = 0 (Δ=0.200s, 100.00%)
Train Loss: output=0.1667, reconstruction=0.4075
Epoch [372/400]
batch = 0 (Δ=0.175s, 100.00%)
Train Loss: output=0.1666, reconstruction=0.4015
Epoch [373/400]
batch = 0 (Δ=0.177s, 100.00%)
Train Loss: output=0.1665, reconstruction=0.3944
Epoch [374/400]
batch = 0 (Δ=0.175s, 100.00%)
Train Loss: output=0.1664, reconstruction=0.3906
Epoch [375/400]
batch = 0 (Δ=0.174s, 100.00%)
Train Loss: output=0.1664, reconstruction=0.3930
Epoch [376/400]
batch = 0 (Δ=0.178s, 100.00%)
Train Loss: output=0.1664, reconstruction=0.4016
Epoch [377/400]
batch = 0 (Δ=0.174s, 100.00%)
Train Loss: output=0.1664, reconstruction=0.4116
Epoch [378/400]
batch = 0 (Δ=0.180s, 100.00%)
Train Loss: output=0.1663, reconstruction=0.4157
Epoch [379/400]
batch = 0 (Δ=0.178s, 100.00%)
Train Loss: output=0.1236, reconstruction=0.4085
Epoch [380/400]
batch = 0 (Δ=0.173s, 100.00%)
Train Loss: output=0.1662, reconstruction=0.4068
Epoch [381/400]
batch = 0 (Δ=0.174s, 100.00%)
Train Loss: output=0.1662, reconstruction=0.4009
Epoch [382/400]
batch = 0 (Δ=0.175s, 100.00%)
Train Loss: output=0.1662, reconstruction=0.3993
Epoch [383/400]
batch = 0 (Δ=0.178s, 100.00%)
Train Loss: output=0.1228, reconstruction=0.3993
Epoch [384/400]
batch = 0 (Δ=0.175s, 100.00%)
Train Loss: output=0.1217, reconstruction=0.4061
Epoch [385/400]
batch = 0 (Δ=0.173s, 100.00%)
Train Loss: output=0.1201, reconstruction=0.4095
Epoch [386/400]
batch = 0 (Δ=0.178s, 100.00%)
Train Loss: output=0.1674, reconstruction=0.4125
Epoch [387/400]
batch = 0 (Δ=0.177s, 100.00%)
Train Loss: output=0.1679, reconstruction=0.4057
Epoch [388/400]
batch = 0 (Δ=0.254s, 100.00%)
Train Loss: output=0.1682, reconstruction=0.3987
Epoch [389/400]
batch = 0 (Δ=0.179s, 100.00%)
Train Loss: output=0.1684, reconstruction=0.3948
Epoch [390/400]
batch = 0 (Δ=0.175s, 100.00%)
Train Loss: output=0.1685, reconstruction=0.3962
Epoch [391/400]
batch = 0 (Δ=0.175s, 100.00%)
Train Loss: output=0.1685, reconstruction=0.4018
Epoch [392/400]
batch = 0 (Δ=0.176s, 100.00%)
Train Loss: output=0.1685, reconstruction=0.4067
Epoch [393/400]
batch = 0 (Δ=0.173s, 100.00%)
Train Loss: output=0.1684, reconstruction=0.4084
Epoch [394/400]
batch = 0 (Δ=0.174s, 100.00%)
Train Loss: output=0.1680, reconstruction=0.4057
Epoch [395/400]
batch = 0 (Δ=0.181s, 100.00%)
Train Loss: output=0.1675, reconstruction=0.4017
Epoch [396/400]
batch = 0 (Δ=0.175s, 100.00%)
Train Loss: output=0.1671, reconstruction=0.4001
Epoch [397/400]
batch = 0 (Δ=0.171s, 100.00%)
Train Loss: output=0.1667, reconstruction=0.4020
Epoch [398/400]
batch = 0 (Δ=0.179s, 100.00%)
Train Loss: output=0.1665, reconstruction=0.4061
Epoch [399/400]
batch = 0 (Δ=0.173s, 100.00%)
Train Loss: output=0.1215, reconstruction=0.4058
Epoch [400/400]
batch = 0 (Δ=0.179s, 100.00%)
Train Loss: output=0.1662, reconstruction=0.4108
Final Stats:
=== Selected operation grammar ===
batch = 0 (Δ=0.193s, 100.00%)
=== Input Reconstruction (test) ===
  row[0] input='hello world' -> reconstructed='hello hello' label=0.0000 predicted=0.4312 MISMATCH
  row[1] input='hello there' -> reconstructed='' label=1.0000 predicted=0.4970 MISMATCH
  row[2] input='loving world' -> reconstructed='' label=1.0000 predicted=0.5062 MISMATCH
  row[3] input='loving there' -> reconstructed='' label=0.0000 predicted=0.5164 MISMATCH
PROBE_RESULT {"variant": "a", "answers": [0.4311777353286743, 0.4969788193702698, 0.506187379360199, 0.5163506269454956], "mse": 0.2373533554638616, "correct": 2, "settled_bar": false, "final_derivations": {"hello world": ["min(min(L0,L1),L2)"], "hello there": ["min(min(L0,L1),L2)"], "loving world": ["min(min(L0,L1),L2)"], "loving there": ["min(min(L0,L1),L2)"]}, "final_margin": {"exact": true, "max_weight": 29.742087286961834, "l2_weight": 41.59581961141594, "sv3": 0.04827759993159788}}
