............................................ss.sss....s...ss......ssssF. [ 61%]
..............................................                           [100%]
=================================== FAILURES ===================================
___________ test_no_grad_fallback_retains_eager_stm_depth_semantics ____________
test/test_compiled_word_chunk.py:972: in test_no_grad_fallback_retains_eager_stm_depth_semantics
    legacy_result = legacy.forward(legacy_input)
                    ^^^^^^^^^^^^^^^^^^^^^^^^^^^^
bin/Models.py:153: in masked
    return method(self, *args, **kwargs)
           ^^^^^^^^^^^^^^^^^^^^^^^^^^^^^
bin/Models.py:8240: in forward
    return self._forward_per_stage(inputData)
           ^^^^^^^^^^^^^^^^^^^^^^^^^^^^^^^^^^
bin/Models.py:23490: in _forward_per_stage
    body_result = self._forward_body(
bin/Models.py:17224: in _forward_body
    return self._forward_body_per_word(
bin/Models.py:22024: in _forward_body_per_word
    self._run_tensor_peer_word_pipeline(N_words))
    ^^^^^^^^^^^^^^^^^^^^^^^^^^^^^^^^^^^^^^^^^^^^
bin/Models.py:21577: in _run_tensor_peer_word_pipeline
    feedback, trip_count) = self._run_sentence_word_bricks(
bin/Models.py:20752: in _run_sentence_word_bricks
    chosen = self._commit_sentence(chosen, sid, present, observations, predictions, wins)
             ^^^^^^^^^^^^^^^^^^^^^^^^^^^^^^^^^^^^^^^^^^^^^^^^^^^^^^^^^^^^^^^^^^^^^^^^^^^^
bin/Models.py:20300: in _commit_sentence
    row = _append_observed_meaning(store, clause,
bin/Models.py:171: in _append_observed_meaning
    return store.write_clause(clause, trust=trust, kind=kind, stream=stream,
.venv/lib/python3.12/site-packages/torch/utils/_contextlib.py:124: in decorate_context
    return func(*args, **kwargs)
           ^^^^^^^^^^^^^^^^^^^^^
bin/ClauseRow.py:518: in write_clause
    result = write(clause, asserted=True)
             ^^^^^^^^^^^^^^^^^^^^^^^^^^^^
bin/ClauseRow.py:512: in write
    row = append(references)
          ^^^^^^^^^^^^^^^^^^
bin/ClauseRow.py:467: in append
    row = self.append_meaning(stored, rel_type=tag, kind=kind if asserted else 'unverified',
.venv/lib/python3.12/site-packages/torch/utils/_contextlib.py:124: in decorate_context
    return func(*args, **kwargs)
           ^^^^^^^^^^^^^^^^^^^^^
bin/Layers.py:9444: in append_meaning
    terms, complete = self._meaning_leaf_terms(meaning, order=order, stream=None if stream < 0 else stream)
                      ^^^^^^^^^^^^^^^^^^^^^^^^^^^^^^^^^^^^^^^^^^^^^^^^^^^^^^^^^^^^^^^^^^^^^^^^^^^^^^^^^^^^^
bin/MemoryIndex.py:89: in _meaning_leaf_terms
    return visit(meaning, order)
           ^^^^^^^^^^^^^^^^^^^^^
bin/MemoryIndex.py:77: in visit
    recovered = self._index_unfold(value.roles[role].detach(), allowance,
bin/MemoryIndex.py:473: in unfold
    result = unfold_idea(language, _basis(space), value, limit, work=work,
.venv/lib/python3.12/site-packages/torch/utils/_contextlib.py:124: in decorate_context
    return func(*args, **kwargs)
           ^^^^^^^^^^^^^^^^^^^^^
bin/MemoryIndex.py:373: in unfold_idea
    raise ValueError('unfold priming differs from its vocabulary')
E   ValueError: unfold priming differs from its vocabulary
=============================== warnings summary ===============================
test/test_clause_storage.py::test_compound_idea_stores_only_fused_point_without_factored_target
  /Users/arogers/github/WikiOracle/basicmodel/.venv/lib/python3.12/site-packages/torch/utils/_device.py:122: UserWarning: Sparse invariant checks are implicitly disabled. Memory errors (e.g. SEGFAULT) will occur when operating on a sparse tensor which violates the invariants, but checks incur performance overhead. To silence this warning, explicitly opt in or out. See `torch.sparse.check_sparse_tensor_invariants.__doc__` for guidance.  (Triggered internally at /Users/runner/work/pytorch/pytorch/aten/src/ATen/Context.cpp:855.)
    return func(*args, **kwargs)

test/test_compiled_word_chunk.py::test_tensor_peer_ws_stages_distinct_word_local_property_views
  /Users/arogers/github/WikiOracle/basicmodel/.venv/lib/python3.12/site-packages/torch/utils/_device.py:122: UserWarning: Converting a tensor with requires_grad=True to a scalar may lead to unexpected behavior.
  Consider using tensor.detach() first. (Triggered internally at /Users/runner/work/pytorch/pytorch/torch/csrc/autograd/generated/python_variable_methods.cpp:821.)
    return func(*args, **kwargs)

-- Docs: https://docs.pytest.org/en/stable/how-to/capture-warnings.html
=========================== short test summary info ============================
FAILED test/test_compiled_word_chunk.py::test_no_grad_fallback_retains_eager_stm_depth_semantics
1 failed, 105 passed, 12 skipped, 2 warnings in 56.76s
