................................ssssss.................................. [ 56%]
....................................................F...                 [100%]
=================================== FAILURES ===================================
____ test_real_sentence_capture_owns_native_object_ids_across_later_staging ____
test/test_query_native_ids.py:18: in test_real_sentence_capture_owns_native_object_ids_across_later_staging
    held = _capture_program_probe(model, ['1 plus 2', '3 plus 4'])
           ^^^^^^^^^^^^^^^^^^^^^^^^^^^^^^^^^^^^^^^^^^^^^^^^^^^^^^^
test/test_output_walk.py:716: in _capture_program_probe
    out = m(m.inputSpace.prepInput(texts))
          ^^^^^^^^^^^^^^^^^^^^^^^^^^^^^^^^
.venv/lib/python3.12/site-packages/torch/nn/modules/module.py:1783: in _wrapped_call_impl
    return self._call_impl(*args, **kwargs)
           ^^^^^^^^^^^^^^^^^^^^^^^^^^^^^^^^
.venv/lib/python3.12/site-packages/torch/nn/modules/module.py:1794: in _call_impl
    return forward_call(*args, **kwargs)
           ^^^^^^^^^^^^^^^^^^^^^^^^^^^^^
bin/Models.py:153: in masked
    return method(self, *args, **kwargs)
           ^^^^^^^^^^^^^^^^^^^^^^^^^^^^^
bin/Models.py:8240: in forward
    return self._forward_per_stage(inputData)
           ^^^^^^^^^^^^^^^^^^^^^^^^^^^^^^^^^^
bin/Models.py:23490: in _forward_per_stage
    body_result = self._forward_body(
bin/Models.py:17224: in _forward_body
    return self._forward_body_per_word(
bin/Models.py:22024: in _forward_body_per_word
    self._run_tensor_peer_word_pipeline(N_words))
    ^^^^^^^^^^^^^^^^^^^^^^^^^^^^^^^^^^^^^^^^^^^^
bin/Models.py:21577: in _run_tensor_peer_word_pipeline
    feedback, trip_count) = self._run_sentence_word_bricks(
bin/Models.py:20752: in _run_sentence_word_bricks
    chosen = self._commit_sentence(chosen, sid, present, observations, predictions, wins)
             ^^^^^^^^^^^^^^^^^^^^^^^^^^^^^^^^^^^^^^^^^^^^^^^^^^^^^^^^^^^^^^^^^^^^^^^^^^^^
bin/Models.py:20334: in _commit_sentence
    fields.append(SentenceEndState(meaning, refs, row_ids[b], clause.where, clause.when, query,
<string>:12: in __init__
    ???
bin/Understanding.py:207: in __post_init__
    raise ValueError('a sentence end state occupies one or three slots')
E   ValueError: a sentence end state occupies one or three slots
=============================== warnings summary ===============================
test/test_priming_energy.py::test_edges_exposed_undirected
  /Users/arogers/github/WikiOracle/basicmodel/.venv/lib/python3.12/site-packages/torch/utils/_device.py:122: UserWarning: Sparse invariant checks are implicitly disabled. Memory errors (e.g. SEGFAULT) will occur when operating on a sparse tensor which violates the invariants, but checks incur performance overhead. To silence this warning, explicitly opt in or out. See `torch.sparse.check_sparse_tensor_invariants.__doc__` for guidance.  (Triggered internally at /Users/runner/work/pytorch/pytorch/aten/src/ATen/Context.cpp:855.)
    return func(*args, **kwargs)

test/test_primitive_properties.py::test_property_reverse_distributes_only_to_its_primitive_members
  /Users/arogers/github/WikiOracle/basicmodel/.venv/lib/python3.12/site-packages/torch/utils/_device.py:122: UserWarning: Converting a tensor with requires_grad=True to a scalar may lead to unexpected behavior.
  Consider using tensor.detach() first. (Triggered internally at /Users/runner/work/pytorch/pytorch/torch/csrc/autograd/generated/python_variable_methods.cpp:821.)
    return func(*args, **kwargs)

test/test_property_configuration.py::test_dictionary_checkpoint_warns_and_keeps_prior_properties
  /Users/arogers/github/WikiOracle/basicmodel/bin/Models.py:5073: UserWarning: Shared ConceptualSpace checkpoint migration: selected the stage-0 similarity dictionary as canonical and replaced 21 divergent stage/alias tensor(s).
    self._canonicalize_shared_concept_checkpoint_state(state, model_state)

-- Docs: https://docs.pytest.org/en/stable/how-to/capture-warnings.html
=========================== short test summary info ============================
FAILED test/test_query_native_ids.py::test_real_sentence_capture_owns_native_object_ids_across_later_staging
1 failed, 121 passed, 6 skipped, 3 warnings in 6.74s
