........................s...............ssssss...................ss..... [ 67%]
..s....................F.....ss....                                      [100%]
=================================== FAILURES ===================================
_______ test_free_trial_uses_no_reference_or_offsets_and_only_byte_cost ________
test/test_free_reconstruction.py:61: in test_free_trial_uses_no_reference_or_offsets_and_only_byte_cost
    assert {name for name in model._sentence_cost_registry._terms if name.startswith('reconstruction.')} == {'reconstruction.free_bytes'}
E   AssertionError: assert {'reconstruct...n.free_bytes'} == {'reconstruction.free_bytes'}
E     
E     Extra items in the left set:
E     'reconstruction.decomposition'
E     Use -v to get more diff
----------------------------- Captured stdout call -----------------------------
batch = 0 (warm-up)
=============================== warnings summary ===============================
test/test_expectation_defaults.py::test_omitted_enabled_and_disabled_model_settings[None-True]
  /Users/arogers/github/WikiOracle/basicmodel/.venv/lib/python3.12/site-packages/torch/utils/_device.py:122: UserWarning: Sparse invariant checks are implicitly disabled. Memory errors (e.g. SEGFAULT) will occur when operating on a sparse tensor which violates the invariants, but checks incur performance overhead. To silence this warning, explicitly opt in or out. See `torch.sparse.check_sparse_tensor_invariants.__doc__` for guidance.  (Triggered internally at /Users/runner/work/pytorch/pytorch/aten/src/ATen/Context.cpp:855.)
    return func(*args, **kwargs)

test/test_field_binding.py::test_vector_head_selects_symbols_without_truncating_knowing
  /Users/arogers/github/WikiOracle/basicmodel/bin/Spaces.py:16666: RuntimeWarning: concept pool order 1 exhausted: cannot reserve 4 provisional rows
    warnings.warn(f"concept pool order {order} exhausted: cannot reserve {self.concept_pool_size} provisional rows", RuntimeWarning)

test/test_field_learning.py::test_sentence_boundary_writes_present_percepts_at_the_negative_pole
  /Users/arogers/github/WikiOracle/basicmodel/.venv/lib/python3.12/site-packages/torch/utils/_device.py:122: UserWarning: Converting a tensor with requires_grad=True to a scalar may lead to unexpected behavior.
  Consider using tensor.detach() first. (Triggered internally at /Users/runner/work/pytorch/pytorch/torch/csrc/autograd/generated/python_variable_methods.cpp:821.)
    return func(*args, **kwargs)

-- Docs: https://docs.pytest.org/en/stable/how-to/capture-warnings.html
=========================== short test summary info ============================
FAILED test/test_free_reconstruction.py::test_free_trial_uses_no_reference_or_offsets_and_only_byte_cost
1 failed, 94 passed, 12 skipped, 3 warnings in 11.56s
