...F                                                                     [100%]
=================================== FAILURES ===================================
_______ test_public_reading_fuses_the_reference_before_capture_and_write _______

tmp_path = PosixPath('/private/var/folders/_y/q6ybzrpx39jd0fzf9g671z280000gn/T/pytest-of-arogers/pytest-7946/test_public_reading_fuses_the_0')
monkeypatch = <_pytest.monkeypatch.MonkeyPatch object at 0x12c172090>

    def test_public_reading_fuses_the_reference_before_capture_and_write(tmp_path,monkeypatch):
        from test_meronomy_ladder import _build_ladder_variant
        from LiveReferences import ReferenceBank
        import util
        monkeypatch.setattr(util,'TheCompileBackend','none')
        model=_build_ladder_variant(tmp_path,'live_identity',[
            ('<architecture>','<architecture><ltmConsolidation>true</ltmConsolidation>')])
        model._tensor_peer_while_eager=True
        model._chart_compose_per_word=lambda:None
        model._install_unit_span_fn()
        model.reconstruct_in_loop=False
        model.loss.reconstruction_scale=0.
        language=model.languageSpace
        rules=list(language._compose_binary_rules)
        op=next(i for i,r in enumerate(rules) if r.method_name=='lift')
        rules[op]=rules[op]._replace(reference_orders=(('I1',1),),reference_kinds=(('I1','particular'),))
        language._compose_binary_rules=tuple(rules)
        layer=language._tree_layer(2)
        original=layer.forward
        def forced(x,**kwargs):
            stop=(x.shape[1]-1)*layer.r_reduce+x.shape[1]*layer.r_apply
            kwargs['replay_action']=torch.where(kwargs['depth']>=2,op,stop)
            return original(x,**kwargs)
        monkeypatch.setattr(layer,'forward',forced)
        width=model.conceptualSpace.stm.concept_dim
        prior=torch.nn.functional.normalize(torch.arange(1,width+1,dtype=torch.float32),dim=0)
        query=torch.nn.Parameter(prior.clone())
        cid=model._concept_owner().new_concept()
        def held(active,like):
            B=active.shape[0]
            return ReferenceBank(torch.full((B,1),cid,dtype=torch.long),prior[None,None].expand(B,1,width),
                torch.ones(B,1,dtype=torch.bool),torch.zeros(B,1,dtype=torch.bool),
                query[None].expand(B,width),torch.ones(B,dtype=torch.bool))
        monkeypatch.setattr(model,'_sentence_reference_bank',held)
        observed=[]
        observation=model._sentence_observation
        def capture(*a,**kw):
            view=observation(*a,**kw)
            if not kw.get('admit',False): observed.append(view)
            return view
        monkeypatch.setattr(model,'_sentence_observation',capture)
        try:
>           model(model.inputSpace.prepInput(['alpha beta']))

test/test_live_references_draft.py:109: 
_ _ _ _ _ _ _ _ _ _ _ _ _ _ _ _ _ _ _ _ _ _ _ _ _ _ _ _ _ _ _ _ _ _ _ _ _ _ _ _ 
/Users/arogers/github/WikiOracle/basicmodel/.venv/lib/python3.12/site-packages/torch/nn/modules/module.py:1783: in _wrapped_call_impl
    return self._call_impl(*args, **kwargs)
           ^^^^^^^^^^^^^^^^^^^^^^^^^^^^^^^^
/Users/arogers/github/WikiOracle/basicmodel/.venv/lib/python3.12/site-packages/torch/nn/modules/module.py:1794: in _call_impl
    return forward_call(*args, **kwargs)
           ^^^^^^^^^^^^^^^^^^^^^^^^^^^^^
bin/Models.py:154: in masked
    return method(self, *args, **kwargs)
           ^^^^^^^^^^^^^^^^^^^^^^^^^^^^^
bin/Models.py:8768: in forward
    return self._forward_per_stage(inputData)
           ^^^^^^^^^^^^^^^^^^^^^^^^^^^^^^^^^^
bin/Models.py:23741: in _forward_per_stage
    body_result = self._forward_body(
bin/Models.py:17663: in _forward_body
    return self._forward_body_per_word(
bin/Models.py:21857: in _forward_body_per_word
    self._run_tensor_peer_word_pipeline(N_words))
    ^^^^^^^^^^^^^^^^^^^^^^^^^^^^^^^^^^^^^^^^^^^^
bin/Models.py:21399: in _run_tensor_peer_word_pipeline
    feedback, trip_count) = self._run_sentence_word_bricks(
bin/Models.py:20666: in _run_sentence_word_bricks
    chosen = self._commit_sentence(chosen, sid, present, observations, predictions, wins)
             ^^^^^^^^^^^^^^^^^^^^^^^^^^^^^^^^^^^^^^^^^^^^^^^^^^^^^^^^^^^^^^^^^^^^^^^^^^^^
bin/Models.py:20495: in _commit_sentence
    row = _append_observed_meaning(store, view['clauses'][b],
bin/Models.py:163: in _append_observed_meaning
    return store.write_clause(clause, trust=trust, kind=kind, stream=stream,
/Users/arogers/github/WikiOracle/basicmodel/.venv/lib/python3.12/site-packages/torch/utils/_contextlib.py:124: in decorate_context
    return func(*args, **kwargs)
           ^^^^^^^^^^^^^^^^^^^^^
bin/ClauseRow.py:293: in write_clause
    preflight(clause)
bin/ClauseRow.py:259: in preflight
    else self.point_of_row(ref))
         ^^^^^^^^^^^^^^^^^^^^^^
_ _ _ _ _ _ _ _ _ _ _ _ _ _ _ _ _ _ _ _ _ _ _ _ _ _ _ _ _ _ _ _ _ _ _ _ _ _ _ _ 

self = TernaryTruthStore(), reference = 4

    def point_of_row(self, reference):
        """Read a concept/idea point; a relation explicitly has no point."""
        index = self.index_of_row(reference)
        if index is not None:
            return self.slots[index, 0] if int(self.rel_type[index]) == self.REL_NONE else None
        resolve = getattr(self, '_concept_point', None)
        if resolve is None:
            raise ValueError('shared concept index is not attached')
        point = resolve(int(reference))
        if point is None:
>           raise ValueError(f'unavailable shared row {reference}')
E           ValueError: unavailable shared row 4

bin/ClauseRow.py:188: ValueError
=============================== warnings summary ===============================
test/test_live_references_draft.py::test_public_reading_fuses_the_reference_before_capture_and_write
  /Users/arogers/github/WikiOracle/basicmodel/.venv/lib/python3.12/site-packages/torch/utils/_device.py:122: UserWarning: Sparse invariant checks are implicitly disabled. Memory errors (e.g. SEGFAULT) will occur when operating on a sparse tensor which violates the invariants, but checks incur performance overhead. To silence this warning, explicitly opt in or out. See `torch.sparse.check_sparse_tensor_invariants.__doc__` for guidance.  (Triggered internally at /Users/runner/work/pytorch/pytorch/aten/src/ATen/Context.cpp:855.)
    return func(*args, **kwargs)

-- Docs: https://docs.pytest.org/en/stable/how-to/capture-warnings.html
=========================== short test summary info ============================
FAILED test/test_live_references_draft.py::test_public_reading_fuses_the_reference_before_capture_and_write
1 failed, 3 passed, 1 warning in 4.91s
