F                                                                        [100%]
=================================== FAILURES ===================================
_____ test_teacher_state_uses_neutral_context_without_mutating_the_reading _____

    def test_teacher_state_uses_neutral_context_without_mutating_the_reading():
        class Sum(torch.nn.Module):
            def forward(self, left, right):
                return left + right
        class Difference(torch.nn.Module):
            def forward(self, left, right):
                return left - right
        layer = OperationSelectionLayer(d_model=4, ops=(Sum(), Difference()), chooser='mlp')
        context = torch.ones(3, layer.chooser.WHAT_CONTEXT_DIM)
        layer._what_context = context
        language = SimpleNamespace(_tree_layer=lambda _: layer,
            _compose_binary_rules=(SimpleNamespace(method_name='sum'), SimpleNamespace(method_name='difference')),
            _compose_unary_rules=())
        program = SimpleNamespace(leaves=torch.eye(4)[:2])
        lesson = {'tree': ['sum', 0, 1]}
>       first = compose_loss(language, [program], [lesson])
                ^^^^^^^^^^^^^^^^^^^^^^^^^^^^^^^^^^^^^^^^^^^

/tmp/test_item7_lesson_context.py:25: 
_ _ _ _ _ _ _ _ _ _ _ _ _ _ _ _ _ _ _ _ _ _ _ _ _ _ _ _ _ _ _ _ _ _ _ _ _ _ _ _ 
bin/GrammarLessons.py:117: in compose_loss
    _, _, route = layer(window.detach()[None], slots=1)
                  ^^^^^^^^^^^^^^^^^^^^^^^^^^^^^^^^^^^^^
/Users/arogers/github/WikiOracle/basicmodel/.venv/lib/python3.12/site-packages/torch/nn/modules/module.py:1783: in _wrapped_call_impl
    return self._call_impl(*args, **kwargs)
           ^^^^^^^^^^^^^^^^^^^^^^^^^^^^^^^^
/Users/arogers/github/WikiOracle/basicmodel/.venv/lib/python3.12/site-packages/torch/nn/modules/module.py:1794: in _call_impl
    return forward_call(*args, **kwargs)
           ^^^^^^^^^^^^^^^^^^^^^^^^^^^^^
bin/Language.py:7442: in forward
    stop_scores, binary_scores = self.chooser.score_binary(
bin/Language.py:7202: in score_binary
    what_bias = self._what_bias(
_ _ _ _ _ _ _ _ _ _ _ _ _ _ _ _ _ _ _ _ _ _ _ _ _ _ _ _ _ _ _ _ _ _ _ _ _ _ _ _ 

self = MLPTransformChooser(
  (mlp): Sequential(
    (0): Linear(in_features=24, out_features=8, bias=True)
    (1): GELU(app...ar(in_features=4, out_features=8, bias=False)
  (what_projection): Linear(in_features=29, out_features=3, bias=False)
)
what_ctx = tensor([[1., 1., 1., 1., 1., 1., 1., 1., 1., 1., 1., 1., 1., 1., 1., 1., 1., 1.,
         1., 1., 1., 1., 1., 1., 1., ... 1., 1., 1., 1., 1., 1., 1., 1., 1., 1., 1., 1., 1., 1., 1., 1.,
         1., 1., 1., 1., 1., 1., 1., 1., 1., 1., 1.]])
batch = 1, device = device(type='cpu'), dtype = torch.float32

    def _what_bias(self, what_ctx, *, batch, device, dtype):
        if what_ctx is None:
            return None
        ctx = torch.as_tensor(what_ctx, device=device, dtype=dtype)
        if ctx.dim() == 1:
            ctx = ctx.unsqueeze(0)
        if ctx.shape[-1] != self.WHAT_CONTEXT_DIM:
            raise ValueError(
                f"what grammar context width {ctx.shape[-1]} != "
                f"{self.WHAT_CONTEXT_DIM}")
        if ctx.shape[0] == 1 and batch > 1:
            ctx = ctx.expand(batch, -1)
        if ctx.shape[0] != batch:
>           raise ValueError(
                f"what grammar context batch {ctx.shape[0]} != {batch}")
E           ValueError: what grammar context batch 3 != 1

bin/Language.py:7129: ValueError
=========================== short test summary info ============================
FAILED ../../../../../../../tmp/test_item7_lesson_context.py::test_teacher_state_uses_neutral_context_without_mutating_the_reading
1 failed in 2.59s
