test/test_independent_components.py::test_definedness_keeps_direction_input_uncertainty_and_evidence_separate
test/test_independent_components.py::test_row_definedness_survives_rewitness_and_checkpoint_without_changing_truth
test/test_independent_components.py::test_word_magnitude_counts_containing_rows_and_excludes_definition_rows
test/test_independent_components.py::test_fixed_column_and_individuation_are_recurrence_effects
test/test_independent_components.py::test_two_cats_share_a_word_but_have_distinct_recurring_properties
test/test_independent_components.py::test_mint_threshold_duplicate_witness_and_relevance_do_not_delete_columns
test/test_independent_components.py::test_population_loss_is_batch_partition_invariant_and_has_one_backward
test/test_independent_components.py::test_role_superposition_does_not_claim_role_binding
test/test_independent_components.py::test_change_dictionary_is_one_sparse_per_sentence
test/test_independent_components.py::test_dictionary_checkpoint_preserves_pending_recurrence_and_learned_parameters
test/test_independent_components.py::test_identity_candidates_share_the_operation_softmax_and_live_credit
test/test_independent_components.py::test_event_chart_excludes_address_bands_and_preserves_evidence_poles
test/test_independent_components.py::test_prediction_reencodes_live_columns_but_detaches_targets_and_older_context
test/test_independent_components.py::test_native_column_reads_use_witness_magnitude_and_only_situation_candidates
test/test_independent_components.py::test_ltm_population_is_detached_and_independent_of_current_batch_partition
test/test_independent_components.py::test_continuity_is_binding_evidence_and_never_a_column_signature
test/test_independent_components.py::test_prediction_role_cost_uses_column_coordinates_with_a_frozen_target
test/test_independent_components.py::test_temporal_shuffle_reports_loss_of_predictability_without_changing_identity
test/test_independent_components.py::test_native_admission_optimizer_ownership_and_checkpoint
test/test_definition_rows.py::test_22_new_word_replaces_one_inventory_row_and_writes_one_definition
test/test_definition_rows.py::test_24_index_is_bidirectional_and_rebuilds_from_saved_rows
test/test_definition_rows.py::test_25_two_objects_require_a_selection_and_synonyms_have_a_reverse_index
test/test_definition_rows.py::test_26_full_store_refuses_the_whole_word_transaction
test/test_definition_rows.py::test_27_definition_has_a_fixed_when_and_refreshes_recency_without_append
test/test_definition_rows.py::test_28_forgotten_definition_does_not_survive_in_any_lookup
test/test_definition_rows.py::test_31_read_words_have_definition_rows_without_changing_the_configuration[MM_xor.xml]
test/test_definition_rows.py::test_31_read_words_have_definition_rows_without_changing_the_configuration[MM_grammar.xml]
test/test_definition_rows.py::test_31_read_words_have_definition_rows_without_changing_the_configuration[XOR_grammar.xml]
test/test_definition_rows.py::test_34_learning_codes_cannot_change_definition_identity
test/test_definition_rows.py::test_32_head_meta_checkpoint_migrates_to_definitions
test/test_review13_subspaces.py::test_native_percept_rows_and_net_evidence_are_detached_code_sources
test/test_review13_subspaces.py::test_group_uses_native_perceptual_fold_without_letter_concept_rows
test/test_review13_subspaces.py::test_occurrence_mean_is_confined_to_detached_context_coordinates
test/test_review13_subspaces.py::test_support_reports_exact_zeros_and_minimum_absolute_coordinate
test/test_review13_subspaces.py::test_actual_serial_code_uses_ninety_six_native_coordinates_and_a_separate_bipolar_context
test/test_review13_subspaces.py::test_readback_uses_perceptual_cosine_without_context_or_scale
test/test_lexical_reference_orders.py::test_selected_grammar_context_selects_order[event-0]
test/test_lexical_reference_orders.py::test_selected_grammar_context_selects_order[particular-1]
test/test_lexical_reference_orders.py::test_selected_grammar_context_selects_order[name-1]
test/test_lexical_reference_orders.py::test_selected_grammar_context_selects_order[pronoun-1]
test/test_lexical_reference_orders.py::test_selected_grammar_context_selects_order[kind-2]
test/test_lexical_reference_orders.py::test_capture_owns_grammar_resolution_without_changing_reconstruction
test/test_lexical_reference_orders.py::test_form_sets_survive_checkpoint_and_missing_order_stays_unknown
test/test_lexical_reference_orders.py::test_resolved_reference_supplies_meaning_but_keeps_input_provenance
test/test_lexical_reference_orders.py::test_ambiguous_particular_requires_a_carried_reference
test/test_operators_round4a0.py::test_address_is_full_int64_content_based_and_rng_independent
test/test_operators_round4a0.py::test_four_occurrences_after_four_hundred_presentations_and_full_upsert
test/test_operators_round4a0.py::test_rereading_replaces_vectors_refreshes_time_and_joins_poles
test/test_operators_round4a0.py::test_full_store_can_rewitness_both_existing_prediction_pair_addresses
test/test_operators_round4a0.py::test_when_is_unit_bracket_with_coarse_fine_roundtrip
test/test_operators_round4a0.py::test_references_and_content_keys_survive_compaction_and_checkpoint
test/test_operators_round4a0.py::test_legacy_checkpoint_rekeys_native_and_typed_edges
test/test_operators_round4a0.py::test_live_gate_reread_changes_clock_but_not_address_or_when
test/test_operators_round4a0.py::test_thought_references_are_source_addresses_not_history_counters
test/test_operators_round4a0.py::test_when_reader_inventory_covers_current_attribute_and_dynamic_readers
test/test_operators_round4a0.py::test_prepared_dataset_value_retains_its_source_after_cursor_advances
test/test_operators_round4a0.py::test_rewitness_keeps_poles_and_the_round3a_net_existence_read
test/test_operators_round4a0.py::test_checkpoint_can_grow_capacity_without_changing_an_address
test/test_operators_round4a0.py::test_serving_source_is_conversation_and_turn_and_replay_is_stable
test/test_operators_round4a0.py::test_explicit_rewitness_rejects_a_self_reference_without_mutating_postings
test/test_operators_round4a0.py::test_local_reference_tag_distinguishes_a_journal_slot_from_the_same_signed_address
test/test_basicmodel.py::TestLinearLayer::test_forward_shape
test/test_basicmodel.py::TestLinearLayer::test_with_identity_weight
test/test_basicmodel.py::TestInvertibleLinearLayer::test_forward_reverse_ergodic
test/test_basicmodel.py::TestInvertibleLinearLayer::test_forward_reverse_square
test/test_basicmodel.py::TestSigmaLayer::test_forward_shape
test/test_basicmodel.py::TestPiLayer::test_factorize_over_set_is_log_domain_dual_of_sigma_split
test/test_basicmodel.py::TestPiLayer::test_forward_shape
test/test_basicmodel.py::TestInvertibleSigmaLayer::test_forward_shape
test/test_basicmodel.py::TestInvertibleSigmaLayer::test_reverse_shape
test/test_basicmodel.py::TestSimpleModelCreation::test_simple_model_creation
test/test_basicmodel.py::TestSimpleModelCreation::test_simple_model_ergodic
test/test_basicmodel.py::TestSimpleModelCreation::test_simple_model_traditional
test/test_basicmodel.py::TestBasicModelCreation::test_config_loading
test/test_basicmodel.py::TestBasicModelCreation::test_encodings
test/test_basicmodel.py::TestWeightPersistence::test_save_load_roundtrip
test/test_basicmodel.py::TestWhereEncodingRoundTrip::test_content_preserved
test/test_basicmodel.py::TestWhereEncodingRoundTrip::test_forward_decode_round_trip
test/test_basicmodel.py::TestWhereEncodingRoundTrip::test_stamp_round_trip
test/test_basicmodel.py::TestWhenEncodingRoundTrip::test_content_preserved
test/test_basicmodel.py::TestWhenEncodingRoundTrip::test_forward_stamps_present_and_reverse_recovers_it
test/test_basicmodel.py::TestWhenEncodingRoundTrip::test_onset_round_trip
test/test_basicmodel.py::TestSubSpaceDerivedSizes::test_getEncodedIO_no_reshape
test/test_basicmodel.py::TestSubSpaceDerivedSizes::test_getEncodedIO_reshape
test/test_basicmodel.py::TestSubSpaceDerivedSizes::test_getEncodingSize_returns_muxedSize
test/test_basicmodel.py::TestSubSpaceDerivedSizes::test_zero_nWhere_nWhen
test/test_basicmodel.py::TestSubSpaceMaterialize::test_materialize_none_when_unset
test/test_basicmodel.py::TestSubSpaceMaterialize::test_materialize_tensor
test/test_basicmodel.py::TestSubSpaceMaterialize::test_shape_property
test/test_basicmodel.py::TestSubSpaceMaterialize::test_shape_property_none
test/test_basicmodel.py::TestSubSpaceProperties::test_batch_from_tensor
test/test_basicmodel.py::TestSubSpaceProperties::test_batch_zero_when_empty
test/test_basicmodel.py::TestSubSpaceConstruction::test_from_components
test/test_basicmodel.py::TestSubSpaceConstruction::test_from_components_defaults_initialized
test/test_basicmodel.py::TestSubSpaceConstruction::test_from_tensor
test/test_basicmodel.py::TestSubSpaceActiveEncoding::test_activation_stored_and_retrievable
test/test_basicmodel.py::TestSubSpaceActiveEncoding::test_two_spaces_independent_encoding
test/test_basicmodel.py::TestCanonicalSpaceShapes::test_conceptual_space_forward_shape
test/test_basicmodel.py::TestCanonicalSpaceShapes::test_conceptual_space_reverse_shape
test/test_basicmodel.py::TestCanonicalSpaceShapes::test_output_space_forward_shape
test/test_basicmodel.py::TestSimpleModel::test_simple_model_ergodic_shapes
test/test_basicmodel.py::TestSimpleModel::test_simple_model_traditional_shapes
test/test_basicmodel.py::TestCodebookVariants::test_codebook_shape
test/test_basicmodel.py::TestBasisContract::test_invalid_geometry_requires_2d_prototype_matrix
test/test_basicmodel.py::TestBasisContract::test_tensor_identity_materialization
test/test_basicmodel.py::TestModelEndToEnd::test_simple_model_ergodic_shapes
test/test_basicmodel.py::TestModelEndToEnd::test_simple_model_loss_runs
test/test_basicmodel.py::TestModelEndToEnd::test_simple_model_traditional_shapes
test/test_basicmodel.py::TestUniversalTrainingContract::test_conceptual_space_has_training_contract
test/test_basicmodel.py::TestUniversalTrainingContract::test_space_has_training_contract
test/test_basicmodel.py::TestSigmaLayerDeterministic::test_deterministic_matches_linear_tanh
test/test_basicmodel.py::TestSigmaLayerDeterministic::test_deterministic_same_train_eval
test/test_basicmodel.py::TestSigmaLayerDeterministic::test_non_ergodic_default
test/test_basicmodel.py::TestSpaceBasisConstruction::test_codebook_creates_codebook
test/test_basicmodel.py::TestSpaceBasisConstruction::test_no_codebook_creates_tensor_basis
test/test_basicmodel.py::TestConceptualSpaceErgodic::test_canonical_forward_still_works
test/test_basicmodel.py::TestConceptualSpaceErgodic::test_ergodic_exposes_params
test/test_basicmodel.py::TestConceptualSpaceErgodic::test_ergodic_flag_stored
test/test_basicmodel.py::TestConceptualSpaceErgodic::test_ergodic_forward_shape
test/test_basicmodel.py::TestConceptualSpaceErgodic::test_ergodic_reverse_shape
test/test_basicmodel.py::TestConceptualSpaceErgodic::test_non_ergodic_forward_shape
test/test_basicmodel.py::TestInputSpaceNoCodebook::test_no_codebook_forward_shape
test/test_basicmodel.py::TestOutputSpaceZeroObjectSize::test_forward_shape_zero_object_size
test/test_basicmodel.py::TestOutputSpaceZeroObjectSize::test_reverse_shape_zero_object_size
test/test_basicmodel.py::TestOutputSpaceRegressionHead::test_multivector_codebook_keeps_quantized_head
test/test_basicmodel.py::TestOutputSpaceRegressionHead::test_one_vector_is_regression_head
test/test_basicmodel.py::TestOutputSpaceRegressionHead::test_quantize_one_vector_never_snaps
test/test_basicmodel.py::TestOutputSpaceRegressionHead::test_readout_reverse_inverts
test/test_basicmodel.py::TestOutputSpaceRegressionHead::test_regression_head_is_linear_and_separable
test/test_basicmodel.py::TestOutputSpaceRegressionHead::test_regression_head_zero_init_bias_matches_bare_linear
test/test_basicmodel.py::TestBaseModelFactory::test_factory_creates_basic_model
test/test_basicmodel.py::TestBaseModelFactory::test_factory_creates_mental_model
test/test_basicmodel.py::TestBaseModelFactory::test_factory_creates_simple_model
test/test_basicmodel.py::TestDataTextStorage::test_train_input_strings_for_text
test/test_basicmodel.py::TestDataTextStorage::test_train_input_tensors_for_numeric
test/test_basicmodel.py::TestSymbolDimZero::test_objectencoding_adds_canonical_overhead
test/test_basicmodel.py::TestSymbolDimZero::test_symbolic_space_zero_dim_produces_zero_encoding
test/test_basicmodel.py::TestInputSpaceLexIntegration::test_forward_produces_correct_shape
test/test_basicmodel.py::TestInputSpaceLexIntegration::test_object_encoding_applied
test/test_basicmodel.py::TestOutputSpaceTextReconstruction::test_forward_reverse_shapes_unchanged
test/test_basicmodel.py::TestOutputSpaceTextReconstruction::test_numeric_output_unchanged
test/test_basicmodel.py::TestOutputSpaceTextReconstruction::test_reconstruct_consecutive_no_nwhere
test/test_basicmodel.py::TestOutputSpaceTextReconstruction::test_reconstruct_to_buffer
test/test_basicmodel.py::TestOutputSpaceTextReconstruction::test_text_mode_false_without_lex
test/test_basicmodel.py::TestInputSpaceTextRoundTrip::test_reconstruct_data_joins_words
test/test_basicmodel.py::TestInputSpaceTextRoundTrip::test_reverse_numeric_unchanged
test/test_basicmodel.py::TestEmbeddingLexDelegation::test_forward_returns_token_metadata
test/test_basicmodel.py::TestEmbeddingLexDelegation::test_tokenize_returns_word_list
test/test_basicmodel.py::TestEmbeddingLexDelegation::test_tokenize_splits_sentence_ending_punctuation
test/test_basicmodel.py::TestMaskCodebookEntry::test_mask_codebook_entry_is_zero
test/test_basicmodel.py::TestEmbeddingErgodicForward::test_embedding_owns_exploration_state
test/test_basicmodel.py::TestEmbeddingErgodicForward::test_forward_adds_ergodic_noise_from_sigma
test/test_basicmodel.py::TestEmbeddingErgodicForward::test_forward_sigma_zero_suppresses_ergodic_noise
test/test_basicmodel.py::TestInputSpaceParseEmbeddings::test_loads_parse_artifact
test/test_basicmodel.py::TestLoadEmbeddingsEnwiki::test_load_enwiki
test/test_basicmodel.py::TestLoadEmbeddingsEnwiki::test_load_missing_file
test/test_basicmodel.py::TestLoadEmbeddingsEnwiki::test_load_none_path
test/test_basicmodel.py::TestLoadEmbeddingsEnwiki::test_load_pt_format
test/test_basicmodel.py::TestXorForwardPass::test_xor_forward_produces_output
test/test_basicmodel.py::TestErgodicMnistReport::test_forward_layer_weight_accessible
test/test_basicmodel.py::TestModelTypeVariants::test_concept_with_attention
test/test_basicmodel.py::TestModelTypeVariants::test_conceptual_order_1
test/test_basicmodel.py::TestModelTypeVariants::test_percept_no_attention
test/test_basicmodel.py::TestReconstructionSymbols::test_forward_output_shape_unchanged
test/test_basicmodel.py::TestWeightShapeMismatch::test_load_ignores_unexpected_keys_when_all_current_keys_match
test/test_basicmodel.py::TestWeightShapeMismatch::test_require_match_raises_on_shape_mismatch
test/test_basicmodel.py::TestWeightShapeMismatch::test_require_match_raises_on_unexpected_key
test/test_basicmodel.py::TestWeightShapeMismatch::test_save_load_same_shape
test/test_basicmodel.py::TestWeightShapeMismatch::test_save_load_vocab_mismatch_fails
test/test_basicmodel.py::TestVocabSaveRestore::test_save_load_with_vocab
test/test_basicmodel.py::TestTrainingUpdatesWeights::test_xor_weights_change_after_one_epoch
test/test_basicmodel.py::TestRuntimeBatch::test_runtime_batch_restores_on_exception
test/test_basicmodel.py::TestRuntimeBatch::test_runtime_batch_sets_and_restores
test/test_basicmodel.py::TestRuntimeBatch::test_runtime_batch_stores_strings
test/test_basicmodel.py::TestRuntimeDataLoader::test_runtime_data_loader_returns_batch
test/test_basicmodel.py::TestSubspaceActivation::test_materialize_activation_mode_computes_from_event
test/test_basicmodel.py::TestSubspaceActivation::test_materialize_activation_mode_no_data_asserts
test/test_basicmodel.py::TestSubspaceActivation::test_materialize_activation_mode_with_stored
test/test_basicmodel.py::TestSubspaceActivation::test_materialize_default_mode_unchanged
test/test_basicmodel.py::TestSubspaceActivation::test_materialize_k_geq_nspace
test/test_basicmodel.py::TestSubspaceActivation::test_materialize_k_none
test/test_basicmodel.py::TestSubspaceActivation::test_materialize_topk
test/test_basicmodel.py::TestSubspaceActivation::test_set_get_activation
test/test_basicmodel.py::TestGrammar::test_arity
test/test_basicmodel.py::TestGrammar::test_configure_from_dict
test/test_basicmodel.py::TestGrammar::test_configure_multi_lhs_keys
test/test_basicmodel.py::TestGrammar::test_configure_s_first_ordering
test/test_basicmodel.py::TestGrammar::test_configure_single_rule_string
test/test_basicmodel.py::TestGrammar::test_configure_unknown_rule_raises
test/test_basicmodel.py::TestGrammar::test_indexing
test/test_basicmodel.py::TestGrammar::test_length
test/test_basicmodel.py::TestGrammar::test_space_partitions
test/test_basicmodel.py::TestGrammar::test_symbolic_transition_none
test/test_basicmodel.py::TestBasisMereology::test_boundary_zero_under_clipped_cosine
test/test_basicmodel.py::TestBasisMereology::test_equal_is_mutual_parthood
test/test_basicmodel.py::TestBasisMereology::test_equal_three_region_partition
test/test_basicmodel.py::TestBasisMereology::test_overlap_false_when_parallel
test/test_basicmodel.py::TestBasisMereology::test_overlap_true_when_both_strictly_partial
test/test_basicmodel.py::TestBasisMereology::test_part_is_clipped_cosine
test/test_basicmodel.py::TestBasisMereology::test_part_opposite_directions_zero
test/test_basicmodel.py::TestBasisMereology::test_part_satisfies_boole_contrapositive
test/test_basicmodel.py::TestBasisMereology::test_region_mereology_respects_boole_contrapositive
test/test_basicmodel.py::TestBasisMereology::test_scalar_mereology_respects_boole_contrapositive
test/test_basicmodel.py::TestBasisMereology::test_underlap_false_when_partially_overlapping
test/test_basicmodel.py::TestBasisMereology::test_underlap_true_when_disjoint
test/test_basicmodel.py::TestBasisMereology::test_whole_is_part_reversed
test/test_basicmodel.py::TestBasisMereologyVector::test_boundary_vector_is_elementwise_abs_diff
test/test_basicmodel.py::TestBasisMereologyVector::test_copart_scalar_is_complement_of_part
test/test_basicmodel.py::TestBasisMereologyVector::test_copart_scalar_one_when_orthogonal
test/test_basicmodel.py::TestBasisMereologyVector::test_copart_scalar_zero_when_identical_directions
test/test_basicmodel.py::TestBasisMereologyVector::test_copart_vector_is_y_minus_x
test/test_basicmodel.py::TestBasisMereologyVector::test_equal_vector_is_elementwise_product_of_parts
test/test_basicmodel.py::TestBasisMereologyVector::test_overlap_vector_is_elementwise_min_of_parts
test/test_basicmodel.py::TestBasisMereologyVector::test_part_orthogonal_unit_axes_is_zero_vector
test/test_basicmodel.py::TestBasisMereologyVector::test_part_parallel_unit_axes_preserves_direction
test/test_basicmodel.py::TestBasisMereologyVector::test_part_plus_whole_equals_yhat
test/test_basicmodel.py::TestBasisMereologyVector::test_part_vector_equals_x_times_yhat
test/test_basicmodel.py::TestBasisMereologyVector::test_part_vector_has_same_shape_as_x
test/test_basicmodel.py::TestBasisMereologyVector::test_underlap_vector_is_elementwise_min_of_wholes
test/test_basicmodel.py::TestBasisMereologyVector::test_whole_vector_equals_one_minus_x_times_yhat
test/test_basicmodel.py::TestWordEncoding::test_encode_decode_roundtrip
test/test_basicmodel.py::TestWordEncoding::test_encode_validates_negative_batch
test/test_basicmodel.py::TestWordEncoding::test_encode_validates_negative_vector
test/test_basicmodel.py::TestWordEncoding::test_encode_validates_rule
test/test_basicmodel.py::TestSubspaceWords::test_set_words
test/test_basicmodel.py::TestSubspaceWords::test_words_default_empty
test/test_basicmodel.py::TestSubspaceNormalize::test_concept_endpoints_reverse_without_atanh
test/test_basicmodel.py::TestSubspaceNormalize::test_concepts_range
test/test_basicmodel.py::TestSubspaceNormalize::test_invalid_kind_raises
test/test_basicmodel.py::TestSubspaceNormalize::test_percept_event_preserves_signed_auxiliary_band
test/test_basicmodel.py::TestSubspaceNormalize::test_percepts_range
test/test_basicmodel.py::TestSubspaceNormalize::test_percepts_reverse_normalize_roundtrip
test/test_basicmodel.py::TestSubspaceNormalize::test_reverse_requires_normalize_true
test/test_basicmodel.py::TestSubspaceNormalize::test_symbols_discrete
test/test_basicmodel.py::TestDataScaling::test_degenerate_range_noop
test/test_basicmodel.py::TestDataScaling::test_normalize_denormalize_roundtrip
test/test_basicmodel.py::TestDataScaling::test_xor_data_ranges
test/test_basicmodel.py::TestNormalizeFlag::test_normalize_false_does_not_modify
test/test_basicmodel.py::TestNormalizeFlag::test_normalize_true_preserves_valid_percepts
test/test_basicmodel.py::TestInputSpaceScaling::test_simple_input_scaled_to_unit
test/test_basicmodel.py::TestSubspaceActivationPipeline::test_simple_model_subspace_activation
test/test_basicmodel.py::TestSubspaceActivationPipeline::test_subspace_activation_stored
test/test_basicmodel.py::TestInputSpaceDemuxed::test_demuxed_slots_populated
test/test_basicmodel.py::TestInputSpaceDemuxed::test_equivalence_with_muxed_input_space
test/test_basicmodel.py::TestInputSpaceDemuxed::test_materialize_produces_muxed
test/test_basicmodel.py::TestBasicModelDemuxed::test_create_from_config
test/test_primitive_properties.py::test_different_positions_in_one_extent_supply_the_two_symbols
test/test_primitive_properties.py::test_live_property_membership_is_a_learned_byte_definition
test/test_primitive_properties.py::test_arbitrary_byte_subset_learns_without_a_predefined_name
test/test_primitive_properties.py::test_complement_requires_an_observation
test/test_primitive_properties.py::test_property_union_and_part_conjunction_from_primitive_counts
test/test_primitive_properties.py::test_property_reverse_distributes_only_to_its_primitive_members
test/test_primitive_properties.py::test_word_read_trains_definitions_and_preserves_ordered_witness
test/test_primitive_properties.py::test_property_definition_has_one_optimizer_and_checkpoint_owner
test/test_primitive_properties.py::test_old_acquired_predicate_migrates_into_primitive_parameters
test/test_primitive_properties.py::test_property_priming_projects_direct_surface_rows
test/test_primitive_properties.py::test_native_fused_case_has_no_concept_location
test/test_primitive_properties.py::test_extent_read_keeps_missing_distinct_from_observed_zero
test/test_primitive_properties.py::test_grounded_read_has_one_owner_and_checkpoint_keeps_native_events
test/test_primitive_properties.py::test_candidate_growth_preserves_frozen_field_definitions
test/test_field_binding.py::test_bound_field_can_include_unwritten_inventory_addresses
test/test_field_binding.py::test_inventory_checkpoint_preserves_definition_between_modes[mixing-False]
test/test_field_binding.py::test_inventory_checkpoint_preserves_definition_between_modes[mixing-True]
test/test_field_binding.py::test_inventory_checkpoint_preserves_definition_between_modes[aligned-False]
test/test_field_binding.py::test_inventory_checkpoint_preserves_definition_between_modes[aligned-True]
test/test_field_binding.py::test_one_active_percept_reaches_every_referencing_concept
test/test_field_binding.py::test_observed_complement_is_pooled_inside_one_bracket[bracket0-expected0]
test/test_field_binding.py::test_observed_complement_is_pooled_inside_one_bracket[bracket1-expected1]
test/test_field_binding.py::test_observed_complement_is_pooled_inside_one_bracket[bracket2-expected2]
test/test_field_binding.py::test_observed_complement_is_pooled_inside_one_bracket[bracket3-expected3]
test/test_field_binding.py::test_padding_does_not_create_observed_complements
test/test_field_binding.py::test_native_learning_updates_one_definition_for_both_modes[False]
test/test_field_binding.py::test_native_learning_updates_one_definition_for_both_modes[True]
test/test_field_binding.py::test_vector_head_selects_symbols_without_truncating_knowing
test/test_objective_ownership.py::test_expectation_does_not_write_its_context_or_routing
test/test_objective_ownership.py::test_objectives_write_only_their_owners_even_with_shared_graphs
test/test_objective_ownership.py::test_reconstruction_pullback_cannot_credit_an_answer_parameter
test/test_objective_ownership.py::test_answer_vocabulary_alias_keeps_perceptual_owner
test/test_objective_ownership.py::test_named_concept_evidence_has_the_answer_as_its_only_writer
test/test_objective_ownership.py::test_trial_consumers_share_one_record_and_answer_cannot_write_it
test/test_reasoning_cde_model.py::TestReasoningCDEModel::test_answer_query_degrades_gracefully
test/test_reasoning_cde_model.py::TestReasoningCDEModel::test_gates_on
test/test_reasoning_cde_model.py::TestReasoningCDEModel::test_reason_about_returns_honest_posture
test/test_reasoning_cde_model.py::TestReasoningCDEModel::test_training_step_uses_the_normal_policy_configuration
test/test_reasoning_cde_model.py::TestReasoningCDEModel::test_truthset_provisions_source_rows
test/test_learning_readiness.py::test_progress_counts_completed_ragged_sentences_without_reading_device_values
test/test_learning_readiness.py::test_unaddressed_or_unfinished_presentations_do_not_claim_fineweb_training
test/test_learning_readiness.py::test_learning_gate_uses_recorded_sentences_not_epochs_or_batch_estimates
test/test_learning_readiness.py::test_corrupt_progress_is_an_error_not_a_skipped_quality_result[-1]
test/test_learning_readiness.py::test_corrupt_progress_is_an_error_not_a_skipped_quality_result[True]
test/test_learning_readiness.py::test_corrupt_progress_is_an_error_not_a_skipped_quality_result[1.5]
test/test_learning_readiness.py::test_corrupt_progress_is_an_error_not_a_skipped_quality_result[1000000]
test/test_learning_readiness.py::test_integrated_checkpoint_preserves_fineweb_progress
test/test_learning_readiness.py::test_amp_skips_do_not_inflate_training_exposure[False-False-True]
test/test_learning_readiness.py::test_amp_skips_do_not_inflate_training_exposure[True-False-False]
test/test_learning_readiness.py::test_amp_skips_do_not_inflate_training_exposure[False-True-False]
test/test_learning_readiness.py::test_native_progress_and_trained_artifact_evaluation_path

297 tests collected in 3.34s
