.F..F.F.F.FF.                                                            [100%]
=================================== FAILURES ===================================
________ TestRuntimeUserIngestion.test_resubmit_replaces_user_rows_only ________
test/test_ltm_consolidation.py:691: in test_resubmit_replaces_user_rows_only
    self.assertEqual(int(tl.count.item()), sum(
E   AssertionError: 0 != 4
----------------------------- Captured stdout call -----------------------------
Starting with dynamic 6-dim embedding (words added at runtime)
  Building span table: 0/4 docs
[AMP] off (fp32, MODEL_AMP unset or =off)
____ TestRuntimeUserIngestion.test_user_rows_coexist_with_conversation_rows ____
test/test_ltm_consolidation.py:739: in test_user_rows_coexist_with_conversation_rows
    self.assertEqual(int(tl.count.item()), sum(
E   AssertionError: 0 != 4
----------------------------- Captured stdout call -----------------------------
Starting with dynamic 6-dim embedding (words added at runtime)
  Building span table: 0/4 docs
batch = 0 (warm-up, 50.00%)
batch = 1 (Δ=0.063s, 100.00%)
runEpoch(train): hit max_batches=2 cap; cursor exiting early (2 batches processed, ds.all_done=False).
__ TestRuntimeUserIngestion.test_view_and_serve_surface_read_ltm_backed_data ___
test/test_ltm_consolidation.py:658: in test_view_and_serve_surface_read_ltm_backed_data
    self.assertEqual(int(tl.count.item()), sum(
E   AssertionError: 0 != 5
----------------------------- Captured stdout call -----------------------------
Starting with dynamic 6-dim embedding (words added at runtime)
  Building span table: 0/4 docs
_______ TestStatelessRevive.test_load_syncs_view_even_with_no_user_rows ________
test/test_ltm_consolidation.py:834: in test_load_syncs_view_even_with_no_user_rows
    self.assertEqual(int(m2.symbolSpace.truth_layer.count.item()), 1)
E   AssertionError: 0 != 1
____________ TestStatelessRevive.test_stateful_load_keeps_user_rows ____________
test/test_ltm_consolidation.py:816: in test_stateful_load_keeps_user_rows
    self.assertEqual(int(m2.symbolSpace.truth_layer.count.item()), 2)
E   AssertionError: 0 != 2
_ TestStatelessRevive.test_stateless_load_prunes_only_after_structural_owners_are_restored _
test/test_ltm_consolidation.py:792: in test_stateless_load_prunes_only_after_structural_owners_are_restored
    self.assertEqual(int(m2.symbolSpace.truth_layer.count.item()), 1)
E   AssertionError: 0 != 1
=============================== warnings summary ===============================
test/test_ltm_consolidation.py::TestRuntimeUserIngestion::test_store_truths_after_load_does_not_reprovision
test/test_ltm_consolidation.py::TestRuntimeUserIngestion::test_unary_preference_still_ends_and_records_user_truth
  /private/var/folders/_y/q6ybzrpx39jd0fzf9g671z280000gn/T/item7-schema-2upa5bj9/bin/Spaces.py:18126: RuntimeWarning: CS relation pool exhausted (2 rows): concept 6 gets records only, no weighted reading (overflow #1)
    warnings.warn(

test/test_ltm_consolidation.py::TestRuntimeUserIngestion::test_store_truths_after_load_does_not_reprovision
test/test_ltm_consolidation.py::TestRuntimeUserIngestion::test_unary_preference_still_ends_and_records_user_truth
  /private/var/folders/_y/q6ybzrpx39jd0fzf9g671z280000gn/T/item7-schema-2upa5bj9/bin/Spaces.py:18126: RuntimeWarning: CS relation pool exhausted (2 rows): concept 5 gets records only, no weighted reading (overflow #2)
    warnings.warn(

test/test_ltm_consolidation.py::TestRuntimeUserIngestion::test_store_truths_after_load_does_not_reprovision
test/test_ltm_consolidation.py::TestRuntimeUserIngestion::test_unary_preference_still_ends_and_records_user_truth
  /private/var/folders/_y/q6ybzrpx39jd0fzf9g671z280000gn/T/item7-schema-2upa5bj9/bin/Spaces.py:18126: RuntimeWarning: CS relation pool exhausted (2 rows): concept 9 gets records only, no weighted reading (overflow #4)
    warnings.warn(

test/test_ltm_consolidation.py::TestRuntimeUserIngestion::test_store_truths_after_load_does_not_reprovision
test/test_ltm_consolidation.py::TestRuntimeUserIngestion::test_unary_preference_still_ends_and_records_user_truth
  /private/var/folders/_y/q6ybzrpx39jd0fzf9g671z280000gn/T/item7-schema-2upa5bj9/bin/Spaces.py:18126: RuntimeWarning: CS relation pool exhausted (2 rows): concept 8 gets records only, no weighted reading (overflow #5)
    warnings.warn(

test/test_ltm_consolidation.py::TestRuntimeUserIngestion::test_store_truths_after_load_does_not_reprovision
test/test_ltm_consolidation.py::TestRuntimeUserIngestion::test_unary_preference_still_ends_and_records_user_truth
  /private/var/folders/_y/q6ybzrpx39jd0fzf9g671z280000gn/T/item7-schema-2upa5bj9/bin/Spaces.py:18126: RuntimeWarning: CS relation pool exhausted (2 rows): concept 12 gets records only, no weighted reading (overflow #7)
    warnings.warn(

test/test_ltm_consolidation.py::TestRuntimeUserIngestion::test_store_truths_after_load_does_not_reprovision
test/test_ltm_consolidation.py::TestRuntimeUserIngestion::test_unary_preference_still_ends_and_records_user_truth
  /private/var/folders/_y/q6ybzrpx39jd0fzf9g671z280000gn/T/item7-schema-2upa5bj9/bin/Spaces.py:18126: RuntimeWarning: CS relation pool exhausted (2 rows): concept 11 gets records only, no weighted reading (overflow #8)
    warnings.warn(

test/test_ltm_consolidation.py::TestRuntimeUserIngestion::test_store_truths_after_load_does_not_reprovision
test/test_ltm_consolidation.py::TestRuntimeUserIngestion::test_unary_preference_still_ends_and_records_user_truth
  /private/var/folders/_y/q6ybzrpx39jd0fzf9g671z280000gn/T/item7-schema-2upa5bj9/bin/Spaces.py:18126: RuntimeWarning: CS relation pool exhausted (2 rows): concept 15 gets records only, no weighted reading (overflow #10)
    warnings.warn(

test/test_ltm_consolidation.py::TestRuntimeUserIngestion::test_store_truths_after_load_does_not_reprovision
test/test_ltm_consolidation.py::TestRuntimeUserIngestion::test_unary_preference_still_ends_and_records_user_truth
  /private/var/folders/_y/q6ybzrpx39jd0fzf9g671z280000gn/T/item7-schema-2upa5bj9/bin/Spaces.py:18126: RuntimeWarning: CS relation pool exhausted (2 rows): concept 14 gets records only, no weighted reading (overflow #11)
    warnings.warn(

test/test_ltm_consolidation.py::TestRuntimeUserIngestion::test_store_truths_after_load_does_not_reprovision
test/test_ltm_consolidation.py::TestRuntimeUserIngestion::test_unary_preference_still_ends_and_records_user_truth
  /private/var/folders/_y/q6ybzrpx39jd0fzf9g671z280000gn/T/item7-schema-2upa5bj9/bin/Spaces.py:18126: RuntimeWarning: CS relation pool exhausted (2 rows): concept 18 gets records only, no weighted reading (overflow #13)
    warnings.warn(

test/test_ltm_consolidation.py::TestRuntimeUserIngestion::test_store_truths_after_load_does_not_reprovision
test/test_ltm_consolidation.py::TestRuntimeUserIngestion::test_unary_preference_still_ends_and_records_user_truth
  /private/var/folders/_y/q6ybzrpx39jd0fzf9g671z280000gn/T/item7-schema-2upa5bj9/bin/Spaces.py:18126: RuntimeWarning: CS relation pool exhausted (2 rows): concept 17 gets records only, no weighted reading (overflow #14)
    warnings.warn(

test/test_ltm_consolidation.py::TestRuntimeUserIngestion::test_store_truths_after_load_does_not_reprovision
test/test_ltm_consolidation.py::TestRuntimeUserIngestion::test_unary_preference_still_ends_and_records_user_truth
  /private/var/folders/_y/q6ybzrpx39jd0fzf9g671z280000gn/T/item7-schema-2upa5bj9/bin/Spaces.py:13590: UserWarning: PartSpace._embed: input produced 13 tokens but nOutput=8; truncating 5 tokens.
    return self._embed(upstream_vspace)

test/test_ltm_consolidation.py::TestRuntimeUserIngestion::test_store_truths_after_load_does_not_reprovision
test/test_ltm_consolidation.py::TestRuntimeUserIngestion::test_unary_preference_still_ends_and_records_user_truth
  /private/var/folders/_y/q6ybzrpx39jd0fzf9g671z280000gn/T/item7-schema-2upa5bj9/bin/Spaces.py:18126: RuntimeWarning: CS concept inventory exhausted (8 rows): concept 19 gets records only, no weighted reading (overflow #16)
    warnings.warn(

test/test_ltm_consolidation.py::TestRuntimeUserIngestion::test_store_truths_after_load_does_not_reprovision
test/test_ltm_consolidation.py::TestRuntimeUserIngestion::test_unary_preference_still_ends_and_records_user_truth
  /private/var/folders/_y/q6ybzrpx39jd0fzf9g671z280000gn/T/item7-schema-2upa5bj9/bin/Spaces.py:18126: RuntimeWarning: CS relation pool exhausted (2 rows): concept 21 gets records only, no weighted reading (overflow #18)
    warnings.warn(

test/test_ltm_consolidation.py::TestRuntimeUserIngestion::test_store_truths_after_load_does_not_reprovision
test/test_ltm_consolidation.py::TestRuntimeUserIngestion::test_unary_preference_still_ends_and_records_user_truth
  /private/var/folders/_y/q6ybzrpx39jd0fzf9g671z280000gn/T/item7-schema-2upa5bj9/bin/Spaces.py:18126: RuntimeWarning: CS relation pool exhausted (2 rows): concept 20 gets records only, no weighted reading (overflow #19)
    warnings.warn(

test/test_ltm_consolidation.py::TestRuntimeUserIngestion::test_store_truths_after_load_does_not_reprovision
test/test_ltm_consolidation.py::TestRuntimeUserIngestion::test_unary_preference_still_ends_and_records_user_truth
  /private/var/folders/_y/q6ybzrpx39jd0fzf9g671z280000gn/T/item7-schema-2upa5bj9/bin/Spaces.py:18126: RuntimeWarning: CS concept inventory exhausted (8 rows): concept 22 gets records only, no weighted reading (overflow #21)
    warnings.warn(

test/test_ltm_consolidation.py::TestRuntimeUserIngestion::test_store_truths_after_load_does_not_reprovision
test/test_ltm_consolidation.py::TestRuntimeUserIngestion::test_unary_preference_still_ends_and_records_user_truth
  /private/var/folders/_y/q6ybzrpx39jd0fzf9g671z280000gn/T/item7-schema-2upa5bj9/bin/Spaces.py:18126: RuntimeWarning: CS relation pool exhausted (2 rows): concept 24 gets records only, no weighted reading (overflow #23)
    warnings.warn(

test/test_ltm_consolidation.py::TestRuntimeUserIngestion::test_store_truths_after_load_does_not_reprovision
test/test_ltm_consolidation.py::TestRuntimeUserIngestion::test_unary_preference_still_ends_and_records_user_truth
  /private/var/folders/_y/q6ybzrpx39jd0fzf9g671z280000gn/T/item7-schema-2upa5bj9/bin/Spaces.py:18126: RuntimeWarning: CS relation pool exhausted (2 rows): concept 23 gets records only, no weighted reading (overflow #24)
    warnings.warn(

test/test_ltm_consolidation.py::TestRuntimeUserIngestion::test_store_truths_after_load_does_not_reprovision
test/test_ltm_consolidation.py::TestRuntimeUserIngestion::test_unary_preference_still_ends_and_records_user_truth
  /private/var/folders/_y/q6ybzrpx39jd0fzf9g671z280000gn/T/item7-schema-2upa5bj9/bin/Spaces.py:18126: RuntimeWarning: CS concept inventory exhausted (8 rows): concept 25 gets records only, no weighted reading (overflow #26)
    warnings.warn(

test/test_ltm_consolidation.py::TestRuntimeUserIngestion::test_store_truths_after_load_does_not_reprovision
test/test_ltm_consolidation.py::TestRuntimeUserIngestion::test_unary_preference_still_ends_and_records_user_truth
  /private/var/folders/_y/q6ybzrpx39jd0fzf9g671z280000gn/T/item7-schema-2upa5bj9/bin/Spaces.py:18126: RuntimeWarning: CS relation pool exhausted (2 rows): concept 27 gets records only, no weighted reading (overflow #28)
    warnings.warn(

test/test_ltm_consolidation.py::TestRuntimeUserIngestion::test_store_truths_after_load_does_not_reprovision
test/test_ltm_consolidation.py::TestRuntimeUserIngestion::test_unary_preference_still_ends_and_records_user_truth
  /private/var/folders/_y/q6ybzrpx39jd0fzf9g671z280000gn/T/item7-schema-2upa5bj9/bin/Spaces.py:18126: RuntimeWarning: CS relation pool exhausted (2 rows): concept 26 gets records only, no weighted reading (overflow #29)
    warnings.warn(

test/test_ltm_consolidation.py::TestRuntimeUserIngestion::test_store_truths_after_load_does_not_reprovision
test/test_ltm_consolidation.py::TestRuntimeUserIngestion::test_unary_preference_still_ends_and_records_user_truth
  /private/var/folders/_y/q6ybzrpx39jd0fzf9g671z280000gn/T/item7-schema-2upa5bj9/bin/Spaces.py:18126: RuntimeWarning: CS concept inventory exhausted (8 rows): concept 28 gets records only, no weighted reading (overflow #31)
    warnings.warn(

test/test_ltm_consolidation.py::TestRuntimeUserIngestion::test_store_truths_after_load_does_not_reprovision
test/test_ltm_consolidation.py::TestRuntimeUserIngestion::test_unary_preference_still_ends_and_records_user_truth
  /private/var/folders/_y/q6ybzrpx39jd0fzf9g671z280000gn/T/item7-schema-2upa5bj9/bin/Spaces.py:18126: RuntimeWarning: CS relation pool exhausted (2 rows): concept 30 gets records only, no weighted reading (overflow #33)
    warnings.warn(

test/test_ltm_consolidation.py::TestRuntimeUserIngestion::test_store_truths_after_load_does_not_reprovision
test/test_ltm_consolidation.py::TestRuntimeUserIngestion::test_unary_preference_still_ends_and_records_user_truth
  /private/var/folders/_y/q6ybzrpx39jd0fzf9g671z280000gn/T/item7-schema-2upa5bj9/bin/Spaces.py:18126: RuntimeWarning: CS relation pool exhausted (2 rows): concept 29 gets records only, no weighted reading (overflow #34)
    warnings.warn(

-- Docs: https://docs.pytest.org/en/stable/how-to/capture-warnings.html
=========================== short test summary info ============================
FAILED test/test_ltm_consolidation.py::TestRuntimeUserIngestion::test_resubmit_replaces_user_rows_only
FAILED test/test_ltm_consolidation.py::TestRuntimeUserIngestion::test_user_rows_coexist_with_conversation_rows
FAILED test/test_ltm_consolidation.py::TestRuntimeUserIngestion::test_view_and_serve_surface_read_ltm_backed_data
FAILED test/test_ltm_consolidation.py::TestStatelessRevive::test_load_syncs_view_even_with_no_user_rows
FAILED test/test_ltm_consolidation.py::TestStatelessRevive::test_stateful_load_keeps_user_rows
FAILED test/test_ltm_consolidation.py::TestStatelessRevive::test_stateless_load_prunes_only_after_structural_owners_are_restored
6 failed, 7 passed, 46 warnings in 4.34s
