........................s...............ssssss..................Fss..... [ 67%]
..s..........................ss....                                      [100%]
=================================== FAILURES ===================================
______________ test_primed_reading_writes_the_shared_field_scope _______________
test/test_field_learning.py:80: in test_primed_reading_writes_the_shared_field_scope
    BasicModel._primed_reading_step(model)
    ^^^^^^^^^^^^^^^^^^^^^^^^^^^^^^^
E   AttributeError: type object 'BasicModel' has no attribute '_primed_reading_step'. Did you mean: '_prime_seen_step'?
=============================== warnings summary ===============================
test/test_expectation_defaults.py::test_native_runtime_reports_pairs_without_accumulating_or_updating
  /Users/arogers/github/WikiOracle/basicmodel/.venv/lib/python3.12/site-packages/torch/utils/_device.py:122: UserWarning: Sparse invariant checks are implicitly disabled. Memory errors (e.g. SEGFAULT) will occur when operating on a sparse tensor which violates the invariants, but checks incur performance overhead. To silence this warning, explicitly opt in or out. See `torch.sparse.check_sparse_tensor_invariants.__doc__` for guidance.  (Triggered internally at /Users/runner/work/pytorch/pytorch/aten/src/ATen/Context.cpp:855.)
    return func(*args, **kwargs)

test/test_field_binding.py::test_vector_head_selects_symbols_without_truncating_knowing
  /Users/arogers/github/WikiOracle/basicmodel/bin/Spaces.py:16617: RuntimeWarning: concept pool order 1 exhausted: cannot reserve 4 provisional rows
    warnings.warn(f"concept pool order {order} exhausted: cannot reserve {self.concept_pool_size} provisional rows", RuntimeWarning)

test/test_field_learning.py::test_sentence_boundary_writes_present_percepts_at_the_negative_pole
  /Users/arogers/github/WikiOracle/basicmodel/.venv/lib/python3.12/site-packages/torch/utils/_device.py:122: UserWarning: Converting a tensor with requires_grad=True to a scalar may lead to unexpected behavior.
  Consider using tensor.detach() first. (Triggered internally at /Users/runner/work/pytorch/pytorch/torch/csrc/autograd/generated/python_variable_methods.cpp:821.)
    return func(*args, **kwargs)

-- Docs: https://docs.pytest.org/en/stable/how-to/capture-warnings.html
=========================== short test summary info ============================
FAILED test/test_field_learning.py::test_primed_reading_writes_the_shared_field_scope
1 failed, 94 passed, 12 skipped, 3 warnings in 10.15s
