F                                                                        [100%]
=================================== FAILURES ===================================
_______________ TestXorGrammarLearnsXor.test_xor_class_accuracy ________________
test/test_explicit_dimensions.py:248: in test_xor_class_accuracy
    self.assertGreaterEqual(
E   AssertionError: tensor(0.) not greater than or equal to 0.5 : Expected >=0.5 accuracy on class 0 from an unselected initialization, got 0.0
----------------------------- Captured stdout call -----------------------------
Starting with dynamic 2-dim embedding (words added at runtime)
  Building span table: 0/4 docs
Device: cpu
Peer pipeline: static PS/WS stage bodies compiled separately; legacy compatibility scheduler remains outside fullgraph capture


==== BasicModel ====

Trial [1/1]
Baseline test pass skipped (--test not specified). Re-invoke train.py with --test to include baseline + post-epoch evaluation.
Epoch [1/400]
[AMP] off (fp32, MODEL_AMP unset or =off)
batch = 0 (warm-up, 100.00%)
Train Loss: output=0.1750, reconstruction=0.5429
Epoch [2/400]
batch = 0 (Δ=0.207s, 100.00%)
Train Loss: output=0.1885, reconstruction=0.2238
Epoch [3/400]
batch = 0 (Δ=0.206s, 100.00%)
Train Loss: output=0.1759, reconstruction=0.1934
Epoch [4/400]
batch = 0 (Δ=0.207s, 100.00%)
Train Loss: output=0.1780, reconstruction=0.2272
Epoch [5/400]
batch = 0 (Δ=0.206s, 100.00%)
Train Loss: output=0.1827, reconstruction=0.2632
Epoch [6/400]
batch = 0 (Δ=0.199s, 100.00%)
Train Loss: output=0.1802, reconstruction=0.3028
Epoch [7/400]
batch = 0 (Δ=0.208s, 100.00%)
Train Loss: output=0.1758, reconstruction=0.2492
Epoch [8/400]
batch = 0 (Δ=0.197s, 100.00%)
Train Loss: output=0.1748, reconstruction=0.2578
Epoch [9/400]
batch = 0 (Δ=0.207s, 100.00%)
Train Loss: output=0.1772, reconstruction=0.2027
Epoch [10/400]
batch = 0 (Δ=0.208s, 100.00%)
Train Loss: output=0.1788, reconstruction=0.3219
Epoch [11/400]
batch = 0 (Δ=0.208s, 100.00%)
Train Loss: output=0.1779, reconstruction=0.2682
Epoch [12/400]
batch = 0 (Δ=0.204s, 100.00%)
Train Loss: output=0.1758, reconstruction=0.2624
Epoch [13/400]
batch = 0 (Δ=0.208s, 100.00%)
Train Loss: output=0.1750, reconstruction=0.2563
Epoch [14/400]
batch = 0 (Δ=0.208s, 100.00%)
Train Loss: output=0.1759, reconstruction=0.2512
Epoch [15/400]
batch = 0 (Δ=0.208s, 100.00%)
Train Loss: output=0.1771, reconstruction=0.2472
Epoch [16/400]
batch = 0 (Δ=0.209s, 100.00%)
Train Loss: output=0.1770, reconstruction=0.2445
Epoch [17/400]
batch = 0 (Δ=0.207s, 100.00%)
Train Loss: output=0.1759, reconstruction=0.2546
Epoch [18/400]
batch = 0 (Δ=0.208s, 100.00%)
Train Loss: output=0.1751, reconstruction=0.2411
Epoch [19/400]
batch = 0 (Δ=0.274s, 100.00%)
Train Loss: output=0.1753, reconstruction=0.2442
Epoch [20/400]
batch = 0 (Δ=0.206s, 100.00%)
Train Loss: output=0.1761, reconstruction=0.2399
Epoch [21/400]
batch = 0 (Δ=0.210s, 100.00%)
Train Loss: output=0.1764, reconstruction=0.2383
Epoch [22/400]
batch = 0 (Δ=0.208s, 100.00%)
Train Loss: output=0.1758, reconstruction=0.2351
Epoch [23/400]
batch = 0 (Δ=0.208s, 100.00%)
Train Loss: output=0.1751, reconstruction=0.2305
Epoch [24/400]
batch = 0 (Δ=0.207s, 100.00%)
Train Loss: output=0.1751, reconstruction=0.2258
Epoch [25/400]
batch = 0 (Δ=0.208s, 100.00%)
Train Loss: output=0.1755, reconstruction=0.2219
Epoch [26/400]
batch = 0 (Δ=0.207s, 100.00%)
Train Loss: output=0.1758, reconstruction=0.2253
Epoch [27/400]
batch = 0 (Δ=0.207s, 100.00%)
Train Loss: output=0.1756, reconstruction=0.2189
Epoch [28/400]
batch = 0 (Δ=0.207s, 100.00%)
Train Loss: output=0.1751, reconstruction=0.2197
Epoch [29/400]
batch = 0 (Δ=0.208s, 100.00%)
Train Loss: output=0.1750, reconstruction=0.2221
Epoch [30/400]
batch = 0 (Δ=0.201s, 100.00%)
Train Loss: output=0.1753, reconstruction=0.2229
Epoch [31/400]
batch = 0 (Δ=0.206s, 100.00%)
Train Loss: output=0.1755, reconstruction=0.2237
Epoch [32/400]
batch = 0 (Δ=0.206s, 100.00%)
Train Loss: output=0.1753, reconstruction=0.2234
Epoch [33/400]
batch = 0 (Δ=0.207s, 100.00%)
Train Loss: output=0.1750, reconstruction=0.2219
Epoch [34/400]
batch = 0 (Δ=0.207s, 100.00%)
Train Loss: output=0.1750, reconstruction=0.2204
Epoch [35/400]
batch = 0 (Δ=0.204s, 100.00%)
Train Loss: output=0.1753, reconstruction=0.2192
Epoch [36/400]
batch = 0 (Δ=0.209s, 100.00%)
Train Loss: output=0.1753, reconstruction=0.2188
Epoch [37/400]
batch = 0 (Δ=0.206s, 100.00%)
Train Loss: output=0.1751, reconstruction=0.2195
Epoch [38/400]
batch = 0 (Δ=0.206s, 100.00%)
Train Loss: output=0.1750, reconstruction=0.2262
Epoch [39/400]
batch = 0 (Δ=0.207s, 100.00%)
Train Loss: output=0.1751, reconstruction=0.2236
Epoch [40/400]
batch = 0 (Δ=0.208s, 100.00%)
Train Loss: output=0.1752, reconstruction=0.2250
Epoch [41/400]
batch = 0 (Δ=0.206s, 100.00%)
Train Loss: output=0.1752, reconstruction=0.2250
Epoch [42/400]
batch = 0 (Δ=0.208s, 100.00%)
Train Loss: output=0.1750, reconstruction=0.2241
Epoch [43/400]
batch = 0 (Δ=0.199s, 100.00%)
Train Loss: output=0.1750, reconstruction=0.2229
Epoch [44/400]
batch = 0 (Δ=0.273s, 100.00%)
Train Loss: output=0.1751, reconstruction=0.2227
Epoch [45/400]
batch = 0 (Δ=0.207s, 100.00%)
Train Loss: output=0.1751, reconstruction=0.2236
Epoch [46/400]
batch = 0 (Δ=0.207s, 100.00%)
Train Loss: output=0.1750, reconstruction=0.2254
Epoch [47/400]
batch = 0 (Δ=0.206s, 100.00%)
Train Loss: output=0.1750, reconstruction=0.2277
Epoch [48/400]
batch = 0 (Δ=0.208s, 100.00%)
Train Loss: output=0.1751, reconstruction=0.2301
Epoch [49/400]
batch = 0 (Δ=0.205s, 100.00%)
Train Loss: output=0.1751, reconstruction=0.2266
Epoch [50/400]
batch = 0 (Δ=0.207s, 100.00%)
Train Loss: output=0.1750, reconstruction=0.2340
Epoch [51/400]
batch = 0 (Δ=0.207s, 100.00%)
Train Loss: output=0.1750, reconstruction=0.2353
Epoch [52/400]
batch = 0 (Δ=0.206s, 100.00%)
Train Loss: output=0.1750, reconstruction=0.2392
Epoch [53/400]
batch = 0 (Δ=0.199s, 100.00%)
Train Loss: output=0.1751, reconstruction=0.2376
Epoch [54/400]
batch = 0 (Δ=0.200s, 100.00%)
Train Loss: output=0.1750, reconstruction=0.2398
Epoch [55/400]
batch = 0 (Δ=0.208s, 100.00%)
Train Loss: output=0.1750, reconstruction=0.2431
Epoch [56/400]
batch = 0 (Δ=0.200s, 100.00%)
Train Loss: output=0.1750, reconstruction=0.2467
Epoch [57/400]
batch = 0 (Δ=0.207s, 100.00%)
Train Loss: output=0.1750, reconstruction=0.2494
Epoch [58/400]
batch = 0 (Δ=0.205s, 100.00%)
Train Loss: output=0.1750, reconstruction=0.2513
Epoch [59/400]
batch = 0 (Δ=0.207s, 100.00%)
Train Loss: output=0.1750, reconstruction=0.2446
Epoch [60/400]
batch = 0 (Δ=0.206s, 100.00%)
Train Loss: output=0.1750, reconstruction=0.2535
Epoch [61/400]
batch = 0 (Δ=0.208s, 100.00%)
Train Loss: output=0.1750, reconstruction=0.2551
Epoch [62/400]
batch = 0 (Δ=0.208s, 100.00%)
Train Loss: output=0.1750, reconstruction=0.2575
Epoch [63/400]
batch = 0 (Δ=0.208s, 100.00%)
Train Loss: output=0.1750, reconstruction=0.2603
Epoch [64/400]
batch = 0 (Δ=0.210s, 100.00%)
Train Loss: output=0.1750, reconstruction=0.2634
Epoch [65/400]
batch = 0 (Δ=0.209s, 100.00%)
Train Loss: output=0.1750, reconstruction=0.2660
Epoch [66/400]
batch = 0 (Δ=0.205s, 100.00%)
Train Loss: output=0.1750, reconstruction=0.2680
Epoch [67/400]
batch = 0 (Δ=0.208s, 100.00%)
Train Loss: output=0.1750, reconstruction=0.2702
Epoch [68/400]
batch = 0 (Δ=0.275s, 100.00%)
Train Loss: output=0.1750, reconstruction=0.2732
Epoch [69/400]
batch = 0 (Δ=0.208s, 100.00%)
Train Loss: output=0.1750, reconstruction=0.2769
Epoch [70/400]
batch = 0 (Δ=0.209s, 100.00%)
Train Loss: output=0.1750, reconstruction=0.2804
Epoch [71/400]
batch = 0 (Δ=0.200s, 100.00%)
Train Loss: output=0.1750, reconstruction=0.2838
Epoch [72/400]
batch = 0 (Δ=0.208s, 100.00%)
Train Loss: output=0.1750, reconstruction=0.2871
Epoch [73/400]
batch = 0 (Δ=0.209s, 100.00%)
Train Loss: output=0.1750, reconstruction=0.2902
Epoch [74/400]
batch = 0 (Δ=0.207s, 100.00%)
Train Loss: output=0.1750, reconstruction=0.2930
Epoch [75/400]
batch = 0 (Δ=0.207s, 100.00%)
Train Loss: output=0.1750, reconstruction=0.2961
Epoch [76/400]
batch = 0 (Δ=0.210s, 100.00%)
Train Loss: output=0.1750, reconstruction=0.2998
Epoch [77/400]
batch = 0 (Δ=0.208s, 100.00%)
Train Loss: output=0.1750, reconstruction=0.2591
Epoch [78/400]
batch = 0 (Δ=0.204s, 100.00%)
Train Loss: output=0.1750, reconstruction=0.2549
Epoch [79/400]
batch = 0 (Δ=0.207s, 100.00%)
Train Loss: output=0.1750, reconstruction=0.2523
Epoch [80/400]
batch = 0 (Δ=0.210s, 100.00%)
Train Loss: output=0.1750, reconstruction=0.2890
Epoch [81/400]
batch = 0 (Δ=0.207s, 100.00%)
Train Loss: output=0.1750, reconstruction=0.2489
Epoch [82/400]
batch = 0 (Δ=0.209s, 100.00%)
Train Loss: output=0.1750, reconstruction=0.2834
Epoch [83/400]
batch = 0 (Δ=0.210s, 100.00%)
Train Loss: output=0.1750, reconstruction=0.2801
Epoch [84/400]
batch = 0 (Δ=0.207s, 100.00%)
Train Loss: output=0.1750, reconstruction=0.4066
Epoch [85/400]
batch = 0 (Δ=0.209s, 100.00%)
Train Loss: output=0.1750, reconstruction=0.4348
Epoch [86/400]
batch = 0 (Δ=0.208s, 100.00%)
Train Loss: output=0.1750, reconstruction=0.5068
Epoch [87/400]
batch = 0 (Δ=0.207s, 100.00%)
Train Loss: output=0.1750, reconstruction=0.3868
Epoch [88/400]
batch = 0 (Δ=0.208s, 100.00%)
Train Loss: output=0.1750, reconstruction=0.3271
Epoch [89/400]
batch = 0 (Δ=0.207s, 100.00%)
Train Loss: output=0.1750, reconstruction=0.4438
Epoch [90/400]
batch = 0 (Δ=0.267s, 100.00%)
Train Loss: output=0.1750, reconstruction=0.4572
Epoch [91/400]
batch = 0 (Δ=0.211s, 100.00%)
Train Loss: output=0.1750, reconstruction=0.4511
Epoch [92/400]
batch = 0 (Δ=0.207s, 100.00%)
Train Loss: output=0.1750, reconstruction=0.4676
Epoch [93/400]
batch = 0 (Δ=0.208s, 100.00%)
Train Loss: output=0.1750, reconstruction=0.4479
Epoch [94/400]
batch = 0 (Δ=0.207s, 100.00%)
Train Loss: output=0.1750, reconstruction=0.4290
Epoch [95/400]
batch = 0 (Δ=0.218s, 100.00%)
Train Loss: output=0.1750, reconstruction=0.4317
Epoch [96/400]
batch = 0 (Δ=0.211s, 100.00%)
Train Loss: output=0.1750, reconstruction=0.4265
Epoch [97/400]
batch = 0 (Δ=0.209s, 100.00%)
Train Loss: output=0.1750, reconstruction=0.4118
Epoch [98/400]
batch = 0 (Δ=0.207s, 100.00%)
Train Loss: output=0.1750, reconstruction=0.4418
Epoch [99/400]
batch = 0 (Δ=0.204s, 100.00%)
Train Loss: output=0.1750, reconstruction=0.4283
Epoch [100/400]
batch = 0 (Δ=0.209s, 100.00%)
Train Loss: output=0.1750, reconstruction=0.4152
Epoch [101/400]
batch = 0 (Δ=0.208s, 100.00%)
Train Loss: output=0.1750, reconstruction=0.4199
Epoch [102/400]
batch = 0 (Δ=0.206s, 100.00%)
Train Loss: output=0.1749, reconstruction=0.4522
Epoch [103/400]
batch = 0 (Δ=0.208s, 100.00%)
Train Loss: output=0.1749, reconstruction=0.3943
Epoch [104/400]
batch = 0 (Δ=0.206s, 100.00%)
Train Loss: output=0.1749, reconstruction=0.3583
Epoch [105/400]
batch = 0 (Δ=0.206s, 100.00%)
Train Loss: output=0.1749, reconstruction=0.4286
Epoch [106/400]
batch = 0 (Δ=0.207s, 100.00%)
Train Loss: output=0.1749, reconstruction=0.4203
Epoch [107/400]
batch = 0 (Δ=0.210s, 100.00%)
Train Loss: output=0.1749, reconstruction=0.4351
Epoch [108/400]
batch = 0 (Δ=0.207s, 100.00%)
Train Loss: output=0.1749, reconstruction=0.3309
Epoch [109/400]
batch = 0 (Δ=0.207s, 100.00%)
Train Loss: output=0.1749, reconstruction=0.3977
Epoch [110/400]
batch = 0 (Δ=0.205s, 100.00%)
Train Loss: output=0.1749, reconstruction=0.3974
Epoch [111/400]
batch = 0 (Δ=0.209s, 100.00%)
Train Loss: output=0.1749, reconstruction=0.4014
Epoch [112/400]
batch = 0 (Δ=0.207s, 100.00%)
Train Loss: output=0.1749, reconstruction=0.2928
Epoch [113/400]
batch = 0 (Δ=0.208s, 100.00%)
Train Loss: output=0.1749, reconstruction=0.3998
Epoch [114/400]
batch = 0 (Δ=0.264s, 100.00%)
Train Loss: output=0.1749, reconstruction=0.4071
Epoch [115/400]
batch = 0 (Δ=0.207s, 100.00%)
Train Loss: output=0.1749, reconstruction=0.3814
Epoch [116/400]
batch = 0 (Δ=0.208s, 100.00%)
Train Loss: output=0.1749, reconstruction=0.3990
Epoch [117/400]
batch = 0 (Δ=0.209s, 100.00%)
Train Loss: output=0.1749, reconstruction=0.3800
Epoch [118/400]
batch = 0 (Δ=0.208s, 100.00%)
Train Loss: output=0.1749, reconstruction=0.3982
Epoch [119/400]
batch = 0 (Δ=0.208s, 100.00%)
Train Loss: output=0.1749, reconstruction=0.3985
Epoch [120/400]
batch = 0 (Δ=0.207s, 100.00%)
Train Loss: output=0.1749, reconstruction=0.3990
Epoch [121/400]
batch = 0 (Δ=0.208s, 100.00%)
Train Loss: output=0.1748, reconstruction=0.3482
Epoch [122/400]
batch = 0 (Δ=0.207s, 100.00%)
Train Loss: output=0.1748, reconstruction=0.3294
Epoch [123/400]
batch = 0 (Δ=0.208s, 100.00%)
Train Loss: output=0.1748, reconstruction=0.3482
Epoch [124/400]
batch = 0 (Δ=0.209s, 100.00%)
Train Loss: output=0.1749, reconstruction=0.3487
Epoch [125/400]
batch = 0 (Δ=0.208s, 100.00%)
Train Loss: output=0.1750, reconstruction=0.3592
Epoch [126/400]
batch = 0 (Δ=0.192s, 100.00%)
Train Loss: output=0.1750, reconstruction=0.1586
Epoch [127/400]
batch = 0 (Δ=0.209s, 100.00%)
Train Loss: output=0.1750, reconstruction=0.1585
Epoch [128/400]
batch = 0 (Δ=0.208s, 100.00%)
Train Loss: output=0.1750, reconstruction=0.1591
Epoch [129/400]
batch = 0 (Δ=0.208s, 100.00%)
Train Loss: output=0.1749, reconstruction=0.1600
Epoch [130/400]
batch = 0 (Δ=0.208s, 100.00%)
Train Loss: output=0.1749, reconstruction=0.1611
Epoch [131/400]
batch = 0 (Δ=0.208s, 100.00%)
Train Loss: output=0.1748, reconstruction=0.1608
Epoch [132/400]
batch = 0 (Δ=0.207s, 100.00%)
Train Loss: output=0.1748, reconstruction=0.1596
Epoch [133/400]
batch = 0 (Δ=0.208s, 100.00%)
Train Loss: output=0.1749, reconstruction=0.1591
Epoch [134/400]
batch = 0 (Δ=0.209s, 100.00%)
Train Loss: output=0.1750, reconstruction=0.1584
Epoch [135/400]
batch = 0 (Δ=0.209s, 100.00%)
Train Loss: output=0.1750, reconstruction=0.1580
Epoch [136/400]
batch = 0 (Δ=0.209s, 100.00%)
Train Loss: output=0.1750, reconstruction=0.1586
Epoch [137/400]
batch = 0 (Δ=0.274s, 100.00%)
Train Loss: output=0.1750, reconstruction=0.3502
Epoch [138/400]
batch = 0 (Δ=0.203s, 100.00%)
Train Loss: output=0.1749, reconstruction=0.3128
Epoch [139/400]
batch = 0 (Δ=0.208s, 100.00%)
Train Loss: output=0.1749, reconstruction=0.3486
Epoch [140/400]
batch = 0 (Δ=0.209s, 100.00%)
Train Loss: output=0.1749, reconstruction=0.3878
Epoch [141/400]
batch = 0 (Δ=0.207s, 100.00%)
Train Loss: output=0.1749, reconstruction=0.3491
Epoch [142/400]
batch = 0 (Δ=0.208s, 100.00%)
Train Loss: output=0.1749, reconstruction=0.4009
Epoch [143/400]
batch = 0 (Δ=0.207s, 100.00%)
Train Loss: output=0.1749, reconstruction=0.4176
Epoch [144/400]
batch = 0 (Δ=0.206s, 100.00%)
Train Loss: output=0.1749, reconstruction=0.4007
Epoch [145/400]
batch = 0 (Δ=0.206s, 100.00%)
Train Loss: output=0.1749, reconstruction=0.2499
Epoch [146/400]
batch = 0 (Δ=0.206s, 100.00%)
Train Loss: output=0.1750, reconstruction=0.4329
Epoch [147/400]
batch = 0 (Δ=0.207s, 100.00%)
Train Loss: output=0.1750, reconstruction=0.4005
Epoch [148/400]
batch = 0 (Δ=0.211s, 100.00%)
Train Loss: output=0.1749, reconstruction=0.4009
Epoch [149/400]
batch = 0 (Δ=0.207s, 100.00%)
Train Loss: output=0.1749, reconstruction=0.4005
Epoch [150/400]
batch = 0 (Δ=0.210s, 100.00%)
Train Loss: output=0.1749, reconstruction=0.3954
Epoch [151/400]
batch = 0 (Δ=0.208s, 100.00%)
Train Loss: output=0.1749, reconstruction=0.3967
Epoch [152/400]
batch = 0 (Δ=0.208s, 100.00%)
Train Loss: output=0.1749, reconstruction=0.2287
Epoch [153/400]
batch = 0 (Δ=0.211s, 100.00%)
Train Loss: output=0.1749, reconstruction=0.4002
Epoch [154/400]
batch = 0 (Δ=0.209s, 100.00%)
Train Loss: output=0.1749, reconstruction=0.4043
Epoch [155/400]
batch = 0 (Δ=0.210s, 100.00%)
Train Loss: output=0.1749, reconstruction=0.4183
Epoch [156/400]
batch = 0 (Δ=0.209s, 100.00%)
Train Loss: output=0.1797, reconstruction=0.5129
Epoch [157/400]
batch = 0 (Δ=0.208s, 100.00%)
Train Loss: output=0.1786, reconstruction=0.4909
Epoch [158/400]
batch = 0 (Δ=0.208s, 100.00%)
Train Loss: output=0.1776, reconstruction=0.4467
Epoch [159/400]
batch = 0 (Δ=0.275s, 100.00%)
Train Loss: output=0.1770, reconstruction=0.4330
Epoch [160/400]
batch = 0 (Δ=0.208s, 100.00%)
Train Loss: output=0.1767, reconstruction=0.4286
Epoch [161/400]
batch = 0 (Δ=0.207s, 100.00%)
Train Loss: output=0.1761, reconstruction=0.3507
Epoch [162/400]
batch = 0 (Δ=0.209s, 100.00%)
Train Loss: output=0.1755, reconstruction=0.4051
Epoch [163/400]
batch = 0 (Δ=0.206s, 100.00%)
Train Loss: output=0.1752, reconstruction=0.4372
Epoch [164/400]
batch = 0 (Δ=0.209s, 100.00%)
Train Loss: output=0.1749, reconstruction=0.4000
Epoch [165/400]
batch = 0 (Δ=0.208s, 100.00%)
Train Loss: output=0.1747, reconstruction=0.4319
Epoch [166/400]
batch = 0 (Δ=0.210s, 100.00%)
Train Loss: output=0.1744, reconstruction=0.3936
Epoch [167/400]
batch = 0 (Δ=0.208s, 100.00%)
Train Loss: output=0.1741, reconstruction=0.4311
Epoch [168/400]
batch = 0 (Δ=0.191s, 100.00%)
Train Loss: output=0.1739, reconstruction=0.3968
Epoch [169/400]
batch = 0 (Δ=0.206s, 100.00%)
Train Loss: output=0.1736, reconstruction=0.4117
Epoch [170/400]
batch = 0 (Δ=0.209s, 100.00%)
Train Loss: output=0.1734, reconstruction=0.3195
Epoch [171/400]
batch = 0 (Δ=0.208s, 100.00%)
Train Loss: output=0.1731, reconstruction=0.4041
Epoch [172/400]
batch = 0 (Δ=0.209s, 100.00%)
Train Loss: output=0.1729, reconstruction=0.3971
Epoch [173/400]
batch = 0 (Δ=0.210s, 100.00%)
Train Loss: output=0.1727, reconstruction=0.4075
Epoch [174/400]
batch = 0 (Δ=0.211s, 100.00%)
Train Loss: output=0.1724, reconstruction=0.4100
Epoch [175/400]
batch = 0 (Δ=0.207s, 100.00%)
Train Loss: output=0.1722, reconstruction=0.4098
Epoch [176/400]
batch = 0 (Δ=0.206s, 100.00%)
Train Loss: output=0.1719, reconstruction=0.3910
Epoch [177/400]
batch = 0 (Δ=0.208s, 100.00%)
Train Loss: output=0.1717, reconstruction=0.4222
Epoch [178/400]
batch = 0 (Δ=0.210s, 100.00%)
Train Loss: output=0.1715, reconstruction=0.3952
Epoch [179/400]
batch = 0 (Δ=0.208s, 100.00%)
Train Loss: output=0.1717, reconstruction=0.4190
Epoch [180/400]
batch = 0 (Δ=0.209s, 100.00%)
Train Loss: output=0.1723, reconstruction=0.4062
Epoch [181/400]
batch = 0 (Δ=0.208s, 100.00%)
Train Loss: output=0.1725, reconstruction=0.4049
Epoch [182/400]
batch = 0 (Δ=0.274s, 100.00%)
Train Loss: output=0.1727, reconstruction=0.3924
Epoch [183/400]
batch = 0 (Δ=0.207s, 100.00%)
Train Loss: output=0.1732, reconstruction=0.4084
Epoch [184/400]
batch = 0 (Δ=0.207s, 100.00%)
Train Loss: output=0.1741, reconstruction=0.4199
Epoch [185/400]
batch = 0 (Δ=0.208s, 100.00%)
Train Loss: output=0.1745, reconstruction=0.3317
Epoch [186/400]
batch = 0 (Δ=0.209s, 100.00%)
Train Loss: output=0.1744, reconstruction=0.4192
Epoch [187/400]
batch = 0 (Δ=0.209s, 100.00%)
Train Loss: output=0.1744, reconstruction=0.4163
Epoch [188/400]
batch = 0 (Δ=0.208s, 100.00%)
Train Loss: output=0.1744, reconstruction=0.4102
Epoch [189/400]
batch = 0 (Δ=0.207s, 100.00%)
Train Loss: output=0.1743, reconstruction=0.4069
Epoch [190/400]
batch = 0 (Δ=0.208s, 100.00%)
Train Loss: output=0.1743, reconstruction=0.3864
Epoch [191/400]
batch = 0 (Δ=0.201s, 100.00%)
Train Loss: output=0.1743, reconstruction=0.3942
Epoch [192/400]
batch = 0 (Δ=0.201s, 100.00%)
Train Loss: output=0.1742, reconstruction=0.4091
Epoch [193/400]
batch = 0 (Δ=0.210s, 100.00%)
Train Loss: output=0.1742, reconstruction=0.3869
Epoch [194/400]
batch = 0 (Δ=0.205s, 100.00%)
Train Loss: output=0.1742, reconstruction=0.4023
Epoch [195/400]
batch = 0 (Δ=0.208s, 100.00%)
Train Loss: output=0.1741, reconstruction=0.3919
Epoch [196/400]
batch = 0 (Δ=0.206s, 100.00%)
Train Loss: output=0.1741, reconstruction=0.4077
Epoch [197/400]
batch = 0 (Δ=0.208s, 100.00%)
Train Loss: output=0.1741, reconstruction=0.4047
Epoch [198/400]
batch = 0 (Δ=0.203s, 100.00%)
Train Loss: output=0.1740, reconstruction=0.4211
Epoch [199/400]
batch = 0 (Δ=0.206s, 100.00%)
Train Loss: output=0.1740, reconstruction=0.4065
Epoch [200/400]
batch = 0 (Δ=0.207s, 100.00%)
Train Loss: output=0.1740, reconstruction=0.4081
Epoch [201/400]
batch = 0 (Δ=0.204s, 100.00%)
Train Loss: output=0.1739, reconstruction=0.4032
Epoch [202/400]
batch = 0 (Δ=0.208s, 100.00%)
Train Loss: output=0.1739, reconstruction=0.3938
Epoch [203/400]
batch = 0 (Δ=0.207s, 100.00%)
Train Loss: output=0.1738, reconstruction=0.4150
Epoch [204/400]
batch = 0 (Δ=0.209s, 100.00%)
Train Loss: output=0.1738, reconstruction=0.4061
Epoch [205/400]
batch = 0 (Δ=0.206s, 100.00%)
Train Loss: output=0.1738, reconstruction=0.4041
Epoch [206/400]
batch = 0 (Δ=0.207s, 100.00%)
Train Loss: output=0.1737, reconstruction=0.4053
Epoch [207/400]
batch = 0 (Δ=0.274s, 100.00%)
Train Loss: output=0.1737, reconstruction=0.4069
Epoch [208/400]
batch = 0 (Δ=0.206s, 100.00%)
Train Loss: output=0.1737, reconstruction=0.3929
Epoch [209/400]
batch = 0 (Δ=0.206s, 100.00%)
Train Loss: output=0.1736, reconstruction=0.3923
Epoch [210/400]
batch = 0 (Δ=0.207s, 100.00%)
Train Loss: output=0.1736, reconstruction=0.3900
Epoch [211/400]
batch = 0 (Δ=0.210s, 100.00%)
Train Loss: output=0.1736, reconstruction=0.3941
Epoch [212/400]
batch = 0 (Δ=0.208s, 100.00%)
Train Loss: output=0.1736, reconstruction=0.4150
Epoch [213/400]
batch = 0 (Δ=0.207s, 100.00%)
Train Loss: output=0.1739, reconstruction=0.3144
Epoch [214/400]
batch = 0 (Δ=0.208s, 100.00%)
Train Loss: output=0.1735, reconstruction=0.4229
Epoch [215/400]
batch = 0 (Δ=0.206s, 100.00%)
Train Loss: output=0.1735, reconstruction=0.4047
Epoch [216/400]
batch = 0 (Δ=0.200s, 100.00%)
Train Loss: output=0.1745, reconstruction=0.3953
Epoch [217/400]
batch = 0 (Δ=0.188s, 100.00%)
Train Loss: output=0.1750, reconstruction=0.3342
Epoch [218/400]
batch = 0 (Δ=0.146s, 100.00%)
Train Loss: output=0.1750, reconstruction=0.3193
Epoch [219/400]
batch = 0 (Δ=0.145s, 100.00%)
Train Loss: output=0.1750, reconstruction=0.2274
Epoch [220/400]
batch = 0 (Δ=0.146s, 100.00%)
Train Loss: output=0.1750, reconstruction=0.2733
Epoch [221/400]
batch = 0 (Δ=0.144s, 100.00%)
Train Loss: output=0.1750, reconstruction=0.3309
Epoch [222/400]
batch = 0 (Δ=0.146s, 100.00%)
Train Loss: output=0.1750, reconstruction=0.3172
Epoch [223/400]
batch = 0 (Δ=0.146s, 100.00%)
Train Loss: output=0.1750, reconstruction=0.2774
Epoch [224/400]
batch = 0 (Δ=0.145s, 100.00%)
Train Loss: output=0.1750, reconstruction=0.2786
Epoch [225/400]
batch = 0 (Δ=0.144s, 100.00%)
Train Loss: output=0.1750, reconstruction=0.2782
Epoch [226/400]
batch = 0 (Δ=0.146s, 100.00%)
Train Loss: output=0.1750, reconstruction=0.2800
Epoch [227/400]
batch = 0 (Δ=0.146s, 100.00%)
Train Loss: output=0.1750, reconstruction=0.2837
Epoch [228/400]
batch = 0 (Δ=0.148s, 100.00%)
Train Loss: output=0.1750, reconstruction=0.2872
Epoch [229/400]
batch = 0 (Δ=0.147s, 100.00%)
Train Loss: output=0.1750, reconstruction=0.4379
Epoch [230/400]
batch = 0 (Δ=0.145s, 100.00%)
Train Loss: output=0.1750, reconstruction=0.3309
Epoch [231/400]
batch = 0 (Δ=0.147s, 100.00%)
Train Loss: output=0.1750, reconstruction=0.3449
Epoch [232/400]
batch = 0 (Δ=0.148s, 100.00%)
Train Loss: output=0.1750, reconstruction=0.2919
Epoch [233/400]
batch = 0 (Δ=0.148s, 100.00%)
Train Loss: output=0.1750, reconstruction=0.4221
Epoch [234/400]
batch = 0 (Δ=0.146s, 100.00%)
Train Loss: output=0.1750, reconstruction=0.2939
Epoch [235/400]
batch = 0 (Δ=0.149s, 100.00%)
Train Loss: output=0.1750, reconstruction=0.4597
Epoch [236/400]
batch = 0 (Δ=0.146s, 100.00%)
Train Loss: output=0.1750, reconstruction=0.2949
Epoch [237/400]
batch = 0 (Δ=0.146s, 100.00%)
Train Loss: output=0.1750, reconstruction=0.2953
Epoch [238/400]
batch = 0 (Δ=0.148s, 100.00%)
Train Loss: output=0.1750, reconstruction=0.2961
Epoch [239/400]
batch = 0 (Δ=0.145s, 100.00%)
Train Loss: output=0.1750, reconstruction=0.2971
Epoch [240/400]
batch = 0 (Δ=0.146s, 100.00%)
Train Loss: output=0.1750, reconstruction=0.2988
Epoch [241/400]
batch = 0 (Δ=0.148s, 100.00%)
Train Loss: output=0.1748, reconstruction=0.2996
Epoch [242/400]
batch = 0 (Δ=0.147s, 100.00%)
Train Loss: output=0.1745, reconstruction=0.3000
Epoch [243/400]
batch = 0 (Δ=0.145s, 100.00%)
Train Loss: output=0.1743, reconstruction=0.3004
Epoch [244/400]
batch = 0 (Δ=0.146s, 100.00%)
Train Loss: output=0.1741, reconstruction=0.3519
Epoch [245/400]
batch = 0 (Δ=0.144s, 100.00%)
Train Loss: output=0.1738, reconstruction=0.2994
Epoch [246/400]
batch = 0 (Δ=0.147s, 100.00%)
Train Loss: output=0.1736, reconstruction=0.2996
Epoch [247/400]
batch = 0 (Δ=0.147s, 100.00%)
Train Loss: output=0.1735, reconstruction=0.3347
Epoch [248/400]
batch = 0 (Δ=0.144s, 100.00%)
Train Loss: output=0.1734, reconstruction=0.2992
Epoch [249/400]
batch = 0 (Δ=0.146s, 100.00%)
Train Loss: output=0.1733, reconstruction=0.4528
Epoch [250/400]
batch = 0 (Δ=0.146s, 100.00%)
Train Loss: output=0.1732, reconstruction=0.3491
Epoch [251/400]
batch = 0 (Δ=0.148s, 100.00%)
Train Loss: output=0.1733, reconstruction=0.3001
Epoch [252/400]
batch = 0 (Δ=0.148s, 100.00%)
Train Loss: output=0.1733, reconstruction=0.2992
Epoch [253/400]
batch = 0 (Δ=0.143s, 100.00%)
Train Loss: output=0.1734, reconstruction=0.2976
Epoch [254/400]
batch = 0 (Δ=0.145s, 100.00%)
Train Loss: output=0.1734, reconstruction=0.2970
Epoch [255/400]
batch = 0 (Δ=0.211s, 100.00%)
Train Loss: output=0.1734, reconstruction=0.2962
Epoch [256/400]
batch = 0 (Δ=0.145s, 100.00%)
Train Loss: output=0.1735, reconstruction=0.2334
Epoch [257/400]
batch = 0 (Δ=0.146s, 100.00%)
Train Loss: output=0.1735, reconstruction=0.2964
Epoch [258/400]
batch = 0 (Δ=0.146s, 100.00%)
Train Loss: output=0.1734, reconstruction=0.2962
Epoch [259/400]
batch = 0 (Δ=0.144s, 100.00%)
Train Loss: output=0.1734, reconstruction=0.2953
Epoch [260/400]
batch = 0 (Δ=0.142s, 100.00%)
Train Loss: output=0.1735, reconstruction=0.3683
Epoch [261/400]
batch = 0 (Δ=0.146s, 100.00%)
Train Loss: output=0.1735, reconstruction=0.2953
Epoch [262/400]
batch = 0 (Δ=0.146s, 100.00%)
Train Loss: output=0.1733, reconstruction=0.2941
Epoch [263/400]
batch = 0 (Δ=0.146s, 100.00%)
Train Loss: output=0.1732, reconstruction=0.4376
Epoch [264/400]
batch = 0 (Δ=0.146s, 100.00%)
Train Loss: output=0.1732, reconstruction=0.2939
Epoch [265/400]
batch = 0 (Δ=0.146s, 100.00%)
Train Loss: output=0.1732, reconstruction=0.2948
Epoch [266/400]
batch = 0 (Δ=0.144s, 100.00%)
Train Loss: output=0.1732, reconstruction=0.2945
Epoch [267/400]
batch = 0 (Δ=0.143s, 100.00%)
Train Loss: output=0.1732, reconstruction=0.2941
Epoch [268/400]
batch = 0 (Δ=0.145s, 100.00%)
Train Loss: output=0.1733, reconstruction=0.2947
Epoch [269/400]
batch = 0 (Δ=0.142s, 100.00%)
Train Loss: output=0.1735, reconstruction=0.2942
Epoch [270/400]
batch = 0 (Δ=0.144s, 100.00%)
Train Loss: output=0.1737, reconstruction=0.4426
Epoch [271/400]
batch = 0 (Δ=0.142s, 100.00%)
Train Loss: output=0.1739, reconstruction=0.2925
Epoch [272/400]
batch = 0 (Δ=0.149s, 100.00%)
Train Loss: output=0.1740, reconstruction=0.4367
Epoch [273/400]
batch = 0 (Δ=0.145s, 100.00%)
Train Loss: output=0.1741, reconstruction=0.2906
Epoch [274/400]
batch = 0 (Δ=0.145s, 100.00%)
Train Loss: output=0.1742, reconstruction=0.3602
Epoch [275/400]
batch = 0 (Δ=0.145s, 100.00%)
Train Loss: output=0.1740, reconstruction=0.4109
Epoch [276/400]
batch = 0 (Δ=0.206s, 100.00%)
Train Loss: output=0.1739, reconstruction=0.3327
Epoch [277/400]
batch = 0 (Δ=0.205s, 100.00%)
Train Loss: output=0.1737, reconstruction=0.3000
Epoch [278/400]
batch = 0 (Δ=0.207s, 100.00%)
Train Loss: output=0.1734, reconstruction=0.1782
Epoch [279/400]
batch = 0 (Δ=0.205s, 100.00%)
Train Loss: output=0.1733, reconstruction=0.1434
Epoch [280/400]
batch = 0 (Δ=0.207s, 100.00%)
Train Loss: output=0.1733, reconstruction=0.1463
Epoch [281/400]
batch = 0 (Δ=0.206s, 100.00%)
Train Loss: output=0.1733, reconstruction=0.1452
Epoch [282/400]
batch = 0 (Δ=0.207s, 100.00%)
Train Loss: output=0.1745, reconstruction=0.1420
Epoch [283/400]
batch = 0 (Δ=0.206s, 100.00%)
Train Loss: output=0.1750, reconstruction=0.1395
Epoch [284/400]
batch = 0 (Δ=0.206s, 100.00%)
Train Loss: output=0.1750, reconstruction=0.1372
Epoch [285/400]
batch = 0 (Δ=0.202s, 100.00%)
Train Loss: output=0.1750, reconstruction=0.1359
Epoch [286/400]
batch = 0 (Δ=0.206s, 100.00%)
Train Loss: output=0.1750, reconstruction=0.1348
Epoch [287/400]
batch = 0 (Δ=0.209s, 100.00%)
Train Loss: output=0.1750, reconstruction=0.1346
Epoch [288/400]
batch = 0 (Δ=0.205s, 100.00%)
Train Loss: output=0.1750, reconstruction=0.1384
Epoch [289/400]
batch = 0 (Δ=0.190s, 100.00%)
Train Loss: output=0.1750, reconstruction=0.1393
Epoch [290/400]
batch = 0 (Δ=0.207s, 100.00%)
Train Loss: output=0.1742, reconstruction=0.1438
Epoch [291/400]
batch = 0 (Δ=0.277s, 100.00%)
Train Loss: output=0.1730, reconstruction=0.1475
Epoch [292/400]
batch = 0 (Δ=0.207s, 100.00%)
Train Loss: output=0.1730, reconstruction=0.1486
Epoch [293/400]
batch = 0 (Δ=0.210s, 100.00%)
Train Loss: output=0.1730, reconstruction=0.1491
Epoch [294/400]
batch = 0 (Δ=0.207s, 100.00%)
Train Loss: output=0.1732, reconstruction=0.1436
Epoch [295/400]
batch = 0 (Δ=0.197s, 100.00%)
Train Loss: output=0.1738, reconstruction=0.1402
Epoch [296/400]
batch = 0 (Δ=0.207s, 100.00%)
Train Loss: output=0.1749, reconstruction=0.1404
Epoch [297/400]
batch = 0 (Δ=0.206s, 100.00%)
Train Loss: output=0.1750, reconstruction=0.1398
Epoch [298/400]
batch = 0 (Δ=0.207s, 100.00%)
Train Loss: output=0.1750, reconstruction=0.1400
Epoch [299/400]
batch = 0 (Δ=0.209s, 100.00%)
Train Loss: output=0.1748, reconstruction=0.1407
Epoch [300/400]
batch = 0 (Δ=0.208s, 100.00%)
Train Loss: output=0.1743, reconstruction=0.1428
Epoch [301/400]
batch = 0 (Δ=0.208s, 100.00%)
Train Loss: output=0.1736, reconstruction=0.1459
Epoch [302/400]
batch = 0 (Δ=0.210s, 100.00%)
Train Loss: output=0.1735, reconstruction=0.1444
Epoch [303/400]
batch = 0 (Δ=0.208s, 100.00%)
Train Loss: output=0.1735, reconstruction=0.1503
Epoch [304/400]
batch = 0 (Δ=0.209s, 100.00%)
Train Loss: output=0.1735, reconstruction=0.1479
Epoch [305/400]
batch = 0 (Δ=0.208s, 100.00%)
Train Loss: output=0.1734, reconstruction=0.1473
Epoch [306/400]
batch = 0 (Δ=0.207s, 100.00%)
Train Loss: output=0.1734, reconstruction=0.1409
Epoch [307/400]
batch = 0 (Δ=0.205s, 100.00%)
Train Loss: output=0.1742, reconstruction=0.1423
Epoch [308/400]
batch = 0 (Δ=0.208s, 100.00%)
Train Loss: output=0.1750, reconstruction=0.1411
Epoch [309/400]
batch = 0 (Δ=0.207s, 100.00%)
Train Loss: output=0.1750, reconstruction=0.1596
Epoch [310/400]
batch = 0 (Δ=0.207s, 100.00%)
Train Loss: output=0.1750, reconstruction=0.1394
Epoch [311/400]
batch = 0 (Δ=0.200s, 100.00%)
Train Loss: output=0.1750, reconstruction=0.1399
Epoch [312/400]
batch = 0 (Δ=0.207s, 100.00%)
Train Loss: output=0.1749, reconstruction=0.1414
Epoch [313/400]
batch = 0 (Δ=0.208s, 100.00%)
Train Loss: output=0.1740, reconstruction=0.1444
Epoch [314/400]
batch = 0 (Δ=0.208s, 100.00%)
Train Loss: output=0.1737, reconstruction=0.1464
Epoch [315/400]
batch = 0 (Δ=0.269s, 100.00%)
Train Loss: output=0.1735, reconstruction=0.1462
Epoch [316/400]
batch = 0 (Δ=0.207s, 100.00%)
Train Loss: output=0.1735, reconstruction=0.1470
Epoch [317/400]
batch = 0 (Δ=0.207s, 100.00%)
Train Loss: output=0.1735, reconstruction=0.1456
Epoch [318/400]
batch = 0 (Δ=0.208s, 100.00%)
Train Loss: output=0.1735, reconstruction=0.1470
Epoch [319/400]
batch = 0 (Δ=0.207s, 100.00%)
Train Loss: output=0.1735, reconstruction=0.1455
Epoch [320/400]
batch = 0 (Δ=0.201s, 100.00%)
Train Loss: output=0.1735, reconstruction=0.1432
Epoch [321/400]
batch = 0 (Δ=0.207s, 100.00%)
Train Loss: output=0.1735, reconstruction=0.1450
Epoch [322/400]
batch = 0 (Δ=0.206s, 100.00%)
Train Loss: output=0.1739, reconstruction=0.1456
Epoch [323/400]
batch = 0 (Δ=0.209s, 100.00%)
Train Loss: output=0.1736, reconstruction=0.1399
Epoch [324/400]
batch = 0 (Δ=0.207s, 100.00%)
Train Loss: output=0.1736, reconstruction=0.1456
Epoch [325/400]
batch = 0 (Δ=0.207s, 100.00%)
Train Loss: output=0.1738, reconstruction=0.1707
Epoch [326/400]
batch = 0 (Δ=0.205s, 100.00%)
Train Loss: output=0.1739, reconstruction=0.1418
Epoch [327/400]
batch = 0 (Δ=0.206s, 100.00%)
Train Loss: output=0.1738, reconstruction=0.1455
Epoch [328/400]
batch = 0 (Δ=0.205s, 100.00%)
Train Loss: output=0.1737, reconstruction=0.1461
Epoch [329/400]
batch = 0 (Δ=0.205s, 100.00%)
Train Loss: output=0.1742, reconstruction=0.1460
Epoch [330/400]
batch = 0 (Δ=0.206s, 100.00%)
Train Loss: output=0.1740, reconstruction=0.1446
Epoch [331/400]
batch = 0 (Δ=0.207s, 100.00%)
Train Loss: output=0.1738, reconstruction=0.1441
Epoch [332/400]
batch = 0 (Δ=0.207s, 100.00%)
Train Loss: output=0.1739, reconstruction=0.1398
Epoch [333/400]
batch = 0 (Δ=0.205s, 100.00%)
Train Loss: output=0.1748, reconstruction=0.1405
Epoch [334/400]
batch = 0 (Δ=0.206s, 100.00%)
Train Loss: output=0.1744, reconstruction=0.1698
Epoch [335/400]
batch = 0 (Δ=0.207s, 100.00%)
Train Loss: output=0.1738, reconstruction=0.1705
Epoch [336/400]
batch = 0 (Δ=0.206s, 100.00%)
Train Loss: output=0.1742, reconstruction=0.1461
Epoch [337/400]
batch = 0 (Δ=0.270s, 100.00%)
Train Loss: output=0.1747, reconstruction=0.1459
Epoch [338/400]
batch = 0 (Δ=0.208s, 100.00%)
Train Loss: output=0.1742, reconstruction=0.1456
Epoch [339/400]
batch = 0 (Δ=0.205s, 100.00%)
Train Loss: output=0.1739, reconstruction=0.2000
Epoch [340/400]
batch = 0 (Δ=0.207s, 100.00%)
Train Loss: output=0.1744, reconstruction=0.2240
Epoch [341/400]
batch = 0 (Δ=0.207s, 100.00%)
Train Loss: output=0.1747, reconstruction=0.3034
Epoch [342/400]
batch = 0 (Δ=0.207s, 100.00%)
Train Loss: output=0.1740, reconstruction=0.4129
Epoch [343/400]
batch = 0 (Δ=0.197s, 100.00%)
Train Loss: output=0.1739, reconstruction=0.3705
Epoch [344/400]
batch = 0 (Δ=0.207s, 100.00%)
Train Loss: output=0.1740, reconstruction=0.3793
Epoch [345/400]
batch = 0 (Δ=0.204s, 100.00%)
Train Loss: output=0.1743, reconstruction=0.3797
Epoch [346/400]
batch = 0 (Δ=0.195s, 100.00%)
Train Loss: output=0.1740, reconstruction=0.3698
Epoch [347/400]
batch = 0 (Δ=0.207s, 100.00%)
Train Loss: output=0.1739, reconstruction=0.4063
Epoch [348/400]
batch = 0 (Δ=0.206s, 100.00%)
Train Loss: output=0.1741, reconstruction=0.3772
Epoch [349/400]
batch = 0 (Δ=0.206s, 100.00%)
Train Loss: output=0.1750, reconstruction=0.4118
Epoch [350/400]
batch = 0 (Δ=0.206s, 100.00%)
Train Loss: output=0.1743, reconstruction=0.4097
Epoch [351/400]
batch = 0 (Δ=0.200s, 100.00%)
Train Loss: output=0.1741, reconstruction=0.3718
Epoch [352/400]
batch = 0 (Δ=0.207s, 100.00%)
Train Loss: output=0.1741, reconstruction=0.3196
Epoch [353/400]
batch = 0 (Δ=0.208s, 100.00%)
Train Loss: output=0.1750, reconstruction=0.3786
Epoch [354/400]
batch = 0 (Δ=0.206s, 100.00%)
Train Loss: output=0.1741, reconstruction=0.3905
Epoch [355/400]
batch = 0 (Δ=0.207s, 100.00%)
Train Loss: output=0.1743, reconstruction=0.3916
Epoch [356/400]
batch = 0 (Δ=0.209s, 100.00%)
Train Loss: output=0.1740, reconstruction=0.3752
Epoch [357/400]
batch = 0 (Δ=0.198s, 100.00%)
Train Loss: output=0.1745, reconstruction=0.3777
Epoch [358/400]
batch = 0 (Δ=0.207s, 100.00%)
Train Loss: output=0.1744, reconstruction=0.3744
Epoch [359/400]
batch = 0 (Δ=0.276s, 100.00%)
Train Loss: output=0.1743, reconstruction=0.3705
Epoch [360/400]
batch = 0 (Δ=0.205s, 100.00%)
Train Loss: output=0.1740, reconstruction=0.3067
Epoch [361/400]
batch = 0 (Δ=0.192s, 100.00%)
Train Loss: output=0.1746, reconstruction=0.3877
Epoch [362/400]
batch = 0 (Δ=0.208s, 100.00%)
Train Loss: output=0.1751, reconstruction=0.3735
Epoch [363/400]
batch = 0 (Δ=0.206s, 100.00%)
Train Loss: output=0.1742, reconstruction=0.3679
Epoch [364/400]
batch = 0 (Δ=0.208s, 100.00%)
Train Loss: output=0.1743, reconstruction=0.3079
Epoch [365/400]
batch = 0 (Δ=0.207s, 100.00%)
Train Loss: output=0.1740, reconstruction=0.3878
Epoch [366/400]
batch = 0 (Δ=0.206s, 100.00%)
Train Loss: output=0.1754, reconstruction=0.3959
Epoch [367/400]
batch = 0 (Δ=0.206s, 100.00%)
Train Loss: output=0.1749, reconstruction=0.3697
Epoch [368/400]
batch = 0 (Δ=0.207s, 100.00%)
Train Loss: output=0.1744, reconstruction=0.3152
Epoch [369/400]
batch = 0 (Δ=0.207s, 100.00%)
Train Loss: output=0.1741, reconstruction=0.2904
Epoch [370/400]
batch = 0 (Δ=0.208s, 100.00%)
Train Loss: output=0.1743, reconstruction=0.3730
Epoch [371/400]
batch = 0 (Δ=0.205s, 100.00%)
Train Loss: output=0.1753, reconstruction=0.3707
Epoch [372/400]
batch = 0 (Δ=0.154s, 100.00%)
Train Loss: output=0.1742, reconstruction=0.3724
Epoch [373/400]
batch = 0 (Δ=0.176s, 100.00%)
Train Loss: output=0.1745, reconstruction=0.2350
Epoch [374/400]
batch = 0 (Δ=0.177s, 100.00%)
Train Loss: output=0.1741, reconstruction=0.3213
Epoch [375/400]
batch = 0 (Δ=0.144s, 100.00%)
Train Loss: output=0.1748, reconstruction=0.3269
Epoch [376/400]
batch = 0 (Δ=0.146s, 100.00%)
Train Loss: output=0.1751, reconstruction=0.4150
Epoch [377/400]
batch = 0 (Δ=0.144s, 100.00%)
Train Loss: output=0.1743, reconstruction=0.4028
Epoch [378/400]
batch = 0 (Δ=0.144s, 100.00%)
Train Loss: output=0.1745, reconstruction=0.3208
Epoch [379/400]
batch = 0 (Δ=0.145s, 100.00%)
Train Loss: output=0.1741, reconstruction=0.3732
Epoch [380/400]
batch = 0 (Δ=0.146s, 100.00%)
Train Loss: output=0.1754, reconstruction=0.3170
Epoch [381/400]
batch = 0 (Δ=0.145s, 100.00%)
Train Loss: output=0.1751, reconstruction=0.3207
Epoch [382/400]
batch = 0 (Δ=0.144s, 100.00%)
Train Loss: output=0.1744, reconstruction=0.4104
Epoch [383/400]
batch = 0 (Δ=0.141s, 100.00%)
Train Loss: output=0.1744, reconstruction=0.2432
Epoch [384/400]
batch = 0 (Δ=0.145s, 100.00%)
Train Loss: output=0.1741, reconstruction=0.3326
Epoch [385/400]
batch = 0 (Δ=0.146s, 100.00%)
Train Loss: output=0.1754, reconstruction=0.3206
Epoch [386/400]
batch = 0 (Δ=0.146s, 100.00%)
Train Loss: output=0.1751, reconstruction=0.3891
Epoch [387/400]
batch = 0 (Δ=0.146s, 100.00%)
Train Loss: output=0.1743, reconstruction=0.3257
Epoch [388/400]
batch = 0 (Δ=0.145s, 100.00%)
Train Loss: output=0.1744, reconstruction=0.3845
Epoch [389/400]
batch = 0 (Δ=0.144s, 100.00%)
Train Loss: output=0.1741, reconstruction=0.3993
Epoch [390/400]
batch = 0 (Δ=0.145s, 100.00%)
Train Loss: output=0.1753, reconstruction=0.3110
Epoch [391/400]
batch = 0 (Δ=0.144s, 100.00%)
Train Loss: output=0.1750, reconstruction=0.4113
Epoch [392/400]
batch = 0 (Δ=0.146s, 100.00%)
Train Loss: output=0.1744, reconstruction=0.3308
Epoch [393/400]
batch = 0 (Δ=0.147s, 100.00%)
Train Loss: output=0.1744, reconstruction=0.3235
Epoch [394/400]
batch = 0 (Δ=0.145s, 100.00%)
Train Loss: output=0.1742, reconstruction=0.3024
Epoch [395/400]
batch = 0 (Δ=0.145s, 100.00%)
Train Loss: output=0.1746, reconstruction=0.3146
Epoch [396/400]
batch = 0 (Δ=0.146s, 100.00%)
Train Loss: output=0.1743, reconstruction=0.3842
Epoch [397/400]
batch = 0 (Δ=0.143s, 100.00%)
Train Loss: output=0.1745, reconstruction=0.3198
Epoch [398/400]
batch = 0 (Δ=0.147s, 100.00%)
Train Loss: output=0.1744, reconstruction=0.3172
Epoch [399/400]
batch = 0 (Δ=0.145s, 100.00%)
Train Loss: output=0.1742, reconstruction=0.3841
Epoch [400/400]
batch = 0 (Δ=0.142s, 100.00%)
Train Loss: output=0.1751, reconstruction=0.3468
Final Stats:
=== Selected operation grammar ===
batch = 0 (Δ=0.232s, 100.00%)
=== Input Reconstruction (test) ===
  row[0] input='hello world' -> reconstructed='there there' label=0.0000 predicted=0.5031 MISMATCH
  row[1] input='hello there' -> reconstructed='' label=1.0000 predicted=0.5031 MISMATCH
  row[2] input='loving world' -> reconstructed='' label=1.0000 predicted=0.5055 MISMATCH
  row[3] input='loving there' -> reconstructed='' label=0.0000 predicted=0.5039 MISMATCH
=============================== warnings summary ===============================
test/test_explicit_dimensions.py::TestXorGrammarLearnsXor::test_xor_class_accuracy
  /Users/arogers/github/WikiOracle/basicmodel/bin/Models.py:7637: RuntimeWarning: output_state_boundary [config /Users/arogers/github/WikiOracle/basicmodel/data/XOR_grammar.xml]: supervised outputs with reconstruction and answerSynthesis=false use the direct head: output gradients train the whole input state; enable answerSynthesis for the concluded-idea state boundary
    warnings.warn(f"{site} [config {cfg}]: {detail}", RuntimeWarning)

test/test_explicit_dimensions.py::TestXorGrammarLearnsXor::test_xor_class_accuracy
  /Users/arogers/github/WikiOracle/basicmodel/.venv/lib/python3.12/site-packages/torch/utils/_device.py:122: UserWarning: Sparse invariant checks are implicitly disabled. Memory errors (e.g. SEGFAULT) will occur when operating on a sparse tensor which violates the invariants, but checks incur performance overhead. To silence this warning, explicitly opt in or out. See `torch.sparse.check_sparse_tensor_invariants.__doc__` for guidance.  (Triggered internally at /Users/runner/work/pytorch/pytorch/aten/src/ATen/Context.cpp:855.)
    return func(*args, **kwargs)

-- Docs: https://docs.pytest.org/en/stable/how-to/capture-warnings.html
=========================== short test summary info ============================
FAILED test/test_explicit_dimensions.py::TestXorGrammarLearnsXor::test_xor_class_accuracy
1 failed, 2 warnings in 80.91s (0:01:20)
