Device: cpu
Peer pipeline: static PS/WS stage bodies compiled separately; legacy compatibility scheduler remains outside fullgraph capture


==== BasicModel ====

Trial [1/1]
Baseline test pass skipped (--test not specified). Re-invoke train.py with --test to include baseline + post-epoch evaluation.
Epoch [1/400]
[AMP] off (fp32, MODEL_AMP unset or =off)
/Users/arogers/github/WikiOracle/basicmodel/.venv/lib/python3.12/site-packages/torch/utils/_device.py:122: UserWarning: Sparse invariant checks are implicitly disabled. Memory errors (e.g. SEGFAULT) will occur when operating on a sparse tensor which violates the invariants, but checks incur performance overhead. To silence this warning, explicitly opt in or out. See `torch.sparse.check_sparse_tensor_invariants.__doc__` for guidance.  (Triggered internally at /Users/runner/work/pytorch/pytorch/aten/src/ATen/Context.cpp:855.)
  return func(*args, **kwargs)
batch = 0 (warm-up, 100.00%)
Training throughput: 1 batches in 100.806s; word units 100.0% of 8 words (letters-only 100.0% of 8).
Train Loss: output=0.1659, reconstruction=9.4077
Epoch [2/400]
batch = 0 (Δ=0.318s, 100.00%)
Training throughput: 1 batches in 0.316s; word units 100.0% of 8 words (letters-only 100.0% of 8).
Train Loss: output=0.1859, reconstruction=7.0668
Epoch [3/400]
batch = 0 (Δ=0.311s, 100.00%)
Training throughput: 1 batches in 0.310s; word units 100.0% of 8 words (letters-only 100.0% of 8).
Train Loss: output=0.1784, reconstruction=4.7415
Epoch [4/400]
batch = 0 (Δ=0.316s, 100.00%)
Training throughput: 1 batches in 0.315s; word units 100.0% of 8 words (letters-only 100.0% of 8).
Train Loss: output=0.1830, reconstruction=9.5649
Epoch [5/400]
batch = 0 (Δ=0.313s, 100.00%)
Training throughput: 1 batches in 0.312s; word units 100.0% of 8 words (letters-only 100.0% of 8).
Train Loss: output=0.1772, reconstruction=4.6422
Epoch [6/400]
batch = 0 (Δ=0.313s, 100.00%)
Training throughput: 1 batches in 0.312s; word units 100.0% of 8 words (letters-only 100.0% of 8).
Train Loss: output=0.1780, reconstruction=8.0475
Epoch [7/400]
batch = 0 (Δ=0.314s, 100.00%)
Training throughput: 1 batches in 0.314s; word units 100.0% of 8 words (letters-only 100.0% of 8).
Train Loss: output=0.1819, reconstruction=4.6922
Epoch [8/400]
batch = 0 (Δ=0.314s, 100.00%)
Training throughput: 1 batches in 0.314s; word units 100.0% of 8 words (letters-only 100.0% of 8).
Train Loss: output=0.1619, reconstruction=3.4707
Epoch [9/400]
batch = 0 (Δ=0.328s, 100.00%)
Training throughput: 1 batches in 0.327s; word units 100.0% of 8 words (letters-only 100.0% of 8).
Train Loss: output=0.1763, reconstruction=6.1524
Epoch [10/400]
batch = 0 (Δ=0.313s, 100.00%)
Training throughput: 1 batches in 0.312s; word units 100.0% of 8 words (letters-only 100.0% of 8).
Train Loss: output=0.1575, reconstruction=5.3218
Epoch [11/400]
batch = 0 (Δ=0.316s, 100.00%)
Training throughput: 1 batches in 0.315s; word units 100.0% of 8 words (letters-only 100.0% of 8).
Train Loss: output=0.1586, reconstruction=6.9286
Epoch [12/400]
batch = 0 (Δ=0.311s, 100.00%)
Training throughput: 1 batches in 0.311s; word units 100.0% of 8 words (letters-only 100.0% of 8).
Train Loss: output=0.1539, reconstruction=6.8808
Epoch [13/400]
batch = 0 (Δ=0.314s, 100.00%)
Training throughput: 1 batches in 0.313s; word units 100.0% of 8 words (letters-only 100.0% of 8).
Train Loss: output=0.1379, reconstruction=11.5788
Epoch [14/400]
batch = 0 (Δ=0.314s, 100.00%)
Training throughput: 1 batches in 0.314s; word units 100.0% of 8 words (letters-only 100.0% of 8).
Train Loss: output=0.1570, reconstruction=8.7053
Epoch [15/400]
batch = 0 (Δ=0.314s, 100.00%)
Training throughput: 1 batches in 0.313s; word units 100.0% of 8 words (letters-only 100.0% of 8).
Train Loss: output=0.1476, reconstruction=8.7095
Epoch [16/400]
batch = 0 (Δ=0.317s, 100.00%)
Training throughput: 1 batches in 0.316s; word units 100.0% of 8 words (letters-only 100.0% of 8).
Train Loss: output=0.1435, reconstruction=10.5248
Epoch [17/400]
batch = 0 (Δ=0.312s, 100.00%)
Training throughput: 1 batches in 0.311s; word units 100.0% of 8 words (letters-only 100.0% of 8).
Train Loss: output=0.1279, reconstruction=7.6337
Epoch [18/400]
batch = 0 (Δ=0.319s, 100.00%)
Training throughput: 1 batches in 0.318s; word units 100.0% of 8 words (letters-only 100.0% of 8).
Train Loss: output=0.1269, reconstruction=8.7193
Epoch [19/400]
batch = 0 (Δ=0.318s, 100.00%)
Training throughput: 1 batches in 0.317s; word units 100.0% of 8 words (letters-only 100.0% of 8).
Train Loss: output=0.1392, reconstruction=8.7223
Epoch [20/400]
batch = 0 (Δ=0.313s, 100.00%)
Training throughput: 1 batches in 0.313s; word units 100.0% of 8 words (letters-only 100.0% of 8).
Train Loss: output=0.1497, reconstruction=7.5439
Epoch [21/400]
batch = 0 (Δ=0.313s, 100.00%)
Training throughput: 1 batches in 0.313s; word units 100.0% of 8 words (letters-only 100.0% of 8).
Train Loss: output=0.1164, reconstruction=7.5343
Epoch [22/400]
batch = 0 (Δ=0.314s, 100.00%)
Training throughput: 1 batches in 0.313s; word units 100.0% of 8 words (letters-only 100.0% of 8).
Train Loss: output=0.1300, reconstruction=8.7291
Epoch [23/400]
batch = 0 (Δ=0.315s, 100.00%)
Training throughput: 1 batches in 0.315s; word units 100.0% of 8 words (letters-only 100.0% of 8).
Train Loss: output=0.1118, reconstruction=10.3929
Epoch [24/400]
batch = 0 (Δ=0.312s, 100.00%)
Training throughput: 1 batches in 0.311s; word units 100.0% of 8 words (letters-only 100.0% of 8).
Train Loss: output=0.1099, reconstruction=11.6133
Epoch [25/400]
batch = 0 (Δ=0.313s, 100.00%)
Training throughput: 1 batches in 0.313s; word units 100.0% of 8 words (letters-only 100.0% of 8).
Train Loss: output=0.1030, reconstruction=7.5502
Epoch [26/400]
batch = 0 (Δ=0.314s, 100.00%)
Training throughput: 1 batches in 0.313s; word units 100.0% of 8 words (letters-only 100.0% of 8).
Train Loss: output=0.0934, reconstruction=8.7417
Epoch [27/400]
batch = 0 (Δ=0.314s, 100.00%)
Training throughput: 1 batches in 0.314s; word units 100.0% of 8 words (letters-only 100.0% of 8).
Train Loss: output=0.0911, reconstruction=8.7455
Epoch [28/400]
batch = 0 (Δ=0.318s, 100.00%)
Training throughput: 1 batches in 0.318s; word units 100.0% of 8 words (letters-only 100.0% of 8).
Train Loss: output=0.0852, reconstruction=7.4948
Epoch [29/400]
batch = 0 (Δ=0.313s, 100.00%)
Training throughput: 1 batches in 0.312s; word units 100.0% of 8 words (letters-only 100.0% of 8).
Train Loss: output=0.1205, reconstruction=7.4949
Epoch [30/400]
batch = 0 (Δ=0.314s, 100.00%)
Training throughput: 1 batches in 0.314s; word units 100.0% of 8 words (letters-only 100.0% of 8).
Train Loss: output=0.1252, reconstruction=7.5405
Epoch [31/400]
batch = 0 (Δ=0.309s, 100.00%)
Training throughput: 1 batches in 0.309s; word units 100.0% of 8 words (letters-only 100.0% of 8).
Train Loss: output=0.1095, reconstruction=7.4896
Epoch [32/400]
batch = 0 (Δ=0.312s, 100.00%)
Training throughput: 1 batches in 0.312s; word units 100.0% of 8 words (letters-only 100.0% of 8).
Train Loss: output=0.1104, reconstruction=7.4844
Epoch [33/400]
batch = 0 (Δ=0.313s, 100.00%)
Training throughput: 1 batches in 0.313s; word units 100.0% of 8 words (letters-only 100.0% of 8).
Train Loss: output=0.0720, reconstruction=7.4781
Epoch [34/400]
batch = 0 (Δ=0.317s, 100.00%)
Training throughput: 1 batches in 0.316s; word units 100.0% of 8 words (letters-only 100.0% of 8).
Train Loss: output=0.0909, reconstruction=7.5172
Epoch [35/400]
batch = 0 (Δ=0.316s, 100.00%)
Training throughput: 1 batches in 0.315s; word units 100.0% of 8 words (letters-only 100.0% of 8).
Train Loss: output=0.1177, reconstruction=8.7811
Epoch [36/400]
batch = 0 (Δ=0.312s, 100.00%)
Training throughput: 1 batches in 0.312s; word units 100.0% of 8 words (letters-only 100.0% of 8).
Train Loss: output=0.1037, reconstruction=11.6634
Epoch [37/400]
batch = 0 (Δ=0.315s, 100.00%)
Training throughput: 1 batches in 0.314s; word units 100.0% of 8 words (letters-only 100.0% of 8).
Train Loss: output=0.1051, reconstruction=10.3799
Epoch [38/400]
batch = 0 (Δ=0.314s, 100.00%)
Training throughput: 1 batches in 0.313s; word units 100.0% of 8 words (letters-only 100.0% of 8).
Train Loss: output=0.1011, reconstruction=11.6692
Epoch [39/400]
batch = 0 (Δ=0.315s, 100.00%)
Training throughput: 1 batches in 0.315s; word units 100.0% of 8 words (letters-only 100.0% of 8).
Train Loss: output=0.0771, reconstruction=8.7937
Epoch [40/400]
batch = 0 (Δ=0.315s, 100.00%)
Training throughput: 1 batches in 0.314s; word units 100.0% of 8 words (letters-only 100.0% of 8).
Train Loss: output=0.0980, reconstruction=7.4611
Epoch [41/400]
batch = 0 (Δ=0.315s, 100.00%)
Training throughput: 1 batches in 0.315s; word units 100.0% of 8 words (letters-only 100.0% of 8).
Train Loss: output=0.1019, reconstruction=7.4664
Epoch [42/400]
batch = 0 (Δ=0.317s, 100.00%)
Training throughput: 1 batches in 0.317s; word units 100.0% of 8 words (letters-only 100.0% of 8).
Train Loss: output=0.0641, reconstruction=4.0168
Epoch [43/400]
batch = 0 (Δ=0.315s, 100.00%)
Training throughput: 1 batches in 0.315s; word units 100.0% of 8 words (letters-only 100.0% of 8).
Train Loss: output=0.0725, reconstruction=4.0188
Epoch [44/400]
batch = 0 (Δ=0.316s, 100.00%)
Training throughput: 1 batches in 0.316s; word units 100.0% of 8 words (letters-only 100.0% of 8).
Train Loss: output=0.0826, reconstruction=5.3544
Epoch [45/400]
batch = 0 (Δ=0.318s, 100.00%)
Training throughput: 1 batches in 0.317s; word units 100.0% of 8 words (letters-only 100.0% of 8).
Train Loss: output=0.1035, reconstruction=4.0609
Epoch [46/400]
batch = 0 (Δ=0.315s, 100.00%)
Training throughput: 1 batches in 0.315s; word units 100.0% of 8 words (letters-only 100.0% of 8).
Train Loss: output=0.1175, reconstruction=5.3572
Epoch [47/400]
batch = 0 (Δ=0.316s, 100.00%)
Training throughput: 1 batches in 0.316s; word units 100.0% of 8 words (letters-only 100.0% of 8).
Train Loss: output=0.0565, reconstruction=4.0165
Epoch [48/400]
batch = 0 (Δ=0.313s, 100.00%)
Training throughput: 1 batches in 0.313s; word units 100.0% of 8 words (letters-only 100.0% of 8).
Train Loss: output=0.1158, reconstruction=4.0613
Epoch [49/400]
batch = 0 (Δ=0.315s, 100.00%)
Training throughput: 1 batches in 0.314s; word units 100.0% of 8 words (letters-only 100.0% of 8).
Train Loss: output=0.0877, reconstruction=6.8939
Epoch [50/400]
batch = 0 (Δ=0.312s, 100.00%)
Training throughput: 1 batches in 0.311s; word units 100.0% of 8 words (letters-only 100.0% of 8).
Train Loss: output=0.0578, reconstruction=4.0149
Epoch [51/400]
batch = 0 (Δ=0.312s, 100.00%)
Training throughput: 1 batches in 0.311s; word units 100.0% of 8 words (letters-only 100.0% of 8).
Train Loss: output=0.1231, reconstruction=4.0587
Epoch [52/400]
batch = 0 (Δ=0.308s, 100.00%)
Training throughput: 1 batches in 0.307s; word units 100.0% of 8 words (letters-only 100.0% of 8).
Train Loss: output=0.0904, reconstruction=4.0109
Epoch [53/400]
batch = 0 (Δ=0.311s, 100.00%)
Training throughput: 1 batches in 0.310s; word units 100.0% of 8 words (letters-only 100.0% of 8).
Train Loss: output=0.0978, reconstruction=4.0011
Epoch [54/400]
batch = 0 (Δ=0.311s, 100.00%)
Training throughput: 1 batches in 0.311s; word units 100.0% of 8 words (letters-only 100.0% of 8).
Train Loss: output=0.1018, reconstruction=6.8738
Epoch [55/400]
batch = 0 (Δ=0.316s, 100.00%)
Training throughput: 1 batches in 0.315s; word units 100.0% of 8 words (letters-only 100.0% of 8).
Train Loss: output=0.1366, reconstruction=9.4239
Epoch [56/400]
batch = 0 (Δ=0.311s, 100.00%)
Training throughput: 1 batches in 0.311s; word units 100.0% of 8 words (letters-only 100.0% of 8).
Train Loss: output=0.1422, reconstruction=5.0734
Epoch [57/400]
batch = 0 (Δ=0.310s, 100.00%)
Training throughput: 1 batches in 0.310s; word units 100.0% of 8 words (letters-only 100.0% of 8).
Train Loss: output=0.0905, reconstruction=8.1890
Epoch [58/400]
batch = 0 (Δ=0.310s, 100.00%)
Training throughput: 1 batches in 0.310s; word units 100.0% of 8 words (letters-only 100.0% of 8).
Train Loss: output=0.1613, reconstruction=5.7379
Epoch [59/400]
batch = 0 (Δ=0.309s, 100.00%)
Training throughput: 1 batches in 0.308s; word units 100.0% of 8 words (letters-only 100.0% of 8).
Train Loss: output=0.1273, reconstruction=6.6740
Epoch [60/400]
batch = 0 (Δ=0.314s, 100.00%)
Training throughput: 1 batches in 0.313s; word units 100.0% of 8 words (letters-only 100.0% of 8).
Train Loss: output=0.1115, reconstruction=9.3731
Epoch [61/400]
batch = 0 (Δ=0.311s, 100.00%)
Training throughput: 1 batches in 0.311s; word units 100.0% of 8 words (letters-only 100.0% of 8).
Train Loss: output=0.1099, reconstruction=5.6955
Epoch [62/400]
batch = 0 (Δ=0.315s, 100.00%)
Training throughput: 1 batches in 0.315s; word units 100.0% of 8 words (letters-only 100.0% of 8).
Train Loss: output=0.1633, reconstruction=5.6663
Epoch [63/400]
batch = 0 (Δ=0.315s, 100.00%)
Training throughput: 1 batches in 0.314s; word units 100.0% of 8 words (letters-only 100.0% of 8).
Train Loss: output=0.0932, reconstruction=8.5526
Epoch [64/400]
batch = 0 (Δ=0.316s, 100.00%)
Training throughput: 1 batches in 0.316s; word units 100.0% of 8 words (letters-only 100.0% of 8).
Train Loss: output=0.1439, reconstruction=5.6805
Epoch [65/400]
batch = 0 (Δ=0.314s, 100.00%)
Training throughput: 1 batches in 0.314s; word units 100.0% of 8 words (letters-only 100.0% of 8).
Train Loss: output=0.1386, reconstruction=8.5632
Epoch [66/400]
batch = 0 (Δ=0.309s, 100.00%)
Training throughput: 1 batches in 0.309s; word units 100.0% of 8 words (letters-only 100.0% of 8).
Train Loss: output=0.1003, reconstruction=5.6881
Epoch [67/400]
batch = 0 (Δ=0.316s, 100.00%)
Training throughput: 1 batches in 0.315s; word units 100.0% of 8 words (letters-only 100.0% of 8).
Train Loss: output=0.1316, reconstruction=8.5686
Epoch [68/400]
batch = 0 (Δ=0.313s, 100.00%)
Training throughput: 1 batches in 0.313s; word units 100.0% of 8 words (letters-only 100.0% of 8).
Train Loss: output=0.1445, reconstruction=8.5701
Epoch [69/400]
batch = 0 (Δ=0.313s, 100.00%)
Training throughput: 1 batches in 0.312s; word units 100.0% of 8 words (letters-only 100.0% of 8).
Train Loss: output=0.1386, reconstruction=8.5710
Epoch [70/400]
batch = 0 (Δ=0.315s, 100.00%)
Training throughput: 1 batches in 0.315s; word units 100.0% of 8 words (letters-only 100.0% of 8).
Train Loss: output=0.0967, reconstruction=5.6933
Epoch [71/400]
batch = 0 (Δ=0.314s, 100.00%)
Training throughput: 1 batches in 0.313s; word units 100.0% of 8 words (letters-only 100.0% of 8).
Train Loss: output=0.0904, reconstruction=5.6937
Epoch [72/400]
batch = 0 (Δ=0.318s, 100.00%)
Training throughput: 1 batches in 0.317s; word units 100.0% of 8 words (letters-only 100.0% of 8).
Train Loss: output=0.0948, reconstruction=5.6938
Epoch [73/400]
batch = 0 (Δ=0.319s, 100.00%)
Training throughput: 1 batches in 0.319s; word units 100.0% of 8 words (letters-only 100.0% of 8).
Train Loss: output=0.1374, reconstruction=5.6937
Epoch [74/400]
batch = 0 (Δ=0.317s, 100.00%)
Training throughput: 1 batches in 0.316s; word units 100.0% of 8 words (letters-only 100.0% of 8).
Train Loss: output=0.1383, reconstruction=8.5714
Epoch [75/400]
batch = 0 (Δ=0.314s, 100.00%)
Training throughput: 1 batches in 0.314s; word units 100.0% of 8 words (letters-only 100.0% of 8).
Train Loss: output=0.0998, reconstruction=5.6925
Epoch [76/400]
batch = 0 (Δ=0.317s, 100.00%)
Training throughput: 1 batches in 0.317s; word units 100.0% of 8 words (letters-only 100.0% of 8).
Train Loss: output=0.1230, reconstruction=5.6918
Epoch [77/400]
batch = 0 (Δ=0.313s, 100.00%)
Training throughput: 1 batches in 0.313s; word units 100.0% of 8 words (letters-only 100.0% of 8).
Train Loss: output=0.1471, reconstruction=8.5691
Epoch [78/400]
batch = 0 (Δ=0.307s, 100.00%)
Training throughput: 1 batches in 0.306s; word units 100.0% of 8 words (letters-only 100.0% of 8).
Train Loss: output=0.1199, reconstruction=5.6901
Epoch [79/400]
batch = 0 (Δ=0.313s, 100.00%)
Training throughput: 1 batches in 0.313s; word units 100.0% of 8 words (letters-only 100.0% of 8).
Train Loss: output=0.1322, reconstruction=8.5675
Epoch [80/400]
batch = 0 (Δ=0.319s, 100.00%)
Training throughput: 1 batches in 0.318s; word units 100.0% of 8 words (letters-only 100.0% of 8).
Train Loss: output=0.1320, reconstruction=5.6885
Epoch [81/400]
batch = 0 (Δ=0.314s, 100.00%)
Training throughput: 1 batches in 0.313s; word units 100.0% of 8 words (letters-only 100.0% of 8).
Train Loss: output=0.1420, reconstruction=5.6878
Epoch [82/400]
batch = 0 (Δ=1.442s, 100.00%)
Training throughput: 1 batches in 1.441s; word units 100.0% of 8 words (letters-only 100.0% of 8).
Train Loss: output=0.1322, reconstruction=5.6873
Epoch [83/400]
batch = 0 (Δ=0.313s, 100.00%)
Training throughput: 1 batches in 0.312s; word units 100.0% of 8 words (letters-only 100.0% of 8).
Train Loss: output=0.1291, reconstruction=8.5652
Epoch [84/400]
batch = 0 (Δ=0.309s, 100.00%)
Training throughput: 1 batches in 0.309s; word units 100.0% of 8 words (letters-only 100.0% of 8).
Train Loss: output=0.0921, reconstruction=5.6866
Epoch [85/400]
batch = 0 (Δ=0.311s, 100.00%)
Training throughput: 1 batches in 0.311s; word units 100.0% of 8 words (letters-only 100.0% of 8).
Train Loss: output=0.0887, reconstruction=5.6861
Epoch [86/400]
batch = 0 (Δ=0.310s, 100.00%)
Training throughput: 1 batches in 0.310s; word units 100.0% of 8 words (letters-only 100.0% of 8).
Train Loss: output=0.0824, reconstruction=5.6854
Epoch [87/400]
batch = 0 (Δ=0.314s, 100.00%)
Training throughput: 1 batches in 0.313s; word units 100.0% of 8 words (letters-only 100.0% of 8).
Train Loss: output=0.0879, reconstruction=5.6848
Epoch [88/400]
batch = 0 (Δ=0.311s, 100.00%)
Training throughput: 1 batches in 0.311s; word units 100.0% of 8 words (letters-only 100.0% of 8).
Train Loss: output=0.1271, reconstruction=5.6842
Epoch [89/400]
batch = 0 (Δ=0.310s, 100.00%)
Training throughput: 1 batches in 0.310s; word units 100.0% of 8 words (letters-only 100.0% of 8).
Train Loss: output=0.1311, reconstruction=8.5618
Epoch [90/400]
batch = 0 (Δ=0.311s, 100.00%)
Training throughput: 1 batches in 0.310s; word units 100.0% of 8 words (letters-only 100.0% of 8).
Train Loss: output=0.1252, reconstruction=8.5611
Epoch [91/400]
batch = 0 (Δ=0.312s, 100.00%)
Training throughput: 1 batches in 0.311s; word units 100.0% of 8 words (letters-only 100.0% of 8).
Train Loss: output=0.1312, reconstruction=5.6826
Epoch [92/400]
batch = 0 (Δ=0.311s, 100.00%)
Training throughput: 1 batches in 0.310s; word units 100.0% of 8 words (letters-only 100.0% of 8).
Train Loss: output=0.1332, reconstruction=5.6824
Epoch [93/400]
batch = 0 (Δ=0.310s, 100.00%)
Training throughput: 1 batches in 0.309s; word units 100.0% of 8 words (letters-only 100.0% of 8).
Train Loss: output=0.1285, reconstruction=5.6823
Epoch [94/400]
batch = 0 (Δ=0.308s, 100.00%)
Training throughput: 1 batches in 0.307s; word units 100.0% of 8 words (letters-only 100.0% of 8).
Train Loss: output=0.1222, reconstruction=5.6822
Epoch [95/400]
batch = 0 (Δ=0.308s, 100.00%)
Training throughput: 1 batches in 0.308s; word units 100.0% of 8 words (letters-only 100.0% of 8).
Train Loss: output=0.1249, reconstruction=8.5607
Epoch [96/400]
batch = 0 (Δ=0.307s, 100.00%)
Training throughput: 1 batches in 0.307s; word units 100.0% of 8 words (letters-only 100.0% of 8).
Train Loss: output=0.1265, reconstruction=5.6828
Epoch [97/400]
batch = 0 (Δ=0.310s, 100.00%)
Training throughput: 1 batches in 0.310s; word units 100.0% of 8 words (letters-only 100.0% of 8).
Train Loss: output=0.1154, reconstruction=5.6830
Epoch [98/400]
batch = 0 (Δ=0.310s, 100.00%)
Training throughput: 1 batches in 0.310s; word units 100.0% of 8 words (letters-only 100.0% of 8).
Train Loss: output=0.1194, reconstruction=5.6834
Epoch [99/400]
batch = 0 (Δ=0.309s, 100.00%)
Training throughput: 1 batches in 0.309s; word units 100.0% of 8 words (letters-only 100.0% of 8).
Train Loss: output=0.1116, reconstruction=5.6836
Epoch [100/400]
batch = 0 (Δ=0.310s, 100.00%)
Training throughput: 1 batches in 0.309s; word units 100.0% of 8 words (letters-only 100.0% of 8).
Train Loss: output=0.0787, reconstruction=5.6836
Epoch [101/400]
batch = 0 (Δ=0.310s, 100.00%)
Training throughput: 1 batches in 0.310s; word units 100.0% of 8 words (letters-only 100.0% of 8).
Train Loss: output=0.1113, reconstruction=5.6831
Epoch [102/400]
batch = 0 (Δ=0.310s, 100.00%)
Training throughput: 1 batches in 0.309s; word units 100.0% of 8 words (letters-only 100.0% of 8).
Train Loss: output=0.1135, reconstruction=5.6821
Epoch [103/400]
batch = 0 (Δ=0.310s, 100.00%)
Training throughput: 1 batches in 0.310s; word units 100.0% of 8 words (letters-only 100.0% of 8).
Train Loss: output=0.0728, reconstruction=5.6812
Epoch [104/400]
batch = 0 (Δ=0.313s, 100.00%)
Training throughput: 1 batches in 0.313s; word units 100.0% of 8 words (letters-only 100.0% of 8).
Train Loss: output=0.1135, reconstruction=5.6801
Epoch [105/400]
batch = 0 (Δ=0.313s, 100.00%)
Training throughput: 1 batches in 0.312s; word units 100.0% of 8 words (letters-only 100.0% of 8).
Train Loss: output=0.1336, reconstruction=8.5572
Epoch [106/400]
batch = 0 (Δ=0.313s, 100.00%)
Training throughput: 1 batches in 0.312s; word units 100.0% of 8 words (letters-only 100.0% of 8).
Train Loss: output=0.1222, reconstruction=5.6780
Epoch [107/400]
batch = 0 (Δ=0.312s, 100.00%)
Training throughput: 1 batches in 0.311s; word units 100.0% of 8 words (letters-only 100.0% of 8).
Train Loss: output=0.1460, reconstruction=8.5551
Epoch [108/400]
batch = 0 (Δ=0.314s, 100.00%)
Training throughput: 1 batches in 0.314s; word units 100.0% of 8 words (letters-only 100.0% of 8).
Train Loss: output=0.1087, reconstruction=5.6755
Epoch [109/400]
batch = 0 (Δ=0.313s, 100.00%)
Training throughput: 1 batches in 0.313s; word units 100.0% of 8 words (letters-only 100.0% of 8).
Train Loss: output=0.1357, reconstruction=8.5528
Epoch [110/400]
batch = 0 (Δ=0.310s, 100.00%)
Training throughput: 1 batches in 0.309s; word units 100.0% of 8 words (letters-only 100.0% of 8).
Train Loss: output=0.1114, reconstruction=8.5519
Epoch [111/400]
batch = 0 (Δ=0.312s, 100.00%)
Training throughput: 1 batches in 0.311s; word units 100.0% of 8 words (letters-only 100.0% of 8).
Train Loss: output=0.0796, reconstruction=5.6724
Epoch [112/400]
batch = 0 (Δ=0.311s, 100.00%)
Training throughput: 1 batches in 0.310s; word units 100.0% of 8 words (letters-only 100.0% of 8).
Train Loss: output=0.1144, reconstruction=8.5490
Epoch [113/400]
batch = 0 (Δ=0.313s, 100.00%)
Training throughput: 1 batches in 0.312s; word units 100.0% of 8 words (letters-only 100.0% of 8).
Train Loss: output=0.1031, reconstruction=5.6689
Epoch [114/400]
batch = 0 (Δ=0.312s, 100.00%)
Training throughput: 1 batches in 0.311s; word units 100.0% of 8 words (letters-only 100.0% of 8).
Train Loss: output=0.0996, reconstruction=8.5448
Epoch [115/400]
batch = 0 (Δ=0.315s, 100.00%)
Training throughput: 1 batches in 0.315s; word units 100.0% of 8 words (letters-only 100.0% of 8).
Train Loss: output=0.1277, reconstruction=5.6639
Epoch [116/400]
batch = 0 (Δ=0.313s, 100.00%)
Training throughput: 1 batches in 0.313s; word units 100.0% of 8 words (letters-only 100.0% of 8).
Train Loss: output=0.1129, reconstruction=5.6613
Epoch [117/400]
batch = 0 (Δ=0.309s, 100.00%)
Training throughput: 1 batches in 0.308s; word units 100.0% of 8 words (letters-only 100.0% of 8).
Train Loss: output=0.1089, reconstruction=8.5369
Epoch [118/400]
batch = 0 (Δ=0.311s, 100.00%)
Training throughput: 1 batches in 0.310s; word units 100.0% of 8 words (letters-only 100.0% of 8).
Train Loss: output=0.1079, reconstruction=5.6559
Epoch [119/400]
batch = 0 (Δ=0.309s, 100.00%)
Training throughput: 1 batches in 0.309s; word units 100.0% of 8 words (letters-only 100.0% of 8).
Train Loss: output=0.0862, reconstruction=5.6532
Epoch [120/400]
batch = 0 (Δ=0.314s, 100.00%)
Training throughput: 1 batches in 0.313s; word units 100.0% of 8 words (letters-only 100.0% of 8).
Train Loss: output=0.0935, reconstruction=8.5289
Epoch [121/400]
batch = 0 (Δ=0.314s, 100.00%)
Training throughput: 1 batches in 0.314s; word units 100.0% of 8 words (letters-only 100.0% of 8).
Train Loss: output=0.0970, reconstruction=5.6479
Epoch [122/400]
batch = 0 (Δ=0.313s, 100.00%)
Training throughput: 1 batches in 0.313s; word units 100.0% of 8 words (letters-only 100.0% of 8).
Train Loss: output=0.1353, reconstruction=8.5234
Epoch [123/400]
batch = 0 (Δ=0.316s, 100.00%)
Training throughput: 1 batches in 0.316s; word units 100.0% of 8 words (letters-only 100.0% of 8).
Train Loss: output=0.1453, reconstruction=8.5207
Epoch [124/400]
batch = 0 (Δ=0.313s, 100.00%)
Training throughput: 1 batches in 0.312s; word units 100.0% of 8 words (letters-only 100.0% of 8).
Train Loss: output=0.1318, reconstruction=8.5179
Epoch [125/400]
batch = 0 (Δ=0.316s, 100.00%)
Training throughput: 1 batches in 0.315s; word units 100.0% of 8 words (letters-only 100.0% of 8).
Train Loss: output=0.1357, reconstruction=8.5153
Epoch [126/400]
batch = 0 (Δ=0.312s, 100.00%)
Training throughput: 1 batches in 0.311s; word units 100.0% of 8 words (letters-only 100.0% of 8).
Train Loss: output=0.1187, reconstruction=5.6345
Epoch [127/400]
batch = 0 (Δ=0.312s, 100.00%)
Training throughput: 1 batches in 0.311s; word units 100.0% of 8 words (letters-only 100.0% of 8).
Train Loss: output=0.0697, reconstruction=5.6320
Epoch [128/400]
batch = 0 (Δ=0.313s, 100.00%)
Training throughput: 1 batches in 0.312s; word units 100.0% of 8 words (letters-only 100.0% of 8).
Train Loss: output=0.1245, reconstruction=8.5079
Epoch [129/400]
batch = 0 (Δ=0.310s, 100.00%)
Training throughput: 1 batches in 0.309s; word units 100.0% of 8 words (letters-only 100.0% of 8).
Train Loss: output=0.1256, reconstruction=5.6276
Epoch [130/400]
batch = 0 (Δ=0.315s, 100.00%)
Training throughput: 1 batches in 0.314s; word units 100.0% of 8 words (letters-only 100.0% of 8).
Train Loss: output=0.0694, reconstruction=5.6265
Epoch [131/400]
batch = 0 (Δ=0.313s, 100.00%)
Training throughput: 1 batches in 0.312s; word units 100.0% of 8 words (letters-only 100.0% of 8).
Train Loss: output=0.1604, reconstruction=8.5042
Epoch [132/400]
batch = 0 (Δ=0.313s, 100.00%)
Training throughput: 1 batches in 0.313s; word units 100.0% of 8 words (letters-only 100.0% of 8).
Train Loss: output=0.1186, reconstruction=5.6252
Epoch [133/400]
batch = 0 (Δ=0.314s, 100.00%)
Training throughput: 1 batches in 0.313s; word units 100.0% of 8 words (letters-only 100.0% of 8).
Train Loss: output=0.1081, reconstruction=5.6243
Epoch [134/400]
batch = 0 (Δ=0.313s, 100.00%)
Training throughput: 1 batches in 0.312s; word units 100.0% of 8 words (letters-only 100.0% of 8).
Train Loss: output=0.0828, reconstruction=5.6237
Epoch [135/400]
batch = 0 (Δ=0.311s, 100.00%)
Training throughput: 1 batches in 0.310s; word units 100.0% of 8 words (letters-only 100.0% of 8).
Train Loss: output=0.1335, reconstruction=5.6230
Epoch [136/400]
batch = 0 (Δ=0.314s, 100.00%)
Training throughput: 1 batches in 0.313s; word units 100.0% of 8 words (letters-only 100.0% of 8).
Train Loss: output=0.1326, reconstruction=5.6226
Epoch [137/400]
batch = 0 (Δ=0.312s, 100.00%)
Training throughput: 1 batches in 0.311s; word units 100.0% of 8 words (letters-only 100.0% of 8).
Train Loss: output=0.1099, reconstruction=5.6224
Epoch [138/400]
batch = 0 (Δ=0.310s, 100.00%)
Training throughput: 1 batches in 0.309s; word units 100.0% of 8 words (letters-only 100.0% of 8).
Train Loss: output=0.1580, reconstruction=8.5000
Epoch [139/400]
batch = 0 (Δ=0.313s, 100.00%)
Training throughput: 1 batches in 0.312s; word units 100.0% of 8 words (letters-only 100.0% of 8).
Train Loss: output=0.1166, reconstruction=5.6209
Epoch [140/400]
batch = 0 (Δ=0.312s, 100.00%)
Training throughput: 1 batches in 0.311s; word units 100.0% of 8 words (letters-only 100.0% of 8).
Train Loss: output=0.1036, reconstruction=5.6199
Epoch [141/400]
batch = 0 (Δ=0.312s, 100.00%)
Training throughput: 1 batches in 0.311s; word units 100.0% of 8 words (letters-only 100.0% of 8).
Train Loss: output=0.1149, reconstruction=5.6189
Epoch [142/400]
batch = 0 (Δ=0.312s, 100.00%)
Training throughput: 1 batches in 0.312s; word units 100.0% of 8 words (letters-only 100.0% of 8).
Train Loss: output=0.1152, reconstruction=5.6177
Epoch [143/400]
batch = 0 (Δ=0.314s, 100.00%)
Training throughput: 1 batches in 0.314s; word units 100.0% of 8 words (letters-only 100.0% of 8).
Train Loss: output=0.1027, reconstruction=8.4949
Epoch [144/400]
batch = 0 (Δ=0.314s, 100.00%)
Training throughput: 1 batches in 0.313s; word units 100.0% of 8 words (letters-only 100.0% of 8).
Train Loss: output=0.1260, reconstruction=5.6162
Epoch [145/400]
batch = 0 (Δ=0.311s, 100.00%)
Training throughput: 1 batches in 0.310s; word units 100.0% of 8 words (letters-only 100.0% of 8).
Train Loss: output=0.1090, reconstruction=5.6160
Epoch [146/400]
batch = 0 (Δ=0.315s, 100.00%)
Training throughput: 1 batches in 0.315s; word units 100.0% of 8 words (letters-only 100.0% of 8).
Train Loss: output=0.1190, reconstruction=5.6164
Epoch [147/400]
batch = 0 (Δ=0.312s, 100.00%)
Training throughput: 1 batches in 0.312s; word units 100.0% of 8 words (letters-only 100.0% of 8).
Train Loss: output=0.0755, reconstruction=5.6163
Epoch [148/400]
batch = 0 (Δ=0.314s, 100.00%)
Training throughput: 1 batches in 0.314s; word units 100.0% of 8 words (letters-only 100.0% of 8).
Train Loss: output=0.1158, reconstruction=5.6148
Epoch [149/400]
batch = 0 (Δ=0.314s, 100.00%)
Training throughput: 1 batches in 0.313s; word units 100.0% of 8 words (letters-only 100.0% of 8).
Train Loss: output=0.0758, reconstruction=5.6121
Epoch [150/400]
batch = 0 (Δ=0.309s, 100.00%)
Training throughput: 1 batches in 0.309s; word units 100.0% of 8 words (letters-only 100.0% of 8).
Train Loss: output=0.1135, reconstruction=5.6092
Epoch [151/400]
batch = 0 (Δ=0.315s, 100.00%)
Training throughput: 1 batches in 0.315s; word units 100.0% of 8 words (letters-only 100.0% of 8).
Train Loss: output=0.0982, reconstruction=5.6061
Epoch [152/400]
batch = 0 (Δ=0.315s, 100.00%)
Training throughput: 1 batches in 0.314s; word units 100.0% of 8 words (letters-only 100.0% of 8).
Train Loss: output=0.1147, reconstruction=5.6035
Epoch [153/400]
batch = 0 (Δ=0.310s, 100.00%)
Training throughput: 1 batches in 0.309s; word units 100.0% of 8 words (letters-only 100.0% of 8).
Train Loss: output=0.1060, reconstruction=5.6013
Epoch [154/400]
batch = 0 (Δ=0.311s, 100.00%)
Training throughput: 1 batches in 0.311s; word units 100.0% of 8 words (letters-only 100.0% of 8).
Train Loss: output=0.1166, reconstruction=5.5990
Epoch [155/400]
batch = 0 (Δ=0.308s, 100.00%)
Training throughput: 1 batches in 0.307s; word units 100.0% of 8 words (letters-only 100.0% of 8).
Train Loss: output=0.1004, reconstruction=8.4748
Epoch [156/400]
batch = 0 (Δ=0.317s, 100.00%)
Training throughput: 1 batches in 0.317s; word units 100.0% of 8 words (letters-only 100.0% of 8).
Train Loss: output=0.1426, reconstruction=8.4717
Epoch [157/400]
batch = 0 (Δ=0.313s, 100.00%)
Training throughput: 1 batches in 0.313s; word units 100.0% of 8 words (letters-only 100.0% of 8).
Train Loss: output=0.0680, reconstruction=5.5906
Epoch [158/400]
batch = 0 (Δ=0.313s, 100.00%)
Training throughput: 1 batches in 0.312s; word units 100.0% of 8 words (letters-only 100.0% of 8).
Train Loss: output=0.1679, reconstruction=8.4660
Epoch [159/400]
batch = 0 (Δ=0.310s, 100.00%)
Training throughput: 1 batches in 0.310s; word units 100.0% of 8 words (letters-only 100.0% of 8).
Train Loss: output=0.1219, reconstruction=5.5842
Epoch [160/400]
batch = 0 (Δ=0.314s, 100.00%)
Training throughput: 1 batches in 0.313s; word units 100.0% of 8 words (letters-only 100.0% of 8).
Train Loss: output=0.1475, reconstruction=5.4636
Epoch [161/400]
batch = 0 (Δ=0.311s, 100.00%)
Training throughput: 1 batches in 0.310s; word units 100.0% of 8 words (letters-only 100.0% of 8).
Train Loss: output=0.1380, reconstruction=3.8278
Epoch [162/400]
batch = 0 (Δ=0.313s, 100.00%)
Training throughput: 1 batches in 0.313s; word units 100.0% of 8 words (letters-only 100.0% of 8).
Train Loss: output=0.0942, reconstruction=7.2761
Epoch [163/400]
batch = 0 (Δ=0.317s, 100.00%)
Training throughput: 1 batches in 0.316s; word units 100.0% of 8 words (letters-only 100.0% of 8).
Train Loss: output=0.1369, reconstruction=3.8192
Epoch [164/400]
batch = 0 (Δ=0.313s, 100.00%)
Training throughput: 1 batches in 0.313s; word units 100.0% of 8 words (letters-only 100.0% of 8).
Train Loss: output=0.1226, reconstruction=7.2716
Epoch [165/400]
batch = 0 (Δ=0.317s, 100.00%)
Training throughput: 1 batches in 0.317s; word units 100.0% of 8 words (letters-only 100.0% of 8).
Train Loss: output=0.1294, reconstruction=6.4876
Epoch [166/400]
batch = 0 (Δ=0.315s, 100.00%)
Training throughput: 1 batches in 0.314s; word units 100.0% of 8 words (letters-only 100.0% of 8).
Train Loss: output=0.1190, reconstruction=9.0121
Epoch [167/400]
batch = 0 (Δ=0.317s, 100.00%)
Training throughput: 1 batches in 0.317s; word units 100.0% of 8 words (letters-only 100.0% of 8).
Train Loss: output=0.1352, reconstruction=9.0285
Epoch [168/400]
batch = 0 (Δ=0.314s, 100.00%)
Training throughput: 1 batches in 0.313s; word units 100.0% of 8 words (letters-only 100.0% of 8).
Train Loss: output=0.1431, reconstruction=2.7119
Epoch [169/400]
batch = 0 (Δ=0.313s, 100.00%)
Training throughput: 1 batches in 0.313s; word units 100.0% of 8 words (letters-only 100.0% of 8).
Train Loss: output=0.1696, reconstruction=2.7249
Epoch [170/400]
batch = 0 (Δ=0.317s, 100.00%)
Training throughput: 1 batches in 0.316s; word units 100.0% of 8 words (letters-only 100.0% of 8).
Train Loss: output=0.1063, reconstruction=6.1886
Epoch [171/400]
batch = 0 (Δ=0.334s, 100.00%)
Training throughput: 1 batches in 0.333s; word units 100.0% of 8 words (letters-only 100.0% of 8).
Train Loss: output=0.1508, reconstruction=6.1956
Epoch [172/400]
batch = 0 (Δ=0.317s, 100.00%)
Training throughput: 1 batches in 0.316s; word units 100.0% of 8 words (letters-only 100.0% of 8).
Train Loss: output=0.1508, reconstruction=6.2005
Epoch [173/400]
batch = 0 (Δ=0.313s, 100.00%)
Training throughput: 1 batches in 0.312s; word units 100.0% of 8 words (letters-only 100.0% of 8).
Train Loss: output=0.1511, reconstruction=9.0818
Epoch [174/400]
batch = 0 (Δ=0.314s, 100.00%)
Training throughput: 1 batches in 0.314s; word units 100.0% of 8 words (letters-only 100.0% of 8).
Train Loss: output=0.1539, reconstruction=6.2055
Epoch [175/400]
batch = 0 (Δ=0.308s, 100.00%)
Training throughput: 1 batches in 0.308s; word units 100.0% of 8 words (letters-only 100.0% of 8).
Train Loss: output=0.1214, reconstruction=6.2068
Epoch [176/400]
batch = 0 (Δ=0.312s, 100.00%)
Training throughput: 1 batches in 0.311s; word units 100.0% of 8 words (letters-only 100.0% of 8).
Train Loss: output=0.1467, reconstruction=9.0859
Epoch [177/400]
batch = 0 (Δ=0.315s, 100.00%)
Training throughput: 1 batches in 0.314s; word units 100.0% of 8 words (letters-only 100.0% of 8).
Train Loss: output=0.2172, reconstruction=9.0863
Epoch [178/400]
batch = 0 (Δ=0.314s, 100.00%)
Training throughput: 1 batches in 0.314s; word units 100.0% of 8 words (letters-only 100.0% of 8).
Train Loss: output=0.1489, reconstruction=9.0866
Epoch [179/400]
batch = 0 (Δ=0.316s, 100.00%)
Training throughput: 1 batches in 0.315s; word units 100.0% of 8 words (letters-only 100.0% of 8).
Train Loss: output=0.1645, reconstruction=9.0866
Epoch [180/400]
batch = 0 (Δ=0.315s, 100.00%)
Training throughput: 1 batches in 0.315s; word units 100.0% of 8 words (letters-only 100.0% of 8).
Train Loss: output=0.1061, reconstruction=9.0858
Epoch [181/400]
batch = 0 (Δ=0.314s, 100.00%)
Training throughput: 1 batches in 0.313s; word units 100.0% of 8 words (letters-only 100.0% of 8).
Train Loss: output=0.2273, reconstruction=9.0842
Epoch [182/400]
batch = 0 (Δ=0.313s, 100.00%)
Training throughput: 1 batches in 0.313s; word units 100.0% of 8 words (letters-only 100.0% of 8).
Train Loss: output=0.1342, reconstruction=9.0827
Epoch [183/400]
batch = 0 (Δ=0.312s, 100.00%)
Training throughput: 1 batches in 0.312s; word units 100.0% of 8 words (letters-only 100.0% of 8).
Train Loss: output=0.1433, reconstruction=9.0817
Epoch [184/400]
batch = 0 (Δ=0.314s, 100.00%)
Training throughput: 1 batches in 0.314s; word units 100.0% of 8 words (letters-only 100.0% of 8).
Train Loss: output=0.1428, reconstruction=9.0801
Epoch [185/400]
batch = 0 (Δ=0.311s, 100.00%)
Training throughput: 1 batches in 0.310s; word units 100.0% of 8 words (letters-only 100.0% of 8).
Train Loss: output=0.1819, reconstruction=9.0779
Epoch [186/400]
batch = 0 (Δ=0.313s, 100.00%)
Training throughput: 1 batches in 0.312s; word units 100.0% of 8 words (letters-only 100.0% of 8).
Train Loss: output=0.1253, reconstruction=9.0755
Epoch [187/400]
batch = 0 (Δ=0.315s, 100.00%)
Training throughput: 1 batches in 0.315s; word units 100.0% of 8 words (letters-only 100.0% of 8).
Train Loss: output=0.1289, reconstruction=9.0727
Epoch [188/400]
batch = 0 (Δ=0.314s, 100.00%)
Training throughput: 1 batches in 0.313s; word units 100.0% of 8 words (letters-only 100.0% of 8).
Train Loss: output=0.0980, reconstruction=9.0694
Epoch [189/400]
batch = 0 (Δ=0.315s, 100.00%)
Training throughput: 1 batches in 0.314s; word units 100.0% of 8 words (letters-only 100.0% of 8).
Train Loss: output=0.1196, reconstruction=9.0653
Epoch [190/400]
batch = 0 (Δ=0.324s, 100.00%)
Training throughput: 1 batches in 0.323s; word units 100.0% of 8 words (letters-only 100.0% of 8).
Train Loss: output=0.1190, reconstruction=9.0609
Epoch [191/400]
batch = 0 (Δ=0.318s, 100.00%)
Training throughput: 1 batches in 0.318s; word units 100.0% of 8 words (letters-only 100.0% of 8).
Train Loss: output=0.1778, reconstruction=9.0567
Epoch [192/400]
batch = 0 (Δ=0.321s, 100.00%)
Training throughput: 1 batches in 0.320s; word units 100.0% of 8 words (letters-only 100.0% of 8).
Train Loss: output=0.1409, reconstruction=9.0534
Epoch [193/400]
batch = 0 (Δ=0.323s, 100.00%)
Training throughput: 1 batches in 0.323s; word units 100.0% of 8 words (letters-only 100.0% of 8).
Train Loss: output=0.1744, reconstruction=7.5633
Epoch [194/400]
batch = 0 (Δ=0.321s, 100.00%)
Training throughput: 1 batches in 0.320s; word units 100.0% of 8 words (letters-only 100.0% of 8).
Train Loss: output=0.1842, reconstruction=7.5589
Epoch [195/400]
batch = 0 (Δ=0.311s, 100.00%)
Training throughput: 1 batches in 0.311s; word units 100.0% of 8 words (letters-only 100.0% of 8).
Train Loss: output=0.0915, reconstruction=9.0491
Epoch [196/400]
batch = 0 (Δ=1.143s, 100.00%)
Training throughput: 1 batches in 1.143s; word units 100.0% of 8 words (letters-only 100.0% of 8).
Train Loss: output=0.1155, reconstruction=9.0487
Epoch [197/400]
batch = 0 (Δ=0.317s, 100.00%)
Training throughput: 1 batches in 0.316s; word units 100.0% of 8 words (letters-only 100.0% of 8).
Train Loss: output=0.1968, reconstruction=7.5483
Epoch [198/400]
batch = 0 (Δ=0.315s, 100.00%)
Training throughput: 1 batches in 0.315s; word units 100.0% of 8 words (letters-only 100.0% of 8).
Train Loss: output=0.1751, reconstruction=9.0472
Epoch [199/400]
batch = 0 (Δ=0.311s, 100.00%)
Training throughput: 1 batches in 0.310s; word units 100.0% of 8 words (letters-only 100.0% of 8).
Train Loss: output=0.1577, reconstruction=7.5448
Epoch [200/400]
batch = 0 (Δ=0.312s, 100.00%)
Training throughput: 1 batches in 0.311s; word units 100.0% of 8 words (letters-only 100.0% of 8).
Train Loss: output=0.1707, reconstruction=9.0480
Epoch [201/400]
batch = 0 (Δ=0.312s, 100.00%)
Training throughput: 1 batches in 0.311s; word units 100.0% of 8 words (letters-only 100.0% of 8).
Train Loss: output=0.1556, reconstruction=7.5417
Epoch [202/400]
batch = 0 (Δ=0.312s, 100.00%)
Training throughput: 1 batches in 0.312s; word units 100.0% of 8 words (letters-only 100.0% of 8).
Train Loss: output=0.1253, reconstruction=7.5400
Epoch [203/400]
batch = 0 (Δ=0.313s, 100.00%)
Training throughput: 1 batches in 0.312s; word units 100.0% of 8 words (letters-only 100.0% of 8).
Train Loss: output=0.1596, reconstruction=7.5378
Epoch [204/400]
batch = 0 (Δ=0.317s, 100.00%)
Training throughput: 1 batches in 0.317s; word units 100.0% of 8 words (letters-only 100.0% of 8).
Train Loss: output=0.2148, reconstruction=9.0480
Epoch [205/400]
batch = 0 (Δ=0.314s, 100.00%)
Training throughput: 1 batches in 0.313s; word units 100.0% of 8 words (letters-only 100.0% of 8).
Train Loss: output=0.1821, reconstruction=9.0484
Epoch [206/400]
batch = 0 (Δ=0.312s, 100.00%)
Training throughput: 1 batches in 0.312s; word units 100.0% of 8 words (letters-only 100.0% of 8).
Train Loss: output=0.1079, reconstruction=7.5324
Epoch [207/400]
batch = 0 (Δ=0.311s, 100.00%)
Training throughput: 1 batches in 0.311s; word units 100.0% of 8 words (letters-only 100.0% of 8).
Train Loss: output=0.1445, reconstruction=9.0497
Epoch [208/400]
batch = 0 (Δ=0.312s, 100.00%)
Training throughput: 1 batches in 0.311s; word units 100.0% of 8 words (letters-only 100.0% of 8).
Train Loss: output=0.2185, reconstruction=7.5312
Epoch [209/400]
batch = 0 (Δ=0.313s, 100.00%)
Training throughput: 1 batches in 0.313s; word units 100.0% of 8 words (letters-only 100.0% of 8).
Train Loss: output=0.1434, reconstruction=7.5304
Epoch [210/400]
batch = 0 (Δ=0.311s, 100.00%)
Training throughput: 1 batches in 0.311s; word units 100.0% of 8 words (letters-only 100.0% of 8).
Train Loss: output=0.2342, reconstruction=7.5286
Epoch [211/400]
batch = 0 (Δ=0.312s, 100.00%)
Training throughput: 1 batches in 0.311s; word units 100.0% of 8 words (letters-only 100.0% of 8).
Train Loss: output=0.0703, reconstruction=7.5271
Epoch [212/400]
batch = 0 (Δ=0.309s, 100.00%)
Training throughput: 1 batches in 0.309s; word units 100.0% of 8 words (letters-only 100.0% of 8).
Train Loss: output=0.1586, reconstruction=9.0512
Epoch [213/400]
batch = 0 (Δ=0.310s, 100.00%)
Training throughput: 1 batches in 0.310s; word units 100.0% of 8 words (letters-only 100.0% of 8).
Train Loss: output=0.1917, reconstruction=9.0514
Epoch [214/400]
batch = 0 (Δ=0.311s, 100.00%)
Training throughput: 1 batches in 0.311s; word units 100.0% of 8 words (letters-only 100.0% of 8).
Train Loss: output=0.1971, reconstruction=9.0506
Epoch [215/400]
batch = 0 (Δ=0.311s, 100.00%)
Training throughput: 1 batches in 0.310s; word units 100.0% of 8 words (letters-only 100.0% of 8).
Train Loss: output=0.0912, reconstruction=9.0498
Epoch [216/400]
batch = 0 (Δ=0.316s, 100.00%)
Training throughput: 1 batches in 0.315s; word units 100.0% of 8 words (letters-only 100.0% of 8).
Train Loss: output=0.1610, reconstruction=7.5216
Epoch [217/400]
batch = 0 (Δ=0.313s, 100.00%)
Training throughput: 1 batches in 0.313s; word units 100.0% of 8 words (letters-only 100.0% of 8).
Train Loss: output=0.1532, reconstruction=7.5210
Epoch [218/400]
batch = 0 (Δ=0.311s, 100.00%)
Training throughput: 1 batches in 0.311s; word units 100.0% of 8 words (letters-only 100.0% of 8).
Train Loss: output=0.1660, reconstruction=7.5199
Epoch [219/400]
batch = 0 (Δ=0.313s, 100.00%)
Training throughput: 1 batches in 0.313s; word units 100.0% of 8 words (letters-only 100.0% of 8).
Train Loss: output=0.1311, reconstruction=7.5189
Epoch [220/400]
batch = 0 (Δ=0.313s, 100.00%)
Training throughput: 1 batches in 0.312s; word units 100.0% of 8 words (letters-only 100.0% of 8).
Train Loss: output=0.1251, reconstruction=7.5181
Epoch [221/400]
batch = 0 (Δ=0.313s, 100.00%)
Training throughput: 1 batches in 0.312s; word units 100.0% of 8 words (letters-only 100.0% of 8).
Train Loss: output=0.1565, reconstruction=7.5175
Epoch [222/400]
batch = 0 (Δ=0.313s, 100.00%)
Training throughput: 1 batches in 0.312s; word units 100.0% of 8 words (letters-only 100.0% of 8).
Train Loss: output=0.1174, reconstruction=9.0522
Epoch [223/400]
batch = 0 (Δ=0.313s, 100.00%)
Training throughput: 1 batches in 0.312s; word units 100.0% of 8 words (letters-only 100.0% of 8).
Train Loss: output=0.1255, reconstruction=7.5172
Epoch [224/400]
batch = 0 (Δ=0.314s, 100.00%)
Training throughput: 1 batches in 0.314s; word units 100.0% of 8 words (letters-only 100.0% of 8).
Train Loss: output=0.1079, reconstruction=7.5162
Epoch [225/400]
batch = 0 (Δ=0.317s, 100.00%)
Training throughput: 1 batches in 0.316s; word units 100.0% of 8 words (letters-only 100.0% of 8).
Train Loss: output=0.1638, reconstruction=6.0875
Epoch [226/400]
batch = 0 (Δ=0.314s, 100.00%)
Training throughput: 1 batches in 0.314s; word units 100.0% of 8 words (letters-only 100.0% of 8).
Train Loss: output=0.1202, reconstruction=7.3842
Epoch [227/400]
batch = 0 (Δ=0.314s, 100.00%)
Training throughput: 1 batches in 0.314s; word units 100.0% of 8 words (letters-only 100.0% of 8).
Train Loss: output=0.2125, reconstruction=7.4149
Epoch [228/400]
batch = 0 (Δ=0.313s, 100.00%)
Training throughput: 1 batches in 0.312s; word units 100.0% of 8 words (letters-only 100.0% of 8).
Train Loss: output=0.1581, reconstruction=7.4338
Epoch [229/400]
batch = 0 (Δ=0.313s, 100.00%)
Training throughput: 1 batches in 0.313s; word units 100.0% of 8 words (letters-only 100.0% of 8).
Train Loss: output=0.2514, reconstruction=7.4441
Epoch [230/400]
batch = 0 (Δ=0.313s, 100.00%)
Training throughput: 1 batches in 0.312s; word units 100.0% of 8 words (letters-only 100.0% of 8).
Train Loss: output=0.1637, reconstruction=7.4490
Epoch [231/400]
batch = 0 (Δ=0.312s, 100.00%)
Training throughput: 1 batches in 0.311s; word units 100.0% of 8 words (letters-only 100.0% of 8).
Train Loss: output=0.1755, reconstruction=7.4509
Epoch [232/400]
batch = 0 (Δ=0.310s, 100.00%)
Training throughput: 1 batches in 0.309s; word units 100.0% of 8 words (letters-only 100.0% of 8).
Train Loss: output=0.1953, reconstruction=7.4500
Epoch [233/400]
batch = 0 (Δ=0.317s, 100.00%)
Training throughput: 1 batches in 0.316s; word units 100.0% of 8 words (letters-only 100.0% of 8).
Train Loss: output=0.2080, reconstruction=7.4470
Epoch [234/400]
batch = 0 (Δ=0.312s, 100.00%)
Training throughput: 1 batches in 0.311s; word units 100.0% of 8 words (letters-only 100.0% of 8).
Train Loss: output=0.1894, reconstruction=7.4437
Epoch [235/400]
batch = 0 (Δ=0.312s, 100.00%)
Training throughput: 1 batches in 0.312s; word units 100.0% of 8 words (letters-only 100.0% of 8).
Train Loss: output=0.1526, reconstruction=7.4408
Epoch [236/400]
batch = 0 (Δ=0.314s, 100.00%)
Training throughput: 1 batches in 0.314s; word units 100.0% of 8 words (letters-only 100.0% of 8).
Train Loss: output=0.2673, reconstruction=7.4380
Epoch [237/400]
batch = 0 (Δ=0.314s, 100.00%)
Training throughput: 1 batches in 0.313s; word units 100.0% of 8 words (letters-only 100.0% of 8).
Train Loss: output=0.1595, reconstruction=7.4359
Epoch [238/400]
batch = 0 (Δ=0.315s, 100.00%)
Training throughput: 1 batches in 0.314s; word units 100.0% of 8 words (letters-only 100.0% of 8).
Train Loss: output=0.1685, reconstruction=7.4345
Epoch [239/400]
batch = 0 (Δ=0.314s, 100.00%)
Training throughput: 1 batches in 0.314s; word units 100.0% of 8 words (letters-only 100.0% of 8).
Train Loss: output=0.1432, reconstruction=7.4329
Epoch [240/400]
batch = 0 (Δ=0.312s, 100.00%)
Training throughput: 1 batches in 0.311s; word units 100.0% of 8 words (letters-only 100.0% of 8).
Train Loss: output=0.1655, reconstruction=7.4313
Epoch [241/400]
batch = 0 (Δ=0.311s, 100.00%)
Training throughput: 1 batches in 0.310s; word units 100.0% of 8 words (letters-only 100.0% of 8).
Train Loss: output=0.2007, reconstruction=7.4288
Epoch [242/400]
batch = 0 (Δ=0.312s, 100.00%)
Training throughput: 1 batches in 0.311s; word units 100.0% of 8 words (letters-only 100.0% of 8).
Train Loss: output=0.1664, reconstruction=7.4260
Epoch [243/400]
batch = 0 (Δ=0.313s, 100.00%)
Training throughput: 1 batches in 0.312s; word units 100.0% of 8 words (letters-only 100.0% of 8).
Train Loss: output=0.2544, reconstruction=7.4234
Epoch [244/400]
batch = 0 (Δ=0.309s, 100.00%)
Training throughput: 1 batches in 0.308s; word units 100.0% of 8 words (letters-only 100.0% of 8).
Train Loss: output=0.1202, reconstruction=7.4212
Epoch [245/400]
batch = 0 (Δ=0.315s, 100.00%)
Training throughput: 1 batches in 0.314s; word units 100.0% of 8 words (letters-only 100.0% of 8).
Train Loss: output=0.2213, reconstruction=7.4188
Epoch [246/400]
batch = 0 (Δ=0.313s, 100.00%)
Training throughput: 1 batches in 0.312s; word units 100.0% of 8 words (letters-only 100.0% of 8).
Train Loss: output=0.1938, reconstruction=7.4153
Epoch [247/400]
batch = 0 (Δ=0.314s, 100.00%)
Training throughput: 1 batches in 0.314s; word units 100.0% of 8 words (letters-only 100.0% of 8).
Train Loss: output=0.2371, reconstruction=7.4125
Epoch [248/400]
batch = 0 (Δ=0.314s, 100.00%)
Training throughput: 1 batches in 0.313s; word units 100.0% of 8 words (letters-only 100.0% of 8).
Train Loss: output=0.1821, reconstruction=7.4113
Epoch [249/400]
batch = 0 (Δ=0.313s, 100.00%)
Training throughput: 1 batches in 0.313s; word units 100.0% of 8 words (letters-only 100.0% of 8).
Train Loss: output=0.1813, reconstruction=7.4100
Epoch [250/400]
batch = 0 (Δ=0.313s, 100.00%)
Training throughput: 1 batches in 0.313s; word units 100.0% of 8 words (letters-only 100.0% of 8).
Train Loss: output=0.2335, reconstruction=7.4092
Epoch [251/400]
batch = 0 (Δ=0.314s, 100.00%)
Training throughput: 1 batches in 0.314s; word units 100.0% of 8 words (letters-only 100.0% of 8).
Train Loss: output=0.1378, reconstruction=7.4096
Epoch [252/400]
batch = 0 (Δ=0.313s, 100.00%)
Training throughput: 1 batches in 0.312s; word units 100.0% of 8 words (letters-only 100.0% of 8).
Train Loss: output=0.2004, reconstruction=7.4100
Epoch [253/400]
batch = 0 (Δ=0.310s, 100.00%)
Training throughput: 1 batches in 0.310s; word units 100.0% of 8 words (letters-only 100.0% of 8).
Train Loss: output=0.1337, reconstruction=7.4102
Epoch [254/400]
batch = 0 (Δ=0.315s, 100.00%)
Training throughput: 1 batches in 0.315s; word units 100.0% of 8 words (letters-only 100.0% of 8).
Train Loss: output=0.1757, reconstruction=7.4105
Epoch [255/400]
batch = 0 (Δ=0.312s, 100.00%)
Training throughput: 1 batches in 0.312s; word units 100.0% of 8 words (letters-only 100.0% of 8).
Train Loss: output=0.1777, reconstruction=7.4106
Epoch [256/400]
batch = 0 (Δ=0.311s, 100.00%)
Training throughput: 1 batches in 0.310s; word units 100.0% of 8 words (letters-only 100.0% of 8).
Train Loss: output=0.2069, reconstruction=7.4109
Epoch [257/400]
batch = 0 (Δ=0.309s, 100.00%)
Training throughput: 1 batches in 0.308s; word units 100.0% of 8 words (letters-only 100.0% of 8).
Train Loss: output=0.1908, reconstruction=7.4118
Epoch [258/400]
batch = 0 (Δ=0.309s, 100.00%)
Training throughput: 1 batches in 0.308s; word units 100.0% of 8 words (letters-only 100.0% of 8).
Train Loss: output=0.1451, reconstruction=7.4136
Epoch [259/400]
batch = 0 (Δ=0.312s, 100.00%)
Training throughput: 1 batches in 0.311s; word units 100.0% of 8 words (letters-only 100.0% of 8).
Train Loss: output=0.1676, reconstruction=7.4155
Epoch [260/400]
batch = 0 (Δ=0.311s, 100.00%)
Training throughput: 1 batches in 0.311s; word units 100.0% of 8 words (letters-only 100.0% of 8).
Train Loss: output=0.1453, reconstruction=7.4168
Epoch [261/400]
batch = 0 (Δ=0.312s, 100.00%)
Training throughput: 1 batches in 0.311s; word units 100.0% of 8 words (letters-only 100.0% of 8).
Train Loss: output=0.1717, reconstruction=7.4171
Epoch [262/400]
batch = 0 (Δ=0.308s, 100.00%)
Training throughput: 1 batches in 0.307s; word units 100.0% of 8 words (letters-only 100.0% of 8).
Train Loss: output=0.1822, reconstruction=7.4164
Epoch [263/400]
batch = 0 (Δ=0.311s, 100.00%)
Training throughput: 1 batches in 0.311s; word units 100.0% of 8 words (letters-only 100.0% of 8).
Train Loss: output=0.2081, reconstruction=7.4158
Epoch [264/400]
batch = 0 (Δ=0.313s, 100.00%)
Training throughput: 1 batches in 0.312s; word units 100.0% of 8 words (letters-only 100.0% of 8).
Train Loss: output=0.1666, reconstruction=7.4147
Epoch [265/400]
batch = 0 (Δ=0.311s, 100.00%)
Training throughput: 1 batches in 0.310s; word units 100.0% of 8 words (letters-only 100.0% of 8).
Train Loss: output=0.1628, reconstruction=7.4132
Epoch [266/400]
batch = 0 (Δ=0.310s, 100.00%)
Training throughput: 1 batches in 0.310s; word units 100.0% of 8 words (letters-only 100.0% of 8).
Train Loss: output=0.1457, reconstruction=7.4118
Epoch [267/400]
batch = 0 (Δ=0.309s, 100.00%)
Training throughput: 1 batches in 0.308s; word units 100.0% of 8 words (letters-only 100.0% of 8).
Train Loss: output=0.1489, reconstruction=7.4107
Epoch [268/400]
batch = 0 (Δ=0.308s, 100.00%)
Training throughput: 1 batches in 0.307s; word units 100.0% of 8 words (letters-only 100.0% of 8).
Train Loss: output=0.1166, reconstruction=7.4092
Epoch [269/400]
batch = 0 (Δ=0.309s, 100.00%)
Training throughput: 1 batches in 0.309s; word units 100.0% of 8 words (letters-only 100.0% of 8).
Train Loss: output=0.1666, reconstruction=7.4052
Epoch [270/400]
batch = 0 (Δ=0.308s, 100.00%)
Training throughput: 1 batches in 0.307s; word units 100.0% of 8 words (letters-only 100.0% of 8).
Train Loss: output=0.2040, reconstruction=7.4007
Epoch [271/400]
batch = 0 (Δ=0.310s, 100.00%)
Training throughput: 1 batches in 0.310s; word units 100.0% of 8 words (letters-only 100.0% of 8).
Train Loss: output=0.1822, reconstruction=7.3980
Epoch [272/400]
batch = 0 (Δ=0.309s, 100.00%)
Training throughput: 1 batches in 0.309s; word units 100.0% of 8 words (letters-only 100.0% of 8).
Train Loss: output=0.1545, reconstruction=7.3972
Epoch [273/400]
batch = 0 (Δ=0.311s, 100.00%)
Training throughput: 1 batches in 0.311s; word units 100.0% of 8 words (letters-only 100.0% of 8).
Train Loss: output=0.1562, reconstruction=7.3972
Epoch [274/400]
batch = 0 (Δ=0.309s, 100.00%)
Training throughput: 1 batches in 0.309s; word units 100.0% of 8 words (letters-only 100.0% of 8).
Train Loss: output=0.1914, reconstruction=7.3970
Epoch [275/400]
batch = 0 (Δ=0.314s, 100.00%)
Training throughput: 1 batches in 0.314s; word units 100.0% of 8 words (letters-only 100.0% of 8).
Train Loss: output=0.1581, reconstruction=7.3959
Epoch [276/400]
batch = 0 (Δ=0.308s, 100.00%)
Training throughput: 1 batches in 0.308s; word units 100.0% of 8 words (letters-only 100.0% of 8).
Train Loss: output=0.1225, reconstruction=7.3942
Epoch [277/400]
batch = 0 (Δ=0.309s, 100.00%)
Training throughput: 1 batches in 0.308s; word units 100.0% of 8 words (letters-only 100.0% of 8).
Train Loss: output=0.1915, reconstruction=7.3920
Epoch [278/400]
batch = 0 (Δ=0.313s, 100.00%)
Training throughput: 1 batches in 0.313s; word units 100.0% of 8 words (letters-only 100.0% of 8).
Train Loss: output=0.2000, reconstruction=7.3900
Epoch [279/400]
batch = 0 (Δ=0.310s, 100.00%)
Training throughput: 1 batches in 0.310s; word units 100.0% of 8 words (letters-only 100.0% of 8).
Train Loss: output=0.1417, reconstruction=7.3891
Epoch [280/400]
batch = 0 (Δ=0.310s, 100.00%)
Training throughput: 1 batches in 0.310s; word units 100.0% of 8 words (letters-only 100.0% of 8).
Train Loss: output=0.1762, reconstruction=7.3890
Epoch [281/400]
batch = 0 (Δ=0.313s, 100.00%)
Training throughput: 1 batches in 0.312s; word units 100.0% of 8 words (letters-only 100.0% of 8).
Train Loss: output=0.1401, reconstruction=7.3888
Epoch [282/400]
batch = 0 (Δ=0.308s, 100.00%)
Training throughput: 1 batches in 0.308s; word units 100.0% of 8 words (letters-only 100.0% of 8).
Train Loss: output=0.1611, reconstruction=7.3887
Epoch [283/400]
batch = 0 (Δ=0.311s, 100.00%)
Training throughput: 1 batches in 0.311s; word units 100.0% of 8 words (letters-only 100.0% of 8).
Train Loss: output=0.0958, reconstruction=7.3880
Epoch [284/400]
batch = 0 (Δ=0.312s, 100.00%)
Training throughput: 1 batches in 0.311s; word units 100.0% of 8 words (letters-only 100.0% of 8).
Train Loss: output=0.2470, reconstruction=7.3860
Epoch [285/400]
batch = 0 (Δ=0.311s, 100.00%)
Training throughput: 1 batches in 0.311s; word units 100.0% of 8 words (letters-only 100.0% of 8).
Train Loss: output=0.1276, reconstruction=7.3838
Epoch [286/400]
batch = 0 (Δ=0.310s, 100.00%)
Training throughput: 1 batches in 0.309s; word units 100.0% of 8 words (letters-only 100.0% of 8).
Train Loss: output=0.1689, reconstruction=7.3814
Epoch [287/400]
batch = 0 (Δ=0.316s, 100.00%)
Training throughput: 1 batches in 0.315s; word units 100.0% of 8 words (letters-only 100.0% of 8).
Train Loss: output=0.1397, reconstruction=7.3793
Epoch [288/400]
batch = 0 (Δ=0.316s, 100.00%)
Training throughput: 1 batches in 0.315s; word units 100.0% of 8 words (letters-only 100.0% of 8).
Train Loss: output=0.1656, reconstruction=7.3778
Epoch [289/400]
batch = 0 (Δ=0.313s, 100.00%)
Training throughput: 1 batches in 0.313s; word units 100.0% of 8 words (letters-only 100.0% of 8).
Train Loss: output=0.1867, reconstruction=7.3767
Epoch [290/400]
batch = 0 (Δ=0.311s, 100.00%)
Training throughput: 1 batches in 0.310s; word units 100.0% of 8 words (letters-only 100.0% of 8).
Train Loss: output=0.1414, reconstruction=7.3760
Epoch [291/400]
batch = 0 (Δ=0.312s, 100.00%)
Training throughput: 1 batches in 0.311s; word units 100.0% of 8 words (letters-only 100.0% of 8).
Train Loss: output=0.2306, reconstruction=7.3756
Epoch [292/400]
batch = 0 (Δ=0.315s, 100.00%)
Training throughput: 1 batches in 0.314s; word units 100.0% of 8 words (letters-only 100.0% of 8).
Train Loss: output=0.1250, reconstruction=7.3749
Epoch [293/400]
batch = 0 (Δ=0.313s, 100.00%)
Training throughput: 1 batches in 0.312s; word units 100.0% of 8 words (letters-only 100.0% of 8).
Train Loss: output=0.1874, reconstruction=7.3744
Epoch [294/400]
batch = 0 (Δ=0.311s, 100.00%)
Training throughput: 1 batches in 0.310s; word units 100.0% of 8 words (letters-only 100.0% of 8).
Train Loss: output=0.1761, reconstruction=7.3745
Epoch [295/400]
batch = 0 (Δ=0.314s, 100.00%)
Training throughput: 1 batches in 0.314s; word units 100.0% of 8 words (letters-only 100.0% of 8).
Train Loss: output=0.2349, reconstruction=7.3754
Epoch [296/400]
batch = 0 (Δ=0.311s, 100.00%)
Training throughput: 1 batches in 0.311s; word units 100.0% of 8 words (letters-only 100.0% of 8).
Train Loss: output=0.1782, reconstruction=7.3767
Epoch [297/400]
batch = 0 (Δ=0.311s, 100.00%)
Training throughput: 1 batches in 0.310s; word units 100.0% of 8 words (letters-only 100.0% of 8).
Train Loss: output=0.1979, reconstruction=7.3787
Epoch [298/400]
batch = 0 (Δ=0.310s, 100.00%)
Training throughput: 1 batches in 0.310s; word units 100.0% of 8 words (letters-only 100.0% of 8).
Train Loss: output=0.1809, reconstruction=7.3810
Epoch [299/400]
batch = 0 (Δ=0.312s, 100.00%)
Training throughput: 1 batches in 0.311s; word units 100.0% of 8 words (letters-only 100.0% of 8).
Train Loss: output=0.2274, reconstruction=7.3831
Epoch [300/400]
batch = 0 (Δ=0.311s, 100.00%)
Training throughput: 1 batches in 0.311s; word units 100.0% of 8 words (letters-only 100.0% of 8).
Train Loss: output=0.1412, reconstruction=7.3850
Epoch [301/400]
batch = 0 (Δ=0.311s, 100.00%)
Training throughput: 1 batches in 0.311s; word units 100.0% of 8 words (letters-only 100.0% of 8).
Train Loss: output=0.1868, reconstruction=7.3863
Epoch [302/400]
batch = 0 (Δ=0.317s, 100.00%)
Training throughput: 1 batches in 0.316s; word units 100.0% of 8 words (letters-only 100.0% of 8).
Train Loss: output=0.1593, reconstruction=7.3862
Epoch [303/400]
batch = 0 (Δ=0.313s, 100.00%)
Training throughput: 1 batches in 0.312s; word units 100.0% of 8 words (letters-only 100.0% of 8).
Train Loss: output=0.2220, reconstruction=7.3858
Epoch [304/400]
batch = 0 (Δ=0.309s, 100.00%)
Training throughput: 1 batches in 0.309s; word units 100.0% of 8 words (letters-only 100.0% of 8).
Train Loss: output=0.1409, reconstruction=7.3862
Epoch [305/400]
batch = 0 (Δ=0.312s, 100.00%)
Training throughput: 1 batches in 0.311s; word units 100.0% of 8 words (letters-only 100.0% of 8).
Train Loss: output=0.1493, reconstruction=7.3870
Epoch [306/400]
batch = 0 (Δ=0.319s, 100.00%)
Training throughput: 1 batches in 0.319s; word units 100.0% of 8 words (letters-only 100.0% of 8).
Train Loss: output=0.1695, reconstruction=7.3870
Epoch [307/400]
batch = 0 (Δ=0.315s, 100.00%)
Training throughput: 1 batches in 0.315s; word units 100.0% of 8 words (letters-only 100.0% of 8).
Train Loss: output=0.1202, reconstruction=7.3857
Epoch [308/400]
batch = 0 (Δ=0.314s, 100.00%)
Training throughput: 1 batches in 0.314s; word units 100.0% of 8 words (letters-only 100.0% of 8).
Train Loss: output=0.1573, reconstruction=7.3840
Epoch [309/400]
batch = 0 (Δ=1.034s, 100.00%)
Training throughput: 1 batches in 1.034s; word units 100.0% of 8 words (letters-only 100.0% of 8).
Train Loss: output=0.1573, reconstruction=7.3827
Epoch [310/400]
batch = 0 (Δ=0.309s, 100.00%)
Training throughput: 1 batches in 0.308s; word units 100.0% of 8 words (letters-only 100.0% of 8).
Train Loss: output=0.1061, reconstruction=7.3822
Epoch [311/400]
batch = 0 (Δ=0.302s, 100.00%)
Training throughput: 1 batches in 0.302s; word units 100.0% of 8 words (letters-only 100.0% of 8).
Train Loss: output=0.1557, reconstruction=7.3808
Epoch [312/400]
batch = 0 (Δ=0.304s, 100.00%)
Training throughput: 1 batches in 0.303s; word units 100.0% of 8 words (letters-only 100.0% of 8).
Train Loss: output=0.1584, reconstruction=7.3786
Epoch [313/400]
batch = 0 (Δ=0.311s, 100.00%)
Training throughput: 1 batches in 0.311s; word units 100.0% of 8 words (letters-only 100.0% of 8).
Train Loss: output=0.1598, reconstruction=7.3769
Epoch [314/400]
batch = 0 (Δ=0.310s, 100.00%)
Training throughput: 1 batches in 0.309s; word units 100.0% of 8 words (letters-only 100.0% of 8).
Train Loss: output=0.1400, reconstruction=7.3756
Epoch [315/400]
batch = 0 (Δ=0.310s, 100.00%)
Training throughput: 1 batches in 0.310s; word units 100.0% of 8 words (letters-only 100.0% of 8).
Train Loss: output=0.1439, reconstruction=7.3737
Epoch [316/400]
batch = 0 (Δ=0.311s, 100.00%)
Training throughput: 1 batches in 0.310s; word units 100.0% of 8 words (letters-only 100.0% of 8).
Train Loss: output=0.1535, reconstruction=7.3704
Epoch [317/400]
batch = 0 (Δ=0.314s, 100.00%)
Training throughput: 1 batches in 0.313s; word units 100.0% of 8 words (letters-only 100.0% of 8).
Train Loss: output=0.1450, reconstruction=7.3676
Epoch [318/400]
batch = 0 (Δ=0.309s, 100.00%)
Training throughput: 1 batches in 0.309s; word units 100.0% of 8 words (letters-only 100.0% of 8).
Train Loss: output=0.0964, reconstruction=7.3656
Epoch [319/400]
batch = 0 (Δ=0.305s, 100.00%)
Training throughput: 1 batches in 0.305s; word units 100.0% of 8 words (letters-only 100.0% of 8).
Train Loss: output=0.1091, reconstruction=7.3635
Epoch [320/400]
batch = 0 (Δ=0.309s, 100.00%)
Training throughput: 1 batches in 0.309s; word units 100.0% of 8 words (letters-only 100.0% of 8).
Train Loss: output=0.1290, reconstruction=7.3602
Epoch [321/400]
batch = 0 (Δ=0.313s, 100.00%)
Training throughput: 1 batches in 0.312s; word units 100.0% of 8 words (letters-only 100.0% of 8).
Train Loss: output=0.1501, reconstruction=7.3567
Epoch [322/400]
batch = 0 (Δ=0.310s, 100.00%)
Training throughput: 1 batches in 0.309s; word units 100.0% of 8 words (letters-only 100.0% of 8).
Train Loss: output=0.1455, reconstruction=7.3537
Epoch [323/400]
batch = 0 (Δ=0.307s, 100.00%)
Training throughput: 1 batches in 0.306s; word units 100.0% of 8 words (letters-only 100.0% of 8).
Train Loss: output=0.1437, reconstruction=7.3511
Epoch [324/400]
batch = 0 (Δ=0.308s, 100.00%)
Training throughput: 1 batches in 0.308s; word units 100.0% of 8 words (letters-only 100.0% of 8).
Train Loss: output=0.1184, reconstruction=7.3494
Epoch [325/400]
batch = 0 (Δ=0.307s, 100.00%)
Training throughput: 1 batches in 0.307s; word units 100.0% of 8 words (letters-only 100.0% of 8).
Train Loss: output=0.1351, reconstruction=7.3479
Epoch [326/400]
batch = 0 (Δ=0.308s, 100.00%)
Training throughput: 1 batches in 0.308s; word units 100.0% of 8 words (letters-only 100.0% of 8).
Train Loss: output=0.0945, reconstruction=7.3461
Epoch [327/400]
batch = 0 (Δ=0.311s, 100.00%)
Training throughput: 1 batches in 0.310s; word units 100.0% of 8 words (letters-only 100.0% of 8).
Train Loss: output=0.0998, reconstruction=7.3439
Epoch [328/400]
batch = 0 (Δ=0.312s, 100.00%)
Training throughput: 1 batches in 0.312s; word units 100.0% of 8 words (letters-only 100.0% of 8).
Train Loss: output=0.1552, reconstruction=7.3412
Epoch [329/400]
batch = 0 (Δ=0.309s, 100.00%)
Training throughput: 1 batches in 0.309s; word units 100.0% of 8 words (letters-only 100.0% of 8).
Train Loss: output=0.1070, reconstruction=7.3387
Epoch [330/400]
batch = 0 (Δ=0.311s, 100.00%)
Training throughput: 1 batches in 0.311s; word units 100.0% of 8 words (letters-only 100.0% of 8).
Train Loss: output=0.0933, reconstruction=7.3359
Epoch [331/400]
batch = 0 (Δ=0.311s, 100.00%)
Training throughput: 1 batches in 0.310s; word units 100.0% of 8 words (letters-only 100.0% of 8).
Train Loss: output=0.1261, reconstruction=7.3329
Epoch [332/400]
batch = 0 (Δ=0.311s, 100.00%)
Training throughput: 1 batches in 0.310s; word units 100.0% of 8 words (letters-only 100.0% of 8).
Train Loss: output=0.1337, reconstruction=7.3307
Epoch [333/400]
batch = 0 (Δ=0.309s, 100.00%)
Training throughput: 1 batches in 0.308s; word units 100.0% of 8 words (letters-only 100.0% of 8).
Train Loss: output=0.1390, reconstruction=7.3290
Epoch [334/400]
batch = 0 (Δ=0.313s, 100.00%)
Training throughput: 1 batches in 0.312s; word units 100.0% of 8 words (letters-only 100.0% of 8).
Train Loss: output=0.2044, reconstruction=7.3279
Epoch [335/400]
batch = 0 (Δ=0.310s, 100.00%)
Training throughput: 1 batches in 0.310s; word units 100.0% of 8 words (letters-only 100.0% of 8).
Train Loss: output=0.1003, reconstruction=7.3281
Epoch [336/400]
batch = 0 (Δ=0.307s, 100.00%)
Training throughput: 1 batches in 0.307s; word units 100.0% of 8 words (letters-only 100.0% of 8).
Train Loss: output=0.1601, reconstruction=7.3285
Epoch [337/400]
batch = 0 (Δ=0.311s, 100.00%)
Training throughput: 1 batches in 0.311s; word units 100.0% of 8 words (letters-only 100.0% of 8).
Train Loss: output=0.1200, reconstruction=7.3289
Epoch [338/400]
batch = 0 (Δ=0.310s, 100.00%)
Training throughput: 1 batches in 0.310s; word units 100.0% of 8 words (letters-only 100.0% of 8).
Train Loss: output=0.1491, reconstruction=7.3298
Epoch [339/400]
batch = 0 (Δ=0.311s, 100.00%)
Training throughput: 1 batches in 0.310s; word units 100.0% of 8 words (letters-only 100.0% of 8).
Train Loss: output=0.1483, reconstruction=7.3303
Epoch [340/400]
batch = 0 (Δ=0.311s, 100.00%)
Training throughput: 1 batches in 0.311s; word units 100.0% of 8 words (letters-only 100.0% of 8).
Train Loss: output=0.1469, reconstruction=7.3305
Epoch [341/400]
batch = 0 (Δ=0.309s, 100.00%)
Training throughput: 1 batches in 0.309s; word units 100.0% of 8 words (letters-only 100.0% of 8).
Train Loss: output=0.1299, reconstruction=7.3309
Epoch [342/400]
batch = 0 (Δ=0.310s, 100.00%)
Training throughput: 1 batches in 0.309s; word units 100.0% of 8 words (letters-only 100.0% of 8).
Train Loss: output=0.1291, reconstruction=7.3313
Epoch [343/400]
batch = 0 (Δ=0.310s, 100.00%)
Training throughput: 1 batches in 0.310s; word units 100.0% of 8 words (letters-only 100.0% of 8).
Train Loss: output=0.1378, reconstruction=7.3313
Epoch [344/400]
batch = 0 (Δ=0.310s, 100.00%)
Training throughput: 1 batches in 0.310s; word units 100.0% of 8 words (letters-only 100.0% of 8).
Train Loss: output=0.1506, reconstruction=7.3313
Epoch [345/400]
batch = 0 (Δ=0.312s, 100.00%)
Training throughput: 1 batches in 0.312s; word units 100.0% of 8 words (letters-only 100.0% of 8).
Train Loss: output=0.1087, reconstruction=7.3308
Epoch [346/400]
batch = 0 (Δ=0.310s, 100.00%)
Training throughput: 1 batches in 0.310s; word units 100.0% of 8 words (letters-only 100.0% of 8).
Train Loss: output=0.1977, reconstruction=7.3296
Epoch [347/400]
batch = 0 (Δ=0.308s, 100.00%)
Training throughput: 1 batches in 0.308s; word units 100.0% of 8 words (letters-only 100.0% of 8).
Train Loss: output=0.1957, reconstruction=7.3289
Epoch [348/400]
batch = 0 (Δ=0.308s, 100.00%)
Training throughput: 1 batches in 0.308s; word units 100.0% of 8 words (letters-only 100.0% of 8).
Train Loss: output=0.1275, reconstruction=7.3301
Epoch [349/400]
batch = 0 (Δ=0.313s, 100.00%)
Training throughput: 1 batches in 0.312s; word units 100.0% of 8 words (letters-only 100.0% of 8).
Train Loss: output=0.2649, reconstruction=7.3313
Epoch [350/400]
batch = 0 (Δ=0.314s, 100.00%)
Training throughput: 1 batches in 0.313s; word units 100.0% of 8 words (letters-only 100.0% of 8).
Train Loss: output=0.0927, reconstruction=7.3322
Epoch [351/400]
batch = 0 (Δ=0.312s, 100.00%)
Training throughput: 1 batches in 0.312s; word units 100.0% of 8 words (letters-only 100.0% of 8).
Train Loss: output=0.1287, reconstruction=7.3330
Epoch [352/400]
batch = 0 (Δ=0.312s, 100.00%)
Training throughput: 1 batches in 0.312s; word units 100.0% of 8 words (letters-only 100.0% of 8).
Train Loss: output=0.0945, reconstruction=7.3328
Epoch [353/400]
batch = 0 (Δ=0.312s, 100.00%)
Training throughput: 1 batches in 0.311s; word units 100.0% of 8 words (letters-only 100.0% of 8).
Train Loss: output=0.1308, reconstruction=7.3316
Epoch [354/400]
batch = 0 (Δ=0.309s, 100.00%)
Training throughput: 1 batches in 0.309s; word units 100.0% of 8 words (letters-only 100.0% of 8).
Train Loss: output=0.1302, reconstruction=7.3297
Epoch [355/400]
batch = 0 (Δ=0.310s, 100.00%)
Training throughput: 1 batches in 0.309s; word units 100.0% of 8 words (letters-only 100.0% of 8).
Train Loss: output=0.1123, reconstruction=7.3272
Epoch [356/400]
batch = 0 (Δ=0.311s, 100.00%)
Training throughput: 1 batches in 0.311s; word units 100.0% of 8 words (letters-only 100.0% of 8).
Train Loss: output=0.1220, reconstruction=7.3240
Epoch [357/400]
batch = 0 (Δ=0.310s, 100.00%)
Training throughput: 1 batches in 0.309s; word units 100.0% of 8 words (letters-only 100.0% of 8).
Train Loss: output=0.1230, reconstruction=7.3210
Epoch [358/400]
batch = 0 (Δ=0.313s, 100.00%)
Training throughput: 1 batches in 0.313s; word units 100.0% of 8 words (letters-only 100.0% of 8).
Train Loss: output=0.1797, reconstruction=7.3193
Epoch [359/400]
batch = 0 (Δ=0.313s, 100.00%)
Training throughput: 1 batches in 0.312s; word units 100.0% of 8 words (letters-only 100.0% of 8).
Train Loss: output=0.1500, reconstruction=7.3178
Epoch [360/400]
batch = 0 (Δ=0.307s, 100.00%)
Training throughput: 1 batches in 0.307s; word units 100.0% of 8 words (letters-only 100.0% of 8).
Train Loss: output=0.0942, reconstruction=7.3159
Epoch [361/400]
batch = 0 (Δ=0.307s, 100.00%)
Training throughput: 1 batches in 0.306s; word units 100.0% of 8 words (letters-only 100.0% of 8).
Train Loss: output=0.1784, reconstruction=7.3148
Epoch [362/400]
batch = 0 (Δ=0.306s, 100.00%)
Training throughput: 1 batches in 0.306s; word units 100.0% of 8 words (letters-only 100.0% of 8).
Train Loss: output=0.2047, reconstruction=7.3148
Epoch [363/400]
batch = 0 (Δ=0.307s, 100.00%)
Training throughput: 1 batches in 0.307s; word units 100.0% of 8 words (letters-only 100.0% of 8).
Train Loss: output=0.1403, reconstruction=7.3169
Epoch [364/400]
batch = 0 (Δ=0.310s, 100.00%)
Training throughput: 1 batches in 0.310s; word units 100.0% of 8 words (letters-only 100.0% of 8).
Train Loss: output=0.1420, reconstruction=7.3193
Epoch [365/400]
batch = 0 (Δ=0.311s, 100.00%)
Training throughput: 1 batches in 0.310s; word units 100.0% of 8 words (letters-only 100.0% of 8).
Train Loss: output=0.1576, reconstruction=7.3204
Epoch [366/400]
batch = 0 (Δ=0.310s, 100.00%)
Training throughput: 1 batches in 0.309s; word units 100.0% of 8 words (letters-only 100.0% of 8).
Train Loss: output=0.1657, reconstruction=7.3209
Epoch [367/400]
batch = 0 (Δ=0.312s, 100.00%)
Training throughput: 1 batches in 0.312s; word units 100.0% of 8 words (letters-only 100.0% of 8).
Train Loss: output=0.1602, reconstruction=7.3208
Epoch [368/400]
batch = 0 (Δ=0.311s, 100.00%)
Training throughput: 1 batches in 0.311s; word units 100.0% of 8 words (letters-only 100.0% of 8).
Train Loss: output=0.1592, reconstruction=7.3207
Epoch [369/400]
batch = 0 (Δ=0.309s, 100.00%)
Training throughput: 1 batches in 0.309s; word units 100.0% of 8 words (letters-only 100.0% of 8).
Train Loss: output=0.1804, reconstruction=7.3211
Epoch [370/400]
batch = 0 (Δ=0.313s, 100.00%)
Training throughput: 1 batches in 0.313s; word units 100.0% of 8 words (letters-only 100.0% of 8).
Train Loss: output=0.1525, reconstruction=7.3223
Epoch [371/400]
batch = 0 (Δ=0.310s, 100.00%)
Training throughput: 1 batches in 0.309s; word units 100.0% of 8 words (letters-only 100.0% of 8).
Train Loss: output=0.1465, reconstruction=7.3234
Epoch [372/400]
batch = 0 (Δ=0.318s, 100.00%)
Training throughput: 1 batches in 0.318s; word units 100.0% of 8 words (letters-only 100.0% of 8).
Train Loss: output=0.1459, reconstruction=7.3240
Epoch [373/400]
batch = 0 (Δ=0.314s, 100.00%)
Training throughput: 1 batches in 0.313s; word units 100.0% of 8 words (letters-only 100.0% of 8).
Train Loss: output=0.1517, reconstruction=7.3249
Epoch [374/400]
batch = 0 (Δ=0.309s, 100.00%)
Training throughput: 1 batches in 0.308s; word units 100.0% of 8 words (letters-only 100.0% of 8).
Train Loss: output=0.1537, reconstruction=7.3261
Epoch [375/400]
batch = 0 (Δ=0.301s, 100.00%)
Training throughput: 1 batches in 0.300s; word units 100.0% of 8 words (letters-only 100.0% of 8).
Train Loss: output=0.1281, reconstruction=7.3276
Epoch [376/400]
batch = 0 (Δ=0.305s, 100.00%)
Training throughput: 1 batches in 0.304s; word units 100.0% of 8 words (letters-only 100.0% of 8).
Train Loss: output=0.2043, reconstruction=7.3293
Epoch [377/400]
batch = 0 (Δ=0.311s, 100.00%)
Training throughput: 1 batches in 0.310s; word units 100.0% of 8 words (letters-only 100.0% of 8).
Train Loss: output=0.1471, reconstruction=7.3316
Epoch [378/400]
batch = 0 (Δ=0.303s, 100.00%)
Training throughput: 1 batches in 0.303s; word units 100.0% of 8 words (letters-only 100.0% of 8).
Train Loss: output=0.1087, reconstruction=7.3346
Epoch [379/400]
batch = 0 (Δ=0.307s, 100.00%)
Training throughput: 1 batches in 0.307s; word units 100.0% of 8 words (letters-only 100.0% of 8).
Train Loss: output=0.1378, reconstruction=7.3369
Epoch [380/400]
batch = 0 (Δ=0.309s, 100.00%)
Training throughput: 1 batches in 0.309s; word units 100.0% of 8 words (letters-only 100.0% of 8).
Train Loss: output=0.2108, reconstruction=7.3385
Epoch [381/400]
batch = 0 (Δ=0.305s, 100.00%)
Training throughput: 1 batches in 0.304s; word units 100.0% of 8 words (letters-only 100.0% of 8).
Train Loss: output=0.1296, reconstruction=7.3403
Epoch [382/400]
batch = 0 (Δ=0.307s, 100.00%)
Training throughput: 1 batches in 0.307s; word units 100.0% of 8 words (letters-only 100.0% of 8).
Train Loss: output=0.1611, reconstruction=7.3419
Epoch [383/400]
batch = 0 (Δ=0.307s, 100.00%)
Training throughput: 1 batches in 0.307s; word units 100.0% of 8 words (letters-only 100.0% of 8).
Train Loss: output=0.1251, reconstruction=7.3427
Epoch [384/400]
batch = 0 (Δ=0.308s, 100.00%)
Training throughput: 1 batches in 0.308s; word units 100.0% of 8 words (letters-only 100.0% of 8).
Train Loss: output=0.1046, reconstruction=7.3430
Epoch [385/400]
batch = 0 (Δ=0.307s, 100.00%)
Training throughput: 1 batches in 0.306s; word units 100.0% of 8 words (letters-only 100.0% of 8).
Train Loss: output=0.1224, reconstruction=7.3432
Epoch [386/400]
batch = 0 (Δ=0.314s, 100.00%)
Training throughput: 1 batches in 0.314s; word units 100.0% of 8 words (letters-only 100.0% of 8).
Train Loss: output=0.1448, reconstruction=7.3427
Epoch [387/400]
batch = 0 (Δ=0.316s, 100.00%)
Training throughput: 1 batches in 0.315s; word units 100.0% of 8 words (letters-only 100.0% of 8).
Train Loss: output=0.1767, reconstruction=7.3416
Epoch [388/400]
batch = 0 (Δ=0.314s, 100.00%)
Training throughput: 1 batches in 0.313s; word units 100.0% of 8 words (letters-only 100.0% of 8).
Train Loss: output=0.1453, reconstruction=7.3414
Epoch [389/400]
batch = 0 (Δ=0.305s, 100.00%)
Training throughput: 1 batches in 0.305s; word units 100.0% of 8 words (letters-only 100.0% of 8).
Train Loss: output=0.1181, reconstruction=7.3418
Epoch [390/400]
batch = 0 (Δ=0.305s, 100.00%)
Training throughput: 1 batches in 0.304s; word units 100.0% of 8 words (letters-only 100.0% of 8).
Train Loss: output=0.1594, reconstruction=7.3418
Epoch [391/400]
batch = 0 (Δ=0.311s, 100.00%)
Training throughput: 1 batches in 0.310s; word units 100.0% of 8 words (letters-only 100.0% of 8).
Train Loss: output=0.1582, reconstruction=7.3414
Epoch [392/400]
batch = 0 (Δ=0.305s, 100.00%)
Training throughput: 1 batches in 0.304s; word units 100.0% of 8 words (letters-only 100.0% of 8).
Train Loss: output=0.1421, reconstruction=7.3414
Epoch [393/400]
batch = 0 (Δ=0.308s, 100.00%)
Training throughput: 1 batches in 0.308s; word units 100.0% of 8 words (letters-only 100.0% of 8).
Train Loss: output=0.1857, reconstruction=7.3411
Epoch [394/400]
batch = 0 (Δ=0.303s, 100.00%)
Training throughput: 1 batches in 0.302s; word units 100.0% of 8 words (letters-only 100.0% of 8).
Train Loss: output=0.1058, reconstruction=7.3406
Epoch [395/400]
batch = 0 (Δ=0.307s, 100.00%)
Training throughput: 1 batches in 0.307s; word units 100.0% of 8 words (letters-only 100.0% of 8).
Train Loss: output=0.1484, reconstruction=7.3393
Epoch [396/400]
batch = 0 (Δ=0.308s, 100.00%)
Training throughput: 1 batches in 0.307s; word units 100.0% of 8 words (letters-only 100.0% of 8).
Train Loss: output=0.1433, reconstruction=7.3375
Epoch [397/400]
batch = 0 (Δ=0.304s, 100.00%)
Training throughput: 1 batches in 0.304s; word units 100.0% of 8 words (letters-only 100.0% of 8).
Train Loss: output=0.1316, reconstruction=7.3364
Epoch [398/400]
batch = 0 (Δ=0.311s, 100.00%)
Training throughput: 1 batches in 0.310s; word units 100.0% of 8 words (letters-only 100.0% of 8).
Train Loss: output=0.1439, reconstruction=7.3342
Epoch [399/400]
batch = 0 (Δ=0.304s, 100.00%)
Training throughput: 1 batches in 0.303s; word units 100.0% of 8 words (letters-only 100.0% of 8).
Train Loss: output=0.1341, reconstruction=7.3316
Epoch [400/400]
batch = 0 (Δ=0.304s, 100.00%)
Training throughput: 1 batches in 0.304s; word units 100.0% of 8 words (letters-only 100.0% of 8).
Train Loss: output=0.1443, reconstruction=7.3302
Final Stats:
=== Selected operation grammar ===
batch = 0 (Δ=48.068s, 100.00%)
Training throughput: 1 batches in 48.015s; word units 100.0% of 8 words (letters-only 100.0% of 8).
=== Input Reconstruction (test) ===
  row[0] input='hello world' -> reconstructed='loving ' label=0.0000 predicted=0.4059 MISMATCH
  row[1] input='hello there' -> reconstructed='loving ' label=1.0000 predicted=0.3616 MISMATCH
  row[2] input='loving world' -> reconstructed='world ' label=1.0000 predicted=0.4714 MISMATCH
  row[3] input='loving there' -> reconstructed='there ' label=0.0000 predicted=0.4271 MISMATCH
