[collect] 6 selectors; limit 1800s, 8.0 GiB
[collect] exit 0; 3.5s; peak 0.39 GiB
[worker-000] 1 selectors; limit 1800s, 8.0 GiB
[worker-001] 1 selectors; limit 1800s, 8.0 GiB
[worker-002] 1 selectors; limit 1800s, 8.0 GiB
[worker-003] 1 selectors; limit 1800s, 8.0 GiB
[worker-003] exit 0; 894.5s; peak 4.94 GiB
[worker-004] 1 selectors; limit 1800s, 8.0 GiB
[worker-002] exit 0; 897.6s; peak 4.91 GiB
[worker-005] 1 selectors; limit 1800s, 8.0 GiB
[worker-005] exit 0; 4.3s; peak 0.40 GiB
[worker-006] 1 selectors; limit 1800s, 8.0 GiB
[worker-001] exit 0; 904.3s; peak 4.88 GiB
[worker-007] 1 selectors; limit 1800s, 8.0 GiB
[worker-006] exit 0; 4.3s; peak 0.40 GiB
[worker-008] 1 selectors; limit 1800s, 8.0 GiB
[worker-007] exit 0; 4.4s; peak 0.52 GiB
[worker-009] 1 selectors; limit 1800s, 8.0 GiB
[worker-008] exit 0; 4.4s; peak 0.52 GiB
[worker-010] 1 selectors; limit 1800s, 8.0 GiB
[worker-009] exit 0; 4.4s; peak 0.52 GiB
[worker-011] 1 selectors; limit 1800s, 8.0 GiB
[worker-010] exit 0; 4.5s; peak 0.52 GiB
[worker-012] 1 selectors; limit 1800s, 8.0 GiB
[worker-011] exit 0; 4.2s; peak 0.40 GiB
[worker-013] 1 selectors; limit 1800s, 8.0 GiB
[worker-012] exit 0; 4.3s; peak 0.40 GiB
[worker-013] exit 0; 4.2s; peak 0.40 GiB
[worker-000] exit 0; 1043.0s; peak 5.42 GiB
[worker-004] exit 0; 225.3s; peak 2.46 GiB
{"reason": "passed", "selected": 14, "completed": 14}
