........................................................................ [ 67%]
..................................                                       [100%]
=============================== warnings summary ===============================
test/test_item7_retention.py::test_idea_closing_keeps_estimate_surprise_and_index_in_the_existing_owner
  /Users/arogers/github/WikiOracle/basicmodel/.venv/lib/python3.12/site-packages/torch/utils/_device.py:122: UserWarning: Sparse invariant checks are implicitly disabled. Memory errors (e.g. SEGFAULT) will occur when operating on a sparse tensor which violates the invariants, but checks incur performance overhead. To silence this warning, explicitly opt in or out. See `torch.sparse.check_sparse_tensor_invariants.__doc__` for guidance.  (Triggered internally at /Users/runner/work/pytorch/pytorch/aten/src/ATen/Context.cpp:855.)
    return func(*args, **kwargs)

test/test_item7_sentence_gradients.py::test_first_and_later_words_keep_the_same_grad_carry_contract
  /Users/arogers/github/WikiOracle/basicmodel/bin/Models.py:7649: RuntimeWarning: what_answer_target_shape [config /private/var/folders/_y/q6ybzrpx39jd0fzf9g671z280000gn/T/pytest-of-arogers/pytest-34/test_first_and_later_words_kee0/tiny_chunk_model.xml]: Data.what target (2, 16) replaces the loader output (2, 0) (placeholder labels)
    warnings.warn(f"{site} [config {cfg}]: {detail}", RuntimeWarning)

test/test_item7_sentence_gradients.py::test_first_and_later_words_keep_the_same_grad_carry_contract
  /Users/arogers/github/WikiOracle/basicmodel/bin/Models.py:7649: RuntimeWarning: output_shape_gate [config /private/var/folders/_y/q6ybzrpx39jd0fzf9g671z280000gn/T/pytest-of-arogers/pytest-34/test_first_and_later_words_kee0/tiny_chunk_model.xml]: head pred (2, 1, 1) vs labels (2, 16) irreconcilable after reduction; supervised output loss zeroed
    warnings.warn(f"{site} [config {cfg}]: {detail}", RuntimeWarning)

test/test_item7_unindexed_relations.py::test_unaligned_mm_forward_can_select_a_relation_without_native_word_rows
test/test_item7_word_admission.py::test_29_each_reading_publishes_only_its_words[MM_grammar.xml]
  /Users/arogers/github/WikiOracle/basicmodel/bin/Models.py:7649: RuntimeWarning: output_state_boundary [config /Users/arogers/github/WikiOracle/basicmodel/data/MM_grammar.xml]: supervised outputs with reconstruction and answerSynthesis=false use the direct head: output gradients train the whole input state; enable answerSynthesis for the concluded-idea state boundary
    warnings.warn(f"{site} [config {cfg}]: {detail}", RuntimeWarning)

test/test_item7_word_admission.py::test_29_each_reading_publishes_only_its_words[MM_xor.xml]
test/test_item7_word_interpretation.py::test_every_read_word_has_a_concept_and_symbol[MM_xor.xml]
  /Users/arogers/github/WikiOracle/basicmodel/bin/Models.py:7649: RuntimeWarning: output_state_boundary [config /Users/arogers/github/WikiOracle/basicmodel/data/MM_xor.xml]: supervised outputs with reconstruction and answerSynthesis=false use the direct head: output gradients train the whole input state; enable answerSynthesis for the concluded-idea state boundary
    warnings.warn(f"{site} [config {cfg}]: {detail}", RuntimeWarning)

test/test_item7_word_admission.py::test_29_each_reading_publishes_only_its_words[XOR_grammar.xml]
test/test_item7_word_interpretation.py::test_every_read_word_has_a_concept_and_symbol[XOR_grammar.xml]
  /Users/arogers/github/WikiOracle/basicmodel/bin/Models.py:7649: RuntimeWarning: output_state_boundary [config /Users/arogers/github/WikiOracle/basicmodel/data/XOR_grammar.xml]: supervised outputs with reconstruction and answerSynthesis=false use the direct head: output gradients train the whole input state; enable answerSynthesis for the concluded-idea state boundary
    warnings.warn(f"{site} [config {cfg}]: {detail}", RuntimeWarning)

test/test_item7_word_admission.py::test_33_grounded_xor_with_word_boundary[4-0]
  /Users/arogers/github/WikiOracle/basicmodel/.venv/lib/python3.12/site-packages/torch/utils/_device.py:122: UserWarning: Converting a tensor with requires_grad=True to a scalar may lead to unexpected behavior.
  Consider using tensor.detach() first. (Triggered internally at /Users/runner/work/pytorch/pytorch/torch/csrc/autograd/generated/python_variable_methods.cpp:821.)
    return func(*args, **kwargs)

-- Docs: https://docs.pytest.org/en/stable/how-to/capture-warnings.html
106 passed, 10 warnings in 40.47s
