..............................F......................................... [ 87%]
..........                                                               [100%]
=================================== FAILURES ===================================
______ test_closing_discards_operations_without_changing_other_live_rows _______
test/test_item7_end_state_storage.py:122: in test_closing_discards_operations_without_changing_other_live_rows
    _stm, cleared, _feedback = BasicModel._discard_sentence_record(((), lang, ()),
bin/Models.py:20823: in _discard_sentence_record
    value = lang[index]
            ^^^^^^^^^^^
E   IndexError: list index out of range
=============================== warnings summary ===============================
test/test_item7_definition_integrity.py::test_copied_definition_index_is_owned_by_the_copied_store
  /Users/arogers/github/WikiOracle/basicmodel/.venv/lib/python3.12/site-packages/torch/utils/_device.py:122: UserWarning: Sparse invariant checks are implicitly disabled. Memory errors (e.g. SEGFAULT) will occur when operating on a sparse tensor which violates the invariants, but checks incur performance overhead. To silence this warning, explicitly opt in or out. See `torch.sparse.check_sparse_tensor_invariants.__doc__` for guidance.  (Triggered internally at /Users/runner/work/pytorch/pytorch/aten/src/ATen/Context.cpp:855.)
    return func(*args, **kwargs)

test/test_item7_definition_integrity.py: 5 warnings
test/test_item7_definitions.py: 8 warnings
  /Users/arogers/github/WikiOracle/basicmodel/bin/Models.py:7649: RuntimeWarning: output_state_boundary [config /Users/arogers/github/WikiOracle/basicmodel/data/MM_grammar.xml]: supervised outputs with reconstruction and answerSynthesis=false use the direct head: output gradients train the whole input state; enable answerSynthesis for the concluded-idea state boundary
    warnings.warn(f"{site} [config {cfg}]: {detail}", RuntimeWarning)

test/test_item7_definition_integrity.py::test_migrated_meta_has_no_live_identity_or_inventory_row
  /Users/arogers/github/WikiOracle/basicmodel/.venv/lib/python3.12/site-packages/torch/utils/_device.py:122: UserWarning: Converting a tensor with requires_grad=True to a scalar may lead to unexpected behavior.
  Consider using tensor.detach() first. (Triggered internally at /Users/runner/work/pytorch/pytorch/torch/csrc/autograd/generated/python_variable_methods.cpp:821.)
    return func(*args, **kwargs)

test/test_item7_definition_integrity.py::test_reading_and_closing_share_the_grammar_identity_owner
test/test_item7_definition_integrity.py::test_new_definitions_do_not_alias_later_sentence_identities
test/test_item7_provenance.py::test_provisioning_retains_completed_fields_and_shared_row_ids
  /Users/arogers/github/WikiOracle/basicmodel/bin/Spaces.py:13594: UserWarning: PartSpace._embed: input produced 13 tokens but nOutput=8; truncating 5 tokens.
    return self._embed(upstream_vspace)

test/test_item7_definitions.py::test_31_read_words_have_definition_rows_without_changing_the_configuration[MM_xor.xml]
test/test_item7_reduction_deadline.py::test_shared_stack_contract_allows_unary_until_the_deadline
  /Users/arogers/github/WikiOracle/basicmodel/bin/Models.py:7649: RuntimeWarning: output_state_boundary [config /Users/arogers/github/WikiOracle/basicmodel/data/MM_xor.xml]: supervised outputs with reconstruction and answerSynthesis=false use the direct head: output gradients train the whole input state; enable answerSynthesis for the concluded-idea state boundary
    warnings.warn(f"{site} [config {cfg}]: {detail}", RuntimeWarning)

test/test_item7_definitions.py::test_31_read_words_have_definition_rows_without_changing_the_configuration[XOR_grammar.xml]
  /Users/arogers/github/WikiOracle/basicmodel/bin/Models.py:7649: RuntimeWarning: output_state_boundary [config /Users/arogers/github/WikiOracle/basicmodel/data/XOR_grammar.xml]: supervised outputs with reconstruction and answerSynthesis=false use the direct head: output gradients train the whole input state; enable answerSynthesis for the concluded-idea state boundary
    warnings.warn(f"{site} [config {cfg}]: {detail}", RuntimeWarning)

test/test_item7_predicate_identity.py::test_full_inventory_still_installs_and_forms_part_question
  /Users/arogers/github/WikiOracle/basicmodel/bin/Spaces.py:18192: RuntimeWarning: CS concept inventory exhausted (64 rows): concept 33 gets records only, no weighted reading (overflow #1)
    warnings.warn(

test/test_item7_predicate_identity.py::test_full_inventory_still_installs_and_forms_part_question
  /Users/arogers/github/WikiOracle/basicmodel/bin/Spaces.py:18192: RuntimeWarning: CS concept inventory exhausted (64 rows): concept 34 gets records only, no weighted reading (overflow #2)
    warnings.warn(

test/test_item7_predicate_identity.py::test_full_inventory_still_installs_and_forms_part_question
  /Users/arogers/github/WikiOracle/basicmodel/bin/Spaces.py:18192: RuntimeWarning: CS concept inventory exhausted (64 rows): concept 35 gets records only, no weighted reading (overflow #3)
    warnings.warn(

test/test_item7_predicate_identity.py::test_full_inventory_still_installs_and_forms_part_question
  /Users/arogers/github/WikiOracle/basicmodel/bin/Spaces.py:18192: RuntimeWarning: CS concept inventory exhausted (64 rows): concept 36 gets records only, no weighted reading (overflow #4)
    warnings.warn(

test/test_item7_predicate_identity.py::test_full_inventory_still_installs_and_forms_part_question
  /Users/arogers/github/WikiOracle/basicmodel/bin/Spaces.py:18192: RuntimeWarning: CS concept inventory exhausted (64 rows): concept 37 gets records only, no weighted reading (overflow #5)
    warnings.warn(

test/test_item7_predicate_identity.py::test_full_inventory_still_installs_and_forms_part_question
  /Users/arogers/github/WikiOracle/basicmodel/bin/Spaces.py:18192: RuntimeWarning: CS concept inventory exhausted (64 rows): concept 38 gets records only, no weighted reading (overflow #6)
    warnings.warn(

test/test_item7_predicate_identity.py::test_full_inventory_still_installs_and_forms_part_question
  /Users/arogers/github/WikiOracle/basicmodel/bin/Spaces.py:18192: RuntimeWarning: CS concept inventory exhausted (64 rows): concept 39 gets records only, no weighted reading (overflow #7)
    warnings.warn(

test/test_item7_predicate_identity.py::test_full_inventory_still_installs_and_forms_part_question
  /Users/arogers/github/WikiOracle/basicmodel/bin/Spaces.py:18192: RuntimeWarning: CS concept inventory exhausted (64 rows): concept 40 gets records only, no weighted reading (overflow #8)
    warnings.warn(

test/test_item7_predicate_identity.py::test_full_inventory_still_installs_and_forms_part_question
  /Users/arogers/github/WikiOracle/basicmodel/bin/Spaces.py:18192: RuntimeWarning: CS concept inventory exhausted (64 rows): concept 41 gets records only, no weighted reading (overflow #9)
    warnings.warn(

test/test_item7_predicate_identity.py::test_full_inventory_still_installs_and_forms_part_question
  /Users/arogers/github/WikiOracle/basicmodel/bin/Spaces.py:18192: RuntimeWarning: CS concept inventory exhausted (64 rows): concept 42 gets records only, no weighted reading (overflow #10)
    warnings.warn(

test/test_item7_predicate_identity.py::test_full_inventory_still_installs_and_forms_part_question
  /Users/arogers/github/WikiOracle/basicmodel/bin/Spaces.py:18192: RuntimeWarning: CS concept inventory exhausted (64 rows): concept 43 gets records only, no weighted reading (overflow #11)
    warnings.warn(

test/test_item7_predicate_identity.py::test_full_inventory_still_installs_and_forms_part_question
  /Users/arogers/github/WikiOracle/basicmodel/bin/Spaces.py:18192: RuntimeWarning: CS concept inventory exhausted (64 rows): concept 44 gets records only, no weighted reading (overflow #12)
    warnings.warn(

test/test_item7_predicate_identity.py::test_full_inventory_still_installs_and_forms_part_question
  /Users/arogers/github/WikiOracle/basicmodel/bin/Spaces.py:18192: RuntimeWarning: CS concept inventory exhausted (64 rows): concept 45 gets records only, no weighted reading (overflow #13)
    warnings.warn(

test/test_item7_predicate_identity.py::test_full_inventory_still_installs_and_forms_part_question
  /Users/arogers/github/WikiOracle/basicmodel/bin/Spaces.py:18192: RuntimeWarning: CS concept inventory exhausted (64 rows): concept 46 gets records only, no weighted reading (overflow #14)
    warnings.warn(

test/test_item7_predicate_identity.py::test_full_inventory_still_installs_and_forms_part_question
  /Users/arogers/github/WikiOracle/basicmodel/bin/Spaces.py:18192: RuntimeWarning: CS concept inventory exhausted (64 rows): concept 47 gets records only, no weighted reading (overflow #15)
    warnings.warn(

test/test_item7_predicate_identity.py::test_full_inventory_still_installs_and_forms_part_question
  /Users/arogers/github/WikiOracle/basicmodel/bin/Spaces.py:18192: RuntimeWarning: CS concept inventory exhausted (64 rows): concept 48 gets records only, no weighted reading (overflow #16)
    warnings.warn(

test/test_item7_predicate_identity.py::test_full_inventory_still_installs_and_forms_part_question
  /Users/arogers/github/WikiOracle/basicmodel/bin/Spaces.py:18192: RuntimeWarning: CS concept inventory exhausted (64 rows): concept 49 gets records only, no weighted reading (overflow #17)
    warnings.warn(

test/test_item7_predicate_identity.py::test_full_inventory_still_installs_and_forms_part_question
  /Users/arogers/github/WikiOracle/basicmodel/bin/Spaces.py:18192: RuntimeWarning: CS concept inventory exhausted (64 rows): concept 50 gets records only, no weighted reading (overflow #18)
    warnings.warn(

test/test_item7_predicate_identity.py::test_full_inventory_still_installs_and_forms_part_question
  /Users/arogers/github/WikiOracle/basicmodel/bin/Spaces.py:18192: RuntimeWarning: CS concept inventory exhausted (64 rows): concept 51 gets records only, no weighted reading (overflow #19)
    warnings.warn(

test/test_item7_predicate_identity.py::test_full_inventory_still_installs_and_forms_part_question
  /Users/arogers/github/WikiOracle/basicmodel/bin/Spaces.py:18192: RuntimeWarning: CS concept inventory exhausted (64 rows): concept 52 gets records only, no weighted reading (overflow #20)
    warnings.warn(

test/test_item7_predicate_identity.py::test_full_inventory_still_installs_and_forms_part_question
  /Users/arogers/github/WikiOracle/basicmodel/bin/Spaces.py:18192: RuntimeWarning: CS concept inventory exhausted (64 rows): concept 53 gets records only, no weighted reading (overflow #21)
    warnings.warn(

test/test_item7_predicate_identity.py::test_full_inventory_still_installs_and_forms_part_question
  /Users/arogers/github/WikiOracle/basicmodel/bin/Spaces.py:18192: RuntimeWarning: CS concept inventory exhausted (64 rows): concept 54 gets records only, no weighted reading (overflow #22)
    warnings.warn(

test/test_item7_predicate_identity.py::test_full_inventory_still_installs_and_forms_part_question
  /Users/arogers/github/WikiOracle/basicmodel/bin/Spaces.py:18192: RuntimeWarning: CS concept inventory exhausted (64 rows): concept 55 gets records only, no weighted reading (overflow #23)
    warnings.warn(

test/test_item7_predicate_identity.py::test_full_inventory_still_installs_and_forms_part_question
  /Users/arogers/github/WikiOracle/basicmodel/bin/Spaces.py:18192: RuntimeWarning: CS concept inventory exhausted (64 rows): concept 56 gets records only, no weighted reading (overflow #24)
    warnings.warn(

test/test_item7_predicate_identity.py::test_full_inventory_still_installs_and_forms_part_question
  /Users/arogers/github/WikiOracle/basicmodel/bin/Spaces.py:18192: RuntimeWarning: CS concept inventory exhausted (64 rows): concept 57 gets records only, no weighted reading (overflow #25)
    warnings.warn(

test/test_item7_predicate_identity.py::test_full_inventory_still_installs_and_forms_part_question
  /Users/arogers/github/WikiOracle/basicmodel/bin/Spaces.py:18192: RuntimeWarning: CS concept inventory exhausted (64 rows): concept 58 gets records only, no weighted reading (overflow #26)
    warnings.warn(

test/test_item7_predicate_identity.py::test_full_inventory_still_installs_and_forms_part_question
  /Users/arogers/github/WikiOracle/basicmodel/bin/Spaces.py:18192: RuntimeWarning: CS concept inventory exhausted (64 rows): concept 59 gets records only, no weighted reading (overflow #27)
    warnings.warn(

test/test_item7_predicate_identity.py::test_full_inventory_still_installs_and_forms_part_question
  /Users/arogers/github/WikiOracle/basicmodel/bin/Spaces.py:18192: RuntimeWarning: CS concept inventory exhausted (64 rows): concept 60 gets records only, no weighted reading (overflow #28)
    warnings.warn(

test/test_item7_predicate_identity.py::test_full_inventory_still_installs_and_forms_part_question
  /Users/arogers/github/WikiOracle/basicmodel/bin/Spaces.py:18192: RuntimeWarning: CS concept inventory exhausted (64 rows): concept 61 gets records only, no weighted reading (overflow #29)
    warnings.warn(

test/test_item7_predicate_identity.py::test_full_inventory_still_installs_and_forms_part_question
  /Users/arogers/github/WikiOracle/basicmodel/bin/Spaces.py:18192: RuntimeWarning: CS concept inventory exhausted (64 rows): concept 62 gets records only, no weighted reading (overflow #30)
    warnings.warn(

test/test_item7_predicate_identity.py::test_full_inventory_still_installs_and_forms_part_question
  /Users/arogers/github/WikiOracle/basicmodel/bin/Spaces.py:18192: RuntimeWarning: CS concept inventory exhausted (64 rows): concept 63 gets records only, no weighted reading (overflow #31)
    warnings.warn(

test/test_item7_property_only.py::test_dictionary_checkpoint_warns_and_keeps_prior_properties
  /Users/arogers/github/WikiOracle/basicmodel/bin/Models.py:5566: UserWarning: Shared ConceptualSpace checkpoint migration: selected the stage-0 similarity dictionary as canonical and replaced 21 divergent stage/alias tensor(s).
    self._canonicalize_shared_concept_checkpoint_state(state, model_state)

-- Docs: https://docs.pytest.org/en/stable/how-to/capture-warnings.html
=========================== short test summary info ============================
FAILED test/test_item7_end_state_storage.py::test_closing_discards_operations_without_changing_other_live_rows
1 failed, 81 passed, 53 warnings in 9.91s
