F                                                                        [100%]
=================================== FAILURES ===================================
_______________ TestXorGrammarLearnsXor.test_xor_class_accuracy ________________
test/test_explicit_dimensions.py:259: in test_xor_class_accuracy
    self.assertTrue(
E   AssertionError: False is not true : XOR_grammar requires all four answers correct: [0.4388618469238281, 0.33069509267807007, 0.8455155491828918, 0.6881134510040283]
----------------------------- Captured stdout call -----------------------------
Starting with dynamic 2-dim embedding (words added at runtime)
  Building span table: 0/4 docs
Device: cpu
Peer pipeline: static PS/WS stage bodies compiled separately; legacy compatibility scheduler remains outside fullgraph capture


==== BasicModel ====

Trial [1/1]
Baseline test pass skipped (--test not specified). Re-invoke train.py with --test to include baseline + post-epoch evaluation.
Epoch [1/400]
[AMP] off (fp32, MODEL_AMP unset or =off)
batch = 0 (warm-up, 100.00%)
Train Loss: output=0.1806, reconstruction=1.1064
Epoch [2/400]
batch = 0 (Δ=0.196s, 100.00%)
Train Loss: output=0.1758, reconstruction=0.5164
Epoch [3/400]
batch = 0 (Δ=0.197s, 100.00%)
Train Loss: output=0.1792, reconstruction=0.4548
Epoch [4/400]
batch = 0 (Δ=0.198s, 100.00%)
Train Loss: output=0.1780, reconstruction=0.4376
Epoch [5/400]
batch = 0 (Δ=0.186s, 100.00%)
Train Loss: output=0.1703, reconstruction=0.3601
Epoch [6/400]
batch = 0 (Δ=0.195s, 100.00%)
Train Loss: output=0.1752, reconstruction=0.3725
Epoch [7/400]
batch = 0 (Δ=0.197s, 100.00%)
Train Loss: output=0.1747, reconstruction=0.3640
Epoch [8/400]
batch = 0 (Δ=0.188s, 100.00%)
Train Loss: output=0.1741, reconstruction=0.3541
Epoch [9/400]
batch = 0 (Δ=0.193s, 100.00%)
Train Loss: output=0.1735, reconstruction=0.3448
Epoch [10/400]
batch = 0 (Δ=0.193s, 100.00%)
Train Loss: output=0.1729, reconstruction=0.3365
Epoch [11/400]
batch = 0 (Δ=0.194s, 100.00%)
Train Loss: output=0.1723, reconstruction=0.3289
Epoch [12/400]
batch = 0 (Δ=0.198s, 100.00%)
Train Loss: output=0.1716, reconstruction=0.3219
Epoch [13/400]
batch = 0 (Δ=0.207s, 100.00%)
Train Loss: output=0.1756, reconstruction=0.3805
Epoch [14/400]
batch = 0 (Δ=0.197s, 100.00%)
Train Loss: output=0.1762, reconstruction=0.3055
Epoch [15/400]
batch = 0 (Δ=0.194s, 100.00%)
Train Loss: output=0.1755, reconstruction=0.2998
Epoch [16/400]
batch = 0 (Δ=0.202s, 100.00%)
Train Loss: output=0.1753, reconstruction=0.2993
Epoch [17/400]
batch = 0 (Δ=0.195s, 100.00%)
Train Loss: output=0.1750, reconstruction=0.2953
Epoch [18/400]
batch = 0 (Δ=0.188s, 100.00%)
Train Loss: output=0.1743, reconstruction=0.2857
Epoch [19/400]
batch = 0 (Δ=0.206s, 100.00%)
Train Loss: output=0.1670, reconstruction=0.3530
Epoch [20/400]
batch = 0 (Δ=0.205s, 100.00%)
Train Loss: output=0.1652, reconstruction=0.3456
Epoch [21/400]
batch = 0 (Δ=0.194s, 100.00%)
Train Loss: output=0.1670, reconstruction=0.2938
Epoch [22/400]
batch = 0 (Δ=0.199s, 100.00%)
Train Loss: output=0.1613, reconstruction=0.3336
Epoch [23/400]
batch = 0 (Δ=0.200s, 100.00%)
Train Loss: output=0.1594, reconstruction=0.3298
Epoch [24/400]
batch = 0 (Δ=0.192s, 100.00%)
Train Loss: output=0.1693, reconstruction=0.2546
Epoch [25/400]
batch = 0 (Δ=0.193s, 100.00%)
Train Loss: output=0.1686, reconstruction=0.2556
Epoch [26/400]
batch = 0 (Δ=0.194s, 100.00%)
Train Loss: output=0.1678, reconstruction=0.2573
Epoch [27/400]
batch = 0 (Δ=0.209s, 100.00%)
Train Loss: output=0.1669, reconstruction=0.2593
Epoch [28/400]
batch = 0 (Δ=0.207s, 100.00%)
Train Loss: output=0.1659, reconstruction=0.2616
Epoch [29/400]
batch = 0 (Δ=0.192s, 100.00%)
Train Loss: output=0.1651, reconstruction=0.2609
Epoch [30/400]
batch = 0 (Δ=0.189s, 100.00%)
Train Loss: output=0.1640, reconstruction=0.2590
Epoch [31/400]
batch = 0 (Δ=0.190s, 100.00%)
Train Loss: output=0.1627, reconstruction=0.2594
Epoch [32/400]
batch = 0 (Δ=0.192s, 100.00%)
Train Loss: output=0.1613, reconstruction=0.2604
Epoch [33/400]
batch = 0 (Δ=0.194s, 100.00%)
Train Loss: output=0.1599, reconstruction=0.2610
Epoch [34/400]
batch = 0 (Δ=0.193s, 100.00%)
Train Loss: output=0.1587, reconstruction=0.2620
Epoch [35/400]
batch = 0 (Δ=0.198s, 100.00%)
Train Loss: output=0.1576, reconstruction=0.2634
Epoch [36/400]
batch = 0 (Δ=0.202s, 100.00%)
Train Loss: output=0.1565, reconstruction=0.2641
Epoch [37/400]
batch = 0 (Δ=0.187s, 100.00%)
Train Loss: output=0.1555, reconstruction=0.2643
Epoch [38/400]
batch = 0 (Δ=0.200s, 100.00%)
Train Loss: output=0.1544, reconstruction=0.2640
Epoch [39/400]
batch = 0 (Δ=0.303s, 100.00%)
Train Loss: output=0.1533, reconstruction=0.2632
Epoch [40/400]
batch = 0 (Δ=0.193s, 100.00%)
Train Loss: output=0.1522, reconstruction=0.2621
Epoch [41/400]
batch = 0 (Δ=0.201s, 100.00%)
Train Loss: output=0.1511, reconstruction=0.2614
Epoch [42/400]
batch = 0 (Δ=0.193s, 100.00%)
Train Loss: output=0.1500, reconstruction=0.2607
Epoch [43/400]
batch = 0 (Δ=0.192s, 100.00%)
Train Loss: output=0.1489, reconstruction=0.2595
Epoch [44/400]
batch = 0 (Δ=0.193s, 100.00%)
Train Loss: output=0.1478, reconstruction=0.2580
Epoch [45/400]
batch = 0 (Δ=0.195s, 100.00%)
Train Loss: output=0.1467, reconstruction=0.2564
Epoch [46/400]
batch = 0 (Δ=0.190s, 100.00%)
Train Loss: output=0.1458, reconstruction=0.2555
Epoch [47/400]
batch = 0 (Δ=0.197s, 100.00%)
Train Loss: output=0.1450, reconstruction=0.2550
Epoch [48/400]
batch = 0 (Δ=0.199s, 100.00%)
Train Loss: output=0.1442, reconstruction=0.2546
Epoch [49/400]
batch = 0 (Δ=0.189s, 100.00%)
Train Loss: output=0.1433, reconstruction=0.2545
Epoch [50/400]
batch = 0 (Δ=0.181s, 100.00%)
Train Loss: output=0.1425, reconstruction=0.2544
Epoch [51/400]
batch = 0 (Δ=0.192s, 100.00%)
Train Loss: output=0.1417, reconstruction=0.2542
Epoch [52/400]
batch = 0 (Δ=0.197s, 100.00%)
Train Loss: output=0.1406, reconstruction=0.2533
Epoch [53/400]
batch = 0 (Δ=0.191s, 100.00%)
Train Loss: output=0.1396, reconstruction=0.2519
Epoch [54/400]
batch = 0 (Δ=0.196s, 100.00%)
Train Loss: output=0.1385, reconstruction=0.2506
Epoch [55/400]
batch = 0 (Δ=0.199s, 100.00%)
Train Loss: output=0.1375, reconstruction=0.2495
Epoch [56/400]
batch = 0 (Δ=0.191s, 100.00%)
Train Loss: output=0.1365, reconstruction=0.2487
Epoch [57/400]
batch = 0 (Δ=0.190s, 100.00%)
Train Loss: output=0.1354, reconstruction=0.2484
Epoch [58/400]
batch = 0 (Δ=0.206s, 100.00%)
Train Loss: output=0.1344, reconstruction=0.2483
Epoch [59/400]
batch = 0 (Δ=0.198s, 100.00%)
Train Loss: output=0.1334, reconstruction=0.2481
Epoch [60/400]
batch = 0 (Δ=0.196s, 100.00%)
Train Loss: output=0.1326, reconstruction=0.2479
Epoch [61/400]
batch = 0 (Δ=0.203s, 100.00%)
Train Loss: output=0.1321, reconstruction=0.2480
Epoch [62/400]
batch = 0 (Δ=0.197s, 100.00%)
Train Loss: output=0.1312, reconstruction=0.2481
Epoch [63/400]
batch = 0 (Δ=0.186s, 100.00%)
Train Loss: output=0.1303, reconstruction=0.2483
Epoch [64/400]
batch = 0 (Δ=0.200s, 100.00%)
Train Loss: output=0.1750, reconstruction=0.1982
Epoch [65/400]
batch = 0 (Δ=0.196s, 100.00%)
Train Loss: output=0.1284, reconstruction=0.2480
Epoch [66/400]
batch = 0 (Δ=0.186s, 100.00%)
Train Loss: output=0.1275, reconstruction=0.2473
Epoch [67/400]
batch = 0 (Δ=0.199s, 100.00%)
Train Loss: output=0.1267, reconstruction=0.2462
Epoch [68/400]
batch = 0 (Δ=0.206s, 100.00%)
Train Loss: output=0.1302, reconstruction=0.2650
Epoch [69/400]
batch = 0 (Δ=0.188s, 100.00%)
Train Loss: output=0.1248, reconstruction=0.2448
Epoch [70/400]
batch = 0 (Δ=0.201s, 100.00%)
Train Loss: output=0.1691, reconstruction=0.1937
Epoch [71/400]
batch = 0 (Δ=0.195s, 100.00%)
Train Loss: output=0.1231, reconstruction=0.2446
Epoch [72/400]
batch = 0 (Δ=0.194s, 100.00%)
Train Loss: output=0.1223, reconstruction=0.2444
Epoch [73/400]
batch = 0 (Δ=0.200s, 100.00%)
Train Loss: output=0.1215, reconstruction=0.2437
Epoch [74/400]
batch = 0 (Δ=0.205s, 100.00%)
Train Loss: output=0.1206, reconstruction=0.2435
Epoch [75/400]
batch = 0 (Δ=0.192s, 100.00%)
Train Loss: output=0.1198, reconstruction=0.2439
Epoch [76/400]
batch = 0 (Δ=0.195s, 100.00%)
Train Loss: output=0.1189, reconstruction=0.2446
Epoch [77/400]
batch = 0 (Δ=0.192s, 100.00%)
Train Loss: output=0.1180, reconstruction=0.2456
Epoch [78/400]
batch = 0 (Δ=0.193s, 100.00%)
Train Loss: output=0.1171, reconstruction=0.2463
Epoch [79/400]
batch = 0 (Δ=0.200s, 100.00%)
Train Loss: output=0.1162, reconstruction=0.2468
Epoch [80/400]
batch = 0 (Δ=0.191s, 100.00%)
Train Loss: output=0.1153, reconstruction=0.2476
Epoch [81/400]
batch = 0 (Δ=0.197s, 100.00%)
Train Loss: output=0.1144, reconstruction=0.2489
Epoch [82/400]
batch = 0 (Δ=0.228s, 100.00%)
Train Loss: output=0.1134, reconstruction=0.2494
Epoch [83/400]
batch = 0 (Δ=0.196s, 100.00%)
Train Loss: output=0.1122, reconstruction=0.2493
Epoch [84/400]
batch = 0 (Δ=0.209s, 100.00%)
Train Loss: output=0.2076, reconstruction=0.3526
Epoch [85/400]
batch = 0 (Δ=0.300s, 100.00%)
Train Loss: output=0.2060, reconstruction=0.3540
Epoch [86/400]
batch = 0 (Δ=0.204s, 100.00%)
Train Loss: output=0.2036, reconstruction=0.3546
Epoch [87/400]
batch = 0 (Δ=0.193s, 100.00%)
Train Loss: output=0.2009, reconstruction=0.3555
Epoch [88/400]
batch = 0 (Δ=0.197s, 100.00%)
Train Loss: output=0.1981, reconstruction=0.3573
Epoch [89/400]
batch = 0 (Δ=0.203s, 100.00%)
Train Loss: output=0.1952, reconstruction=0.3594
Epoch [90/400]
batch = 0 (Δ=0.200s, 100.00%)
Train Loss: output=0.1922, reconstruction=0.3619
Epoch [91/400]
batch = 0 (Δ=0.192s, 100.00%)
Train Loss: output=0.2249, reconstruction=0.4882
Epoch [92/400]
batch = 0 (Δ=0.197s, 100.00%)
Train Loss: output=0.2248, reconstruction=0.4920
Epoch [93/400]
batch = 0 (Δ=0.199s, 100.00%)
Train Loss: output=0.2385, reconstruction=0.3319
Epoch [94/400]
batch = 0 (Δ=0.211s, 100.00%)
Train Loss: output=0.1682, reconstruction=0.3583
Epoch [95/400]
batch = 0 (Δ=0.193s, 100.00%)
Train Loss: output=0.1811, reconstruction=0.3797
Epoch [96/400]
batch = 0 (Δ=0.200s, 100.00%)
Train Loss: output=0.1785, reconstruction=0.3827
Epoch [97/400]
batch = 0 (Δ=0.191s, 100.00%)
Train Loss: output=0.1158, reconstruction=0.2710
Epoch [98/400]
batch = 0 (Δ=0.189s, 100.00%)
Train Loss: output=0.1145, reconstruction=0.3036
Epoch [99/400]
batch = 0 (Δ=0.203s, 100.00%)
Train Loss: output=0.1158, reconstruction=0.3075
Epoch [100/400]
batch = 0 (Δ=0.207s, 100.00%)
Train Loss: output=0.1164, reconstruction=0.3093
Epoch [101/400]
batch = 0 (Δ=0.198s, 100.00%)
Train Loss: output=0.2458, reconstruction=0.3501
Epoch [102/400]
batch = 0 (Δ=0.205s, 100.00%)
Train Loss: output=0.1171, reconstruction=0.3142
Epoch [103/400]
batch = 0 (Δ=0.191s, 100.00%)
Train Loss: output=0.1175, reconstruction=0.3204
Epoch [104/400]
batch = 0 (Δ=0.193s, 100.00%)
Train Loss: output=0.1178, reconstruction=0.3282
Epoch [105/400]
batch = 0 (Δ=0.205s, 100.00%)
Train Loss: output=0.1182, reconstruction=0.3366
Epoch [106/400]
batch = 0 (Δ=0.191s, 100.00%)
Train Loss: output=0.1184, reconstruction=0.3444
Epoch [107/400]
batch = 0 (Δ=0.205s, 100.00%)
Train Loss: output=0.1189, reconstruction=0.3489
Epoch [108/400]
batch = 0 (Δ=0.192s, 100.00%)
Train Loss: output=0.1185, reconstruction=0.3507
Epoch [109/400]
batch = 0 (Δ=0.195s, 100.00%)
Train Loss: output=0.1655, reconstruction=0.3259
Epoch [110/400]
batch = 0 (Δ=0.195s, 100.00%)
Train Loss: output=0.1184, reconstruction=0.3509
Epoch [111/400]
batch = 0 (Δ=0.217s, 100.00%)
Train Loss: output=0.1037, reconstruction=0.3303
Epoch [112/400]
batch = 0 (Δ=0.202s, 100.00%)
Train Loss: output=0.1690, reconstruction=0.4172
Epoch [113/400]
batch = 0 (Δ=0.202s, 100.00%)
Train Loss: output=0.1178, reconstruction=0.3523
Epoch [114/400]
batch = 0 (Δ=0.223s, 100.00%)
Train Loss: output=0.1177, reconstruction=0.3542
Epoch [115/400]
batch = 0 (Δ=0.204s, 100.00%)
Train Loss: output=0.1177, reconstruction=0.3562
Epoch [116/400]
batch = 0 (Δ=0.198s, 100.00%)
Train Loss: output=0.1175, reconstruction=0.3579
Epoch [117/400]
batch = 0 (Δ=0.208s, 100.00%)
Train Loss: output=0.1174, reconstruction=0.3586
Epoch [118/400]
batch = 0 (Δ=0.213s, 100.00%)
Train Loss: output=0.1172, reconstruction=0.3589
Epoch [119/400]
batch = 0 (Δ=0.199s, 100.00%)
Train Loss: output=0.1169, reconstruction=0.3581
Epoch [120/400]
batch = 0 (Δ=0.201s, 100.00%)
Train Loss: output=0.1167, reconstruction=0.3557
Epoch [121/400]
batch = 0 (Δ=0.213s, 100.00%)
Train Loss: output=0.1163, reconstruction=0.3522
Epoch [122/400]
batch = 0 (Δ=0.208s, 100.00%)
Train Loss: output=0.1160, reconstruction=0.3480
Epoch [123/400]
batch = 0 (Δ=0.199s, 100.00%)
Train Loss: output=0.1156, reconstruction=0.3444
Epoch [124/400]
batch = 0 (Δ=0.211s, 100.00%)
Train Loss: output=0.1152, reconstruction=0.3428
Epoch [125/400]
batch = 0 (Δ=0.212s, 100.00%)
Train Loss: output=0.1148, reconstruction=0.3425
Epoch [126/400]
batch = 0 (Δ=0.206s, 100.00%)
Train Loss: output=0.1143, reconstruction=0.3422
Epoch [127/400]
batch = 0 (Δ=0.232s, 100.00%)
Train Loss: output=0.1139, reconstruction=0.3409
Epoch [128/400]
batch = 0 (Δ=0.212s, 100.00%)
Train Loss: output=0.1138, reconstruction=0.3394
Epoch [129/400]
batch = 0 (Δ=0.202s, 100.00%)
Train Loss: output=0.1146, reconstruction=0.3380
Epoch [130/400]
batch = 0 (Δ=0.371s, 100.00%)
Train Loss: output=0.1155, reconstruction=0.3368
Epoch [131/400]
batch = 0 (Δ=0.195s, 100.00%)
Train Loss: output=0.1164, reconstruction=0.3354
Epoch [132/400]
batch = 0 (Δ=0.206s, 100.00%)
Train Loss: output=0.1174, reconstruction=0.3331
Epoch [133/400]
batch = 0 (Δ=0.212s, 100.00%)
Train Loss: output=0.1176, reconstruction=0.3305
Epoch [134/400]
batch = 0 (Δ=0.206s, 100.00%)
Train Loss: output=0.1174, reconstruction=0.3285
Epoch [135/400]
batch = 0 (Δ=0.209s, 100.00%)
Train Loss: output=0.1173, reconstruction=0.3274
Epoch [136/400]
batch = 0 (Δ=0.220s, 100.00%)
Train Loss: output=0.1173, reconstruction=0.3262
Epoch [137/400]
batch = 0 (Δ=0.210s, 100.00%)
Train Loss: output=0.1171, reconstruction=0.3243
Epoch [138/400]
batch = 0 (Δ=0.197s, 100.00%)
Train Loss: output=0.1169, reconstruction=0.3221
Epoch [139/400]
batch = 0 (Δ=0.216s, 100.00%)
Train Loss: output=0.1166, reconstruction=0.3196
Epoch [140/400]
batch = 0 (Δ=0.211s, 100.00%)
Train Loss: output=0.1357, reconstruction=0.2518
Epoch [141/400]
batch = 0 (Δ=0.209s, 100.00%)
Train Loss: output=0.1160, reconstruction=0.3158
Epoch [142/400]
batch = 0 (Δ=0.215s, 100.00%)
Train Loss: output=0.1155, reconstruction=0.3142
Epoch [143/400]
batch = 0 (Δ=0.203s, 100.00%)
Train Loss: output=0.1350, reconstruction=0.2473
Epoch [144/400]
batch = 0 (Δ=0.202s, 100.00%)
Train Loss: output=0.1535, reconstruction=0.1941
Epoch [145/400]
batch = 0 (Δ=0.231s, 100.00%)
Train Loss: output=0.1134, reconstruction=0.3104
Epoch [146/400]
batch = 0 (Δ=0.199s, 100.00%)
Train Loss: output=0.2303, reconstruction=0.2481
Epoch [147/400]
batch = 0 (Δ=0.202s, 100.00%)
Train Loss: output=0.2837, reconstruction=0.2861
Epoch [148/400]
batch = 0 (Δ=0.214s, 100.00%)
Train Loss: output=0.1911, reconstruction=0.2980
Epoch [149/400]
batch = 0 (Δ=0.207s, 100.00%)
Train Loss: output=0.1891, reconstruction=0.3011
Epoch [150/400]
batch = 0 (Δ=0.202s, 100.00%)
Train Loss: output=0.1867, reconstruction=0.3042
Epoch [151/400]
batch = 0 (Δ=0.222s, 100.00%)
Train Loss: output=0.1842, reconstruction=0.3075
Epoch [152/400]
batch = 0 (Δ=0.205s, 100.00%)
Train Loss: output=0.1819, reconstruction=0.3115
Epoch [153/400]
batch = 0 (Δ=0.200s, 100.00%)
Train Loss: output=0.1798, reconstruction=0.3166
Epoch [154/400]
batch = 0 (Δ=0.214s, 100.00%)
Train Loss: output=0.1779, reconstruction=0.3216
Epoch [155/400]
batch = 0 (Δ=0.211s, 100.00%)
Train Loss: output=0.1762, reconstruction=0.3258
Epoch [156/400]
batch = 0 (Δ=0.206s, 100.00%)
Train Loss: output=0.1745, reconstruction=0.3280
Epoch [157/400]
batch = 0 (Δ=0.223s, 100.00%)
Train Loss: output=0.1727, reconstruction=0.3285
Epoch [158/400]
batch = 0 (Δ=0.209s, 100.00%)
Train Loss: output=0.1709, reconstruction=0.3274
Epoch [159/400]
batch = 0 (Δ=0.198s, 100.00%)
Train Loss: output=0.1714, reconstruction=0.3826
Epoch [160/400]
batch = 0 (Δ=0.222s, 100.00%)
Train Loss: output=0.1680, reconstruction=0.3248
Epoch [161/400]
batch = 0 (Δ=0.210s, 100.00%)
Train Loss: output=0.1673, reconstruction=0.3248
Epoch [162/400]
batch = 0 (Δ=0.196s, 100.00%)
Train Loss: output=0.1667, reconstruction=0.3250
Epoch [163/400]
batch = 0 (Δ=0.205s, 100.00%)
Train Loss: output=0.1662, reconstruction=0.3253
Epoch [164/400]
batch = 0 (Δ=0.221s, 100.00%)
Train Loss: output=0.1654, reconstruction=0.3815
Epoch [165/400]
batch = 0 (Δ=0.201s, 100.00%)
Train Loss: output=0.1652, reconstruction=0.3238
Epoch [166/400]
batch = 0 (Δ=0.203s, 100.00%)
Train Loss: output=0.1646, reconstruction=0.3223
Epoch [167/400]
batch = 0 (Δ=0.214s, 100.00%)
Train Loss: output=0.1637, reconstruction=0.3207
Epoch [168/400]
batch = 0 (Δ=0.201s, 100.00%)
Train Loss: output=0.1627, reconstruction=0.3184
Epoch [169/400]
batch = 0 (Δ=0.199s, 100.00%)
Train Loss: output=0.1617, reconstruction=0.3162
Epoch [170/400]
batch = 0 (Δ=0.225s, 100.00%)
Train Loss: output=0.1607, reconstruction=0.3150
Epoch [171/400]
batch = 0 (Δ=0.333s, 100.00%)
Train Loss: output=0.1597, reconstruction=0.3147
Epoch [172/400]
batch = 0 (Δ=0.214s, 100.00%)
Train Loss: output=0.2518, reconstruction=0.2514
Epoch [173/400]
batch = 0 (Δ=0.197s, 100.00%)
Train Loss: output=0.1581, reconstruction=0.3135
Epoch [174/400]
batch = 0 (Δ=0.191s, 100.00%)
Train Loss: output=0.1577, reconstruction=0.3127
Epoch [175/400]
batch = 0 (Δ=0.215s, 100.00%)
Train Loss: output=0.2267, reconstruction=0.2468
Epoch [176/400]
batch = 0 (Δ=0.204s, 100.00%)
Train Loss: output=0.1569, reconstruction=0.3095
Epoch [177/400]
batch = 0 (Δ=0.199s, 100.00%)
Train Loss: output=0.1566, reconstruction=0.3092
Epoch [178/400]
batch = 0 (Δ=0.216s, 100.00%)
Train Loss: output=0.1564, reconstruction=0.3086
Epoch [179/400]
batch = 0 (Δ=0.221s, 100.00%)
Train Loss: output=0.1562, reconstruction=0.3078
Epoch [180/400]
batch = 0 (Δ=0.206s, 100.00%)
Train Loss: output=0.1561, reconstruction=0.3067
Epoch [181/400]
batch = 0 (Δ=0.203s, 100.00%)
Train Loss: output=0.1559, reconstruction=0.3055
Epoch [182/400]
batch = 0 (Δ=0.200s, 100.00%)
Train Loss: output=0.1353, reconstruction=0.3589
Epoch [183/400]
batch = 0 (Δ=0.200s, 100.00%)
Train Loss: output=0.1338, reconstruction=0.3570
Epoch [184/400]
batch = 0 (Δ=0.193s, 100.00%)
Train Loss: output=0.1562, reconstruction=0.2997
Epoch [185/400]
batch = 0 (Δ=0.201s, 100.00%)
Train Loss: output=0.1205, reconstruction=0.2482
Epoch [186/400]
batch = 0 (Δ=0.197s, 100.00%)
Train Loss: output=0.1190, reconstruction=0.2484
Epoch [187/400]
batch = 0 (Δ=0.198s, 100.00%)
Train Loss: output=0.0864, reconstruction=0.3040
Epoch [188/400]
batch = 0 (Δ=0.199s, 100.00%)
Train Loss: output=0.2775, reconstruction=0.4157
Epoch [189/400]
batch = 0 (Δ=0.209s, 100.00%)
Train Loss: output=0.2801, reconstruction=0.4153
Epoch [190/400]
batch = 0 (Δ=0.200s, 100.00%)
Train Loss: output=0.2349, reconstruction=0.3634
Epoch [191/400]
batch = 0 (Δ=0.195s, 100.00%)
Train Loss: output=0.2314, reconstruction=0.3622
Epoch [192/400]
batch = 0 (Δ=0.208s, 100.00%)
Train Loss: output=0.2245, reconstruction=0.3603
Epoch [193/400]
batch = 0 (Δ=0.206s, 100.00%)
Train Loss: output=0.2171, reconstruction=0.3578
Epoch [194/400]
batch = 0 (Δ=0.200s, 100.00%)
Train Loss: output=0.2098, reconstruction=0.3566
Epoch [195/400]
batch = 0 (Δ=0.208s, 100.00%)
Train Loss: output=0.2031, reconstruction=0.3567
Epoch [196/400]
batch = 0 (Δ=0.205s, 100.00%)
Train Loss: output=0.1971, reconstruction=0.3575
Epoch [197/400]
batch = 0 (Δ=0.192s, 100.00%)
Train Loss: output=0.1920, reconstruction=0.3580
Epoch [198/400]
batch = 0 (Δ=0.212s, 100.00%)
Train Loss: output=0.1879, reconstruction=0.3572
Epoch [199/400]
batch = 0 (Δ=0.223s, 100.00%)
Train Loss: output=0.1847, reconstruction=0.3551
Epoch [200/400]
batch = 0 (Δ=0.201s, 100.00%)
Train Loss: output=0.1825, reconstruction=0.3539
Epoch [201/400]
batch = 0 (Δ=0.216s, 100.00%)
Train Loss: output=0.1811, reconstruction=0.3524
Epoch [202/400]
batch = 0 (Δ=0.222s, 100.00%)
Train Loss: output=0.2358, reconstruction=0.2368
Epoch [203/400]
batch = 0 (Δ=0.204s, 100.00%)
Train Loss: output=0.1800, reconstruction=0.3513
Epoch [204/400]
batch = 0 (Δ=0.215s, 100.00%)
Train Loss: output=0.1801, reconstruction=0.3520
Epoch [205/400]
batch = 0 (Δ=0.227s, 100.00%)
Train Loss: output=0.2252, reconstruction=0.2363
Epoch [206/400]
batch = 0 (Δ=0.299s, 100.00%)
Train Loss: output=0.1809, reconstruction=0.2371
Epoch [207/400]
batch = 0 (Δ=0.213s, 100.00%)
Train Loss: output=0.1810, reconstruction=0.3528
Epoch [208/400]
batch = 0 (Δ=0.211s, 100.00%)
Train Loss: output=0.1810, reconstruction=0.3539
Epoch [209/400]
batch = 0 (Δ=0.197s, 100.00%)
Train Loss: output=0.1807, reconstruction=0.3542
Epoch [210/400]
batch = 0 (Δ=0.213s, 100.00%)
Train Loss: output=0.1803, reconstruction=0.3535
Epoch [211/400]
batch = 0 (Δ=0.206s, 100.00%)
Train Loss: output=0.1797, reconstruction=0.3520
Epoch [212/400]
batch = 0 (Δ=0.192s, 100.00%)
Train Loss: output=0.1790, reconstruction=0.3506
Epoch [213/400]
batch = 0 (Δ=0.194s, 100.00%)
Train Loss: output=0.1781, reconstruction=0.3499
Epoch [214/400]
batch = 0 (Δ=0.195s, 100.00%)
Train Loss: output=0.1772, reconstruction=0.3488
Epoch [215/400]
batch = 0 (Δ=0.199s, 100.00%)
Train Loss: output=0.1831, reconstruction=0.2926
Epoch [216/400]
batch = 0 (Δ=0.199s, 100.00%)
Train Loss: output=0.1751, reconstruction=0.3487
Epoch [217/400]
batch = 0 (Δ=0.230s, 100.00%)
Train Loss: output=0.1740, reconstruction=0.3496
Epoch [218/400]
batch = 0 (Δ=0.204s, 100.00%)
Train Loss: output=0.2151, reconstruction=0.2950
Epoch [219/400]
batch = 0 (Δ=0.200s, 100.00%)
Train Loss: output=0.1724, reconstruction=0.3498
Epoch [220/400]
batch = 0 (Δ=0.232s, 100.00%)
Train Loss: output=0.1706, reconstruction=0.4092
Epoch [221/400]
batch = 0 (Δ=0.204s, 100.00%)
Train Loss: output=0.1712, reconstruction=0.3481
Epoch [222/400]
batch = 0 (Δ=0.199s, 100.00%)
Train Loss: output=0.1746, reconstruction=0.3946
Epoch [223/400]
batch = 0 (Δ=0.219s, 100.00%)
Train Loss: output=0.1641, reconstruction=0.2496
Epoch [224/400]
batch = 0 (Δ=0.210s, 100.00%)
Train Loss: output=0.1757, reconstruction=0.3946
Epoch [225/400]
batch = 0 (Δ=0.197s, 100.00%)
Train Loss: output=0.1695, reconstruction=0.3470
Epoch [226/400]
batch = 0 (Δ=0.212s, 100.00%)
Train Loss: output=0.1691, reconstruction=0.3468
Epoch [227/400]
batch = 0 (Δ=0.205s, 100.00%)
Train Loss: output=0.1686, reconstruction=0.3474
Epoch [228/400]
batch = 0 (Δ=0.202s, 100.00%)
Train Loss: output=0.1618, reconstruction=0.2489
Epoch [229/400]
batch = 0 (Δ=0.213s, 100.00%)
Train Loss: output=0.1678, reconstruction=0.3466
Epoch [230/400]
batch = 0 (Δ=0.201s, 100.00%)
Train Loss: output=0.1673, reconstruction=0.3453
Epoch [231/400]
batch = 0 (Δ=0.193s, 100.00%)
Train Loss: output=0.1669, reconstruction=0.3445
Epoch [232/400]
batch = 0 (Δ=0.209s, 100.00%)
Train Loss: output=0.2316, reconstruction=0.3713
Epoch [233/400]
batch = 0 (Δ=0.223s, 100.00%)
Train Loss: output=0.1661, reconstruction=0.3454
Epoch [234/400]
batch = 0 (Δ=0.203s, 100.00%)
Train Loss: output=0.1630, reconstruction=0.2340
Epoch [235/400]
batch = 0 (Δ=0.197s, 100.00%)
Train Loss: output=0.1654, reconstruction=0.3448
Epoch [236/400]
batch = 0 (Δ=0.193s, 100.00%)
Train Loss: output=0.1650, reconstruction=0.3430
Epoch [237/400]
batch = 0 (Δ=0.203s, 100.00%)
Train Loss: output=0.2092, reconstruction=0.3862
Epoch [238/400]
batch = 0 (Δ=0.202s, 100.00%)
Train Loss: output=0.1643, reconstruction=0.3411
Epoch [239/400]
batch = 0 (Δ=0.212s, 100.00%)
Train Loss: output=0.1640, reconstruction=0.3403
Epoch [240/400]
batch = 0 (Δ=0.212s, 100.00%)
Train Loss: output=0.2005, reconstruction=0.2285
Epoch [241/400]
batch = 0 (Δ=0.201s, 100.00%)
Train Loss: output=0.1435, reconstruction=0.2430
Epoch [242/400]
batch = 0 (Δ=0.217s, 100.00%)
Train Loss: output=0.1407, reconstruction=0.2431
Epoch [243/400]
batch = 0 (Δ=0.218s, 100.00%)
Train Loss: output=0.1375, reconstruction=0.2433
Epoch [244/400]
batch = 0 (Δ=0.326s, 100.00%)
Train Loss: output=0.1340, reconstruction=0.2436
Epoch [245/400]
batch = 0 (Δ=0.223s, 100.00%)
Train Loss: output=0.1305, reconstruction=0.2435
Epoch [246/400]
batch = 0 (Δ=0.208s, 100.00%)
Train Loss: output=0.1540, reconstruction=0.2875
Epoch [247/400]
batch = 0 (Δ=0.200s, 100.00%)
Train Loss: output=0.1224, reconstruction=0.2433
Epoch [248/400]
batch = 0 (Δ=0.222s, 100.00%)
Train Loss: output=0.1181, reconstruction=0.2438
Epoch [249/400]
batch = 0 (Δ=0.207s, 100.00%)
Train Loss: output=0.1265, reconstruction=0.1451
Epoch [250/400]
batch = 0 (Δ=0.203s, 100.00%)
Train Loss: output=0.1094, reconstruction=0.2440
Epoch [251/400]
batch = 0 (Δ=0.217s, 100.00%)
Train Loss: output=0.1053, reconstruction=0.2432
Epoch [252/400]
batch = 0 (Δ=0.206s, 100.00%)
Train Loss: output=0.1014, reconstruction=0.2418
Epoch [253/400]
batch = 0 (Δ=0.205s, 100.00%)
Train Loss: output=0.0975, reconstruction=0.2410
Epoch [254/400]
batch = 0 (Δ=0.206s, 100.00%)
Train Loss: output=0.0938, reconstruction=0.2411
Epoch [255/400]
batch = 0 (Δ=0.202s, 100.00%)
Train Loss: output=0.0902, reconstruction=0.2421
Epoch [256/400]
batch = 0 (Δ=0.194s, 100.00%)
Train Loss: output=0.0867, reconstruction=0.2436
Epoch [257/400]
batch = 0 (Δ=0.204s, 100.00%)
Train Loss: output=0.0833, reconstruction=0.2452
Epoch [258/400]
batch = 0 (Δ=0.199s, 100.00%)
Train Loss: output=0.1243, reconstruction=0.2869
Epoch [259/400]
batch = 0 (Δ=0.198s, 100.00%)
Train Loss: output=0.1166, reconstruction=0.2273
Epoch [260/400]
batch = 0 (Δ=0.197s, 100.00%)
Train Loss: output=0.1162, reconstruction=0.2755
Epoch [261/400]
batch = 0 (Δ=0.201s, 100.00%)
Train Loss: output=0.0719, reconstruction=0.2432
Epoch [262/400]
batch = 0 (Δ=0.200s, 100.00%)
Train Loss: output=0.0694, reconstruction=0.2427
Epoch [263/400]
batch = 0 (Δ=0.197s, 100.00%)
Train Loss: output=0.1150, reconstruction=0.1795
Epoch [264/400]
batch = 0 (Δ=0.197s, 100.00%)
Train Loss: output=0.0651, reconstruction=0.2417
Epoch [265/400]
batch = 0 (Δ=0.196s, 100.00%)
Train Loss: output=0.0631, reconstruction=0.2416
Epoch [266/400]
batch = 0 (Δ=0.203s, 100.00%)
Train Loss: output=0.0612, reconstruction=0.2416
Epoch [267/400]
batch = 0 (Δ=0.198s, 100.00%)
Train Loss: output=0.0595, reconstruction=0.2426
Epoch [268/400]
batch = 0 (Δ=0.206s, 100.00%)
Train Loss: output=0.0578, reconstruction=0.2438
Epoch [269/400]
batch = 0 (Δ=0.204s, 100.00%)
Train Loss: output=0.0563, reconstruction=0.2444
Epoch [270/400]
batch = 0 (Δ=0.194s, 100.00%)
Train Loss: output=0.0549, reconstruction=0.2447
Epoch [271/400]
batch = 0 (Δ=0.212s, 100.00%)
Train Loss: output=0.0535, reconstruction=0.2454
Epoch [272/400]
batch = 0 (Δ=0.220s, 100.00%)
Train Loss: output=0.0521, reconstruction=0.2455
Epoch [273/400]
batch = 0 (Δ=0.197s, 100.00%)
Train Loss: output=0.0508, reconstruction=0.2454
Epoch [274/400]
batch = 0 (Δ=0.198s, 100.00%)
Train Loss: output=0.0497, reconstruction=0.2453
Epoch [275/400]
batch = 0 (Δ=0.213s, 100.00%)
Train Loss: output=0.0488, reconstruction=0.2448
Epoch [276/400]
batch = 0 (Δ=0.200s, 100.00%)
Train Loss: output=0.0477, reconstruction=0.2450
Epoch [277/400]
batch = 0 (Δ=0.205s, 100.00%)
Train Loss: output=0.0467, reconstruction=0.2442
Epoch [278/400]
batch = 0 (Δ=0.216s, 100.00%)
Train Loss: output=0.1163, reconstruction=0.2814
Epoch [279/400]
batch = 0 (Δ=0.198s, 100.00%)
Train Loss: output=0.0450, reconstruction=0.2443
Epoch [280/400]
batch = 0 (Δ=0.197s, 100.00%)
Train Loss: output=0.0442, reconstruction=0.2453
Epoch [281/400]
batch = 0 (Δ=0.216s, 100.00%)
Train Loss: output=0.0434, reconstruction=0.2461
Epoch [282/400]
batch = 0 (Δ=0.203s, 100.00%)
Train Loss: output=0.0427, reconstruction=0.2471
Epoch [283/400]
batch = 0 (Δ=0.197s, 100.00%)
Train Loss: output=0.0421, reconstruction=0.2473
Epoch [284/400]
batch = 0 (Δ=0.226s, 100.00%)
Train Loss: output=0.0415, reconstruction=0.2464
Epoch [285/400]
batch = 0 (Δ=0.222s, 100.00%)
Train Loss: output=0.0409, reconstruction=0.2456
Epoch [286/400]
batch = 0 (Δ=0.205s, 100.00%)
Train Loss: output=0.1319, reconstruction=0.3017
Epoch [287/400]
batch = 0 (Δ=0.220s, 100.00%)
Train Loss: output=0.0398, reconstruction=0.2449
Epoch [288/400]
batch = 0 (Δ=0.222s, 100.00%)
Train Loss: output=0.0394, reconstruction=0.2438
Epoch [289/400]
batch = 0 (Δ=0.326s, 100.00%)
Train Loss: output=0.0389, reconstruction=0.2436
Epoch [290/400]
batch = 0 (Δ=0.210s, 100.00%)
Train Loss: output=0.0385, reconstruction=0.2436
Epoch [291/400]
batch = 0 (Δ=0.204s, 100.00%)
Train Loss: output=0.0381, reconstruction=0.2439
Epoch [292/400]
batch = 0 (Δ=0.206s, 100.00%)
Train Loss: output=0.0187, reconstruction=0.2904
Epoch [293/400]
batch = 0 (Δ=0.209s, 100.00%)
Train Loss: output=0.0371, reconstruction=0.2445
Epoch [294/400]
batch = 0 (Δ=0.218s, 100.00%)
Train Loss: output=0.0368, reconstruction=0.2455
Epoch [295/400]
batch = 0 (Δ=0.205s, 100.00%)
Train Loss: output=0.0364, reconstruction=0.2467
Epoch [296/400]
batch = 0 (Δ=0.252s, 100.00%)
Train Loss: output=0.0361, reconstruction=0.2480
Epoch [297/400]
batch = 0 (Δ=0.212s, 100.00%)
Train Loss: output=0.0357, reconstruction=0.2477
Epoch [298/400]
batch = 0 (Δ=0.194s, 100.00%)
Train Loss: output=0.0354, reconstruction=0.2461
Epoch [299/400]
batch = 0 (Δ=0.210s, 100.00%)
Train Loss: output=0.0351, reconstruction=0.2444
Epoch [300/400]
batch = 0 (Δ=0.209s, 100.00%)
Train Loss: output=0.0348, reconstruction=0.2433
Epoch [301/400]
batch = 0 (Δ=0.196s, 100.00%)
Train Loss: output=0.0345, reconstruction=0.2429
Epoch [302/400]
batch = 0 (Δ=0.209s, 100.00%)
Train Loss: output=0.0342, reconstruction=0.2425
Epoch [303/400]
batch = 0 (Δ=0.219s, 100.00%)
Train Loss: output=0.0338, reconstruction=0.2419
Epoch [304/400]
batch = 0 (Δ=0.197s, 100.00%)
Train Loss: output=0.0335, reconstruction=0.2421
Epoch [305/400]
batch = 0 (Δ=0.204s, 100.00%)
Train Loss: output=0.0332, reconstruction=0.2421
Epoch [306/400]
batch = 0 (Δ=0.221s, 100.00%)
Train Loss: output=0.0329, reconstruction=0.2421
Epoch [307/400]
batch = 0 (Δ=0.197s, 100.00%)
Train Loss: output=0.0326, reconstruction=0.2421
Epoch [308/400]
batch = 0 (Δ=0.200s, 100.00%)
Train Loss: output=0.0323, reconstruction=0.2420
Epoch [309/400]
batch = 0 (Δ=0.215s, 100.00%)
Train Loss: output=0.1499, reconstruction=0.1513
Epoch [310/400]
batch = 0 (Δ=0.203s, 100.00%)
Train Loss: output=0.0316, reconstruction=0.2431
Epoch [311/400]
batch = 0 (Δ=0.194s, 100.00%)
Train Loss: output=0.0314, reconstruction=0.2442
Epoch [312/400]
batch = 0 (Δ=0.220s, 100.00%)
Train Loss: output=0.0312, reconstruction=0.2454
Epoch [313/400]
batch = 0 (Δ=0.214s, 100.00%)
Train Loss: output=0.0309, reconstruction=0.2468
Epoch [314/400]
batch = 0 (Δ=0.199s, 100.00%)
Train Loss: output=0.0305, reconstruction=0.2473
Epoch [315/400]
batch = 0 (Δ=0.213s, 100.00%)
Train Loss: output=0.0302, reconstruction=0.2455
Epoch [316/400]
batch = 0 (Δ=0.207s, 100.00%)
Train Loss: output=0.1168, reconstruction=0.3447
Epoch [317/400]
batch = 0 (Δ=0.196s, 100.00%)
Train Loss: output=0.1274, reconstruction=0.1713
Epoch [318/400]
batch = 0 (Δ=0.216s, 100.00%)
Train Loss: output=0.0296, reconstruction=0.2407
Epoch [319/400]
batch = 0 (Δ=0.215s, 100.00%)
Train Loss: output=0.0294, reconstruction=0.2403
Epoch [320/400]
batch = 0 (Δ=0.189s, 100.00%)
Train Loss: output=0.0290, reconstruction=0.2403
Epoch [321/400]
batch = 0 (Δ=0.205s, 100.00%)
Train Loss: output=0.0285, reconstruction=0.2411
Epoch [322/400]
batch = 0 (Δ=0.221s, 100.00%)
Train Loss: output=0.1278, reconstruction=0.2989
Epoch [323/400]
batch = 0 (Δ=0.205s, 100.00%)
Train Loss: output=0.0281, reconstruction=0.2431
Epoch [324/400]
batch = 0 (Δ=0.202s, 100.00%)
Train Loss: output=0.0279, reconstruction=0.2435
Epoch [325/400]
batch = 0 (Δ=0.216s, 100.00%)
Train Loss: output=0.0275, reconstruction=0.2442
Epoch [326/400]
batch = 0 (Δ=0.197s, 100.00%)
Train Loss: output=0.0271, reconstruction=0.2455
Epoch [327/400]
batch = 0 (Δ=0.200s, 100.00%)
Train Loss: output=0.0268, reconstruction=0.2470
Epoch [328/400]
batch = 0 (Δ=0.222s, 100.00%)
Train Loss: output=0.0149, reconstruction=0.2966
Epoch [329/400]
batch = 0 (Δ=0.211s, 100.00%)
Train Loss: output=0.0263, reconstruction=0.2517
Epoch [330/400]
batch = 0 (Δ=0.193s, 100.00%)
Train Loss: output=0.0261, reconstruction=0.2525
Epoch [331/400]
batch = 0 (Δ=0.200s, 100.00%)
Train Loss: output=0.0259, reconstruction=0.2518
Epoch [332/400]
batch = 0 (Δ=0.217s, 100.00%)
Train Loss: output=0.0257, reconstruction=0.2494
Epoch [333/400]
batch = 0 (Δ=0.197s, 100.00%)
Train Loss: output=0.0254, reconstruction=0.2474
Epoch [334/400]
batch = 0 (Δ=0.206s, 100.00%)
Train Loss: output=0.0252, reconstruction=0.2478
Epoch [335/400]
batch = 0 (Δ=0.214s, 100.00%)
Train Loss: output=0.0249, reconstruction=0.2496
Epoch [336/400]
batch = 0 (Δ=0.321s, 100.00%)
Train Loss: output=0.0246, reconstruction=0.2508
Epoch [337/400]
batch = 0 (Δ=0.218s, 100.00%)
Train Loss: output=0.0242, reconstruction=0.2497
Epoch [338/400]
batch = 0 (Δ=0.205s, 100.00%)
Train Loss: output=0.0664, reconstruction=0.2634
Epoch [339/400]
batch = 0 (Δ=0.204s, 100.00%)
Train Loss: output=0.0645, reconstruction=0.2632
Epoch [340/400]
batch = 0 (Δ=0.208s, 100.00%)
Train Loss: output=0.0597, reconstruction=0.2658
Epoch [341/400]
batch = 0 (Δ=0.223s, 100.00%)
Train Loss: output=0.1668, reconstruction=0.3259
Epoch [342/400]
batch = 0 (Δ=0.204s, 100.00%)
Train Loss: output=0.1782, reconstruction=0.3093
Epoch [343/400]
batch = 0 (Δ=0.212s, 100.00%)
Train Loss: output=0.1264, reconstruction=0.2843
Epoch [344/400]
batch = 0 (Δ=0.228s, 100.00%)
Train Loss: output=0.1490, reconstruction=0.3259
Epoch [345/400]
batch = 0 (Δ=0.203s, 100.00%)
Train Loss: output=0.1410, reconstruction=0.3250
Epoch [346/400]
batch = 0 (Δ=0.214s, 100.00%)
Train Loss: output=0.1330, reconstruction=0.3286
Epoch [347/400]
batch = 0 (Δ=0.230s, 100.00%)
Train Loss: output=0.1255, reconstruction=0.3336
Epoch [348/400]
batch = 0 (Δ=0.207s, 100.00%)
Train Loss: output=0.2013, reconstruction=0.3674
Epoch [349/400]
batch = 0 (Δ=0.211s, 100.00%)
Train Loss: output=0.1935, reconstruction=0.3751
Epoch [350/400]
batch = 0 (Δ=0.234s, 100.00%)
Train Loss: output=0.1854, reconstruction=0.3851
Epoch [351/400]
batch = 0 (Δ=0.201s, 100.00%)
Train Loss: output=0.1774, reconstruction=0.3973
Epoch [352/400]
batch = 0 (Δ=0.201s, 100.00%)
Train Loss: output=0.1634, reconstruction=0.3691
Epoch [353/400]
batch = 0 (Δ=0.212s, 100.00%)
Train Loss: output=0.0855, reconstruction=0.3860
Epoch [354/400]
batch = 0 (Δ=0.229s, 100.00%)
Train Loss: output=0.0845, reconstruction=0.3960
Epoch [355/400]
batch = 0 (Δ=0.209s, 100.00%)
Train Loss: output=0.1500, reconstruction=0.4501
Epoch [356/400]
batch = 0 (Δ=0.210s, 100.00%)
Train Loss: output=0.0844, reconstruction=0.4132
Epoch [357/400]
batch = 0 (Δ=0.223s, 100.00%)
Train Loss: output=0.1325, reconstruction=0.2571
Epoch [358/400]
batch = 0 (Δ=0.208s, 100.00%)
Train Loss: output=0.0866, reconstruction=0.3735
Epoch [359/400]
batch = 0 (Δ=0.212s, 100.00%)
Train Loss: output=0.1496, reconstruction=0.3381
Epoch [360/400]
batch = 0 (Δ=0.229s, 100.00%)
Train Loss: output=0.1519, reconstruction=0.3332
Epoch [361/400]
batch = 0 (Δ=0.214s, 100.00%)
Train Loss: output=0.1498, reconstruction=0.3324
Epoch [362/400]
batch = 0 (Δ=0.215s, 100.00%)
Train Loss: output=0.2219, reconstruction=0.2285
Epoch [363/400]
batch = 0 (Δ=0.225s, 100.00%)
Train Loss: output=0.1291, reconstruction=0.2837
Epoch [364/400]
batch = 0 (Δ=0.215s, 100.00%)
Train Loss: output=0.0814, reconstruction=0.3992
Epoch [365/400]
batch = 0 (Δ=0.212s, 100.00%)
Train Loss: output=0.2157, reconstruction=0.3114
Epoch [366/400]
batch = 0 (Δ=0.232s, 100.00%)
Train Loss: output=0.0722, reconstruction=0.3521
Epoch [367/400]
batch = 0 (Δ=0.216s, 100.00%)
Train Loss: output=0.0657, reconstruction=0.3961
Epoch [368/400]
batch = 0 (Δ=0.222s, 100.00%)
Train Loss: output=0.2723, reconstruction=0.3145
Epoch [369/400]
batch = 0 (Δ=0.235s, 100.00%)
Train Loss: output=0.2548, reconstruction=0.3153
Epoch [370/400]
batch = 0 (Δ=0.219s, 100.00%)
Train Loss: output=0.2351, reconstruction=0.3192
Epoch [371/400]
batch = 0 (Δ=0.216s, 100.00%)
Train Loss: output=0.2144, reconstruction=0.3269
Epoch [372/400]
batch = 0 (Δ=0.222s, 100.00%)
Train Loss: output=0.1938, reconstruction=0.3356
Epoch [373/400]
batch = 0 (Δ=0.213s, 100.00%)
Train Loss: output=0.0480, reconstruction=0.2373
Epoch [374/400]
batch = 0 (Δ=0.219s, 100.00%)
Train Loss: output=0.1554, reconstruction=0.3470
Epoch [375/400]
batch = 0 (Δ=0.371s, 100.00%)
Train Loss: output=0.1516, reconstruction=0.2776
Epoch [376/400]
batch = 0 (Δ=0.217s, 100.00%)
Train Loss: output=0.0333, reconstruction=0.3576
Epoch [377/400]
batch = 0 (Δ=0.225s, 100.00%)
Train Loss: output=0.0314, reconstruction=0.3623
Epoch [378/400]
batch = 0 (Δ=0.262s, 100.00%)
Train Loss: output=0.0309, reconstruction=0.3658
Epoch [379/400]
batch = 0 (Δ=0.212s, 100.00%)
Train Loss: output=0.0313, reconstruction=0.3682
Epoch [380/400]
batch = 0 (Δ=0.235s, 100.00%)
Train Loss: output=0.1542, reconstruction=0.2463
Epoch [381/400]
batch = 0 (Δ=0.212s, 100.00%)
Train Loss: output=0.2521, reconstruction=0.2742
Epoch [382/400]
batch = 0 (Δ=0.199s, 100.00%)
Train Loss: output=0.2546, reconstruction=0.2734
Epoch [383/400]
batch = 0 (Δ=0.223s, 100.00%)
Train Loss: output=0.2555, reconstruction=0.2725
Epoch [384/400]
batch = 0 (Δ=0.213s, 100.00%)
Train Loss: output=0.2544, reconstruction=0.2717
Epoch [385/400]
batch = 0 (Δ=0.205s, 100.00%)
Train Loss: output=0.2406, reconstruction=0.4178
Epoch [386/400]
batch = 0 (Δ=0.211s, 100.00%)
Train Loss: output=0.2343, reconstruction=0.4151
Epoch [387/400]
batch = 0 (Δ=0.217s, 100.00%)
Train Loss: output=0.2265, reconstruction=0.4113
Epoch [388/400]
batch = 0 (Δ=0.200s, 100.00%)
Train Loss: output=0.2409, reconstruction=0.4159
Epoch [389/400]
batch = 0 (Δ=0.210s, 100.00%)
Train Loss: output=0.2315, reconstruction=0.4117
Epoch [390/400]
batch = 0 (Δ=0.232s, 100.00%)
Train Loss: output=0.2258, reconstruction=0.3366
Epoch [391/400]
batch = 0 (Δ=0.192s, 100.00%)
Train Loss: output=0.2033, reconstruction=0.3256
Epoch [392/400]
batch = 0 (Δ=0.209s, 100.00%)
Train Loss: output=0.1968, reconstruction=0.3843
Epoch [393/400]
batch = 0 (Δ=0.220s, 100.00%)
Train Loss: output=0.2017, reconstruction=0.3258
Epoch [394/400]
batch = 0 (Δ=0.208s, 100.00%)
Train Loss: output=0.2010, reconstruction=0.3263
Epoch [395/400]
batch = 0 (Δ=0.217s, 100.00%)
Train Loss: output=0.2003, reconstruction=0.3251
Epoch [396/400]
batch = 0 (Δ=0.220s, 100.00%)
Train Loss: output=0.1997, reconstruction=0.3223
Epoch [397/400]
batch = 0 (Δ=0.203s, 100.00%)
Train Loss: output=0.1993, reconstruction=0.3193
Epoch [398/400]
batch = 0 (Δ=0.206s, 100.00%)
Train Loss: output=0.1991, reconstruction=0.3173
Epoch [399/400]
batch = 0 (Δ=0.262s, 100.00%)
Train Loss: output=0.1991, reconstruction=0.3163
Epoch [400/400]
batch = 0 (Δ=0.213s, 100.00%)
Train Loss: output=0.1992, reconstruction=0.3163
Final Stats:
=== Selected operation grammar ===
batch = 0 (Δ=0.213s, 100.00%)
=== Input Reconstruction (test) ===
  row[0] input='hello world' -> reconstructed='there' label=0.0000 predicted=0.4389 MISMATCH
  row[1] input='hello there' -> reconstructed='' label=1.0000 predicted=0.3307 MISMATCH
  row[2] input='loving world' -> reconstructed='' label=1.0000 predicted=0.8455 MISMATCH
  row[3] input='loving there' -> reconstructed='' label=0.0000 predicted=0.6881 MISMATCH
=============================== warnings summary ===============================
test/test_explicit_dimensions.py::TestXorGrammarLearnsXor::test_xor_class_accuracy
  /Users/arogers/github/WikiOracle/basicmodel/bin/Models.py:7649: RuntimeWarning: output_state_boundary [config /Users/arogers/github/WikiOracle/basicmodel/data/XOR_grammar.xml]: supervised outputs with reconstruction and answerSynthesis=false use the direct head: output gradients train the whole input state; enable answerSynthesis for the concluded-idea state boundary
    warnings.warn(f"{site} [config {cfg}]: {detail}", RuntimeWarning)

test/test_explicit_dimensions.py::TestXorGrammarLearnsXor::test_xor_class_accuracy
  /Users/arogers/github/WikiOracle/basicmodel/.venv/lib/python3.12/site-packages/torch/utils/_device.py:122: UserWarning: Sparse invariant checks are implicitly disabled. Memory errors (e.g. SEGFAULT) will occur when operating on a sparse tensor which violates the invariants, but checks incur performance overhead. To silence this warning, explicitly opt in or out. See `torch.sparse.check_sparse_tensor_invariants.__doc__` for guidance.  (Triggered internally at /Users/runner/work/pytorch/pytorch/aten/src/ATen/Context.cpp:855.)
    return func(*args, **kwargs)

-- Docs: https://docs.pytest.org/en/stable/how-to/capture-warnings.html
=========================== short test summary info ============================
FAILED test/test_explicit_dimensions.py::TestXorGrammarLearnsXor::test_xor_class_accuracy
1 failed, 2 warnings in 87.02s (0:01:27)
