Device: cpu
Peer pipeline: static PS/WS stage bodies compiled separately; legacy compatibility scheduler remains outside fullgraph capture


==== BasicModel ====

Trial [1/1]
Baseline test pass skipped (--test not specified). Re-invoke train.py with --test to include baseline + post-epoch evaluation.
Epoch [1/400]
[AMP] off (fp32, MODEL_AMP unset or =off)
/Users/arogers/github/WikiOracle/basicmodel/.venv/lib/python3.12/site-packages/torch/utils/_device.py:122: UserWarning: Sparse invariant checks are implicitly disabled. Memory errors (e.g. SEGFAULT) will occur when operating on a sparse tensor which violates the invariants, but checks incur performance overhead. To silence this warning, explicitly opt in or out. See `torch.sparse.check_sparse_tensor_invariants.__doc__` for guidance.  (Triggered internally at /Users/runner/work/pytorch/pytorch/aten/src/ATen/Context.cpp:855.)
  return func(*args, **kwargs)
batch = 0 (warm-up, 100.00%)
Training throughput: 1 batches in 100.793s; word units 100.0% of 8 words (letters-only 100.0% of 8).
Train Loss: output=0.1742, reconstruction=6.6304
Epoch [2/400]
batch = 0 (Δ=0.325s, 100.00%)
Training throughput: 1 batches in 0.324s; word units 100.0% of 8 words (letters-only 100.0% of 8).
Train Loss: output=0.1569, reconstruction=3.6683
Epoch [3/400]
batch = 0 (Δ=0.319s, 100.00%)
Training throughput: 1 batches in 0.319s; word units 100.0% of 8 words (letters-only 100.0% of 8).
Train Loss: output=0.1446, reconstruction=6.4767
Epoch [4/400]
batch = 0 (Δ=0.319s, 100.00%)
Training throughput: 1 batches in 0.319s; word units 100.0% of 8 words (letters-only 100.0% of 8).
Train Loss: output=0.1415, reconstruction=4.4562
Epoch [5/400]
batch = 0 (Δ=0.314s, 100.00%)
Training throughput: 1 batches in 0.313s; word units 100.0% of 8 words (letters-only 100.0% of 8).
Train Loss: output=0.1358, reconstruction=6.2775
Epoch [6/400]
batch = 0 (Δ=0.314s, 100.00%)
Training throughput: 1 batches in 0.314s; word units 100.0% of 8 words (letters-only 100.0% of 8).
Train Loss: output=0.1729, reconstruction=3.2725
Epoch [7/400]
batch = 0 (Δ=0.315s, 100.00%)
Training throughput: 1 batches in 0.315s; word units 100.0% of 8 words (letters-only 100.0% of 8).
Train Loss: output=0.1398, reconstruction=6.1142
Epoch [8/400]
batch = 0 (Δ=0.320s, 100.00%)
Training throughput: 1 batches in 0.319s; word units 100.0% of 8 words (letters-only 100.0% of 8).
Train Loss: output=0.1754, reconstruction=5.5183
Epoch [9/400]
batch = 0 (Δ=0.311s, 100.00%)
Training throughput: 1 batches in 0.310s; word units 100.0% of 8 words (letters-only 100.0% of 8).
Train Loss: output=0.1676, reconstruction=0.0372
Epoch [10/400]
batch = 0 (Δ=0.316s, 100.00%)
Training throughput: 1 batches in 0.315s; word units 100.0% of 8 words (letters-only 100.0% of 8).
Train Loss: output=0.1340, reconstruction=3.0300
Epoch [11/400]
batch = 0 (Δ=0.317s, 100.00%)
Training throughput: 1 batches in 0.316s; word units 100.0% of 8 words (letters-only 100.0% of 8).
Train Loss: output=0.1375, reconstruction=1.7258
Epoch [12/400]
batch = 0 (Δ=0.314s, 100.00%)
Training throughput: 1 batches in 0.314s; word units 100.0% of 8 words (letters-only 100.0% of 8).
Train Loss: output=0.1300, reconstruction=1.7101
Epoch [13/400]
batch = 0 (Δ=0.317s, 100.00%)
Training throughput: 1 batches in 0.316s; word units 100.0% of 8 words (letters-only 100.0% of 8).
Train Loss: output=0.1054, reconstruction=5.8660
Epoch [14/400]
batch = 0 (Δ=0.318s, 100.00%)
Training throughput: 1 batches in 0.318s; word units 100.0% of 8 words (letters-only 100.0% of 8).
Train Loss: output=0.1021, reconstruction=5.4008
Epoch [15/400]
batch = 0 (Δ=0.317s, 100.00%)
Training throughput: 1 batches in 0.317s; word units 100.0% of 8 words (letters-only 100.0% of 8).
Train Loss: output=0.0953, reconstruction=4.1555
Epoch [16/400]
batch = 0 (Δ=0.311s, 100.00%)
Training throughput: 1 batches in 0.311s; word units 100.0% of 8 words (letters-only 100.0% of 8).
Train Loss: output=0.1548, reconstruction=5.3636
Epoch [17/400]
batch = 0 (Δ=0.319s, 100.00%)
Training throughput: 1 batches in 0.319s; word units 100.0% of 8 words (letters-only 100.0% of 8).
Train Loss: output=0.0795, reconstruction=5.8164
Epoch [18/400]
batch = 0 (Δ=0.317s, 100.00%)
Training throughput: 1 batches in 0.316s; word units 100.0% of 8 words (letters-only 100.0% of 8).
Train Loss: output=0.1302, reconstruction=4.2833
Epoch [19/400]
batch = 0 (Δ=0.312s, 100.00%)
Training throughput: 1 batches in 0.312s; word units 100.0% of 8 words (letters-only 100.0% of 8).
Train Loss: output=0.1249, reconstruction=3.7608
Epoch [20/400]
batch = 0 (Δ=0.317s, 100.00%)
Training throughput: 1 batches in 0.316s; word units 100.0% of 8 words (letters-only 100.0% of 8).
Train Loss: output=0.1261, reconstruction=4.2974
Epoch [21/400]
batch = 0 (Δ=0.313s, 100.00%)
Training throughput: 1 batches in 0.313s; word units 100.0% of 8 words (letters-only 100.0% of 8).
Train Loss: output=0.1124, reconstruction=3.7269
Epoch [22/400]
batch = 0 (Δ=0.314s, 100.00%)
Training throughput: 1 batches in 0.313s; word units 100.0% of 8 words (letters-only 100.0% of 8).
Train Loss: output=0.1390, reconstruction=5.8057
Epoch [23/400]
batch = 0 (Δ=0.318s, 100.00%)
Training throughput: 1 batches in 0.317s; word units 100.0% of 8 words (letters-only 100.0% of 8).
Train Loss: output=0.0968, reconstruction=5.8066
Epoch [24/400]
batch = 0 (Δ=0.316s, 100.00%)
Training throughput: 1 batches in 0.316s; word units 100.0% of 8 words (letters-only 100.0% of 8).
Train Loss: output=0.1358, reconstruction=5.8062
Epoch [25/400]
batch = 0 (Δ=0.310s, 100.00%)
Training throughput: 1 batches in 0.310s; word units 100.0% of 8 words (letters-only 100.0% of 8).
Train Loss: output=0.1423, reconstruction=2.8856
Epoch [26/400]
batch = 0 (Δ=0.316s, 100.00%)
Training throughput: 1 batches in 0.315s; word units 100.0% of 8 words (letters-only 100.0% of 8).
Train Loss: output=0.1022, reconstruction=2.8828
Epoch [27/400]
batch = 0 (Δ=0.312s, 100.00%)
Training throughput: 1 batches in 0.312s; word units 100.0% of 8 words (letters-only 100.0% of 8).
Train Loss: output=0.0915, reconstruction=5.7988
Epoch [28/400]
batch = 0 (Δ=0.313s, 100.00%)
Training throughput: 1 batches in 0.312s; word units 100.0% of 8 words (letters-only 100.0% of 8).
Train Loss: output=0.1196, reconstruction=1.3529
Epoch [29/400]
batch = 0 (Δ=0.314s, 100.00%)
Training throughput: 1 batches in 0.313s; word units 100.0% of 8 words (letters-only 100.0% of 8).
Train Loss: output=0.0884, reconstruction=2.8740
Epoch [30/400]
batch = 0 (Δ=0.315s, 100.00%)
Training throughput: 1 batches in 0.314s; word units 100.0% of 8 words (letters-only 100.0% of 8).
Train Loss: output=0.1344, reconstruction=2.8725
Epoch [31/400]
batch = 0 (Δ=0.319s, 100.00%)
Training throughput: 1 batches in 0.318s; word units 100.0% of 8 words (letters-only 100.0% of 8).
Train Loss: output=0.0732, reconstruction=5.2607
Epoch [32/400]
batch = 0 (Δ=0.314s, 100.00%)
Training throughput: 1 batches in 0.314s; word units 100.0% of 8 words (letters-only 100.0% of 8).
Train Loss: output=0.0870, reconstruction=7.6995
Epoch [33/400]
batch = 0 (Δ=0.317s, 100.00%)
Training throughput: 1 batches in 0.317s; word units 100.0% of 8 words (letters-only 100.0% of 8).
Train Loss: output=0.1317, reconstruction=7.6919
Epoch [34/400]
batch = 0 (Δ=0.314s, 100.00%)
Training throughput: 1 batches in 0.313s; word units 100.0% of 8 words (letters-only 100.0% of 8).
Train Loss: output=0.0760, reconstruction=5.2641
Epoch [35/400]
batch = 0 (Δ=0.318s, 100.00%)
Training throughput: 1 batches in 0.317s; word units 100.0% of 8 words (letters-only 100.0% of 8).
Train Loss: output=0.0800, reconstruction=7.6419
Epoch [36/400]
batch = 0 (Δ=0.314s, 100.00%)
Training throughput: 1 batches in 0.314s; word units 100.0% of 8 words (letters-only 100.0% of 8).
Train Loss: output=0.1138, reconstruction=5.2440
Epoch [37/400]
batch = 0 (Δ=0.316s, 100.00%)
Training throughput: 1 batches in 0.316s; word units 100.0% of 8 words (letters-only 100.0% of 8).
Train Loss: output=0.1773, reconstruction=7.5648
Epoch [38/400]
batch = 0 (Δ=0.321s, 100.00%)
Training throughput: 1 batches in 0.321s; word units 100.0% of 8 words (letters-only 100.0% of 8).
Train Loss: output=0.0530, reconstruction=5.1951
Epoch [39/400]
batch = 0 (Δ=0.315s, 100.00%)
Training throughput: 1 batches in 0.315s; word units 100.0% of 8 words (letters-only 100.0% of 8).
Train Loss: output=0.0999, reconstruction=2.8976
Epoch [40/400]
batch = 0 (Δ=0.315s, 100.00%)
Training throughput: 1 batches in 0.315s; word units 100.0% of 8 words (letters-only 100.0% of 8).
Train Loss: output=0.0924, reconstruction=7.4404
Epoch [41/400]
batch = 0 (Δ=0.313s, 100.00%)
Training throughput: 1 batches in 0.312s; word units 100.0% of 8 words (letters-only 100.0% of 8).
Train Loss: output=0.1160, reconstruction=7.3976
Epoch [42/400]
batch = 0 (Δ=0.313s, 100.00%)
Training throughput: 1 batches in 0.312s; word units 100.0% of 8 words (letters-only 100.0% of 8).
Train Loss: output=0.1614, reconstruction=3.5951
Epoch [43/400]
batch = 0 (Δ=0.315s, 100.00%)
Training throughput: 1 batches in 0.314s; word units 100.0% of 8 words (letters-only 100.0% of 8).
Train Loss: output=0.1330, reconstruction=3.5644
Epoch [44/400]
batch = 0 (Δ=0.318s, 100.00%)
Training throughput: 1 batches in 0.317s; word units 100.0% of 8 words (letters-only 100.0% of 8).
Train Loss: output=0.0603, reconstruction=5.0950
Epoch [45/400]
batch = 0 (Δ=0.320s, 100.00%)
Training throughput: 1 batches in 0.320s; word units 100.0% of 8 words (letters-only 100.0% of 8).
Train Loss: output=0.1212, reconstruction=7.2352
Epoch [46/400]
batch = 0 (Δ=0.314s, 100.00%)
Training throughput: 1 batches in 0.314s; word units 100.0% of 8 words (letters-only 100.0% of 8).
Train Loss: output=0.1007, reconstruction=7.2079
Epoch [47/400]
batch = 0 (Δ=0.314s, 100.00%)
Training throughput: 1 batches in 0.313s; word units 100.0% of 8 words (letters-only 100.0% of 8).
Train Loss: output=0.1464, reconstruction=7.1834
Epoch [48/400]
batch = 0 (Δ=0.316s, 100.00%)
Training throughput: 1 batches in 0.315s; word units 100.0% of 8 words (letters-only 100.0% of 8).
Train Loss: output=0.1179, reconstruction=5.1300
Epoch [49/400]
batch = 0 (Δ=0.316s, 100.00%)
Training throughput: 1 batches in 0.316s; word units 100.0% of 8 words (letters-only 100.0% of 8).
Train Loss: output=0.1104, reconstruction=5.1278
Epoch [50/400]
batch = 0 (Δ=0.317s, 100.00%)
Training throughput: 1 batches in 0.316s; word units 100.0% of 8 words (letters-only 100.0% of 8).
Train Loss: output=0.0945, reconstruction=3.4301
Epoch [51/400]
batch = 0 (Δ=0.317s, 100.00%)
Training throughput: 1 batches in 0.317s; word units 100.0% of 8 words (letters-only 100.0% of 8).
Train Loss: output=0.0900, reconstruction=3.4041
Epoch [52/400]
batch = 0 (Δ=0.319s, 100.00%)
Training throughput: 1 batches in 0.318s; word units 100.0% of 8 words (letters-only 100.0% of 8).
Train Loss: output=0.1737, reconstruction=5.0804
Epoch [53/400]
batch = 0 (Δ=0.311s, 100.00%)
Training throughput: 1 batches in 0.311s; word units 100.0% of 8 words (letters-only 100.0% of 8).
Train Loss: output=0.1528, reconstruction=3.1465
Epoch [54/400]
batch = 0 (Δ=0.316s, 100.00%)
Training throughput: 1 batches in 0.316s; word units 100.0% of 8 words (letters-only 100.0% of 8).
Train Loss: output=0.1279, reconstruction=5.0463
Epoch [55/400]
batch = 0 (Δ=0.317s, 100.00%)
Training throughput: 1 batches in 0.317s; word units 100.0% of 8 words (letters-only 100.0% of 8).
Train Loss: output=0.1331, reconstruction=5.0353
Epoch [56/400]
batch = 0 (Δ=0.319s, 100.00%)
Training throughput: 1 batches in 0.318s; word units 100.0% of 8 words (letters-only 100.0% of 8).
Train Loss: output=0.1524, reconstruction=5.0184
Epoch [57/400]
batch = 0 (Δ=0.314s, 100.00%)
Training throughput: 1 batches in 0.313s; word units 100.0% of 8 words (letters-only 100.0% of 8).
Train Loss: output=0.1245, reconstruction=4.9998
Epoch [58/400]
batch = 0 (Δ=0.309s, 100.00%)
Training throughput: 1 batches in 0.309s; word units 100.0% of 8 words (letters-only 100.0% of 8).
Train Loss: output=0.0781, reconstruction=3.2616
Epoch [59/400]
batch = 0 (Δ=0.312s, 100.00%)
Training throughput: 1 batches in 0.312s; word units 100.0% of 8 words (letters-only 100.0% of 8).
Train Loss: output=0.1154, reconstruction=4.9725
Epoch [60/400]
batch = 0 (Δ=0.316s, 100.00%)
Training throughput: 1 batches in 0.315s; word units 100.0% of 8 words (letters-only 100.0% of 8).
Train Loss: output=0.1194, reconstruction=4.9615
Epoch [61/400]
batch = 0 (Δ=0.313s, 100.00%)
Training throughput: 1 batches in 0.313s; word units 100.0% of 8 words (letters-only 100.0% of 8).
Train Loss: output=0.0791, reconstruction=7.3552
Epoch [62/400]
batch = 0 (Δ=0.317s, 100.00%)
Training throughput: 1 batches in 0.316s; word units 100.0% of 8 words (letters-only 100.0% of 8).
Train Loss: output=0.1762, reconstruction=3.4084
Epoch [63/400]
batch = 0 (Δ=0.315s, 100.00%)
Training throughput: 1 batches in 0.314s; word units 100.0% of 8 words (letters-only 100.0% of 8).
Train Loss: output=0.0842, reconstruction=4.6202
Epoch [64/400]
batch = 0 (Δ=0.321s, 100.00%)
Training throughput: 1 batches in 0.320s; word units 100.0% of 8 words (letters-only 100.0% of 8).
Train Loss: output=0.1075, reconstruction=3.9845
Epoch [65/400]
batch = 0 (Δ=0.318s, 100.00%)
Training throughput: 1 batches in 0.318s; word units 100.0% of 8 words (letters-only 100.0% of 8).
Train Loss: output=0.0746, reconstruction=4.2372
Epoch [66/400]
batch = 0 (Δ=0.315s, 100.00%)
Training throughput: 1 batches in 0.314s; word units 100.0% of 8 words (letters-only 100.0% of 8).
Train Loss: output=0.0726, reconstruction=4.8523
Epoch [67/400]
batch = 0 (Δ=0.315s, 100.00%)
Training throughput: 1 batches in 0.314s; word units 100.0% of 8 words (letters-only 100.0% of 8).
Train Loss: output=0.0721, reconstruction=4.3304
Epoch [68/400]
batch = 0 (Δ=0.316s, 100.00%)
Training throughput: 1 batches in 0.315s; word units 100.0% of 8 words (letters-only 100.0% of 8).
Train Loss: output=0.1271, reconstruction=3.2550
Epoch [69/400]
batch = 0 (Δ=0.316s, 100.00%)
Training throughput: 1 batches in 0.315s; word units 100.0% of 8 words (letters-only 100.0% of 8).
Train Loss: output=0.0778, reconstruction=4.0932
Epoch [70/400]
batch = 0 (Δ=0.318s, 100.00%)
Training throughput: 1 batches in 0.318s; word units 100.0% of 8 words (letters-only 100.0% of 8).
Train Loss: output=0.0823, reconstruction=3.9496
Epoch [71/400]
batch = 0 (Δ=0.315s, 100.00%)
Training throughput: 1 batches in 0.314s; word units 100.0% of 8 words (letters-only 100.0% of 8).
Train Loss: output=0.1017, reconstruction=5.9198
Epoch [72/400]
batch = 0 (Δ=0.313s, 100.00%)
Training throughput: 1 batches in 0.313s; word units 100.0% of 8 words (letters-only 100.0% of 8).
Train Loss: output=0.0840, reconstruction=2.2380
Epoch [73/400]
batch = 0 (Δ=0.316s, 100.00%)
Training throughput: 1 batches in 0.315s; word units 100.0% of 8 words (letters-only 100.0% of 8).
Train Loss: output=0.1011, reconstruction=6.4760
Epoch [74/400]
batch = 0 (Δ=0.329s, 100.00%)
Training throughput: 1 batches in 0.329s; word units 100.0% of 8 words (letters-only 100.0% of 8).
Train Loss: output=0.1357, reconstruction=5.9754
Epoch [75/400]
batch = 0 (Δ=0.317s, 100.00%)
Training throughput: 1 batches in 0.316s; word units 100.0% of 8 words (letters-only 100.0% of 8).
Train Loss: output=0.1389, reconstruction=6.0417
Epoch [76/400]
batch = 0 (Δ=0.313s, 100.00%)
Training throughput: 1 batches in 0.313s; word units 100.0% of 8 words (letters-only 100.0% of 8).
Train Loss: output=0.1364, reconstruction=3.9809
Epoch [77/400]
batch = 0 (Δ=0.320s, 100.00%)
Training throughput: 1 batches in 0.319s; word units 100.0% of 8 words (letters-only 100.0% of 8).
Train Loss: output=0.1188, reconstruction=5.9252
Epoch [78/400]
batch = 0 (Δ=0.315s, 100.00%)
Training throughput: 1 batches in 0.315s; word units 100.0% of 8 words (letters-only 100.0% of 8).
Train Loss: output=0.1271, reconstruction=5.6905
Epoch [79/400]
batch = 0 (Δ=0.315s, 100.00%)
Training throughput: 1 batches in 0.314s; word units 100.0% of 8 words (letters-only 100.0% of 8).
Train Loss: output=0.1505, reconstruction=6.0281
Epoch [80/400]
batch = 0 (Δ=0.318s, 100.00%)
Training throughput: 1 batches in 0.317s; word units 100.0% of 8 words (letters-only 100.0% of 8).
Train Loss: output=0.1504, reconstruction=5.8569
Epoch [81/400]
batch = 0 (Δ=0.314s, 100.00%)
Training throughput: 1 batches in 0.314s; word units 100.0% of 8 words (letters-only 100.0% of 8).
Train Loss: output=0.1244, reconstruction=5.4170
Epoch [82/400]
batch = 0 (Δ=0.316s, 100.00%)
Training throughput: 1 batches in 0.315s; word units 100.0% of 8 words (letters-only 100.0% of 8).
Train Loss: output=0.0954, reconstruction=5.7758
Epoch [83/400]
batch = 0 (Δ=0.317s, 100.00%)
Training throughput: 1 batches in 0.317s; word units 100.0% of 8 words (letters-only 100.0% of 8).
Train Loss: output=0.1235, reconstruction=5.8496
Epoch [84/400]
batch = 0 (Δ=0.317s, 100.00%)
Training throughput: 1 batches in 0.316s; word units 100.0% of 8 words (letters-only 100.0% of 8).
Train Loss: output=0.1395, reconstruction=5.4540
Epoch [85/400]
batch = 0 (Δ=0.314s, 100.00%)
Training throughput: 1 batches in 0.313s; word units 100.0% of 8 words (letters-only 100.0% of 8).
Train Loss: output=0.1152, reconstruction=5.4859
Epoch [86/400]
batch = 0 (Δ=0.320s, 100.00%)
Training throughput: 1 batches in 0.319s; word units 100.0% of 8 words (letters-only 100.0% of 8).
Train Loss: output=0.1509, reconstruction=5.7744
Epoch [87/400]
batch = 0 (Δ=0.316s, 100.00%)
Training throughput: 1 batches in 0.315s; word units 100.0% of 8 words (letters-only 100.0% of 8).
Train Loss: output=0.1187, reconstruction=5.6313
Epoch [88/400]
batch = 0 (Δ=0.312s, 100.00%)
Training throughput: 1 batches in 0.312s; word units 100.0% of 8 words (letters-only 100.0% of 8).
Train Loss: output=0.1519, reconstruction=5.2136
Epoch [89/400]
batch = 0 (Δ=0.312s, 100.00%)
Training throughput: 1 batches in 0.312s; word units 100.0% of 8 words (letters-only 100.0% of 8).
Train Loss: output=0.1119, reconstruction=5.4951
Epoch [90/400]
batch = 0 (Δ=0.315s, 100.00%)
Training throughput: 1 batches in 0.315s; word units 100.0% of 8 words (letters-only 100.0% of 8).
Train Loss: output=0.1088, reconstruction=5.7051
Epoch [91/400]
batch = 0 (Δ=1.391s, 100.00%)
Training throughput: 1 batches in 1.390s; word units 100.0% of 8 words (letters-only 100.0% of 8).
Train Loss: output=0.1218, reconstruction=5.4608
Epoch [92/400]
batch = 0 (Δ=0.319s, 100.00%)
Training throughput: 1 batches in 0.318s; word units 100.0% of 8 words (letters-only 100.0% of 8).
Train Loss: output=0.1080, reconstruction=5.1059
Epoch [93/400]
batch = 0 (Δ=0.314s, 100.00%)
Training throughput: 1 batches in 0.313s; word units 100.0% of 8 words (letters-only 100.0% of 8).
Train Loss: output=0.0713, reconstruction=5.4353
Epoch [94/400]
batch = 0 (Δ=0.314s, 100.00%)
Training throughput: 1 batches in 0.313s; word units 100.0% of 8 words (letters-only 100.0% of 8).
Train Loss: output=0.1239, reconstruction=5.5103
Epoch [95/400]
batch = 0 (Δ=0.310s, 100.00%)
Training throughput: 1 batches in 0.310s; word units 100.0% of 8 words (letters-only 100.0% of 8).
Train Loss: output=0.0803, reconstruction=5.2451
Epoch [96/400]
batch = 0 (Δ=0.316s, 100.00%)
Training throughput: 1 batches in 0.315s; word units 100.0% of 8 words (letters-only 100.0% of 8).
Train Loss: output=0.1151, reconstruction=5.0973
Epoch [97/400]
batch = 0 (Δ=0.317s, 100.00%)
Training throughput: 1 batches in 0.316s; word units 100.0% of 8 words (letters-only 100.0% of 8).
Train Loss: output=0.1092, reconstruction=5.3774
Epoch [98/400]
batch = 0 (Δ=0.315s, 100.00%)
Training throughput: 1 batches in 0.315s; word units 100.0% of 8 words (letters-only 100.0% of 8).
Train Loss: output=0.1036, reconstruction=5.3074
Epoch [99/400]
batch = 0 (Δ=0.318s, 100.00%)
Training throughput: 1 batches in 0.317s; word units 100.0% of 8 words (letters-only 100.0% of 8).
Train Loss: output=0.0926, reconstruction=5.0073
Epoch [100/400]
batch = 0 (Δ=0.314s, 100.00%)
Training throughput: 1 batches in 0.313s; word units 100.0% of 8 words (letters-only 100.0% of 8).
Train Loss: output=0.1024, reconstruction=5.2219
Epoch [101/400]
batch = 0 (Δ=0.314s, 100.00%)
Training throughput: 1 batches in 0.313s; word units 100.0% of 8 words (letters-only 100.0% of 8).
Train Loss: output=0.1342, reconstruction=5.3591
Epoch [102/400]
batch = 0 (Δ=0.315s, 100.00%)
Training throughput: 1 batches in 0.314s; word units 100.0% of 8 words (letters-only 100.0% of 8).
Train Loss: output=0.0696, reconstruction=5.1731
Epoch [103/400]
batch = 0 (Δ=0.312s, 100.00%)
Training throughput: 1 batches in 0.311s; word units 100.0% of 8 words (letters-only 100.0% of 8).
Train Loss: output=0.1320, reconstruction=4.9757
Epoch [104/400]
batch = 0 (Δ=0.322s, 100.00%)
Training throughput: 1 batches in 0.322s; word units 100.0% of 8 words (letters-only 100.0% of 8).
Train Loss: output=0.1095, reconstruction=5.2325
Epoch [105/400]
batch = 0 (Δ=0.314s, 100.00%)
Training throughput: 1 batches in 0.313s; word units 100.0% of 8 words (letters-only 100.0% of 8).
Train Loss: output=0.1280, reconstruction=5.2295
Epoch [106/400]
batch = 0 (Δ=0.310s, 100.00%)
Training throughput: 1 batches in 0.309s; word units 100.0% of 8 words (letters-only 100.0% of 8).
Train Loss: output=0.1489, reconstruction=4.9672
Epoch [107/400]
batch = 0 (Δ=0.312s, 100.00%)
Training throughput: 1 batches in 0.311s; word units 100.0% of 8 words (letters-only 100.0% of 8).
Train Loss: output=0.1232, reconstruction=5.1017
Epoch [108/400]
batch = 0 (Δ=0.310s, 100.00%)
Training throughput: 1 batches in 0.309s; word units 100.0% of 8 words (letters-only 100.0% of 8).
Train Loss: output=0.0920, reconstruction=5.2664
Epoch [109/400]
batch = 0 (Δ=0.317s, 100.00%)
Training throughput: 1 batches in 0.316s; word units 100.0% of 8 words (letters-only 100.0% of 8).
Train Loss: output=0.1200, reconstruction=5.1263
Epoch [110/400]
batch = 0 (Δ=0.311s, 100.00%)
Training throughput: 1 batches in 0.311s; word units 100.0% of 8 words (letters-only 100.0% of 8).
Train Loss: output=0.1063, reconstruction=4.9163
Epoch [111/400]
batch = 0 (Δ=0.314s, 100.00%)
Training throughput: 1 batches in 0.314s; word units 100.0% of 8 words (letters-only 100.0% of 8).
Train Loss: output=0.0998, reconstruction=5.1489
Epoch [112/400]
batch = 0 (Δ=0.310s, 100.00%)
Training throughput: 1 batches in 0.309s; word units 100.0% of 8 words (letters-only 100.0% of 8).
Train Loss: output=0.1132, reconstruction=5.1898
Epoch [113/400]
batch = 0 (Δ=0.312s, 100.00%)
Training throughput: 1 batches in 0.312s; word units 100.0% of 8 words (letters-only 100.0% of 8).
Train Loss: output=0.1072, reconstruction=4.9564
Epoch [114/400]
batch = 0 (Δ=0.314s, 100.00%)
Training throughput: 1 batches in 0.313s; word units 100.0% of 8 words (letters-only 100.0% of 8).
Train Loss: output=0.1221, reconstruction=5.0163
Epoch [115/400]
batch = 0 (Δ=0.313s, 100.00%)
Training throughput: 1 batches in 0.312s; word units 100.0% of 8 words (letters-only 100.0% of 8).
Train Loss: output=0.0518, reconstruction=5.2002
Epoch [116/400]
batch = 0 (Δ=0.315s, 100.00%)
Training throughput: 1 batches in 0.314s; word units 100.0% of 8 words (letters-only 100.0% of 8).
Train Loss: output=0.0898, reconstruction=5.0991
Epoch [117/400]
batch = 0 (Δ=0.310s, 100.00%)
Training throughput: 1 batches in 0.309s; word units 100.0% of 8 words (letters-only 100.0% of 8).
Train Loss: output=0.1106, reconstruction=4.8853
Epoch [118/400]
batch = 0 (Δ=0.309s, 100.00%)
Training throughput: 1 batches in 0.308s; word units 100.0% of 8 words (letters-only 100.0% of 8).
Train Loss: output=0.1508, reconstruction=5.0871
Epoch [119/400]
batch = 0 (Δ=0.316s, 100.00%)
Training throughput: 1 batches in 0.315s; word units 100.0% of 8 words (letters-only 100.0% of 8).
Train Loss: output=0.1290, reconstruction=5.1640
Epoch [120/400]
batch = 0 (Δ=0.307s, 100.00%)
Training throughput: 1 batches in 0.307s; word units 100.0% of 8 words (letters-only 100.0% of 8).
Train Loss: output=0.1108, reconstruction=4.9604
Epoch [121/400]
batch = 0 (Δ=0.310s, 100.00%)
Training throughput: 1 batches in 0.310s; word units 100.0% of 8 words (letters-only 100.0% of 8).
Train Loss: output=0.0798, reconstruction=4.9509
Epoch [122/400]
batch = 0 (Δ=0.308s, 100.00%)
Training throughput: 1 batches in 0.308s; word units 100.0% of 8 words (letters-only 100.0% of 8).
Train Loss: output=0.0868, reconstruction=5.1442
Epoch [123/400]
batch = 0 (Δ=0.312s, 100.00%)
Training throughput: 1 batches in 0.312s; word units 100.0% of 8 words (letters-only 100.0% of 8).
Train Loss: output=0.1484, reconstruction=5.0785
Epoch [124/400]
batch = 0 (Δ=0.312s, 100.00%)
Training throughput: 1 batches in 0.312s; word units 100.0% of 8 words (letters-only 100.0% of 8).
Train Loss: output=0.1693, reconstruction=4.8716
Epoch [125/400]
batch = 0 (Δ=0.315s, 100.00%)
Training throughput: 1 batches in 0.315s; word units 100.0% of 8 words (letters-only 100.0% of 8).
Train Loss: output=0.1387, reconstruction=5.0360
Epoch [126/400]
batch = 0 (Δ=0.311s, 100.00%)
Training throughput: 1 batches in 0.311s; word units 100.0% of 8 words (letters-only 100.0% of 8).
Train Loss: output=0.1473, reconstruction=5.1364
Epoch [127/400]
batch = 0 (Δ=0.313s, 100.00%)
Training throughput: 1 batches in 0.312s; word units 100.0% of 8 words (letters-only 100.0% of 8).
Train Loss: output=0.1280, reconstruction=4.9612
Epoch [128/400]
batch = 0 (Δ=0.314s, 100.00%)
Training throughput: 1 batches in 0.313s; word units 100.0% of 8 words (letters-only 100.0% of 8).
Train Loss: output=0.1172, reconstruction=4.9085
Epoch [129/400]
batch = 0 (Δ=0.315s, 100.00%)
Training throughput: 1 batches in 0.314s; word units 100.0% of 8 words (letters-only 100.0% of 8).
Train Loss: output=0.1396, reconstruction=5.0994
Epoch [130/400]
batch = 0 (Δ=0.318s, 100.00%)
Training throughput: 1 batches in 0.317s; word units 100.0% of 8 words (letters-only 100.0% of 8).
Train Loss: output=0.1536, reconstruction=5.0591
Epoch [131/400]
batch = 0 (Δ=0.317s, 100.00%)
Training throughput: 1 batches in 0.316s; word units 100.0% of 8 words (letters-only 100.0% of 8).
Train Loss: output=0.1394, reconstruction=4.8652
Epoch [132/400]
batch = 0 (Δ=0.320s, 100.00%)
Training throughput: 1 batches in 0.319s; word units 100.0% of 8 words (letters-only 100.0% of 8).
Train Loss: output=0.1272, reconstruction=4.9977
Epoch [133/400]
batch = 0 (Δ=0.313s, 100.00%)
Training throughput: 1 batches in 0.313s; word units 100.0% of 8 words (letters-only 100.0% of 8).
Train Loss: output=0.1364, reconstruction=5.1077
Epoch [134/400]
batch = 0 (Δ=0.319s, 100.00%)
Training throughput: 1 batches in 0.319s; word units 100.0% of 8 words (letters-only 100.0% of 8).
Train Loss: output=0.1370, reconstruction=4.9536
Epoch [135/400]
batch = 0 (Δ=0.316s, 100.00%)
Training throughput: 1 batches in 0.315s; word units 100.0% of 8 words (letters-only 100.0% of 8).
Train Loss: output=0.1325, reconstruction=4.8857
Epoch [136/400]
batch = 0 (Δ=0.314s, 100.00%)
Training throughput: 1 batches in 0.313s; word units 100.0% of 8 words (letters-only 100.0% of 8).
Train Loss: output=0.0988, reconstruction=5.0675
Epoch [137/400]
batch = 0 (Δ=0.316s, 100.00%)
Training throughput: 1 batches in 0.316s; word units 100.0% of 8 words (letters-only 100.0% of 8).
Train Loss: output=0.1461, reconstruction=5.0399
Epoch [138/400]
batch = 0 (Δ=0.316s, 100.00%)
Training throughput: 1 batches in 0.316s; word units 100.0% of 8 words (letters-only 100.0% of 8).
Train Loss: output=0.1160, reconstruction=4.8592
Epoch [139/400]
batch = 0 (Δ=0.313s, 100.00%)
Training throughput: 1 batches in 0.313s; word units 100.0% of 8 words (letters-only 100.0% of 8).
Train Loss: output=0.1065, reconstruction=4.9738
Epoch [140/400]
batch = 0 (Δ=0.316s, 100.00%)
Training throughput: 1 batches in 0.316s; word units 100.0% of 8 words (letters-only 100.0% of 8).
Train Loss: output=0.1100, reconstruction=5.0824
Epoch [141/400]
batch = 0 (Δ=0.315s, 100.00%)
Training throughput: 1 batches in 0.314s; word units 100.0% of 8 words (letters-only 100.0% of 8).
Train Loss: output=0.0865, reconstruction=4.9404
Epoch [142/400]
batch = 0 (Δ=0.314s, 100.00%)
Training throughput: 1 batches in 0.314s; word units 100.0% of 8 words (letters-only 100.0% of 8).
Train Loss: output=0.1172, reconstruction=4.8753
Epoch [143/400]
batch = 0 (Δ=0.312s, 100.00%)
Training throughput: 1 batches in 0.311s; word units 100.0% of 8 words (letters-only 100.0% of 8).
Train Loss: output=0.0645, reconstruction=5.0466
Epoch [144/400]
batch = 0 (Δ=0.315s, 100.00%)
Training throughput: 1 batches in 0.314s; word units 100.0% of 8 words (letters-only 100.0% of 8).
Train Loss: output=0.0772, reconstruction=5.0209
Epoch [145/400]
batch = 0 (Δ=0.315s, 100.00%)
Training throughput: 1 batches in 0.315s; word units 100.0% of 8 words (letters-only 100.0% of 8).
Train Loss: output=0.1160, reconstruction=4.8519
Epoch [146/400]
batch = 0 (Δ=0.316s, 100.00%)
Training throughput: 1 batches in 0.316s; word units 100.0% of 8 words (letters-only 100.0% of 8).
Train Loss: output=0.0553, reconstruction=4.9617
Epoch [147/400]
batch = 0 (Δ=0.313s, 100.00%)
Training throughput: 1 batches in 0.313s; word units 100.0% of 8 words (letters-only 100.0% of 8).
Train Loss: output=0.1097, reconstruction=5.0617
Epoch [148/400]
batch = 0 (Δ=0.313s, 100.00%)
Training throughput: 1 batches in 0.312s; word units 100.0% of 8 words (letters-only 100.0% of 8).
Train Loss: output=0.0594, reconstruction=4.9243
Epoch [149/400]
batch = 0 (Δ=0.315s, 100.00%)
Training throughput: 1 batches in 0.315s; word units 100.0% of 8 words (letters-only 100.0% of 8).
Train Loss: output=0.0795, reconstruction=4.8728
Epoch [150/400]
batch = 0 (Δ=0.313s, 100.00%)
Training throughput: 1 batches in 0.313s; word units 100.0% of 8 words (letters-only 100.0% of 8).
Train Loss: output=0.1246, reconstruction=5.0340
Epoch [151/400]
batch = 0 (Δ=0.319s, 100.00%)
Training throughput: 1 batches in 0.319s; word units 100.0% of 8 words (letters-only 100.0% of 8).
Train Loss: output=0.0715, reconstruction=5.0028
Epoch [152/400]
batch = 0 (Δ=0.313s, 100.00%)
Training throughput: 1 batches in 0.313s; word units 100.0% of 8 words (letters-only 100.0% of 8).
Train Loss: output=0.0750, reconstruction=4.8443
Epoch [153/400]
batch = 0 (Δ=0.318s, 100.00%)
Training throughput: 1 batches in 0.317s; word units 100.0% of 8 words (letters-only 100.0% of 8).
Train Loss: output=0.1139, reconstruction=4.9577
Epoch [154/400]
batch = 0 (Δ=0.311s, 100.00%)
Training throughput: 1 batches in 0.310s; word units 100.0% of 8 words (letters-only 100.0% of 8).
Train Loss: output=0.0811, reconstruction=5.0444
Epoch [155/400]
batch = 0 (Δ=0.315s, 100.00%)
Training throughput: 1 batches in 0.314s; word units 100.0% of 8 words (letters-only 100.0% of 8).
Train Loss: output=0.1124, reconstruction=4.9068
Epoch [156/400]
batch = 0 (Δ=0.314s, 100.00%)
Training throughput: 1 batches in 0.313s; word units 100.0% of 8 words (letters-only 100.0% of 8).
Train Loss: output=0.0968, reconstruction=4.8756
Epoch [157/400]
batch = 0 (Δ=0.315s, 100.00%)
Training throughput: 1 batches in 0.315s; word units 100.0% of 8 words (letters-only 100.0% of 8).
Train Loss: output=0.1260, reconstruction=5.0268
Epoch [158/400]
batch = 0 (Δ=0.316s, 100.00%)
Training throughput: 1 batches in 0.315s; word units 100.0% of 8 words (letters-only 100.0% of 8).
Train Loss: output=0.0976, reconstruction=4.9855
Epoch [159/400]
batch = 0 (Δ=0.317s, 100.00%)
Training throughput: 1 batches in 0.317s; word units 100.0% of 8 words (letters-only 100.0% of 8).
Train Loss: output=0.1433, reconstruction=4.8379
Epoch [160/400]
batch = 0 (Δ=0.317s, 100.00%)
Training throughput: 1 batches in 0.316s; word units 100.0% of 8 words (letters-only 100.0% of 8).
Train Loss: output=0.1254, reconstruction=4.9585
Epoch [161/400]
batch = 0 (Δ=0.313s, 100.00%)
Training throughput: 1 batches in 0.312s; word units 100.0% of 8 words (letters-only 100.0% of 8).
Train Loss: output=0.1420, reconstruction=5.0292
Epoch [162/400]
batch = 0 (Δ=0.316s, 100.00%)
Training throughput: 1 batches in 0.315s; word units 100.0% of 8 words (letters-only 100.0% of 8).
Train Loss: output=0.1409, reconstruction=4.8893
Epoch [163/400]
batch = 0 (Δ=0.316s, 100.00%)
Training throughput: 1 batches in 0.315s; word units 100.0% of 8 words (letters-only 100.0% of 8).
Train Loss: output=0.1474, reconstruction=4.8821
Epoch [164/400]
batch = 0 (Δ=0.315s, 100.00%)
Training throughput: 1 batches in 0.315s; word units 100.0% of 8 words (letters-only 100.0% of 8).
Train Loss: output=0.1069, reconstruction=5.0225
Epoch [165/400]
batch = 0 (Δ=0.314s, 100.00%)
Training throughput: 1 batches in 0.314s; word units 100.0% of 8 words (letters-only 100.0% of 8).
Train Loss: output=0.0945, reconstruction=4.9688
Epoch [166/400]
batch = 0 (Δ=0.311s, 100.00%)
Training throughput: 1 batches in 0.311s; word units 100.0% of 8 words (letters-only 100.0% of 8).
Train Loss: output=0.1073, reconstruction=4.8336
Epoch [167/400]
batch = 0 (Δ=0.318s, 100.00%)
Training throughput: 1 batches in 0.317s; word units 100.0% of 8 words (letters-only 100.0% of 8).
Train Loss: output=0.1593, reconstruction=4.9620
Epoch [168/400]
batch = 0 (Δ=0.315s, 100.00%)
Training throughput: 1 batches in 0.315s; word units 100.0% of 8 words (letters-only 100.0% of 8).
Train Loss: output=0.1306, reconstruction=5.0146
Epoch [169/400]
batch = 0 (Δ=0.319s, 100.00%)
Training throughput: 1 batches in 0.319s; word units 100.0% of 8 words (letters-only 100.0% of 8).
Train Loss: output=0.1413, reconstruction=4.8726
Epoch [170/400]
batch = 0 (Δ=0.315s, 100.00%)
Training throughput: 1 batches in 0.314s; word units 100.0% of 8 words (letters-only 100.0% of 8).
Train Loss: output=0.1240, reconstruction=4.8911
Epoch [171/400]
batch = 0 (Δ=0.315s, 100.00%)
Training throughput: 1 batches in 0.315s; word units 100.0% of 8 words (letters-only 100.0% of 8).
Train Loss: output=0.1118, reconstruction=5.0191
Epoch [172/400]
batch = 0 (Δ=0.318s, 100.00%)
Training throughput: 1 batches in 0.317s; word units 100.0% of 8 words (letters-only 100.0% of 8).
Train Loss: output=0.1136, reconstruction=4.9519
Epoch [173/400]
batch = 0 (Δ=0.317s, 100.00%)
Training throughput: 1 batches in 0.316s; word units 100.0% of 8 words (letters-only 100.0% of 8).
Train Loss: output=0.1343, reconstruction=4.8324
Epoch [174/400]
batch = 0 (Δ=0.318s, 100.00%)
Training throughput: 1 batches in 0.318s; word units 100.0% of 8 words (letters-only 100.0% of 8).
Train Loss: output=0.0817, reconstruction=4.9669
Epoch [175/400]
batch = 0 (Δ=0.313s, 100.00%)
Training throughput: 1 batches in 0.312s; word units 100.0% of 8 words (letters-only 100.0% of 8).
Train Loss: output=0.0705, reconstruction=4.9997
Epoch [176/400]
batch = 0 (Δ=0.314s, 100.00%)
Training throughput: 1 batches in 0.313s; word units 100.0% of 8 words (letters-only 100.0% of 8).
Train Loss: output=0.1301, reconstruction=4.8571
Epoch [177/400]
batch = 0 (Δ=0.311s, 100.00%)
Training throughput: 1 batches in 0.311s; word units 100.0% of 8 words (letters-only 100.0% of 8).
Train Loss: output=0.1066, reconstruction=4.9018
Epoch [178/400]
batch = 0 (Δ=0.314s, 100.00%)
Training throughput: 1 batches in 0.314s; word units 100.0% of 8 words (letters-only 100.0% of 8).
Train Loss: output=0.1666, reconstruction=5.0149
Epoch [179/400]
batch = 0 (Δ=0.323s, 100.00%)
Training throughput: 1 batches in 0.322s; word units 100.0% of 8 words (letters-only 100.0% of 8).
Train Loss: output=0.1193, reconstruction=4.9338
Epoch [180/400]
batch = 0 (Δ=0.319s, 100.00%)
Training throughput: 1 batches in 0.318s; word units 100.0% of 8 words (letters-only 100.0% of 8).
Train Loss: output=0.0797, reconstruction=4.8346
Epoch [181/400]
batch = 0 (Δ=0.312s, 100.00%)
Training throughput: 1 batches in 0.311s; word units 100.0% of 8 words (letters-only 100.0% of 8).
Train Loss: output=0.1065, reconstruction=4.9725
Epoch [182/400]
batch = 0 (Δ=0.315s, 100.00%)
Training throughput: 1 batches in 0.314s; word units 100.0% of 8 words (letters-only 100.0% of 8).
Train Loss: output=0.1245, reconstruction=4.9835
Epoch [183/400]
batch = 0 (Δ=0.315s, 100.00%)
Training throughput: 1 batches in 0.315s; word units 100.0% of 8 words (letters-only 100.0% of 8).
Train Loss: output=0.1522, reconstruction=4.8436
Epoch [184/400]
batch = 0 (Δ=0.315s, 100.00%)
Training throughput: 1 batches in 0.314s; word units 100.0% of 8 words (letters-only 100.0% of 8).
Train Loss: output=0.1283, reconstruction=4.9138
Epoch [185/400]
batch = 0 (Δ=0.315s, 100.00%)
Training throughput: 1 batches in 0.314s; word units 100.0% of 8 words (letters-only 100.0% of 8).
Train Loss: output=0.1145, reconstruction=5.0085
Epoch [186/400]
batch = 0 (Δ=0.314s, 100.00%)
Training throughput: 1 batches in 0.314s; word units 100.0% of 8 words (letters-only 100.0% of 8).
Train Loss: output=0.1026, reconstruction=4.9132
Epoch [187/400]
batch = 0 (Δ=0.315s, 100.00%)
Training throughput: 1 batches in 0.314s; word units 100.0% of 8 words (letters-only 100.0% of 8).
Train Loss: output=0.1828, reconstruction=4.8416
Epoch [188/400]
batch = 0 (Δ=0.312s, 100.00%)
Training throughput: 1 batches in 0.311s; word units 100.0% of 8 words (letters-only 100.0% of 8).
Train Loss: output=0.1008, reconstruction=4.9786
Epoch [189/400]
batch = 0 (Δ=0.314s, 100.00%)
Training throughput: 1 batches in 0.313s; word units 100.0% of 8 words (letters-only 100.0% of 8).
Train Loss: output=0.1359, reconstruction=4.9648
Epoch [190/400]
batch = 0 (Δ=0.311s, 100.00%)
Training throughput: 1 batches in 0.310s; word units 100.0% of 8 words (letters-only 100.0% of 8).
Train Loss: output=0.1266, reconstruction=4.8333
Epoch [191/400]
batch = 0 (Δ=0.315s, 100.00%)
Training throughput: 1 batches in 0.314s; word units 100.0% of 8 words (letters-only 100.0% of 8).
Train Loss: output=0.0979, reconstruction=4.9272
Epoch [192/400]
batch = 0 (Δ=0.314s, 100.00%)
Training throughput: 1 batches in 0.314s; word units 100.0% of 8 words (letters-only 100.0% of 8).
Train Loss: output=0.1039, reconstruction=4.9983
Epoch [193/400]
batch = 0 (Δ=0.316s, 100.00%)
Training throughput: 1 batches in 0.316s; word units 100.0% of 8 words (letters-only 100.0% of 8).
Train Loss: output=0.1048, reconstruction=4.8895
Epoch [194/400]
batch = 0 (Δ=0.312s, 100.00%)
Training throughput: 1 batches in 0.312s; word units 100.0% of 8 words (letters-only 100.0% of 8).
Train Loss: output=0.1629, reconstruction=4.8549
Epoch [195/400]
batch = 0 (Δ=0.314s, 100.00%)
Training throughput: 1 batches in 0.314s; word units 100.0% of 8 words (letters-only 100.0% of 8).
Train Loss: output=0.0930, reconstruction=4.9845
Epoch [196/400]
batch = 0 (Δ=0.312s, 100.00%)
Training throughput: 1 batches in 0.311s; word units 100.0% of 8 words (letters-only 100.0% of 8).
Train Loss: output=0.1119, reconstruction=4.9429
Epoch [197/400]
batch = 0 (Δ=0.313s, 100.00%)
Training throughput: 1 batches in 0.312s; word units 100.0% of 8 words (letters-only 100.0% of 8).
Train Loss: output=0.1058, reconstruction=4.8288
Epoch [198/400]
batch = 0 (Δ=0.313s, 100.00%)
Training throughput: 1 batches in 0.313s; word units 100.0% of 8 words (letters-only 100.0% of 8).
Train Loss: output=0.0736, reconstruction=4.9417
Epoch [199/400]
batch = 0 (Δ=0.313s, 100.00%)
Training throughput: 1 batches in 0.313s; word units 100.0% of 8 words (letters-only 100.0% of 8).
Train Loss: output=0.0539, reconstruction=4.9836
Epoch [200/400]
batch = 0 (Δ=0.318s, 100.00%)
Training throughput: 1 batches in 0.317s; word units 100.0% of 8 words (letters-only 100.0% of 8).
Train Loss: output=0.0457, reconstruction=4.8641
Epoch [201/400]
batch = 0 (Δ=0.315s, 100.00%)
Training throughput: 1 batches in 0.315s; word units 100.0% of 8 words (letters-only 100.0% of 8).
Train Loss: output=0.1271, reconstruction=4.8752
Epoch [202/400]
batch = 0 (Δ=0.313s, 100.00%)
Training throughput: 1 batches in 0.312s; word units 100.0% of 8 words (letters-only 100.0% of 8).
Train Loss: output=0.1130, reconstruction=4.9885
Epoch [203/400]
batch = 0 (Δ=0.317s, 100.00%)
Training throughput: 1 batches in 0.317s; word units 100.0% of 8 words (letters-only 100.0% of 8).
Train Loss: output=0.0724, reconstruction=4.9176
Epoch [204/400]
batch = 0 (Δ=0.315s, 100.00%)
Training throughput: 1 batches in 0.314s; word units 100.0% of 8 words (letters-only 100.0% of 8).
Train Loss: output=0.1365, reconstruction=4.8336
Epoch [205/400]
batch = 0 (Δ=0.314s, 100.00%)
Training throughput: 1 batches in 0.314s; word units 100.0% of 8 words (letters-only 100.0% of 8).
Train Loss: output=0.0958, reconstruction=4.9570
Epoch [206/400]
batch = 0 (Δ=0.319s, 100.00%)
Training throughput: 1 batches in 0.318s; word units 100.0% of 8 words (letters-only 100.0% of 8).
Train Loss: output=0.0847, reconstruction=4.9654
Epoch [207/400]
batch = 0 (Δ=0.314s, 100.00%)
Training throughput: 1 batches in 0.313s; word units 100.0% of 8 words (letters-only 100.0% of 8).
Train Loss: output=0.1030, reconstruction=4.8423
Epoch [208/400]
batch = 0 (Δ=0.316s, 100.00%)
Training throughput: 1 batches in 0.315s; word units 100.0% of 8 words (letters-only 100.0% of 8).
Train Loss: output=0.0917, reconstruction=4.8995
Epoch [209/400]
batch = 0 (Δ=0.316s, 100.00%)
Training throughput: 1 batches in 0.316s; word units 100.0% of 8 words (letters-only 100.0% of 8).
Train Loss: output=0.1096, reconstruction=4.9872
Epoch [210/400]
batch = 0 (Δ=0.317s, 100.00%)
Training throughput: 1 batches in 0.316s; word units 100.0% of 8 words (letters-only 100.0% of 8).
Train Loss: output=0.1392, reconstruction=4.8901
Epoch [211/400]
batch = 0 (Δ=0.313s, 100.00%)
Training throughput: 1 batches in 0.313s; word units 100.0% of 8 words (letters-only 100.0% of 8).
Train Loss: output=0.1158, reconstruction=4.8486
Epoch [212/400]
batch = 0 (Δ=0.315s, 100.00%)
Training throughput: 1 batches in 0.314s; word units 100.0% of 8 words (letters-only 100.0% of 8).
Train Loss: output=0.1149, reconstruction=4.9712
Epoch [213/400]
batch = 0 (Δ=1.181s, 100.00%)
Training throughput: 1 batches in 1.180s; word units 100.0% of 8 words (letters-only 100.0% of 8).
Train Loss: output=0.1052, reconstruction=4.9456
Epoch [214/400]
batch = 0 (Δ=0.314s, 100.00%)
Training throughput: 1 batches in 0.314s; word units 100.0% of 8 words (letters-only 100.0% of 8).
Train Loss: output=0.1293, reconstruction=4.8297
Epoch [215/400]
batch = 0 (Δ=0.314s, 100.00%)
Training throughput: 1 batches in 0.313s; word units 100.0% of 8 words (letters-only 100.0% of 8).
Train Loss: output=0.0925, reconstruction=4.9230
Epoch [216/400]
batch = 0 (Δ=0.314s, 100.00%)
Training throughput: 1 batches in 0.313s; word units 100.0% of 8 words (letters-only 100.0% of 8).
Train Loss: output=0.0707, reconstruction=4.9790
Epoch [217/400]
batch = 0 (Δ=0.318s, 100.00%)
Training throughput: 1 batches in 0.318s; word units 100.0% of 8 words (letters-only 100.0% of 8).
Train Loss: output=0.0646, reconstruction=4.8638
Epoch [218/400]
batch = 0 (Δ=0.316s, 100.00%)
Training throughput: 1 batches in 0.315s; word units 100.0% of 8 words (letters-only 100.0% of 8).
Train Loss: output=0.0656, reconstruction=4.8704
Epoch [219/400]
batch = 0 (Δ=0.312s, 100.00%)
Training throughput: 1 batches in 0.312s; word units 100.0% of 8 words (letters-only 100.0% of 8).
Train Loss: output=0.1207, reconstruction=4.9809
Epoch [220/400]
batch = 0 (Δ=0.313s, 100.00%)
Training throughput: 1 batches in 0.313s; word units 100.0% of 8 words (letters-only 100.0% of 8).
Train Loss: output=0.0797, reconstruction=4.9246
Epoch [221/400]
batch = 0 (Δ=0.319s, 100.00%)
Training throughput: 1 batches in 0.319s; word units 100.0% of 8 words (letters-only 100.0% of 8).
Train Loss: output=0.1499, reconstruction=4.8281
Epoch [222/400]
batch = 0 (Δ=0.318s, 100.00%)
Training throughput: 1 batches in 0.318s; word units 100.0% of 8 words (letters-only 100.0% of 8).
Train Loss: output=0.1240, reconstruction=4.9428
Epoch [223/400]
batch = 0 (Δ=0.318s, 100.00%)
Training throughput: 1 batches in 0.317s; word units 100.0% of 8 words (letters-only 100.0% of 8).
Train Loss: output=0.1307, reconstruction=4.9650
Epoch [224/400]
batch = 0 (Δ=0.314s, 100.00%)
Training throughput: 1 batches in 0.314s; word units 100.0% of 8 words (letters-only 100.0% of 8).
Train Loss: output=0.1278, reconstruction=4.8428
Epoch [225/400]
batch = 0 (Δ=0.310s, 100.00%)
Training throughput: 1 batches in 0.309s; word units 100.0% of 8 words (letters-only 100.0% of 8).
Train Loss: output=0.1241, reconstruction=4.8935
Epoch [226/400]
batch = 0 (Δ=0.312s, 100.00%)
Training throughput: 1 batches in 0.311s; word units 100.0% of 8 words (letters-only 100.0% of 8).
Train Loss: output=0.0852, reconstruction=4.9832
Epoch [227/400]
batch = 0 (Δ=0.313s, 100.00%)
Training throughput: 1 batches in 0.313s; word units 100.0% of 8 words (letters-only 100.0% of 8).
Train Loss: output=0.1148, reconstruction=4.9013
Epoch [228/400]
batch = 0 (Δ=0.311s, 100.00%)
Training throughput: 1 batches in 0.310s; word units 100.0% of 8 words (letters-only 100.0% of 8).
Train Loss: output=0.1228, reconstruction=4.8365
Epoch [229/400]
batch = 0 (Δ=0.312s, 100.00%)
Training throughput: 1 batches in 0.311s; word units 100.0% of 8 words (letters-only 100.0% of 8).
Train Loss: output=0.1007, reconstruction=4.9583
Epoch [230/400]
batch = 0 (Δ=0.312s, 100.00%)
Training throughput: 1 batches in 0.311s; word units 100.0% of 8 words (letters-only 100.0% of 8).
Train Loss: output=0.1290, reconstruction=4.9464
Epoch [231/400]
batch = 0 (Δ=0.314s, 100.00%)
Training throughput: 1 batches in 0.314s; word units 100.0% of 8 words (letters-only 100.0% of 8).
Train Loss: output=0.0885, reconstruction=4.8299
Epoch [232/400]
batch = 0 (Δ=0.320s, 100.00%)
Training throughput: 1 batches in 0.319s; word units 100.0% of 8 words (letters-only 100.0% of 8).
Train Loss: output=0.1358, reconstruction=4.9150
Epoch [233/400]
batch = 0 (Δ=0.315s, 100.00%)
Training throughput: 1 batches in 0.315s; word units 100.0% of 8 words (letters-only 100.0% of 8).
Train Loss: output=0.1431, reconstruction=4.9768
Epoch [234/400]
batch = 0 (Δ=0.316s, 100.00%)
Training throughput: 1 batches in 0.316s; word units 100.0% of 8 words (letters-only 100.0% of 8).
Train Loss: output=0.1192, reconstruction=4.8754
Epoch [235/400]
batch = 0 (Δ=0.317s, 100.00%)
Training throughput: 1 batches in 0.317s; word units 100.0% of 8 words (letters-only 100.0% of 8).
Train Loss: output=0.0975, reconstruction=4.8539
Epoch [236/400]
batch = 0 (Δ=0.311s, 100.00%)
Training throughput: 1 batches in 0.310s; word units 100.0% of 8 words (letters-only 100.0% of 8).
Train Loss: output=0.1169, reconstruction=4.9694
Epoch [237/400]
batch = 0 (Δ=0.312s, 100.00%)
Training throughput: 1 batches in 0.311s; word units 100.0% of 8 words (letters-only 100.0% of 8).
Train Loss: output=0.1124, reconstruction=4.9236
Epoch [238/400]
batch = 0 (Δ=0.312s, 100.00%)
Training throughput: 1 batches in 0.312s; word units 100.0% of 8 words (letters-only 100.0% of 8).
Train Loss: output=0.1055, reconstruction=4.8272
Epoch [239/400]
batch = 0 (Δ=0.311s, 100.00%)
Training throughput: 1 batches in 0.311s; word units 100.0% of 8 words (letters-only 100.0% of 8).
Train Loss: output=0.0654, reconstruction=4.9347
Epoch [240/400]
batch = 0 (Δ=0.314s, 100.00%)
Training throughput: 1 batches in 0.313s; word units 100.0% of 8 words (letters-only 100.0% of 8).
Train Loss: output=0.0892, reconstruction=4.9630
Epoch [241/400]
batch = 0 (Δ=0.312s, 100.00%)
Training throughput: 1 batches in 0.312s; word units 100.0% of 8 words (letters-only 100.0% of 8).
Train Loss: output=0.0662, reconstruction=4.8502
Epoch [242/400]
batch = 0 (Δ=0.316s, 100.00%)
Training throughput: 1 batches in 0.316s; word units 100.0% of 8 words (letters-only 100.0% of 8).
Train Loss: output=0.0972, reconstruction=4.8782
Epoch [243/400]
batch = 0 (Δ=0.312s, 100.00%)
Training throughput: 1 batches in 0.311s; word units 100.0% of 8 words (letters-only 100.0% of 8).
Train Loss: output=0.0400, reconstruction=4.9744
Epoch [244/400]
batch = 0 (Δ=0.313s, 100.00%)
Training throughput: 1 batches in 0.312s; word units 100.0% of 8 words (letters-only 100.0% of 8).
Train Loss: output=0.1026, reconstruction=4.8971
Epoch [245/400]
batch = 0 (Δ=0.312s, 100.00%)
Training throughput: 1 batches in 0.311s; word units 100.0% of 8 words (letters-only 100.0% of 8).
Train Loss: output=0.0352, reconstruction=4.8368
Epoch [246/400]
batch = 0 (Δ=0.308s, 100.00%)
Training throughput: 1 batches in 0.307s; word units 100.0% of 8 words (letters-only 100.0% of 8).
Train Loss: output=0.1627, reconstruction=4.9524
Epoch [247/400]
batch = 0 (Δ=0.309s, 100.00%)
Training throughput: 1 batches in 0.308s; word units 100.0% of 8 words (letters-only 100.0% of 8).
Train Loss: output=0.1522, reconstruction=4.9447
Epoch [248/400]
batch = 0 (Δ=0.321s, 100.00%)
Training throughput: 1 batches in 0.320s; word units 100.0% of 8 words (letters-only 100.0% of 8).
Train Loss: output=0.1070, reconstruction=4.8323
Epoch [249/400]
batch = 0 (Δ=0.314s, 100.00%)
Training throughput: 1 batches in 0.314s; word units 100.0% of 8 words (letters-only 100.0% of 8).
Train Loss: output=0.1428, reconstruction=4.9043
Epoch [250/400]
batch = 0 (Δ=0.316s, 100.00%)
Training throughput: 1 batches in 0.315s; word units 100.0% of 8 words (letters-only 100.0% of 8).
Train Loss: output=0.1244, reconstruction=4.9711
Epoch [251/400]
batch = 0 (Δ=0.312s, 100.00%)
Training throughput: 1 batches in 0.312s; word units 100.0% of 8 words (letters-only 100.0% of 8).
Train Loss: output=0.1069, reconstruction=4.8697
Epoch [252/400]
batch = 0 (Δ=0.314s, 100.00%)
Training throughput: 1 batches in 0.313s; word units 100.0% of 8 words (letters-only 100.0% of 8).
Train Loss: output=0.1164, reconstruction=4.8566
Epoch [253/400]
batch = 0 (Δ=0.313s, 100.00%)
Training throughput: 1 batches in 0.313s; word units 100.0% of 8 words (letters-only 100.0% of 8).
Train Loss: output=0.1193, reconstruction=4.9662
Epoch [254/400]
batch = 0 (Δ=0.316s, 100.00%)
Training throughput: 1 batches in 0.315s; word units 100.0% of 8 words (letters-only 100.0% of 8).
Train Loss: output=0.1136, reconstruction=4.9243
Epoch [255/400]
batch = 0 (Δ=0.313s, 100.00%)
Training throughput: 1 batches in 0.313s; word units 100.0% of 8 words (letters-only 100.0% of 8).
Train Loss: output=0.0986, reconstruction=4.8263
Epoch [256/400]
batch = 0 (Δ=0.313s, 100.00%)
Training throughput: 1 batches in 0.312s; word units 100.0% of 8 words (letters-only 100.0% of 8).
Train Loss: output=0.1317, reconstruction=4.9276
Epoch [257/400]
batch = 0 (Δ=0.311s, 100.00%)
Training throughput: 1 batches in 0.311s; word units 100.0% of 8 words (letters-only 100.0% of 8).
Train Loss: output=0.0873, reconstruction=4.9600
Epoch [258/400]
batch = 0 (Δ=0.312s, 100.00%)
Training throughput: 1 batches in 0.311s; word units 100.0% of 8 words (letters-only 100.0% of 8).
Train Loss: output=0.1250, reconstruction=4.8462
Epoch [259/400]
batch = 0 (Δ=0.311s, 100.00%)
Training throughput: 1 batches in 0.311s; word units 100.0% of 8 words (letters-only 100.0% of 8).
Train Loss: output=0.1221, reconstruction=4.8807
Epoch [260/400]
batch = 0 (Δ=0.313s, 100.00%)
Training throughput: 1 batches in 0.312s; word units 100.0% of 8 words (letters-only 100.0% of 8).
Train Loss: output=0.0779, reconstruction=4.9725
Epoch [261/400]
batch = 0 (Δ=0.314s, 100.00%)
Training throughput: 1 batches in 0.313s; word units 100.0% of 8 words (letters-only 100.0% of 8).
Train Loss: output=0.1159, reconstruction=4.9016
Epoch [262/400]
batch = 0 (Δ=0.309s, 100.00%)
Training throughput: 1 batches in 0.308s; word units 100.0% of 8 words (letters-only 100.0% of 8).
Train Loss: output=0.1314, reconstruction=4.8319
Epoch [263/400]
batch = 0 (Δ=0.317s, 100.00%)
Training throughput: 1 batches in 0.316s; word units 100.0% of 8 words (letters-only 100.0% of 8).
Train Loss: output=0.1115, reconstruction=4.9461
Epoch [264/400]
batch = 0 (Δ=0.312s, 100.00%)
Training throughput: 1 batches in 0.312s; word units 100.0% of 8 words (letters-only 100.0% of 8).
Train Loss: output=0.0998, reconstruction=4.9431
Epoch [265/400]
batch = 0 (Δ=0.312s, 100.00%)
Training throughput: 1 batches in 0.311s; word units 100.0% of 8 words (letters-only 100.0% of 8).
Train Loss: output=0.1127, reconstruction=4.8308
Epoch [266/400]
batch = 0 (Δ=0.313s, 100.00%)
Training throughput: 1 batches in 0.312s; word units 100.0% of 8 words (letters-only 100.0% of 8).
Train Loss: output=0.1303, reconstruction=4.9041
Epoch [267/400]
batch = 0 (Δ=0.313s, 100.00%)
Training throughput: 1 batches in 0.313s; word units 100.0% of 8 words (letters-only 100.0% of 8).
Train Loss: output=0.0906, reconstruction=4.9693
Epoch [268/400]
batch = 0 (Δ=0.314s, 100.00%)
Training throughput: 1 batches in 0.313s; word units 100.0% of 8 words (letters-only 100.0% of 8).
Train Loss: output=0.1138, reconstruction=4.8762
Epoch [269/400]
batch = 0 (Δ=0.315s, 100.00%)
Training throughput: 1 batches in 0.314s; word units 100.0% of 8 words (letters-only 100.0% of 8).
Train Loss: output=0.1105, reconstruction=4.8476
Epoch [270/400]
batch = 0 (Δ=0.312s, 100.00%)
Training throughput: 1 batches in 0.312s; word units 100.0% of 8 words (letters-only 100.0% of 8).
Train Loss: output=0.1587, reconstruction=4.9593
Epoch [271/400]
batch = 0 (Δ=0.314s, 100.00%)
Training throughput: 1 batches in 0.313s; word units 100.0% of 8 words (letters-only 100.0% of 8).
Train Loss: output=0.1231, reconstruction=4.9215
Epoch [272/400]
batch = 0 (Δ=0.314s, 100.00%)
Training throughput: 1 batches in 0.314s; word units 100.0% of 8 words (letters-only 100.0% of 8).
Train Loss: output=0.1260, reconstruction=4.8260
Epoch [273/400]
batch = 0 (Δ=0.313s, 100.00%)
Training throughput: 1 batches in 0.312s; word units 100.0% of 8 words (letters-only 100.0% of 8).
Train Loss: output=0.1109, reconstruction=4.9252
Epoch [274/400]
batch = 0 (Δ=0.313s, 100.00%)
Training throughput: 1 batches in 0.313s; word units 100.0% of 8 words (letters-only 100.0% of 8).
Train Loss: output=0.1297, reconstruction=4.9577
Epoch [275/400]
batch = 0 (Δ=0.310s, 100.00%)
Training throughput: 1 batches in 0.310s; word units 100.0% of 8 words (letters-only 100.0% of 8).
Train Loss: output=0.1118, reconstruction=4.8511
Epoch [276/400]
batch = 0 (Δ=0.312s, 100.00%)
Training throughput: 1 batches in 0.312s; word units 100.0% of 8 words (letters-only 100.0% of 8).
Train Loss: output=0.1078, reconstruction=4.8710
Epoch [277/400]
batch = 0 (Δ=0.313s, 100.00%)
Training throughput: 1 batches in 0.313s; word units 100.0% of 8 words (letters-only 100.0% of 8).
Train Loss: output=0.1441, reconstruction=4.9661
Epoch [278/400]
batch = 0 (Δ=0.311s, 100.00%)
Training throughput: 1 batches in 0.311s; word units 100.0% of 8 words (letters-only 100.0% of 8).
Train Loss: output=0.1283, reconstruction=4.8959
Epoch [279/400]
batch = 0 (Δ=0.317s, 100.00%)
Training throughput: 1 batches in 0.317s; word units 100.0% of 8 words (letters-only 100.0% of 8).
Train Loss: output=0.1253, reconstruction=4.8337
Epoch [280/400]
batch = 0 (Δ=0.317s, 100.00%)
Training throughput: 1 batches in 0.316s; word units 100.0% of 8 words (letters-only 100.0% of 8).
Train Loss: output=0.1227, reconstruction=4.9438
Epoch [281/400]
batch = 0 (Δ=0.313s, 100.00%)
Training throughput: 1 batches in 0.313s; word units 100.0% of 8 words (letters-only 100.0% of 8).
Train Loss: output=0.0969, reconstruction=4.9405
Epoch [282/400]
batch = 0 (Δ=0.313s, 100.00%)
Training throughput: 1 batches in 0.312s; word units 100.0% of 8 words (letters-only 100.0% of 8).
Train Loss: output=0.1425, reconstruction=4.8326
Epoch [283/400]
batch = 0 (Δ=0.313s, 100.00%)
Training throughput: 1 batches in 0.312s; word units 100.0% of 8 words (letters-only 100.0% of 8).
Train Loss: output=0.0968, reconstruction=4.8972
Epoch [284/400]
batch = 0 (Δ=0.314s, 100.00%)
Training throughput: 1 batches in 0.314s; word units 100.0% of 8 words (letters-only 100.0% of 8).
Train Loss: output=0.1162, reconstruction=4.9644
Epoch [285/400]
batch = 0 (Δ=0.314s, 100.00%)
Training throughput: 1 batches in 0.313s; word units 100.0% of 8 words (letters-only 100.0% of 8).
Train Loss: output=0.0996, reconstruction=4.8690
Epoch [286/400]
batch = 0 (Δ=0.312s, 100.00%)
Training throughput: 1 batches in 0.312s; word units 100.0% of 8 words (letters-only 100.0% of 8).
Train Loss: output=0.1271, reconstruction=4.8523
Epoch [287/400]
batch = 0 (Δ=0.313s, 100.00%)
Training throughput: 1 batches in 0.313s; word units 100.0% of 8 words (letters-only 100.0% of 8).
Train Loss: output=0.1333, reconstruction=4.9583
Epoch [288/400]
batch = 0 (Δ=0.313s, 100.00%)
Training throughput: 1 batches in 0.312s; word units 100.0% of 8 words (letters-only 100.0% of 8).
Train Loss: output=0.1423, reconstruction=4.9205
Epoch [289/400]
batch = 0 (Δ=0.309s, 100.00%)
Training throughput: 1 batches in 0.309s; word units 100.0% of 8 words (letters-only 100.0% of 8).
Train Loss: output=0.1269, reconstruction=4.8257
Epoch [290/400]
batch = 0 (Δ=0.314s, 100.00%)
Training throughput: 1 batches in 0.313s; word units 100.0% of 8 words (letters-only 100.0% of 8).
Train Loss: output=0.0889, reconstruction=4.9210
Epoch [291/400]
batch = 0 (Δ=0.310s, 100.00%)
Training throughput: 1 batches in 0.309s; word units 100.0% of 8 words (letters-only 100.0% of 8).
Train Loss: output=0.1361, reconstruction=4.9543
Epoch [292/400]
batch = 0 (Δ=0.314s, 100.00%)
Training throughput: 1 batches in 0.314s; word units 100.0% of 8 words (letters-only 100.0% of 8).
Train Loss: output=0.1399, reconstruction=4.8456
Epoch [293/400]
batch = 0 (Δ=0.311s, 100.00%)
Training throughput: 1 batches in 0.310s; word units 100.0% of 8 words (letters-only 100.0% of 8).
Train Loss: output=0.1419, reconstruction=4.8762
Epoch [294/400]
batch = 0 (Δ=0.312s, 100.00%)
Training throughput: 1 batches in 0.311s; word units 100.0% of 8 words (letters-only 100.0% of 8).
Train Loss: output=0.1259, reconstruction=4.9653
Epoch [295/400]
batch = 0 (Δ=0.309s, 100.00%)
Training throughput: 1 batches in 0.308s; word units 100.0% of 8 words (letters-only 100.0% of 8).
Train Loss: output=0.1643, reconstruction=4.8981
Epoch [296/400]
batch = 0 (Δ=0.315s, 100.00%)
Training throughput: 1 batches in 0.314s; word units 100.0% of 8 words (letters-only 100.0% of 8).
Train Loss: output=0.1714, reconstruction=4.8308
Epoch [297/400]
batch = 0 (Δ=0.314s, 100.00%)
Training throughput: 1 batches in 0.314s; word units 100.0% of 8 words (letters-only 100.0% of 8).
Train Loss: output=0.1290, reconstruction=4.9400
Epoch [298/400]
batch = 0 (Δ=0.314s, 100.00%)
Training throughput: 1 batches in 0.313s; word units 100.0% of 8 words (letters-only 100.0% of 8).
Train Loss: output=0.0915, reconstruction=4.9380
Epoch [299/400]
batch = 0 (Δ=0.312s, 100.00%)
Training throughput: 1 batches in 0.312s; word units 100.0% of 8 words (letters-only 100.0% of 8).
Train Loss: output=0.1245, reconstruction=4.8301
Epoch [300/400]
batch = 0 (Δ=0.320s, 100.00%)
Training throughput: 1 batches in 0.319s; word units 100.0% of 8 words (letters-only 100.0% of 8).
Train Loss: output=0.0870, reconstruction=4.8998
Epoch [301/400]
batch = 0 (Δ=0.316s, 100.00%)
Training throughput: 1 batches in 0.315s; word units 100.0% of 8 words (letters-only 100.0% of 8).
Train Loss: output=0.1140, reconstruction=4.9629
Epoch [302/400]
batch = 0 (Δ=0.311s, 100.00%)
Training throughput: 1 batches in 0.310s; word units 100.0% of 8 words (letters-only 100.0% of 8).
Train Loss: output=0.1655, reconstruction=4.8732
Epoch [303/400]
batch = 0 (Δ=0.314s, 100.00%)
Training throughput: 1 batches in 0.314s; word units 100.0% of 8 words (letters-only 100.0% of 8).
Train Loss: output=0.1291, reconstruction=4.8462
Epoch [304/400]
batch = 0 (Δ=0.316s, 100.00%)
Training throughput: 1 batches in 0.315s; word units 100.0% of 8 words (letters-only 100.0% of 8).
Train Loss: output=0.1186, reconstruction=4.9536
Epoch [305/400]
batch = 0 (Δ=0.316s, 100.00%)
Training throughput: 1 batches in 0.316s; word units 100.0% of 8 words (letters-only 100.0% of 8).
Train Loss: output=0.1213, reconstruction=4.9167
Epoch [306/400]
batch = 0 (Δ=0.314s, 100.00%)
Training throughput: 1 batches in 0.314s; word units 100.0% of 8 words (letters-only 100.0% of 8).
Train Loss: output=0.1186, reconstruction=4.8255
Epoch [307/400]
batch = 0 (Δ=0.311s, 100.00%)
Training throughput: 1 batches in 0.311s; word units 100.0% of 8 words (letters-only 100.0% of 8).
Train Loss: output=0.0842, reconstruction=4.9210
Epoch [308/400]
batch = 0 (Δ=0.313s, 100.00%)
Training throughput: 1 batches in 0.312s; word units 100.0% of 8 words (letters-only 100.0% of 8).
Train Loss: output=0.0954, reconstruction=4.9518
Epoch [309/400]
batch = 0 (Δ=0.314s, 100.00%)
Training throughput: 1 batches in 0.314s; word units 100.0% of 8 words (letters-only 100.0% of 8).
Train Loss: output=0.1003, reconstruction=4.8489
Epoch [310/400]
batch = 0 (Δ=0.308s, 100.00%)
Training throughput: 1 batches in 0.308s; word units 100.0% of 8 words (letters-only 100.0% of 8).
Train Loss: output=0.1078, reconstruction=4.8693
Epoch [311/400]
batch = 0 (Δ=0.315s, 100.00%)
Training throughput: 1 batches in 0.314s; word units 100.0% of 8 words (letters-only 100.0% of 8).
Train Loss: output=0.0523, reconstruction=4.9604
Epoch [312/400]
batch = 0 (Δ=0.314s, 100.00%)
Training throughput: 1 batches in 0.313s; word units 100.0% of 8 words (letters-only 100.0% of 8).
Train Loss: output=0.0921, reconstruction=4.8917
Epoch [313/400]
batch = 0 (Δ=0.314s, 100.00%)
Training throughput: 1 batches in 0.313s; word units 100.0% of 8 words (letters-only 100.0% of 8).
Train Loss: output=0.0545, reconstruction=4.8333
Epoch [314/400]
batch = 0 (Δ=0.312s, 100.00%)
Training throughput: 1 batches in 0.311s; word units 100.0% of 8 words (letters-only 100.0% of 8).
Train Loss: output=0.0903, reconstruction=4.9395
Epoch [315/400]
batch = 0 (Δ=0.312s, 100.00%)
Training throughput: 1 batches in 0.311s; word units 100.0% of 8 words (letters-only 100.0% of 8).
Train Loss: output=0.1249, reconstruction=4.9350
Epoch [316/400]
batch = 0 (Δ=0.313s, 100.00%)
Training throughput: 1 batches in 0.313s; word units 100.0% of 8 words (letters-only 100.0% of 8).
Train Loss: output=0.1222, reconstruction=4.8313
Epoch [317/400]
batch = 0 (Δ=0.314s, 100.00%)
Training throughput: 1 batches in 0.313s; word units 100.0% of 8 words (letters-only 100.0% of 8).
Train Loss: output=0.1098, reconstruction=4.8950
Epoch [318/400]
batch = 0 (Δ=0.312s, 100.00%)
Training throughput: 1 batches in 0.312s; word units 100.0% of 8 words (letters-only 100.0% of 8).
Train Loss: output=0.1172, reconstruction=4.9585
Epoch [319/400]
batch = 0 (Δ=0.311s, 100.00%)
Training throughput: 1 batches in 0.310s; word units 100.0% of 8 words (letters-only 100.0% of 8).
Train Loss: output=0.1165, reconstruction=4.8655
Epoch [320/400]
batch = 0 (Δ=0.311s, 100.00%)
Training throughput: 1 batches in 0.310s; word units 100.0% of 8 words (letters-only 100.0% of 8).
Train Loss: output=0.1139, reconstruction=4.8519
Epoch [321/400]
batch = 0 (Δ=0.314s, 100.00%)
Training throughput: 1 batches in 0.313s; word units 100.0% of 8 words (letters-only 100.0% of 8).
Train Loss: output=0.0950, reconstruction=4.9536
Epoch [322/400]
batch = 0 (Δ=0.312s, 100.00%)
Training throughput: 1 batches in 0.311s; word units 100.0% of 8 words (letters-only 100.0% of 8).
Train Loss: output=0.1306, reconstruction=4.9153
Epoch [323/400]
batch = 0 (Δ=0.313s, 100.00%)
Training throughput: 1 batches in 0.312s; word units 100.0% of 8 words (letters-only 100.0% of 8).
Train Loss: output=0.1392, reconstruction=4.8252
Epoch [324/400]
batch = 0 (Δ=0.310s, 100.00%)
Training throughput: 1 batches in 0.310s; word units 100.0% of 8 words (letters-only 100.0% of 8).
Train Loss: output=0.1241, reconstruction=4.9183
Epoch [325/400]
batch = 0 (Δ=0.313s, 100.00%)
Training throughput: 1 batches in 0.312s; word units 100.0% of 8 words (letters-only 100.0% of 8).
Train Loss: output=0.1091, reconstruction=4.9484
Epoch [326/400]
batch = 0 (Δ=0.313s, 100.00%)
Training throughput: 1 batches in 0.313s; word units 100.0% of 8 words (letters-only 100.0% of 8).
Train Loss: output=0.0931, reconstruction=4.8430
Epoch [327/400]
batch = 0 (Δ=0.313s, 100.00%)
Training throughput: 1 batches in 0.312s; word units 100.0% of 8 words (letters-only 100.0% of 8).
Train Loss: output=0.1084, reconstruction=4.8754
Epoch [328/400]
batch = 0 (Δ=0.312s, 100.00%)
Training throughput: 1 batches in 0.312s; word units 100.0% of 8 words (letters-only 100.0% of 8).
Train Loss: output=0.1049, reconstruction=4.9600
Epoch [329/400]
batch = 0 (Δ=0.313s, 100.00%)
Training throughput: 1 batches in 0.313s; word units 100.0% of 8 words (letters-only 100.0% of 8).
Train Loss: output=0.0975, reconstruction=4.8930
Epoch [330/400]
batch = 0 (Δ=0.315s, 100.00%)
Training throughput: 1 batches in 0.315s; word units 100.0% of 8 words (letters-only 100.0% of 8).
Train Loss: output=0.1090, reconstruction=4.8311
Epoch [331/400]
batch = 0 (Δ=0.312s, 100.00%)
Training throughput: 1 batches in 0.311s; word units 100.0% of 8 words (letters-only 100.0% of 8).
Train Loss: output=0.1099, reconstruction=4.9370
Epoch [332/400]
batch = 0 (Δ=0.313s, 100.00%)
Training throughput: 1 batches in 0.313s; word units 100.0% of 8 words (letters-only 100.0% of 8).
Train Loss: output=0.1147, reconstruction=4.9320
Epoch [333/400]
batch = 0 (Δ=0.317s, 100.00%)
Training throughput: 1 batches in 0.316s; word units 100.0% of 8 words (letters-only 100.0% of 8).
Train Loss: output=0.1208, reconstruction=4.8287
Epoch [334/400]
batch = 0 (Δ=0.315s, 100.00%)
Training throughput: 1 batches in 0.314s; word units 100.0% of 8 words (letters-only 100.0% of 8).
Train Loss: output=0.1225, reconstruction=4.8987
Epoch [335/400]
batch = 0 (Δ=1.092s, 100.00%)
Training throughput: 1 batches in 1.091s; word units 100.0% of 8 words (letters-only 100.0% of 8).
Train Loss: output=0.1426, reconstruction=4.9571
Epoch [336/400]
batch = 0 (Δ=0.316s, 100.00%)
Training throughput: 1 batches in 0.315s; word units 100.0% of 8 words (letters-only 100.0% of 8).
Train Loss: output=0.1270, reconstruction=4.8685
Epoch [337/400]
batch = 0 (Δ=0.312s, 100.00%)
Training throughput: 1 batches in 0.311s; word units 100.0% of 8 words (letters-only 100.0% of 8).
Train Loss: output=0.1226, reconstruction=4.8471
Epoch [338/400]
batch = 0 (Δ=0.317s, 100.00%)
Training throughput: 1 batches in 0.316s; word units 100.0% of 8 words (letters-only 100.0% of 8).
Train Loss: output=0.0962, reconstruction=4.9500
Epoch [339/400]
batch = 0 (Δ=0.315s, 100.00%)
Training throughput: 1 batches in 0.314s; word units 100.0% of 8 words (letters-only 100.0% of 8).
Train Loss: output=0.1311, reconstruction=4.9108
Epoch [340/400]
batch = 0 (Δ=0.316s, 100.00%)
Training throughput: 1 batches in 0.316s; word units 100.0% of 8 words (letters-only 100.0% of 8).
Train Loss: output=0.1276, reconstruction=4.8254
Epoch [341/400]
batch = 0 (Δ=0.313s, 100.00%)
Training throughput: 1 batches in 0.312s; word units 100.0% of 8 words (letters-only 100.0% of 8).
Train Loss: output=0.1319, reconstruction=4.9196
Epoch [342/400]
batch = 0 (Δ=0.317s, 100.00%)
Training throughput: 1 batches in 0.316s; word units 100.0% of 8 words (letters-only 100.0% of 8).
Train Loss: output=0.1225, reconstruction=4.9457
Epoch [343/400]
batch = 0 (Δ=0.314s, 100.00%)
Training throughput: 1 batches in 0.313s; word units 100.0% of 8 words (letters-only 100.0% of 8).
Train Loss: output=0.1151, reconstruction=4.8452
Epoch [344/400]
batch = 0 (Δ=0.315s, 100.00%)
Training throughput: 1 batches in 0.315s; word units 100.0% of 8 words (letters-only 100.0% of 8).
Train Loss: output=0.1417, reconstruction=4.8703
Epoch [345/400]
batch = 0 (Δ=0.321s, 100.00%)
Training throughput: 1 batches in 0.320s; word units 100.0% of 8 words (letters-only 100.0% of 8).
Train Loss: output=0.1009, reconstruction=4.9559
Epoch [346/400]
batch = 0 (Δ=0.322s, 100.00%)
Training throughput: 1 batches in 0.321s; word units 100.0% of 8 words (letters-only 100.0% of 8).
Train Loss: output=0.1521, reconstruction=4.8860
Epoch [347/400]
batch = 0 (Δ=0.311s, 100.00%)
Training throughput: 1 batches in 0.311s; word units 100.0% of 8 words (letters-only 100.0% of 8).
Train Loss: output=0.1121, reconstruction=4.8344
Epoch [348/400]
batch = 0 (Δ=0.310s, 100.00%)
Training throughput: 1 batches in 0.310s; word units 100.0% of 8 words (letters-only 100.0% of 8).
Train Loss: output=0.1218, reconstruction=4.9375
Epoch [349/400]
batch = 0 (Δ=0.312s, 100.00%)
Training throughput: 1 batches in 0.311s; word units 100.0% of 8 words (letters-only 100.0% of 8).
Train Loss: output=0.1398, reconstruction=4.9290
Epoch [350/400]
batch = 0 (Δ=0.311s, 100.00%)
Training throughput: 1 batches in 0.311s; word units 100.0% of 8 words (letters-only 100.0% of 8).
Train Loss: output=0.1216, reconstruction=4.8294
Epoch [351/400]
batch = 0 (Δ=0.316s, 100.00%)
Training throughput: 1 batches in 0.315s; word units 100.0% of 8 words (letters-only 100.0% of 8).
Train Loss: output=0.1329, reconstruction=4.8954
Epoch [352/400]
batch = 0 (Δ=0.314s, 100.00%)
Training throughput: 1 batches in 0.313s; word units 100.0% of 8 words (letters-only 100.0% of 8).
Train Loss: output=0.1119, reconstruction=4.9532
Epoch [353/400]
batch = 0 (Δ=0.313s, 100.00%)
Training throughput: 1 batches in 0.313s; word units 100.0% of 8 words (letters-only 100.0% of 8).
Train Loss: output=0.1038, reconstruction=4.8606
Epoch [354/400]
batch = 0 (Δ=0.313s, 100.00%)
Training throughput: 1 batches in 0.312s; word units 100.0% of 8 words (letters-only 100.0% of 8).
Train Loss: output=0.1197, reconstruction=4.8535
Epoch [355/400]
batch = 0 (Δ=0.314s, 100.00%)
Training throughput: 1 batches in 0.313s; word units 100.0% of 8 words (letters-only 100.0% of 8).
Train Loss: output=0.1231, reconstruction=4.9506
Epoch [356/400]
batch = 0 (Δ=0.311s, 100.00%)
Training throughput: 1 batches in 0.310s; word units 100.0% of 8 words (letters-only 100.0% of 8).
Train Loss: output=0.1080, reconstruction=4.9092
Epoch [357/400]
batch = 0 (Δ=0.316s, 100.00%)
Training throughput: 1 batches in 0.315s; word units 100.0% of 8 words (letters-only 100.0% of 8).
Train Loss: output=0.1286, reconstruction=4.8251
Epoch [358/400]
batch = 0 (Δ=0.315s, 100.00%)
Training throughput: 1 batches in 0.314s; word units 100.0% of 8 words (letters-only 100.0% of 8).
Train Loss: output=0.1524, reconstruction=4.9179
Epoch [359/400]
batch = 0 (Δ=0.316s, 100.00%)
Training throughput: 1 batches in 0.315s; word units 100.0% of 8 words (letters-only 100.0% of 8).
Train Loss: output=0.0946, reconstruction=4.9424
Epoch [360/400]
batch = 0 (Δ=0.315s, 100.00%)
Training throughput: 1 batches in 0.314s; word units 100.0% of 8 words (letters-only 100.0% of 8).
Train Loss: output=0.1513, reconstruction=4.8396
Epoch [361/400]
batch = 0 (Δ=0.315s, 100.00%)
Training throughput: 1 batches in 0.315s; word units 100.0% of 8 words (letters-only 100.0% of 8).
Train Loss: output=0.1167, reconstruction=4.8768
Epoch [362/400]
batch = 0 (Δ=0.313s, 100.00%)
Training throughput: 1 batches in 0.313s; word units 100.0% of 8 words (letters-only 100.0% of 8).
Train Loss: output=0.1236, reconstruction=4.9557
Epoch [363/400]
batch = 0 (Δ=0.315s, 100.00%)
Training throughput: 1 batches in 0.314s; word units 100.0% of 8 words (letters-only 100.0% of 8).
Train Loss: output=0.1434, reconstruction=4.8868
Epoch [364/400]
batch = 0 (Δ=0.317s, 100.00%)
Training throughput: 1 batches in 0.316s; word units 100.0% of 8 words (letters-only 100.0% of 8).
Train Loss: output=0.0968, reconstruction=4.8325
Epoch [365/400]
batch = 0 (Δ=0.313s, 100.00%)
Training throughput: 1 batches in 0.312s; word units 100.0% of 8 words (letters-only 100.0% of 8).
Train Loss: output=0.1365, reconstruction=4.9357
Epoch [366/400]
batch = 0 (Δ=0.314s, 100.00%)
Training throughput: 1 batches in 0.314s; word units 100.0% of 8 words (letters-only 100.0% of 8).
Train Loss: output=0.1052, reconstruction=4.9255
Epoch [367/400]
batch = 0 (Δ=0.316s, 100.00%)
Training throughput: 1 batches in 0.315s; word units 100.0% of 8 words (letters-only 100.0% of 8).
Train Loss: output=0.1495, reconstruction=4.8271
Epoch [368/400]
batch = 0 (Δ=0.312s, 100.00%)
Training throughput: 1 batches in 0.312s; word units 100.0% of 8 words (letters-only 100.0% of 8).
Train Loss: output=0.1053, reconstruction=4.8995
Epoch [369/400]
batch = 0 (Δ=0.310s, 100.00%)
Training throughput: 1 batches in 0.310s; word units 100.0% of 8 words (letters-only 100.0% of 8).
Train Loss: output=0.1405, reconstruction=4.9515
Epoch [370/400]
batch = 0 (Δ=0.311s, 100.00%)
Training throughput: 1 batches in 0.311s; word units 100.0% of 8 words (letters-only 100.0% of 8).
Train Loss: output=0.0892, reconstruction=4.8627
Epoch [371/400]
batch = 0 (Δ=0.314s, 100.00%)
Training throughput: 1 batches in 0.314s; word units 100.0% of 8 words (letters-only 100.0% of 8).
Train Loss: output=0.1370, reconstruction=4.8496
Epoch [372/400]
batch = 0 (Δ=0.315s, 100.00%)
Training throughput: 1 batches in 0.314s; word units 100.0% of 8 words (letters-only 100.0% of 8).
Train Loss: output=0.1466, reconstruction=4.9476
Epoch [373/400]
batch = 0 (Δ=0.312s, 100.00%)
Training throughput: 1 batches in 0.311s; word units 100.0% of 8 words (letters-only 100.0% of 8).
Train Loss: output=0.1276, reconstruction=4.9040
Epoch [374/400]
batch = 0 (Δ=0.314s, 100.00%)
Training throughput: 1 batches in 0.314s; word units 100.0% of 8 words (letters-only 100.0% of 8).
Train Loss: output=0.1199, reconstruction=4.8258
Epoch [375/400]
batch = 0 (Δ=0.310s, 100.00%)
Training throughput: 1 batches in 0.309s; word units 100.0% of 8 words (letters-only 100.0% of 8).
Train Loss: output=0.1641, reconstruction=4.9198
Epoch [376/400]
batch = 0 (Δ=0.309s, 100.00%)
Training throughput: 1 batches in 0.308s; word units 100.0% of 8 words (letters-only 100.0% of 8).
Train Loss: output=0.1253, reconstruction=4.9395
Epoch [377/400]
batch = 0 (Δ=0.309s, 100.00%)
Training throughput: 1 batches in 0.308s; word units 100.0% of 8 words (letters-only 100.0% of 8).
Train Loss: output=0.1362, reconstruction=4.8409
Epoch [378/400]
batch = 0 (Δ=0.312s, 100.00%)
Training throughput: 1 batches in 0.312s; word units 100.0% of 8 words (letters-only 100.0% of 8).
Train Loss: output=0.0998, reconstruction=4.8730
Epoch [379/400]
batch = 0 (Δ=0.310s, 100.00%)
Training throughput: 1 batches in 0.310s; word units 100.0% of 8 words (letters-only 100.0% of 8).
Train Loss: output=0.1101, reconstruction=4.9521
Epoch [380/400]
batch = 0 (Δ=0.312s, 100.00%)
Training throughput: 1 batches in 0.312s; word units 100.0% of 8 words (letters-only 100.0% of 8).
Train Loss: output=0.0973, reconstruction=4.8793
Epoch [381/400]
batch = 0 (Δ=0.312s, 100.00%)
Training throughput: 1 batches in 0.311s; word units 100.0% of 8 words (letters-only 100.0% of 8).
Train Loss: output=0.0981, reconstruction=4.8366
Epoch [382/400]
batch = 0 (Δ=0.313s, 100.00%)
Training throughput: 1 batches in 0.312s; word units 100.0% of 8 words (letters-only 100.0% of 8).
Train Loss: output=0.0969, reconstruction=4.9369
Epoch [383/400]
batch = 0 (Δ=0.313s, 100.00%)
Training throughput: 1 batches in 0.312s; word units 100.0% of 8 words (letters-only 100.0% of 8).
Train Loss: output=0.0932, reconstruction=4.9224
Epoch [384/400]
batch = 0 (Δ=0.307s, 100.00%)
Training throughput: 1 batches in 0.306s; word units 100.0% of 8 words (letters-only 100.0% of 8).
Train Loss: output=0.0697, reconstruction=4.8274
Epoch [385/400]
batch = 0 (Δ=0.315s, 100.00%)
Training throughput: 1 batches in 0.315s; word units 100.0% of 8 words (letters-only 100.0% of 8).
Train Loss: output=0.0841, reconstruction=4.8975
Epoch [386/400]
batch = 0 (Δ=0.316s, 100.00%)
Training throughput: 1 batches in 0.316s; word units 100.0% of 8 words (letters-only 100.0% of 8).
Train Loss: output=0.0829, reconstruction=4.9479
Epoch [387/400]
batch = 0 (Δ=0.315s, 100.00%)
Training throughput: 1 batches in 0.314s; word units 100.0% of 8 words (letters-only 100.0% of 8).
Train Loss: output=0.0837, reconstruction=4.8549
Epoch [388/400]
batch = 0 (Δ=0.312s, 100.00%)
Training throughput: 1 batches in 0.312s; word units 100.0% of 8 words (letters-only 100.0% of 8).
Train Loss: output=0.1112, reconstruction=4.8565
Epoch [389/400]
batch = 0 (Δ=0.309s, 100.00%)
Training throughput: 1 batches in 0.308s; word units 100.0% of 8 words (letters-only 100.0% of 8).
Train Loss: output=0.1034, reconstruction=4.9485
Epoch [390/400]
batch = 0 (Δ=0.309s, 100.00%)
Training throughput: 1 batches in 0.308s; word units 100.0% of 8 words (letters-only 100.0% of 8).
Train Loss: output=0.1053, reconstruction=4.9025
Epoch [391/400]
batch = 0 (Δ=0.311s, 100.00%)
Training throughput: 1 batches in 0.310s; word units 100.0% of 8 words (letters-only 100.0% of 8).
Train Loss: output=0.1292, reconstruction=4.8255
Epoch [392/400]
batch = 0 (Δ=0.311s, 100.00%)
Training throughput: 1 batches in 0.311s; word units 100.0% of 8 words (letters-only 100.0% of 8).
Train Loss: output=0.1126, reconstruction=4.9189
Epoch [393/400]
batch = 0 (Δ=0.308s, 100.00%)
Training throughput: 1 batches in 0.308s; word units 100.0% of 8 words (letters-only 100.0% of 8).
Train Loss: output=0.1152, reconstruction=4.9361
Epoch [394/400]
batch = 0 (Δ=0.309s, 100.00%)
Training throughput: 1 batches in 0.309s; word units 100.0% of 8 words (letters-only 100.0% of 8).
Train Loss: output=0.0873, reconstruction=4.8357
Epoch [395/400]
batch = 0 (Δ=0.307s, 100.00%)
Training throughput: 1 batches in 0.306s; word units 100.0% of 8 words (letters-only 100.0% of 8).
Train Loss: output=0.1154, reconstruction=4.8796
Epoch [396/400]
batch = 0 (Δ=0.308s, 100.00%)
Training throughput: 1 batches in 0.307s; word units 100.0% of 8 words (letters-only 100.0% of 8).
Train Loss: output=0.0755, reconstruction=4.9518
Epoch [397/400]
batch = 0 (Δ=0.311s, 100.00%)
Training throughput: 1 batches in 0.311s; word units 100.0% of 8 words (letters-only 100.0% of 8).
Train Loss: output=0.1120, reconstruction=4.8799
Epoch [398/400]
batch = 0 (Δ=0.312s, 100.00%)
Training throughput: 1 batches in 0.312s; word units 100.0% of 8 words (letters-only 100.0% of 8).
Train Loss: output=0.1009, reconstruction=4.8348
Epoch [399/400]
batch = 0 (Δ=0.311s, 100.00%)
Training throughput: 1 batches in 0.311s; word units 100.0% of 8 words (letters-only 100.0% of 8).
Train Loss: output=0.0986, reconstruction=4.9354
Epoch [400/400]
batch = 0 (Δ=0.310s, 100.00%)
Training throughput: 1 batches in 0.310s; word units 100.0% of 8 words (letters-only 100.0% of 8).
Train Loss: output=0.0819, reconstruction=4.9185
Final Stats:
=== Selected operation grammar ===
batch = 0 (Δ=48.562s, 100.00%)
Training throughput: 1 batches in 48.507s; word units 100.0% of 8 words (letters-only 100.0% of 8).
=== Input Reconstruction (test) ===
  row[0] input='hello world' -> reconstructed='loving ' label=0.0000 predicted=0.6400 MISMATCH
  row[1] input='hello there' -> reconstructed='loving ' label=1.0000 predicted=0.6289 MISMATCH
  row[2] input='loving world' -> reconstructed='loving ' label=1.0000 predicted=0.6555 MISMATCH
  row[3] input='loving there' -> reconstructed='loving ' label=0.0000 predicted=0.6124 MISMATCH
