FF                                                                       [100%]
=================================== FAILURES ===================================
__________ test_invalid_prediction_does_not_publish_embedded_clauses ___________

    def test_invalid_prediction_does_not_publish_embedded_clauses():
        store, _ = clause_store()
        source = store.seal_clause(idea_clause())
        pending = comparison(store, source)
        pending.estimate.kind_logit.fill_(float('nan'))
        with pytest.raises(ValueError):
            store.seal_clause(idea_clause(children=(idea_clause(),)), expectation=pending)
>       assert len(store) == 1
E       assert 2 == 1
E        +  where 2 = len(TernaryTruthStore())

test/test_item7_retention.py:68: AssertionError
_____ test_equality_is_two_independent_part_rows_and_never_merges_operands _____

    def test_equality_is_two_independent_part_rows_and_never_merges_operands():
        store, points = clause_store()
        source = part_clause()
        value = Clause(source.meaning, relation='equal', refs=source.refs)
        store.seal_clause(value, trust=.75)
        assert store.relations(store.REL_PARTOF).tolist() == [0, 1]
        assert store.refs[:2].tolist() == [[1, 3, 2], [2, 3, 1]]
        store.set_evidence(0, .2, .7)
        assert store.row(1)['evidence'] == pytest.approx((.75, 0.))
        assert not torch.equal(points[1], points[2])
        forward = store.clause_derivation(0)[0]
        reverse = store.clause_derivation(1)[0]
>       assert reverse.role_refs == forward.role_refs[::-1]
E       AssertionError: assert (('sym', 1), ...), ('sym', 2)) == (('sym', 2), ...), ('sym', 1))
E         
E         At index 0 diff: ('sym', 1) != ('sym', 2)
E         Use -v to get more diff

test/test_item7_storage.py:153: AssertionError
=============================== warnings summary ===============================
test/test_item7_retention.py::test_invalid_prediction_does_not_publish_embedded_clauses
  /Users/arogers/github/WikiOracle/basicmodel/.venv/lib/python3.12/site-packages/torch/utils/_device.py:122: UserWarning: Sparse invariant checks are implicitly disabled. Memory errors (e.g. SEGFAULT) will occur when operating on a sparse tensor which violates the invariants, but checks incur performance overhead. To silence this warning, explicitly opt in or out. See `torch.sparse.check_sparse_tensor_invariants.__doc__` for guidance.  (Triggered internally at /Users/runner/work/pytorch/pytorch/aten/src/ATen/Context.cpp:855.)
    return func(*args, **kwargs)

-- Docs: https://docs.pytest.org/en/stable/how-to/capture-warnings.html
=========================== short test summary info ============================
FAILED test/test_item7_retention.py::test_invalid_prediction_does_not_publish_embedded_clauses
FAILED test/test_item7_storage.py::test_equality_is_two_independent_part_rows_and_never_merges_operands
2 failed, 24 deselected, 1 warning in 2.11s
