/Users/arogers/github/WikiOracle/basicmodel/.venv/lib/python3.12/site-packages/torch/utils/_device.py:122: UserWarning: Sparse invariant checks are implicitly disabled. Memory errors (e.g. SEGFAULT) will occur when operating on a sparse tensor which violates the invariants, but checks incur performance overhead. To silence this warning, explicitly opt in or out. See `torch.sparse.check_sparse_tensor_invariants.__doc__` for guidance.  (Triggered internally at /Users/runner/work/pytorch/pytorch/aten/src/ATen/Context.cpp:855.)
  return func(*args, **kwargs)
[AMP] off (fp32, MODEL_AMP unset or =off)
batch = 0 (warm-up, 25.00%)
batch = 2 (Δ=0.216s, 50.00%)
batch = 4 (Δ=0.216s, 75.00%)
batch = 6 (Δ=0.180s, 100.00%)
runEpoch(validation): hit max_batches=4 cap; cursor exiting early (4 batches processed, ds.all_done=False).
Training throughput: 4 batches in 7.094s; word units 91.7% of 24 words (letters-only 100.0% of 8).
batch = 0 (Δ=5.699s, 14.29%)
batch = 2 (Δ=4.593s, 28.57%)
batch = 4 (Δ=4.276s, 42.86%)
batch = 6 (Δ=4.292s, 57.14%)
batch = 8 (Δ=4.096s, 71.43%)
batch = 10 (Δ=4.164s, 85.71%)
batch = 12 (Δ=3.983s, 100.00%)
runEpoch(train): hit max_batches=7 cap; cursor exiting early (7 batches processed, ds.all_done=False).
Training throughput: 7 batches in 34.907s; word units 88.1% of 42 words (letters-only 100.0% of 14).
batch = 0 (Δ=3.986s, 25.00%)
batch = 2 (Δ=0.189s, 50.00%)
batch = 4 (Δ=0.188s, 75.00%)
batch = 6 (Δ=0.177s, 100.00%)
runEpoch(validation): hit max_batches=4 cap; cursor exiting early (4 batches processed, ds.all_done=False).
Training throughput: 4 batches in 0.732s; word units 91.7% of 24 words (letters-only 100.0% of 8).
{"phases": [{"name": "before_training", "steps": [{"reconstruction": 0.1005534902215004, "answer": 0.05442141368985176, "thought_calls": 0, "thought_work": 0, "execute_records": 0, "seconds": 6.48622187494766}, {"reconstruction": 0.10059874504804611, "answer": 0.05766947194933891, "thought_calls": 0, "thought_work": 0, "execute_records": 0, "seconds": 0.21610604203306139}, {"reconstruction": 0.10062295198440552, "answer": 0.060426730662584305, "thought_calls": 0, "thought_work": 0, "execute_records": 0, "seconds": 0.21589437499642372}, {"reconstruction": 0.10059783607721329, "answer": 0.06064629554748535, "thought_calls": 0, "thought_work": 0, "execute_records": 0, "seconds": 0.17778883303981274}], "reconstruction_mean": 0.10059325583279133, "sentences_per_second": 1.127393948382639, "thought_calls": 0}, {"name": "training", "steps": [{"reconstruction": 0.10065212100744247, "answer": 0.06074925512075424, "thought_calls": 0, "thought_work": 0, "execute_records": 0, "seconds": 10.05221991694998}, {"reconstruction": 0.11222447454929352, "answer": 0.25120919942855835, "thought_calls": 0, "thought_work": 0, "execute_records": 0, "seconds": 4.291634250083007}, {"reconstruction": 0.09623328596353531, "answer": 0.055636871606111526, "thought_calls": 0, "thought_work": 0, "execute_records": 0, "seconds": 4.299001666950062}, {"reconstruction": 0.10518475621938705, "answer": 0.04277076944708824, "thought_calls": 0, "thought_work": 0, "execute_records": 0, "seconds": 4.114019250031561}, {"reconstruction": 0.08719538897275925, "answer": 0.08900342136621475, "thought_calls": 0, "thought_work": 0, "execute_records": 0, "seconds": 4.1648060829611495}, {"reconstruction": 0.09185010194778442, "answer": 0.04496109485626221, "thought_calls": 0, "thought_work": 0, "execute_records": 0, "seconds": 3.9650806670542806}, {"reconstruction": 0.08350181579589844, "answer": 0.057142019271850586, "thought_calls": 0, "thought_work": 0, "execute_records": 0, "seconds": 4.0211896249093115}], "reconstruction_mean": 0.0927930697798729, "sentences_per_second": 0.4862844139497341, "thought_calls": 0}, {"name": "after_training", "steps": [{"reconstruction": 0.09076695889234543, "answer": 0.2516978979110718, "thought_calls": 0, "thought_work": 0, "execute_records": 0, "seconds": 0.17927704192698002}, {"reconstruction": 0.08946172893047333, "answer": 0.2576790153980255, "thought_calls": 0, "thought_work": 0, "execute_records": 0, "seconds": 0.18863345799036324}, {"reconstruction": 0.09462658315896988, "answer": 0.2306927740573883, "thought_calls": 0, "thought_work": 0, "execute_records": 0, "seconds": 0.18811308406293392}, {"reconstruction": 0.09445164352655411, "answer": 0.2345612347126007, "thought_calls": 0, "thought_work": 0, "execute_records": 0, "seconds": 0.1764441659906879}], "reconstruction_mean": 0.09232672862708569, "sentences_per_second": 10.92198257236188, "thought_calls": 0}], "dictionary_parameter": false}
