/Users/arogers/github/WikiOracle/basicmodel/.venv/lib/python3.12/site-packages/torch/utils/_device.py:122: UserWarning: Sparse invariant checks are implicitly disabled. Memory errors (e.g. SEGFAULT) will occur when operating on a sparse tensor which violates the invariants, but checks incur performance overhead. To silence this warning, explicitly opt in or out. See `torch.sparse.check_sparse_tensor_invariants.__doc__` for guidance.  (Triggered internally at /Users/runner/work/pytorch/pytorch/aten/src/ATen/Context.cpp:855.)
  return func(*args, **kwargs)
[AMP] off (fp32, MODEL_AMP unset or =off)
batch = 0 (warm-up, 25.00%)
batch = 2 (Δ=0.216s, 50.00%)
batch = 4 (Δ=0.216s, 75.00%)
batch = 6 (Δ=0.205s, 100.00%)
runEpoch(validation): hit max_batches=4 cap; cursor exiting early (4 batches processed, ds.all_done=False).
Training throughput: 4 batches in 7.087s; word units 91.7% of 24 words (letters-only 100.0% of 8).
batch = 0 (Δ=5.670s, 14.29%)
batch = 2 (Δ=4.234s, 28.57%)
batch = 4 (Δ=3.994s, 42.86%)
batch = 6 (Δ=4.016s, 57.14%)
batch = 8 (Δ=4.314s, 71.43%)
batch = 10 (Δ=3.871s, 85.71%)
batch = 12 (Δ=4.147s, 100.00%)
runEpoch(train): hit max_batches=7 cap; cursor exiting early (7 batches processed, ds.all_done=False).
Training throughput: 7 batches in 33.935s; word units 88.1% of 42 words (letters-only 100.0% of 14).
batch = 0 (Δ=3.892s, 25.00%)
batch = 2 (Δ=0.212s, 50.00%)
batch = 4 (Δ=0.211s, 75.00%)
batch = 6 (Δ=0.199s, 100.00%)
runEpoch(validation): hit max_batches=4 cap; cursor exiting early (4 batches processed, ds.all_done=False).
Training throughput: 4 batches in 0.822s; word units 91.7% of 24 words (letters-only 100.0% of 8).
{"phases": [{"name": "before_training", "steps": [{"reconstruction": 0.1005534902215004, "answer": 0.05442141368985176, "thought_calls": 0, "thought_work": 0, "execute_records": 0, "seconds": 6.451624124892987}, {"reconstruction": 0.10059874504804611, "answer": 0.05766947194933891, "thought_calls": 0, "thought_work": 0, "execute_records": 0, "seconds": 0.21640258305706084}, {"reconstruction": 0.10062295198440552, "answer": 0.060426730662584305, "thought_calls": 0, "thought_work": 0, "execute_records": 0, "seconds": 0.21563504193909466}, {"reconstruction": 0.10059783607721329, "answer": 0.06064629554748535, "thought_calls": 0, "thought_work": 0, "execute_records": 0, "seconds": 0.20450258301571012}], "reconstruction_mean": 0.10059325583279133, "sentences_per_second": 1.128642004370892, "thought_calls": 0}, {"name": "training", "steps": [{"reconstruction": 0.10065212100744247, "answer": 0.06074925512075424, "thought_calls": 0, "thought_work": 0, "execute_records": 0, "seconds": 9.649738166946918}, {"reconstruction": 0.11140568554401398, "answer": 0.24312101304531097, "thought_calls": 0, "thought_work": 0, "execute_records": 0, "seconds": 4.040054708020762}, {"reconstruction": 0.09407994896173477, "answer": 0.04767677187919617, "thought_calls": 0, "thought_work": 0, "execute_records": 0, "seconds": 3.9836687919450924}, {"reconstruction": 0.10497257858514786, "answer": 0.04426632076501846, "thought_calls": 0, "thought_work": 0, "execute_records": 0, "seconds": 4.324262125068344}, {"reconstruction": 0.08689239621162415, "answer": 0.04124206304550171, "thought_calls": 0, "thought_work": 0, "execute_records": 0, "seconds": 3.8778271669289097}, {"reconstruction": 0.10048545151948929, "answer": 0.04078114405274391, "thought_calls": 0, "thought_work": 0, "execute_records": 0, "seconds": 4.123305166023783}, {"reconstruction": 0.0881115272641182, "answer": 0.049537625163793564, "thought_calls": 0, "thought_work": 0, "execute_records": 0, "seconds": 3.936913958983496}], "reconstruction_mean": 0.09490838050842285, "sentences_per_second": 0.4939252818865939, "thought_calls": 0}, {"name": "after_training", "steps": [{"reconstruction": 0.08705653250217438, "answer": 0.22308418154716492, "thought_calls": 0, "thought_work": 0, "execute_records": 0, "seconds": 0.201533249928616}, {"reconstruction": 0.08877866715192795, "answer": 0.22503651678562164, "thought_calls": 0, "thought_work": 0, "execute_records": 0, "seconds": 0.21232662501279265}, {"reconstruction": 0.09824582189321518, "answer": 0.20966586470603943, "thought_calls": 0, "thought_work": 0, "execute_records": 0, "seconds": 0.21106745803263038}, {"reconstruction": 0.09574920684099197, "answer": 0.20998114347457886, "thought_calls": 0, "thought_work": 0, "execute_records": 0, "seconds": 0.1983288750052452}], "reconstruction_mean": 0.09245755709707737, "sentences_per_second": 9.717509473310047, "thought_calls": 0}], "dictionary_parameter": false}
