FFFFFFFF                                                                 [100%]
=================================== FAILURES ===================================
____________________ test_reading_promotes_the_batch_words _____________________
test/test_word_store.py:161: in test_reading_promotes_the_batch_words
    m = _build(tmp_path_factory)
        ^^^^^^^^^^^^^^^^^^^^^^^^
test/test_word_store.py:135: in _build
    init_config(path=p, defaults_path=_DEFAULTS)
bin/util.py:2028: in init_config
    TheXMLConfig.overlay(path)
bin/util.py:1475: in overlay
    over = self._parse_xml(path)
           ^^^^^^^^^^^^^^^^^^^^^
bin/util.py:1876: in _parse_xml
    XMLConfig._validate_against_schema(path)
bin/util.py:1932: in _validate_against_schema
    raise ValueError(
E   ValueError: XML schema validation failed for /private/var/folders/_y/q6ybzrpx39jd0fzf9g671z280000gn/T/pytest-of-arogers/pytest-863/word_store0/MM_word_store_meronomy.xml
E     (schema: /Users/arogers/github/WikiOracle/basicmodel/data/model.xsd)
E   /private/var/folders/_y/q6ybzrpx39jd0fzf9g671z280000gn/T/pytest-of-arogers/pytest-863/word_store0/MM_word_store_meronomy.xml:193: element chunkPromotionThreshold: Schemas validity error : Element 'chunkPromotionThreshold': This element is not expected.
E   /private/var/folders/_y/q6ybzrpx39jd0fzf9g671z280000gn/T/pytest-of-arogers/pytest-863/word_store0/MM_word_store_meronomy.xml fails to validate
E   Fix the config, or update data/model.xsd if this is a new config element.
______________ test_one_to_one_recognition_registers_under_words _______________
test/test_word_store.py:198: in test_one_to_one_recognition_registers_under_words
    m = _build(tmp_path_factory)
        ^^^^^^^^^^^^^^^^^^^^^^^^
test/test_word_store.py:135: in _build
    init_config(path=p, defaults_path=_DEFAULTS)
bin/util.py:2028: in init_config
    TheXMLConfig.overlay(path)
bin/util.py:1475: in overlay
    over = self._parse_xml(path)
           ^^^^^^^^^^^^^^^^^^^^^
bin/util.py:1876: in _parse_xml
    XMLConfig._validate_against_schema(path)
bin/util.py:1932: in _validate_against_schema
    raise ValueError(
E   ValueError: XML schema validation failed for /private/var/folders/_y/q6ybzrpx39jd0fzf9g671z280000gn/T/pytest-of-arogers/pytest-863/word_store1/MM_word_store_meronomy.xml
E     (schema: /Users/arogers/github/WikiOracle/basicmodel/data/model.xsd)
E   /private/var/folders/_y/q6ybzrpx39jd0fzf9g671z280000gn/T/pytest-of-arogers/pytest-863/word_store1/MM_word_store_meronomy.xml:193: element chunkPromotionThreshold: Schemas validity error : Element 'chunkPromotionThreshold': This element is not expected.
E   /private/var/folders/_y/q6ybzrpx39jd0fzf9g671z280000gn/T/pytest-of-arogers/pytest-863/word_store1/MM_word_store_meronomy.xml fails to validate
E   Fix the config, or update data/model.xsd if this is a new config element.
_______________ test_percept_extras_ride_the_checkpoint_envelope _______________
test/test_word_store.py:266: in test_percept_extras_ride_the_checkpoint_envelope
    m = _build(tmp_path_factory)
        ^^^^^^^^^^^^^^^^^^^^^^^^
test/test_word_store.py:135: in _build
    init_config(path=p, defaults_path=_DEFAULTS)
bin/util.py:2028: in init_config
    TheXMLConfig.overlay(path)
bin/util.py:1475: in overlay
    over = self._parse_xml(path)
           ^^^^^^^^^^^^^^^^^^^^^
bin/util.py:1876: in _parse_xml
    XMLConfig._validate_against_schema(path)
bin/util.py:1932: in _validate_against_schema
    raise ValueError(
E   ValueError: XML schema validation failed for /private/var/folders/_y/q6ybzrpx39jd0fzf9g671z280000gn/T/pytest-of-arogers/pytest-863/word_store2/MM_word_store_meronomy.xml
E     (schema: /Users/arogers/github/WikiOracle/basicmodel/data/model.xsd)
E   /private/var/folders/_y/q6ybzrpx39jd0fzf9g671z280000gn/T/pytest-of-arogers/pytest-863/word_store2/MM_word_store_meronomy.xml:193: element chunkPromotionThreshold: Schemas validity error : Element 'chunkPromotionThreshold': This element is not expected.
E   /private/var/folders/_y/q6ybzrpx39jd0fzf9g671z280000gn/T/pytest-of-arogers/pytest-863/word_store2/MM_word_store_meronomy.xml fails to validate
E   Fix the config, or update data/model.xsd if this is a new config element.
__________________ test_storeless_configs_emit_no_percept_key __________________
test/test_word_store.py:297: in test_storeless_configs_emit_no_percept_key
    m = _build(tmp_path_factory)
        ^^^^^^^^^^^^^^^^^^^^^^^^
test/test_word_store.py:135: in _build
    init_config(path=p, defaults_path=_DEFAULTS)
bin/util.py:2028: in init_config
    TheXMLConfig.overlay(path)
bin/util.py:1475: in overlay
    over = self._parse_xml(path)
           ^^^^^^^^^^^^^^^^^^^^^
bin/util.py:1876: in _parse_xml
    XMLConfig._validate_against_schema(path)
bin/util.py:1932: in _validate_against_schema
    raise ValueError(
E   ValueError: XML schema validation failed for /private/var/folders/_y/q6ybzrpx39jd0fzf9g671z280000gn/T/pytest-of-arogers/pytest-863/word_store3/MM_word_store_meronomy.xml
E     (schema: /Users/arogers/github/WikiOracle/basicmodel/data/model.xsd)
E   /private/var/folders/_y/q6ybzrpx39jd0fzf9g671z280000gn/T/pytest-of-arogers/pytest-863/word_store3/MM_word_store_meronomy.xml:193: element chunkPromotionThreshold: Schemas validity error : Element 'chunkPromotionThreshold': This element is not expected.
E   /private/var/folders/_y/q6ybzrpx39jd0fzf9g671z280000gn/T/pytest-of-arogers/pytest-863/word_store3/MM_word_store_meronomy.xml fails to validate
E   Fix the config, or update data/model.xsd if this is a new config element.
_____________________ test_words_summary_row_running_mean ______________________
test/test_word_store.py:322: in test_words_summary_row_running_mean
    m = _build(tmp_path_factory)
        ^^^^^^^^^^^^^^^^^^^^^^^^
test/test_word_store.py:135: in _build
    init_config(path=p, defaults_path=_DEFAULTS)
bin/util.py:2028: in init_config
    TheXMLConfig.overlay(path)
bin/util.py:1475: in overlay
    over = self._parse_xml(path)
           ^^^^^^^^^^^^^^^^^^^^^
bin/util.py:1876: in _parse_xml
    XMLConfig._validate_against_schema(path)
bin/util.py:1932: in _validate_against_schema
    raise ValueError(
E   ValueError: XML schema validation failed for /private/var/folders/_y/q6ybzrpx39jd0fzf9g671z280000gn/T/pytest-of-arogers/pytest-863/word_store4/MM_word_store_meronomy.xml
E     (schema: /Users/arogers/github/WikiOracle/basicmodel/data/model.xsd)
E   /private/var/folders/_y/q6ybzrpx39jd0fzf9g671z280000gn/T/pytest-of-arogers/pytest-863/word_store4/MM_word_store_meronomy.xml:193: element chunkPromotionThreshold: Schemas validity error : Element 'chunkPromotionThreshold': This element is not expected.
E   /private/var/folders/_y/q6ybzrpx39jd0fzf9g671z280000gn/T/pytest-of-arogers/pytest-863/word_store4/MM_word_store_meronomy.xml fails to validate
E   Fix the config, or update data/model.xsd if this is a new config element.
_________________ test_ws_word_whole_registry_resolves_to_rows _________________
test/test_word_store.py:369: in test_ws_word_whole_registry_resolves_to_rows
    m = _build(tmp_path_factory)
        ^^^^^^^^^^^^^^^^^^^^^^^^
test/test_word_store.py:135: in _build
    init_config(path=p, defaults_path=_DEFAULTS)
bin/util.py:2028: in init_config
    TheXMLConfig.overlay(path)
bin/util.py:1475: in overlay
    over = self._parse_xml(path)
           ^^^^^^^^^^^^^^^^^^^^^
bin/util.py:1876: in _parse_xml
    XMLConfig._validate_against_schema(path)
bin/util.py:1932: in _validate_against_schema
    raise ValueError(
E   ValueError: XML schema validation failed for /private/var/folders/_y/q6ybzrpx39jd0fzf9g671z280000gn/T/pytest-of-arogers/pytest-863/word_store5/MM_word_store_meronomy.xml
E     (schema: /Users/arogers/github/WikiOracle/basicmodel/data/model.xsd)
E   /private/var/folders/_y/q6ybzrpx39jd0fzf9g671z280000gn/T/pytest-of-arogers/pytest-863/word_store5/MM_word_store_meronomy.xml:193: element chunkPromotionThreshold: Schemas validity error : Element 'chunkPromotionThreshold': This element is not expected.
E   /private/var/folders/_y/q6ybzrpx39jd0fzf9g671z280000gn/T/pytest-of-arogers/pytest-863/word_store5/MM_word_store_meronomy.xml fails to validate
E   Fix the config, or update data/model.xsd if this is a new config element.
________________ test_grammar_reverse_ops_from_generate_section ________________
test/test_word_store.py:580: in test_grammar_reverse_ops_from_generate_section
    m = _build(tmp_path_factory)
        ^^^^^^^^^^^^^^^^^^^^^^^^
test/test_word_store.py:135: in _build
    init_config(path=p, defaults_path=_DEFAULTS)
bin/util.py:2028: in init_config
    TheXMLConfig.overlay(path)
bin/util.py:1475: in overlay
    over = self._parse_xml(path)
           ^^^^^^^^^^^^^^^^^^^^^
bin/util.py:1876: in _parse_xml
    XMLConfig._validate_against_schema(path)
bin/util.py:1932: in _validate_against_schema
    raise ValueError(
E   ValueError: XML schema validation failed for /private/var/folders/_y/q6ybzrpx39jd0fzf9g671z280000gn/T/pytest-of-arogers/pytest-863/word_store6/MM_word_store_meronomy.xml
E     (schema: /Users/arogers/github/WikiOracle/basicmodel/data/model.xsd)
E   /private/var/folders/_y/q6ybzrpx39jd0fzf9g671z280000gn/T/pytest-of-arogers/pytest-863/word_store6/MM_word_store_meronomy.xml:193: element chunkPromotionThreshold: Schemas validity error : Element 'chunkPromotionThreshold': This element is not expected.
E   /private/var/folders/_y/q6ybzrpx39jd0fzf9g671z280000gn/T/pytest-of-arogers/pytest-863/word_store6/MM_word_store_meronomy.xml fails to validate
E   Fix the config, or update data/model.xsd if this is a new config element.
_______________ test_reverse_chooser_picks_fold_op_by_roundtrip ________________
test/test_word_store.py:599: in test_reverse_chooser_picks_fold_op_by_roundtrip
    m = _build(tmp_path_factory)
        ^^^^^^^^^^^^^^^^^^^^^^^^
test/test_word_store.py:135: in _build
    init_config(path=p, defaults_path=_DEFAULTS)
bin/util.py:2028: in init_config
    TheXMLConfig.overlay(path)
bin/util.py:1475: in overlay
    over = self._parse_xml(path)
           ^^^^^^^^^^^^^^^^^^^^^
bin/util.py:1876: in _parse_xml
    XMLConfig._validate_against_schema(path)
bin/util.py:1932: in _validate_against_schema
    raise ValueError(
E   ValueError: XML schema validation failed for /private/var/folders/_y/q6ybzrpx39jd0fzf9g671z280000gn/T/pytest-of-arogers/pytest-863/word_store7/MM_word_store_meronomy.xml
E     (schema: /Users/arogers/github/WikiOracle/basicmodel/data/model.xsd)
E   /private/var/folders/_y/q6ybzrpx39jd0fzf9g671z280000gn/T/pytest-of-arogers/pytest-863/word_store7/MM_word_store_meronomy.xml:193: element chunkPromotionThreshold: Schemas validity error : Element 'chunkPromotionThreshold': This element is not expected.
E   /private/var/folders/_y/q6ybzrpx39jd0fzf9g671z280000gn/T/pytest-of-arogers/pytest-863/word_store7/MM_word_store_meronomy.xml fails to validate
E   Fix the config, or update data/model.xsd if this is a new config element.
=========================== short test summary info ============================
FAILED test/test_word_store.py::test_reading_promotes_the_batch_words - Value...
FAILED test/test_word_store.py::test_one_to_one_recognition_registers_under_words
FAILED test/test_word_store.py::test_percept_extras_ride_the_checkpoint_envelope
FAILED test/test_word_store.py::test_storeless_configs_emit_no_percept_key - ...
FAILED test/test_word_store.py::test_words_summary_row_running_mean - ValueEr...
FAILED test/test_word_store.py::test_ws_word_whole_registry_resolves_to_rows
FAILED test/test_word_store.py::test_grammar_reverse_ops_from_generate_section
FAILED test/test_word_store.py::test_reverse_chooser_picks_fold_op_by_roundtrip
8 failed in 2.87s
