Starting with dynamic 2-dim embedding (words added at runtime)
  Building span table: 0/4 docs
Device: cpu
Peer pipeline: static PS/WS stage bodies compiled separately; legacy compatibility scheduler remains outside fullgraph capture


==== BasicModel ====

Trial [1/1]
Baseline test pass skipped (--test not specified). Re-invoke train.py with --test to include baseline + post-epoch evaluation.
Epoch [1/400]
[AMP] off (fp32, MODEL_AMP unset or =off)
batch = 0 (warm-up, 100.00%)
Train Loss: output=0.1685, reconstruction=0.8247
Epoch [2/400]
batch = 0 (Δ=0.191s, 100.00%)
Train Loss: output=0.1736, reconstruction=0.2336
Epoch [3/400]
batch = 0 (Δ=0.264s, 100.00%)
Train Loss: output=0.1727, reconstruction=0.2313
Epoch [4/400]
batch = 0 (Δ=0.185s, 100.00%)
Train Loss: output=0.1706, reconstruction=0.2329
Epoch [5/400]
batch = 0 (Δ=0.186s, 100.00%)
Train Loss: output=0.1683, reconstruction=0.2345
Epoch [6/400]
batch = 0 (Δ=0.182s, 100.00%)
Train Loss: output=0.1659, reconstruction=0.2365
Epoch [7/400]
batch = 0 (Δ=0.179s, 100.00%)
Train Loss: output=0.1543, reconstruction=0.2727
Epoch [8/400]
batch = 0 (Δ=0.188s, 100.00%)
Train Loss: output=0.1664, reconstruction=0.2943
Epoch [9/400]
batch = 0 (Δ=0.185s, 100.00%)
Train Loss: output=0.1640, reconstruction=0.2926
Epoch [10/400]
batch = 0 (Δ=0.180s, 100.00%)
Train Loss: output=0.1382, reconstruction=0.3161
Epoch [11/400]
batch = 0 (Δ=0.181s, 100.00%)
Train Loss: output=0.1592, reconstruction=0.2892
Epoch [12/400]
batch = 0 (Δ=0.183s, 100.00%)
Train Loss: output=0.1570, reconstruction=0.2883
Epoch [13/400]
batch = 0 (Δ=0.187s, 100.00%)
Train Loss: output=0.1548, reconstruction=0.2887
Epoch [14/400]
batch = 0 (Δ=0.186s, 100.00%)
Train Loss: output=0.1523, reconstruction=0.2903
Epoch [15/400]
batch = 0 (Δ=0.185s, 100.00%)
Train Loss: output=0.1492, reconstruction=0.2926
Epoch [16/400]
batch = 0 (Δ=0.184s, 100.00%)
Train Loss: output=0.1459, reconstruction=0.2955
Epoch [17/400]
batch = 0 (Δ=0.183s, 100.00%)
Train Loss: output=0.1425, reconstruction=0.2983
Epoch [18/400]
batch = 0 (Δ=0.183s, 100.00%)
Train Loss: output=0.1386, reconstruction=0.3004
Epoch [19/400]
batch = 0 (Δ=0.184s, 100.00%)
Train Loss: output=0.1340, reconstruction=0.3023
Epoch [20/400]
batch = 0 (Δ=0.181s, 100.00%)
Train Loss: output=0.1294, reconstruction=0.3030
Epoch [21/400]
batch = 0 (Δ=0.182s, 100.00%)
Train Loss: output=0.1244, reconstruction=0.3020
Epoch [22/400]
batch = 0 (Δ=0.184s, 100.00%)
Train Loss: output=0.1189, reconstruction=0.2990
Epoch [23/400]
batch = 0 (Δ=0.188s, 100.00%)
Train Loss: output=0.1128, reconstruction=0.2943
Epoch [24/400]
batch = 0 (Δ=0.182s, 100.00%)
Train Loss: output=0.1062, reconstruction=0.2882
Epoch [25/400]
batch = 0 (Δ=0.179s, 100.00%)
Train Loss: output=0.0988, reconstruction=0.2807
Epoch [26/400]
batch = 0 (Δ=0.185s, 100.00%)
Train Loss: output=0.0909, reconstruction=0.2721
Epoch [27/400]
batch = 0 (Δ=0.185s, 100.00%)
Train Loss: output=0.0830, reconstruction=0.2630
Epoch [28/400]
batch = 0 (Δ=0.183s, 100.00%)
Train Loss: output=0.0753, reconstruction=0.2546
Epoch [29/400]
batch = 0 (Δ=0.186s, 100.00%)
Train Loss: output=0.0683, reconstruction=0.2467
Epoch [30/400]
batch = 0 (Δ=0.193s, 100.00%)
Train Loss: output=0.0625, reconstruction=0.2380
Epoch [31/400]
batch = 0 (Δ=0.185s, 100.00%)
Train Loss: output=0.0552, reconstruction=0.2001
Epoch [32/400]
batch = 0 (Δ=0.186s, 100.00%)
Train Loss: output=0.0508, reconstruction=0.2234
Epoch [33/400]
batch = 0 (Δ=0.184s, 100.00%)
Train Loss: output=0.0452, reconstruction=0.2176
Epoch [34/400]
batch = 0 (Δ=0.180s, 100.00%)
Train Loss: output=0.0395, reconstruction=0.2134
Epoch [35/400]
batch = 0 (Δ=0.180s, 100.00%)
Train Loss: output=0.0323, reconstruction=0.1848
Epoch [36/400]
batch = 0 (Δ=0.184s, 100.00%)
Train Loss: output=0.0280, reconstruction=0.2074
Epoch [37/400]
batch = 0 (Δ=0.178s, 100.00%)
Train Loss: output=0.0226, reconstruction=0.2051
Epoch [38/400]
batch = 0 (Δ=0.181s, 100.00%)
Train Loss: output=0.0176, reconstruction=0.2039
Epoch [39/400]
batch = 0 (Δ=0.185s, 100.00%)
Train Loss: output=0.0134, reconstruction=0.2035
Epoch [40/400]
batch = 0 (Δ=0.184s, 100.00%)
Train Loss: output=0.0099, reconstruction=0.2034
Epoch [41/400]
batch = 0 (Δ=0.186s, 100.00%)
Train Loss: output=0.0073, reconstruction=0.2045
Epoch [42/400]
batch = 0 (Δ=0.182s, 100.00%)
Train Loss: output=0.0053, reconstruction=0.2065
Epoch [43/400]
batch = 0 (Δ=0.183s, 100.00%)
Train Loss: output=0.0039, reconstruction=0.2083
Epoch [44/400]
batch = 0 (Δ=0.268s, 100.00%)
Train Loss: output=0.0029, reconstruction=0.2096
Epoch [45/400]
batch = 0 (Δ=0.183s, 100.00%)
Train Loss: output=0.0021, reconstruction=0.2109
Epoch [46/400]
batch = 0 (Δ=0.179s, 100.00%)
Train Loss: output=0.0014, reconstruction=0.2117
Epoch [47/400]
batch = 0 (Δ=0.179s, 100.00%)
Train Loss: output=0.0009, reconstruction=0.2122
Epoch [48/400]
batch = 0 (Δ=0.183s, 100.00%)
Train Loss: output=0.0005, reconstruction=0.2123
Epoch [49/400]
batch = 0 (Δ=0.182s, 100.00%)
Train Loss: output=0.0003, reconstruction=0.2122
Epoch [50/400]
batch = 0 (Δ=0.181s, 100.00%)
Train Loss: output=0.0001, reconstruction=0.2120
Epoch [51/400]
batch = 0 (Δ=0.185s, 100.00%)
Train Loss: output=0.0001, reconstruction=0.2112
Epoch [52/400]
batch = 0 (Δ=0.179s, 100.00%)
Train Loss: output=0.0001, reconstruction=0.2099
Epoch [53/400]
batch = 0 (Δ=0.180s, 100.00%)
Train Loss: output=0.0006, reconstruction=0.2084
Epoch [54/400]
batch = 0 (Δ=0.189s, 100.00%)
Train Loss: output=0.0010, reconstruction=0.2079
Epoch [55/400]
batch = 0 (Δ=0.184s, 100.00%)
Train Loss: output=0.0012, reconstruction=0.2076
Epoch [56/400]
batch = 0 (Δ=0.181s, 100.00%)
Train Loss: output=0.0011, reconstruction=0.2072
Epoch [57/400]
batch = 0 (Δ=0.185s, 100.00%)
Train Loss: output=0.0009, reconstruction=0.2067
Epoch [58/400]
batch = 0 (Δ=0.185s, 100.00%)
Train Loss: output=0.0009, reconstruction=0.2057
Epoch [59/400]
batch = 0 (Δ=0.180s, 100.00%)
Train Loss: output=0.0008, reconstruction=0.2042
Epoch [60/400]
batch = 0 (Δ=0.188s, 100.00%)
Train Loss: output=0.0008, reconstruction=0.2020
Epoch [61/400]
batch = 0 (Δ=0.209s, 100.00%)
Train Loss: output=0.0009, reconstruction=0.2006
Epoch [62/400]
batch = 0 (Δ=0.184s, 100.00%)
Train Loss: output=0.0010, reconstruction=0.2001
Epoch [63/400]
batch = 0 (Δ=0.191s, 100.00%)
Train Loss: output=0.0009, reconstruction=0.2002
Epoch [64/400]
batch = 0 (Δ=0.184s, 100.00%)
Train Loss: output=0.0008, reconstruction=0.2005
Epoch [65/400]
batch = 0 (Δ=0.185s, 100.00%)
Train Loss: output=0.0007, reconstruction=0.2008
Epoch [66/400]
batch = 0 (Δ=0.186s, 100.00%)
Train Loss: output=0.0007, reconstruction=0.2005
Epoch [67/400]
batch = 0 (Δ=0.190s, 100.00%)
Train Loss: output=0.0060, reconstruction=0.1894
Epoch [68/400]
batch = 0 (Δ=0.181s, 100.00%)
Train Loss: output=0.2303, reconstruction=0.2161
Epoch [69/400]
batch = 0 (Δ=0.187s, 100.00%)
Train Loss: output=0.3454, reconstruction=0.2444
Epoch [70/400]
batch = 0 (Δ=0.190s, 100.00%)
Train Loss: output=0.1256, reconstruction=0.2157
Epoch [71/400]
batch = 0 (Δ=0.186s, 100.00%)
Train Loss: output=0.0224, reconstruction=0.1845
Epoch [72/400]
batch = 0 (Δ=0.190s, 100.00%)
Train Loss: output=0.0230, reconstruction=0.1867
Epoch [73/400]
batch = 0 (Δ=0.186s, 100.00%)
Train Loss: output=0.0210, reconstruction=0.1861
Epoch [74/400]
batch = 0 (Δ=0.185s, 100.00%)
Train Loss: output=0.0178, reconstruction=0.1833
Epoch [75/400]
batch = 0 (Δ=0.187s, 100.00%)
Train Loss: output=0.0145, reconstruction=0.1767
Epoch [76/400]
batch = 0 (Δ=0.186s, 100.00%)
Train Loss: output=0.0117, reconstruction=0.1702
Epoch [77/400]
batch = 0 (Δ=0.184s, 100.00%)
Train Loss: output=0.0095, reconstruction=0.1654
Epoch [78/400]
batch = 0 (Δ=0.184s, 100.00%)
Train Loss: output=0.0072, reconstruction=0.1621
Epoch [79/400]
batch = 0 (Δ=0.190s, 100.00%)
Train Loss: output=0.0053, reconstruction=0.1603
Epoch [80/400]
batch = 0 (Δ=0.187s, 100.00%)
Train Loss: output=0.0040, reconstruction=0.1593
Epoch [81/400]
batch = 0 (Δ=0.188s, 100.00%)
Train Loss: output=0.0032, reconstruction=0.1586
Epoch [82/400]
batch = 0 (Δ=0.264s, 100.00%)
Train Loss: output=0.0028, reconstruction=0.1581
Epoch [83/400]
batch = 0 (Δ=0.186s, 100.00%)
Train Loss: output=0.0026, reconstruction=0.1576
Epoch [84/400]
batch = 0 (Δ=0.186s, 100.00%)
Train Loss: output=0.0027, reconstruction=0.1570
Epoch [85/400]
batch = 0 (Δ=0.193s, 100.00%)
Train Loss: output=0.0031, reconstruction=0.1562
Epoch [86/400]
batch = 0 (Δ=0.187s, 100.00%)
Train Loss: output=0.0034, reconstruction=0.1557
Epoch [87/400]
batch = 0 (Δ=0.182s, 100.00%)
Train Loss: output=0.0033, reconstruction=0.1554
Epoch [88/400]
batch = 0 (Δ=0.189s, 100.00%)
Train Loss: output=0.0028, reconstruction=0.1552
Epoch [89/400]
batch = 0 (Δ=0.189s, 100.00%)
Train Loss: output=0.0022, reconstruction=0.1547
Epoch [90/400]
batch = 0 (Δ=0.183s, 100.00%)
Train Loss: output=0.0017, reconstruction=0.1539
Epoch [91/400]
batch = 0 (Δ=0.186s, 100.00%)
Train Loss: output=0.0014, reconstruction=0.1526
Epoch [92/400]
batch = 0 (Δ=0.185s, 100.00%)
Train Loss: output=0.0014, reconstruction=0.1521
Epoch [93/400]
batch = 0 (Δ=0.183s, 100.00%)
Train Loss: output=0.0016, reconstruction=0.1523
Epoch [94/400]
batch = 0 (Δ=0.191s, 100.00%)
Train Loss: output=0.0020, reconstruction=0.1514
Epoch [95/400]
batch = 0 (Δ=0.187s, 100.00%)
Train Loss: output=0.0022, reconstruction=0.1502
Epoch [96/400]
batch = 0 (Δ=0.183s, 100.00%)
Train Loss: output=0.0023, reconstruction=0.1501
Epoch [97/400]
batch = 0 (Δ=0.185s, 100.00%)
Train Loss: output=0.0022, reconstruction=0.1506
Epoch [98/400]
batch = 0 (Δ=0.189s, 100.00%)
Train Loss: output=0.0019, reconstruction=0.1511
Epoch [99/400]
batch = 0 (Δ=0.185s, 100.00%)
Train Loss: output=0.0016, reconstruction=0.1515
Epoch [100/400]
batch = 0 (Δ=0.190s, 100.00%)
Train Loss: output=0.0013, reconstruction=0.1514
Epoch [101/400]
batch = 0 (Δ=0.182s, 100.00%)
Train Loss: output=0.0010, reconstruction=0.1511
Epoch [102/400]
batch = 0 (Δ=0.192s, 100.00%)
Train Loss: output=0.0008, reconstruction=0.1510
Epoch [103/400]
batch = 0 (Δ=0.190s, 100.00%)
Train Loss: output=0.0007, reconstruction=0.1508
Epoch [104/400]
batch = 0 (Δ=0.183s, 100.00%)
Train Loss: output=0.0006, reconstruction=0.1504
Epoch [105/400]
batch = 0 (Δ=0.187s, 100.00%)
Train Loss: output=0.0006, reconstruction=0.1501
Epoch [106/400]
batch = 0 (Δ=0.190s, 100.00%)
Train Loss: output=0.0006, reconstruction=0.1500
Epoch [107/400]
batch = 0 (Δ=0.182s, 100.00%)
Train Loss: output=0.0006, reconstruction=0.1499
Epoch [108/400]
batch = 0 (Δ=0.185s, 100.00%)
Train Loss: output=0.0006, reconstruction=0.1497
Epoch [109/400]
batch = 0 (Δ=0.185s, 100.00%)
Train Loss: output=0.0007, reconstruction=0.1494
Epoch [110/400]
batch = 0 (Δ=0.185s, 100.00%)
Train Loss: output=0.0008, reconstruction=0.1491
Epoch [111/400]
batch = 0 (Δ=0.185s, 100.00%)
Train Loss: output=0.0009, reconstruction=0.1489
Epoch [112/400]
batch = 0 (Δ=0.188s, 100.00%)
Train Loss: output=0.0009, reconstruction=0.1491
Epoch [113/400]
batch = 0 (Δ=0.185s, 100.00%)
Train Loss: output=0.0008, reconstruction=0.1491
Epoch [114/400]
batch = 0 (Δ=0.188s, 100.00%)
Train Loss: output=0.0007, reconstruction=0.1492
Epoch [115/400]
batch = 0 (Δ=0.191s, 100.00%)
Train Loss: output=0.0006, reconstruction=0.1495
Epoch [116/400]
batch = 0 (Δ=0.183s, 100.00%)
Train Loss: output=0.0006, reconstruction=0.1499
Epoch [117/400]
batch = 0 (Δ=0.185s, 100.00%)
Train Loss: output=0.0006, reconstruction=0.1502
Epoch [118/400]
batch = 0 (Δ=0.188s, 100.00%)
Train Loss: output=0.0006, reconstruction=0.1505
Epoch [119/400]
batch = 0 (Δ=0.265s, 100.00%)
Train Loss: output=0.0008, reconstruction=0.1501
Epoch [120/400]
batch = 0 (Δ=0.185s, 100.00%)
Train Loss: output=0.0011, reconstruction=0.1501
Epoch [121/400]
batch = 0 (Δ=0.189s, 100.00%)
Train Loss: output=0.0011, reconstruction=0.1506
Epoch [122/400]
batch = 0 (Δ=0.191s, 100.00%)
Train Loss: output=0.0009, reconstruction=0.1512
Epoch [123/400]
batch = 0 (Δ=0.184s, 100.00%)
Train Loss: output=0.0009, reconstruction=0.1518
Epoch [124/400]
batch = 0 (Δ=0.188s, 100.00%)
Train Loss: output=0.0022, reconstruction=0.1522
Epoch [125/400]
batch = 0 (Δ=0.190s, 100.00%)
Train Loss: output=0.0043, reconstruction=0.1531
Epoch [126/400]
batch = 0 (Δ=0.183s, 100.00%)
Train Loss: output=0.0060, reconstruction=0.1540
Epoch [127/400]
batch = 0 (Δ=0.185s, 100.00%)
Train Loss: output=0.0763, reconstruction=0.1633
Epoch [128/400]
batch = 0 (Δ=0.189s, 100.00%)
Train Loss: output=0.0128, reconstruction=0.1555
Epoch [129/400]
batch = 0 (Δ=0.184s, 100.00%)
Train Loss: output=0.0149, reconstruction=0.1548
Epoch [130/400]
batch = 0 (Δ=0.182s, 100.00%)
Train Loss: output=0.0142, reconstruction=0.1553
Epoch [131/400]
batch = 0 (Δ=0.186s, 100.00%)
Train Loss: output=0.0126, reconstruction=0.1569
Epoch [132/400]
batch = 0 (Δ=0.185s, 100.00%)
Train Loss: output=0.0118, reconstruction=0.1595
Epoch [133/400]
batch = 0 (Δ=0.188s, 100.00%)
Train Loss: output=0.0122, reconstruction=0.1622
Epoch [134/400]
batch = 0 (Δ=0.185s, 100.00%)
Train Loss: output=0.0109, reconstruction=0.1644
Epoch [135/400]
batch = 0 (Δ=0.184s, 100.00%)
Train Loss: output=0.0095, reconstruction=0.1660
Epoch [136/400]
batch = 0 (Δ=0.189s, 100.00%)
Train Loss: output=0.0080, reconstruction=0.1673
Epoch [137/400]
batch = 0 (Δ=0.189s, 100.00%)
Train Loss: output=0.0066, reconstruction=0.1701
Epoch [138/400]
batch = 0 (Δ=0.187s, 100.00%)
Train Loss: output=0.0052, reconstruction=0.1729
Epoch [139/400]
batch = 0 (Δ=0.184s, 100.00%)
Train Loss: output=0.0042, reconstruction=0.1741
Epoch [140/400]
batch = 0 (Δ=0.190s, 100.00%)
Train Loss: output=0.0039, reconstruction=0.1746
Epoch [141/400]
batch = 0 (Δ=0.182s, 100.00%)
Train Loss: output=0.0038, reconstruction=0.1753
Epoch [142/400]
batch = 0 (Δ=0.184s, 100.00%)
Train Loss: output=0.0033, reconstruction=0.1761
Epoch [143/400]
batch = 0 (Δ=0.186s, 100.00%)
Train Loss: output=0.0023, reconstruction=0.1765
Epoch [144/400]
batch = 0 (Δ=0.187s, 100.00%)
Train Loss: output=0.0016, reconstruction=0.1770
Epoch [145/400]
batch = 0 (Δ=0.188s, 100.00%)
Train Loss: output=0.0013, reconstruction=0.1797
Epoch [146/400]
batch = 0 (Δ=0.182s, 100.00%)
Train Loss: output=0.0012, reconstruction=0.1846
Epoch [147/400]
batch = 0 (Δ=0.180s, 100.00%)
Train Loss: output=0.0012, reconstruction=0.1894
Epoch [148/400]
batch = 0 (Δ=0.184s, 100.00%)
Train Loss: output=0.0013, reconstruction=0.1906
Epoch [149/400]
batch = 0 (Δ=0.184s, 100.00%)
Train Loss: output=0.0014, reconstruction=0.1894
Epoch [150/400]
batch = 0 (Δ=0.185s, 100.00%)
Train Loss: output=0.0017, reconstruction=0.1879
Epoch [151/400]
batch = 0 (Δ=0.186s, 100.00%)
Train Loss: output=0.0030, reconstruction=0.1863
Epoch [152/400]
batch = 0 (Δ=0.273s, 100.00%)
Train Loss: output=0.0054, reconstruction=0.1847
Epoch [153/400]
batch = 0 (Δ=0.185s, 100.00%)
Train Loss: output=0.0077, reconstruction=0.1830
Epoch [154/400]
batch = 0 (Δ=0.183s, 100.00%)
Train Loss: output=0.0406, reconstruction=0.1943
Epoch [155/400]
batch = 0 (Δ=0.188s, 100.00%)
Train Loss: output=0.0325, reconstruction=0.1915
Epoch [156/400]
batch = 0 (Δ=0.185s, 100.00%)
Train Loss: output=0.0231, reconstruction=0.1897
Epoch [157/400]
batch = 0 (Δ=0.187s, 100.00%)
Train Loss: output=0.0170, reconstruction=0.1889
Epoch [158/400]
batch = 0 (Δ=0.187s, 100.00%)
Train Loss: output=0.0136, reconstruction=0.1892
Epoch [159/400]
batch = 0 (Δ=0.183s, 100.00%)
Train Loss: output=0.0108, reconstruction=0.1896
Epoch [160/400]
batch = 0 (Δ=0.187s, 100.00%)
Train Loss: output=0.0085, reconstruction=0.1908
Epoch [161/400]
batch = 0 (Δ=0.185s, 100.00%)
Train Loss: output=0.0081, reconstruction=0.1910
Epoch [162/400]
batch = 0 (Δ=0.186s, 100.00%)
Train Loss: output=0.0081, reconstruction=0.1916
Epoch [163/400]
batch = 0 (Δ=0.185s, 100.00%)
Train Loss: output=0.0074, reconstruction=0.1923
Epoch [164/400]
batch = 0 (Δ=0.189s, 100.00%)
Train Loss: output=0.0057, reconstruction=0.1916
Epoch [165/400]
batch = 0 (Δ=0.186s, 100.00%)
Train Loss: output=0.0016, reconstruction=0.2014
Epoch [166/400]
batch = 0 (Δ=0.185s, 100.00%)
Train Loss: output=0.0027, reconstruction=0.1908
Epoch [167/400]
batch = 0 (Δ=0.187s, 100.00%)
Train Loss: output=0.0024, reconstruction=0.1928
Epoch [168/400]
batch = 0 (Δ=0.196s, 100.00%)
Train Loss: output=0.1169, reconstruction=0.1737
Epoch [169/400]
batch = 0 (Δ=0.182s, 100.00%)
Train Loss: output=0.0966, reconstruction=0.1716
Epoch [170/400]
batch = 0 (Δ=0.184s, 100.00%)
Train Loss: output=0.0825, reconstruction=0.1695
Epoch [171/400]
batch = 0 (Δ=0.181s, 100.00%)
Train Loss: output=0.0604, reconstruction=0.1642
Epoch [172/400]
batch = 0 (Δ=0.178s, 100.00%)
Train Loss: output=0.0737, reconstruction=0.1559
Epoch [173/400]
batch = 0 (Δ=0.182s, 100.00%)
Train Loss: output=0.0676, reconstruction=0.1561
Epoch [174/400]
batch = 0 (Δ=0.182s, 100.00%)
Train Loss: output=0.0424, reconstruction=0.1631
Epoch [175/400]
batch = 0 (Δ=0.181s, 100.00%)
Train Loss: output=0.0290, reconstruction=0.1644
Epoch [176/400]
batch = 0 (Δ=0.185s, 100.00%)
Train Loss: output=0.0542, reconstruction=0.1652
Epoch [177/400]
batch = 0 (Δ=0.182s, 100.00%)
Train Loss: output=0.0508, reconstruction=0.1671
Epoch [178/400]
batch = 0 (Δ=0.182s, 100.00%)
Train Loss: output=0.0437, reconstruction=0.1690
Epoch [179/400]
batch = 0 (Δ=0.180s, 100.00%)
Train Loss: output=0.0156, reconstruction=0.1710
Epoch [180/400]
batch = 0 (Δ=0.180s, 100.00%)
Train Loss: output=0.0213, reconstruction=0.1608
Epoch [181/400]
batch = 0 (Δ=0.178s, 100.00%)
Train Loss: output=0.0139, reconstruction=0.1742
Epoch [182/400]
batch = 0 (Δ=0.177s, 100.00%)
Train Loss: output=0.0162, reconstruction=0.1626
Epoch [183/400]
batch = 0 (Δ=0.183s, 100.00%)
Train Loss: output=0.0258, reconstruction=0.1764
Epoch [184/400]
batch = 0 (Δ=0.181s, 100.00%)
Train Loss: output=0.0100, reconstruction=0.1816
Epoch [185/400]
batch = 0 (Δ=0.178s, 100.00%)
Train Loss: output=0.0100, reconstruction=0.1690
Epoch [186/400]
batch = 0 (Δ=0.177s, 100.00%)
Train Loss: output=0.0105, reconstruction=0.1853
Epoch [187/400]
batch = 0 (Δ=0.185s, 100.00%)
Train Loss: output=0.0096, reconstruction=0.1855
Epoch [188/400]
batch = 0 (Δ=0.261s, 100.00%)
Train Loss: output=0.0174, reconstruction=0.1840
Epoch [189/400]
batch = 0 (Δ=0.184s, 100.00%)
Train Loss: output=0.0106, reconstruction=0.1835
Epoch [190/400]
batch = 0 (Δ=0.179s, 100.00%)
Train Loss: output=0.0057, reconstruction=0.1834
Epoch [191/400]
batch = 0 (Δ=0.180s, 100.00%)
Train Loss: output=0.0076, reconstruction=0.1815
Epoch [192/400]
batch = 0 (Δ=0.180s, 100.00%)
Train Loss: output=0.0099, reconstruction=0.1789
Epoch [193/400]
batch = 0 (Δ=0.183s, 100.00%)
Train Loss: output=0.0084, reconstruction=0.1781
Epoch [194/400]
batch = 0 (Δ=0.184s, 100.00%)
Train Loss: output=0.0079, reconstruction=0.1766
Epoch [195/400]
batch = 0 (Δ=0.182s, 100.00%)
Train Loss: output=0.0087, reconstruction=0.1755
Epoch [196/400]
batch = 0 (Δ=0.182s, 100.00%)
Train Loss: output=0.0077, reconstruction=0.1719
Epoch [197/400]
batch = 0 (Δ=0.180s, 100.00%)
Train Loss: output=0.0050, reconstruction=0.1702
Epoch [198/400]
batch = 0 (Δ=0.177s, 100.00%)
Train Loss: output=0.0031, reconstruction=0.1690
Epoch [199/400]
batch = 0 (Δ=0.185s, 100.00%)
Train Loss: output=0.0020, reconstruction=0.1679
Epoch [200/400]
batch = 0 (Δ=0.177s, 100.00%)
Train Loss: output=0.0016, reconstruction=0.1682
Epoch [201/400]
batch = 0 (Δ=0.180s, 100.00%)
Train Loss: output=0.0010, reconstruction=0.1674
Epoch [202/400]
batch = 0 (Δ=0.180s, 100.00%)
Train Loss: output=0.0007, reconstruction=0.1670
Epoch [203/400]
batch = 0 (Δ=0.178s, 100.00%)
Train Loss: output=0.0005, reconstruction=0.1663
Epoch [204/400]
batch = 0 (Δ=0.178s, 100.00%)
Train Loss: output=0.0005, reconstruction=0.1657
Epoch [205/400]
batch = 0 (Δ=0.184s, 100.00%)
Train Loss: output=0.0005, reconstruction=0.1654
Epoch [206/400]
batch = 0 (Δ=0.175s, 100.00%)
Train Loss: output=0.0004, reconstruction=0.1651
Epoch [207/400]
batch = 0 (Δ=0.181s, 100.00%)
Train Loss: output=0.0003, reconstruction=0.1649
Epoch [208/400]
batch = 0 (Δ=0.179s, 100.00%)
Train Loss: output=0.0003, reconstruction=0.1647
Epoch [209/400]
batch = 0 (Δ=0.177s, 100.00%)
Train Loss: output=0.0003, reconstruction=0.1646
Epoch [210/400]
batch = 0 (Δ=0.180s, 100.00%)
Train Loss: output=0.0003, reconstruction=0.1645
Epoch [211/400]
batch = 0 (Δ=0.182s, 100.00%)
Train Loss: output=0.0002, reconstruction=0.1644
Epoch [212/400]
batch = 0 (Δ=0.179s, 100.00%)
Train Loss: output=0.0002, reconstruction=0.1644
Epoch [213/400]
batch = 0 (Δ=0.179s, 100.00%)
Train Loss: output=0.0002, reconstruction=0.1643
Epoch [214/400]
batch = 0 (Δ=0.182s, 100.00%)
Train Loss: output=0.0003, reconstruction=0.1640
Epoch [215/400]
batch = 0 (Δ=0.179s, 100.00%)
Train Loss: output=0.0003, reconstruction=0.1638
Epoch [216/400]
batch = 0 (Δ=0.185s, 100.00%)
Train Loss: output=0.0003, reconstruction=0.1634
Epoch [217/400]
batch = 0 (Δ=0.183s, 100.00%)
Train Loss: output=0.0004, reconstruction=0.1633
Epoch [218/400]
batch = 0 (Δ=0.181s, 100.00%)
Train Loss: output=0.0005, reconstruction=0.1628
Epoch [219/400]
batch = 0 (Δ=0.178s, 100.00%)
Train Loss: output=0.0007, reconstruction=0.1628
Epoch [220/400]
batch = 0 (Δ=0.181s, 100.00%)
Train Loss: output=0.0006, reconstruction=0.1631
Epoch [221/400]
batch = 0 (Δ=0.188s, 100.00%)
Train Loss: output=0.0005, reconstruction=0.1636
Epoch [222/400]
batch = 0 (Δ=0.185s, 100.00%)
Train Loss: output=0.0003, reconstruction=0.1641
Epoch [223/400]
batch = 0 (Δ=0.179s, 100.00%)
Train Loss: output=0.0003, reconstruction=0.1646
Epoch [224/400]
batch = 0 (Δ=0.182s, 100.00%)
Train Loss: output=0.0003, reconstruction=0.1653
Epoch [225/400]
batch = 0 (Δ=0.267s, 100.00%)
Train Loss: output=0.0003, reconstruction=0.1661
Epoch [226/400]
batch = 0 (Δ=0.181s, 100.00%)
Train Loss: output=0.0004, reconstruction=0.1668
Epoch [227/400]
batch = 0 (Δ=0.180s, 100.00%)
Train Loss: output=0.0003, reconstruction=0.1672
Epoch [228/400]
batch = 0 (Δ=0.181s, 100.00%)
Train Loss: output=0.0004, reconstruction=0.1675
Epoch [229/400]
batch = 0 (Δ=0.181s, 100.00%)
Train Loss: output=0.0004, reconstruction=0.1678
Epoch [230/400]
batch = 0 (Δ=0.182s, 100.00%)
Train Loss: output=0.0004, reconstruction=0.1678
Epoch [231/400]
batch = 0 (Δ=0.182s, 100.00%)
Train Loss: output=0.0004, reconstruction=0.1679
Epoch [232/400]
batch = 0 (Δ=0.182s, 100.00%)
Train Loss: output=0.0003, reconstruction=0.1680
Epoch [233/400]
batch = 0 (Δ=0.180s, 100.00%)
Train Loss: output=0.0002, reconstruction=0.1681
Epoch [234/400]
batch = 0 (Δ=0.182s, 100.00%)
Train Loss: output=0.0003, reconstruction=0.1684
Epoch [235/400]
batch = 0 (Δ=0.179s, 100.00%)
Train Loss: output=0.0004, reconstruction=0.1688
Epoch [236/400]
batch = 0 (Δ=0.183s, 100.00%)
Train Loss: output=0.0005, reconstruction=0.1691
Epoch [237/400]
batch = 0 (Δ=0.182s, 100.00%)
Train Loss: output=0.0006, reconstruction=0.1693
Epoch [238/400]
batch = 0 (Δ=0.177s, 100.00%)
Train Loss: output=0.0005, reconstruction=0.1693
Epoch [239/400]
batch = 0 (Δ=0.185s, 100.00%)
Train Loss: output=0.0005, reconstruction=0.1692
Epoch [240/400]
batch = 0 (Δ=0.183s, 100.00%)
Train Loss: output=0.0005, reconstruction=0.1691
Epoch [241/400]
batch = 0 (Δ=0.181s, 100.00%)
Train Loss: output=0.0004, reconstruction=0.1693
Epoch [242/400]
batch = 0 (Δ=0.178s, 100.00%)
Train Loss: output=0.0004, reconstruction=0.1693
Epoch [243/400]
batch = 0 (Δ=0.180s, 100.00%)
Train Loss: output=0.0003, reconstruction=0.1693
Epoch [244/400]
batch = 0 (Δ=0.180s, 100.00%)
Train Loss: output=0.0003, reconstruction=0.1693
Epoch [245/400]
batch = 0 (Δ=0.180s, 100.00%)
Train Loss: output=0.0003, reconstruction=0.1692
Epoch [246/400]
batch = 0 (Δ=0.183s, 100.00%)
Train Loss: output=0.0003, reconstruction=0.1688
Epoch [247/400]
batch = 0 (Δ=0.179s, 100.00%)
Train Loss: output=0.0003, reconstruction=0.1682
Epoch [248/400]
batch = 0 (Δ=0.179s, 100.00%)
Train Loss: output=0.0004, reconstruction=0.1678
Epoch [249/400]
batch = 0 (Δ=0.180s, 100.00%)
Train Loss: output=0.0006, reconstruction=0.1675
Epoch [250/400]
batch = 0 (Δ=0.181s, 100.00%)
Train Loss: output=0.0006, reconstruction=0.1674
Epoch [251/400]
batch = 0 (Δ=0.184s, 100.00%)
Train Loss: output=0.0006, reconstruction=0.1674
Epoch [252/400]
batch = 0 (Δ=0.181s, 100.00%)
Train Loss: output=0.0005, reconstruction=0.1675
Epoch [253/400]
batch = 0 (Δ=0.184s, 100.00%)
Train Loss: output=0.0004, reconstruction=0.1677
Epoch [254/400]
batch = 0 (Δ=0.177s, 100.00%)
Train Loss: output=0.0003, reconstruction=0.1680
Epoch [255/400]
batch = 0 (Δ=0.179s, 100.00%)
Train Loss: output=0.0003, reconstruction=0.1683
Epoch [256/400]
batch = 0 (Δ=0.174s, 100.00%)
Train Loss: output=0.0003, reconstruction=0.1685
Epoch [257/400]
batch = 0 (Δ=0.183s, 100.00%)
Train Loss: output=0.0002, reconstruction=0.1687
Epoch [258/400]
batch = 0 (Δ=0.178s, 100.00%)
Train Loss: output=0.0002, reconstruction=0.1689
Epoch [259/400]
batch = 0 (Δ=0.179s, 100.00%)
Train Loss: output=0.0002, reconstruction=0.1689
Epoch [260/400]
batch = 0 (Δ=0.183s, 100.00%)
Train Loss: output=0.0002, reconstruction=0.1689
Epoch [261/400]
batch = 0 (Δ=0.179s, 100.00%)
Train Loss: output=0.0002, reconstruction=0.1690
Epoch [262/400]
batch = 0 (Δ=0.205s, 100.00%)
Train Loss: output=0.0002, reconstruction=0.1692
Epoch [263/400]
batch = 0 (Δ=0.254s, 100.00%)
Train Loss: output=0.0002, reconstruction=0.1693
Epoch [264/400]
batch = 0 (Δ=0.179s, 100.00%)
Train Loss: output=0.0002, reconstruction=0.1695
Epoch [265/400]
batch = 0 (Δ=0.176s, 100.00%)
Train Loss: output=0.0004, reconstruction=0.1705
Epoch [266/400]
batch = 0 (Δ=0.177s, 100.00%)
Train Loss: output=0.0022, reconstruction=0.1724
Epoch [267/400]
batch = 0 (Δ=0.180s, 100.00%)
Train Loss: output=0.0036, reconstruction=0.1739
Epoch [268/400]
batch = 0 (Δ=0.180s, 100.00%)
Train Loss: output=0.0036, reconstruction=0.1745
Epoch [269/400]
batch = 0 (Δ=0.175s, 100.00%)
Train Loss: output=0.0027, reconstruction=0.1751
Epoch [270/400]
batch = 0 (Δ=0.178s, 100.00%)
Train Loss: output=0.0023, reconstruction=0.1749
Epoch [271/400]
batch = 0 (Δ=0.180s, 100.00%)
Train Loss: output=0.0022, reconstruction=0.1738
Epoch [272/400]
batch = 0 (Δ=0.178s, 100.00%)
Train Loss: output=0.0022, reconstruction=0.1732
Epoch [273/400]
batch = 0 (Δ=0.175s, 100.00%)
Train Loss: output=0.0029, reconstruction=0.1734
Epoch [274/400]
batch = 0 (Δ=0.175s, 100.00%)
Train Loss: output=0.0036, reconstruction=0.1740
Epoch [275/400]
batch = 0 (Δ=0.176s, 100.00%)
Train Loss: output=0.0040, reconstruction=0.1747
Epoch [276/400]
batch = 0 (Δ=0.182s, 100.00%)
Train Loss: output=0.0039, reconstruction=0.1753
Epoch [277/400]
batch = 0 (Δ=0.182s, 100.00%)
Train Loss: output=0.0035, reconstruction=0.1757
Epoch [278/400]
batch = 0 (Δ=0.178s, 100.00%)
Train Loss: output=0.0031, reconstruction=0.1759
Epoch [279/400]
batch = 0 (Δ=0.177s, 100.00%)
Train Loss: output=0.0028, reconstruction=0.1759
Epoch [280/400]
batch = 0 (Δ=0.177s, 100.00%)
Train Loss: output=0.0028, reconstruction=0.1757
Epoch [281/400]
batch = 0 (Δ=0.181s, 100.00%)
Train Loss: output=0.0029, reconstruction=0.1755
Epoch [282/400]
batch = 0 (Δ=0.176s, 100.00%)
Train Loss: output=0.0029, reconstruction=0.1756
Epoch [283/400]
batch = 0 (Δ=0.176s, 100.00%)
Train Loss: output=0.0027, reconstruction=0.1759
Epoch [284/400]
batch = 0 (Δ=0.178s, 100.00%)
Train Loss: output=0.0023, reconstruction=0.1762
Epoch [285/400]
batch = 0 (Δ=0.180s, 100.00%)
Train Loss: output=0.0018, reconstruction=0.1764
Epoch [286/400]
batch = 0 (Δ=0.178s, 100.00%)
Train Loss: output=0.0014, reconstruction=0.1768
Epoch [287/400]
batch = 0 (Δ=0.183s, 100.00%)
Train Loss: output=0.0012, reconstruction=0.1772
Epoch [288/400]
batch = 0 (Δ=0.176s, 100.00%)
Train Loss: output=0.0012, reconstruction=0.1777
Epoch [289/400]
batch = 0 (Δ=0.183s, 100.00%)
Train Loss: output=0.0011, reconstruction=0.1782
Epoch [290/400]
batch = 0 (Δ=0.181s, 100.00%)
Train Loss: output=0.0012, reconstruction=0.1786
Epoch [291/400]
batch = 0 (Δ=0.180s, 100.00%)
Train Loss: output=0.0012, reconstruction=0.1786
Epoch [292/400]
batch = 0 (Δ=0.179s, 100.00%)
Train Loss: output=0.0013, reconstruction=0.1788
Epoch [293/400]
batch = 0 (Δ=0.183s, 100.00%)
Train Loss: output=0.0014, reconstruction=0.1789
Epoch [294/400]
batch = 0 (Δ=0.181s, 100.00%)
Train Loss: output=0.0015, reconstruction=0.1791
Epoch [295/400]
batch = 0 (Δ=0.179s, 100.00%)
Train Loss: output=0.0015, reconstruction=0.1793
Epoch [296/400]
batch = 0 (Δ=0.181s, 100.00%)
Train Loss: output=0.0014, reconstruction=0.1797
Epoch [297/400]
batch = 0 (Δ=0.178s, 100.00%)
Train Loss: output=0.0012, reconstruction=0.1800
Epoch [298/400]
batch = 0 (Δ=0.179s, 100.00%)
Train Loss: output=0.0010, reconstruction=0.1800
Epoch [299/400]
batch = 0 (Δ=0.176s, 100.00%)
Train Loss: output=0.0009, reconstruction=0.1802
Epoch [300/400]
batch = 0 (Δ=0.180s, 100.00%)
Train Loss: output=0.0009, reconstruction=0.1804
Epoch [301/400]
batch = 0 (Δ=0.181s, 100.00%)
Train Loss: output=0.0008, reconstruction=0.1804
Epoch [302/400]
batch = 0 (Δ=0.177s, 100.00%)
Train Loss: output=0.0008, reconstruction=0.1803
Epoch [303/400]
batch = 0 (Δ=0.252s, 100.00%)
Train Loss: output=0.0007, reconstruction=0.1803
Epoch [304/400]
batch = 0 (Δ=0.182s, 100.00%)
Train Loss: output=0.0007, reconstruction=0.1804
Epoch [305/400]
batch = 0 (Δ=0.183s, 100.00%)
Train Loss: output=0.0007, reconstruction=0.1805
Epoch [306/400]
batch = 0 (Δ=0.177s, 100.00%)
Train Loss: output=0.0006, reconstruction=0.1807
Epoch [307/400]
batch = 0 (Δ=0.179s, 100.00%)
Train Loss: output=0.0006, reconstruction=0.1810
Epoch [308/400]
batch = 0 (Δ=0.180s, 100.00%)
Train Loss: output=0.0005, reconstruction=0.1811
Epoch [309/400]
batch = 0 (Δ=0.181s, 100.00%)
Train Loss: output=0.0005, reconstruction=0.1812
Epoch [310/400]
batch = 0 (Δ=0.175s, 100.00%)
Train Loss: output=0.0004, reconstruction=0.1814
Epoch [311/400]
batch = 0 (Δ=0.178s, 100.00%)
Train Loss: output=0.0004, reconstruction=0.1815
Epoch [312/400]
batch = 0 (Δ=0.177s, 100.00%)
Train Loss: output=0.0004, reconstruction=0.1814
Epoch [313/400]
batch = 0 (Δ=0.183s, 100.00%)
Train Loss: output=0.0006, reconstruction=0.1822
Epoch [314/400]
batch = 0 (Δ=0.180s, 100.00%)
Train Loss: output=0.0016, reconstruction=0.1834
Epoch [315/400]
batch = 0 (Δ=0.177s, 100.00%)
Train Loss: output=0.0023, reconstruction=0.1841
Epoch [316/400]
batch = 0 (Δ=0.181s, 100.00%)
Train Loss: output=0.0023, reconstruction=0.1844
Epoch [317/400]
batch = 0 (Δ=0.179s, 100.00%)
Train Loss: output=0.0021, reconstruction=0.1845
Epoch [318/400]
batch = 0 (Δ=0.180s, 100.00%)
Train Loss: output=0.0023, reconstruction=0.1848
Epoch [319/400]
batch = 0 (Δ=0.180s, 100.00%)
Train Loss: output=0.0026, reconstruction=0.1854
Epoch [320/400]
batch = 0 (Δ=0.180s, 100.00%)
Train Loss: output=0.0024, reconstruction=0.1858
Epoch [321/400]
batch = 0 (Δ=0.179s, 100.00%)
Train Loss: output=0.0018, reconstruction=0.1862
Epoch [322/400]
batch = 0 (Δ=0.177s, 100.00%)
Train Loss: output=0.0012, reconstruction=0.1866
Epoch [323/400]
batch = 0 (Δ=0.179s, 100.00%)
Train Loss: output=0.0012, reconstruction=0.1869
Epoch [324/400]
batch = 0 (Δ=0.177s, 100.00%)
Train Loss: output=0.0014, reconstruction=0.1877
Epoch [325/400]
batch = 0 (Δ=0.182s, 100.00%)
Train Loss: output=0.0016, reconstruction=0.1885
Epoch [326/400]
batch = 0 (Δ=0.179s, 100.00%)
Train Loss: output=0.0018, reconstruction=0.1896
Epoch [327/400]
batch = 0 (Δ=0.177s, 100.00%)
Train Loss: output=0.0017, reconstruction=0.1905
Epoch [328/400]
batch = 0 (Δ=0.179s, 100.00%)
Train Loss: output=0.0013, reconstruction=0.1910
Epoch [329/400]
batch = 0 (Δ=0.182s, 100.00%)
Train Loss: output=0.0009, reconstruction=0.1914
Epoch [330/400]
batch = 0 (Δ=0.182s, 100.00%)
Train Loss: output=0.0009, reconstruction=0.1917
Epoch [331/400]
batch = 0 (Δ=0.186s, 100.00%)
Train Loss: output=0.0029, reconstruction=0.1588
Epoch [332/400]
batch = 0 (Δ=0.182s, 100.00%)
Train Loss: output=0.0042, reconstruction=0.1579
Epoch [333/400]
batch = 0 (Δ=0.182s, 100.00%)
Train Loss: output=0.0038, reconstruction=0.1354
Epoch [334/400]
batch = 0 (Δ=0.183s, 100.00%)
Train Loss: output=0.0033, reconstruction=0.1358
Epoch [335/400]
batch = 0 (Δ=0.182s, 100.00%)
Train Loss: output=0.0028, reconstruction=0.1360
Epoch [336/400]
batch = 0 (Δ=0.184s, 100.00%)
Train Loss: output=0.0024, reconstruction=0.1360
Epoch [337/400]
batch = 0 (Δ=0.183s, 100.00%)
Train Loss: output=0.0019, reconstruction=0.1359
Epoch [338/400]
batch = 0 (Δ=0.185s, 100.00%)
Train Loss: output=0.0012, reconstruction=0.1356
Epoch [339/400]
batch = 0 (Δ=0.183s, 100.00%)
Train Loss: output=0.0007, reconstruction=0.1357
Epoch [340/400]
batch = 0 (Δ=0.183s, 100.00%)
Train Loss: output=0.0005, reconstruction=0.1359
Epoch [341/400]
batch = 0 (Δ=0.183s, 100.00%)
Train Loss: output=0.0007, reconstruction=0.1357
Epoch [342/400]
batch = 0 (Δ=0.261s, 100.00%)
Train Loss: output=0.0011, reconstruction=0.1350
Epoch [343/400]
batch = 0 (Δ=0.181s, 100.00%)
Train Loss: output=0.0017, reconstruction=0.1337
Epoch [344/400]
batch = 0 (Δ=0.179s, 100.00%)
Train Loss: output=0.0027, reconstruction=0.1322
Epoch [345/400]
batch = 0 (Δ=0.181s, 100.00%)
Train Loss: output=0.0038, reconstruction=0.1303
Epoch [346/400]
batch = 0 (Δ=0.179s, 100.00%)
Train Loss: output=0.0044, reconstruction=0.1288
Epoch [347/400]
batch = 0 (Δ=0.181s, 100.00%)
Train Loss: output=0.0040, reconstruction=0.1293
Epoch [348/400]
batch = 0 (Δ=0.179s, 100.00%)
Train Loss: output=0.0041, reconstruction=0.1322
Epoch [349/400]
batch = 0 (Δ=0.183s, 100.00%)
Train Loss: output=0.0041, reconstruction=0.1371
Epoch [350/400]
batch = 0 (Δ=0.180s, 100.00%)
Train Loss: output=0.0030, reconstruction=0.1433
Epoch [351/400]
batch = 0 (Δ=0.207s, 100.00%)
Train Loss: output=0.0023, reconstruction=0.1506
Epoch [352/400]
batch = 0 (Δ=0.182s, 100.00%)
Train Loss: output=0.0032, reconstruction=0.1577
Epoch [353/400]
batch = 0 (Δ=0.178s, 100.00%)
Train Loss: output=0.0043, reconstruction=0.1634
Epoch [354/400]
batch = 0 (Δ=0.183s, 100.00%)
Train Loss: output=0.0048, reconstruction=0.1676
Epoch [355/400]
batch = 0 (Δ=0.185s, 100.00%)
Train Loss: output=0.0044, reconstruction=0.1704
Epoch [356/400]
batch = 0 (Δ=0.181s, 100.00%)
Train Loss: output=0.0037, reconstruction=0.1717
Epoch [357/400]
batch = 0 (Δ=0.187s, 100.00%)
Train Loss: output=0.0030, reconstruction=0.1719
Epoch [358/400]
batch = 0 (Δ=0.183s, 100.00%)
Train Loss: output=0.0025, reconstruction=0.1715
Epoch [359/400]
batch = 0 (Δ=0.184s, 100.00%)
Train Loss: output=0.0023, reconstruction=0.1710
Epoch [360/400]
batch = 0 (Δ=0.183s, 100.00%)
Train Loss: output=0.0104, reconstruction=0.1696
Epoch [361/400]
batch = 0 (Δ=0.184s, 100.00%)
Train Loss: output=0.0413, reconstruction=0.1593
Epoch [362/400]
batch = 0 (Δ=0.183s, 100.00%)
Train Loss: output=0.0112, reconstruction=0.2390
Epoch [363/400]
batch = 0 (Δ=0.179s, 100.00%)
Train Loss: output=0.0287, reconstruction=0.1592
Epoch [364/400]
batch = 0 (Δ=0.178s, 100.00%)
Train Loss: output=0.0224, reconstruction=0.1585
Epoch [365/400]
batch = 0 (Δ=0.182s, 100.00%)
Train Loss: output=0.0164, reconstruction=0.1579
Epoch [366/400]
batch = 0 (Δ=0.193s, 100.00%)
Train Loss: output=0.0207, reconstruction=0.1568
Epoch [367/400]
batch = 0 (Δ=0.188s, 100.00%)
Train Loss: output=0.0083, reconstruction=0.2392
Epoch [368/400]
batch = 0 (Δ=0.188s, 100.00%)
Train Loss: output=0.0155, reconstruction=0.1544
Epoch [369/400]
batch = 0 (Δ=0.185s, 100.00%)
Train Loss: output=0.0062, reconstruction=0.1520
Epoch [370/400]
batch = 0 (Δ=0.193s, 100.00%)
Train Loss: output=0.0116, reconstruction=0.1497
Epoch [371/400]
batch = 0 (Δ=0.190s, 100.00%)
Train Loss: output=0.0874, reconstruction=0.1680
Epoch [372/400]
batch = 0 (Δ=0.185s, 100.00%)
Train Loss: output=0.0051, reconstruction=0.1442
Epoch [373/400]
batch = 0 (Δ=0.189s, 100.00%)
Train Loss: output=0.0394, reconstruction=0.2618
Epoch [374/400]
batch = 0 (Δ=0.190s, 100.00%)
Train Loss: output=0.0514, reconstruction=0.2542
Epoch [375/400]
batch = 0 (Δ=0.191s, 100.00%)
Train Loss: output=0.0491, reconstruction=0.2615
Epoch [376/400]
batch = 0 (Δ=0.195s, 100.00%)
Train Loss: output=0.0404, reconstruction=0.2708
Epoch [377/400]
batch = 0 (Δ=0.186s, 100.00%)
Train Loss: output=0.0286, reconstruction=0.2804
Epoch [378/400]
batch = 0 (Δ=0.185s, 100.00%)
Train Loss: output=0.0142, reconstruction=0.3000
Epoch [379/400]
batch = 0 (Δ=0.192s, 100.00%)
Train Loss: output=0.0353, reconstruction=0.3840
Epoch [380/400]
batch = 0 (Δ=0.271s, 100.00%)
Train Loss: output=0.1666, reconstruction=0.3275
Epoch [381/400]
batch = 0 (Δ=0.183s, 100.00%)
Train Loss: output=0.2576, reconstruction=0.3434
Epoch [382/400]
batch = 0 (Δ=0.184s, 100.00%)
Train Loss: output=0.2567, reconstruction=0.4926
Epoch [383/400]
batch = 0 (Δ=0.186s, 100.00%)
Train Loss: output=0.1005, reconstruction=0.3824
Epoch [384/400]
batch = 0 (Δ=0.193s, 100.00%)
Train Loss: output=0.0329, reconstruction=0.4235
Epoch [385/400]
batch = 0 (Δ=0.185s, 100.00%)
Train Loss: output=0.0141, reconstruction=0.3230
Epoch [386/400]
batch = 0 (Δ=0.188s, 100.00%)
Train Loss: output=0.0160, reconstruction=0.3286
Epoch [387/400]
batch = 0 (Δ=0.192s, 100.00%)
Train Loss: output=0.0165, reconstruction=0.3357
Epoch [388/400]
batch = 0 (Δ=0.189s, 100.00%)
Train Loss: output=0.0148, reconstruction=0.3432
Epoch [389/400]
batch = 0 (Δ=0.192s, 100.00%)
Train Loss: output=0.0118, reconstruction=0.3498
Epoch [390/400]
batch = 0 (Δ=0.189s, 100.00%)
Train Loss: output=0.0079, reconstruction=0.3553
Epoch [391/400]
batch = 0 (Δ=0.186s, 100.00%)
Train Loss: output=0.0153, reconstruction=0.4589
Epoch [392/400]
batch = 0 (Δ=0.190s, 100.00%)
Train Loss: output=0.0104, reconstruction=0.4621
Epoch [393/400]
batch = 0 (Δ=0.185s, 100.00%)
Train Loss: output=0.0060, reconstruction=0.4643
Epoch [394/400]
batch = 0 (Δ=0.178s, 100.00%)
Train Loss: output=0.0029, reconstruction=0.4653
Epoch [395/400]
batch = 0 (Δ=0.164s, 100.00%)
Train Loss: output=0.0012, reconstruction=0.4647
Epoch [396/400]
batch = 0 (Δ=0.162s, 100.00%)
Train Loss: output=0.0045, reconstruction=0.4455
Epoch [397/400]
batch = 0 (Δ=0.162s, 100.00%)
Train Loss: output=0.0058, reconstruction=0.4401
Epoch [398/400]
batch = 0 (Δ=0.166s, 100.00%)
Train Loss: output=0.0066, reconstruction=0.3768
Epoch [399/400]
batch = 0 (Δ=0.164s, 100.00%)
Train Loss: output=0.0192, reconstruction=0.4395
Epoch [400/400]
batch = 0 (Δ=0.159s, 100.00%)
Train Loss: output=0.2251, reconstruction=0.2231
Final Stats:
=== Selected operation grammar ===
batch = 0 (Δ=0.171s, 100.00%)
=== Input Reconstruction (test) ===
  row[0] input='hello world' -> reconstructed='world world' label=0.0000 predicted=1.0366 MISMATCH
  row[1] input='hello there' -> reconstructed='' label=1.0000 predicted=0.9814 MISMATCH
  row[2] input='loving world' -> reconstructed='' label=1.0000 predicted=0.7296 MISMATCH
  row[3] input='loving there' -> reconstructed='' label=0.0000 predicted=0.0385 MISMATCH
PROBE_RESULT {"variant": "c", "answers": [1.0366313457489014, 0.9813839197158813, 0.7296456098556519, 0.03846248984336853], "mse": 0.28738049120739917, "correct": 3, "settled_bar": false, "final_derivations": {"hello world": ["not(min(min(not(L0),L1),L2))"], "hello there": ["not(min(min(not(L0),L1),L2))"], "loving world": ["min(min(not(L0),L1),L2)"], "loving there": ["min(min(not(L0),L1),L2)"]}, "final_margin": {"exact": true, "max_weight": 4.026651788727332, "l2_weight": 6.569621594033399, "sv3": 0.2252602265504074}}
