..........F........                                                      [100%]
=================================== FAILURES ===================================
_____________ test_shared_operation_writes_the_caller_owned_stack ______________
test/test_subspace_what_stm_contract.py:1312: in test_shared_operation_writes_the_caller_owned_stack
    assert out[1].tolist() == [1]
E   assert [2] == [1]
E     
E     At index 0 diff: 2 != 1
E     Use -v to get more diff
=============================== warnings summary ===============================
test/test_subspace_what_stm_contract.py::test_symbolic_space_instance_owns_rule_catalog
  /Users/arogers/github/WikiOracle/basicmodel/bin/Models.py:7631: RuntimeWarning: output_state_boundary [config /Users/arogers/github/WikiOracle/basicmodel/data/MM_xor.xml]: supervised outputs with reconstruction and answerSynthesis=false use the direct head: output gradients train the whole input state; enable answerSynthesis for the concluded-idea state boundary
    warnings.warn(f"{site} [config {cfg}]: {detail}", RuntimeWarning)

test/test_subspace_what_stm_contract.py::test_word_admission_preserves_the_property_inventory
  /Users/arogers/github/WikiOracle/basicmodel/.venv/lib/python3.12/site-packages/torch/utils/_device.py:122: UserWarning: Sparse invariant checks are implicitly disabled. Memory errors (e.g. SEGFAULT) will occur when operating on a sparse tensor which violates the invariants, but checks incur performance overhead. To silence this warning, explicitly opt in or out. See `torch.sparse.check_sparse_tensor_invariants.__doc__` for guidance.  (Triggered internally at /Users/runner/work/pytorch/pytorch/aten/src/ATen/Context.cpp:855.)
    return func(*args, **kwargs)

-- Docs: https://docs.pytest.org/en/stable/how-to/capture-warnings.html
=========================== short test summary info ============================
FAILED test/test_subspace_what_stm_contract.py::test_shared_operation_writes_the_caller_owned_stack
1 failed, 18 passed, 2 warnings in 2.43s
