ssssss.s..s..ssss.s.s                                                    [100%]
=============================== warnings summary ===============================
test/test_reconstruction_roundtrip.py::test_silent_zero_sites_warn_once
  /Users/arogers/github/WikiOracle/basicmodel/bin/Models.py:7631: RuntimeWarning: output_state_boundary [config /Users/arogers/github/WikiOracle/basicmodel/data/MM_xor_fixture.xml]: supervised outputs with reconstruction and answerSynthesis=false use the direct head: output gradients train the whole input state; enable answerSynthesis for the concluded-idea state boundary
    warnings.warn(f"{site} [config {cfg}]: {detail}", RuntimeWarning)

test/test_reconstruction_roundtrip.py::test_idempotent_config_trains_one_epoch_clean
  /Users/arogers/github/WikiOracle/basicmodel/bin/Spaces.py:13590: UserWarning: PartSpace._embed: input produced 11 tokens but nOutput=10; truncating 1 tokens.
    return self._embed(upstream_vspace)

test/test_reconstruction_roundtrip.py::test_idempotent_config_trains_one_epoch_clean
  /Users/arogers/github/WikiOracle/basicmodel/bin/Spaces.py:18126: RuntimeWarning: CS concept inventory exhausted (10 rows): concept 6 gets records only, no weighted reading (overflow #1)
    warnings.warn(

test/test_reconstruction_roundtrip.py::test_idempotent_config_trains_one_epoch_clean
  /Users/arogers/github/WikiOracle/basicmodel/bin/Spaces.py:18126: RuntimeWarning: CS concept inventory exhausted (10 rows): concept 7 gets records only, no weighted reading (overflow #2)
    warnings.warn(

test/test_reconstruction_roundtrip.py::test_idempotent_config_trains_one_epoch_clean
  /Users/arogers/github/WikiOracle/basicmodel/bin/Spaces.py:18126: RuntimeWarning: CS concept inventory exhausted (10 rows): concept 8 gets records only, no weighted reading (overflow #3)
    warnings.warn(

test/test_reconstruction_roundtrip.py::test_idempotent_config_trains_one_epoch_clean
  /Users/arogers/github/WikiOracle/basicmodel/bin/Spaces.py:18126: RuntimeWarning: CS concept inventory exhausted (10 rows): concept 9 gets records only, no weighted reading (overflow #4)
    warnings.warn(

test/test_reconstruction_roundtrip.py::test_idempotent_config_trains_one_epoch_clean
  /Users/arogers/github/WikiOracle/basicmodel/bin/Spaces.py:18126: RuntimeWarning: CS concept inventory exhausted (10 rows): concept 10 gets records only, no weighted reading (overflow #6)
    warnings.warn(

-- Docs: https://docs.pytest.org/en/stable/how-to/capture-warnings.html
7 passed, 14 skipped, 7 warnings in 3.21s
