...............................................s....................s... [ 40%]
......................................................sss.sss........... [ 81%]
.........ssssss...........F......                                        [100%]
=================================== FAILURES ===================================
__________ TestValidateConfig.test_symbol_dim_must_match_concept_dim ___________
test/test_config_scoping.py:199: in test_symbol_dim_must_match_concept_dim
    with self.assertRaises(ValueError) as ctx:
         ^^^^^^^^^^^^^^^^^^^^^^^^^^^^^
E   AssertionError: ValueError not raised
=============================== warnings summary ===============================
test/test_concept_code_ownership.py::test_promoting_an_identity_does_not_rewrite_its_code
  /Users/arogers/github/WikiOracle/basicmodel/.venv/lib/python3.12/site-packages/torch/utils/_device.py:122: UserWarning: Sparse invariant checks are implicitly disabled. Memory errors (e.g. SEGFAULT) will occur when operating on a sparse tensor which violates the invariants, but checks incur performance overhead. To silence this warning, explicitly opt in or out. See `torch.sparse.check_sparse_tensor_invariants.__doc__` for guidance.  (Triggered internally at /Users/runner/work/pytorch/pytorch/aten/src/ATen/Context.cpp:855.)
    return func(*args, **kwargs)

test/test_concept_evidence.py::test_alternatives_normalize_each_update_before_discovery
  /Users/arogers/github/WikiOracle/basicmodel/.venv/lib/python3.12/site-packages/torch/utils/_device.py:122: UserWarning: Converting a tensor with requires_grad=True to a scalar may lead to unexpected behavior.
  Consider using tensor.detach() first. (Triggered internally at /Users/runner/work/pytorch/pytorch/torch/csrc/autograd/generated/python_variable_methods.cpp:821.)
    return func(*args, **kwargs)

-- Docs: https://docs.pytest.org/en/stable/how-to/capture-warnings.html
=========================== short test summary info ============================
FAILED test/test_config_scoping.py::TestValidateConfig::test_symbol_dim_must_match_concept_dim
1 failed, 162 passed, 14 skipped, 2 warnings in 28.60s
