[collect] 1 selectors; limit 1800s, 8.0 GiB
[collect] exit 0; 4.1s; peak 0.44 GiB
[worker-000] 1 selectors; limit 1800s, 8.0 GiB
[worker-001] 1 selectors; limit 1800s, 8.0 GiB
[worker-002] 1 selectors; limit 1800s, 8.0 GiB
[worker-000] exit 0; 6.2s; peak 0.58 GiB
[worker-001] exit 0; 7.2s; peak 0.58 GiB
[worker-002] exit 0; 8.1s; peak 0.58 GiB
[worker-003] 1 selectors; limit 1800s, 8.0 GiB
[worker-004] 1 selectors; limit 1800s, 8.0 GiB
[worker-005] 1 selectors; limit 1800s, 8.0 GiB
[worker-004] exit 0; 6.1s; peak 0.58 GiB
[worker-005] exit 0; 7.1s; peak 0.58 GiB
[worker-006] 1 selectors; limit 1800s, 8.0 GiB
[worker-007] 1 selectors; limit 1800s, 8.0 GiB
[worker-003] exit 0; 8.3s; peak 0.58 GiB
[worker-008] 1 selectors; limit 1800s, 8.0 GiB
[worker-007] exit 0; 6.7s; peak 0.58 GiB
[worker-009] 1 selectors; limit 1800s, 8.0 GiB
[worker-006] exit 0; 7.8s; peak 0.59 GiB
[worker-010] 1 selectors; limit 1800s, 8.0 GiB
[worker-008] exit 0; 16.3s; peak 1.60 GiB
[worker-011] 1 selectors; limit 1800s, 8.0 GiB
[worker-009] exit 0; 17.3s; peak 1.68 GiB
[worker-012] 1 selectors; limit 1800s, 8.0 GiB
[worker-010] exit 0; 672.8s; peak 4.87 GiB
[worker-013] 1 selectors; limit 1800s, 8.0 GiB
[worker-011] exit 0; 677.4s; peak 5.01 GiB
[worker-014] 1 selectors; limit 1800s, 8.0 GiB
[worker-014] exit 0; 4.4s; peak 0.45 GiB
[worker-015] 1 selectors; limit 1800s, 8.0 GiB
[worker-015] exit 0; 4.7s; peak 0.50 GiB
[worker-016] 1 selectors; limit 1800s, 8.0 GiB
[worker-012] exit 0; 762.7s; peak 6.23 GiB
[worker-017] 1 selectors; limit 1800s, 8.0 GiB
[worker-017] exit 0; 4.9s; peak 0.54 GiB
[worker-018] 1 selectors; limit 1800s, 8.0 GiB
[worker-018] exit 0; 15.9s; peak 1.59 GiB
[worker-019] 1 selectors; limit 1800s, 8.0 GiB
[worker-019] exit 0; 16.9s; peak 1.68 GiB
[worker-020] 1 selectors; limit 1800s, 8.0 GiB
[worker-020] exit 0; 5.7s; peak 0.57 GiB
[worker-021] 1 selectors; limit 1800s, 8.0 GiB
[worker-021] exit 0; 4.9s; peak 0.50 GiB
[worker-022] 1 selectors; limit 1800s, 8.0 GiB
[worker-022] exit 0; 4.8s; peak 0.50 GiB
[worker-023] 1 selectors; limit 1800s, 8.0 GiB
[worker-023] exit 0; 4.8s; peak 0.50 GiB
[worker-024] 1 selectors; limit 1800s, 8.0 GiB
[worker-024] exit 0; 5.3s; peak 0.57 GiB
[worker-025] 1 selectors; limit 1800s, 8.0 GiB
[worker-025] exit 0; 16.3s; peak 1.58 GiB
[worker-026] 1 selectors; limit 1800s, 8.0 GiB
[worker-026] exit 0; 16.0s; peak 1.59 GiB
[worker-027] 1 selectors; limit 1800s, 8.0 GiB
[worker-027] exit 0; 16.3s; peak 1.60 GiB
[worker-028] 1 selectors; limit 1800s, 8.0 GiB
[worker-028] exit 0; 45.3s; peak 2.12 GiB
[worker-029] 1 selectors; limit 1800s, 8.0 GiB
[worker-029] exit 0; 16.7s; peak 2.17 GiB
[worker-030] 8 selectors; limit 1800s, 8.0 GiB
[worker-013] exit 0; 667.5s; peak 4.69 GiB
[worker-031] 32 selectors; limit 1800s, 8.0 GiB
[worker-016] exit 0; 665.8s; peak 4.58 GiB
[worker-032] 6 selectors; limit 1800s, 8.0 GiB
[worker-032] exit 0; 5.2s; peak 1.97 GiB
[worker-033] 29 selectors; limit 1800s, 8.0 GiB
[worker-030] exit 0; 1362.6s; peak 3.62 GiB
[worker-034] 14 selectors; limit 1800s, 8.0 GiB
[worker-033] exit 0; 977.2s; peak 2.89 GiB
[worker-035] 1 selectors; limit 1800s, 8.0 GiB
[worker-035] exit 0; 2.0s; peak 0.17 GiB
[worker-036] 1 selectors; limit 1800s, 8.0 GiB
[worker-036] exit 0; 2.0s; peak 0.17 GiB
[worker-037] 1 selectors; limit 1800s, 8.0 GiB
[worker-037] exit 0; 1.9s; peak 0.17 GiB
[worker-038] 1 selectors; limit 1800s, 8.0 GiB
[worker-038] exit 0; 16.1s; peak 1.60 GiB
[worker-039] 1 selectors; limit 1800s, 8.0 GiB
[worker-039] exit 0; 1.9s; peak 0.17 GiB
[worker-040] 1 selectors; limit 1800s, 8.0 GiB
[worker-040] exit 0; 17.0s; peak 1.59 GiB
[worker-041] 1 selectors; limit 1800s, 8.0 GiB
[worker-041] exit 0; 1.9s; peak 0.17 GiB
[worker-042] 1 selectors; limit 1800s, 8.0 GiB
[worker-042] exit 0; 2.0s; peak 0.17 GiB
[worker-043] 1 selectors; limit 1800s, 8.0 GiB
[worker-043] exit 0; 2.0s; peak 0.17 GiB
[worker-044] 1 selectors; limit 1800s, 8.0 GiB
[worker-044] exit 0; 1.9s; peak 0.17 GiB
[worker-045] 1 selectors; limit 1800s, 8.0 GiB
[worker-045] exit 0; 2.0s; peak 0.17 GiB
[worker-046] 1 selectors; limit 1800s, 8.0 GiB
[worker-046] exit 0; 1.9s; peak 0.17 GiB
[worker-047] 1 selectors; limit 1800s, 8.0 GiB
[worker-047] exit 0; 1.9s; peak 0.17 GiB
[worker-048] 1 selectors; limit 1800s, 8.0 GiB
[worker-031] exit 0; 1122.4s; peak 5.10 GiB
[worker-049] 1 selectors; limit 1800s, 8.0 GiB
[worker-049] exit 0; 1.9s; peak 0.17 GiB
[worker-050] 1 selectors; limit 1800s, 8.0 GiB
[worker-050] exit 0; 16.1s; peak 1.59 GiB
[worker-051] 1 selectors; limit 1800s, 8.0 GiB
[worker-051] exit 0; 1.9s; peak 0.17 GiB
[worker-052] 1 selectors; limit 1800s, 8.0 GiB
[worker-052] exit 0; 16.1s; peak 1.70 GiB
[worker-053] 1 selectors; limit 1800s, 8.0 GiB
[worker-053] exit 0; 2.0s; peak 0.17 GiB
[worker-054] 1 selectors; limit 1800s, 8.0 GiB
[worker-054] exit 0; 16.2s; peak 1.59 GiB
[worker-055] 1 selectors; limit 1800s, 8.0 GiB
[worker-055] exit 0; 1.9s; peak 0.17 GiB
[worker-056] 5 selectors; limit 1800s, 8.0 GiB
[worker-048] exit 0; 669.8s; peak 4.49 GiB
[worker-057] 19 selectors; limit 1800s, 8.0 GiB
[worker-034] exit 0; 855.9s; peak 3.07 GiB
[worker-058] 7 selectors; limit 1800s, 8.0 GiB
[worker-056] exit 0; 707.6s; peak 4.51 GiB
[worker-059] 9 selectors; limit 1800s, 8.0 GiB
[worker-057] exit 0; 682.3s; peak 4.69 GiB
[worker-060] 13 selectors; limit 1800s, 8.0 GiB
[worker-058] exit 0; 673.4s; peak 3.49 GiB
[worker-061] 1 selectors; limit 1800s, 8.0 GiB
[worker-061] exit 0; 4.5s; peak 0.45 GiB
[worker-062] 1 selectors; limit 1800s, 8.0 GiB
[worker-062] exit 0; 4.6s; peak 0.45 GiB
[worker-063] 1 selectors; limit 1800s, 8.0 GiB
[worker-063] exit 0; 4.9s; peak 0.53 GiB
[worker-064] 1 selectors; limit 1800s, 8.0 GiB
[worker-064] exit 0; 4.8s; peak 0.53 GiB
[worker-065] 1 selectors; limit 1800s, 8.0 GiB
[worker-065] exit 0; 4.2s; peak 0.40 GiB
[worker-066] 1 selectors; limit 1800s, 8.0 GiB
[worker-066] exit 0; 4.0s; peak 0.40 GiB
[worker-067] 1 selectors; limit 1800s, 8.0 GiB
[worker-067] exit 0; 4.4s; peak 0.45 GiB
[worker-068] 1 selectors; limit 1800s, 8.0 GiB
[worker-059] exit 0; 670.4s; peak 3.31 GiB
[worker-069] 1 selectors; limit 1800s, 8.0 GiB
[worker-069] exit 0; 265.0s; peak 3.04 GiB
[worker-070] 9 selectors; limit 1800s, 8.0 GiB
[worker-068] exit 0; 309.9s; peak 3.24 GiB
[worker-071] 16 selectors; limit 1800s, 8.0 GiB
[worker-060] exit 0; 659.5s; peak 3.47 GiB
[worker-072] 8 selectors; limit 1800s, 8.0 GiB
[worker-071] exit 0; 238.7s; peak 2.92 GiB
[worker-073] 8 selectors; limit 1800s, 8.0 GiB
[worker-073] exit 0; 88.9s; peak 1.62 GiB
[worker-074] 12 selectors; limit 1800s, 8.0 GiB
[worker-072] exit 0; 143.6s; peak 1.65 GiB
[worker-075] 4 selectors; limit 1800s, 8.0 GiB
[worker-074] exit 1; 74.2s; peak 1.66 GiB
[worker-076] 1 selectors; limit 1800s, 8.0 GiB
[worker-075] exit 0; 67.5s; peak 0.47 GiB
[worker-077] 29 selectors; limit 1800s, 8.0 GiB
[worker-070] exit 0; 464.3s; peak 2.22 GiB
[worker-078] 18 selectors; limit 1800s, 8.0 GiB
[worker-076] exit 0; 56.1s; peak 1.53 GiB
[worker-079] 25 selectors; limit 1800s, 8.0 GiB
[worker-077] exit 0; 47.0s; peak 1.85 GiB
[worker-080] 6 selectors; limit 1800s, 8.0 GiB
[worker-078] exit 1; 46.8s; peak 0.97 GiB
[worker-081] 7 selectors; limit 1800s, 8.0 GiB
[worker-079] exit 0; 35.1s; peak 0.56 GiB
[worker-082] 17 selectors; limit 1800s, 8.0 GiB
[worker-080] exit 0; 28.1s; peak 0.45 GiB
[worker-083] 5 selectors; limit 1800s, 8.0 GiB
[worker-081] exit 0; 26.5s; peak 1.66 GiB
[worker-084] 10 selectors; limit 1800s, 8.0 GiB
[worker-082] exit 0; 24.0s; peak 2.07 GiB
[worker-085] 7 selectors; limit 1800s, 8.0 GiB
[worker-084] exit 0; 15.5s; peak 0.45 GiB
[worker-086] 4 selectors; limit 1800s, 8.0 GiB
[worker-083] exit 0; 18.9s; peak 0.43 GiB
[worker-087] 22 selectors; limit 1800s, 8.0 GiB
[worker-085] exit 0; 15.0s; peak 0.56 GiB
[worker-088] 9 selectors; limit 1800s, 8.0 GiB
[worker-086] exit 1; 15.3s; peak 1.66 GiB
[worker-087] exit 0; 15.2s; peak 0.85 GiB
[worker-088] exit 0; 13.6s; peak 4.23 GiB
[worker-089] 12 selectors; limit 1800s, 8.0 GiB
[worker-090] 5 selectors; limit 1800s, 8.0 GiB
[worker-091] 12 selectors; limit 1800s, 8.0 GiB
[worker-090] exit 1; 9.5s; peak 0.95 GiB
[worker-092] 32 selectors; limit 1800s, 8.0 GiB
[worker-091] exit 0; 10.9s; peak 4.82 GiB
[worker-093] 13 selectors; limit 1800s, 8.0 GiB
[worker-089] exit 0; 12.0s; peak 0.42 GiB
[worker-094] 1 selectors; limit 1800s, 8.0 GiB
[worker-092] exit 0; 5.7s; peak 0.48 GiB
[worker-095] 2 selectors; limit 1800s, 8.0 GiB
[worker-093] exit 0; 5.9s; peak 0.48 GiB
[worker-096] 32 selectors; limit 1800s, 8.0 GiB
[worker-094] exit 1; 6.4s; peak 0.94 GiB
[worker-097] 32 selectors; limit 1800s, 8.0 GiB
[worker-096] exit 0; 4.2s; peak 0.42 GiB
[worker-098] 32 selectors; limit 1800s, 8.0 GiB
[worker-095] exit 0; 7.1s; peak 0.88 GiB
[worker-097] exit 0; 5.0s; peak 0.42 GiB
[worker-099] 32 selectors; limit 1800s, 8.0 GiB
[worker-100] 32 selectors; limit 1800s, 8.0 GiB
[worker-098] exit 0; 4.0s; peak 0.42 GiB
[worker-101] 32 selectors; limit 1800s, 8.0 GiB
[worker-099] exit 0; 4.3s; peak 0.46 GiB
[worker-102] 19 selectors; limit 1800s, 8.0 GiB
[worker-101] exit 0; 4.1s; peak 0.41 GiB
[worker-103] 3 selectors; limit 1800s, 8.0 GiB
[worker-100] exit 0; 6.8s; peak 0.56 GiB
[worker-104] 21 selectors; limit 1800s, 8.0 GiB
[worker-102] exit 0; 4.0s; peak 0.41 GiB
[worker-105] 3 selectors; limit 1800s, 8.0 GiB
[worker-103] exit 1; 5.2s; peak 0.52 GiB
[worker-106] 23 selectors; limit 1800s, 8.0 GiB
[worker-104] exit 0; 6.5s; peak 0.67 GiB
[worker-107] 32 selectors; limit 1800s, 8.0 GiB
[worker-105] exit 0; 6.3s; peak 0.64 GiB
[worker-108] 1 selectors; limit 1800s, 8.0 GiB
[worker-106] exit 0; 6.5s; peak 0.53 GiB
[worker-109] 11 selectors; limit 1800s, 8.0 GiB
[worker-107] exit 0; 5.6s; peak 2.31 GiB
[worker-108] exit 0; 5.3s; peak 1.18 GiB
[worker-110] 21 selectors; limit 1800s, 8.0 GiB
[worker-111] 26 selectors; limit 1800s, 8.0 GiB
[worker-109] exit 1; 7.0s; peak 4.54 GiB
[worker-112] 15 selectors; limit 1800s, 8.0 GiB
[worker-111] exit 1; 6.9s; peak 0.64 GiB
[worker-113] 32 selectors; limit 1800s, 8.0 GiB
[worker-110] exit 1; 8.0s; peak 3.26 GiB
[worker-114] 32 selectors; limit 1800s, 8.0 GiB
[worker-112] exit 0; 6.0s; peak 1.17 GiB
[worker-113] exit 0; 4.6s; peak 0.40 GiB
[worker-115] 13 selectors; limit 1800s, 8.0 GiB
[worker-116] 31 selectors; limit 1800s, 8.0 GiB
[worker-114] exit 0; 5.6s; peak 0.41 GiB
[worker-117] 5 selectors; limit 1800s, 8.0 GiB
[worker-115] exit 0; 4.1s; peak 0.41 GiB
[worker-118] 1 selectors; limit 1800s, 8.0 GiB
[worker-116] exit 0; 5.6s; peak 0.40 GiB
[worker-119] 1 selectors; limit 1800s, 8.0 GiB
[worker-117] exit 0; 5.6s; peak 0.56 GiB
[worker-118] exit 0; 4.6s; peak 0.40 GiB
[worker-119] exit 0; 4.1s; peak 0.22 GiB
[worker-120] 1 selectors; limit 1800s, 8.0 GiB
[worker-121] 1 selectors; limit 1800s, 8.0 GiB
[worker-122] 1 selectors; limit 1800s, 8.0 GiB
[worker-121] exit 0; 4.2s; peak 0.40 GiB
[worker-122] exit 0; 5.1s; peak 1.77 GiB
[worker-123] 1 selectors; limit 1800s, 8.0 GiB
[worker-124] 1 selectors; limit 1800s, 8.0 GiB
[worker-120] exit 1; 6.3s; peak 1.76 GiB
[worker-125] 1 selectors; limit 1800s, 8.0 GiB
[worker-123] exit 1; 4.2s; peak 1.77 GiB
[worker-124] exit 0; 5.2s; peak 1.76 GiB
[worker-125] exit 1; 5.1s; peak 0.35 GiB
[worker-126] 1 selectors; limit 1800s, 8.0 GiB
[worker-127] 18 selectors; limit 1800s, 8.0 GiB
[worker-128] 11 selectors; limit 1800s, 8.0 GiB
[worker-126] exit 1; 4.6s; peak 1.82 GiB
[worker-127] exit 0; 5.5s; peak 0.41 GiB
[worker-128] exit 0; 6.5s; peak 0.47 GiB
[worker-129] 12 selectors; limit 1800s, 8.0 GiB
[worker-130] 17 selectors; limit 1800s, 8.0 GiB
[worker-131] 20 selectors; limit 1800s, 8.0 GiB
[worker-130] exit 0; 5.2s; peak 0.40 GiB
[worker-131] exit 0; 6.2s; peak 0.49 GiB
[worker-132] 18 selectors; limit 1800s, 8.0 GiB
[worker-133] 2 selectors; limit 1800s, 8.0 GiB
[worker-129] exit 1; 7.4s; peak 0.57 GiB
[worker-134] 10 selectors; limit 1800s, 8.0 GiB
[worker-132] exit 0; 5.0s; peak 0.47 GiB
[worker-134] exit 0; 4.9s; peak 0.41 GiB
[worker-135] 3 selectors; limit 1800s, 8.0 GiB
[worker-136] 4 selectors; limit 1800s, 8.0 GiB
[worker-133] exit 1; 7.1s; peak 0.58 GiB
[worker-137] 7 selectors; limit 1800s, 8.0 GiB
[worker-135] exit 0; 4.9s; peak 0.43 GiB
[worker-136] exit 0; 5.8s; peak 0.49 GiB
[worker-137] exit 1; 5.8s; peak 0.54 GiB
[worker-138] 14 selectors; limit 1800s, 8.0 GiB
[worker-139] 5 selectors; limit 1800s, 8.0 GiB
[worker-140] 21 selectors; limit 1800s, 8.0 GiB
[worker-139] exit 0; 4.9s; peak 0.48 GiB
[worker-140] exit 1; 5.9s; peak 0.60 GiB
[worker-141] 9 selectors; limit 1800s, 8.0 GiB
[worker-142] 4 selectors; limit 1800s, 8.0 GiB
[worker-138] exit 1; 7.1s; peak 0.61 GiB
[worker-143] 9 selectors; limit 1800s, 8.0 GiB
[worker-141] exit 0; 4.7s; peak 2.40 GiB
[worker-142] exit 0; 5.6s; peak 2.40 GiB
[worker-143] exit 0; 5.6s; peak 0.40 GiB
[worker-144] 4 selectors; limit 1800s, 8.0 GiB
[worker-145] 1 selectors; limit 1800s, 8.0 GiB
[worker-146] 7 selectors; limit 1800s, 8.0 GiB
[worker-144] exit 0; 4.7s; peak 0.54 GiB
[worker-145] exit 0; 5.7s; peak 0.63 GiB
[worker-147] 3 selectors; limit 1800s, 8.0 GiB
[worker-148] 8 selectors; limit 1800s, 8.0 GiB
[worker-146] exit 1; 6.8s; peak 0.52 GiB
[worker-149] 10 selectors; limit 1800s, 8.0 GiB
[worker-148] exit 1; 5.4s; peak 0.61 GiB
[worker-149] exit 0; 5.3s; peak 0.42 GiB
[worker-150] 8 selectors; limit 1800s, 8.0 GiB
[worker-151] 4 selectors; limit 1800s, 8.0 GiB
[worker-147] exit 1; 7.6s; peak 0.61 GiB
[worker-152] 32 selectors; limit 1800s, 8.0 GiB
[worker-150] exit 0; 4.7s; peak 0.46 GiB
[worker-151] exit 1; 5.6s; peak 0.60 GiB
[worker-152] exit 0; 5.6s; peak 0.39 GiB
[worker-153] 30 selectors; limit 1800s, 8.0 GiB
[worker-154] 3 selectors; limit 1800s, 8.0 GiB
[worker-155] 10 selectors; limit 1800s, 8.0 GiB
[worker-153] exit 0; 4.8s; peak 1.63 GiB
[worker-154] exit 0; 5.8s; peak 0.46 GiB
[worker-155] exit 0; 6.8s; peak 0.86 GiB
[worker-156] 15 selectors; limit 1800s, 8.0 GiB
[worker-157] 3 selectors; limit 1800s, 8.0 GiB
[worker-158] 12 selectors; limit 1800s, 8.0 GiB
[worker-156] exit 0; 4.7s; peak 0.49 GiB
[worker-157] exit 1; 5.7s; peak 0.60 GiB
[worker-158] exit 0; 6.7s; peak 0.46 GiB
[worker-159] 3 selectors; limit 1800s, 8.0 GiB
[worker-160] 4 selectors; limit 1800s, 8.0 GiB
[worker-161] 5 selectors; limit 1800s, 8.0 GiB
[worker-159] exit 1; 5.5s; peak 0.60 GiB
[worker-160] exit 1; 6.5s; peak 0.61 GiB
[worker-161] exit 1; 7.5s; peak 0.60 GiB
[worker-162] 7 selectors; limit 1800s, 8.0 GiB
[worker-163] 5 selectors; limit 1800s, 8.0 GiB
[worker-164] 16 selectors; limit 1800s, 8.0 GiB
[worker-163] exit 0; 4.8s; peak 0.46 GiB
[worker-164] exit 0; 5.8s; peak 0.46 GiB
[worker-165] 12 selectors; limit 1800s, 8.0 GiB
[worker-166] 6 selectors; limit 1800s, 8.0 GiB
[worker-162] exit 1; 7.0s; peak 0.51 GiB
[worker-167] 4 selectors; limit 1800s, 8.0 GiB
[worker-167] exit 0; 4.2s; peak 0.41 GiB
[worker-168] 3 selectors; limit 1800s, 8.0 GiB
[worker-166] exit 1; 6.3s; peak 0.55 GiB
[worker-169] 10 selectors; limit 1800s, 8.0 GiB
[worker-165] exit 1; 8.0s; peak 0.52 GiB
[worker-170] 5 selectors; limit 1800s, 8.0 GiB
[worker-168] exit 0; 4.3s; peak 0.40 GiB
[worker-169] exit 0; 4.3s; peak 0.37 GiB
[worker-171] 20 selectors; limit 1800s, 8.0 GiB
[worker-172] 16 selectors; limit 1800s, 8.0 GiB
[worker-170] exit 0; 4.4s; peak 0.45 GiB
[worker-173] 3 selectors; limit 1800s, 8.0 GiB
[worker-172] exit 0; 4.2s; peak 0.42 GiB
[worker-174] 32 selectors; limit 1800s, 8.0 GiB
[worker-171] exit 0; 5.3s; peak 0.46 GiB
[worker-173] exit 0; 4.5s; peak 1.56 GiB
[worker-175] 2 selectors; limit 1800s, 8.0 GiB
[worker-176] 1 selectors; limit 1800s, 8.0 GiB
[worker-174] exit 0; 4.4s; peak 0.44 GiB
[worker-177] 3 selectors; limit 1800s, 8.0 GiB
[worker-175] exit 0; 4.1s; peak 0.41 GiB
[worker-176] exit 0; 5.1s; peak 3.12 GiB
[worker-178] 32 selectors; limit 1800s, 8.0 GiB
[worker-179] 2 selectors; limit 1800s, 8.0 GiB
[worker-177] exit 0; 4.3s; peak 0.43 GiB
[worker-180] 18 selectors; limit 1800s, 8.0 GiB
[worker-179] exit 0; 4.1s; peak 0.56 GiB
[worker-181] 7 selectors; limit 1800s, 8.0 GiB
[worker-178] exit 0; 5.2s; peak 0.46 GiB
[worker-180] exit 0; 4.8s; peak 0.42 GiB
[worker-182] 6 selectors; limit 1800s, 8.0 GiB
[worker-183] 10 selectors; limit 1800s, 8.0 GiB
[worker-183] exit 0; 4.5s; peak 0.40 GiB
[worker-184] 14 selectors; limit 1800s, 8.0 GiB
[worker-181] exit 1; 7.7s; peak 0.53 GiB
[worker-185] 6 selectors; limit 1800s, 8.0 GiB
[worker-182] exit 1; 7.0s; peak 0.53 GiB
[worker-186] 24 selectors; limit 1800s, 8.0 GiB
[worker-184] exit 0; 4.2s; peak 0.42 GiB
[worker-187] 12 selectors; limit 1800s, 8.0 GiB
[worker-185] exit 0; 4.2s; peak 0.40 GiB
[worker-188] 5 selectors; limit 1800s, 8.0 GiB
[worker-186] exit 0; 4.2s; peak 0.44 GiB
[worker-189] 1 selectors; limit 1800s, 8.0 GiB
[worker-187] exit 0; 4.2s; peak 0.42 GiB
[worker-188] exit 0; 4.2s; peak 0.36 GiB
[worker-190] 4 selectors; limit 1800s, 8.0 GiB
[worker-191] 17 selectors; limit 1800s, 8.0 GiB
[worker-189] exit 0; 4.1s; peak 0.46 GiB
[worker-192] 13 selectors; limit 1800s, 8.0 GiB
[worker-190] exit 0; 4.3s; peak 0.40 GiB
[worker-191] exit 0; 5.2s; peak 0.59 GiB
[worker-192] exit 0; 4.9s; peak 0.33 GiB
[worker-193] 11 selectors; limit 1800s, 8.0 GiB
[worker-194] 13 selectors; limit 1800s, 8.0 GiB
[worker-195] 4 selectors; limit 1800s, 8.0 GiB
[worker-193] exit 0; 4.5s; peak 0.46 GiB
[worker-194] exit 0; 5.5s; peak 0.43 GiB
[worker-195] exit 0; 6.4s; peak 0.42 GiB
[worker-196] 22 selectors; limit 1800s, 8.0 GiB
[worker-197] 14 selectors; limit 1800s, 8.0 GiB
[worker-198] 22 selectors; limit 1800s, 8.0 GiB
[worker-198] exit 0; 4.4s; peak 0.41 GiB
[worker-199] 14 selectors; limit 1800s, 8.0 GiB
[worker-196] exit 0; 5.5s; peak 0.47 GiB
[worker-197] exit 0; 6.5s; peak 0.46 GiB
[worker-200] 4 selectors; limit 1800s, 8.0 GiB
[worker-201] 10 selectors; limit 1800s, 8.0 GiB
[worker-199] exit 0; 4.0s; peak 0.45 GiB
[worker-202] 32 selectors; limit 1800s, 8.0 GiB
[worker-201] exit 0; 4.3s; peak 0.41 GiB
[worker-203] 3 selectors; limit 1800s, 8.0 GiB
[worker-200] exit 1; 5.4s; peak 0.52 GiB
[worker-202] exit 0; 4.4s; peak 0.39 GiB
[worker-204] 15 selectors; limit 1800s, 8.0 GiB
[worker-205] 9 selectors; limit 1800s, 8.0 GiB
[worker-203] exit 0; 3.8s; peak 0.41 GiB
[worker-206] 2 selectors; limit 1800s, 8.0 GiB
[worker-204] exit 0; 4.3s; peak 0.58 GiB
[worker-205] exit 0; 5.3s; peak 0.41 GiB
[worker-206] exit 0; 4.6s; peak 0.28 GiB
[worker-207] 11 selectors; limit 1800s, 8.0 GiB
[worker-208] 3 selectors; limit 1800s, 8.0 GiB
[worker-209] 21 selectors; limit 1800s, 8.0 GiB
[worker-208] exit 0; 4.2s; peak 0.41 GiB
[worker-210] 6 selectors; limit 1800s, 8.0 GiB
[worker-207] exit 0; 5.3s; peak 0.42 GiB
[worker-209] exit 1; 6.2s; peak 0.51 GiB
[worker-211] 6 selectors; limit 1800s, 8.0 GiB
[worker-212] 7 selectors; limit 1800s, 8.0 GiB
[worker-210] exit 0; 4.0s; peak 0.43 GiB
[worker-213] 23 selectors; limit 1800s, 8.0 GiB
[worker-211] exit 0; 4.2s; peak 0.40 GiB
[worker-212] exit 0; 5.1s; peak 0.41 GiB
[worker-213] exit 0; 4.2s; peak 0.23 GiB
[worker-214] 2 selectors; limit 1800s, 8.0 GiB
[worker-215] 5 selectors; limit 1800s, 8.0 GiB
[worker-216] 19 selectors; limit 1800s, 8.0 GiB
[worker-214] exit 0; 4.4s; peak 1.77 GiB
[worker-215] exit 0; 5.4s; peak 0.41 GiB
[worker-216] exit 1; 6.3s; peak 0.41 GiB
[worker-217] 9 selectors; limit 1800s, 8.0 GiB
[worker-218] 5 selectors; limit 1800s, 8.0 GiB
[worker-219] 18 selectors; limit 1800s, 8.0 GiB
[worker-218] exit 0; 4.1s; peak 0.40 GiB
[worker-220] 11 selectors; limit 1800s, 8.0 GiB
[worker-217] exit 0; 5.2s; peak 1.76 GiB
[worker-219] exit 1; 6.2s; peak 0.51 GiB
[worker-221] 14 selectors; limit 1800s, 8.0 GiB
[worker-222] 24 selectors; limit 1800s, 8.0 GiB
[worker-220] exit 0; 4.0s; peak 0.42 GiB
[worker-223] 2 selectors; limit 1800s, 8.0 GiB
[worker-221] exit 0; 4.2s; peak 0.40 GiB
[worker-222] exit 0; 5.2s; peak 0.41 GiB
[worker-223] exit 0; 4.3s; peak 0.24 GiB
[worker-224] 13 selectors; limit 1800s, 8.0 GiB
[worker-225] 3 selectors; limit 1800s, 8.0 GiB
[worker-226] 23 selectors; limit 1800s, 8.0 GiB
[worker-224] exit 0; 4.3s; peak 0.40 GiB
[worker-225] exit 0; 5.2s; peak 0.40 GiB
[worker-226] exit 0; 6.2s; peak 0.43 GiB
[worker-227] 21 selectors; limit 1800s, 8.0 GiB
[worker-228] 9 selectors; limit 1800s, 8.0 GiB
[worker-229] 4 selectors; limit 1800s, 8.0 GiB
[worker-229] exit 0; 4.3s; peak 0.41 GiB
[worker-230] 4 selectors; limit 1800s, 8.0 GiB
[worker-227] exit 0; 5.5s; peak 0.41 GiB
[worker-228] exit 1; 6.4s; peak 0.42 GiB
[worker-231] 3 selectors; limit 1800s, 8.0 GiB
[worker-232] 4 selectors; limit 1800s, 8.0 GiB
[worker-230] exit 0; 3.8s; peak 0.41 GiB
[worker-233] 8 selectors; limit 1800s, 8.0 GiB
[worker-232] exit 0; 4.1s; peak 0.40 GiB
[worker-234] 11 selectors; limit 1800s, 8.0 GiB
[worker-231] exit 0; 5.2s; peak 0.42 GiB
[worker-233] exit 0; 4.5s; peak 0.41 GiB
[worker-235] 8 selectors; limit 1800s, 8.0 GiB
[worker-236] 1 selectors; limit 1800s, 8.0 GiB
[worker-234] exit 0; 3.9s; peak 0.41 GiB
[worker-237] 11 selectors; limit 1800s, 8.0 GiB
[worker-236] exit 0; 4.1s; peak 0.41 GiB
[worker-238] 6 selectors; limit 1800s, 8.0 GiB
[worker-235] exit 0; 5.2s; peak 0.42 GiB
[worker-237] exit 0; 4.4s; peak 0.39 GiB
[worker-239] 4 selectors; limit 1800s, 8.0 GiB
[worker-240] 4 selectors; limit 1800s, 8.0 GiB
[worker-238] exit 1; 3.9s; peak 0.42 GiB
[worker-241] 9 selectors; limit 1800s, 8.0 GiB
[worker-239] exit 0; 4.2s; peak 0.41 GiB
[worker-240] exit 0; 5.1s; peak 0.41 GiB
[worker-241] exit 0; 4.4s; peak 0.25 GiB
[worker-242] 10 selectors; limit 1800s, 8.0 GiB
[worker-243] 4 selectors; limit 1800s, 8.0 GiB
[worker-244] 5 selectors; limit 1800s, 8.0 GiB
[worker-243] exit 0; 4.3s; peak 0.41 GiB
[worker-244] exit 0; 5.2s; peak 0.42 GiB
[worker-245] 32 selectors; limit 1800s, 8.0 GiB
[worker-246] 32 selectors; limit 1800s, 8.0 GiB
[worker-242] exit 0; 6.5s; peak 0.42 GiB
[worker-247] 32 selectors; limit 1800s, 8.0 GiB
[worker-245] exit 0; 4.1s; peak 0.40 GiB
[worker-246] exit 0; 5.1s; peak 0.40 GiB
[worker-247] exit 0; 5.0s; peak 0.32 GiB
[worker-248] 20 selectors; limit 1800s, 8.0 GiB
[worker-249] 8 selectors; limit 1800s, 8.0 GiB
[worker-250] 15 selectors; limit 1800s, 8.0 GiB
[worker-248] exit 0; 4.2s; peak 0.40 GiB
[worker-249] exit 0; 5.2s; peak 0.40 GiB
[worker-250] exit 0; 6.2s; peak 0.41 GiB
[worker-251] 5 selectors; limit 1800s, 8.0 GiB
[worker-252] 4 selectors; limit 1800s, 8.0 GiB
[worker-253] 6 selectors; limit 1800s, 8.0 GiB
[worker-251] exit 0; 4.3s; peak 0.41 GiB
[worker-252] exit 0; 5.2s; peak 0.41 GiB
[worker-253] exit 0; 6.2s; peak 0.57 GiB
[worker-254] 3 selectors; limit 1800s, 8.0 GiB
[worker-255] 3 selectors; limit 1800s, 8.0 GiB
[worker-256] 6 selectors; limit 1800s, 8.0 GiB
[worker-254] exit 0; 4.3s; peak 0.41 GiB
[worker-255] exit 0; 5.2s; peak 0.41 GiB
[worker-256] exit 0; 6.2s; peak 0.41 GiB
[worker-257] 2 selectors; limit 1800s, 8.0 GiB
[worker-258] 11 selectors; limit 1800s, 8.0 GiB
[worker-259] 28 selectors; limit 1800s, 8.0 GiB
[worker-257] exit 0; 4.2s; peak 0.40 GiB
[worker-258] exit 0; 5.2s; peak 0.41 GiB
[worker-259] exit 0; 6.1s; peak 0.41 GiB
[worker-260] 4 selectors; limit 1800s, 8.0 GiB
[worker-261] 32 selectors; limit 1800s, 8.0 GiB
[worker-262] 4 selectors; limit 1800s, 8.0 GiB
[worker-262] exit 0; 4.2s; peak 0.40 GiB
[worker-263] 4 selectors; limit 1800s, 8.0 GiB
[worker-260] exit 0; 5.4s; peak 0.41 GiB
[worker-261] exit 0; 6.3s; peak 0.40 GiB
[worker-264] 10 selectors; limit 1800s, 8.0 GiB
[worker-265] 11 selectors; limit 1800s, 8.0 GiB
[worker-263] exit 0; 3.9s; peak 0.41 GiB
[worker-266] 4 selectors; limit 1800s, 8.0 GiB
[worker-264] exit 0; 4.1s; peak 0.40 GiB
[worker-265] exit 0; 5.1s; peak 0.40 GiB
[worker-266] exit 0; 4.4s; peak 0.26 GiB
[worker-267] 11 selectors; limit 1800s, 8.0 GiB
[worker-268] 13 selectors; limit 1800s, 8.0 GiB
[worker-269] 7 selectors; limit 1800s, 8.0 GiB
[worker-268] exit 0; 4.3s; peak 0.42 GiB
[worker-269] exit 0; 5.3s; peak 0.40 GiB
[worker-270] 13 selectors; limit 1800s, 8.0 GiB
[worker-271] 18 selectors; limit 1800s, 8.0 GiB
[worker-267] exit 1; 6.5s; peak 0.41 GiB
[worker-272] 3 selectors; limit 1800s, 8.0 GiB
[worker-270] exit 0; 4.1s; peak 0.41 GiB
[worker-271] exit 0; 5.1s; peak 0.40 GiB
[worker-272] exit 0; 5.0s; peak 0.33 GiB
[worker-273] 3 selectors; limit 1800s, 8.0 GiB
[worker-274] 7 selectors; limit 1800s, 8.0 GiB
[worker-275] 6 selectors; limit 1800s, 8.0 GiB
[worker-273] exit 0; 4.3s; peak 0.40 GiB
[worker-274] exit 0; 5.2s; peak 0.41 GiB
[worker-275] exit 0; 6.2s; peak 0.42 GiB
[worker-276] 4 selectors; limit 1800s, 8.0 GiB
[worker-277] 13 selectors; limit 1800s, 8.0 GiB
[worker-278] 1 selectors; limit 1800s, 8.0 GiB
[worker-276] exit 0; 4.4s; peak 0.42 GiB
[worker-277] exit 0; 5.3s; peak 0.41 GiB
[worker-278] exit 0; 6.3s; peak 0.41 GiB
[worker-279] 3 selectors; limit 1800s, 8.0 GiB
[worker-280] 4 selectors; limit 1800s, 8.0 GiB
[worker-281] 32 selectors; limit 1800s, 8.0 GiB
[worker-280] exit 0; 4.2s; peak 0.41 GiB
[worker-281] exit 1; 5.2s; peak 0.41 GiB
[worker-282] 6 selectors; limit 1800s, 8.0 GiB
[worker-283] 5 selectors; limit 1800s, 8.0 GiB
[worker-279] exit 0; 6.5s; peak 0.41 GiB
[worker-284] 11 selectors; limit 1800s, 8.0 GiB
[worker-282] exit 0; 4.1s; peak 0.40 GiB
[worker-283] exit 0; 5.0s; peak 0.41 GiB
[worker-284] exit 0; 5.0s; peak 0.32 GiB
[worker-285] 6 selectors; limit 1800s, 8.0 GiB
[worker-286] 32 selectors; limit 1800s, 8.0 GiB
[worker-287] 19 selectors; limit 1800s, 8.0 GiB
[worker-285] exit 0; 4.3s; peak 0.41 GiB
[worker-286] exit 0; 5.2s; peak 0.41 GiB
[worker-287] exit 0; 6.2s; peak 0.41 GiB
[worker-288] 13 selectors; limit 1800s, 8.0 GiB
[worker-289] 5 selectors; limit 1800s, 8.0 GiB
[worker-290] 19 selectors; limit 1800s, 8.0 GiB
[worker-288] exit 0; 4.3s; peak 0.41 GiB
[worker-289] exit 0; 5.2s; peak 0.41 GiB
[worker-290] exit 0; 6.2s; peak 0.40 GiB
[worker-291] 9 selectors; limit 1800s, 8.0 GiB
[worker-292] 3 selectors; limit 1800s, 8.0 GiB
[worker-293] 32 selectors; limit 1800s, 8.0 GiB
[worker-291] exit 0; 4.2s; peak 0.40 GiB
[worker-292] exit 0; 5.1s; peak 0.42 GiB
[worker-293] exit 0; 6.1s; peak 0.40 GiB
[worker-294] 3 selectors; limit 1800s, 8.0 GiB
[worker-295] 5 selectors; limit 1800s, 8.0 GiB
[worker-296] 3 selectors; limit 1800s, 8.0 GiB
[worker-294] exit 0; 4.2s; peak 0.40 GiB
[worker-295] exit 0; 5.2s; peak 0.40 GiB
[worker-296] exit 0; 6.1s; peak 0.41 GiB
[worker-297] 8 selectors; limit 1800s, 8.0 GiB
[worker-298] 18 selectors; limit 1800s, 8.0 GiB
[worker-299] 7 selectors; limit 1800s, 8.0 GiB
[worker-297] exit 0; 4.2s; peak 0.40 GiB
[worker-298] exit 0; 5.2s; peak 0.40 GiB
[worker-299] exit 0; 6.1s; peak 0.40 GiB
[worker-300] 16 selectors; limit 1800s, 8.0 GiB
[worker-301] 6 selectors; limit 1800s, 8.0 GiB
[worker-302] 2 selectors; limit 1800s, 8.0 GiB
[worker-300] exit 0; 4.3s; peak 0.41 GiB
[worker-301] exit 0; 5.2s; peak 0.41 GiB
[worker-302] exit 0; 6.2s; peak 0.42 GiB
[worker-303] 11 selectors; limit 1800s, 8.0 GiB
[worker-304] 13 selectors; limit 1800s, 8.0 GiB
[worker-305] 8 selectors; limit 1800s, 8.0 GiB
[worker-303] exit 0; 4.2s; peak 0.41 GiB
[worker-304] exit 0; 5.2s; peak 0.41 GiB
[worker-305] exit 0; 6.1s; peak 0.40 GiB
[worker-306] 9 selectors; limit 1800s, 8.0 GiB
[worker-307] 3 selectors; limit 1800s, 8.0 GiB
[worker-308] 4 selectors; limit 1800s, 8.0 GiB
[worker-306] exit 0; 4.3s; peak 0.40 GiB
[worker-307] exit 0; 5.2s; peak 0.40 GiB
[worker-308] exit 0; 6.2s; peak 0.41 GiB
[worker-309] 7 selectors; limit 1800s, 8.0 GiB
[worker-310] 21 selectors; limit 1800s, 8.0 GiB
[worker-311] 25 selectors; limit 1800s, 8.0 GiB
[worker-309] exit 0; 4.2s; peak 0.41 GiB
[worker-310] exit 0; 5.2s; peak 0.40 GiB
[worker-311] exit 0; 6.1s; peak 0.40 GiB
[worker-312] 6 selectors; limit 1800s, 8.0 GiB
[worker-313] 13 selectors; limit 1800s, 8.0 GiB
[worker-314] 7 selectors; limit 1800s, 8.0 GiB
[worker-312] exit 0; 4.3s; peak 0.41 GiB
[worker-313] exit 0; 5.2s; peak 0.43 GiB
[worker-314] exit 0; 6.2s; peak 0.40 GiB
[worker-315] 14 selectors; limit 1800s, 8.0 GiB
[worker-316] 9 selectors; limit 1800s, 8.0 GiB
[worker-317] 7 selectors; limit 1800s, 8.0 GiB
[worker-315] exit 0; 4.3s; peak 0.40 GiB
[worker-316] exit 0; 5.2s; peak 0.40 GiB
[worker-317] exit 0; 6.2s; peak 0.40 GiB
[worker-318] 14 selectors; limit 1800s, 8.0 GiB
[worker-319] 32 selectors; limit 1800s, 8.0 GiB
[worker-320] 1 selectors; limit 1800s, 8.0 GiB
[worker-319] exit 0; 4.2s; peak 0.40 GiB
[worker-320] exit 0; 5.2s; peak 0.40 GiB
[worker-321] 9 selectors; limit 1800s, 8.0 GiB
[worker-322] 18 selectors; limit 1800s, 8.0 GiB
[worker-318] exit 0; 6.5s; peak 0.42 GiB
[worker-323] 7 selectors; limit 1800s, 8.0 GiB
[worker-321] exit 0; 4.1s; peak 0.40 GiB
[worker-322] exit 0; 5.0s; peak 0.40 GiB
[worker-323] exit 0; 5.0s; peak 0.32 GiB
[worker-324] 11 selectors; limit 1800s, 8.0 GiB
[worker-325] 13 selectors; limit 1800s, 8.0 GiB
[worker-326] 19 selectors; limit 1800s, 8.0 GiB
[worker-324] exit 0; 4.2s; peak 0.40 GiB
[worker-325] exit 0; 5.2s; peak 0.41 GiB
[worker-326] exit 0; 6.1s; peak 0.42 GiB
[worker-327] 32 selectors; limit 1800s, 8.0 GiB
[worker-328] 5 selectors; limit 1800s, 8.0 GiB
[worker-329] 18 selectors; limit 1800s, 8.0 GiB
[worker-327] exit 0; 4.2s; peak 0.40 GiB
[worker-328] exit 0; 5.1s; peak 0.41 GiB
[worker-329] exit 0; 6.1s; peak 0.40 GiB
[worker-330] 4 selectors; limit 1800s, 8.0 GiB
[worker-331] 4 selectors; limit 1800s, 8.0 GiB
[worker-332] 13 selectors; limit 1800s, 8.0 GiB
[worker-330] exit 0; 4.2s; peak 0.40 GiB
[worker-331] exit 0; 5.2s; peak 0.41 GiB
[worker-332] exit 0; 6.1s; peak 0.40 GiB
[worker-333] 11 selectors; limit 1800s, 8.0 GiB
[worker-334] 7 selectors; limit 1800s, 8.0 GiB
[worker-335] 7 selectors; limit 1800s, 8.0 GiB
[worker-333] exit 0; 4.2s; peak 0.40 GiB
[worker-334] exit 0; 5.2s; peak 0.40 GiB
[worker-335] exit 0; 6.1s; peak 0.40 GiB
[worker-336] 4 selectors; limit 1800s, 8.0 GiB
[worker-337] 13 selectors; limit 1800s, 8.0 GiB
[worker-338] 10 selectors; limit 1800s, 8.0 GiB
[worker-336] exit 0; 4.3s; peak 0.41 GiB
[worker-337] exit 0; 5.2s; peak 0.40 GiB
[worker-338] exit 0; 6.2s; peak 0.40 GiB
[worker-339] 7 selectors; limit 1800s, 8.0 GiB
[worker-340] 4 selectors; limit 1800s, 8.0 GiB
[worker-341] 9 selectors; limit 1800s, 8.0 GiB
[worker-340] exit 0; 4.2s; peak 0.40 GiB
[worker-341] exit 0; 5.1s; peak 0.40 GiB
[worker-342] 6 selectors; limit 1800s, 8.0 GiB
[worker-343] 2 selectors; limit 1800s, 8.0 GiB
[worker-339] exit 0; 6.4s; peak 0.40 GiB
[worker-344] 20 selectors; limit 1800s, 8.0 GiB
[worker-342] exit 0; 4.0s; peak 0.40 GiB
[worker-343] exit 0; 5.0s; peak 0.40 GiB
[worker-344] exit 0; 4.9s; peak 0.31 GiB
[worker-345] 3 selectors; limit 1800s, 8.0 GiB
[worker-346] 3 selectors; limit 1800s, 8.0 GiB
[worker-347] 9 selectors; limit 1800s, 8.0 GiB
[worker-345] exit 0; 4.2s; peak 0.40 GiB
[worker-346] exit 0; 5.2s; peak 0.41 GiB
[worker-347] exit 0; 6.1s; peak 0.40 GiB
[worker-348] 17 selectors; limit 1800s, 8.0 GiB
[worker-349] 4 selectors; limit 1800s, 8.0 GiB
[worker-350] 18 selectors; limit 1800s, 8.0 GiB
[worker-348] exit 0; 4.2s; peak 0.40 GiB
[worker-349] exit 0; 5.1s; peak 0.40 GiB
[worker-350] exit 0; 6.1s; peak 0.40 GiB
[worker-351] 24 selectors; limit 1800s, 8.0 GiB
[worker-352] 22 selectors; limit 1800s, 8.0 GiB
[worker-353] 19 selectors; limit 1800s, 8.0 GiB
[worker-351] exit 0; 4.2s; peak 0.40 GiB
[worker-352] exit 0; 5.2s; peak 0.40 GiB
[worker-353] exit 0; 6.2s; peak 0.40 GiB
[worker-354] 13 selectors; limit 1800s, 8.0 GiB
[worker-355] 18 selectors; limit 1800s, 8.0 GiB
[worker-356] 6 selectors; limit 1800s, 8.0 GiB
[worker-354] exit 0; 4.2s; peak 0.40 GiB
[worker-355] exit 0; 5.2s; peak 0.40 GiB
[worker-356] exit 0; 6.1s; peak 0.40 GiB
[worker-357] 9 selectors; limit 1800s, 8.0 GiB
[worker-358] 11 selectors; limit 1800s, 8.0 GiB
[worker-359] 9 selectors; limit 1800s, 8.0 GiB
[worker-357] exit 0; 4.2s; peak 0.40 GiB
[worker-358] exit 0; 5.2s; peak 0.40 GiB
[worker-359] exit 0; 6.1s; peak 0.40 GiB
[worker-360] 4 selectors; limit 1800s, 8.0 GiB
[worker-361] 6 selectors; limit 1800s, 8.0 GiB
[worker-362] 8 selectors; limit 1800s, 8.0 GiB
[worker-360] exit 0; 4.2s; peak 0.40 GiB
[worker-361] exit 0; 5.2s; peak 0.40 GiB
[worker-362] exit 0; 6.1s; peak 0.40 GiB
[worker-363] 6 selectors; limit 1800s, 8.0 GiB
[worker-364] 3 selectors; limit 1800s, 8.0 GiB
[worker-365] 4 selectors; limit 1800s, 8.0 GiB
[worker-364] exit 0; 4.1s; peak 0.40 GiB
[worker-365] exit 0; 5.1s; peak 0.40 GiB
[worker-366] 14 selectors; limit 1800s, 8.0 GiB
[worker-367] 13 selectors; limit 1800s, 8.0 GiB
[worker-363] exit 0; 6.4s; peak 0.40 GiB
[worker-368] 9 selectors; limit 1800s, 8.0 GiB
[worker-366] exit 0; 4.0s; peak 0.40 GiB
[worker-367] exit 0; 5.0s; peak 0.40 GiB
[worker-368] exit 1; 4.9s; peak 0.32 GiB
[worker-369] 3 selectors; limit 1800s, 8.0 GiB
[worker-370] 9 selectors; limit 1800s, 8.0 GiB
[worker-371] 3 selectors; limit 1800s, 8.0 GiB
[worker-369] exit 0; 4.2s; peak 0.40 GiB
[worker-370] exit 0; 5.1s; peak 0.40 GiB
[worker-371] exit 0; 6.1s; peak 0.40 GiB
[worker-372] 3 selectors; limit 1800s, 8.0 GiB
[worker-373] 8 selectors; limit 1800s, 8.0 GiB
[worker-374] 6 selectors; limit 1800s, 8.0 GiB
[worker-372] exit 0; 4.2s; peak 0.40 GiB
[worker-373] exit 0; 5.1s; peak 0.40 GiB
[worker-374] exit 0; 6.1s; peak 0.40 GiB
[worker-375] 3 selectors; limit 1800s, 8.0 GiB
[worker-376] 9 selectors; limit 1800s, 8.0 GiB
[worker-377] 19 selectors; limit 1800s, 8.0 GiB
[worker-375] exit 0; 4.2s; peak 0.40 GiB
[worker-376] exit 0; 5.2s; peak 0.41 GiB
[worker-377] exit 1; 6.1s; peak 0.40 GiB
[worker-378] 3 selectors; limit 1800s, 8.0 GiB
[worker-379] 5 selectors; limit 1800s, 8.0 GiB
[worker-380] 3 selectors; limit 1800s, 8.0 GiB
[worker-378] exit 0; 4.2s; peak 0.40 GiB
[worker-379] exit 0; 5.1s; peak 0.40 GiB
[worker-380] exit 0; 6.1s; peak 0.41 GiB
[worker-381] 6 selectors; limit 1800s, 8.0 GiB
[worker-382] 7 selectors; limit 1800s, 8.0 GiB
[worker-383] 4 selectors; limit 1800s, 8.0 GiB
[worker-381] exit 0; 4.2s; peak 0.40 GiB
[worker-382] exit 0; 5.2s; peak 0.40 GiB
[worker-383] exit 0; 6.1s; peak 0.40 GiB
[worker-384] 3 selectors; limit 1800s, 8.0 GiB
[worker-385] 9 selectors; limit 1800s, 8.0 GiB
[worker-386] 3 selectors; limit 1800s, 8.0 GiB
[worker-384] exit 0; 4.2s; peak 0.40 GiB
[worker-385] exit 0; 5.1s; peak 0.40 GiB
[worker-386] exit 0; 6.1s; peak 0.40 GiB
[worker-387] 4 selectors; limit 1800s, 8.0 GiB
[worker-388] 5 selectors; limit 1800s, 8.0 GiB
[worker-389] 3 selectors; limit 1800s, 8.0 GiB
[worker-387] exit 0; 4.2s; peak 0.40 GiB
[worker-388] exit 0; 5.2s; peak 0.40 GiB
[worker-389] exit 0; 6.1s; peak 0.40 GiB
[worker-390] 27 selectors; limit 1800s, 8.0 GiB
[worker-391] 10 selectors; limit 1800s, 8.0 GiB
[worker-392] 4 selectors; limit 1800s, 8.0 GiB
[worker-390] exit 0; 4.2s; peak 0.40 GiB
[worker-391] exit 0; 5.2s; peak 0.40 GiB
[worker-392] exit 0; 6.2s; peak 0.40 GiB
[worker-393] 3 selectors; limit 1800s, 8.0 GiB
[worker-394] 6 selectors; limit 1800s, 8.0 GiB
[worker-395] 13 selectors; limit 1800s, 8.0 GiB
[worker-393] exit 0; 4.2s; peak 0.40 GiB
[worker-394] exit 0; 5.2s; peak 0.43 GiB
[worker-395] exit 0; 6.1s; peak 0.40 GiB
[worker-396] 18 selectors; limit 1800s, 8.0 GiB
[worker-397] 23 selectors; limit 1800s, 8.0 GiB
[worker-398] 5 selectors; limit 1800s, 8.0 GiB
[worker-396] exit 0; 4.2s; peak 0.40 GiB
[worker-397] exit 0; 5.2s; peak 0.40 GiB
[worker-398] exit 0; 6.1s; peak 0.40 GiB
[worker-399] 17 selectors; limit 1800s, 8.0 GiB
[worker-400] 15 selectors; limit 1800s, 8.0 GiB
[worker-401] 3 selectors; limit 1800s, 8.0 GiB
[worker-399] exit 0; 4.2s; peak 0.40 GiB
[worker-400] exit 0; 5.2s; peak 0.40 GiB
[worker-401] exit 0; 6.1s; peak 0.40 GiB
[worker-402] 8 selectors; limit 1800s, 8.0 GiB
[worker-403] 29 selectors; limit 1800s, 8.0 GiB
[worker-404] 19 selectors; limit 1800s, 8.0 GiB
[worker-402] exit 0; 4.2s; peak 0.40 GiB
[worker-403] exit 0; 5.1s; peak 0.40 GiB
[worker-404] exit 0; 6.1s; peak 0.40 GiB
[worker-405] 11 selectors; limit 1800s, 8.0 GiB
[worker-406] 11 selectors; limit 1800s, 8.0 GiB
[worker-407] 4 selectors; limit 1800s, 8.0 GiB
[worker-406] exit 0; 4.2s; peak 0.40 GiB
[worker-407] exit 0; 5.1s; peak 0.40 GiB
[worker-408] 30 selectors; limit 1800s, 8.0 GiB
[worker-409] 6 selectors; limit 1800s, 8.0 GiB
[worker-405] exit 0; 6.4s; peak 0.41 GiB
[worker-410] 8 selectors; limit 1800s, 8.0 GiB
[worker-408] exit 0; 4.1s; peak 0.40 GiB
[worker-409] exit 0; 5.0s; peak 0.40 GiB
[worker-410] exit 1; 4.9s; peak 0.32 GiB
[worker-411] 3 selectors; limit 1800s, 8.0 GiB
[worker-412] 8 selectors; limit 1800s, 8.0 GiB
[worker-413] 7 selectors; limit 1800s, 8.0 GiB
[worker-411] exit 0; 4.2s; peak 0.40 GiB
[worker-412] exit 0; 5.2s; peak 0.40 GiB
[worker-413] exit 0; 6.1s; peak 0.40 GiB
[worker-414] 11 selectors; limit 1800s, 8.0 GiB
[worker-415] 32 selectors; limit 1800s, 8.0 GiB
[worker-416] 8 selectors; limit 1800s, 8.0 GiB
[worker-414] exit 0; 4.2s; peak 0.40 GiB
[worker-415] exit 0; 5.2s; peak 0.40 GiB
[worker-416] exit 0; 6.1s; peak 0.40 GiB
[worker-417] 24 selectors; limit 1800s, 8.0 GiB
[worker-418] 6 selectors; limit 1800s, 8.0 GiB
[worker-419] 4 selectors; limit 1800s, 8.0 GiB
[worker-417] exit 0; 4.2s; peak 0.40 GiB
[worker-418] exit 0; 5.2s; peak 0.40 GiB
[worker-419] exit 0; 6.1s; peak 0.40 GiB
[worker-420] 5 selectors; limit 1800s, 8.0 GiB
[worker-421] 18 selectors; limit 1800s, 8.0 GiB
[worker-422] 11 selectors; limit 1800s, 8.0 GiB
[worker-420] exit 0; 4.2s; peak 0.40 GiB
[worker-421] exit 0; 5.2s; peak 0.40 GiB
[worker-422] exit 0; 6.1s; peak 0.40 GiB
[worker-423] 16 selectors; limit 1800s, 8.0 GiB
[worker-424] 1 selectors; limit 1800s, 8.0 GiB
[worker-425] 24 selectors; limit 1800s, 8.0 GiB
[worker-423] exit 0; 4.3s; peak 0.41 GiB
[worker-424] exit 0; 5.2s; peak 0.41 GiB
[worker-425] exit 0; 6.2s; peak 0.40 GiB
[worker-426] 1 selectors; limit 1800s, 8.0 GiB
[worker-427] 7 selectors; limit 1800s, 8.0 GiB
[worker-428] 5 selectors; limit 1800s, 8.0 GiB
[worker-427] exit 0; 4.2s; peak 0.40 GiB
[worker-428] exit 0; 5.1s; peak 0.40 GiB
[worker-429] 6 selectors; limit 1800s, 8.0 GiB
[worker-430] 5 selectors; limit 1800s, 8.0 GiB
[worker-426] exit 0; 6.5s; peak 0.40 GiB
[worker-431] 15 selectors; limit 1800s, 8.0 GiB
[worker-429] exit 0; 4.0s; peak 0.40 GiB
[worker-430] exit 0; 5.0s; peak 0.40 GiB
[worker-431] exit 0; 4.9s; peak 0.31 GiB
[worker-432] 9 selectors; limit 1800s, 8.0 GiB
[worker-433] 17 selectors; limit 1800s, 8.0 GiB
[worker-434] 3 selectors; limit 1800s, 8.0 GiB
[worker-432] exit 0; 4.3s; peak 0.40 GiB
[worker-433] exit 0; 5.2s; peak 0.40 GiB
[worker-434] exit 0; 6.2s; peak 0.41 GiB
[worker-435] 7 selectors; limit 1800s, 8.0 GiB
[worker-436] 10 selectors; limit 1800s, 8.0 GiB
[worker-437] 4 selectors; limit 1800s, 8.0 GiB
[worker-435] exit 0; 4.2s; peak 0.40 GiB
[worker-436] exit 0; 5.2s; peak 0.40 GiB
[worker-437] exit 0; 6.1s; peak 0.40 GiB
[worker-438] 13 selectors; limit 1800s, 8.0 GiB
[worker-439] 14 selectors; limit 1800s, 8.0 GiB
[worker-440] 5 selectors; limit 1800s, 8.0 GiB
[worker-438] exit 0; 4.2s; peak 0.40 GiB
[worker-439] exit 0; 5.2s; peak 0.40 GiB
[worker-440] exit 0; 6.1s; peak 0.40 GiB
[worker-441] 5 selectors; limit 1800s, 8.0 GiB
[worker-442] 14 selectors; limit 1800s, 8.0 GiB
[worker-443] 10 selectors; limit 1800s, 8.0 GiB
[worker-441] exit 0; 4.1s; peak 0.40 GiB
[worker-442] exit 0; 5.1s; peak 0.40 GiB
[worker-443] exit 0; 6.0s; peak 0.40 GiB
[worker-444] 6 selectors; limit 1800s, 8.0 GiB
[worker-445] 5 selectors; limit 1800s, 8.0 GiB
[worker-446] 10 selectors; limit 1800s, 8.0 GiB
[worker-444] exit 0; 4.2s; peak 0.40 GiB
[worker-445] exit 0; 5.1s; peak 0.40 GiB
[worker-446] exit 0; 6.1s; peak 0.40 GiB
[worker-447] 11 selectors; limit 1800s, 8.0 GiB
[worker-448] 9 selectors; limit 1800s, 8.0 GiB
[worker-449] 12 selectors; limit 1800s, 8.0 GiB
[worker-447] exit 0; 4.2s; peak 0.40 GiB
[worker-448] exit 0; 5.2s; peak 0.40 GiB
[worker-449] exit 0; 6.1s; peak 0.40 GiB
[worker-450] 3 selectors; limit 1800s, 8.0 GiB
[worker-451] 7 selectors; limit 1800s, 8.0 GiB
[worker-452] 2 selectors; limit 1800s, 8.0 GiB
[worker-450] exit 0; 4.2s; peak 0.40 GiB
[worker-451] exit 0; 5.2s; peak 0.40 GiB
[worker-452] exit 0; 6.1s; peak 0.40 GiB
[worker-453] 5 selectors; limit 1800s, 8.0 GiB
[worker-454] 6 selectors; limit 1800s, 8.0 GiB
[worker-455] 8 selectors; limit 1800s, 8.0 GiB
[worker-453] exit 0; 4.3s; peak 0.40 GiB
[worker-454] exit 0; 5.2s; peak 0.40 GiB
[worker-455] exit 0; 6.1s; peak 0.40 GiB
[worker-456] 11 selectors; limit 1800s, 8.0 GiB
[worker-457] 6 selectors; limit 1800s, 8.0 GiB
[worker-458] 2 selectors; limit 1800s, 8.0 GiB
[worker-456] exit 0; 4.2s; peak 0.40 GiB
[worker-457] exit 0; 5.1s; peak 0.40 GiB
[worker-458] exit 0; 6.1s; peak 0.40 GiB
[worker-459] 3 selectors; limit 1800s, 8.0 GiB
[worker-460] 3 selectors; limit 1800s, 8.0 GiB
[worker-461] 3 selectors; limit 1800s, 8.0 GiB
[worker-459] exit 0; 4.2s; peak 0.40 GiB
[worker-460] exit 0; 5.1s; peak 0.40 GiB
[worker-461] exit 0; 6.1s; peak 0.40 GiB
[worker-462] 7 selectors; limit 1800s, 8.0 GiB
[worker-463] 15 selectors; limit 1800s, 8.0 GiB
[worker-464] 3 selectors; limit 1800s, 8.0 GiB
[worker-462] exit 0; 4.2s; peak 0.40 GiB
[worker-463] exit 0; 5.2s; peak 0.40 GiB
[worker-464] exit 0; 6.1s; peak 0.40 GiB
[worker-465] 7 selectors; limit 1800s, 8.0 GiB
[worker-466] 11 selectors; limit 1800s, 8.0 GiB
[worker-467] 19 selectors; limit 1800s, 8.0 GiB
[worker-465] exit 0; 4.2s; peak 0.40 GiB
[worker-466] exit 0; 5.2s; peak 0.40 GiB
[worker-467] exit 0; 6.1s; peak 0.40 GiB
[worker-468] 11 selectors; limit 1800s, 8.0 GiB
[worker-469] 11 selectors; limit 1800s, 8.0 GiB
[worker-470] 14 selectors; limit 1800s, 8.0 GiB
[worker-468] exit 0; 4.2s; peak 0.40 GiB
[worker-469] exit 0; 5.1s; peak 0.40 GiB
[worker-470] exit 0; 6.1s; peak 0.40 GiB
[worker-471] 5 selectors; limit 1800s, 8.0 GiB
[worker-472] 4 selectors; limit 1800s, 8.0 GiB
[worker-473] 6 selectors; limit 1800s, 8.0 GiB
[worker-471] exit 0; 4.2s; peak 0.40 GiB
[worker-472] exit 0; 5.2s; peak 0.40 GiB
[worker-473] exit 0; 6.1s; peak 0.40 GiB
[worker-474] 11 selectors; limit 1800s, 8.0 GiB
[worker-475] 4 selectors; limit 1800s, 8.0 GiB
[worker-476] 7 selectors; limit 1800s, 8.0 GiB
[worker-474] exit 0; 4.3s; peak 0.40 GiB
[worker-475] exit 0; 5.2s; peak 0.40 GiB
[worker-476] exit 0; 6.2s; peak 0.40 GiB
[worker-477] 4 selectors; limit 1800s, 8.0 GiB
[worker-478] 7 selectors; limit 1800s, 8.0 GiB
[worker-479] 7 selectors; limit 1800s, 8.0 GiB
[worker-477] exit 0; 4.2s; peak 0.40 GiB
[worker-478] exit 0; 5.1s; peak 0.40 GiB
[worker-479] exit 0; 6.1s; peak 0.40 GiB
[worker-480] 5 selectors; limit 1800s, 8.0 GiB
[worker-481] 8 selectors; limit 1800s, 8.0 GiB
[worker-482] 12 selectors; limit 1800s, 8.0 GiB
[worker-480] exit 0; 4.3s; peak 0.40 GiB
[worker-481] exit 0; 5.2s; peak 0.40 GiB
[worker-482] exit 0; 6.1s; peak 0.40 GiB
[worker-483] 6 selectors; limit 1800s, 8.0 GiB
[worker-484] 3 selectors; limit 1800s, 8.0 GiB
[worker-485] 13 selectors; limit 1800s, 8.0 GiB
[worker-483] exit 0; 4.2s; peak 0.40 GiB
[worker-484] exit 0; 5.1s; peak 0.40 GiB
[worker-485] exit 0; 6.1s; peak 0.40 GiB
[worker-486] 6 selectors; limit 1800s, 8.0 GiB
[worker-487] 4 selectors; limit 1800s, 8.0 GiB
[worker-488] 5 selectors; limit 1800s, 8.0 GiB
[worker-486] exit 0; 4.2s; peak 0.40 GiB
[worker-487] exit 0; 5.1s; peak 0.40 GiB
[worker-488] exit 0; 6.1s; peak 0.40 GiB
[worker-489] 6 selectors; limit 1800s, 8.0 GiB
[worker-490] 5 selectors; limit 1800s, 8.0 GiB
[worker-491] 7 selectors; limit 1800s, 8.0 GiB
[worker-489] exit 0; 4.2s; peak 0.40 GiB
[worker-490] exit 0; 5.1s; peak 0.40 GiB
[worker-491] exit 0; 6.1s; peak 0.40 GiB
[worker-492] 2 selectors; limit 1800s, 8.0 GiB
[worker-493] 8 selectors; limit 1800s, 8.0 GiB
[worker-494] 14 selectors; limit 1800s, 8.0 GiB
[worker-492] exit 0; 4.2s; peak 0.40 GiB
[worker-493] exit 0; 5.2s; peak 0.40 GiB
[worker-494] exit 0; 6.1s; peak 0.40 GiB
[worker-495] 15 selectors; limit 1800s, 8.0 GiB
[worker-496] 7 selectors; limit 1800s, 8.0 GiB
[worker-497] 4 selectors; limit 1800s, 8.0 GiB
[worker-495] exit 0; 4.2s; peak 0.41 GiB
[worker-496] exit 0; 5.2s; peak 0.40 GiB
[worker-497] exit 0; 6.1s; peak 0.40 GiB
[worker-498] 3 selectors; limit 1800s, 8.0 GiB
[worker-499] 2 selectors; limit 1800s, 8.0 GiB
[worker-500] 5 selectors; limit 1800s, 8.0 GiB
[worker-498] exit 0; 4.2s; peak 0.40 GiB
[worker-499] exit 0; 5.2s; peak 0.40 GiB
[worker-500] exit 1; 6.1s; peak 0.40 GiB
[worker-501] 5 selectors; limit 1800s, 8.0 GiB
[worker-502] 18 selectors; limit 1800s, 8.0 GiB
[worker-503] 4 selectors; limit 1800s, 8.0 GiB
[worker-501] exit 0; 4.3s; peak 0.40 GiB
[worker-502] exit 0; 5.2s; peak 0.40 GiB
[worker-503] exit 0; 6.2s; peak 0.40 GiB
[worker-504] 8 selectors; limit 1800s, 8.0 GiB
[worker-505] 10 selectors; limit 1800s, 8.0 GiB
[worker-506] 4 selectors; limit 1800s, 8.0 GiB
[worker-504] exit 0; 4.2s; peak 0.40 GiB
[worker-505] exit 0; 5.1s; peak 0.40 GiB
[worker-506] exit 0; 6.0s; peak 0.40 GiB
[worker-507] 9 selectors; limit 1800s, 8.0 GiB
[worker-508] 2 selectors; limit 1800s, 8.0 GiB
[worker-509] 11 selectors; limit 1800s, 8.0 GiB
[worker-508] exit 0; 4.2s; peak 0.40 GiB
[worker-509] exit 0; 5.1s; peak 0.40 GiB
[worker-510] 4 selectors; limit 1800s, 8.0 GiB
[worker-511] 13 selectors; limit 1800s, 8.0 GiB
[worker-507] exit 0; 6.5s; peak 0.42 GiB
[worker-512] 4 selectors; limit 1800s, 8.0 GiB
[worker-510] exit 0; 4.0s; peak 0.40 GiB
[worker-511] exit 0; 4.9s; peak 0.40 GiB
[worker-512] exit 0; 4.8s; peak 0.30 GiB
[worker-513] 8 selectors; limit 1800s, 8.0 GiB
[worker-514] 3 selectors; limit 1800s, 8.0 GiB
[worker-515] 15 selectors; limit 1800s, 8.0 GiB
[worker-515] exit 0; 1.9s; peak 0.17 GiB
[worker-516] 4 selectors; limit 1800s, 8.0 GiB
[worker-513] exit 0; 4.0s; peak 0.40 GiB
[worker-514] exit 0; 5.0s; peak 0.40 GiB
[worker-516] exit 0; 3.9s; peak 0.19 GiB
[worker-517] 3 selectors; limit 1800s, 8.0 GiB
[worker-518] 9 selectors; limit 1800s, 8.0 GiB
[worker-519] 3 selectors; limit 1800s, 8.0 GiB
[worker-517] exit 0; 4.1s; peak 0.40 GiB
[worker-518] exit 0; 5.1s; peak 0.41 GiB
[worker-519] exit 0; 6.0s; peak 0.40 GiB
[worker-520] 3 selectors; limit 1800s, 8.0 GiB
[worker-521] 7 selectors; limit 1800s, 8.0 GiB
[worker-522] 2 selectors; limit 1800s, 8.0 GiB
[worker-520] exit 0; 4.1s; peak 0.40 GiB
[worker-521] exit 0; 5.1s; peak 0.40 GiB
[worker-522] exit 0; 6.0s; peak 0.40 GiB
[worker-523] 3 selectors; limit 1800s, 8.0 GiB
[worker-524] 5 selectors; limit 1800s, 8.0 GiB
[worker-525] 1 selectors; limit 1800s, 8.0 GiB
[worker-523] exit 0; 4.2s; peak 0.40 GiB
[worker-524] exit 0; 5.1s; peak 0.40 GiB
[worker-525] exit 0; 6.1s; peak 0.40 GiB
[worker-526] 6 selectors; limit 1800s, 8.0 GiB
[worker-527] 6 selectors; limit 1800s, 8.0 GiB
[worker-528] 3 selectors; limit 1800s, 8.0 GiB
[worker-526] exit 0; 4.1s; peak 0.40 GiB
[worker-527] exit 0; 5.1s; peak 0.40 GiB
[worker-528] exit 0; 6.0s; peak 0.40 GiB
[worker-529] 5 selectors; limit 1800s, 8.0 GiB
[worker-530] 5 selectors; limit 1800s, 8.0 GiB
[worker-531] 7 selectors; limit 1800s, 8.0 GiB
[worker-531] exit 0; 1.9s; peak 0.17 GiB
[worker-532] 6 selectors; limit 1800s, 8.0 GiB
[worker-529] exit 0; 4.0s; peak 0.40 GiB
[worker-530] exit 0; 5.0s; peak 0.40 GiB
[worker-532] exit 0; 3.9s; peak 0.17 GiB
[worker-533] 6 selectors; limit 1800s, 8.0 GiB
[worker-534] 4 selectors; limit 1800s, 8.0 GiB
[worker-535] 6 selectors; limit 1800s, 8.0 GiB
[worker-533] exit 0; 2.0s; peak 0.17 GiB
[worker-535] exit 0; 2.8s; peak 0.17 GiB
[worker-536] 6 selectors; limit 1800s, 8.0 GiB
[worker-537] 5 selectors; limit 1800s, 8.0 GiB
[worker-534] exit 0; 4.1s; peak 0.35 GiB
[worker-537] exit 0; 2.1s; peak 0.00 GiB
[worker-538] 4 selectors; limit 1800s, 8.0 GiB
[worker-539] 3 selectors; limit 1800s, 8.0 GiB
[worker-536] exit 0; 3.8s; peak 0.40 GiB
[worker-540] 3 selectors; limit 1800s, 8.0 GiB
[worker-538] exit 0; 4.0s; peak 0.40 GiB
[worker-539] exit 0; 4.9s; peak 0.41 GiB
[worker-540] exit 0; 4.4s; peak 0.27 GiB
[worker-541] 3 selectors; limit 1800s, 8.0 GiB
[worker-542] 4 selectors; limit 1800s, 8.0 GiB
[worker-543] 4 selectors; limit 1800s, 8.0 GiB
[worker-542] exit 0; 1.9s; peak 0.17 GiB
[worker-544] 3 selectors; limit 1800s, 8.0 GiB
[worker-541] exit 0; 4.0s; peak 0.40 GiB
[worker-543] exit 0; 4.9s; peak 0.40 GiB
[worker-544] exit 0; 4.0s; peak 0.21 GiB
[worker-545] 4 selectors; limit 1800s, 8.0 GiB
[worker-546] 2 selectors; limit 1800s, 8.0 GiB
[worker-547] 3 selectors; limit 1800s, 8.0 GiB
[worker-545] exit 0; 1.9s; peak 0.17 GiB
[worker-547] exit 0; 2.8s; peak 0.17 GiB
[worker-548] 3 selectors; limit 1800s, 8.0 GiB
[worker-549] 3 selectors; limit 1800s, 8.0 GiB
[worker-546] exit 0; 4.1s; peak 0.35 GiB
[worker-548] exit 0; 2.1s; peak 0.00 GiB
[worker-549] exit 0; 3.1s; peak 0.00 GiB
[worker-550] 5 selectors; limit 1800s, 8.0 GiB
[worker-551] 2 selectors; limit 1800s, 8.0 GiB
[worker-552] 2 selectors; limit 1800s, 8.0 GiB
[worker-550] exit 0; 1.4s; peak 0.04 GiB
[worker-553] 2 selectors; limit 1800s, 8.0 GiB
[worker-553] exit 0; 1.9s; peak 0.17 GiB
[worker-554] 2 selectors; limit 1800s, 8.0 GiB
[worker-551] exit 0; 4.4s; peak 0.39 GiB
[worker-552] exit 0; 5.4s; peak 0.38 GiB
[worker-554] exit 0; 3.1s; peak 0.00 GiB
[worker-555] 2 selectors; limit 1800s, 8.0 GiB
[worker-556] 1 selectors; limit 1800s, 8.0 GiB
[worker-557] 1 selectors; limit 1800s, 8.0 GiB
[worker-555] exit 0; 1.9s; peak 0.17 GiB
[worker-558] 1 selectors; limit 1800s, 8.0 GiB
[worker-558] exit 0; 1.3s; peak 0.04 GiB
[worker-559] 1 selectors; limit 1800s, 8.0 GiB
[worker-556] exit 0; 4.3s; peak 0.38 GiB
[worker-557] exit 0; 5.3s; peak 0.37 GiB
[worker-560] 1 selectors; limit 1800s, 8.0 GiB
[worker-561] 1 selectors; limit 1800s, 8.0 GiB
[worker-559] exit 0; 3.6s; peak 0.40 GiB
[worker-561] exit 0; 2.4s; peak 0.11 GiB
[worker-562] 1 selectors; limit 1800s, 8.0 GiB
[worker-563] 1 selectors; limit 1800s, 8.0 GiB
[worker-560] exit 0; 3.8s; peak 0.38 GiB
[worker-562] exit 0; 2.2s; peak 0.03 GiB
[worker-563] exit 0; 3.1s; peak 0.01 GiB
[worker-564] 1 selectors; limit 1800s, 8.0 GiB
[worker-565] 3 selectors; limit 1800s, 8.0 GiB
[worker-566] 13 selectors; limit 1800s, 8.0 GiB
[worker-564] exit 0; 4.2s; peak 0.40 GiB
[worker-565] exit 0; 5.2s; peak 0.40 GiB
[worker-566] exit 0; 6.1s; peak 0.40 GiB
[worker-567] 5 selectors; limit 1800s, 8.0 GiB
[worker-568] 4 selectors; limit 1800s, 8.0 GiB
[worker-569] 3 selectors; limit 1800s, 8.0 GiB
[worker-567] exit 0; 4.2s; peak 0.40 GiB
[worker-568] exit 0; 5.1s; peak 0.46 GiB
[worker-569] exit 0; 6.1s; peak 0.41 GiB
[worker-570] 3 selectors; limit 1800s, 8.0 GiB
[worker-571] 2 selectors; limit 1800s, 8.0 GiB
[worker-572] 3 selectors; limit 1800s, 8.0 GiB
[worker-570] exit 0; 4.2s; peak 0.40 GiB
[worker-571] exit 0; 5.1s; peak 0.40 GiB
[worker-572] exit 0; 6.1s; peak 0.45 GiB
[worker-573] 8 selectors; limit 1800s, 8.0 GiB
[worker-574] 5 selectors; limit 1800s, 8.0 GiB
[worker-575] 23 selectors; limit 1800s, 8.0 GiB
[worker-573] exit 0; 4.2s; peak 0.40 GiB
[worker-574] exit 0; 5.2s; peak 0.40 GiB
[worker-575] exit 0; 6.1s; peak 0.41 GiB
[worker-576] 13 selectors; limit 1800s, 8.0 GiB
[worker-576] exit 0; 3.7s; peak 0.40 GiB
{"exit_code": 1, "reason": "test_failure", "selected": 5016, "completed": 5016}
