Device: cpu
Peer pipeline: static PS/WS stage bodies compiled separately; legacy compatibility scheduler remains outside fullgraph capture


==== BasicModel ====

Trial [1/1]
Baseline test pass skipped (--test not specified). Re-invoke train.py with --test to include baseline + post-epoch evaluation.
Epoch [1/400]
[AMP] off (fp32, MODEL_AMP unset or =off)
/Users/arogers/github/WikiOracle/basicmodel/.venv/lib/python3.12/site-packages/torch/utils/_device.py:122: UserWarning: Sparse invariant checks are implicitly disabled. Memory errors (e.g. SEGFAULT) will occur when operating on a sparse tensor which violates the invariants, but checks incur performance overhead. To silence this warning, explicitly opt in or out. See `torch.sparse.check_sparse_tensor_invariants.__doc__` for guidance.  (Triggered internally at /Users/runner/work/pytorch/pytorch/aten/src/ATen/Context.cpp:855.)
  return func(*args, **kwargs)
batch = 0 (warm-up, 100.00%)
Training throughput: 1 batches in 0.662s; word units 100.0% of 8 words (letters-only 100.0% of 8).
Train Loss: output=0.1760, reconstruction=0.4204
Epoch [2/400]
batch = 0 (Δ=0.245s, 100.00%)
Training throughput: 1 batches in 0.244s; word units 100.0% of 8 words (letters-only 100.0% of 8).
Train Loss: output=0.1754, reconstruction=0.4215
Epoch [3/400]
batch = 0 (Δ=0.244s, 100.00%)
Training throughput: 1 batches in 0.243s; word units 100.0% of 8 words (letters-only 100.0% of 8).
Train Loss: output=0.1755, reconstruction=0.4241
Epoch [4/400]
batch = 0 (Δ=0.245s, 100.00%)
Training throughput: 1 batches in 0.244s; word units 100.0% of 8 words (letters-only 100.0% of 8).
Train Loss: output=0.1752, reconstruction=0.4257
Epoch [5/400]
batch = 0 (Δ=0.239s, 100.00%)
Training throughput: 1 batches in 0.238s; word units 100.0% of 8 words (letters-only 100.0% of 8).
Train Loss: output=0.1753, reconstruction=0.4209
Epoch [6/400]
batch = 0 (Δ=0.243s, 100.00%)
Training throughput: 1 batches in 0.242s; word units 100.0% of 8 words (letters-only 100.0% of 8).
Train Loss: output=0.1753, reconstruction=0.4074
Epoch [7/400]
batch = 0 (Δ=0.245s, 100.00%)
Training throughput: 1 batches in 0.244s; word units 100.0% of 8 words (letters-only 100.0% of 8).
Train Loss: output=0.1750, reconstruction=0.3878
Epoch [8/400]
batch = 0 (Δ=0.242s, 100.00%)
Training throughput: 1 batches in 0.242s; word units 100.0% of 8 words (letters-only 100.0% of 8).
Train Loss: output=0.1752, reconstruction=0.3517
Epoch [9/400]
batch = 0 (Δ=0.246s, 100.00%)
Training throughput: 1 batches in 0.246s; word units 100.0% of 8 words (letters-only 100.0% of 8).
Train Loss: output=0.1748, reconstruction=0.3125
Epoch [10/400]
batch = 0 (Δ=0.244s, 100.00%)
Training throughput: 1 batches in 0.244s; word units 100.0% of 8 words (letters-only 100.0% of 8).
Train Loss: output=0.1747, reconstruction=0.2833
Epoch [11/400]
batch = 0 (Δ=0.246s, 100.00%)
Training throughput: 1 batches in 0.245s; word units 100.0% of 8 words (letters-only 100.0% of 8).
Train Loss: output=0.1743, reconstruction=0.2675
Epoch [12/400]
batch = 0 (Δ=0.243s, 100.00%)
Training throughput: 1 batches in 0.242s; word units 100.0% of 8 words (letters-only 100.0% of 8).
Train Loss: output=0.1745, reconstruction=0.2615
Epoch [13/400]
batch = 0 (Δ=0.242s, 100.00%)
Training throughput: 1 batches in 0.242s; word units 100.0% of 8 words (letters-only 100.0% of 8).
Train Loss: output=0.1750, reconstruction=0.2598
Epoch [14/400]
batch = 0 (Δ=0.325s, 100.00%)
Training throughput: 1 batches in 0.324s; word units 100.0% of 8 words (letters-only 100.0% of 8).
Train Loss: output=0.1754, reconstruction=0.2594
Epoch [15/400]
batch = 0 (Δ=0.247s, 100.00%)
Training throughput: 1 batches in 0.247s; word units 100.0% of 8 words (letters-only 100.0% of 8).
Train Loss: output=0.1753, reconstruction=0.2593
Epoch [16/400]
batch = 0 (Δ=0.242s, 100.00%)
Training throughput: 1 batches in 0.242s; word units 100.0% of 8 words (letters-only 100.0% of 8).
Train Loss: output=0.1754, reconstruction=0.2593
Epoch [17/400]
batch = 0 (Δ=0.242s, 100.00%)
Training throughput: 1 batches in 0.242s; word units 100.0% of 8 words (letters-only 100.0% of 8).
Train Loss: output=0.1752, reconstruction=0.2593
Epoch [18/400]
batch = 0 (Δ=0.247s, 100.00%)
Training throughput: 1 batches in 0.246s; word units 100.0% of 8 words (letters-only 100.0% of 8).
Train Loss: output=0.1747, reconstruction=0.2593
Epoch [19/400]
batch = 0 (Δ=0.241s, 100.00%)
Training throughput: 1 batches in 0.241s; word units 100.0% of 8 words (letters-only 100.0% of 8).
Train Loss: output=0.1743, reconstruction=0.2593
Epoch [20/400]
batch = 0 (Δ=0.245s, 100.00%)
Training throughput: 1 batches in 0.244s; word units 100.0% of 8 words (letters-only 100.0% of 8).
Train Loss: output=0.1742, reconstruction=0.2593
Epoch [21/400]
batch = 0 (Δ=0.242s, 100.00%)
Training throughput: 1 batches in 0.242s; word units 100.0% of 8 words (letters-only 100.0% of 8).
Train Loss: output=0.1740, reconstruction=0.2593
Epoch [22/400]
batch = 0 (Δ=0.247s, 100.00%)
Training throughput: 1 batches in 0.247s; word units 100.0% of 8 words (letters-only 100.0% of 8).
Train Loss: output=0.1739, reconstruction=0.2593
Epoch [23/400]
batch = 0 (Δ=0.242s, 100.00%)
Training throughput: 1 batches in 0.242s; word units 100.0% of 8 words (letters-only 100.0% of 8).
Train Loss: output=0.1737, reconstruction=0.2593
Epoch [24/400]
batch = 0 (Δ=0.244s, 100.00%)
Training throughput: 1 batches in 0.244s; word units 100.0% of 8 words (letters-only 100.0% of 8).
Train Loss: output=0.1734, reconstruction=0.2593
Epoch [25/400]
batch = 0 (Δ=0.246s, 100.00%)
Training throughput: 1 batches in 0.246s; word units 100.0% of 8 words (letters-only 100.0% of 8).
Train Loss: output=0.1728, reconstruction=0.2593
Epoch [26/400]
batch = 0 (Δ=0.244s, 100.00%)
Training throughput: 1 batches in 0.243s; word units 100.0% of 8 words (letters-only 100.0% of 8).
Train Loss: output=0.1719, reconstruction=0.2593
Epoch [27/400]
batch = 0 (Δ=0.248s, 100.00%)
Training throughput: 1 batches in 0.247s; word units 100.0% of 8 words (letters-only 100.0% of 8).
Train Loss: output=0.1706, reconstruction=0.2593
Epoch [28/400]
batch = 0 (Δ=0.327s, 100.00%)
Training throughput: 1 batches in 0.326s; word units 100.0% of 8 words (letters-only 100.0% of 8).
Train Loss: output=0.1689, reconstruction=0.2593
Epoch [29/400]
batch = 0 (Δ=0.243s, 100.00%)
Training throughput: 1 batches in 0.243s; word units 100.0% of 8 words (letters-only 100.0% of 8).
Train Loss: output=0.1664, reconstruction=0.2593
Epoch [30/400]
batch = 0 (Δ=0.247s, 100.00%)
Training throughput: 1 batches in 0.246s; word units 100.0% of 8 words (letters-only 100.0% of 8).
Train Loss: output=0.1634, reconstruction=0.2593
Epoch [31/400]
batch = 0 (Δ=0.244s, 100.00%)
Training throughput: 1 batches in 0.244s; word units 100.0% of 8 words (letters-only 100.0% of 8).
Train Loss: output=0.1596, reconstruction=0.2593
Epoch [32/400]
batch = 0 (Δ=0.243s, 100.00%)
Training throughput: 1 batches in 0.243s; word units 100.0% of 8 words (letters-only 100.0% of 8).
Train Loss: output=0.1553, reconstruction=0.2593
Epoch [33/400]
batch = 0 (Δ=0.245s, 100.00%)
Training throughput: 1 batches in 0.244s; word units 100.0% of 8 words (letters-only 100.0% of 8).
Train Loss: output=0.1497, reconstruction=0.2593
Epoch [34/400]
batch = 0 (Δ=0.245s, 100.00%)
Training throughput: 1 batches in 0.244s; word units 100.0% of 8 words (letters-only 100.0% of 8).
Train Loss: output=0.1430, reconstruction=0.2593
Epoch [35/400]
batch = 0 (Δ=0.247s, 100.00%)
Training throughput: 1 batches in 0.246s; word units 100.0% of 8 words (letters-only 100.0% of 8).
Train Loss: output=0.1350, reconstruction=0.2593
Epoch [36/400]
batch = 0 (Δ=0.244s, 100.00%)
Training throughput: 1 batches in 0.243s; word units 100.0% of 8 words (letters-only 100.0% of 8).
Train Loss: output=0.1262, reconstruction=0.2593
Epoch [37/400]
batch = 0 (Δ=0.250s, 100.00%)
Training throughput: 1 batches in 0.250s; word units 100.0% of 8 words (letters-only 100.0% of 8).
Train Loss: output=0.1160, reconstruction=0.2593
Epoch [38/400]
batch = 0 (Δ=0.245s, 100.00%)
Training throughput: 1 batches in 0.244s; word units 100.0% of 8 words (letters-only 100.0% of 8).
Train Loss: output=0.1003, reconstruction=0.2593
Epoch [39/400]
batch = 0 (Δ=0.244s, 100.00%)
Training throughput: 1 batches in 0.244s; word units 100.0% of 8 words (letters-only 100.0% of 8).
Train Loss: output=0.0815, reconstruction=0.2593
Epoch [40/400]
batch = 0 (Δ=0.245s, 100.00%)
Training throughput: 1 batches in 0.245s; word units 100.0% of 8 words (letters-only 100.0% of 8).
Train Loss: output=0.0591, reconstruction=0.2593
Epoch [41/400]
batch = 0 (Δ=0.247s, 100.00%)
Training throughput: 1 batches in 0.246s; word units 100.0% of 8 words (letters-only 100.0% of 8).
Train Loss: output=0.0441, reconstruction=0.2593
Epoch [42/400]
batch = 0 (Δ=0.326s, 100.00%)
Training throughput: 1 batches in 0.326s; word units 100.0% of 8 words (letters-only 100.0% of 8).
Train Loss: output=0.0275, reconstruction=0.2593
Epoch [43/400]
batch = 0 (Δ=0.243s, 100.00%)
Training throughput: 1 batches in 0.242s; word units 100.0% of 8 words (letters-only 100.0% of 8).
Train Loss: output=0.0170, reconstruction=0.2593
Epoch [44/400]
batch = 0 (Δ=0.242s, 100.00%)
Training throughput: 1 batches in 0.242s; word units 100.0% of 8 words (letters-only 100.0% of 8).
Train Loss: output=0.0110, reconstruction=0.2593
Epoch [45/400]
batch = 0 (Δ=0.246s, 100.00%)
Training throughput: 1 batches in 0.245s; word units 100.0% of 8 words (letters-only 100.0% of 8).
Train Loss: output=0.0082, reconstruction=0.2593
Epoch [46/400]
batch = 0 (Δ=0.247s, 100.00%)
Training throughput: 1 batches in 0.246s; word units 100.0% of 8 words (letters-only 100.0% of 8).
Train Loss: output=0.0103, reconstruction=0.2593
Epoch [47/400]
batch = 0 (Δ=0.244s, 100.00%)
Training throughput: 1 batches in 0.244s; word units 100.0% of 8 words (letters-only 100.0% of 8).
Train Loss: output=0.0179, reconstruction=0.2593
Epoch [48/400]
batch = 0 (Δ=0.246s, 100.00%)
Training throughput: 1 batches in 0.245s; word units 100.0% of 8 words (letters-only 100.0% of 8).
Train Loss: output=0.0212, reconstruction=0.2593
Epoch [49/400]
batch = 0 (Δ=0.246s, 100.00%)
Training throughput: 1 batches in 0.245s; word units 100.0% of 8 words (letters-only 100.0% of 8).
Train Loss: output=0.0172, reconstruction=0.2593
Epoch [50/400]
batch = 0 (Δ=0.248s, 100.00%)
Training throughput: 1 batches in 0.248s; word units 100.0% of 8 words (letters-only 100.0% of 8).
Train Loss: output=0.0074, reconstruction=0.2593
Epoch [51/400]
batch = 0 (Δ=0.246s, 100.00%)
Training throughput: 1 batches in 0.246s; word units 100.0% of 8 words (letters-only 100.0% of 8).
Train Loss: output=0.0061, reconstruction=0.2593
Epoch [52/400]
batch = 0 (Δ=0.242s, 100.00%)
Training throughput: 1 batches in 0.241s; word units 100.0% of 8 words (letters-only 100.0% of 8).
Train Loss: output=0.0053, reconstruction=0.2593
Epoch [53/400]
batch = 0 (Δ=0.244s, 100.00%)
Training throughput: 1 batches in 0.243s; word units 100.0% of 8 words (letters-only 100.0% of 8).
Train Loss: output=0.0047, reconstruction=0.2593
Epoch [54/400]
batch = 0 (Δ=0.246s, 100.00%)
Training throughput: 1 batches in 0.245s; word units 100.0% of 8 words (letters-only 100.0% of 8).
Train Loss: output=0.0048, reconstruction=0.2593
Epoch [55/400]
batch = 0 (Δ=0.323s, 100.00%)
Training throughput: 1 batches in 0.322s; word units 100.0% of 8 words (letters-only 100.0% of 8).
Train Loss: output=0.0122, reconstruction=0.2593
Epoch [56/400]
batch = 0 (Δ=0.247s, 100.00%)
Training throughput: 1 batches in 0.246s; word units 100.0% of 8 words (letters-only 100.0% of 8).
Train Loss: output=0.0181, reconstruction=0.2593
Epoch [57/400]
batch = 0 (Δ=0.243s, 100.00%)
Training throughput: 1 batches in 0.242s; word units 100.0% of 8 words (letters-only 100.0% of 8).
Train Loss: output=0.0110, reconstruction=0.2593
Epoch [58/400]
batch = 0 (Δ=0.242s, 100.00%)
Training throughput: 1 batches in 0.242s; word units 100.0% of 8 words (letters-only 100.0% of 8).
Train Loss: output=0.0039, reconstruction=0.2593
Epoch [59/400]
batch = 0 (Δ=0.243s, 100.00%)
Training throughput: 1 batches in 0.243s; word units 100.0% of 8 words (letters-only 100.0% of 8).
Train Loss: output=0.0005, reconstruction=0.2593
Epoch [60/400]
batch = 0 (Δ=0.248s, 100.00%)
Training throughput: 1 batches in 0.247s; word units 100.0% of 8 words (letters-only 100.0% of 8).
Train Loss: output=0.0025, reconstruction=0.2593
Epoch [61/400]
batch = 0 (Δ=0.243s, 100.00%)
Training throughput: 1 batches in 0.243s; word units 100.0% of 8 words (letters-only 100.0% of 8).
Train Loss: output=0.0020, reconstruction=0.2593
Epoch [62/400]
batch = 0 (Δ=0.244s, 100.00%)
Training throughput: 1 batches in 0.244s; word units 100.0% of 8 words (letters-only 100.0% of 8).
Train Loss: output=0.0009, reconstruction=0.2593
Epoch [63/400]
batch = 0 (Δ=0.250s, 100.00%)
Training throughput: 1 batches in 0.250s; word units 100.0% of 8 words (letters-only 100.0% of 8).
Train Loss: output=0.0028, reconstruction=0.2593
Epoch [64/400]
batch = 0 (Δ=0.246s, 100.00%)
Training throughput: 1 batches in 0.245s; word units 100.0% of 8 words (letters-only 100.0% of 8).
Train Loss: output=0.0054, reconstruction=0.2593
Epoch [65/400]
batch = 0 (Δ=0.245s, 100.00%)
Training throughput: 1 batches in 0.245s; word units 100.0% of 8 words (letters-only 100.0% of 8).
Train Loss: output=0.0071, reconstruction=0.2593
Epoch [66/400]
batch = 0 (Δ=0.246s, 100.00%)
Training throughput: 1 batches in 0.246s; word units 100.0% of 8 words (letters-only 100.0% of 8).
Train Loss: output=0.0045, reconstruction=0.2593
Epoch [67/400]
batch = 0 (Δ=0.246s, 100.00%)
Training throughput: 1 batches in 0.246s; word units 100.0% of 8 words (letters-only 100.0% of 8).
Train Loss: output=0.0007, reconstruction=0.2593
Epoch [68/400]
batch = 0 (Δ=0.245s, 100.00%)
Training throughput: 1 batches in 0.244s; word units 100.0% of 8 words (letters-only 100.0% of 8).
Train Loss: output=0.0019, reconstruction=0.2593
Epoch [69/400]
batch = 0 (Δ=0.322s, 100.00%)
Training throughput: 1 batches in 0.322s; word units 100.0% of 8 words (letters-only 100.0% of 8).
Train Loss: output=0.0029, reconstruction=0.2593
Epoch [70/400]
batch = 0 (Δ=0.247s, 100.00%)
Training throughput: 1 batches in 0.246s; word units 100.0% of 8 words (letters-only 100.0% of 8).
Train Loss: output=0.0010, reconstruction=0.2593
Epoch [71/400]
batch = 0 (Δ=0.243s, 100.00%)
Training throughput: 1 batches in 0.243s; word units 100.0% of 8 words (letters-only 100.0% of 8).
Train Loss: output=0.0011, reconstruction=0.2593
Epoch [72/400]
batch = 0 (Δ=0.246s, 100.00%)
Training throughput: 1 batches in 0.245s; word units 100.0% of 8 words (letters-only 100.0% of 8).
Train Loss: output=0.0046, reconstruction=0.2593
Epoch [73/400]
batch = 0 (Δ=0.245s, 100.00%)
Training throughput: 1 batches in 0.245s; word units 100.0% of 8 words (letters-only 100.0% of 8).
Train Loss: output=0.0048, reconstruction=0.2593
Epoch [74/400]
batch = 0 (Δ=0.245s, 100.00%)
Training throughput: 1 batches in 0.245s; word units 100.0% of 8 words (letters-only 100.0% of 8).
Train Loss: output=0.0014, reconstruction=0.2593
Epoch [75/400]
batch = 0 (Δ=0.244s, 100.00%)
Training throughput: 1 batches in 0.243s; word units 100.0% of 8 words (letters-only 100.0% of 8).
Train Loss: output=0.0018, reconstruction=0.2593
Epoch [76/400]
batch = 0 (Δ=0.248s, 100.00%)
Training throughput: 1 batches in 0.248s; word units 100.0% of 8 words (letters-only 100.0% of 8).
Train Loss: output=0.0019, reconstruction=0.2593
Epoch [77/400]
batch = 0 (Δ=0.245s, 100.00%)
Training throughput: 1 batches in 0.244s; word units 100.0% of 8 words (letters-only 100.0% of 8).
Train Loss: output=0.0011, reconstruction=0.2593
Epoch [78/400]
batch = 0 (Δ=0.246s, 100.00%)
Training throughput: 1 batches in 0.245s; word units 100.0% of 8 words (letters-only 100.0% of 8).
Train Loss: output=0.0036, reconstruction=0.2593
Epoch [79/400]
batch = 0 (Δ=0.244s, 100.00%)
Training throughput: 1 batches in 0.244s; word units 100.0% of 8 words (letters-only 100.0% of 8).
Train Loss: output=0.0009, reconstruction=0.2593
Epoch [80/400]
batch = 0 (Δ=0.246s, 100.00%)
Training throughput: 1 batches in 0.245s; word units 100.0% of 8 words (letters-only 100.0% of 8).
Train Loss: output=0.0054, reconstruction=0.2593
Epoch [81/400]
batch = 0 (Δ=0.246s, 100.00%)
Training throughput: 1 batches in 0.245s; word units 100.0% of 8 words (letters-only 100.0% of 8).
Train Loss: output=0.0081, reconstruction=0.2593
Epoch [82/400]
batch = 0 (Δ=0.244s, 100.00%)
Training throughput: 1 batches in 0.243s; word units 100.0% of 8 words (letters-only 100.0% of 8).
Train Loss: output=0.0114, reconstruction=0.2593
Epoch [83/400]
batch = 0 (Δ=0.321s, 100.00%)
Training throughput: 1 batches in 0.320s; word units 100.0% of 8 words (letters-only 100.0% of 8).
Train Loss: output=0.0108, reconstruction=0.2593
Epoch [84/400]
batch = 0 (Δ=0.243s, 100.00%)
Training throughput: 1 batches in 0.243s; word units 100.0% of 8 words (letters-only 100.0% of 8).
Train Loss: output=0.0389, reconstruction=0.2593
Epoch [85/400]
batch = 0 (Δ=0.245s, 100.00%)
Training throughput: 1 batches in 0.244s; word units 100.0% of 8 words (letters-only 100.0% of 8).
Train Loss: output=0.0220, reconstruction=0.2593
Epoch [86/400]
batch = 0 (Δ=0.244s, 100.00%)
Training throughput: 1 batches in 0.244s; word units 100.0% of 8 words (letters-only 100.0% of 8).
Train Loss: output=0.0031, reconstruction=0.2593
Epoch [87/400]
batch = 0 (Δ=0.245s, 100.00%)
Training throughput: 1 batches in 0.245s; word units 100.0% of 8 words (letters-only 100.0% of 8).
Train Loss: output=0.0043, reconstruction=0.2593
Epoch [88/400]
batch = 0 (Δ=0.244s, 100.00%)
Training throughput: 1 batches in 0.244s; word units 100.0% of 8 words (letters-only 100.0% of 8).
Train Loss: output=0.0153, reconstruction=0.2593
Epoch [89/400]
batch = 0 (Δ=0.245s, 100.00%)
Training throughput: 1 batches in 0.245s; word units 100.0% of 8 words (letters-only 100.0% of 8).
Train Loss: output=0.0351, reconstruction=0.2593
Epoch [90/400]
batch = 0 (Δ=0.248s, 100.00%)
Training throughput: 1 batches in 0.247s; word units 100.0% of 8 words (letters-only 100.0% of 8).
Train Loss: output=0.0051, reconstruction=0.2593
Epoch [91/400]
batch = 0 (Δ=0.245s, 100.00%)
Training throughput: 1 batches in 0.244s; word units 100.0% of 8 words (letters-only 100.0% of 8).
Train Loss: output=0.0185, reconstruction=0.2593
Epoch [92/400]
batch = 0 (Δ=0.244s, 100.00%)
Training throughput: 1 batches in 0.244s; word units 100.0% of 8 words (letters-only 100.0% of 8).
Train Loss: output=0.0515, reconstruction=0.2593
Epoch [93/400]
batch = 0 (Δ=0.246s, 100.00%)
Training throughput: 1 batches in 0.245s; word units 100.0% of 8 words (letters-only 100.0% of 8).
Train Loss: output=0.0240, reconstruction=0.2593
Epoch [94/400]
batch = 0 (Δ=0.245s, 100.00%)
Training throughput: 1 batches in 0.244s; word units 100.0% of 8 words (letters-only 100.0% of 8).
Train Loss: output=0.0238, reconstruction=0.2593
Epoch [95/400]
batch = 0 (Δ=0.244s, 100.00%)
Training throughput: 1 batches in 0.243s; word units 100.0% of 8 words (letters-only 100.0% of 8).
Train Loss: output=0.0692, reconstruction=0.2593
Epoch [96/400]
batch = 0 (Δ=0.245s, 100.00%)
Training throughput: 1 batches in 0.244s; word units 100.0% of 8 words (letters-only 100.0% of 8).
Train Loss: output=0.1703, reconstruction=0.2593
Epoch [97/400]
batch = 0 (Δ=0.328s, 100.00%)
Training throughput: 1 batches in 0.327s; word units 100.0% of 8 words (letters-only 100.0% of 8).
Train Loss: output=0.0910, reconstruction=0.2593
Epoch [98/400]
batch = 0 (Δ=0.245s, 100.00%)
Training throughput: 1 batches in 0.244s; word units 100.0% of 8 words (letters-only 100.0% of 8).
Train Loss: output=0.0099, reconstruction=0.2593
Epoch [99/400]
batch = 0 (Δ=0.245s, 100.00%)
Training throughput: 1 batches in 0.245s; word units 100.0% of 8 words (letters-only 100.0% of 8).
Train Loss: output=0.0818, reconstruction=0.2593
Epoch [100/400]
batch = 0 (Δ=0.246s, 100.00%)
Training throughput: 1 batches in 0.245s; word units 100.0% of 8 words (letters-only 100.0% of 8).
Train Loss: output=0.6171, reconstruction=0.2593
Epoch [101/400]
batch = 0 (Δ=0.245s, 100.00%)
Training throughput: 1 batches in 0.245s; word units 100.0% of 8 words (letters-only 100.0% of 8).
Train Loss: output=0.5757, reconstruction=0.2593
Epoch [102/400]
batch = 0 (Δ=0.246s, 100.00%)
Training throughput: 1 batches in 0.245s; word units 100.0% of 8 words (letters-only 100.0% of 8).
Train Loss: output=0.3387, reconstruction=0.2593
Epoch [103/400]
batch = 0 (Δ=0.245s, 100.00%)
Training throughput: 1 batches in 0.244s; word units 100.0% of 8 words (letters-only 100.0% of 8).
Train Loss: output=0.1436, reconstruction=0.2593
Epoch [104/400]
batch = 0 (Δ=0.248s, 100.00%)
Training throughput: 1 batches in 0.248s; word units 100.0% of 8 words (letters-only 100.0% of 8).
Train Loss: output=0.2970, reconstruction=0.2593
Epoch [105/400]
batch = 0 (Δ=0.245s, 100.00%)
Training throughput: 1 batches in 0.244s; word units 100.0% of 8 words (letters-only 100.0% of 8).
Train Loss: output=0.2757, reconstruction=0.2593
Epoch [106/400]
batch = 0 (Δ=0.250s, 100.00%)
Training throughput: 1 batches in 0.250s; word units 100.0% of 8 words (letters-only 100.0% of 8).
Train Loss: output=0.1409, reconstruction=0.2593
Epoch [107/400]
batch = 0 (Δ=0.247s, 100.00%)
Training throughput: 1 batches in 0.246s; word units 100.0% of 8 words (letters-only 100.0% of 8).
Train Loss: output=0.1803, reconstruction=0.2593
Epoch [108/400]
batch = 0 (Δ=0.248s, 100.00%)
Training throughput: 1 batches in 0.247s; word units 100.0% of 8 words (letters-only 100.0% of 8).
Train Loss: output=0.3110, reconstruction=0.2593
Epoch [109/400]
batch = 0 (Δ=0.247s, 100.00%)
Training throughput: 1 batches in 0.247s; word units 100.0% of 8 words (letters-only 100.0% of 8).
Train Loss: output=0.3283, reconstruction=0.2593
Epoch [110/400]
batch = 0 (Δ=0.245s, 100.00%)
Training throughput: 1 batches in 0.245s; word units 100.0% of 8 words (letters-only 100.0% of 8).
Train Loss: output=0.2100, reconstruction=0.2593
Epoch [111/400]
batch = 0 (Δ=0.323s, 100.00%)
Training throughput: 1 batches in 0.322s; word units 100.0% of 8 words (letters-only 100.0% of 8).
Train Loss: output=0.0749, reconstruction=0.2593
Epoch [112/400]
batch = 0 (Δ=0.247s, 100.00%)
Training throughput: 1 batches in 0.247s; word units 100.0% of 8 words (letters-only 100.0% of 8).
Train Loss: output=0.0805, reconstruction=0.2593
Epoch [113/400]
batch = 0 (Δ=0.245s, 100.00%)
Training throughput: 1 batches in 0.244s; word units 100.0% of 8 words (letters-only 100.0% of 8).
Train Loss: output=0.1087, reconstruction=0.2593
Epoch [114/400]
batch = 0 (Δ=0.246s, 100.00%)
Training throughput: 1 batches in 0.245s; word units 100.0% of 8 words (letters-only 100.0% of 8).
Train Loss: output=0.2289, reconstruction=0.2593
Epoch [115/400]
batch = 0 (Δ=0.246s, 100.00%)
Training throughput: 1 batches in 0.245s; word units 100.0% of 8 words (letters-only 100.0% of 8).
Train Loss: output=0.2151, reconstruction=0.2593
Epoch [116/400]
batch = 0 (Δ=0.248s, 100.00%)
Training throughput: 1 batches in 0.247s; word units 100.0% of 8 words (letters-only 100.0% of 8).
Train Loss: output=0.2154, reconstruction=0.2593
Epoch [117/400]
batch = 0 (Δ=0.246s, 100.00%)
Training throughput: 1 batches in 0.245s; word units 100.0% of 8 words (letters-only 100.0% of 8).
Train Loss: output=0.1689, reconstruction=0.2593
Epoch [118/400]
batch = 0 (Δ=0.245s, 100.00%)
Training throughput: 1 batches in 0.244s; word units 100.0% of 8 words (letters-only 100.0% of 8).
Train Loss: output=0.1622, reconstruction=0.2593
Epoch [119/400]
batch = 0 (Δ=0.245s, 100.00%)
Training throughput: 1 batches in 0.245s; word units 100.0% of 8 words (letters-only 100.0% of 8).
Train Loss: output=0.1178, reconstruction=0.2593
Epoch [120/400]
batch = 0 (Δ=0.244s, 100.00%)
Training throughput: 1 batches in 0.244s; word units 100.0% of 8 words (letters-only 100.0% of 8).
Train Loss: output=0.1542, reconstruction=0.2593
Epoch [121/400]
batch = 0 (Δ=0.244s, 100.00%)
Training throughput: 1 batches in 0.243s; word units 100.0% of 8 words (letters-only 100.0% of 8).
Train Loss: output=0.2404, reconstruction=0.2593
Epoch [122/400]
batch = 0 (Δ=0.245s, 100.00%)
Training throughput: 1 batches in 0.245s; word units 100.0% of 8 words (letters-only 100.0% of 8).
Train Loss: output=0.2031, reconstruction=0.2593
Epoch [123/400]
batch = 0 (Δ=0.245s, 100.00%)
Training throughput: 1 batches in 0.244s; word units 100.0% of 8 words (letters-only 100.0% of 8).
Train Loss: output=0.1912, reconstruction=0.2593
Epoch [124/400]
batch = 0 (Δ=0.324s, 100.00%)
Training throughput: 1 batches in 0.323s; word units 100.0% of 8 words (letters-only 100.0% of 8).
Train Loss: output=0.1611, reconstruction=0.2593
Epoch [125/400]
batch = 0 (Δ=0.245s, 100.00%)
Training throughput: 1 batches in 0.245s; word units 100.0% of 8 words (letters-only 100.0% of 8).
Train Loss: output=0.1489, reconstruction=0.2593
Epoch [126/400]
batch = 0 (Δ=0.243s, 100.00%)
Training throughput: 1 batches in 0.242s; word units 100.0% of 8 words (letters-only 100.0% of 8).
Train Loss: output=0.1054, reconstruction=0.2593
Epoch [127/400]
batch = 0 (Δ=0.245s, 100.00%)
Training throughput: 1 batches in 0.244s; word units 100.0% of 8 words (letters-only 100.0% of 8).
Train Loss: output=0.1881, reconstruction=0.2593
Epoch [128/400]
batch = 0 (Δ=0.247s, 100.00%)
Training throughput: 1 batches in 0.246s; word units 100.0% of 8 words (letters-only 100.0% of 8).
Train Loss: output=0.2075, reconstruction=0.2593
Epoch [129/400]
batch = 0 (Δ=0.243s, 100.00%)
Training throughput: 1 batches in 0.243s; word units 100.0% of 8 words (letters-only 100.0% of 8).
Train Loss: output=0.1875, reconstruction=0.2593
Epoch [130/400]
batch = 0 (Δ=0.247s, 100.00%)
Training throughput: 1 batches in 0.247s; word units 100.0% of 8 words (letters-only 100.0% of 8).
Train Loss: output=0.1720, reconstruction=0.2593
Epoch [131/400]
batch = 0 (Δ=0.247s, 100.00%)
Training throughput: 1 batches in 0.246s; word units 100.0% of 8 words (letters-only 100.0% of 8).
Train Loss: output=0.1495, reconstruction=0.2593
Epoch [132/400]
batch = 0 (Δ=0.246s, 100.00%)
Training throughput: 1 batches in 0.245s; word units 100.0% of 8 words (letters-only 100.0% of 8).
Train Loss: output=0.1437, reconstruction=0.2593
Epoch [133/400]
batch = 0 (Δ=0.245s, 100.00%)
Training throughput: 1 batches in 0.244s; word units 100.0% of 8 words (letters-only 100.0% of 8).
Train Loss: output=0.1586, reconstruction=0.2593
Epoch [134/400]
batch = 0 (Δ=0.247s, 100.00%)
Training throughput: 1 batches in 0.246s; word units 100.0% of 8 words (letters-only 100.0% of 8).
Train Loss: output=0.1740, reconstruction=0.2593
Epoch [135/400]
batch = 0 (Δ=0.247s, 100.00%)
Training throughput: 1 batches in 0.246s; word units 100.0% of 8 words (letters-only 100.0% of 8).
Train Loss: output=0.1806, reconstruction=0.2593
Epoch [136/400]
batch = 0 (Δ=0.248s, 100.00%)
Training throughput: 1 batches in 0.247s; word units 100.0% of 8 words (letters-only 100.0% of 8).
Train Loss: output=0.1761, reconstruction=0.2593
Epoch [137/400]
batch = 0 (Δ=0.246s, 100.00%)
Training throughput: 1 batches in 0.245s; word units 100.0% of 8 words (letters-only 100.0% of 8).
Train Loss: output=0.1687, reconstruction=0.2593
Epoch [138/400]
batch = 0 (Δ=0.325s, 100.00%)
Training throughput: 1 batches in 0.325s; word units 100.0% of 8 words (letters-only 100.0% of 8).
Train Loss: output=0.1506, reconstruction=0.2593
Epoch [139/400]
batch = 0 (Δ=0.248s, 100.00%)
Training throughput: 1 batches in 0.247s; word units 100.0% of 8 words (letters-only 100.0% of 8).
Train Loss: output=0.1569, reconstruction=0.2593
Epoch [140/400]
batch = 0 (Δ=0.246s, 100.00%)
Training throughput: 1 batches in 0.245s; word units 100.0% of 8 words (letters-only 100.0% of 8).
Train Loss: output=0.1703, reconstruction=0.2593
Epoch [141/400]
batch = 0 (Δ=0.248s, 100.00%)
Training throughput: 1 batches in 0.248s; word units 100.0% of 8 words (letters-only 100.0% of 8).
Train Loss: output=0.1721, reconstruction=0.2593
Epoch [142/400]
batch = 0 (Δ=0.248s, 100.00%)
Training throughput: 1 batches in 0.247s; word units 100.0% of 8 words (letters-only 100.0% of 8).
Train Loss: output=0.1733, reconstruction=0.2593
Epoch [143/400]
batch = 0 (Δ=0.244s, 100.00%)
Training throughput: 1 batches in 0.244s; word units 100.0% of 8 words (letters-only 100.0% of 8).
Train Loss: output=0.1713, reconstruction=0.2593
Epoch [144/400]
batch = 0 (Δ=0.244s, 100.00%)
Training throughput: 1 batches in 0.244s; word units 100.0% of 8 words (letters-only 100.0% of 8).
Train Loss: output=0.1668, reconstruction=0.2593
Epoch [145/400]
batch = 0 (Δ=0.250s, 100.00%)
Training throughput: 1 batches in 0.249s; word units 100.0% of 8 words (letters-only 100.0% of 8).
Train Loss: output=0.1600, reconstruction=0.2593
Epoch [146/400]
batch = 0 (Δ=0.247s, 100.00%)
Training throughput: 1 batches in 0.247s; word units 100.0% of 8 words (letters-only 100.0% of 8).
Train Loss: output=0.1685, reconstruction=0.2593
Epoch [147/400]
batch = 0 (Δ=0.248s, 100.00%)
Training throughput: 1 batches in 0.248s; word units 100.0% of 8 words (letters-only 100.0% of 8).
Train Loss: output=0.1705, reconstruction=0.2593
Epoch [148/400]
batch = 0 (Δ=0.244s, 100.00%)
Training throughput: 1 batches in 0.243s; word units 100.0% of 8 words (letters-only 100.0% of 8).
Train Loss: output=0.1718, reconstruction=0.2593
Epoch [149/400]
batch = 0 (Δ=0.247s, 100.00%)
Training throughput: 1 batches in 0.247s; word units 100.0% of 8 words (letters-only 100.0% of 8).
Train Loss: output=0.1709, reconstruction=0.2593
Epoch [150/400]
batch = 0 (Δ=0.248s, 100.00%)
Training throughput: 1 batches in 0.248s; word units 100.0% of 8 words (letters-only 100.0% of 8).
Train Loss: output=0.1693, reconstruction=0.2593
Epoch [151/400]
batch = 0 (Δ=0.325s, 100.00%)
Training throughput: 1 batches in 0.324s; word units 100.0% of 8 words (letters-only 100.0% of 8).
Train Loss: output=0.1659, reconstruction=0.2593
Epoch [152/400]
batch = 0 (Δ=0.245s, 100.00%)
Training throughput: 1 batches in 0.244s; word units 100.0% of 8 words (letters-only 100.0% of 8).
Train Loss: output=0.1676, reconstruction=0.2593
Epoch [153/400]
batch = 0 (Δ=0.248s, 100.00%)
Training throughput: 1 batches in 0.247s; word units 100.0% of 8 words (letters-only 100.0% of 8).
Train Loss: output=0.1694, reconstruction=0.2593
Epoch [154/400]
batch = 0 (Δ=0.247s, 100.00%)
Training throughput: 1 batches in 0.246s; word units 100.0% of 8 words (letters-only 100.0% of 8).
Train Loss: output=0.1706, reconstruction=0.2593
Epoch [155/400]
batch = 0 (Δ=0.246s, 100.00%)
Training throughput: 1 batches in 0.246s; word units 100.0% of 8 words (letters-only 100.0% of 8).
Train Loss: output=0.1704, reconstruction=0.2593
Epoch [156/400]
batch = 0 (Δ=0.250s, 100.00%)
Training throughput: 1 batches in 0.249s; word units 100.0% of 8 words (letters-only 100.0% of 8).
Train Loss: output=0.1693, reconstruction=0.2593
Epoch [157/400]
batch = 0 (Δ=0.246s, 100.00%)
Training throughput: 1 batches in 0.245s; word units 100.0% of 8 words (letters-only 100.0% of 8).
Train Loss: output=0.1678, reconstruction=0.2593
Epoch [158/400]
batch = 0 (Δ=0.248s, 100.00%)
Training throughput: 1 batches in 0.247s; word units 100.0% of 8 words (letters-only 100.0% of 8).
Train Loss: output=0.1672, reconstruction=0.2593
Epoch [159/400]
batch = 0 (Δ=0.249s, 100.00%)
Training throughput: 1 batches in 0.248s; word units 100.0% of 8 words (letters-only 100.0% of 8).
Train Loss: output=0.1688, reconstruction=0.2593
Epoch [160/400]
batch = 0 (Δ=0.247s, 100.00%)
Training throughput: 1 batches in 0.246s; word units 100.0% of 8 words (letters-only 100.0% of 8).
Train Loss: output=0.1696, reconstruction=0.2593
Epoch [161/400]
batch = 0 (Δ=0.245s, 100.00%)
Training throughput: 1 batches in 0.244s; word units 100.0% of 8 words (letters-only 100.0% of 8).
Train Loss: output=0.1698, reconstruction=0.2593
Epoch [162/400]
batch = 0 (Δ=0.250s, 100.00%)
Training throughput: 1 batches in 0.249s; word units 100.0% of 8 words (letters-only 100.0% of 8).
Train Loss: output=0.1688, reconstruction=0.2593
Epoch [163/400]
batch = 0 (Δ=0.245s, 100.00%)
Training throughput: 1 batches in 0.244s; word units 100.0% of 8 words (letters-only 100.0% of 8).
Train Loss: output=0.1682, reconstruction=0.2593
Epoch [164/400]
batch = 0 (Δ=0.327s, 100.00%)
Training throughput: 1 batches in 0.327s; word units 100.0% of 8 words (letters-only 100.0% of 8).
Train Loss: output=0.1669, reconstruction=0.2593
Epoch [165/400]
batch = 0 (Δ=0.247s, 100.00%)
Training throughput: 1 batches in 0.246s; word units 100.0% of 8 words (letters-only 100.0% of 8).
Train Loss: output=0.1681, reconstruction=0.2593
Epoch [166/400]
batch = 0 (Δ=0.247s, 100.00%)
Training throughput: 1 batches in 0.247s; word units 100.0% of 8 words (letters-only 100.0% of 8).
Train Loss: output=0.1687, reconstruction=0.2593
Epoch [167/400]
batch = 0 (Δ=0.245s, 100.00%)
Training throughput: 1 batches in 0.245s; word units 100.0% of 8 words (letters-only 100.0% of 8).
Train Loss: output=0.1699, reconstruction=0.2593
Epoch [168/400]
batch = 0 (Δ=0.246s, 100.00%)
Training throughput: 1 batches in 0.247s; word units 100.0% of 8 words (letters-only 100.0% of 8).
Train Loss: output=0.1682, reconstruction=0.2593
Epoch [169/400]
batch = 0 (Δ=0.253s, 100.00%)
Training throughput: 1 batches in 0.252s; word units 100.0% of 8 words (letters-only 100.0% of 8).
Train Loss: output=0.1680, reconstruction=0.2593
Epoch [170/400]
batch = 0 (Δ=0.252s, 100.00%)
Training throughput: 1 batches in 0.252s; word units 100.0% of 8 words (letters-only 100.0% of 8).
Train Loss: output=0.1668, reconstruction=0.2593
Epoch [171/400]
batch = 0 (Δ=0.228s, 100.00%)
Training throughput: 1 batches in 0.226s; word units 100.0% of 8 words (letters-only 100.0% of 8).
Train Loss: output=0.1675, reconstruction=0.2593
Epoch [172/400]
batch = 0 (Δ=0.222s, 100.00%)
Training throughput: 1 batches in 0.221s; word units 100.0% of 8 words (letters-only 100.0% of 8).
Train Loss: output=0.1678, reconstruction=0.2593
Epoch [173/400]
batch = 0 (Δ=0.220s, 100.00%)
Training throughput: 1 batches in 0.220s; word units 100.0% of 8 words (letters-only 100.0% of 8).
Train Loss: output=0.1704, reconstruction=0.2593
Epoch [174/400]
batch = 0 (Δ=0.225s, 100.00%)
Training throughput: 1 batches in 0.224s; word units 100.0% of 8 words (letters-only 100.0% of 8).
Train Loss: output=0.1682, reconstruction=0.2593
Epoch [175/400]
batch = 0 (Δ=0.228s, 100.00%)
Training throughput: 1 batches in 0.228s; word units 100.0% of 8 words (letters-only 100.0% of 8).
Train Loss: output=0.1673, reconstruction=0.2593
Epoch [176/400]
batch = 0 (Δ=0.247s, 100.00%)
Training throughput: 1 batches in 0.246s; word units 100.0% of 8 words (letters-only 100.0% of 8).
Train Loss: output=0.1669, reconstruction=0.2593
Epoch [177/400]
batch = 0 (Δ=0.326s, 100.00%)
Training throughput: 1 batches in 0.326s; word units 100.0% of 8 words (letters-only 100.0% of 8).
Train Loss: output=0.1670, reconstruction=0.2593
Epoch [178/400]
batch = 0 (Δ=0.244s, 100.00%)
Training throughput: 1 batches in 0.244s; word units 100.0% of 8 words (letters-only 100.0% of 8).
Train Loss: output=0.1672, reconstruction=0.2593
Epoch [179/400]
batch = 0 (Δ=0.246s, 100.00%)
Training throughput: 1 batches in 0.246s; word units 100.0% of 8 words (letters-only 100.0% of 8).
Train Loss: output=0.1698, reconstruction=0.2593
Epoch [180/400]
batch = 0 (Δ=0.245s, 100.00%)
Training throughput: 1 batches in 0.244s; word units 100.0% of 8 words (letters-only 100.0% of 8).
Train Loss: output=0.1684, reconstruction=0.2593
Epoch [181/400]
batch = 0 (Δ=0.245s, 100.00%)
Training throughput: 1 batches in 0.244s; word units 100.0% of 8 words (letters-only 100.0% of 8).
Train Loss: output=0.1667, reconstruction=0.2593
Epoch [182/400]
batch = 0 (Δ=0.246s, 100.00%)
Training throughput: 1 batches in 0.246s; word units 100.0% of 8 words (letters-only 100.0% of 8).
Train Loss: output=0.1671, reconstruction=0.2593
Epoch [183/400]
batch = 0 (Δ=0.248s, 100.00%)
Training throughput: 1 batches in 0.247s; word units 100.0% of 8 words (letters-only 100.0% of 8).
Train Loss: output=0.1665, reconstruction=0.2593
Epoch [184/400]
batch = 0 (Δ=0.246s, 100.00%)
Training throughput: 1 batches in 0.245s; word units 100.0% of 8 words (letters-only 100.0% of 8).
Train Loss: output=0.1668, reconstruction=0.2593
Epoch [185/400]
batch = 0 (Δ=0.244s, 100.00%)
Training throughput: 1 batches in 0.244s; word units 100.0% of 8 words (letters-only 100.0% of 8).
Train Loss: output=0.1682, reconstruction=0.2593
Epoch [186/400]
batch = 0 (Δ=0.249s, 100.00%)
Training throughput: 1 batches in 0.249s; word units 100.0% of 8 words (letters-only 100.0% of 8).
Train Loss: output=0.1699, reconstruction=0.2593
Epoch [187/400]
batch = 0 (Δ=0.245s, 100.00%)
Training throughput: 1 batches in 0.244s; word units 100.0% of 8 words (letters-only 100.0% of 8).
Train Loss: output=0.1657, reconstruction=0.2593
Epoch [188/400]
batch = 0 (Δ=0.248s, 100.00%)
Training throughput: 1 batches in 0.247s; word units 100.0% of 8 words (letters-only 100.0% of 8).
Train Loss: output=0.1671, reconstruction=0.2593
Epoch [189/400]
batch = 0 (Δ=0.245s, 100.00%)
Training throughput: 1 batches in 0.244s; word units 100.0% of 8 words (letters-only 100.0% of 8).
Train Loss: output=0.1663, reconstruction=0.2593
Epoch [190/400]
batch = 0 (Δ=0.327s, 100.00%)
Training throughput: 1 batches in 0.326s; word units 100.0% of 8 words (letters-only 100.0% of 8).
Train Loss: output=0.1665, reconstruction=0.2593
Epoch [191/400]
batch = 0 (Δ=0.247s, 100.00%)
Training throughput: 1 batches in 0.246s; word units 100.0% of 8 words (letters-only 100.0% of 8).
Train Loss: output=0.1663, reconstruction=0.2593
Epoch [192/400]
batch = 0 (Δ=0.249s, 100.00%)
Training throughput: 1 batches in 0.249s; word units 100.0% of 8 words (letters-only 100.0% of 8).
Train Loss: output=0.1712, reconstruction=0.2593
Epoch [193/400]
batch = 0 (Δ=0.246s, 100.00%)
Training throughput: 1 batches in 0.246s; word units 100.0% of 8 words (letters-only 100.0% of 8).
Train Loss: output=0.1644, reconstruction=0.2593
Epoch [194/400]
batch = 0 (Δ=0.246s, 100.00%)
Training throughput: 1 batches in 0.245s; word units 100.0% of 8 words (letters-only 100.0% of 8).
Train Loss: output=0.1670, reconstruction=0.2593
Epoch [195/400]
batch = 0 (Δ=0.249s, 100.00%)
Training throughput: 1 batches in 0.248s; word units 100.0% of 8 words (letters-only 100.0% of 8).
Train Loss: output=0.1664, reconstruction=0.2593
Epoch [196/400]
batch = 0 (Δ=0.253s, 100.00%)
Training throughput: 1 batches in 0.253s; word units 100.0% of 8 words (letters-only 100.0% of 8).
Train Loss: output=0.1661, reconstruction=0.2593
Epoch [197/400]
batch = 0 (Δ=0.249s, 100.00%)
Training throughput: 1 batches in 0.248s; word units 100.0% of 8 words (letters-only 100.0% of 8).
Train Loss: output=0.1653, reconstruction=0.2593
Epoch [198/400]
batch = 0 (Δ=0.246s, 100.00%)
Training throughput: 1 batches in 0.246s; word units 100.0% of 8 words (letters-only 100.0% of 8).
Train Loss: output=0.1708, reconstruction=0.2593
Epoch [199/400]
batch = 0 (Δ=0.245s, 100.00%)
Training throughput: 1 batches in 0.245s; word units 100.0% of 8 words (letters-only 100.0% of 8).
Train Loss: output=0.1631, reconstruction=0.2593
Epoch [200/400]
batch = 0 (Δ=0.248s, 100.00%)
Training throughput: 1 batches in 0.247s; word units 100.0% of 8 words (letters-only 100.0% of 8).
Train Loss: output=0.1667, reconstruction=0.2593
Epoch [201/400]
batch = 0 (Δ=0.247s, 100.00%)
Training throughput: 1 batches in 0.247s; word units 100.0% of 8 words (letters-only 100.0% of 8).
Train Loss: output=0.1664, reconstruction=0.2593
Epoch [202/400]
batch = 0 (Δ=0.248s, 100.00%)
Training throughput: 1 batches in 0.247s; word units 100.0% of 8 words (letters-only 100.0% of 8).
Train Loss: output=0.1656, reconstruction=0.2593
Epoch [203/400]
batch = 0 (Δ=0.325s, 100.00%)
Training throughput: 1 batches in 0.324s; word units 100.0% of 8 words (letters-only 100.0% of 8).
Train Loss: output=0.1649, reconstruction=0.2593
Epoch [204/400]
batch = 0 (Δ=0.245s, 100.00%)
Training throughput: 1 batches in 0.245s; word units 100.0% of 8 words (letters-only 100.0% of 8).
Train Loss: output=0.1729, reconstruction=0.2593
Epoch [205/400]
batch = 0 (Δ=0.245s, 100.00%)
Training throughput: 1 batches in 0.245s; word units 100.0% of 8 words (letters-only 100.0% of 8).
Train Loss: output=0.1620, reconstruction=0.2593
Epoch [206/400]
batch = 0 (Δ=0.250s, 100.00%)
Training throughput: 1 batches in 0.250s; word units 100.0% of 8 words (letters-only 100.0% of 8).
Train Loss: output=0.1665, reconstruction=0.2593
Epoch [207/400]
batch = 0 (Δ=0.251s, 100.00%)
Training throughput: 1 batches in 0.250s; word units 100.0% of 8 words (letters-only 100.0% of 8).
Train Loss: output=0.1665, reconstruction=0.2593
Epoch [208/400]
batch = 0 (Δ=0.228s, 100.00%)
Training throughput: 1 batches in 0.227s; word units 100.0% of 8 words (letters-only 100.0% of 8).
Train Loss: output=0.1653, reconstruction=0.2593
Epoch [209/400]
batch = 0 (Δ=0.224s, 100.00%)
Training throughput: 1 batches in 0.224s; word units 100.0% of 8 words (letters-only 100.0% of 8).
Train Loss: output=0.1644, reconstruction=0.2593
Epoch [210/400]
batch = 0 (Δ=0.223s, 100.00%)
Training throughput: 1 batches in 0.222s; word units 100.0% of 8 words (letters-only 100.0% of 8).
Train Loss: output=0.1785, reconstruction=0.2593
Epoch [211/400]
batch = 0 (Δ=0.219s, 100.00%)
Training throughput: 1 batches in 0.218s; word units 100.0% of 8 words (letters-only 100.0% of 8).
Train Loss: output=0.1656, reconstruction=0.2593
Epoch [212/400]
batch = 0 (Δ=0.220s, 100.00%)
Training throughput: 1 batches in 0.220s; word units 100.0% of 8 words (letters-only 100.0% of 8).
Train Loss: output=0.1660, reconstruction=0.2593
Epoch [213/400]
batch = 0 (Δ=0.222s, 100.00%)
Training throughput: 1 batches in 0.221s; word units 100.0% of 8 words (letters-only 100.0% of 8).
Train Loss: output=0.1668, reconstruction=0.2593
Epoch [214/400]
batch = 0 (Δ=0.227s, 100.00%)
Training throughput: 1 batches in 0.227s; word units 100.0% of 8 words (letters-only 100.0% of 8).
Train Loss: output=0.1653, reconstruction=0.2593
Epoch [215/400]
batch = 0 (Δ=0.247s, 100.00%)
Training throughput: 1 batches in 0.247s; word units 100.0% of 8 words (letters-only 100.0% of 8).
Train Loss: output=0.1646, reconstruction=0.2593
Epoch [216/400]
batch = 0 (Δ=0.323s, 100.00%)
Training throughput: 1 batches in 0.322s; word units 100.0% of 8 words (letters-only 100.0% of 8).
Train Loss: output=0.1786, reconstruction=0.2593
Epoch [217/400]
batch = 0 (Δ=0.244s, 100.00%)
Training throughput: 1 batches in 0.243s; word units 100.0% of 8 words (letters-only 100.0% of 8).
Train Loss: output=0.1692, reconstruction=0.2593
Epoch [218/400]
batch = 0 (Δ=0.249s, 100.00%)
Training throughput: 1 batches in 0.248s; word units 100.0% of 8 words (letters-only 100.0% of 8).
Train Loss: output=0.1651, reconstruction=0.2593
Epoch [219/400]
batch = 0 (Δ=0.246s, 100.00%)
Training throughput: 1 batches in 0.246s; word units 100.0% of 8 words (letters-only 100.0% of 8).
Train Loss: output=0.1672, reconstruction=0.2593
Epoch [220/400]
batch = 0 (Δ=0.244s, 100.00%)
Training throughput: 1 batches in 0.244s; word units 100.0% of 8 words (letters-only 100.0% of 8).
Train Loss: output=0.1652, reconstruction=0.2593
Epoch [221/400]
batch = 0 (Δ=0.247s, 100.00%)
Training throughput: 1 batches in 0.246s; word units 100.0% of 8 words (letters-only 100.0% of 8).
Train Loss: output=0.1648, reconstruction=0.2593
Epoch [222/400]
batch = 0 (Δ=0.246s, 100.00%)
Training throughput: 1 batches in 0.246s; word units 100.0% of 8 words (letters-only 100.0% of 8).
Train Loss: output=0.1796, reconstruction=0.2593
Epoch [223/400]
batch = 0 (Δ=0.246s, 100.00%)
Training throughput: 1 batches in 0.246s; word units 100.0% of 8 words (letters-only 100.0% of 8).
Train Loss: output=0.1744, reconstruction=0.2593
Epoch [224/400]
batch = 0 (Δ=0.244s, 100.00%)
Training throughput: 1 batches in 0.243s; word units 100.0% of 8 words (letters-only 100.0% of 8).
Train Loss: output=0.1637, reconstruction=0.2593
Epoch [225/400]
batch = 0 (Δ=0.245s, 100.00%)
Training throughput: 1 batches in 0.245s; word units 100.0% of 8 words (letters-only 100.0% of 8).
Train Loss: output=0.1677, reconstruction=0.2593
Epoch [226/400]
batch = 0 (Δ=0.247s, 100.00%)
Training throughput: 1 batches in 0.247s; word units 100.0% of 8 words (letters-only 100.0% of 8).
Train Loss: output=0.1652, reconstruction=0.2593
Epoch [227/400]
batch = 0 (Δ=0.250s, 100.00%)
Training throughput: 1 batches in 0.249s; word units 100.0% of 8 words (letters-only 100.0% of 8).
Train Loss: output=0.1653, reconstruction=0.2593
Epoch [228/400]
batch = 0 (Δ=0.247s, 100.00%)
Training throughput: 1 batches in 0.247s; word units 100.0% of 8 words (letters-only 100.0% of 8).
Train Loss: output=0.1795, reconstruction=0.2593
Epoch [229/400]
batch = 0 (Δ=0.325s, 100.00%)
Training throughput: 1 batches in 0.325s; word units 100.0% of 8 words (letters-only 100.0% of 8).
Train Loss: output=0.2000, reconstruction=0.2593
Epoch [230/400]
batch = 0 (Δ=0.246s, 100.00%)
Training throughput: 1 batches in 0.245s; word units 100.0% of 8 words (letters-only 100.0% of 8).
Train Loss: output=0.1590, reconstruction=0.2593
Epoch [231/400]
batch = 0 (Δ=0.247s, 100.00%)
Training throughput: 1 batches in 0.247s; word units 100.0% of 8 words (letters-only 100.0% of 8).
Train Loss: output=0.1670, reconstruction=0.2593
Epoch [232/400]
batch = 0 (Δ=0.247s, 100.00%)
Training throughput: 1 batches in 0.246s; word units 100.0% of 8 words (letters-only 100.0% of 8).
Train Loss: output=0.1647, reconstruction=0.2593
Epoch [233/400]
batch = 0 (Δ=0.248s, 100.00%)
Training throughput: 1 batches in 0.247s; word units 100.0% of 8 words (letters-only 100.0% of 8).
Train Loss: output=0.1655, reconstruction=0.2593
Epoch [234/400]
batch = 0 (Δ=0.247s, 100.00%)
Training throughput: 1 batches in 0.246s; word units 100.0% of 8 words (letters-only 100.0% of 8).
Train Loss: output=0.1648, reconstruction=0.2593
Epoch [235/400]
batch = 0 (Δ=0.248s, 100.00%)
Training throughput: 1 batches in 0.247s; word units 100.0% of 8 words (letters-only 100.0% of 8).
Train Loss: output=0.2155, reconstruction=0.2593
Epoch [236/400]
batch = 0 (Δ=0.251s, 100.00%)
Training throughput: 1 batches in 0.250s; word units 100.0% of 8 words (letters-only 100.0% of 8).
Train Loss: output=0.1740, reconstruction=0.2593
Epoch [237/400]
batch = 0 (Δ=0.247s, 100.00%)
Training throughput: 1 batches in 0.246s; word units 100.0% of 8 words (letters-only 100.0% of 8).
Train Loss: output=0.1630, reconstruction=0.2593
Epoch [238/400]
batch = 0 (Δ=0.248s, 100.00%)
Training throughput: 1 batches in 0.248s; word units 100.0% of 8 words (letters-only 100.0% of 8).
Train Loss: output=0.1649, reconstruction=0.2593
Epoch [239/400]
batch = 0 (Δ=0.247s, 100.00%)
Training throughput: 1 batches in 0.247s; word units 100.0% of 8 words (letters-only 100.0% of 8).
Train Loss: output=0.1649, reconstruction=0.2593
Epoch [240/400]
batch = 0 (Δ=0.246s, 100.00%)
Training throughput: 1 batches in 0.245s; word units 100.0% of 8 words (letters-only 100.0% of 8).
Train Loss: output=0.1641, reconstruction=0.2593
Epoch [241/400]
batch = 0 (Δ=0.330s, 100.00%)
Training throughput: 1 batches in 0.330s; word units 100.0% of 8 words (letters-only 100.0% of 8).
Train Loss: output=0.1862, reconstruction=0.2593
Epoch [242/400]
batch = 0 (Δ=0.247s, 100.00%)
Training throughput: 1 batches in 0.247s; word units 100.0% of 8 words (letters-only 100.0% of 8).
Train Loss: output=0.2159, reconstruction=0.2593
Epoch [243/400]
batch = 0 (Δ=0.245s, 100.00%)
Training throughput: 1 batches in 0.244s; word units 100.0% of 8 words (letters-only 100.0% of 8).
Train Loss: output=0.1551, reconstruction=0.2593
Epoch [244/400]
batch = 0 (Δ=0.248s, 100.00%)
Training throughput: 1 batches in 0.248s; word units 100.0% of 8 words (letters-only 100.0% of 8).
Train Loss: output=0.1638, reconstruction=0.2593
Epoch [245/400]
batch = 0 (Δ=0.246s, 100.00%)
Training throughput: 1 batches in 0.246s; word units 100.0% of 8 words (letters-only 100.0% of 8).
Train Loss: output=0.1640, reconstruction=0.2593
Epoch [246/400]
batch = 0 (Δ=0.247s, 100.00%)
Training throughput: 1 batches in 0.247s; word units 100.0% of 8 words (letters-only 100.0% of 8).
Train Loss: output=0.1650, reconstruction=0.2593
Epoch [247/400]
batch = 0 (Δ=0.247s, 100.00%)
Training throughput: 1 batches in 0.246s; word units 100.0% of 8 words (letters-only 100.0% of 8).
Train Loss: output=0.1605, reconstruction=0.2593
Epoch [248/400]
batch = 0 (Δ=0.249s, 100.00%)
Training throughput: 1 batches in 0.248s; word units 100.0% of 8 words (letters-only 100.0% of 8).
Train Loss: output=0.1992, reconstruction=0.2593
Epoch [249/400]
batch = 0 (Δ=0.247s, 100.00%)
Training throughput: 1 batches in 0.246s; word units 100.0% of 8 words (letters-only 100.0% of 8).
Train Loss: output=0.2088, reconstruction=0.2593
Epoch [250/400]
batch = 0 (Δ=0.246s, 100.00%)
Training throughput: 1 batches in 0.246s; word units 100.0% of 8 words (letters-only 100.0% of 8).
Train Loss: output=0.1542, reconstruction=0.2593
Epoch [251/400]
batch = 0 (Δ=0.246s, 100.00%)
Training throughput: 1 batches in 0.245s; word units 100.0% of 8 words (letters-only 100.0% of 8).
Train Loss: output=0.1624, reconstruction=0.2593
Epoch [252/400]
batch = 0 (Δ=0.249s, 100.00%)
Training throughput: 1 batches in 0.249s; word units 100.0% of 8 words (letters-only 100.0% of 8).
Train Loss: output=0.1638, reconstruction=0.2593
Epoch [253/400]
batch = 0 (Δ=0.250s, 100.00%)
Training throughput: 1 batches in 0.249s; word units 100.0% of 8 words (letters-only 100.0% of 8).
Train Loss: output=0.1637, reconstruction=0.2593
Epoch [254/400]
batch = 0 (Δ=0.324s, 100.00%)
Training throughput: 1 batches in 0.324s; word units 100.0% of 8 words (letters-only 100.0% of 8).
Train Loss: output=0.1573, reconstruction=0.2593
Epoch [255/400]
batch = 0 (Δ=0.245s, 100.00%)
Training throughput: 1 batches in 0.244s; word units 100.0% of 8 words (letters-only 100.0% of 8).
Train Loss: output=0.1945, reconstruction=0.2593
Epoch [256/400]
batch = 0 (Δ=0.242s, 100.00%)
Training throughput: 1 batches in 0.242s; word units 100.0% of 8 words (letters-only 100.0% of 8).
Train Loss: output=0.2042, reconstruction=0.2593
Epoch [257/400]
batch = 0 (Δ=0.242s, 100.00%)
Training throughput: 1 batches in 0.242s; word units 100.0% of 8 words (letters-only 100.0% of 8).
Train Loss: output=0.1514, reconstruction=0.2593
Epoch [258/400]
batch = 0 (Δ=0.242s, 100.00%)
Training throughput: 1 batches in 0.241s; word units 100.0% of 8 words (letters-only 100.0% of 8).
Train Loss: output=0.1603, reconstruction=0.2593
Epoch [259/400]
batch = 0 (Δ=0.243s, 100.00%)
Training throughput: 1 batches in 0.242s; word units 100.0% of 8 words (letters-only 100.0% of 8).
Train Loss: output=0.1628, reconstruction=0.2593
Epoch [260/400]
batch = 0 (Δ=0.241s, 100.00%)
Training throughput: 1 batches in 0.241s; word units 100.0% of 8 words (letters-only 100.0% of 8).
Train Loss: output=0.1622, reconstruction=0.2593
Epoch [261/400]
batch = 0 (Δ=0.246s, 100.00%)
Training throughput: 1 batches in 0.245s; word units 100.0% of 8 words (letters-only 100.0% of 8).
Train Loss: output=0.1560, reconstruction=0.2593
Epoch [262/400]
batch = 0 (Δ=0.244s, 100.00%)
Training throughput: 1 batches in 0.243s; word units 100.0% of 8 words (letters-only 100.0% of 8).
Train Loss: output=0.1758, reconstruction=0.2593
Epoch [263/400]
batch = 0 (Δ=0.244s, 100.00%)
Training throughput: 1 batches in 0.243s; word units 100.0% of 8 words (letters-only 100.0% of 8).
Train Loss: output=0.2002, reconstruction=0.2593
Epoch [264/400]
batch = 0 (Δ=0.242s, 100.00%)
Training throughput: 1 batches in 0.242s; word units 100.0% of 8 words (letters-only 100.0% of 8).
Train Loss: output=0.1536, reconstruction=0.2593
Epoch [265/400]
batch = 0 (Δ=0.245s, 100.00%)
Training throughput: 1 batches in 0.244s; word units 100.0% of 8 words (letters-only 100.0% of 8).
Train Loss: output=0.1561, reconstruction=0.2593
Epoch [266/400]
batch = 0 (Δ=0.247s, 100.00%)
Training throughput: 1 batches in 0.246s; word units 100.0% of 8 words (letters-only 100.0% of 8).
Train Loss: output=0.1606, reconstruction=0.2593
Epoch [267/400]
batch = 0 (Δ=0.327s, 100.00%)
Training throughput: 1 batches in 0.327s; word units 100.0% of 8 words (letters-only 100.0% of 8).
Train Loss: output=0.1608, reconstruction=0.2593
Epoch [268/400]
batch = 0 (Δ=0.245s, 100.00%)
Training throughput: 1 batches in 0.245s; word units 100.0% of 8 words (letters-only 100.0% of 8).
Train Loss: output=0.1562, reconstruction=0.2593
Epoch [269/400]
batch = 0 (Δ=0.241s, 100.00%)
Training throughput: 1 batches in 0.240s; word units 100.0% of 8 words (letters-only 100.0% of 8).
Train Loss: output=0.1501, reconstruction=0.2593
Epoch [270/400]
batch = 0 (Δ=0.244s, 100.00%)
Training throughput: 1 batches in 0.243s; word units 100.0% of 8 words (letters-only 100.0% of 8).
Train Loss: output=0.1939, reconstruction=0.2593
Epoch [271/400]
batch = 0 (Δ=0.242s, 100.00%)
Training throughput: 1 batches in 0.242s; word units 100.0% of 8 words (letters-only 100.0% of 8).
Train Loss: output=0.1719, reconstruction=0.2593
Epoch [272/400]
batch = 0 (Δ=0.242s, 100.00%)
Training throughput: 1 batches in 0.242s; word units 100.0% of 8 words (letters-only 100.0% of 8).
Train Loss: output=0.1489, reconstruction=0.2593
Epoch [273/400]
batch = 0 (Δ=0.243s, 100.00%)
Training throughput: 1 batches in 0.242s; word units 100.0% of 8 words (letters-only 100.0% of 8).
Train Loss: output=0.1564, reconstruction=0.2593
Epoch [274/400]
batch = 0 (Δ=0.244s, 100.00%)
Training throughput: 1 batches in 0.244s; word units 100.0% of 8 words (letters-only 100.0% of 8).
Train Loss: output=0.1586, reconstruction=0.2593
Epoch [275/400]
batch = 0 (Δ=0.243s, 100.00%)
Training throughput: 1 batches in 0.243s; word units 100.0% of 8 words (letters-only 100.0% of 8).
Train Loss: output=0.1549, reconstruction=0.2593
Epoch [276/400]
batch = 0 (Δ=0.241s, 100.00%)
Training throughput: 1 batches in 0.241s; word units 100.0% of 8 words (letters-only 100.0% of 8).
Train Loss: output=0.1450, reconstruction=0.2593
Epoch [277/400]
batch = 0 (Δ=0.242s, 100.00%)
Training throughput: 1 batches in 0.241s; word units 100.0% of 8 words (letters-only 100.0% of 8).
Train Loss: output=0.1766, reconstruction=0.2593
Epoch [278/400]
batch = 0 (Δ=0.243s, 100.00%)
Training throughput: 1 batches in 0.243s; word units 100.0% of 8 words (letters-only 100.0% of 8).
Train Loss: output=0.1829, reconstruction=0.2593
Epoch [279/400]
batch = 0 (Δ=0.243s, 100.00%)
Training throughput: 1 batches in 0.242s; word units 100.0% of 8 words (letters-only 100.0% of 8).
Train Loss: output=0.1404, reconstruction=0.2593
Epoch [280/400]
batch = 0 (Δ=0.244s, 100.00%)
Training throughput: 1 batches in 0.244s; word units 100.0% of 8 words (letters-only 100.0% of 8).
Train Loss: output=0.1490, reconstruction=0.2593
Epoch [281/400]
batch = 0 (Δ=0.326s, 100.00%)
Training throughput: 1 batches in 0.325s; word units 100.0% of 8 words (letters-only 100.0% of 8).
Train Loss: output=0.1537, reconstruction=0.2593
Epoch [282/400]
batch = 0 (Δ=0.243s, 100.00%)
Training throughput: 1 batches in 0.242s; word units 100.0% of 8 words (letters-only 100.0% of 8).
Train Loss: output=0.1519, reconstruction=0.2593
Epoch [283/400]
batch = 0 (Δ=0.242s, 100.00%)
Training throughput: 1 batches in 0.242s; word units 100.0% of 8 words (letters-only 100.0% of 8).
Train Loss: output=0.1436, reconstruction=0.2593
Epoch [284/400]
batch = 0 (Δ=0.242s, 100.00%)
Training throughput: 1 batches in 0.241s; word units 100.0% of 8 words (letters-only 100.0% of 8).
Train Loss: output=0.1397, reconstruction=0.2593
Epoch [285/400]
batch = 0 (Δ=0.240s, 100.00%)
Training throughput: 1 batches in 0.240s; word units 100.0% of 8 words (letters-only 100.0% of 8).
Train Loss: output=0.1785, reconstruction=0.2593
Epoch [286/400]
batch = 0 (Δ=0.242s, 100.00%)
Training throughput: 1 batches in 0.241s; word units 100.0% of 8 words (letters-only 100.0% of 8).
Train Loss: output=0.1449, reconstruction=0.2593
Epoch [287/400]
batch = 0 (Δ=0.244s, 100.00%)
Training throughput: 1 batches in 0.244s; word units 100.0% of 8 words (letters-only 100.0% of 8).
Train Loss: output=0.1366, reconstruction=0.2593
Epoch [288/400]
batch = 0 (Δ=0.243s, 100.00%)
Training throughput: 1 batches in 0.242s; word units 100.0% of 8 words (letters-only 100.0% of 8).
Train Loss: output=0.1447, reconstruction=0.2593
Epoch [289/400]
batch = 0 (Δ=0.244s, 100.00%)
Training throughput: 1 batches in 0.243s; word units 100.0% of 8 words (letters-only 100.0% of 8).
Train Loss: output=0.1467, reconstruction=0.2593
Epoch [290/400]
batch = 0 (Δ=0.243s, 100.00%)
Training throughput: 1 batches in 0.242s; word units 100.0% of 8 words (letters-only 100.0% of 8).
Train Loss: output=0.1406, reconstruction=0.2593
Epoch [291/400]
batch = 0 (Δ=0.245s, 100.00%)
Training throughput: 1 batches in 0.244s; word units 100.0% of 8 words (letters-only 100.0% of 8).
Train Loss: output=0.1298, reconstruction=0.2593
Epoch [292/400]
batch = 0 (Δ=0.244s, 100.00%)
Training throughput: 1 batches in 0.244s; word units 100.0% of 8 words (letters-only 100.0% of 8).
Train Loss: output=0.1532, reconstruction=0.2593
Epoch [293/400]
batch = 0 (Δ=0.244s, 100.00%)
Training throughput: 1 batches in 0.243s; word units 100.0% of 8 words (letters-only 100.0% of 8).
Train Loss: output=0.1651, reconstruction=0.2593
Epoch [294/400]
batch = 0 (Δ=0.247s, 100.00%)
Training throughput: 1 batches in 0.247s; word units 100.0% of 8 words (letters-only 100.0% of 8).
Train Loss: output=0.1230, reconstruction=0.2593
Epoch [295/400]
batch = 0 (Δ=0.326s, 100.00%)
Training throughput: 1 batches in 0.326s; word units 100.0% of 8 words (letters-only 100.0% of 8).
Train Loss: output=0.1303, reconstruction=0.2593
Epoch [296/400]
batch = 0 (Δ=0.243s, 100.00%)
Training throughput: 1 batches in 0.243s; word units 100.0% of 8 words (letters-only 100.0% of 8).
Train Loss: output=0.1368, reconstruction=0.2593
Epoch [297/400]
batch = 0 (Δ=0.246s, 100.00%)
Training throughput: 1 batches in 0.246s; word units 100.0% of 8 words (letters-only 100.0% of 8).
Train Loss: output=0.1340, reconstruction=0.2593
Epoch [298/400]
batch = 0 (Δ=0.244s, 100.00%)
Training throughput: 1 batches in 0.244s; word units 100.0% of 8 words (letters-only 100.0% of 8).
Train Loss: output=0.1230, reconstruction=0.2593
Epoch [299/400]
batch = 0 (Δ=0.244s, 100.00%)
Training throughput: 1 batches in 0.242s; word units 100.0% of 8 words (letters-only 100.0% of 8).
Train Loss: output=0.1192, reconstruction=0.2593
Epoch [300/400]
batch = 0 (Δ=0.245s, 100.00%)
Training throughput: 1 batches in 0.245s; word units 100.0% of 8 words (letters-only 100.0% of 8).
Train Loss: output=0.1759, reconstruction=0.2593
Epoch [301/400]
batch = 0 (Δ=0.243s, 100.00%)
Training throughput: 1 batches in 0.242s; word units 100.0% of 8 words (letters-only 100.0% of 8).
Train Loss: output=0.1324, reconstruction=0.2593
Epoch [302/400]
batch = 0 (Δ=0.243s, 100.00%)
Training throughput: 1 batches in 0.242s; word units 100.0% of 8 words (letters-only 100.0% of 8).
Train Loss: output=0.1134, reconstruction=0.2593
Epoch [303/400]
batch = 0 (Δ=0.242s, 100.00%)
Training throughput: 1 batches in 0.242s; word units 100.0% of 8 words (letters-only 100.0% of 8).
Train Loss: output=0.1219, reconstruction=0.2593
Epoch [304/400]
batch = 0 (Δ=0.242s, 100.00%)
Training throughput: 1 batches in 0.240s; word units 100.0% of 8 words (letters-only 100.0% of 8).
Train Loss: output=0.1248, reconstruction=0.2593
Epoch [305/400]
batch = 0 (Δ=0.243s, 100.00%)
Training throughput: 1 batches in 0.243s; word units 100.0% of 8 words (letters-only 100.0% of 8).
Train Loss: output=0.1139, reconstruction=0.2593
Epoch [306/400]
batch = 0 (Δ=0.245s, 100.00%)
Training throughput: 1 batches in 0.244s; word units 100.0% of 8 words (letters-only 100.0% of 8).
Train Loss: output=0.1030, reconstruction=0.2593
Epoch [307/400]
batch = 0 (Δ=0.246s, 100.00%)
Training throughput: 1 batches in 0.246s; word units 100.0% of 8 words (letters-only 100.0% of 8).
Train Loss: output=0.1757, reconstruction=0.2593
Epoch [308/400]
batch = 0 (Δ=0.329s, 100.00%)
Training throughput: 1 batches in 0.328s; word units 100.0% of 8 words (letters-only 100.0% of 8).
Train Loss: output=0.1708, reconstruction=0.2593
Epoch [309/400]
batch = 0 (Δ=0.246s, 100.00%)
Training throughput: 1 batches in 0.246s; word units 100.0% of 8 words (letters-only 100.0% of 8).
Train Loss: output=0.1086, reconstruction=0.2593
Epoch [310/400]
batch = 0 (Δ=0.242s, 100.00%)
Training throughput: 1 batches in 0.241s; word units 100.0% of 8 words (letters-only 100.0% of 8).
Train Loss: output=0.1050, reconstruction=0.2593
Epoch [311/400]
batch = 0 (Δ=0.242s, 100.00%)
Training throughput: 1 batches in 0.242s; word units 100.0% of 8 words (letters-only 100.0% of 8).
Train Loss: output=0.1161, reconstruction=0.2593
Epoch [312/400]
batch = 0 (Δ=0.242s, 100.00%)
Training throughput: 1 batches in 0.242s; word units 100.0% of 8 words (letters-only 100.0% of 8).
Train Loss: output=0.1047, reconstruction=0.2593
Epoch [313/400]
batch = 0 (Δ=0.244s, 100.00%)
Training throughput: 1 batches in 0.243s; word units 100.0% of 8 words (letters-only 100.0% of 8).
Train Loss: output=0.0917, reconstruction=0.2593
Epoch [314/400]
batch = 0 (Δ=0.243s, 100.00%)
Training throughput: 1 batches in 0.243s; word units 100.0% of 8 words (letters-only 100.0% of 8).
Train Loss: output=0.1641, reconstruction=0.2593
Epoch [315/400]
batch = 0 (Δ=0.244s, 100.00%)
Training throughput: 1 batches in 0.243s; word units 100.0% of 8 words (letters-only 100.0% of 8).
Train Loss: output=0.1895, reconstruction=0.2593
Epoch [316/400]
batch = 0 (Δ=0.243s, 100.00%)
Training throughput: 1 batches in 0.242s; word units 100.0% of 8 words (letters-only 100.0% of 8).
Train Loss: output=0.1166, reconstruction=0.2593
Epoch [317/400]
batch = 0 (Δ=0.242s, 100.00%)
Training throughput: 1 batches in 0.241s; word units 100.0% of 8 words (letters-only 100.0% of 8).
Train Loss: output=0.0910, reconstruction=0.2593
Epoch [318/400]
batch = 0 (Δ=0.244s, 100.00%)
Training throughput: 1 batches in 0.244s; word units 100.0% of 8 words (letters-only 100.0% of 8).
Train Loss: output=0.1103, reconstruction=0.2593
Epoch [319/400]
batch = 0 (Δ=0.243s, 100.00%)
Training throughput: 1 batches in 0.242s; word units 100.0% of 8 words (letters-only 100.0% of 8).
Train Loss: output=0.1008, reconstruction=0.2593
Epoch [320/400]
batch = 0 (Δ=0.243s, 100.00%)
Training throughput: 1 batches in 0.242s; word units 100.0% of 8 words (letters-only 100.0% of 8).
Train Loss: output=0.0811, reconstruction=0.2593
Epoch [321/400]
batch = 0 (Δ=0.246s, 100.00%)
Training throughput: 1 batches in 0.245s; word units 100.0% of 8 words (letters-only 100.0% of 8).
Train Loss: output=0.1546, reconstruction=0.2593
Epoch [322/400]
batch = 0 (Δ=0.325s, 100.00%)
Training throughput: 1 batches in 0.324s; word units 100.0% of 8 words (letters-only 100.0% of 8).
Train Loss: output=0.1954, reconstruction=0.2593
Epoch [323/400]
batch = 0 (Δ=0.244s, 100.00%)
Training throughput: 1 batches in 0.244s; word units 100.0% of 8 words (letters-only 100.0% of 8).
Train Loss: output=0.1652, reconstruction=0.2593
Epoch [324/400]
batch = 0 (Δ=0.243s, 100.00%)
Training throughput: 1 batches in 0.243s; word units 100.0% of 8 words (letters-only 100.0% of 8).
Train Loss: output=0.1031, reconstruction=0.2593
Epoch [325/400]
batch = 0 (Δ=0.243s, 100.00%)
Training throughput: 1 batches in 0.243s; word units 100.0% of 8 words (letters-only 100.0% of 8).
Train Loss: output=0.0982, reconstruction=0.2593
Epoch [326/400]
batch = 0 (Δ=0.244s, 100.00%)
Training throughput: 1 batches in 0.244s; word units 100.0% of 8 words (letters-only 100.0% of 8).
Train Loss: output=0.1118, reconstruction=0.2593
Epoch [327/400]
batch = 0 (Δ=0.246s, 100.00%)
Training throughput: 1 batches in 0.246s; word units 100.0% of 8 words (letters-only 100.0% of 8).
Train Loss: output=0.0737, reconstruction=0.2593
Epoch [328/400]
batch = 0 (Δ=0.243s, 100.00%)
Training throughput: 1 batches in 0.243s; word units 100.0% of 8 words (letters-only 100.0% of 8).
Train Loss: output=0.1672, reconstruction=0.2593
Epoch [329/400]
batch = 0 (Δ=0.244s, 100.00%)
Training throughput: 1 batches in 0.243s; word units 100.0% of 8 words (letters-only 100.0% of 8).
Train Loss: output=0.1841, reconstruction=0.2593
Epoch [330/400]
batch = 0 (Δ=0.244s, 100.00%)
Training throughput: 1 batches in 0.243s; word units 100.0% of 8 words (letters-only 100.0% of 8).
Train Loss: output=0.1727, reconstruction=0.2593
Epoch [331/400]
batch = 0 (Δ=0.242s, 100.00%)
Training throughput: 1 batches in 0.242s; word units 100.0% of 8 words (letters-only 100.0% of 8).
Train Loss: output=0.1036, reconstruction=0.2593
Epoch [332/400]
batch = 0 (Δ=0.244s, 100.00%)
Training throughput: 1 batches in 0.243s; word units 100.0% of 8 words (letters-only 100.0% of 8).
Train Loss: output=0.1055, reconstruction=0.2593
Epoch [333/400]
batch = 0 (Δ=0.244s, 100.00%)
Training throughput: 1 batches in 0.243s; word units 100.0% of 8 words (letters-only 100.0% of 8).
Train Loss: output=0.1355, reconstruction=0.2593
Epoch [334/400]
batch = 0 (Δ=0.243s, 100.00%)
Training throughput: 1 batches in 0.243s; word units 100.0% of 8 words (letters-only 100.0% of 8).
Train Loss: output=0.0678, reconstruction=0.2593
Epoch [335/400]
batch = 0 (Δ=0.246s, 100.00%)
Training throughput: 1 batches in 0.246s; word units 100.0% of 8 words (letters-only 100.0% of 8).
Train Loss: output=0.1398, reconstruction=0.2593
Epoch [336/400]
batch = 0 (Δ=0.325s, 100.00%)
Training throughput: 1 batches in 0.323s; word units 100.0% of 8 words (letters-only 100.0% of 8).
Train Loss: output=0.1580, reconstruction=0.2593
Epoch [337/400]
batch = 0 (Δ=0.243s, 100.00%)
Training throughput: 1 batches in 0.243s; word units 100.0% of 8 words (letters-only 100.0% of 8).
Train Loss: output=0.1097, reconstruction=0.2593
Epoch [338/400]
batch = 0 (Δ=0.244s, 100.00%)
Training throughput: 1 batches in 0.244s; word units 100.0% of 8 words (letters-only 100.0% of 8).
Train Loss: output=0.0705, reconstruction=0.2593
Epoch [339/400]
batch = 0 (Δ=0.245s, 100.00%)
Training throughput: 1 batches in 0.245s; word units 100.0% of 8 words (letters-only 100.0% of 8).
Train Loss: output=0.1181, reconstruction=0.2593
Epoch [340/400]
batch = 0 (Δ=0.244s, 100.00%)
Training throughput: 1 batches in 0.243s; word units 100.0% of 8 words (letters-only 100.0% of 8).
Train Loss: output=0.1083, reconstruction=0.2593
Epoch [341/400]
batch = 0 (Δ=0.243s, 100.00%)
Training throughput: 1 batches in 0.242s; word units 100.0% of 8 words (letters-only 100.0% of 8).
Train Loss: output=0.0604, reconstruction=0.2593
Epoch [342/400]
batch = 0 (Δ=0.245s, 100.00%)
Training throughput: 1 batches in 0.245s; word units 100.0% of 8 words (letters-only 100.0% of 8).
Train Loss: output=0.0837, reconstruction=0.2593
Epoch [343/400]
batch = 0 (Δ=0.244s, 100.00%)
Training throughput: 1 batches in 0.244s; word units 100.0% of 8 words (letters-only 100.0% of 8).
Train Loss: output=0.1001, reconstruction=0.2593
Epoch [344/400]
batch = 0 (Δ=0.248s, 100.00%)
Training throughput: 1 batches in 0.248s; word units 100.0% of 8 words (letters-only 100.0% of 8).
Train Loss: output=0.0521, reconstruction=0.2593
Epoch [345/400]
batch = 0 (Δ=0.245s, 100.00%)
Training throughput: 1 batches in 0.244s; word units 100.0% of 8 words (letters-only 100.0% of 8).
Train Loss: output=0.1055, reconstruction=0.2593
Epoch [346/400]
batch = 0 (Δ=0.243s, 100.00%)
Training throughput: 1 batches in 0.242s; word units 100.0% of 8 words (letters-only 100.0% of 8).
Train Loss: output=0.0853, reconstruction=0.2593
Epoch [347/400]
batch = 0 (Δ=0.245s, 100.00%)
Training throughput: 1 batches in 0.244s; word units 100.0% of 8 words (letters-only 100.0% of 8).
Train Loss: output=0.0675, reconstruction=0.2593
Epoch [348/400]
batch = 0 (Δ=0.246s, 100.00%)
Training throughput: 1 batches in 0.246s; word units 100.0% of 8 words (letters-only 100.0% of 8).
Train Loss: output=0.1049, reconstruction=0.2593
Epoch [349/400]
batch = 0 (Δ=0.245s, 100.00%)
Training throughput: 1 batches in 0.244s; word units 100.0% of 8 words (letters-only 100.0% of 8).
Train Loss: output=0.0999, reconstruction=0.2593
Epoch [350/400]
batch = 0 (Δ=0.319s, 100.00%)
Training throughput: 1 batches in 0.318s; word units 100.0% of 8 words (letters-only 100.0% of 8).
Train Loss: output=0.0685, reconstruction=0.2593
Epoch [351/400]
batch = 0 (Δ=0.243s, 100.00%)
Training throughput: 1 batches in 0.243s; word units 100.0% of 8 words (letters-only 100.0% of 8).
Train Loss: output=0.0410, reconstruction=0.2593
Epoch [352/400]
batch = 0 (Δ=0.243s, 100.00%)
Training throughput: 1 batches in 0.243s; word units 100.0% of 8 words (letters-only 100.0% of 8).
Train Loss: output=0.1612, reconstruction=0.2593
Epoch [353/400]
batch = 0 (Δ=0.244s, 100.00%)
Training throughput: 1 batches in 0.244s; word units 100.0% of 8 words (letters-only 100.0% of 8).
Train Loss: output=0.0696, reconstruction=0.2593
Epoch [354/400]
batch = 0 (Δ=0.247s, 100.00%)
Training throughput: 1 batches in 0.246s; word units 100.0% of 8 words (letters-only 100.0% of 8).
Train Loss: output=0.0613, reconstruction=0.2593
Epoch [355/400]
batch = 0 (Δ=0.242s, 100.00%)
Training throughput: 1 batches in 0.242s; word units 100.0% of 8 words (letters-only 100.0% of 8).
Train Loss: output=0.0753, reconstruction=0.2593
Epoch [356/400]
batch = 0 (Δ=0.244s, 100.00%)
Training throughput: 1 batches in 0.243s; word units 100.0% of 8 words (letters-only 100.0% of 8).
Train Loss: output=0.0413, reconstruction=0.2593
Epoch [357/400]
batch = 0 (Δ=0.242s, 100.00%)
Training throughput: 1 batches in 0.241s; word units 100.0% of 8 words (letters-only 100.0% of 8).
Train Loss: output=0.0326, reconstruction=0.2593
Epoch [358/400]
batch = 0 (Δ=0.243s, 100.00%)
Training throughput: 1 batches in 0.243s; word units 100.0% of 8 words (letters-only 100.0% of 8).
Train Loss: output=0.0294, reconstruction=0.2593
Epoch [359/400]
batch = 0 (Δ=0.243s, 100.00%)
Training throughput: 1 batches in 0.242s; word units 100.0% of 8 words (letters-only 100.0% of 8).
Train Loss: output=0.0347, reconstruction=0.2593
Epoch [360/400]
batch = 0 (Δ=0.245s, 100.00%)
Training throughput: 1 batches in 0.245s; word units 100.0% of 8 words (letters-only 100.0% of 8).
Train Loss: output=0.0896, reconstruction=0.2593
Epoch [361/400]
batch = 0 (Δ=0.247s, 100.00%)
Training throughput: 1 batches in 0.247s; word units 100.0% of 8 words (letters-only 100.0% of 8).
Train Loss: output=0.0636, reconstruction=0.2593
Epoch [362/400]
batch = 0 (Δ=0.244s, 100.00%)
Training throughput: 1 batches in 0.243s; word units 100.0% of 8 words (letters-only 100.0% of 8).
Train Loss: output=0.0644, reconstruction=0.2593
Epoch [363/400]
batch = 0 (Δ=0.324s, 100.00%)
Training throughput: 1 batches in 0.324s; word units 100.0% of 8 words (letters-only 100.0% of 8).
Train Loss: output=0.0299, reconstruction=0.2593
Epoch [364/400]
batch = 0 (Δ=0.243s, 100.00%)
Training throughput: 1 batches in 0.242s; word units 100.0% of 8 words (letters-only 100.0% of 8).
Train Loss: output=0.0240, reconstruction=0.2593
Epoch [365/400]
batch = 0 (Δ=0.243s, 100.00%)
Training throughput: 1 batches in 0.243s; word units 100.0% of 8 words (letters-only 100.0% of 8).
Train Loss: output=0.4957, reconstruction=0.2593
Epoch [366/400]
batch = 0 (Δ=0.244s, 100.00%)
Training throughput: 1 batches in 0.243s; word units 100.0% of 8 words (letters-only 100.0% of 8).
Train Loss: output=0.4423, reconstruction=0.2593
Epoch [367/400]
batch = 0 (Δ=0.243s, 100.00%)
Training throughput: 1 batches in 0.242s; word units 100.0% of 8 words (letters-only 100.0% of 8).
Train Loss: output=1.9785, reconstruction=0.2593
Epoch [368/400]
batch = 0 (Δ=0.241s, 100.00%)
Training throughput: 1 batches in 0.240s; word units 100.0% of 8 words (letters-only 100.0% of 8).
Train Loss: output=0.2721, reconstruction=0.2593
Epoch [369/400]
batch = 0 (Δ=0.244s, 100.00%)
Training throughput: 1 batches in 0.243s; word units 100.0% of 8 words (letters-only 100.0% of 8).
Train Loss: output=0.1844, reconstruction=0.2593
Epoch [370/400]
batch = 0 (Δ=0.243s, 100.00%)
Training throughput: 1 batches in 0.242s; word units 100.0% of 8 words (letters-only 100.0% of 8).
Train Loss: output=0.3057, reconstruction=0.2593
Epoch [371/400]
batch = 0 (Δ=0.247s, 100.00%)
Training throughput: 1 batches in 0.246s; word units 100.0% of 8 words (letters-only 100.0% of 8).
Train Loss: output=0.0795, reconstruction=0.2593
Epoch [372/400]
batch = 0 (Δ=0.242s, 100.00%)
Training throughput: 1 batches in 0.242s; word units 100.0% of 8 words (letters-only 100.0% of 8).
Train Loss: output=0.7684, reconstruction=0.2593
Epoch [373/400]
batch = 0 (Δ=0.242s, 100.00%)
Training throughput: 1 batches in 0.242s; word units 100.0% of 8 words (letters-only 100.0% of 8).
Train Loss: output=0.6875, reconstruction=0.2593
Epoch [374/400]
batch = 0 (Δ=0.246s, 100.00%)
Training throughput: 1 batches in 0.245s; word units 100.0% of 8 words (letters-only 100.0% of 8).
Train Loss: output=0.2888, reconstruction=0.2593
Epoch [375/400]
batch = 0 (Δ=0.245s, 100.00%)
Training throughput: 1 batches in 0.244s; word units 100.0% of 8 words (letters-only 100.0% of 8).
Train Loss: output=0.2098, reconstruction=0.2593
Epoch [376/400]
batch = 0 (Δ=0.246s, 100.00%)
Training throughput: 1 batches in 0.245s; word units 100.0% of 8 words (letters-only 100.0% of 8).
Train Loss: output=0.4482, reconstruction=0.2593
Epoch [377/400]
batch = 0 (Δ=0.321s, 100.00%)
Training throughput: 1 batches in 0.321s; word units 100.0% of 8 words (letters-only 100.0% of 8).
Train Loss: output=0.3947, reconstruction=0.2593
Epoch [378/400]
batch = 0 (Δ=0.244s, 100.00%)
Training throughput: 1 batches in 0.244s; word units 100.0% of 8 words (letters-only 100.0% of 8).
Train Loss: output=0.1138, reconstruction=0.2593
Epoch [379/400]
batch = 0 (Δ=0.242s, 100.00%)
Training throughput: 1 batches in 0.241s; word units 100.0% of 8 words (letters-only 100.0% of 8).
Train Loss: output=0.2695, reconstruction=0.2593
Epoch [380/400]
batch = 0 (Δ=0.242s, 100.00%)
Training throughput: 1 batches in 0.242s; word units 100.0% of 8 words (letters-only 100.0% of 8).
Train Loss: output=0.6540, reconstruction=0.2593
Epoch [381/400]
batch = 0 (Δ=0.242s, 100.00%)
Training throughput: 1 batches in 0.241s; word units 100.0% of 8 words (letters-only 100.0% of 8).
Train Loss: output=0.4098, reconstruction=0.2593
Epoch [382/400]
batch = 0 (Δ=0.244s, 100.00%)
Training throughput: 1 batches in 0.244s; word units 100.0% of 8 words (letters-only 100.0% of 8).
Train Loss: output=0.0931, reconstruction=0.2593
Epoch [383/400]
batch = 0 (Δ=0.243s, 100.00%)
Training throughput: 1 batches in 0.242s; word units 100.0% of 8 words (letters-only 100.0% of 8).
Train Loss: output=0.2060, reconstruction=0.2593
Epoch [384/400]
batch = 0 (Δ=0.240s, 100.00%)
Training throughput: 1 batches in 0.240s; word units 100.0% of 8 words (letters-only 100.0% of 8).
Train Loss: output=0.1487, reconstruction=0.2593
Epoch [385/400]
batch = 0 (Δ=0.245s, 100.00%)
Training throughput: 1 batches in 0.244s; word units 100.0% of 8 words (letters-only 100.0% of 8).
Train Loss: output=0.1081, reconstruction=0.2593
Epoch [386/400]
batch = 0 (Δ=0.241s, 100.00%)
Training throughput: 1 batches in 0.240s; word units 100.0% of 8 words (letters-only 100.0% of 8).
Train Loss: output=0.0268, reconstruction=0.2593
Epoch [387/400]
batch = 0 (Δ=0.245s, 100.00%)
Training throughput: 1 batches in 0.245s; word units 100.0% of 8 words (letters-only 100.0% of 8).
Train Loss: output=0.1270, reconstruction=0.2593
Epoch [388/400]
batch = 0 (Δ=0.248s, 100.00%)
Training throughput: 1 batches in 0.247s; word units 100.0% of 8 words (letters-only 100.0% of 8).
Train Loss: output=0.1609, reconstruction=0.2593
Epoch [389/400]
batch = 0 (Δ=0.246s, 100.00%)
Training throughput: 1 batches in 0.246s; word units 100.0% of 8 words (letters-only 100.0% of 8).
Train Loss: output=0.0394, reconstruction=0.2593
Epoch [390/400]
batch = 0 (Δ=0.244s, 100.00%)
Training throughput: 1 batches in 0.244s; word units 100.0% of 8 words (letters-only 100.0% of 8).
Train Loss: output=0.0211, reconstruction=0.2593
Epoch [391/400]
batch = 0 (Δ=0.321s, 100.00%)
Training throughput: 1 batches in 0.320s; word units 100.0% of 8 words (letters-only 100.0% of 8).
Train Loss: output=0.3056, reconstruction=0.2593
Epoch [392/400]
batch = 0 (Δ=0.243s, 100.00%)
Training throughput: 1 batches in 0.243s; word units 100.0% of 8 words (letters-only 100.0% of 8).
Train Loss: output=0.1202, reconstruction=0.2593
Epoch [393/400]
batch = 0 (Δ=0.241s, 100.00%)
Training throughput: 1 batches in 0.241s; word units 100.0% of 8 words (letters-only 100.0% of 8).
Train Loss: output=0.1337, reconstruction=0.2593
Epoch [394/400]
batch = 0 (Δ=0.245s, 100.00%)
Training throughput: 1 batches in 0.244s; word units 100.0% of 8 words (letters-only 100.0% of 8).
Train Loss: output=0.0781, reconstruction=0.2593
Epoch [395/400]
batch = 0 (Δ=0.242s, 100.00%)
Training throughput: 1 batches in 0.242s; word units 100.0% of 8 words (letters-only 100.0% of 8).
Train Loss: output=0.0182, reconstruction=0.2593
Epoch [396/400]
batch = 0 (Δ=0.242s, 100.00%)
Training throughput: 1 batches in 0.242s; word units 100.0% of 8 words (letters-only 100.0% of 8).
Train Loss: output=0.0452, reconstruction=0.2593
Epoch [397/400]
batch = 0 (Δ=0.244s, 100.00%)
Training throughput: 1 batches in 0.243s; word units 100.0% of 8 words (letters-only 100.0% of 8).
Train Loss: output=0.5452, reconstruction=0.2593
Epoch [398/400]
batch = 0 (Δ=0.243s, 100.00%)
Training throughput: 1 batches in 0.243s; word units 100.0% of 8 words (letters-only 100.0% of 8).
Train Loss: output=0.3113, reconstruction=0.2593
Epoch [399/400]
batch = 0 (Δ=0.243s, 100.00%)
Training throughput: 1 batches in 0.242s; word units 100.0% of 8 words (letters-only 100.0% of 8).
Train Loss: output=0.1033, reconstruction=0.2593
Epoch [400/400]
batch = 0 (Δ=0.249s, 100.00%)
Training throughput: 1 batches in 0.248s; word units 100.0% of 8 words (letters-only 100.0% of 8).
Train Loss: output=0.1761, reconstruction=0.2593
Final Stats:
=== Selected operation grammar ===
batch = 0 (Δ=0.207s, 100.00%)
Training throughput: 1 batches in 0.148s; word units 100.0% of 8 words (letters-only 100.0% of 8).
=== Input Reconstruction (test) ===
  row[0] input='hello world' -> reconstructed='hello ' label=0.0000 predicted=0.1580 MISMATCH
  row[1] input='hello there' -> reconstructed='hello ' label=1.0000 predicted=0.5837 MISMATCH
  row[2] input='loving world' -> reconstructed='world ' label=1.0000 predicted=1.4310 MISMATCH
  row[3] input='loving there' -> reconstructed='there ' label=0.0000 predicted=2.1488 MISMATCH
