.............FFFFFFx.................................................... [ 37%]
.................s...................................................... [ 75%]
..............................................                           [100%]
=================================== FAILURES ===================================
__________________ test_forward_produces_single_S_and_targets __________________
test/test_stm_recon_from_cleared_cache.py:185: in test_forward_produces_single_S_and_targets
    S, fwd_idx = _run_forward(model)
                 ^^^^^^^^^^^^^^^^^^^
test/test_stm_recon_from_cleared_cache.py:109: in _run_forward
    result = model.forward(x)
             ^^^^^^^^^^^^^^^^
bin/Models.py:153: in masked
    return method(self, *args, **kwargs)
           ^^^^^^^^^^^^^^^^^^^^^^^^^^^^^
bin/Models.py:8311: in forward
    return self._forward_per_stage(inputData)
           ^^^^^^^^^^^^^^^^^^^^^^^^^^^^^^^^^^
bin/Models.py:23009: in _forward_per_stage
    in_sub = self._lex_embed_stem(inputData)
             ^^^^^^^^^^^^^^^^^^^^^^^^^^^^^^^
bin/Models.py:13183: in _lex_embed_stem
    self._stage_reading_word_concepts()
bin/Models.py:11101: in _stage_reading_word_concepts
    word = owner.interpret.lookup_word([id_rows[b][i] for i in selected],
bin/Interpret.py:144: in lookup_word
    cs._populate_concept_weights(word, witness=(parts, wholes), word_reading=True)
bin/Spaces.py:16031: in _populate_concept_weights
    self.add_concept_feature(target, tower, ref, 1., negated=bool(pole))
bin/Spaces.py:15180: in add_concept_feature
    derived.admit(tower, group or (feature,))
bin/MereologicalCodes.py:55: in admit
    raise RuntimeError('concept inventory exhausted before percept admission')
E   RuntimeError: concept inventory exhausted before percept admission
___________ test_cache_clears_and_chart_generate_rederives_from_stm ____________
test/test_stm_recon_from_cleared_cache.py:201: in test_cache_clears_and_chart_generate_rederives_from_stm
    _run_forward(model)
test/test_stm_recon_from_cleared_cache.py:109: in _run_forward
    result = model.forward(x)
             ^^^^^^^^^^^^^^^^
bin/Models.py:153: in masked
    return method(self, *args, **kwargs)
           ^^^^^^^^^^^^^^^^^^^^^^^^^^^^^
bin/Models.py:8311: in forward
    return self._forward_per_stage(inputData)
           ^^^^^^^^^^^^^^^^^^^^^^^^^^^^^^^^^^
bin/Models.py:23009: in _forward_per_stage
    in_sub = self._lex_embed_stem(inputData)
             ^^^^^^^^^^^^^^^^^^^^^^^^^^^^^^^
bin/Models.py:13183: in _lex_embed_stem
    self._stage_reading_word_concepts()
bin/Models.py:11101: in _stage_reading_word_concepts
    word = owner.interpret.lookup_word([id_rows[b][i] for i in selected],
bin/Interpret.py:144: in lookup_word
    cs._populate_concept_weights(word, witness=(parts, wholes), word_reading=True)
bin/Spaces.py:16031: in _populate_concept_weights
    self.add_concept_feature(target, tower, ref, 1., negated=bool(pole))
bin/Spaces.py:15180: in add_concept_feature
    derived.admit(tower, group or (feature,))
bin/MereologicalCodes.py:55: in admit
    raise RuntimeError('concept inventory exhausted before percept admission')
E   RuntimeError: concept inventory exhausted before percept admission
__________ test_reverse_from_cleared_cache_is_drivable_and_decodable ___________
test/test_stm_recon_from_cleared_cache.py:238: in test_reverse_from_cleared_cache_is_drivable_and_decodable
    S, _ = _run_forward(model)
           ^^^^^^^^^^^^^^^^^^^
test/test_stm_recon_from_cleared_cache.py:109: in _run_forward
    result = model.forward(x)
             ^^^^^^^^^^^^^^^^
bin/Models.py:153: in masked
    return method(self, *args, **kwargs)
           ^^^^^^^^^^^^^^^^^^^^^^^^^^^^^
bin/Models.py:8311: in forward
    return self._forward_per_stage(inputData)
           ^^^^^^^^^^^^^^^^^^^^^^^^^^^^^^^^^^
bin/Models.py:23009: in _forward_per_stage
    in_sub = self._lex_embed_stem(inputData)
             ^^^^^^^^^^^^^^^^^^^^^^^^^^^^^^^
bin/Models.py:13183: in _lex_embed_stem
    self._stage_reading_word_concepts()
bin/Models.py:11101: in _stage_reading_word_concepts
    word = owner.interpret.lookup_word([id_rows[b][i] for i in selected],
bin/Interpret.py:144: in lookup_word
    cs._populate_concept_weights(word, witness=(parts, wholes), word_reading=True)
bin/Spaces.py:16031: in _populate_concept_weights
    self.add_concept_feature(target, tower, ref, 1., negated=bool(pole))
bin/Spaces.py:15180: in add_concept_feature
    derived.admit(tower, group or (feature,))
bin/MereologicalCodes.py:55: in admit
    raise RuntimeError('concept inventory exhausted before percept admission')
E   RuntimeError: concept inventory exhausted before percept admission
____________ test_reverse_body_preserves_finiteness_on_finite_seed _____________
test/test_stm_recon_from_cleared_cache.py:257: in test_reverse_body_preserves_finiteness_on_finite_seed
    _run_forward(model)
test/test_stm_recon_from_cleared_cache.py:109: in _run_forward
    result = model.forward(x)
             ^^^^^^^^^^^^^^^^
bin/Models.py:153: in masked
    return method(self, *args, **kwargs)
           ^^^^^^^^^^^^^^^^^^^^^^^^^^^^^
bin/Models.py:8311: in forward
    return self._forward_per_stage(inputData)
           ^^^^^^^^^^^^^^^^^^^^^^^^^^^^^^^^^^
bin/Models.py:23009: in _forward_per_stage
    in_sub = self._lex_embed_stem(inputData)
             ^^^^^^^^^^^^^^^^^^^^^^^^^^^^^^^
bin/Models.py:13183: in _lex_embed_stem
    self._stage_reading_word_concepts()
bin/Models.py:11101: in _stage_reading_word_concepts
    word = owner.interpret.lookup_word([id_rows[b][i] for i in selected],
bin/Interpret.py:144: in lookup_word
    cs._populate_concept_weights(word, witness=(parts, wholes), word_reading=True)
bin/Spaces.py:16031: in _populate_concept_weights
    self.add_concept_feature(target, tower, ref, 1., negated=bool(pole))
bin/Spaces.py:15180: in add_concept_feature
    derived.admit(tower, group or (feature,))
bin/MereologicalCodes.py:55: in admit
    raise RuntimeError('concept inventory exhausted before percept admission')
E   RuntimeError: concept inventory exhausted before percept admission
_______________________ test_forward_stm_idea_is_finite ________________________
test/test_stm_recon_from_cleared_cache.py:293: in test_forward_stm_idea_is_finite
    out = model.forward(x)
          ^^^^^^^^^^^^^^^^
bin/Models.py:153: in masked
    return method(self, *args, **kwargs)
           ^^^^^^^^^^^^^^^^^^^^^^^^^^^^^
bin/Models.py:8311: in forward
    return self._forward_per_stage(inputData)
           ^^^^^^^^^^^^^^^^^^^^^^^^^^^^^^^^^^
bin/Models.py:23009: in _forward_per_stage
    in_sub = self._lex_embed_stem(inputData)
             ^^^^^^^^^^^^^^^^^^^^^^^^^^^^^^^
bin/Models.py:13183: in _lex_embed_stem
    self._stage_reading_word_concepts()
bin/Models.py:11101: in _stage_reading_word_concepts
    word = owner.interpret.lookup_word([id_rows[b][i] for i in selected],
bin/Interpret.py:144: in lookup_word
    cs._populate_concept_weights(word, witness=(parts, wholes), word_reading=True)
bin/Spaces.py:16031: in _populate_concept_weights
    self.add_concept_feature(target, tower, ref, 1., negated=bool(pole))
bin/Spaces.py:15180: in add_concept_feature
    derived.admit(tower, group or (feature,))
bin/MereologicalCodes.py:55: in admit
    raise RuntimeError('concept inventory exhausted before percept admission')
E   RuntimeError: concept inventory exhausted before percept admission
_________ test_reverse_perceptual_preserves_finiteness_on_finite_seed __________
test/test_stm_recon_from_cleared_cache.py:324: in test_reverse_perceptual_preserves_finiteness_on_finite_seed
    _run_forward(model)
test/test_stm_recon_from_cleared_cache.py:109: in _run_forward
    result = model.forward(x)
             ^^^^^^^^^^^^^^^^
bin/Models.py:153: in masked
    return method(self, *args, **kwargs)
           ^^^^^^^^^^^^^^^^^^^^^^^^^^^^^
bin/Models.py:8311: in forward
    return self._forward_per_stage(inputData)
           ^^^^^^^^^^^^^^^^^^^^^^^^^^^^^^^^^^
bin/Models.py:23009: in _forward_per_stage
    in_sub = self._lex_embed_stem(inputData)
             ^^^^^^^^^^^^^^^^^^^^^^^^^^^^^^^
bin/Models.py:13183: in _lex_embed_stem
    self._stage_reading_word_concepts()
bin/Models.py:11101: in _stage_reading_word_concepts
    word = owner.interpret.lookup_word([id_rows[b][i] for i in selected],
bin/Interpret.py:144: in lookup_word
    cs._populate_concept_weights(word, witness=(parts, wholes), word_reading=True)
bin/Spaces.py:16031: in _populate_concept_weights
    self.add_concept_feature(target, tower, ref, 1., negated=bool(pole))
bin/Spaces.py:15180: in add_concept_feature
    derived.admit(tower, group or (feature,))
bin/MereologicalCodes.py:55: in admit
    raise RuntimeError('concept inventory exhausted before percept admission')
E   RuntimeError: concept inventory exhausted before percept admission
=============================== warnings summary ===============================
test/test_stm_substrate.py::test_word_space_params_include_category_embedding
  /Users/arogers/github/WikiOracle/basicmodel/bin/Spaces.py:1233: RuntimeWarning: EventEncoding[PartSpace]: nDim=4 leaves no content width after the canonical band (nWhere=4 + nWhen=4); raise <nDim> to at least 9 if this space builds a what-basis.
    warnings.warn(

test/test_stm_substrate.py::test_word_space_params_include_category_embedding
  /Users/arogers/github/WikiOracle/basicmodel/bin/Spaces.py:1233: RuntimeWarning: EventEncoding[WholeSpace]: nDim=4 leaves no content width after the canonical band (nWhere=4 + nWhen=4); raise <nDim> to at least 9 if this space builds a what-basis.
    warnings.warn(

-- Docs: https://docs.pytest.org/en/stable/how-to/capture-warnings.html
=========================== short test summary info ============================
FAILED test/test_stm_recon_from_cleared_cache.py::test_forward_produces_single_S_and_targets
FAILED test/test_stm_recon_from_cleared_cache.py::test_cache_clears_and_chart_generate_rederives_from_stm
FAILED test/test_stm_recon_from_cleared_cache.py::test_reverse_from_cleared_cache_is_drivable_and_decodable
FAILED test/test_stm_recon_from_cleared_cache.py::test_reverse_body_preserves_finiteness_on_finite_seed
FAILED test/test_stm_recon_from_cleared_cache.py::test_forward_stm_idea_is_finite
FAILED test/test_stm_recon_from_cleared_cache.py::test_reverse_perceptual_preserves_finiteness_on_finite_seed
6 failed, 182 passed, 1 skipped, 1 xfailed, 2 warnings in 13.82s
