Device: cpu
/Users/arogers/github/WikiOracle/basicmodel/.venv/lib/python3.12/site-packages/torch/utils/_device.py:122: UserWarning: Sparse invariant checks are implicitly disabled. Memory errors (e.g. SEGFAULT) will occur when operating on a sparse tensor which violates the invariants, but checks incur performance overhead. To silence this warning, explicitly opt in or out. See `torch.sparse.check_sparse_tensor_invariants.__doc__` for guidance.  (Triggered internally at /Users/runner/work/pytorch/pytorch/aten/src/ATen/Context.cpp:855.)
  return func(*args, **kwargs)
Peer pipeline: static PS/WS stage bodies compiled separately; legacy compatibility scheduler remains outside fullgraph capture


==== BasicModel ====

Trial [1/1]
Baseline test pass skipped (--test not specified). Re-invoke train.py with --test to include baseline + post-epoch evaluation.
Epoch [1/400]
[AMP] off (fp32, MODEL_AMP unset or =off)
batch = 0 (warm-up, 100.00%)
Training throughput: 1 batches in 0.679s; word units 100.0% of 8 words (letters-only 100.0% of 8).
Train Loss: output=0.1751, reconstruction=1.3974
Epoch [2/400]
batch = 0 (Δ=0.266s, 100.00%)
Training throughput: 1 batches in 0.264s; word units 100.0% of 8 words (letters-only 100.0% of 8).
Train Loss: output=0.1750, reconstruction=0.9705
Epoch [3/400]
batch = 0 (Δ=0.265s, 100.00%)
Training throughput: 1 batches in 0.264s; word units 100.0% of 8 words (letters-only 100.0% of 8).
Train Loss: output=0.1750, reconstruction=1.1613
Epoch [4/400]
batch = 0 (Δ=0.267s, 100.00%)
Training throughput: 1 batches in 0.266s; word units 100.0% of 8 words (letters-only 100.0% of 8).
Train Loss: output=0.1750, reconstruction=1.4357
Epoch [5/400]
batch = 0 (Δ=0.262s, 100.00%)
Training throughput: 1 batches in 0.261s; word units 100.0% of 8 words (letters-only 100.0% of 8).
Train Loss: output=0.1750, reconstruction=1.5861
Epoch [6/400]
batch = 0 (Δ=0.261s, 100.00%)
Training throughput: 1 batches in 0.260s; word units 100.0% of 8 words (letters-only 100.0% of 8).
Train Loss: output=0.1750, reconstruction=1.7174
Epoch [7/400]
batch = 0 (Δ=0.262s, 100.00%)
Training throughput: 1 batches in 0.261s; word units 100.0% of 8 words (letters-only 100.0% of 8).
Train Loss: output=0.1750, reconstruction=1.8321
Epoch [8/400]
batch = 0 (Δ=0.261s, 100.00%)
Training throughput: 1 batches in 0.260s; word units 100.0% of 8 words (letters-only 100.0% of 8).
Train Loss: output=0.1750, reconstruction=1.9325
Epoch [9/400]
batch = 0 (Δ=0.259s, 100.00%)
Training throughput: 1 batches in 0.258s; word units 100.0% of 8 words (letters-only 100.0% of 8).
Train Loss: output=0.1750, reconstruction=2.0205
Epoch [10/400]
batch = 0 (Δ=0.266s, 100.00%)
Training throughput: 1 batches in 0.265s; word units 100.0% of 8 words (letters-only 100.0% of 8).
Train Loss: output=0.1750, reconstruction=2.2727
Epoch [11/400]
batch = 0 (Δ=0.264s, 100.00%)
Training throughput: 1 batches in 0.262s; word units 100.0% of 8 words (letters-only 100.0% of 8).
Train Loss: output=0.1750, reconstruction=2.3389
Epoch [12/400]
batch = 0 (Δ=0.263s, 100.00%)
Training throughput: 1 batches in 0.262s; word units 100.0% of 8 words (letters-only 100.0% of 8).
Train Loss: output=0.1750, reconstruction=2.3973
Epoch [13/400]
batch = 0 (Δ=0.262s, 100.00%)
Training throughput: 1 batches in 0.261s; word units 100.0% of 8 words (letters-only 100.0% of 8).
Train Loss: output=0.1750, reconstruction=2.4489
Epoch [14/400]
batch = 0 (Δ=0.263s, 100.00%)
Training throughput: 1 batches in 0.262s; word units 100.0% of 8 words (letters-only 100.0% of 8).
Train Loss: output=0.1750, reconstruction=2.4945
Epoch [15/400]
batch = 0 (Δ=0.350s, 100.00%)
Training throughput: 1 batches in 0.349s; word units 100.0% of 8 words (letters-only 100.0% of 8).
Train Loss: output=0.1750, reconstruction=2.5348
Epoch [16/400]
batch = 0 (Δ=0.259s, 100.00%)
Training throughput: 1 batches in 0.258s; word units 100.0% of 8 words (letters-only 100.0% of 8).
Train Loss: output=0.1750, reconstruction=2.5705
Epoch [17/400]
batch = 0 (Δ=0.266s, 100.00%)
Training throughput: 1 batches in 0.265s; word units 100.0% of 8 words (letters-only 100.0% of 8).
Train Loss: output=0.1750, reconstruction=2.6022
Epoch [18/400]
batch = 0 (Δ=0.265s, 100.00%)
Training throughput: 1 batches in 0.264s; word units 100.0% of 8 words (letters-only 100.0% of 8).
Train Loss: output=0.1750, reconstruction=2.6303
Epoch [19/400]
batch = 0 (Δ=0.262s, 100.00%)
Training throughput: 1 batches in 0.261s; word units 100.0% of 8 words (letters-only 100.0% of 8).
Train Loss: output=0.1750, reconstruction=2.6553
Epoch [20/400]
batch = 0 (Δ=0.261s, 100.00%)
Training throughput: 1 batches in 0.260s; word units 100.0% of 8 words (letters-only 100.0% of 8).
Train Loss: output=0.1750, reconstruction=0.7809
Epoch [21/400]
batch = 0 (Δ=0.262s, 100.00%)
Training throughput: 1 batches in 0.261s; word units 100.0% of 8 words (letters-only 100.0% of 8).
Train Loss: output=0.1750, reconstruction=0.7818
Epoch [22/400]
batch = 0 (Δ=0.263s, 100.00%)
Training throughput: 1 batches in 0.262s; word units 100.0% of 8 words (letters-only 100.0% of 8).
Train Loss: output=0.1750, reconstruction=0.7826
Epoch [23/400]
batch = 0 (Δ=0.261s, 100.00%)
Training throughput: 1 batches in 0.260s; word units 100.0% of 8 words (letters-only 100.0% of 8).
Train Loss: output=0.1750, reconstruction=0.7832
Epoch [24/400]
batch = 0 (Δ=0.263s, 100.00%)
Training throughput: 1 batches in 0.261s; word units 100.0% of 8 words (letters-only 100.0% of 8).
Train Loss: output=0.1750, reconstruction=0.7837
Epoch [25/400]
batch = 0 (Δ=0.265s, 100.00%)
Training throughput: 1 batches in 0.264s; word units 100.0% of 8 words (letters-only 100.0% of 8).
Train Loss: output=0.1750, reconstruction=0.7841
Epoch [26/400]
batch = 0 (Δ=0.268s, 100.00%)
Training throughput: 1 batches in 0.266s; word units 100.0% of 8 words (letters-only 100.0% of 8).
Train Loss: output=0.1750, reconstruction=0.7844
Epoch [27/400]
batch = 0 (Δ=0.273s, 100.00%)
Training throughput: 1 batches in 0.273s; word units 100.0% of 8 words (letters-only 100.0% of 8).
Train Loss: output=0.1750, reconstruction=0.7846
Epoch [28/400]
batch = 0 (Δ=0.262s, 100.00%)
Training throughput: 1 batches in 0.261s; word units 100.0% of 8 words (letters-only 100.0% of 8).
Train Loss: output=0.1750, reconstruction=0.7847
Epoch [29/400]
batch = 0 (Δ=0.264s, 100.00%)
Training throughput: 1 batches in 0.263s; word units 100.0% of 8 words (letters-only 100.0% of 8).
Train Loss: output=0.1750, reconstruction=0.7847
Epoch [30/400]
batch = 0 (Δ=0.264s, 100.00%)
Training throughput: 1 batches in 0.263s; word units 100.0% of 8 words (letters-only 100.0% of 8).
Train Loss: output=0.1750, reconstruction=0.7847
Epoch [31/400]
batch = 0 (Δ=0.356s, 100.00%)
Training throughput: 1 batches in 0.355s; word units 100.0% of 8 words (letters-only 100.0% of 8).
Train Loss: output=0.1750, reconstruction=0.7846
Epoch [32/400]
batch = 0 (Δ=0.268s, 100.00%)
Training throughput: 1 batches in 0.266s; word units 100.0% of 8 words (letters-only 100.0% of 8).
Train Loss: output=0.1750, reconstruction=0.7845
Epoch [33/400]
batch = 0 (Δ=0.259s, 100.00%)
Training throughput: 1 batches in 0.259s; word units 100.0% of 8 words (letters-only 100.0% of 8).
Train Loss: output=0.1750, reconstruction=0.7844
Epoch [34/400]
batch = 0 (Δ=0.265s, 100.00%)
Training throughput: 1 batches in 0.264s; word units 100.0% of 8 words (letters-only 100.0% of 8).
Train Loss: output=0.1750, reconstruction=0.7842
Epoch [35/400]
batch = 0 (Δ=0.267s, 100.00%)
Training throughput: 1 batches in 0.266s; word units 100.0% of 8 words (letters-only 100.0% of 8).
Train Loss: output=0.1750, reconstruction=0.7840
Epoch [36/400]
batch = 0 (Δ=0.263s, 100.00%)
Training throughput: 1 batches in 0.262s; word units 100.0% of 8 words (letters-only 100.0% of 8).
Train Loss: output=0.1750, reconstruction=0.7838
Epoch [37/400]
batch = 0 (Δ=0.264s, 100.00%)
Training throughput: 1 batches in 0.263s; word units 100.0% of 8 words (letters-only 100.0% of 8).
Train Loss: output=0.1750, reconstruction=0.7835
Epoch [38/400]
batch = 0 (Δ=0.271s, 100.00%)
Training throughput: 1 batches in 0.270s; word units 100.0% of 8 words (letters-only 100.0% of 8).
Train Loss: output=0.1750, reconstruction=0.7832
Epoch [39/400]
batch = 0 (Δ=0.266s, 100.00%)
Training throughput: 1 batches in 0.265s; word units 100.0% of 8 words (letters-only 100.0% of 8).
Train Loss: output=0.1750, reconstruction=0.7830
Epoch [40/400]
batch = 0 (Δ=0.263s, 100.00%)
Training throughput: 1 batches in 0.262s; word units 100.0% of 8 words (letters-only 100.0% of 8).
Train Loss: output=0.1750, reconstruction=0.7827
Epoch [41/400]
batch = 0 (Δ=0.264s, 100.00%)
Training throughput: 1 batches in 0.263s; word units 100.0% of 8 words (letters-only 100.0% of 8).
Train Loss: output=0.1750, reconstruction=0.7824
Epoch [42/400]
batch = 0 (Δ=0.268s, 100.00%)
Training throughput: 1 batches in 0.267s; word units 100.0% of 8 words (letters-only 100.0% of 8).
Train Loss: output=0.1750, reconstruction=2.8388
Epoch [43/400]
batch = 0 (Δ=0.265s, 100.00%)
Training throughput: 1 batches in 0.263s; word units 100.0% of 8 words (letters-only 100.0% of 8).
Train Loss: output=0.1750, reconstruction=2.8400
Epoch [44/400]
batch = 0 (Δ=0.263s, 100.00%)
Training throughput: 1 batches in 0.262s; word units 100.0% of 8 words (letters-only 100.0% of 8).
Train Loss: output=0.1750, reconstruction=2.8410
Epoch [45/400]
batch = 0 (Δ=0.266s, 100.00%)
Training throughput: 1 batches in 0.264s; word units 100.0% of 8 words (letters-only 100.0% of 8).
Train Loss: output=0.1750, reconstruction=2.8419
Epoch [46/400]
batch = 0 (Δ=0.264s, 100.00%)
Training throughput: 1 batches in 0.263s; word units 100.0% of 8 words (letters-only 100.0% of 8).
Train Loss: output=0.1750, reconstruction=2.8427
Epoch [47/400]
batch = 0 (Δ=0.350s, 100.00%)
Training throughput: 1 batches in 0.349s; word units 100.0% of 8 words (letters-only 100.0% of 8).
Train Loss: output=0.1750, reconstruction=2.8433
Epoch [48/400]
batch = 0 (Δ=0.270s, 100.00%)
Training throughput: 1 batches in 0.269s; word units 100.0% of 8 words (letters-only 100.0% of 8).
Train Loss: output=0.1750, reconstruction=2.8438
Epoch [49/400]
batch = 0 (Δ=0.266s, 100.00%)
Training throughput: 1 batches in 0.265s; word units 100.0% of 8 words (letters-only 100.0% of 8).
Train Loss: output=0.1750, reconstruction=2.8442
Epoch [50/400]
batch = 0 (Δ=0.269s, 100.00%)
Training throughput: 1 batches in 0.268s; word units 100.0% of 8 words (letters-only 100.0% of 8).
Train Loss: output=0.1750, reconstruction=2.8445
Epoch [51/400]
batch = 0 (Δ=0.269s, 100.00%)
Training throughput: 1 batches in 0.267s; word units 100.0% of 8 words (letters-only 100.0% of 8).
Train Loss: output=0.1750, reconstruction=2.8448
Epoch [52/400]
batch = 0 (Δ=0.268s, 100.00%)
Training throughput: 1 batches in 0.267s; word units 100.0% of 8 words (letters-only 100.0% of 8).
Train Loss: output=0.1750, reconstruction=2.8450
Epoch [53/400]
batch = 0 (Δ=0.270s, 100.00%)
Training throughput: 1 batches in 0.269s; word units 100.0% of 8 words (letters-only 100.0% of 8).
Train Loss: output=0.1750, reconstruction=2.8451
Epoch [54/400]
batch = 0 (Δ=0.268s, 100.00%)
Training throughput: 1 batches in 0.267s; word units 100.0% of 8 words (letters-only 100.0% of 8).
Train Loss: output=0.1750, reconstruction=2.8452
Epoch [55/400]
batch = 0 (Δ=0.266s, 100.00%)
Training throughput: 1 batches in 0.265s; word units 100.0% of 8 words (letters-only 100.0% of 8).
Train Loss: output=0.1750, reconstruction=2.8452
Epoch [56/400]
batch = 0 (Δ=0.269s, 100.00%)
Training throughput: 1 batches in 0.268s; word units 100.0% of 8 words (letters-only 100.0% of 8).
Train Loss: output=0.1750, reconstruction=2.8452
Epoch [57/400]
batch = 0 (Δ=0.268s, 100.00%)
Training throughput: 1 batches in 0.267s; word units 100.0% of 8 words (letters-only 100.0% of 8).
Train Loss: output=0.1750, reconstruction=2.8451
Epoch [58/400]
batch = 0 (Δ=0.268s, 100.00%)
Training throughput: 1 batches in 0.267s; word units 100.0% of 8 words (letters-only 100.0% of 8).
Train Loss: output=0.1750, reconstruction=2.8450
Epoch [59/400]
batch = 0 (Δ=0.271s, 100.00%)
Training throughput: 1 batches in 0.271s; word units 100.0% of 8 words (letters-only 100.0% of 8).
Train Loss: output=0.1750, reconstruction=2.8449
Epoch [60/400]
batch = 0 (Δ=0.269s, 100.00%)
Training throughput: 1 batches in 0.268s; word units 100.0% of 8 words (letters-only 100.0% of 8).
Train Loss: output=0.1750, reconstruction=2.8448
Epoch [61/400]
batch = 0 (Δ=0.267s, 100.00%)
Training throughput: 1 batches in 0.266s; word units 100.0% of 8 words (letters-only 100.0% of 8).
Train Loss: output=0.1750, reconstruction=2.8446
Epoch [62/400]
batch = 0 (Δ=0.352s, 100.00%)
Training throughput: 1 batches in 0.351s; word units 100.0% of 8 words (letters-only 100.0% of 8).
Train Loss: output=0.1750, reconstruction=2.8445
Epoch [63/400]
batch = 0 (Δ=0.267s, 100.00%)
Training throughput: 1 batches in 0.266s; word units 100.0% of 8 words (letters-only 100.0% of 8).
Train Loss: output=0.1750, reconstruction=2.8443
Epoch [64/400]
batch = 0 (Δ=0.271s, 100.00%)
Training throughput: 1 batches in 0.270s; word units 100.0% of 8 words (letters-only 100.0% of 8).
Train Loss: output=0.1750, reconstruction=2.8441
Epoch [65/400]
batch = 0 (Δ=0.266s, 100.00%)
Training throughput: 1 batches in 0.265s; word units 100.0% of 8 words (letters-only 100.0% of 8).
Train Loss: output=0.1750, reconstruction=2.8438
Epoch [66/400]
batch = 0 (Δ=0.271s, 100.00%)
Training throughput: 1 batches in 0.270s; word units 100.0% of 8 words (letters-only 100.0% of 8).
Train Loss: output=0.1750, reconstruction=2.8436
Epoch [67/400]
batch = 0 (Δ=0.270s, 100.00%)
Training throughput: 1 batches in 0.269s; word units 100.0% of 8 words (letters-only 100.0% of 8).
Train Loss: output=0.1750, reconstruction=2.8434
Epoch [68/400]
batch = 0 (Δ=0.269s, 100.00%)
Training throughput: 1 batches in 0.268s; word units 100.0% of 8 words (letters-only 100.0% of 8).
Train Loss: output=0.1750, reconstruction=2.8431
Epoch [69/400]
batch = 0 (Δ=0.268s, 100.00%)
Training throughput: 1 batches in 0.267s; word units 100.0% of 8 words (letters-only 100.0% of 8).
Train Loss: output=0.1750, reconstruction=2.8429
Epoch [70/400]
batch = 0 (Δ=0.274s, 100.00%)
Training throughput: 1 batches in 0.273s; word units 100.0% of 8 words (letters-only 100.0% of 8).
Train Loss: output=0.1750, reconstruction=2.8426
Epoch [71/400]
batch = 0 (Δ=0.267s, 100.00%)
Training throughput: 1 batches in 0.266s; word units 100.0% of 8 words (letters-only 100.0% of 8).
Train Loss: output=0.1750, reconstruction=2.8424
Epoch [72/400]
batch = 0 (Δ=0.272s, 100.00%)
Training throughput: 1 batches in 0.271s; word units 100.0% of 8 words (letters-only 100.0% of 8).
Train Loss: output=0.1750, reconstruction=2.8421
Epoch [73/400]
batch = 0 (Δ=0.270s, 100.00%)
Training throughput: 1 batches in 0.269s; word units 100.0% of 8 words (letters-only 100.0% of 8).
Train Loss: output=0.1750, reconstruction=2.8419
Epoch [74/400]
batch = 0 (Δ=0.269s, 100.00%)
Training throughput: 1 batches in 0.268s; word units 100.0% of 8 words (letters-only 100.0% of 8).
Train Loss: output=0.1750, reconstruction=2.8416
Epoch [75/400]
batch = 0 (Δ=0.272s, 100.00%)
Training throughput: 1 batches in 0.271s; word units 100.0% of 8 words (letters-only 100.0% of 8).
Train Loss: output=0.1750, reconstruction=2.8413
Epoch [76/400]
batch = 0 (Δ=0.269s, 100.00%)
Training throughput: 1 batches in 0.268s; word units 100.0% of 8 words (letters-only 100.0% of 8).
Train Loss: output=0.1750, reconstruction=2.8411
Epoch [77/400]
batch = 0 (Δ=0.271s, 100.00%)
Training throughput: 1 batches in 0.271s; word units 100.0% of 8 words (letters-only 100.0% of 8).
Train Loss: output=0.1750, reconstruction=2.8408
Epoch [78/400]
batch = 0 (Δ=0.352s, 100.00%)
Training throughput: 1 batches in 0.351s; word units 100.0% of 8 words (letters-only 100.0% of 8).
Train Loss: output=0.1750, reconstruction=2.8406
Epoch [79/400]
batch = 0 (Δ=0.269s, 100.00%)
Training throughput: 1 batches in 0.268s; word units 100.0% of 8 words (letters-only 100.0% of 8).
Train Loss: output=0.1750, reconstruction=2.8403
Epoch [80/400]
batch = 0 (Δ=0.272s, 100.00%)
Training throughput: 1 batches in 0.271s; word units 100.0% of 8 words (letters-only 100.0% of 8).
Train Loss: output=0.1750, reconstruction=2.8401
Epoch [81/400]
batch = 0 (Δ=0.270s, 100.00%)
Training throughput: 1 batches in 0.269s; word units 100.0% of 8 words (letters-only 100.0% of 8).
Train Loss: output=0.1750, reconstruction=2.8398
Epoch [82/400]
batch = 0 (Δ=0.274s, 100.00%)
Training throughput: 1 batches in 0.273s; word units 100.0% of 8 words (letters-only 100.0% of 8).
Train Loss: output=0.1750, reconstruction=2.8395
Epoch [83/400]
batch = 0 (Δ=0.272s, 100.00%)
Training throughput: 1 batches in 0.271s; word units 100.0% of 8 words (letters-only 100.0% of 8).
Train Loss: output=0.1750, reconstruction=2.8393
Epoch [84/400]
batch = 0 (Δ=0.267s, 100.00%)
Training throughput: 1 batches in 0.266s; word units 100.0% of 8 words (letters-only 100.0% of 8).
Train Loss: output=0.1750, reconstruction=2.8390
Epoch [85/400]
batch = 0 (Δ=0.268s, 100.00%)
Training throughput: 1 batches in 0.267s; word units 100.0% of 8 words (letters-only 100.0% of 8).
Train Loss: output=0.1750, reconstruction=2.8388
Epoch [86/400]
batch = 0 (Δ=0.271s, 100.00%)
Training throughput: 1 batches in 0.270s; word units 100.0% of 8 words (letters-only 100.0% of 8).
Train Loss: output=0.1750, reconstruction=2.8385
Epoch [87/400]
batch = 0 (Δ=0.269s, 100.00%)
Training throughput: 1 batches in 0.268s; word units 100.0% of 8 words (letters-only 100.0% of 8).
Train Loss: output=0.1750, reconstruction=2.8383
Epoch [88/400]
batch = 0 (Δ=0.271s, 100.00%)
Training throughput: 1 batches in 0.270s; word units 100.0% of 8 words (letters-only 100.0% of 8).
Train Loss: output=0.1750, reconstruction=2.8381
Epoch [89/400]
batch = 0 (Δ=0.271s, 100.00%)
Training throughput: 1 batches in 0.270s; word units 100.0% of 8 words (letters-only 100.0% of 8).
Train Loss: output=0.1750, reconstruction=2.8378
Epoch [90/400]
batch = 0 (Δ=0.275s, 100.00%)
Training throughput: 1 batches in 0.274s; word units 100.0% of 8 words (letters-only 100.0% of 8).
Train Loss: output=0.1750, reconstruction=2.8376
Epoch [91/400]
batch = 0 (Δ=0.270s, 100.00%)
Training throughput: 1 batches in 0.269s; word units 100.0% of 8 words (letters-only 100.0% of 8).
Train Loss: output=0.1750, reconstruction=2.8374
Epoch [92/400]
batch = 0 (Δ=0.270s, 100.00%)
Training throughput: 1 batches in 0.269s; word units 100.0% of 8 words (letters-only 100.0% of 8).
Train Loss: output=0.1750, reconstruction=2.8371
Epoch [93/400]
batch = 0 (Δ=0.269s, 100.00%)
Training throughput: 1 batches in 0.268s; word units 100.0% of 8 words (letters-only 100.0% of 8).
Train Loss: output=0.1750, reconstruction=2.8369
Epoch [94/400]
batch = 0 (Δ=0.354s, 100.00%)
Training throughput: 1 batches in 0.353s; word units 100.0% of 8 words (letters-only 100.0% of 8).
Train Loss: output=0.1750, reconstruction=2.8367
Epoch [95/400]
batch = 0 (Δ=0.270s, 100.00%)
Training throughput: 1 batches in 0.269s; word units 100.0% of 8 words (letters-only 100.0% of 8).
Train Loss: output=0.1750, reconstruction=2.8365
Epoch [96/400]
batch = 0 (Δ=0.275s, 100.00%)
Training throughput: 1 batches in 0.274s; word units 100.0% of 8 words (letters-only 100.0% of 8).
Train Loss: output=0.1750, reconstruction=2.8363
Epoch [97/400]
batch = 0 (Δ=0.271s, 100.00%)
Training throughput: 1 batches in 0.270s; word units 100.0% of 8 words (letters-only 100.0% of 8).
Train Loss: output=0.1750, reconstruction=2.8361
Epoch [98/400]
batch = 0 (Δ=0.270s, 100.00%)
Training throughput: 1 batches in 0.269s; word units 100.0% of 8 words (letters-only 100.0% of 8).
Train Loss: output=0.1750, reconstruction=2.8359
Epoch [99/400]
batch = 0 (Δ=0.272s, 100.00%)
Training throughput: 1 batches in 0.271s; word units 100.0% of 8 words (letters-only 100.0% of 8).
Train Loss: output=0.1750, reconstruction=2.8356
Epoch [100/400]
batch = 0 (Δ=0.271s, 100.00%)
Training throughput: 1 batches in 0.270s; word units 100.0% of 8 words (letters-only 100.0% of 8).
Train Loss: output=0.1750, reconstruction=2.8354
Epoch [101/400]
batch = 0 (Δ=0.274s, 100.00%)
Training throughput: 1 batches in 0.273s; word units 100.0% of 8 words (letters-only 100.0% of 8).
Train Loss: output=0.1750, reconstruction=2.8352
Epoch [102/400]
batch = 0 (Δ=0.274s, 100.00%)
Training throughput: 1 batches in 0.273s; word units 100.0% of 8 words (letters-only 100.0% of 8).
Train Loss: output=0.1750, reconstruction=2.8350
Epoch [103/400]
batch = 0 (Δ=0.270s, 100.00%)
Training throughput: 1 batches in 0.269s; word units 100.0% of 8 words (letters-only 100.0% of 8).
Train Loss: output=0.1750, reconstruction=2.8348
Epoch [104/400]
batch = 0 (Δ=0.274s, 100.00%)
Training throughput: 1 batches in 0.273s; word units 100.0% of 8 words (letters-only 100.0% of 8).
Train Loss: output=0.1750, reconstruction=2.8346
Epoch [105/400]
batch = 0 (Δ=0.272s, 100.00%)
Training throughput: 1 batches in 0.271s; word units 100.0% of 8 words (letters-only 100.0% of 8).
Train Loss: output=0.1750, reconstruction=2.8344
Epoch [106/400]
batch = 0 (Δ=0.272s, 100.00%)
Training throughput: 1 batches in 0.271s; word units 100.0% of 8 words (letters-only 100.0% of 8).
Train Loss: output=0.1750, reconstruction=2.8343
Epoch [107/400]
batch = 0 (Δ=0.273s, 100.00%)
Training throughput: 1 batches in 0.272s; word units 100.0% of 8 words (letters-only 100.0% of 8).
Train Loss: output=0.1750, reconstruction=2.8341
Epoch [108/400]
batch = 0 (Δ=0.273s, 100.00%)
Training throughput: 1 batches in 0.272s; word units 100.0% of 8 words (letters-only 100.0% of 8).
Train Loss: output=0.1750, reconstruction=2.8339
Epoch [109/400]
batch = 0 (Δ=0.354s, 100.00%)
Training throughput: 1 batches in 0.353s; word units 100.0% of 8 words (letters-only 100.0% of 8).
Train Loss: output=0.1750, reconstruction=2.8337
Epoch [110/400]
batch = 0 (Δ=0.271s, 100.00%)
Training throughput: 1 batches in 0.269s; word units 100.0% of 8 words (letters-only 100.0% of 8).
Train Loss: output=0.1750, reconstruction=2.8335
Epoch [111/400]
batch = 0 (Δ=0.272s, 100.00%)
Training throughput: 1 batches in 0.271s; word units 100.0% of 8 words (letters-only 100.0% of 8).
Train Loss: output=0.1750, reconstruction=2.8334
Epoch [112/400]
batch = 0 (Δ=0.270s, 100.00%)
Training throughput: 1 batches in 0.269s; word units 100.0% of 8 words (letters-only 100.0% of 8).
Train Loss: output=0.1750, reconstruction=2.8332
Epoch [113/400]
batch = 0 (Δ=0.271s, 100.00%)
Training throughput: 1 batches in 0.270s; word units 100.0% of 8 words (letters-only 100.0% of 8).
Train Loss: output=0.1750, reconstruction=2.8330
Epoch [114/400]
batch = 0 (Δ=0.276s, 100.00%)
Training throughput: 1 batches in 0.275s; word units 100.0% of 8 words (letters-only 100.0% of 8).
Train Loss: output=0.1750, reconstruction=2.8328
Epoch [115/400]
batch = 0 (Δ=0.274s, 100.00%)
Training throughput: 1 batches in 0.273s; word units 100.0% of 8 words (letters-only 100.0% of 8).
Train Loss: output=0.1750, reconstruction=2.8327
Epoch [116/400]
batch = 0 (Δ=0.272s, 100.00%)
Training throughput: 1 batches in 0.271s; word units 100.0% of 8 words (letters-only 100.0% of 8).
Train Loss: output=0.1750, reconstruction=2.8325
Epoch [117/400]
batch = 0 (Δ=0.270s, 100.00%)
Training throughput: 1 batches in 0.269s; word units 100.0% of 8 words (letters-only 100.0% of 8).
Train Loss: output=0.1750, reconstruction=2.8323
Epoch [118/400]
batch = 0 (Δ=0.271s, 100.00%)
Training throughput: 1 batches in 0.270s; word units 100.0% of 8 words (letters-only 100.0% of 8).
Train Loss: output=0.1750, reconstruction=2.8322
Epoch [119/400]
batch = 0 (Δ=0.272s, 100.00%)
Training throughput: 1 batches in 0.271s; word units 100.0% of 8 words (letters-only 100.0% of 8).
Train Loss: output=0.1750, reconstruction=2.8320
Epoch [120/400]
batch = 0 (Δ=0.274s, 100.00%)
Training throughput: 1 batches in 0.273s; word units 100.0% of 8 words (letters-only 100.0% of 8).
Train Loss: output=0.1750, reconstruction=2.8318
Epoch [121/400]
batch = 0 (Δ=0.274s, 100.00%)
Training throughput: 1 batches in 0.273s; word units 100.0% of 8 words (letters-only 100.0% of 8).
Train Loss: output=0.1750, reconstruction=2.8317
Epoch [122/400]
batch = 0 (Δ=0.274s, 100.00%)
Training throughput: 1 batches in 0.273s; word units 100.0% of 8 words (letters-only 100.0% of 8).
Train Loss: output=0.1750, reconstruction=2.8315
Epoch [123/400]
batch = 0 (Δ=0.277s, 100.00%)
Training throughput: 1 batches in 0.276s; word units 100.0% of 8 words (letters-only 100.0% of 8).
Train Loss: output=0.1750, reconstruction=2.8314
Epoch [124/400]
batch = 0 (Δ=0.275s, 100.00%)
Training throughput: 1 batches in 0.274s; word units 100.0% of 8 words (letters-only 100.0% of 8).
Train Loss: output=0.1750, reconstruction=2.8312
Epoch [125/400]
batch = 0 (Δ=0.361s, 100.00%)
Training throughput: 1 batches in 0.360s; word units 100.0% of 8 words (letters-only 100.0% of 8).
Train Loss: output=0.1750, reconstruction=2.8311
Epoch [126/400]
batch = 0 (Δ=0.275s, 100.00%)
Training throughput: 1 batches in 0.274s; word units 100.0% of 8 words (letters-only 100.0% of 8).
Train Loss: output=0.1750, reconstruction=2.8309
Epoch [127/400]
batch = 0 (Δ=0.272s, 100.00%)
Training throughput: 1 batches in 0.271s; word units 100.0% of 8 words (letters-only 100.0% of 8).
Train Loss: output=0.1750, reconstruction=2.8308
Epoch [128/400]
batch = 0 (Δ=0.276s, 100.00%)
Training throughput: 1 batches in 0.275s; word units 100.0% of 8 words (letters-only 100.0% of 8).
Train Loss: output=0.1750, reconstruction=2.8306
Epoch [129/400]
batch = 0 (Δ=0.276s, 100.00%)
Training throughput: 1 batches in 0.275s; word units 100.0% of 8 words (letters-only 100.0% of 8).
Train Loss: output=0.1750, reconstruction=2.8305
Epoch [130/400]
batch = 0 (Δ=0.273s, 100.00%)
Training throughput: 1 batches in 0.272s; word units 100.0% of 8 words (letters-only 100.0% of 8).
Train Loss: output=0.1750, reconstruction=2.8303
Epoch [131/400]
batch = 0 (Δ=0.278s, 100.00%)
Training throughput: 1 batches in 0.278s; word units 100.0% of 8 words (letters-only 100.0% of 8).
Train Loss: output=0.1750, reconstruction=2.8302
Epoch [132/400]
batch = 0 (Δ=0.275s, 100.00%)
Training throughput: 1 batches in 0.273s; word units 100.0% of 8 words (letters-only 100.0% of 8).
Train Loss: output=0.1750, reconstruction=2.8301
Epoch [133/400]
batch = 0 (Δ=0.275s, 100.00%)
Training throughput: 1 batches in 0.274s; word units 100.0% of 8 words (letters-only 100.0% of 8).
Train Loss: output=0.1750, reconstruction=2.8299
Epoch [134/400]
batch = 0 (Δ=0.273s, 100.00%)
Training throughput: 1 batches in 0.272s; word units 100.0% of 8 words (letters-only 100.0% of 8).
Train Loss: output=0.1750, reconstruction=2.8298
Epoch [135/400]
batch = 0 (Δ=0.273s, 100.00%)
Training throughput: 1 batches in 0.272s; word units 100.0% of 8 words (letters-only 100.0% of 8).
Train Loss: output=0.1750, reconstruction=2.8297
Epoch [136/400]
batch = 0 (Δ=0.273s, 100.00%)
Training throughput: 1 batches in 0.272s; word units 100.0% of 8 words (letters-only 100.0% of 8).
Train Loss: output=0.1750, reconstruction=2.8295
Epoch [137/400]
batch = 0 (Δ=0.276s, 100.00%)
Training throughput: 1 batches in 0.275s; word units 100.0% of 8 words (letters-only 100.0% of 8).
Train Loss: output=0.1750, reconstruction=2.8294
Epoch [138/400]
batch = 0 (Δ=0.278s, 100.00%)
Training throughput: 1 batches in 0.277s; word units 100.0% of 8 words (letters-only 100.0% of 8).
Train Loss: output=0.1750, reconstruction=2.8293
Epoch [139/400]
batch = 0 (Δ=0.275s, 100.00%)
Training throughput: 1 batches in 0.274s; word units 100.0% of 8 words (letters-only 100.0% of 8).
Train Loss: output=0.1750, reconstruction=2.8291
Epoch [140/400]
batch = 0 (Δ=0.274s, 100.00%)
Training throughput: 1 batches in 0.273s; word units 100.0% of 8 words (letters-only 100.0% of 8).
Train Loss: output=0.1750, reconstruction=2.8290
Epoch [141/400]
batch = 0 (Δ=0.355s, 100.00%)
Training throughput: 1 batches in 0.354s; word units 100.0% of 8 words (letters-only 100.0% of 8).
Train Loss: output=0.1750, reconstruction=2.8289
Epoch [142/400]
batch = 0 (Δ=0.271s, 100.00%)
Training throughput: 1 batches in 0.270s; word units 100.0% of 8 words (letters-only 100.0% of 8).
Train Loss: output=0.1750, reconstruction=2.8288
Epoch [143/400]
batch = 0 (Δ=0.275s, 100.00%)
Training throughput: 1 batches in 0.275s; word units 100.0% of 8 words (letters-only 100.0% of 8).
Train Loss: output=0.1750, reconstruction=2.8286
Epoch [144/400]
batch = 0 (Δ=0.280s, 100.00%)
Training throughput: 1 batches in 0.279s; word units 100.0% of 8 words (letters-only 100.0% of 8).
Train Loss: output=0.1750, reconstruction=2.8285
Epoch [145/400]
batch = 0 (Δ=0.276s, 100.00%)
Training throughput: 1 batches in 0.275s; word units 100.0% of 8 words (letters-only 100.0% of 8).
Train Loss: output=0.1750, reconstruction=2.8284
Epoch [146/400]
batch = 0 (Δ=0.281s, 100.00%)
Training throughput: 1 batches in 0.280s; word units 100.0% of 8 words (letters-only 100.0% of 8).
Train Loss: output=0.1750, reconstruction=2.8283
Epoch [147/400]
batch = 0 (Δ=0.275s, 100.00%)
Training throughput: 1 batches in 0.274s; word units 100.0% of 8 words (letters-only 100.0% of 8).
Train Loss: output=0.1750, reconstruction=2.8282
Epoch [148/400]
batch = 0 (Δ=0.279s, 100.00%)
Training throughput: 1 batches in 0.278s; word units 100.0% of 8 words (letters-only 100.0% of 8).
Train Loss: output=0.1750, reconstruction=2.8281
Epoch [149/400]
batch = 0 (Δ=0.278s, 100.00%)
Training throughput: 1 batches in 0.276s; word units 100.0% of 8 words (letters-only 100.0% of 8).
Train Loss: output=0.1750, reconstruction=2.8279
Epoch [150/400]
batch = 0 (Δ=0.275s, 100.00%)
Training throughput: 1 batches in 0.274s; word units 100.0% of 8 words (letters-only 100.0% of 8).
Train Loss: output=0.1750, reconstruction=2.8278
Epoch [151/400]
batch = 0 (Δ=0.276s, 100.00%)
Training throughput: 1 batches in 0.276s; word units 100.0% of 8 words (letters-only 100.0% of 8).
Train Loss: output=0.1750, reconstruction=2.8277
Epoch [152/400]
batch = 0 (Δ=0.281s, 100.00%)
Training throughput: 1 batches in 0.279s; word units 100.0% of 8 words (letters-only 100.0% of 8).
Train Loss: output=0.1750, reconstruction=2.8276
Epoch [153/400]
batch = 0 (Δ=0.275s, 100.00%)
Training throughput: 1 batches in 0.274s; word units 100.0% of 8 words (letters-only 100.0% of 8).
Train Loss: output=0.1750, reconstruction=2.8275
Epoch [154/400]
batch = 0 (Δ=0.274s, 100.00%)
Training throughput: 1 batches in 0.273s; word units 100.0% of 8 words (letters-only 100.0% of 8).
Train Loss: output=0.1750, reconstruction=2.8274
Epoch [155/400]
batch = 0 (Δ=0.278s, 100.00%)
Training throughput: 1 batches in 0.277s; word units 100.0% of 8 words (letters-only 100.0% of 8).
Train Loss: output=0.1750, reconstruction=2.8273
Epoch [156/400]
batch = 0 (Δ=0.362s, 100.00%)
Training throughput: 1 batches in 0.361s; word units 100.0% of 8 words (letters-only 100.0% of 8).
Train Loss: output=0.1750, reconstruction=2.8272
Epoch [157/400]
batch = 0 (Δ=0.273s, 100.00%)
Training throughput: 1 batches in 0.272s; word units 100.0% of 8 words (letters-only 100.0% of 8).
Train Loss: output=0.1750, reconstruction=2.8270
Epoch [158/400]
batch = 0 (Δ=0.275s, 100.00%)
Training throughput: 1 batches in 0.274s; word units 100.0% of 8 words (letters-only 100.0% of 8).
Train Loss: output=0.1750, reconstruction=2.8269
Epoch [159/400]
batch = 0 (Δ=0.274s, 100.00%)
Training throughput: 1 batches in 0.273s; word units 100.0% of 8 words (letters-only 100.0% of 8).
Train Loss: output=0.1750, reconstruction=2.8268
Epoch [160/400]
batch = 0 (Δ=0.277s, 100.00%)
Training throughput: 1 batches in 0.276s; word units 100.0% of 8 words (letters-only 100.0% of 8).
Train Loss: output=0.1750, reconstruction=2.8267
Epoch [161/400]
batch = 0 (Δ=0.279s, 100.00%)
Training throughput: 1 batches in 0.278s; word units 100.0% of 8 words (letters-only 100.0% of 8).
Train Loss: output=0.1750, reconstruction=2.8266
Epoch [162/400]
batch = 0 (Δ=0.276s, 100.00%)
Training throughput: 1 batches in 0.275s; word units 100.0% of 8 words (letters-only 100.0% of 8).
Train Loss: output=0.1750, reconstruction=2.8265
Epoch [163/400]
batch = 0 (Δ=0.276s, 100.00%)
Training throughput: 1 batches in 0.275s; word units 100.0% of 8 words (letters-only 100.0% of 8).
Train Loss: output=0.1750, reconstruction=2.8264
Epoch [164/400]
batch = 0 (Δ=0.278s, 100.00%)
Training throughput: 1 batches in 0.277s; word units 100.0% of 8 words (letters-only 100.0% of 8).
Train Loss: output=0.1750, reconstruction=2.8263
Epoch [165/400]
batch = 0 (Δ=0.276s, 100.00%)
Training throughput: 1 batches in 0.275s; word units 100.0% of 8 words (letters-only 100.0% of 8).
Train Loss: output=0.1750, reconstruction=2.8262
Epoch [166/400]
batch = 0 (Δ=0.277s, 100.00%)
Training throughput: 1 batches in 0.276s; word units 100.0% of 8 words (letters-only 100.0% of 8).
Train Loss: output=0.1750, reconstruction=2.8261
Epoch [167/400]
batch = 0 (Δ=0.278s, 100.00%)
Training throughput: 1 batches in 0.277s; word units 100.0% of 8 words (letters-only 100.0% of 8).
Train Loss: output=0.1750, reconstruction=2.8260
Epoch [168/400]
batch = 0 (Δ=0.280s, 100.00%)
Training throughput: 1 batches in 0.279s; word units 100.0% of 8 words (letters-only 100.0% of 8).
Train Loss: output=0.1750, reconstruction=2.8259
Epoch [169/400]
batch = 0 (Δ=0.277s, 100.00%)
Training throughput: 1 batches in 0.276s; word units 100.0% of 8 words (letters-only 100.0% of 8).
Train Loss: output=0.1750, reconstruction=2.8258
Epoch [170/400]
batch = 0 (Δ=0.279s, 100.00%)
Training throughput: 1 batches in 0.278s; word units 100.0% of 8 words (letters-only 100.0% of 8).
Train Loss: output=0.1750, reconstruction=2.8257
Epoch [171/400]
batch = 0 (Δ=0.363s, 100.00%)
Training throughput: 1 batches in 0.362s; word units 100.0% of 8 words (letters-only 100.0% of 8).
Train Loss: output=0.1750, reconstruction=2.8256
Epoch [172/400]
batch = 0 (Δ=0.282s, 100.00%)
Training throughput: 1 batches in 0.280s; word units 100.0% of 8 words (letters-only 100.0% of 8).
Train Loss: output=0.1750, reconstruction=2.8255
Epoch [173/400]
batch = 0 (Δ=0.282s, 100.00%)
Training throughput: 1 batches in 0.281s; word units 100.0% of 8 words (letters-only 100.0% of 8).
Train Loss: output=0.1750, reconstruction=2.8255
Epoch [174/400]
batch = 0 (Δ=0.278s, 100.00%)
Training throughput: 1 batches in 0.277s; word units 100.0% of 8 words (letters-only 100.0% of 8).
Train Loss: output=0.1750, reconstruction=2.8254
Epoch [175/400]
batch = 0 (Δ=0.282s, 100.00%)
Training throughput: 1 batches in 0.281s; word units 100.0% of 8 words (letters-only 100.0% of 8).
Train Loss: output=0.1750, reconstruction=2.8253
Epoch [176/400]
batch = 0 (Δ=0.276s, 100.00%)
Training throughput: 1 batches in 0.275s; word units 100.0% of 8 words (letters-only 100.0% of 8).
Train Loss: output=0.1750, reconstruction=2.8252
Epoch [177/400]
batch = 0 (Δ=0.278s, 100.00%)
Training throughput: 1 batches in 0.277s; word units 100.0% of 8 words (letters-only 100.0% of 8).
Train Loss: output=0.1750, reconstruction=2.8251
Epoch [178/400]
batch = 0 (Δ=0.279s, 100.00%)
Training throughput: 1 batches in 0.278s; word units 100.0% of 8 words (letters-only 100.0% of 8).
Train Loss: output=0.1750, reconstruction=2.8250
Epoch [179/400]
batch = 0 (Δ=0.280s, 100.00%)
Training throughput: 1 batches in 0.279s; word units 100.0% of 8 words (letters-only 100.0% of 8).
Train Loss: output=0.1750, reconstruction=2.8249
Epoch [180/400]
batch = 0 (Δ=0.276s, 100.00%)
Training throughput: 1 batches in 0.275s; word units 100.0% of 8 words (letters-only 100.0% of 8).
Train Loss: output=0.1750, reconstruction=2.8248
Epoch [181/400]
batch = 0 (Δ=0.279s, 100.00%)
Training throughput: 1 batches in 0.278s; word units 100.0% of 8 words (letters-only 100.0% of 8).
Train Loss: output=0.1750, reconstruction=2.8247
Epoch [182/400]
batch = 0 (Δ=0.278s, 100.00%)
Training throughput: 1 batches in 0.277s; word units 100.0% of 8 words (letters-only 100.0% of 8).
Train Loss: output=0.1750, reconstruction=2.8247
Epoch [183/400]
batch = 0 (Δ=0.276s, 100.00%)
Training throughput: 1 batches in 0.276s; word units 100.0% of 8 words (letters-only 100.0% of 8).
Train Loss: output=0.1750, reconstruction=2.8246
Epoch [184/400]
batch = 0 (Δ=0.278s, 100.00%)
Training throughput: 1 batches in 0.277s; word units 100.0% of 8 words (letters-only 100.0% of 8).
Train Loss: output=0.1750, reconstruction=2.8245
Epoch [185/400]
batch = 0 (Δ=0.284s, 100.00%)
Training throughput: 1 batches in 0.282s; word units 100.0% of 8 words (letters-only 100.0% of 8).
Train Loss: output=0.1750, reconstruction=2.8244
Epoch [186/400]
batch = 0 (Δ=0.358s, 100.00%)
Training throughput: 1 batches in 0.357s; word units 100.0% of 8 words (letters-only 100.0% of 8).
Train Loss: output=0.1750, reconstruction=2.8243
Epoch [187/400]
batch = 0 (Δ=0.280s, 100.00%)
Training throughput: 1 batches in 0.279s; word units 100.0% of 8 words (letters-only 100.0% of 8).
Train Loss: output=0.1750, reconstruction=2.8242
Epoch [188/400]
batch = 0 (Δ=0.279s, 100.00%)
Training throughput: 1 batches in 0.278s; word units 100.0% of 8 words (letters-only 100.0% of 8).
Train Loss: output=0.1750, reconstruction=2.8242
Epoch [189/400]
batch = 0 (Δ=0.280s, 100.00%)
Training throughput: 1 batches in 0.279s; word units 100.0% of 8 words (letters-only 100.0% of 8).
Train Loss: output=0.1750, reconstruction=2.8241
Epoch [190/400]
batch = 0 (Δ=0.280s, 100.00%)
Training throughput: 1 batches in 0.279s; word units 100.0% of 8 words (letters-only 100.0% of 8).
Train Loss: output=0.1750, reconstruction=2.8240
Epoch [191/400]
batch = 0 (Δ=0.278s, 100.00%)
Training throughput: 1 batches in 0.277s; word units 100.0% of 8 words (letters-only 100.0% of 8).
Train Loss: output=0.1750, reconstruction=2.8239
Epoch [192/400]
batch = 0 (Δ=0.279s, 100.00%)
Training throughput: 1 batches in 0.279s; word units 100.0% of 8 words (letters-only 100.0% of 8).
Train Loss: output=0.1750, reconstruction=2.8238
Epoch [193/400]
batch = 0 (Δ=0.284s, 100.00%)
Training throughput: 1 batches in 0.283s; word units 100.0% of 8 words (letters-only 100.0% of 8).
Train Loss: output=0.1750, reconstruction=2.8238
Epoch [194/400]
batch = 0 (Δ=0.283s, 100.00%)
Training throughput: 1 batches in 0.282s; word units 100.0% of 8 words (letters-only 100.0% of 8).
Train Loss: output=0.1750, reconstruction=2.8237
Epoch [195/400]
batch = 0 (Δ=0.283s, 100.00%)
Training throughput: 1 batches in 0.282s; word units 100.0% of 8 words (letters-only 100.0% of 8).
Train Loss: output=0.1750, reconstruction=2.8236
Epoch [196/400]
batch = 0 (Δ=0.281s, 100.00%)
Training throughput: 1 batches in 0.280s; word units 100.0% of 8 words (letters-only 100.0% of 8).
Train Loss: output=0.1750, reconstruction=2.8235
Epoch [197/400]
batch = 0 (Δ=0.281s, 100.00%)
Training throughput: 1 batches in 0.279s; word units 100.0% of 8 words (letters-only 100.0% of 8).
Train Loss: output=0.1750, reconstruction=2.8234
Epoch [198/400]
batch = 0 (Δ=0.283s, 100.00%)
Training throughput: 1 batches in 0.282s; word units 100.0% of 8 words (letters-only 100.0% of 8).
Train Loss: output=0.1750, reconstruction=2.8234
Epoch [199/400]
batch = 0 (Δ=0.282s, 100.00%)
Training throughput: 1 batches in 0.281s; word units 100.0% of 8 words (letters-only 100.0% of 8).
Train Loss: output=0.1750, reconstruction=2.8233
Epoch [200/400]
batch = 0 (Δ=0.357s, 100.00%)
Training throughput: 1 batches in 0.357s; word units 100.0% of 8 words (letters-only 100.0% of 8).
Train Loss: output=0.1750, reconstruction=2.8232
Epoch [201/400]
batch = 0 (Δ=0.286s, 100.00%)
Training throughput: 1 batches in 0.285s; word units 100.0% of 8 words (letters-only 100.0% of 8).
Train Loss: output=0.1750, reconstruction=2.8231
Epoch [202/400]
batch = 0 (Δ=0.282s, 100.00%)
Training throughput: 1 batches in 0.281s; word units 100.0% of 8 words (letters-only 100.0% of 8).
Train Loss: output=0.1750, reconstruction=2.8231
Epoch [203/400]
batch = 0 (Δ=0.281s, 100.00%)
Training throughput: 1 batches in 0.280s; word units 100.0% of 8 words (letters-only 100.0% of 8).
Train Loss: output=0.1750, reconstruction=2.8230
Epoch [204/400]
batch = 0 (Δ=0.280s, 100.00%)
Training throughput: 1 batches in 0.279s; word units 100.0% of 8 words (letters-only 100.0% of 8).
Train Loss: output=0.1750, reconstruction=2.6497
Epoch [205/400]
batch = 0 (Δ=0.284s, 100.00%)
Training throughput: 1 batches in 0.283s; word units 100.0% of 8 words (letters-only 100.0% of 8).
Train Loss: output=0.1750, reconstruction=2.6496
Epoch [206/400]
batch = 0 (Δ=0.282s, 100.00%)
Training throughput: 1 batches in 0.281s; word units 100.0% of 8 words (letters-only 100.0% of 8).
Train Loss: output=0.1750, reconstruction=2.6495
Epoch [207/400]
batch = 0 (Δ=0.282s, 100.00%)
Training throughput: 1 batches in 0.280s; word units 100.0% of 8 words (letters-only 100.0% of 8).
Train Loss: output=0.1750, reconstruction=2.6494
Epoch [208/400]
batch = 0 (Δ=0.284s, 100.00%)
Training throughput: 1 batches in 0.284s; word units 100.0% of 8 words (letters-only 100.0% of 8).
Train Loss: output=0.1750, reconstruction=2.6493
Epoch [209/400]
batch = 0 (Δ=0.285s, 100.00%)
Training throughput: 1 batches in 0.284s; word units 100.0% of 8 words (letters-only 100.0% of 8).
Train Loss: output=0.1750, reconstruction=2.6492
Epoch [210/400]
batch = 0 (Δ=0.281s, 100.00%)
Training throughput: 1 batches in 0.280s; word units 100.0% of 8 words (letters-only 100.0% of 8).
Train Loss: output=0.1750, reconstruction=2.6491
Epoch [211/400]
batch = 0 (Δ=0.282s, 100.00%)
Training throughput: 1 batches in 0.281s; word units 100.0% of 8 words (letters-only 100.0% of 8).
Train Loss: output=0.1750, reconstruction=2.6491
Epoch [212/400]
batch = 0 (Δ=0.282s, 100.00%)
Training throughput: 1 batches in 0.281s; word units 100.0% of 8 words (letters-only 100.0% of 8).
Train Loss: output=0.1750, reconstruction=2.6490
Epoch [213/400]
batch = 0 (Δ=0.283s, 100.00%)
Training throughput: 1 batches in 0.282s; word units 100.0% of 8 words (letters-only 100.0% of 8).
Train Loss: output=0.1750, reconstruction=2.6489
Epoch [214/400]
batch = 0 (Δ=0.358s, 100.00%)
Training throughput: 1 batches in 0.357s; word units 100.0% of 8 words (letters-only 100.0% of 8).
Train Loss: output=0.1750, reconstruction=2.6488
Epoch [215/400]
batch = 0 (Δ=0.280s, 100.00%)
Training throughput: 1 batches in 0.280s; word units 100.0% of 8 words (letters-only 100.0% of 8).
Train Loss: output=0.1750, reconstruction=2.6487
Epoch [216/400]
batch = 0 (Δ=0.287s, 100.00%)
Training throughput: 1 batches in 0.286s; word units 100.0% of 8 words (letters-only 100.0% of 8).
Train Loss: output=0.1750, reconstruction=2.6486
Epoch [217/400]
batch = 0 (Δ=0.283s, 100.00%)
Training throughput: 1 batches in 0.282s; word units 100.0% of 8 words (letters-only 100.0% of 8).
Train Loss: output=0.1750, reconstruction=2.6485
Epoch [218/400]
batch = 0 (Δ=0.281s, 100.00%)
Training throughput: 1 batches in 0.281s; word units 100.0% of 8 words (letters-only 100.0% of 8).
Train Loss: output=0.1750, reconstruction=2.6484
Epoch [219/400]
batch = 0 (Δ=0.284s, 100.00%)
Training throughput: 1 batches in 0.283s; word units 100.0% of 8 words (letters-only 100.0% of 8).
Train Loss: output=0.1750, reconstruction=2.6484
Epoch [220/400]
batch = 0 (Δ=0.285s, 100.00%)
Training throughput: 1 batches in 0.284s; word units 100.0% of 8 words (letters-only 100.0% of 8).
Train Loss: output=0.1750, reconstruction=2.6483
Epoch [221/400]
batch = 0 (Δ=0.285s, 100.00%)
Training throughput: 1 batches in 0.284s; word units 100.0% of 8 words (letters-only 100.0% of 8).
Train Loss: output=0.1750, reconstruction=2.6482
Epoch [222/400]
batch = 0 (Δ=0.282s, 100.00%)
Training throughput: 1 batches in 0.281s; word units 100.0% of 8 words (letters-only 100.0% of 8).
Train Loss: output=0.1750, reconstruction=2.6481
Epoch [223/400]
batch = 0 (Δ=0.283s, 100.00%)
Training throughput: 1 batches in 0.282s; word units 100.0% of 8 words (letters-only 100.0% of 8).
Train Loss: output=0.1750, reconstruction=2.6480
Epoch [224/400]
batch = 0 (Δ=0.289s, 100.00%)
Training throughput: 1 batches in 0.288s; word units 100.0% of 8 words (letters-only 100.0% of 8).
Train Loss: output=0.1750, reconstruction=2.6480
Epoch [225/400]
batch = 0 (Δ=0.281s, 100.00%)
Training throughput: 1 batches in 0.280s; word units 100.0% of 8 words (letters-only 100.0% of 8).
Train Loss: output=0.1750, reconstruction=2.6479
Epoch [226/400]
batch = 0 (Δ=0.283s, 100.00%)
Training throughput: 1 batches in 0.282s; word units 100.0% of 8 words (letters-only 100.0% of 8).
Train Loss: output=0.1750, reconstruction=2.6478
Epoch [227/400]
batch = 0 (Δ=0.364s, 100.00%)
Training throughput: 1 batches in 0.363s; word units 100.0% of 8 words (letters-only 100.0% of 8).
Train Loss: output=0.1750, reconstruction=2.6477
Epoch [228/400]
batch = 0 (Δ=0.285s, 100.00%)
Training throughput: 1 batches in 0.283s; word units 100.0% of 8 words (letters-only 100.0% of 8).
Train Loss: output=0.1750, reconstruction=2.6476
Epoch [229/400]
batch = 0 (Δ=0.283s, 100.00%)
Training throughput: 1 batches in 0.282s; word units 100.0% of 8 words (letters-only 100.0% of 8).
Train Loss: output=0.1750, reconstruction=2.6475
Epoch [230/400]
batch = 0 (Δ=0.287s, 100.00%)
Training throughput: 1 batches in 0.286s; word units 100.0% of 8 words (letters-only 100.0% of 8).
Train Loss: output=0.1750, reconstruction=2.6474
Epoch [231/400]
batch = 0 (Δ=0.281s, 100.00%)
Training throughput: 1 batches in 0.280s; word units 100.0% of 8 words (letters-only 100.0% of 8).
Train Loss: output=0.1750, reconstruction=2.6474
Epoch [232/400]
batch = 0 (Δ=0.280s, 100.00%)
Training throughput: 1 batches in 0.279s; word units 100.0% of 8 words (letters-only 100.0% of 8).
Train Loss: output=0.1750, reconstruction=2.6473
Epoch [233/400]
batch = 0 (Δ=0.283s, 100.00%)
Training throughput: 1 batches in 0.282s; word units 100.0% of 8 words (letters-only 100.0% of 8).
Train Loss: output=0.1750, reconstruction=2.6472
Epoch [234/400]
batch = 0 (Δ=0.286s, 100.00%)
Training throughput: 1 batches in 0.285s; word units 100.0% of 8 words (letters-only 100.0% of 8).
Train Loss: output=0.1750, reconstruction=2.6471
Epoch [235/400]
batch = 0 (Δ=0.283s, 100.00%)
Training throughput: 1 batches in 0.282s; word units 100.0% of 8 words (letters-only 100.0% of 8).
Train Loss: output=0.1750, reconstruction=2.6470
Epoch [236/400]
batch = 0 (Δ=0.291s, 100.00%)
Training throughput: 1 batches in 0.291s; word units 100.0% of 8 words (letters-only 100.0% of 8).
Train Loss: output=0.1750, reconstruction=2.6470
Epoch [237/400]
batch = 0 (Δ=0.286s, 100.00%)
Training throughput: 1 batches in 0.285s; word units 100.0% of 8 words (letters-only 100.0% of 8).
Train Loss: output=0.1750, reconstruction=2.6469
Epoch [238/400]
batch = 0 (Δ=0.286s, 100.00%)
Training throughput: 1 batches in 0.285s; word units 100.0% of 8 words (letters-only 100.0% of 8).
Train Loss: output=0.1750, reconstruction=2.6468
Epoch [239/400]
batch = 0 (Δ=0.285s, 100.00%)
Training throughput: 1 batches in 0.284s; word units 100.0% of 8 words (letters-only 100.0% of 8).
Train Loss: output=0.1750, reconstruction=2.6468
Epoch [240/400]
batch = 0 (Δ=0.285s, 100.00%)
Training throughput: 1 batches in 0.284s; word units 100.0% of 8 words (letters-only 100.0% of 8).
Train Loss: output=0.1750, reconstruction=2.6467
Epoch [241/400]
batch = 0 (Δ=0.368s, 100.00%)
Training throughput: 1 batches in 0.368s; word units 100.0% of 8 words (letters-only 100.0% of 8).
Train Loss: output=0.1750, reconstruction=2.6466
Epoch [242/400]
batch = 0 (Δ=0.285s, 100.00%)
Training throughput: 1 batches in 0.283s; word units 100.0% of 8 words (letters-only 100.0% of 8).
Train Loss: output=0.1750, reconstruction=2.6466
Epoch [243/400]
batch = 0 (Δ=0.286s, 100.00%)
Training throughput: 1 batches in 0.285s; word units 100.0% of 8 words (letters-only 100.0% of 8).
Train Loss: output=0.1750, reconstruction=2.6465
Epoch [244/400]
batch = 0 (Δ=0.286s, 100.00%)
Training throughput: 1 batches in 0.285s; word units 100.0% of 8 words (letters-only 100.0% of 8).
Train Loss: output=0.1750, reconstruction=2.6464
Epoch [245/400]
batch = 0 (Δ=0.284s, 100.00%)
Training throughput: 1 batches in 0.283s; word units 100.0% of 8 words (letters-only 100.0% of 8).
Train Loss: output=0.1750, reconstruction=2.6463
Epoch [246/400]
batch = 0 (Δ=0.285s, 100.00%)
Training throughput: 1 batches in 0.284s; word units 100.0% of 8 words (letters-only 100.0% of 8).
Train Loss: output=0.1750, reconstruction=2.6463
Epoch [247/400]
batch = 0 (Δ=0.287s, 100.00%)
Training throughput: 1 batches in 0.286s; word units 100.0% of 8 words (letters-only 100.0% of 8).
Train Loss: output=0.1750, reconstruction=2.6462
Epoch [248/400]
batch = 0 (Δ=0.286s, 100.00%)
Training throughput: 1 batches in 0.285s; word units 100.0% of 8 words (letters-only 100.0% of 8).
Train Loss: output=0.1750, reconstruction=2.6461
Epoch [249/400]
batch = 0 (Δ=0.285s, 100.00%)
Training throughput: 1 batches in 0.284s; word units 100.0% of 8 words (letters-only 100.0% of 8).
Train Loss: output=0.1750, reconstruction=2.6460
Epoch [250/400]
batch = 0 (Δ=0.287s, 100.00%)
Training throughput: 1 batches in 0.286s; word units 100.0% of 8 words (letters-only 100.0% of 8).
Train Loss: output=0.1750, reconstruction=2.6460
Epoch [251/400]
batch = 0 (Δ=0.286s, 100.00%)
Training throughput: 1 batches in 0.285s; word units 100.0% of 8 words (letters-only 100.0% of 8).
Train Loss: output=0.1750, reconstruction=2.6459
Epoch [252/400]
batch = 0 (Δ=0.285s, 100.00%)
Training throughput: 1 batches in 0.284s; word units 100.0% of 8 words (letters-only 100.0% of 8).
Train Loss: output=0.1750, reconstruction=2.6458
Epoch [253/400]
batch = 0 (Δ=0.290s, 100.00%)
Training throughput: 1 batches in 0.289s; word units 100.0% of 8 words (letters-only 100.0% of 8).
Train Loss: output=0.1750, reconstruction=2.6458
Epoch [254/400]
batch = 0 (Δ=0.290s, 100.00%)
Training throughput: 1 batches in 0.289s; word units 100.0% of 8 words (letters-only 100.0% of 8).
Train Loss: output=0.1750, reconstruction=2.6457
Epoch [255/400]
batch = 0 (Δ=0.364s, 100.00%)
Training throughput: 1 batches in 0.363s; word units 100.0% of 8 words (letters-only 100.0% of 8).
Train Loss: output=0.1750, reconstruction=2.6456
Epoch [256/400]
batch = 0 (Δ=0.280s, 100.00%)
Training throughput: 1 batches in 0.279s; word units 100.0% of 8 words (letters-only 100.0% of 8).
Train Loss: output=0.1750, reconstruction=2.6456
Epoch [257/400]
batch = 0 (Δ=0.280s, 100.00%)
Training throughput: 1 batches in 0.279s; word units 100.0% of 8 words (letters-only 100.0% of 8).
Train Loss: output=0.1750, reconstruction=2.6342
Epoch [258/400]
batch = 0 (Δ=0.280s, 100.00%)
Training throughput: 1 batches in 0.279s; word units 100.0% of 8 words (letters-only 100.0% of 8).
Train Loss: output=0.1750, reconstruction=2.6219
Epoch [259/400]
batch = 0 (Δ=0.282s, 100.00%)
Training throughput: 1 batches in 0.281s; word units 100.0% of 8 words (letters-only 100.0% of 8).
Train Loss: output=0.1750, reconstruction=2.6108
Epoch [260/400]
batch = 0 (Δ=0.278s, 100.00%)
Training throughput: 1 batches in 0.277s; word units 100.0% of 8 words (letters-only 100.0% of 8).
Train Loss: output=0.1750, reconstruction=2.6013
Epoch [261/400]
batch = 0 (Δ=0.281s, 100.00%)
Training throughput: 1 batches in 0.280s; word units 100.0% of 8 words (letters-only 100.0% of 8).
Train Loss: output=0.1750, reconstruction=2.5933
Epoch [262/400]
batch = 0 (Δ=0.279s, 100.00%)
Training throughput: 1 batches in 0.278s; word units 100.0% of 8 words (letters-only 100.0% of 8).
Train Loss: output=0.1750, reconstruction=2.5868
Epoch [263/400]
batch = 0 (Δ=0.278s, 100.00%)
Training throughput: 1 batches in 0.277s; word units 100.0% of 8 words (letters-only 100.0% of 8).
Train Loss: output=0.1750, reconstruction=2.5814
Epoch [264/400]
batch = 0 (Δ=0.279s, 100.00%)
Training throughput: 1 batches in 0.278s; word units 100.0% of 8 words (letters-only 100.0% of 8).
Train Loss: output=0.1750, reconstruction=2.5769
Epoch [265/400]
batch = 0 (Δ=0.283s, 100.00%)
Training throughput: 1 batches in 0.282s; word units 100.0% of 8 words (letters-only 100.0% of 8).
Train Loss: output=0.1750, reconstruction=2.5732
Epoch [266/400]
batch = 0 (Δ=0.281s, 100.00%)
Training throughput: 1 batches in 0.280s; word units 100.0% of 8 words (letters-only 100.0% of 8).
Train Loss: output=0.1750, reconstruction=2.5702
Epoch [267/400]
batch = 0 (Δ=0.283s, 100.00%)
Training throughput: 1 batches in 0.282s; word units 100.0% of 8 words (letters-only 100.0% of 8).
Train Loss: output=0.1750, reconstruction=2.5678
Epoch [268/400]
batch = 0 (Δ=0.281s, 100.00%)
Training throughput: 1 batches in 0.280s; word units 100.0% of 8 words (letters-only 100.0% of 8).
Train Loss: output=0.1750, reconstruction=2.5657
Epoch [269/400]
batch = 0 (Δ=0.283s, 100.00%)
Training throughput: 1 batches in 0.281s; word units 100.0% of 8 words (letters-only 100.0% of 8).
Train Loss: output=0.1750, reconstruction=2.5640
Epoch [270/400]
batch = 0 (Δ=0.360s, 100.00%)
Training throughput: 1 batches in 0.360s; word units 100.0% of 8 words (letters-only 100.0% of 8).
Train Loss: output=0.1750, reconstruction=2.5626
Epoch [271/400]
batch = 0 (Δ=0.278s, 100.00%)
Training throughput: 1 batches in 0.277s; word units 100.0% of 8 words (letters-only 100.0% of 8).
Train Loss: output=0.1750, reconstruction=2.5614
Epoch [272/400]
batch = 0 (Δ=0.278s, 100.00%)
Training throughput: 1 batches in 0.277s; word units 100.0% of 8 words (letters-only 100.0% of 8).
Train Loss: output=0.1750, reconstruction=2.5604
Epoch [273/400]
batch = 0 (Δ=0.278s, 100.00%)
Training throughput: 1 batches in 0.277s; word units 100.0% of 8 words (letters-only 100.0% of 8).
Train Loss: output=0.1750, reconstruction=2.5595
Epoch [274/400]
batch = 0 (Δ=0.280s, 100.00%)
Training throughput: 1 batches in 0.279s; word units 100.0% of 8 words (letters-only 100.0% of 8).
Train Loss: output=0.1750, reconstruction=2.5588
Epoch [275/400]
batch = 0 (Δ=0.280s, 100.00%)
Training throughput: 1 batches in 0.279s; word units 100.0% of 8 words (letters-only 100.0% of 8).
Train Loss: output=0.1750, reconstruction=2.5582
Epoch [276/400]
batch = 0 (Δ=0.282s, 100.00%)
Training throughput: 1 batches in 0.281s; word units 100.0% of 8 words (letters-only 100.0% of 8).
Train Loss: output=0.1750, reconstruction=2.5577
Epoch [277/400]
batch = 0 (Δ=0.282s, 100.00%)
Training throughput: 1 batches in 0.281s; word units 100.0% of 8 words (letters-only 100.0% of 8).
Train Loss: output=0.1750, reconstruction=2.5572
Epoch [278/400]
batch = 0 (Δ=0.279s, 100.00%)
Training throughput: 1 batches in 0.278s; word units 100.0% of 8 words (letters-only 100.0% of 8).
Train Loss: output=0.1750, reconstruction=2.5568
Epoch [279/400]
batch = 0 (Δ=0.279s, 100.00%)
Training throughput: 1 batches in 0.278s; word units 100.0% of 8 words (letters-only 100.0% of 8).
Train Loss: output=0.1750, reconstruction=2.5564
Epoch [280/400]
batch = 0 (Δ=0.278s, 100.00%)
Training throughput: 1 batches in 0.277s; word units 100.0% of 8 words (letters-only 100.0% of 8).
Train Loss: output=0.1750, reconstruction=2.5561
Epoch [281/400]
batch = 0 (Δ=0.283s, 100.00%)
Training throughput: 1 batches in 0.282s; word units 100.0% of 8 words (letters-only 100.0% of 8).
Train Loss: output=0.1750, reconstruction=2.5558
Epoch [282/400]
batch = 0 (Δ=0.282s, 100.00%)
Training throughput: 1 batches in 0.281s; word units 100.0% of 8 words (letters-only 100.0% of 8).
Train Loss: output=0.1750, reconstruction=2.5556
Epoch [283/400]
batch = 0 (Δ=0.278s, 100.00%)
Training throughput: 1 batches in 0.277s; word units 100.0% of 8 words (letters-only 100.0% of 8).
Train Loss: output=0.1750, reconstruction=2.5554
Epoch [284/400]
batch = 0 (Δ=0.282s, 100.00%)
Training throughput: 1 batches in 0.281s; word units 100.0% of 8 words (letters-only 100.0% of 8).
Train Loss: output=0.1750, reconstruction=2.5552
Epoch [285/400]
batch = 0 (Δ=0.357s, 100.00%)
Training throughput: 1 batches in 0.356s; word units 100.0% of 8 words (letters-only 100.0% of 8).
Train Loss: output=0.1750, reconstruction=2.5550
Epoch [286/400]
batch = 0 (Δ=0.279s, 100.00%)
Training throughput: 1 batches in 0.278s; word units 100.0% of 8 words (letters-only 100.0% of 8).
Train Loss: output=0.1750, reconstruction=2.5548
Epoch [287/400]
batch = 0 (Δ=0.282s, 100.00%)
Training throughput: 1 batches in 0.281s; word units 100.0% of 8 words (letters-only 100.0% of 8).
Train Loss: output=0.1750, reconstruction=2.5547
Epoch [288/400]
batch = 0 (Δ=0.280s, 100.00%)
Training throughput: 1 batches in 0.279s; word units 100.0% of 8 words (letters-only 100.0% of 8).
Train Loss: output=0.1750, reconstruction=2.5545
Epoch [289/400]
batch = 0 (Δ=0.277s, 100.00%)
Training throughput: 1 batches in 0.276s; word units 100.0% of 8 words (letters-only 100.0% of 8).
Train Loss: output=0.1750, reconstruction=2.5544
Epoch [290/400]
batch = 0 (Δ=0.280s, 100.00%)
Training throughput: 1 batches in 0.278s; word units 100.0% of 8 words (letters-only 100.0% of 8).
Train Loss: output=0.1750, reconstruction=2.5543
Epoch [291/400]
batch = 0 (Δ=0.278s, 100.00%)
Training throughput: 1 batches in 0.277s; word units 100.0% of 8 words (letters-only 100.0% of 8).
Train Loss: output=0.1750, reconstruction=2.5542
Epoch [292/400]
batch = 0 (Δ=0.281s, 100.00%)
Training throughput: 1 batches in 0.279s; word units 100.0% of 8 words (letters-only 100.0% of 8).
Train Loss: output=0.1750, reconstruction=2.5541
Epoch [293/400]
batch = 0 (Δ=0.283s, 100.00%)
Training throughput: 1 batches in 0.282s; word units 100.0% of 8 words (letters-only 100.0% of 8).
Train Loss: output=0.1750, reconstruction=2.5540
Epoch [294/400]
batch = 0 (Δ=0.280s, 100.00%)
Training throughput: 1 batches in 0.279s; word units 100.0% of 8 words (letters-only 100.0% of 8).
Train Loss: output=0.1750, reconstruction=2.4926
Epoch [295/400]
batch = 0 (Δ=0.278s, 100.00%)
Training throughput: 1 batches in 0.277s; word units 100.0% of 8 words (letters-only 100.0% of 8).
Train Loss: output=0.1750, reconstruction=2.4926
Epoch [296/400]
batch = 0 (Δ=0.278s, 100.00%)
Training throughput: 1 batches in 0.277s; word units 100.0% of 8 words (letters-only 100.0% of 8).
Train Loss: output=0.1750, reconstruction=2.4926
Epoch [297/400]
batch = 0 (Δ=0.282s, 100.00%)
Training throughput: 1 batches in 0.281s; word units 100.0% of 8 words (letters-only 100.0% of 8).
Train Loss: output=0.1750, reconstruction=2.4925
Epoch [298/400]
batch = 0 (Δ=0.280s, 100.00%)
Training throughput: 1 batches in 0.279s; word units 100.0% of 8 words (letters-only 100.0% of 8).
Train Loss: output=0.1750, reconstruction=2.4925
Epoch [299/400]
batch = 0 (Δ=0.359s, 100.00%)
Training throughput: 1 batches in 0.359s; word units 100.0% of 8 words (letters-only 100.0% of 8).
Train Loss: output=0.1750, reconstruction=2.4925
Epoch [300/400]
batch = 0 (Δ=0.280s, 100.00%)
Training throughput: 1 batches in 0.278s; word units 100.0% of 8 words (letters-only 100.0% of 8).
Train Loss: output=0.1750, reconstruction=2.4925
Epoch [301/400]
batch = 0 (Δ=0.278s, 100.00%)
Training throughput: 1 batches in 0.277s; word units 100.0% of 8 words (letters-only 100.0% of 8).
Train Loss: output=0.1750, reconstruction=2.4925
Epoch [302/400]
batch = 0 (Δ=0.278s, 100.00%)
Training throughput: 1 batches in 0.277s; word units 100.0% of 8 words (letters-only 100.0% of 8).
Train Loss: output=0.1750, reconstruction=2.4925
Epoch [303/400]
batch = 0 (Δ=0.278s, 100.00%)
Training throughput: 1 batches in 0.277s; word units 100.0% of 8 words (letters-only 100.0% of 8).
Train Loss: output=0.1750, reconstruction=2.4924
Epoch [304/400]
batch = 0 (Δ=0.277s, 100.00%)
Training throughput: 1 batches in 0.276s; word units 100.0% of 8 words (letters-only 100.0% of 8).
Train Loss: output=0.1750, reconstruction=2.4924
Epoch [305/400]
batch = 0 (Δ=0.281s, 100.00%)
Training throughput: 1 batches in 0.280s; word units 100.0% of 8 words (letters-only 100.0% of 8).
Train Loss: output=0.1750, reconstruction=2.4924
Epoch [306/400]
batch = 0 (Δ=0.280s, 100.00%)
Training throughput: 1 batches in 0.279s; word units 100.0% of 8 words (letters-only 100.0% of 8).
Train Loss: output=0.1750, reconstruction=2.4924
Epoch [307/400]
batch = 0 (Δ=0.278s, 100.00%)
Training throughput: 1 batches in 0.278s; word units 100.0% of 8 words (letters-only 100.0% of 8).
Train Loss: output=0.1750, reconstruction=2.4924
Epoch [308/400]
batch = 0 (Δ=0.285s, 100.00%)
Training throughput: 1 batches in 0.283s; word units 100.0% of 8 words (letters-only 100.0% of 8).
Train Loss: output=0.1750, reconstruction=2.4924
Epoch [309/400]
batch = 0 (Δ=0.281s, 100.00%)
Training throughput: 1 batches in 0.281s; word units 100.0% of 8 words (letters-only 100.0% of 8).
Train Loss: output=0.1750, reconstruction=2.4924
Epoch [310/400]
batch = 0 (Δ=0.285s, 100.00%)
Training throughput: 1 batches in 0.284s; word units 100.0% of 8 words (letters-only 100.0% of 8).
Train Loss: output=0.1750, reconstruction=2.4924
Epoch [311/400]
batch = 0 (Δ=0.279s, 100.00%)
Training throughput: 1 batches in 0.278s; word units 100.0% of 8 words (letters-only 100.0% of 8).
Train Loss: output=0.1750, reconstruction=2.4923
Epoch [312/400]
batch = 0 (Δ=0.279s, 100.00%)
Training throughput: 1 batches in 0.278s; word units 100.0% of 8 words (letters-only 100.0% of 8).
Train Loss: output=0.1750, reconstruction=2.4923
Epoch [313/400]
batch = 0 (Δ=0.282s, 100.00%)
Training throughput: 1 batches in 0.281s; word units 100.0% of 8 words (letters-only 100.0% of 8).
Train Loss: output=0.1750, reconstruction=2.4923
Epoch [314/400]
batch = 0 (Δ=0.282s, 100.00%)
Training throughput: 1 batches in 0.281s; word units 100.0% of 8 words (letters-only 100.0% of 8).
Train Loss: output=0.1750, reconstruction=2.4923
Epoch [315/400]
batch = 0 (Δ=0.360s, 100.00%)
Training throughput: 1 batches in 0.359s; word units 100.0% of 8 words (letters-only 100.0% of 8).
Train Loss: output=0.1750, reconstruction=2.4923
Epoch [316/400]
batch = 0 (Δ=0.283s, 100.00%)
Training throughput: 1 batches in 0.282s; word units 100.0% of 8 words (letters-only 100.0% of 8).
Train Loss: output=0.1750, reconstruction=2.4923
Epoch [317/400]
batch = 0 (Δ=0.278s, 100.00%)
Training throughput: 1 batches in 0.277s; word units 100.0% of 8 words (letters-only 100.0% of 8).
Train Loss: output=0.1750, reconstruction=2.4923
Epoch [318/400]
batch = 0 (Δ=0.279s, 100.00%)
Training throughput: 1 batches in 0.278s; word units 100.0% of 8 words (letters-only 100.0% of 8).
Train Loss: output=0.1750, reconstruction=2.4923
Epoch [319/400]
batch = 0 (Δ=0.279s, 100.00%)
Training throughput: 1 batches in 0.278s; word units 100.0% of 8 words (letters-only 100.0% of 8).
Train Loss: output=0.1750, reconstruction=2.4923
Epoch [320/400]
batch = 0 (Δ=0.281s, 100.00%)
Training throughput: 1 batches in 0.280s; word units 100.0% of 8 words (letters-only 100.0% of 8).
Train Loss: output=0.1750, reconstruction=2.4923
Epoch [321/400]
batch = 0 (Δ=0.279s, 100.00%)
Training throughput: 1 batches in 0.278s; word units 100.0% of 8 words (letters-only 100.0% of 8).
Train Loss: output=0.1750, reconstruction=2.4923
Epoch [322/400]
batch = 0 (Δ=0.283s, 100.00%)
Training throughput: 1 batches in 0.282s; word units 100.0% of 8 words (letters-only 100.0% of 8).
Train Loss: output=0.1750, reconstruction=2.4923
Epoch [323/400]
batch = 0 (Δ=0.284s, 100.00%)
Training throughput: 1 batches in 0.283s; word units 100.0% of 8 words (letters-only 100.0% of 8).
Train Loss: output=0.1750, reconstruction=2.4922
Epoch [324/400]
batch = 0 (Δ=0.278s, 100.00%)
Training throughput: 1 batches in 0.277s; word units 100.0% of 8 words (letters-only 100.0% of 8).
Train Loss: output=0.1750, reconstruction=2.4922
Epoch [325/400]
batch = 0 (Δ=0.278s, 100.00%)
Training throughput: 1 batches in 0.277s; word units 100.0% of 8 words (letters-only 100.0% of 8).
Train Loss: output=0.1750, reconstruction=2.4922
Epoch [326/400]
batch = 0 (Δ=0.282s, 100.00%)
Training throughput: 1 batches in 0.281s; word units 100.0% of 8 words (letters-only 100.0% of 8).
Train Loss: output=0.1750, reconstruction=2.4922
Epoch [327/400]
batch = 0 (Δ=0.277s, 100.00%)
Training throughput: 1 batches in 0.276s; word units 100.0% of 8 words (letters-only 100.0% of 8).
Train Loss: output=0.1750, reconstruction=2.4922
Epoch [328/400]
batch = 0 (Δ=0.278s, 100.00%)
Training throughput: 1 batches in 0.278s; word units 100.0% of 8 words (letters-only 100.0% of 8).
Train Loss: output=0.1750, reconstruction=2.4922
Epoch [329/400]
batch = 0 (Δ=0.283s, 100.00%)
Training throughput: 1 batches in 0.282s; word units 100.0% of 8 words (letters-only 100.0% of 8).
Train Loss: output=0.1750, reconstruction=2.4922
Epoch [330/400]
batch = 0 (Δ=0.361s, 100.00%)
Training throughput: 1 batches in 0.360s; word units 100.0% of 8 words (letters-only 100.0% of 8).
Train Loss: output=0.1750, reconstruction=2.4922
Epoch [331/400]
batch = 0 (Δ=0.281s, 100.00%)
Training throughput: 1 batches in 0.280s; word units 100.0% of 8 words (letters-only 100.0% of 8).
Train Loss: output=0.1750, reconstruction=2.4922
Epoch [332/400]
batch = 0 (Δ=0.278s, 100.00%)
Training throughput: 1 batches in 0.277s; word units 100.0% of 8 words (letters-only 100.0% of 8).
Train Loss: output=0.1750, reconstruction=2.4922
Epoch [333/400]
batch = 0 (Δ=0.283s, 100.00%)
Training throughput: 1 batches in 0.282s; word units 100.0% of 8 words (letters-only 100.0% of 8).
Train Loss: output=0.1750, reconstruction=2.4922
Epoch [334/400]
batch = 0 (Δ=0.280s, 100.00%)
Training throughput: 1 batches in 0.279s; word units 100.0% of 8 words (letters-only 100.0% of 8).
Train Loss: output=0.1750, reconstruction=2.4922
Epoch [335/400]
batch = 0 (Δ=0.278s, 100.00%)
Training throughput: 1 batches in 0.277s; word units 100.0% of 8 words (letters-only 100.0% of 8).
Train Loss: output=0.1750, reconstruction=2.4922
Epoch [336/400]
batch = 0 (Δ=0.280s, 100.00%)
Training throughput: 1 batches in 0.279s; word units 100.0% of 8 words (letters-only 100.0% of 8).
Train Loss: output=0.1750, reconstruction=2.4922
Epoch [337/400]
batch = 0 (Δ=0.280s, 100.00%)
Training throughput: 1 batches in 0.279s; word units 100.0% of 8 words (letters-only 100.0% of 8).
Train Loss: output=0.1750, reconstruction=2.4922
Epoch [338/400]
batch = 0 (Δ=0.280s, 100.00%)
Training throughput: 1 batches in 0.279s; word units 100.0% of 8 words (letters-only 100.0% of 8).
Train Loss: output=0.1750, reconstruction=2.4922
Epoch [339/400]
batch = 0 (Δ=0.281s, 100.00%)
Training throughput: 1 batches in 0.280s; word units 100.0% of 8 words (letters-only 100.0% of 8).
Train Loss: output=0.1750, reconstruction=2.4922
Epoch [340/400]
batch = 0 (Δ=0.281s, 100.00%)
Training throughput: 1 batches in 0.280s; word units 100.0% of 8 words (letters-only 100.0% of 8).
Train Loss: output=0.1750, reconstruction=2.4922
Epoch [341/400]
batch = 0 (Δ=0.278s, 100.00%)
Training throughput: 1 batches in 0.277s; word units 100.0% of 8 words (letters-only 100.0% of 8).
Train Loss: output=0.1750, reconstruction=2.4922
Epoch [342/400]
batch = 0 (Δ=0.278s, 100.00%)
Training throughput: 1 batches in 0.277s; word units 100.0% of 8 words (letters-only 100.0% of 8).
Train Loss: output=0.1750, reconstruction=2.4922
Epoch [343/400]
batch = 0 (Δ=0.281s, 100.00%)
Training throughput: 1 batches in 0.280s; word units 100.0% of 8 words (letters-only 100.0% of 8).
Train Loss: output=0.1750, reconstruction=2.4921
Epoch [344/400]
batch = 0 (Δ=0.352s, 100.00%)
Training throughput: 1 batches in 0.351s; word units 100.0% of 8 words (letters-only 100.0% of 8).
Train Loss: output=0.1750, reconstruction=2.4921
Epoch [345/400]
batch = 0 (Δ=0.278s, 100.00%)
Training throughput: 1 batches in 0.277s; word units 100.0% of 8 words (letters-only 100.0% of 8).
Train Loss: output=0.1750, reconstruction=2.4921
Epoch [346/400]
batch = 0 (Δ=0.282s, 100.00%)
Training throughput: 1 batches in 0.281s; word units 100.0% of 8 words (letters-only 100.0% of 8).
Train Loss: output=0.1750, reconstruction=2.4921
Epoch [347/400]
batch = 0 (Δ=0.279s, 100.00%)
Training throughput: 1 batches in 0.278s; word units 100.0% of 8 words (letters-only 100.0% of 8).
Train Loss: output=0.1750, reconstruction=2.4921
Epoch [348/400]
batch = 0 (Δ=0.278s, 100.00%)
Training throughput: 1 batches in 0.277s; word units 100.0% of 8 words (letters-only 100.0% of 8).
Train Loss: output=0.1750, reconstruction=2.4921
Epoch [349/400]
batch = 0 (Δ=0.281s, 100.00%)
Training throughput: 1 batches in 0.280s; word units 100.0% of 8 words (letters-only 100.0% of 8).
Train Loss: output=0.1750, reconstruction=2.4921
Epoch [350/400]
batch = 0 (Δ=0.278s, 100.00%)
Training throughput: 1 batches in 0.277s; word units 100.0% of 8 words (letters-only 100.0% of 8).
Train Loss: output=0.1750, reconstruction=2.4921
Epoch [351/400]
batch = 0 (Δ=0.279s, 100.00%)
Training throughput: 1 batches in 0.278s; word units 100.0% of 8 words (letters-only 100.0% of 8).
Train Loss: output=0.1750, reconstruction=2.4921
Epoch [352/400]
batch = 0 (Δ=0.283s, 100.00%)
Training throughput: 1 batches in 0.282s; word units 100.0% of 8 words (letters-only 100.0% of 8).
Train Loss: output=0.1750, reconstruction=2.4921
Epoch [353/400]
batch = 0 (Δ=0.280s, 100.00%)
Training throughput: 1 batches in 0.279s; word units 100.0% of 8 words (letters-only 100.0% of 8).
Train Loss: output=0.1750, reconstruction=2.4921
Epoch [354/400]
batch = 0 (Δ=0.283s, 100.00%)
Training throughput: 1 batches in 0.282s; word units 100.0% of 8 words (letters-only 100.0% of 8).
Train Loss: output=0.1750, reconstruction=2.4921
Epoch [355/400]
batch = 0 (Δ=0.278s, 100.00%)
Training throughput: 1 batches in 0.277s; word units 100.0% of 8 words (letters-only 100.0% of 8).
Train Loss: output=0.1750, reconstruction=2.4921
Epoch [356/400]
batch = 0 (Δ=0.280s, 100.00%)
Training throughput: 1 batches in 0.279s; word units 100.0% of 8 words (letters-only 100.0% of 8).
Train Loss: output=0.1750, reconstruction=2.4921
Epoch [357/400]
batch = 0 (Δ=0.280s, 100.00%)
Training throughput: 1 batches in 0.279s; word units 100.0% of 8 words (letters-only 100.0% of 8).
Train Loss: output=0.1750, reconstruction=2.4921
Epoch [358/400]
batch = 0 (Δ=0.278s, 100.00%)
Training throughput: 1 batches in 0.277s; word units 100.0% of 8 words (letters-only 100.0% of 8).
Train Loss: output=0.1750, reconstruction=2.4921
Epoch [359/400]
batch = 0 (Δ=0.284s, 100.00%)
Training throughput: 1 batches in 0.283s; word units 100.0% of 8 words (letters-only 100.0% of 8).
Train Loss: output=0.1750, reconstruction=2.4921
Epoch [360/400]
batch = 0 (Δ=0.364s, 100.00%)
Training throughput: 1 batches in 0.363s; word units 100.0% of 8 words (letters-only 100.0% of 8).
Train Loss: output=0.1750, reconstruction=2.4921
Epoch [361/400]
batch = 0 (Δ=0.278s, 100.00%)
Training throughput: 1 batches in 0.277s; word units 100.0% of 8 words (letters-only 100.0% of 8).
Train Loss: output=0.1750, reconstruction=2.4921
Epoch [362/400]
batch = 0 (Δ=0.280s, 100.00%)
Training throughput: 1 batches in 0.279s; word units 100.0% of 8 words (letters-only 100.0% of 8).
Train Loss: output=0.1750, reconstruction=2.4921
Epoch [363/400]
batch = 0 (Δ=0.279s, 100.00%)
Training throughput: 1 batches in 0.278s; word units 100.0% of 8 words (letters-only 100.0% of 8).
Train Loss: output=0.1750, reconstruction=2.4921
Epoch [364/400]
batch = 0 (Δ=0.279s, 100.00%)
Training throughput: 1 batches in 0.278s; word units 100.0% of 8 words (letters-only 100.0% of 8).
Train Loss: output=0.1750, reconstruction=2.4921
Epoch [365/400]
batch = 0 (Δ=0.279s, 100.00%)
Training throughput: 1 batches in 0.278s; word units 100.0% of 8 words (letters-only 100.0% of 8).
Train Loss: output=0.1750, reconstruction=2.4921
Epoch [366/400]
batch = 0 (Δ=0.280s, 100.00%)
Training throughput: 1 batches in 0.279s; word units 100.0% of 8 words (letters-only 100.0% of 8).
Train Loss: output=0.1750, reconstruction=2.4921
Epoch [367/400]
batch = 0 (Δ=0.279s, 100.00%)
Training throughput: 1 batches in 0.278s; word units 100.0% of 8 words (letters-only 100.0% of 8).
Train Loss: output=0.1750, reconstruction=2.4921
Epoch [368/400]
batch = 0 (Δ=0.278s, 100.00%)
Training throughput: 1 batches in 0.277s; word units 100.0% of 8 words (letters-only 100.0% of 8).
Train Loss: output=0.1750, reconstruction=2.4921
Epoch [369/400]
batch = 0 (Δ=0.282s, 100.00%)
Training throughput: 1 batches in 0.281s; word units 100.0% of 8 words (letters-only 100.0% of 8).
Train Loss: output=0.1750, reconstruction=2.4921
Epoch [370/400]
batch = 0 (Δ=0.281s, 100.00%)
Training throughput: 1 batches in 0.280s; word units 100.0% of 8 words (letters-only 100.0% of 8).
Train Loss: output=0.1750, reconstruction=2.4921
Epoch [371/400]
batch = 0 (Δ=0.279s, 100.00%)
Training throughput: 1 batches in 0.278s; word units 100.0% of 8 words (letters-only 100.0% of 8).
Train Loss: output=0.1750, reconstruction=2.4921
Epoch [372/400]
batch = 0 (Δ=0.280s, 100.00%)
Training throughput: 1 batches in 0.279s; word units 100.0% of 8 words (letters-only 100.0% of 8).
Train Loss: output=0.1750, reconstruction=2.4921
Epoch [373/400]
batch = 0 (Δ=0.284s, 100.00%)
Training throughput: 1 batches in 0.283s; word units 100.0% of 8 words (letters-only 100.0% of 8).
Train Loss: output=0.1750, reconstruction=2.4921
Epoch [374/400]
batch = 0 (Δ=0.279s, 100.00%)
Training throughput: 1 batches in 0.277s; word units 100.0% of 8 words (letters-only 100.0% of 8).
Train Loss: output=0.1750, reconstruction=2.4921
Epoch [375/400]
batch = 0 (Δ=0.359s, 100.00%)
Training throughput: 1 batches in 0.359s; word units 100.0% of 8 words (letters-only 100.0% of 8).
Train Loss: output=0.1750, reconstruction=2.4920
Epoch [376/400]
batch = 0 (Δ=0.276s, 100.00%)
Training throughput: 1 batches in 0.275s; word units 100.0% of 8 words (letters-only 100.0% of 8).
Train Loss: output=0.1750, reconstruction=2.4920
Epoch [377/400]
batch = 0 (Δ=0.283s, 100.00%)
Training throughput: 1 batches in 0.281s; word units 100.0% of 8 words (letters-only 100.0% of 8).
Train Loss: output=0.1750, reconstruction=2.4920
Epoch [378/400]
batch = 0 (Δ=0.280s, 100.00%)
Training throughput: 1 batches in 0.278s; word units 100.0% of 8 words (letters-only 100.0% of 8).
Train Loss: output=0.1750, reconstruction=2.4920
Epoch [379/400]
batch = 0 (Δ=0.281s, 100.00%)
Training throughput: 1 batches in 0.280s; word units 100.0% of 8 words (letters-only 100.0% of 8).
Train Loss: output=0.1750, reconstruction=2.4920
Epoch [380/400]
batch = 0 (Δ=0.282s, 100.00%)
Training throughput: 1 batches in 0.282s; word units 100.0% of 8 words (letters-only 100.0% of 8).
Train Loss: output=0.1750, reconstruction=2.4920
Epoch [381/400]
batch = 0 (Δ=0.281s, 100.00%)
Training throughput: 1 batches in 0.280s; word units 100.0% of 8 words (letters-only 100.0% of 8).
Train Loss: output=0.1750, reconstruction=2.4920
Epoch [382/400]
batch = 0 (Δ=0.281s, 100.00%)
Training throughput: 1 batches in 0.280s; word units 100.0% of 8 words (letters-only 100.0% of 8).
Train Loss: output=0.1750, reconstruction=2.4920
Epoch [383/400]
batch = 0 (Δ=0.285s, 100.00%)
Training throughput: 1 batches in 0.284s; word units 100.0% of 8 words (letters-only 100.0% of 8).
Train Loss: output=0.1750, reconstruction=2.4920
Epoch [384/400]
batch = 0 (Δ=0.277s, 100.00%)
Training throughput: 1 batches in 0.276s; word units 100.0% of 8 words (letters-only 100.0% of 8).
Train Loss: output=0.1750, reconstruction=2.4920
Epoch [385/400]
batch = 0 (Δ=0.278s, 100.00%)
Training throughput: 1 batches in 0.277s; word units 100.0% of 8 words (letters-only 100.0% of 8).
Train Loss: output=0.1750, reconstruction=2.4920
Epoch [386/400]
batch = 0 (Δ=0.282s, 100.00%)
Training throughput: 1 batches in 0.280s; word units 100.0% of 8 words (letters-only 100.0% of 8).
Train Loss: output=0.1750, reconstruction=2.4920
Epoch [387/400]
batch = 0 (Δ=0.281s, 100.00%)
Training throughput: 1 batches in 0.280s; word units 100.0% of 8 words (letters-only 100.0% of 8).
Train Loss: output=0.1750, reconstruction=2.4920
Epoch [388/400]
batch = 0 (Δ=0.279s, 100.00%)
Training throughput: 1 batches in 0.278s; word units 100.0% of 8 words (letters-only 100.0% of 8).
Train Loss: output=0.1750, reconstruction=2.4920
Epoch [389/400]
batch = 0 (Δ=0.361s, 100.00%)
Training throughput: 1 batches in 0.360s; word units 100.0% of 8 words (letters-only 100.0% of 8).
Train Loss: output=0.1750, reconstruction=2.4920
Epoch [390/400]
batch = 0 (Δ=0.278s, 100.00%)
Training throughput: 1 batches in 0.277s; word units 100.0% of 8 words (letters-only 100.0% of 8).
Train Loss: output=0.1750, reconstruction=2.4920
Epoch [391/400]
batch = 0 (Δ=0.280s, 100.00%)
Training throughput: 1 batches in 0.280s; word units 100.0% of 8 words (letters-only 100.0% of 8).
Train Loss: output=0.1750, reconstruction=2.4920
Epoch [392/400]
batch = 0 (Δ=0.281s, 100.00%)
Training throughput: 1 batches in 0.279s; word units 100.0% of 8 words (letters-only 100.0% of 8).
Train Loss: output=0.1750, reconstruction=2.4920
Epoch [393/400]
batch = 0 (Δ=0.281s, 100.00%)
Training throughput: 1 batches in 0.280s; word units 100.0% of 8 words (letters-only 100.0% of 8).
Train Loss: output=0.1750, reconstruction=2.4920
Epoch [394/400]
batch = 0 (Δ=0.280s, 100.00%)
Training throughput: 1 batches in 0.279s; word units 100.0% of 8 words (letters-only 100.0% of 8).
Train Loss: output=0.1750, reconstruction=2.4920
Epoch [395/400]
batch = 0 (Δ=0.279s, 100.00%)
Training throughput: 1 batches in 0.278s; word units 100.0% of 8 words (letters-only 100.0% of 8).
Train Loss: output=0.1750, reconstruction=2.4920
Epoch [396/400]
batch = 0 (Δ=0.281s, 100.00%)
Training throughput: 1 batches in 0.280s; word units 100.0% of 8 words (letters-only 100.0% of 8).
Train Loss: output=0.1750, reconstruction=2.4920
Epoch [397/400]
batch = 0 (Δ=0.280s, 100.00%)
Training throughput: 1 batches in 0.279s; word units 100.0% of 8 words (letters-only 100.0% of 8).
Train Loss: output=0.1750, reconstruction=2.4920
Epoch [398/400]
batch = 0 (Δ=0.285s, 100.00%)
Training throughput: 1 batches in 0.284s; word units 100.0% of 8 words (letters-only 100.0% of 8).
Train Loss: output=0.1750, reconstruction=2.4920
Epoch [399/400]
batch = 0 (Δ=0.278s, 100.00%)
Training throughput: 1 batches in 0.278s; word units 100.0% of 8 words (letters-only 100.0% of 8).
Train Loss: output=0.1750, reconstruction=2.4920
Epoch [400/400]
batch = 0 (Δ=0.285s, 100.00%)
Training throughput: 1 batches in 0.284s; word units 100.0% of 8 words (letters-only 100.0% of 8).
Train Loss: output=0.1750, reconstruction=2.4920
Final Stats:
=== Selected operation grammar ===
batch = 0 (Δ=0.244s, 100.00%)
Training throughput: 1 batches in 0.189s; word units 100.0% of 8 words (letters-only 100.0% of 8).
=== Input Reconstruction (test) ===
  row[0] input='hello world' -> reconstructed='hello ' label=0.0000 predicted=0.5000 MISMATCH
  row[1] input='hello there' -> reconstructed='there ' label=1.0000 predicted=0.5000 MISMATCH
  row[2] input='loving world' -> reconstructed='loving ' label=1.0000 predicted=0.5000 MISMATCH
  row[3] input='loving there' -> reconstructed='there ' label=0.0000 predicted=0.5000 MISMATCH
