test/test_stm_recon_from_cleared_cache.py::test_topk_recovered_words_overlap_input
test/test_aligned_fold_binding.py::test_mini_basicmodel_ps128_ws128_cs1024_runs_forward_backward
test/test_aligned_fold_binding.py::test_concept_fold_support_roundtrips_with_conceptual_extras
test/test_mixing_reconstruction_bank.py::test_mixing_reconstruction_keeps_non_ascii_target_and_candidate_bytes
test/test_mixing_reconstruction_bank.py::test_mixing_bank_uses_byte_preserving_word_texts
test/test_mixing_reconstruction_bank.py::test_mixing_reconstruction_stages_objects_surfaces_and_occurrences
test/test_mixing_reconstruction_bank.py::test_no_compile_reconstruction_uses_the_eager_loop_body
test/test_mixing_reconstruction_bank.py::test_eager_reconstruction_loop_keeps_captured_values_and_gradients
test/test_meronomy_utf8.py::test_byte_witness_round_trips_non_ascii
test/test_meronomy_utf8.py::test_byte_witness_offsets_cover_the_surface_without_overlap
test/test_meronomy_utf8.py::test_split_multibyte_witness_keeps_raw_bytes
test/test_meronomy_utf8.py::test_surface_witness_replays_words_and_spaces[the book has a cover]
test/test_meronomy_utf8.py::test_surface_witness_replays_words_and_spaces[a b]
test/test_meronomy_utf8.py::test_surface_witness_replays_words_and_spaces[book xyz]
test/test_meronomy_utf8.py::test_unfamiliar_word_keeps_every_nonzero_byte_row
test/test_query_phase_fullgraph.py::test_query_mask_preserves_real_fullgraph_forward_backward_across_lengths
test/test_sentence_journal.py::test_packed_journal_reuses_one_sentence_without_colliding_with_its_closing
test/test_sentence_journal.py::test_journal_shape_is_fixed_within_the_serial_word_bucket
test/test_sentence_journal.py::test_large_packed_capacity_uses_existing_sentence_buckets
test/test_sentence_journal.py::test_program_reads_compact_journal_by_global_address_and_keeps_value_gradients
test/test_sentence_journal.py::test_inactive_columns_neither_split_a_sentence_nor_alias_its_active_words
test/test_sentence_journal.py::test_packed_word_and_closing_leave_other_sentence_rows_unchanged
test/test_sentence_journal.py::test_functional_prediction_cost_does_not_mutate_an_inactive_row
test/test_sentence_journal.py::test_deep_sentence_derivation_preserves_exact_postorder
test/test_sentence_journal.py::test_deep_meaning_projection_accepts_configured_sentences

25 tests collected in 2.11s
