.FFFFF.                                                                  [100%]
=================================== FAILURES ===================================
____________ test_serial_words_use_the_shared_operation_layer[both] ____________
test/test_router_fires_per_word.py:231: in test_serial_words_use_the_shared_operation_layer
    probe = _run_forward_spying_fold(model)
            ^^^^^^^^^^^^^^^^^^^^^^^^^^^^^^^
test/test_router_fires_per_word.py:198: in _run_forward_spying_fold
    model.forward(x)
bin/Models.py:154: in masked
    return method(self, *args, **kwargs)
           ^^^^^^^^^^^^^^^^^^^^^^^^^^^^^
bin/Models.py:9007: in forward
    return self._forward_per_stage(inputData)
           ^^^^^^^^^^^^^^^^^^^^^^^^^^^^^^^^^^
bin/Models.py:24288: in _forward_per_stage
    body_result = self._forward_body(
bin/Models.py:18222: in _forward_body
    return self._forward_body_per_word(
bin/Models.py:22617: in _forward_body_per_word
    row = _append_observed_meaning(
bin/Models.py:169: in _append_observed_meaning
    raise ValueError('an observation requires its selected clause and shared index')
E   ValueError: an observation requires its selected clause and shared index
----------------------------- Captured stdout call -----------------------------
Starting with dynamic 4-dim embedding (words added at runtime)
  Building span table: 0/4 docs
__________ test_serial_words_use_the_shared_operation_layer[per-word] __________
test/test_router_fires_per_word.py:231: in test_serial_words_use_the_shared_operation_layer
    probe = _run_forward_spying_fold(model)
            ^^^^^^^^^^^^^^^^^^^^^^^^^^^^^^^
test/test_router_fires_per_word.py:198: in _run_forward_spying_fold
    model.forward(x)
bin/Models.py:154: in masked
    return method(self, *args, **kwargs)
           ^^^^^^^^^^^^^^^^^^^^^^^^^^^^^
bin/Models.py:9007: in forward
    return self._forward_per_stage(inputData)
           ^^^^^^^^^^^^^^^^^^^^^^^^^^^^^^^^^^
bin/Models.py:24288: in _forward_per_stage
    body_result = self._forward_body(
bin/Models.py:18222: in _forward_body
    return self._forward_body_per_word(
bin/Models.py:22617: in _forward_body_per_word
    row = _append_observed_meaning(
bin/Models.py:169: in _append_observed_meaning
    raise ValueError('an observation requires its selected clause and shared index')
E   ValueError: an observation requires its selected clause and shared index
----------------------------- Captured stdout call -----------------------------
Starting with dynamic 4-dim embedding (words added at runtime)
  Building span table: 0/4 docs
__________ test_router_wire_serial_boundary_no_serial_forward_compose __________
test/test_router_fires_per_word.py:258: in test_router_wire_serial_boundary_no_serial_forward_compose
    n_calls, _ = _count_compose_calls(model)
                 ^^^^^^^^^^^^^^^^^^^^^^^^^^^
test/test_router_fires_per_word.py:151: in _count_compose_calls
    model.forward(x)
bin/Models.py:154: in masked
    return method(self, *args, **kwargs)
           ^^^^^^^^^^^^^^^^^^^^^^^^^^^^^
bin/Models.py:9007: in forward
    return self._forward_per_stage(inputData)
           ^^^^^^^^^^^^^^^^^^^^^^^^^^^^^^^^^^
bin/Models.py:24288: in _forward_per_stage
    body_result = self._forward_body(
bin/Models.py:18222: in _forward_body
    return self._forward_body_per_word(
bin/Models.py:22617: in _forward_body_per_word
    row = _append_observed_meaning(
bin/Models.py:169: in _append_observed_meaning
    raise ValueError('an observation requires its selected clause and shared index')
E   ValueError: an observation requires its selected clause and shared index
----------------------------- Captured stdout call -----------------------------
Starting with dynamic 4-dim embedding (words added at runtime)
  Building span table: 0/4 docs
____________ test_router_wire_serial_off_no_serial_forward_compose _____________
test/test_router_fires_per_word.py:272: in test_router_wire_serial_off_no_serial_forward_compose
    n_calls, _ = _count_compose_calls(model)
                 ^^^^^^^^^^^^^^^^^^^^^^^^^^^
test/test_router_fires_per_word.py:151: in _count_compose_calls
    model.forward(x)
bin/Models.py:154: in masked
    return method(self, *args, **kwargs)
           ^^^^^^^^^^^^^^^^^^^^^^^^^^^^^
bin/Models.py:9007: in forward
    return self._forward_per_stage(inputData)
           ^^^^^^^^^^^^^^^^^^^^^^^^^^^^^^^^^^
bin/Models.py:24288: in _forward_per_stage
    body_result = self._forward_body(
bin/Models.py:18222: in _forward_body
    return self._forward_body_per_word(
bin/Models.py:22617: in _forward_body_per_word
    row = _append_observed_meaning(
bin/Models.py:169: in _append_observed_meaning
    raise ValueError('an observation requires its selected clause and shared index')
E   ValueError: an observation requires its selected clause and shared index
----------------------------- Captured stdout call -----------------------------
Starting with dynamic 4-dim embedding (words added at runtime)
  Building span table: 0/4 docs
______________ test_boundary_generate_gated_by_router_wire_serial ______________
test/test_router_fires_per_word.py:311: in test_boundary_generate_gated_by_router_wire_serial
    assert _generate_fires("both") >= 1, (
           ^^^^^^^^^^^^^^^^^^^^^^^
test/test_router_fires_per_word.py:296: in _generate_fires
    model.forward(x)
bin/Models.py:154: in masked
    return method(self, *args, **kwargs)
           ^^^^^^^^^^^^^^^^^^^^^^^^^^^^^
bin/Models.py:9007: in forward
    return self._forward_per_stage(inputData)
           ^^^^^^^^^^^^^^^^^^^^^^^^^^^^^^^^^^
bin/Models.py:24288: in _forward_per_stage
    body_result = self._forward_body(
bin/Models.py:18222: in _forward_body
    return self._forward_body_per_word(
bin/Models.py:22617: in _forward_body_per_word
    row = _append_observed_meaning(
bin/Models.py:169: in _append_observed_meaning
    raise ValueError('an observation requires its selected clause and shared index')
E   ValueError: an observation requires its selected clause and shared index
----------------------------- Captured stdout call -----------------------------
Starting with dynamic 4-dim embedding (words added at runtime)
  Building span table: 0/4 docs
=========================== short test summary info ============================
FAILED test/test_router_fires_per_word.py::test_serial_words_use_the_shared_operation_layer[both]
FAILED test/test_router_fires_per_word.py::test_serial_words_use_the_shared_operation_layer[per-word]
FAILED test/test_router_fires_per_word.py::test_router_wire_serial_boundary_no_serial_forward_compose
FAILED test/test_router_fires_per_word.py::test_router_wire_serial_off_no_serial_forward_compose
FAILED test/test_router_fires_per_word.py::test_boundary_generate_gated_by_router_wire_serial
5 failed, 2 passed in 5.18s
