.........FF..........                                                    [100%]
=================================== FAILURES ===================================
____ TestRecurrentCellAndOutputViews.test_full_forward_runs_recurrent_cell _____
test/test_perceptual_loopback.py:197: in test_full_forward_runs_recurrent_cell
    out = m.forward(self._one_input())
          ^^^^^^^^^^^^^^^^^^^^^^^^^^^^
bin/Models.py:154: in masked
    return method(self, *args, **kwargs)
           ^^^^^^^^^^^^^^^^^^^^^^^^^^^^^
bin/Models.py:9007: in forward
    return self._forward_per_stage(inputData)
           ^^^^^^^^^^^^^^^^^^^^^^^^^^^^^^^^^^
bin/Models.py:24288: in _forward_per_stage
    body_result = self._forward_body(
bin/Models.py:18222: in _forward_body
    return self._forward_body_per_word(
bin/Models.py:22617: in _forward_body_per_word
    row = _append_observed_meaning(
bin/Models.py:169: in _append_observed_meaning
    raise ValueError('an observation requires its selected clause and shared index')
E   ValueError: an observation requires its selected clause and shared index
____ TestRecurrentCellAndOutputViews.test_terminal_conceptual_exposes_views ____
test/test_perceptual_loopback.py:215: in test_terminal_conceptual_exposes_views
    m.forward(self._one_input())
bin/Models.py:154: in masked
    return method(self, *args, **kwargs)
           ^^^^^^^^^^^^^^^^^^^^^^^^^^^^^
bin/Models.py:9007: in forward
    return self._forward_per_stage(inputData)
           ^^^^^^^^^^^^^^^^^^^^^^^^^^^^^^^^^^
bin/Models.py:24288: in _forward_per_stage
    body_result = self._forward_body(
bin/Models.py:18222: in _forward_body
    return self._forward_body_per_word(
bin/Models.py:22617: in _forward_body_per_word
    row = _append_observed_meaning(
bin/Models.py:169: in _append_observed_meaning
    raise ValueError('an observation requires its selected clause and shared index')
E   ValueError: an observation requires its selected clause and shared index
=========================== short test summary info ============================
FAILED test/test_perceptual_loopback.py::TestRecurrentCellAndOutputViews::test_full_forward_runs_recurrent_cell
FAILED test/test_perceptual_loopback.py::TestRecurrentCellAndOutputViews::test_terminal_conceptual_exposes_views
2 failed, 19 passed in 3.65s
