............................s.sss....................................... [ 44%]
........................................................................ [ 89%]
.................                                                        [100%]
=============================== warnings summary ===============================
test/test_output_walk.py::test_walk_unreduces_an_independently_selected_parent_and_emits_its_constituents
  /Users/arogers/github/WikiOracle/basicmodel/.venv/lib/python3.12/site-packages/torch/utils/_device.py:122: UserWarning: Sparse invariant checks are implicitly disabled. Memory errors (e.g. SEGFAULT) will occur when operating on a sparse tensor which violates the invariants, but checks incur performance overhead. To silence this warning, explicitly opt in or out. See `torch.sparse.check_sparse_tensor_invariants.__doc__` for guidance.  (Triggered internally at /Users/runner/work/pytorch/pytorch/aten/src/ATen/Context.cpp:855.)
    return func(*args, **kwargs)

test/test_output_walk.py::test_walk_unreduces_an_independently_selected_parent_and_emits_its_constituents
  /Users/arogers/github/WikiOracle/basicmodel/.venv/lib/python3.12/site-packages/torch/utils/_device.py:122: UserWarning: Converting a tensor with requires_grad=True to a scalar may lead to unexpected behavior.
  Consider using tensor.detach() first. (Triggered internally at /Users/runner/work/pytorch/pytorch/torch/csrc/autograd/generated/python_variable_methods.cpp:821.)
    return func(*args, **kwargs)

test/test_output_walk.py::test_runbatch_trains_generate_policy_from_reconstruction[True]
  /Users/arogers/github/WikiOracle/basicmodel/test/../bin/Models.py:7166: RuntimeWarning: what_answer_target_shape [config /var/folders/_y/q6ybzrpx39jd0fzf9g671z280000gn/T/tmpzl0imr54/MM_ladder_walk.xml]: Data.what target (2, 1, 16) replaces the loader output (2, 1, 1) (placeholder labels)
    warnings.warn(f"{site} [config {cfg}]: {detail}", RuntimeWarning)

test/test_output_walk.py::test_runbatch_answer_availability_never_reassigns_the_decoder
  /Users/arogers/github/WikiOracle/basicmodel/test/../bin/Models.py:7166: RuntimeWarning: what_answer_target_shape [config /var/folders/_y/q6ybzrpx39jd0fzf9g671z280000gn/T/tmpk1zt2lyy/MM_ladder_walk.xml]: Data.what target (2, 1, 16) replaces the loader output (2, 1, 1) (placeholder labels)
    warnings.warn(f"{site} [config {cfg}]: {detail}", RuntimeWarning)

test/test_output_walk.py::test_runbatch_output_masks_rows_without_reassigning_decoder_credit
  /Users/arogers/github/WikiOracle/basicmodel/test/../bin/Models.py:7166: RuntimeWarning: what_answer_target_shape [config /var/folders/_y/q6ybzrpx39jd0fzf9g671z280000gn/T/tmpps9h_ugl/MM_ladder_walk.xml]: Data.what target (2, 1, 16) replaces the loader output (2, 1, 1) (placeholder labels)
    warnings.warn(f"{site} [config {cfg}]: {detail}", RuntimeWarning)

test/test_output_walk.py::test_question_conditioner_optimizer_steps_both_widths
  /Users/arogers/github/WikiOracle/basicmodel/test/../bin/Models.py:7166: RuntimeWarning: what_answer_target_shape [config /var/folders/_y/q6ybzrpx39jd0fzf9g671z280000gn/T/tmplt9j2ak8/MM_ladder_walk.xml]: Data.what target (2, 1, 16) replaces the loader output (2, 1, 1) (placeholder labels)
    warnings.warn(f"{site} [config {cfg}]: {detail}", RuntimeWarning)

test/test_partition_pos_codebook.py: 5 warnings
test/test_partition_reconstruction_stack.py: 2 warnings
test/test_partition_rule_predictor.py: 6 warnings
  /Users/arogers/github/WikiOracle/basicmodel/bin/Spaces.py:1233: RuntimeWarning: EventEncoding[PartSpace]: nDim=4 leaves no content width after the canonical band (nWhere=4 + nWhen=4); raise <nDim> to at least 9 if this space builds a what-basis.
    warnings.warn(

test/test_partition_pos_codebook.py: 5 warnings
test/test_partition_reconstruction_stack.py: 2 warnings
test/test_partition_rule_predictor.py: 6 warnings
  /Users/arogers/github/WikiOracle/basicmodel/bin/Spaces.py:1233: RuntimeWarning: EventEncoding[WholeSpace]: nDim=4 leaves no content width after the canonical band (nWhere=4 + nWhen=4); raise <nDim> to at least 9 if this space builds a what-basis.
    warnings.warn(

test/test_partition_resolve.py::test_symbol_codebook_quantizes_activation_not_what
  /Users/arogers/github/WikiOracle/basicmodel/bin/Spaces.py:1233: RuntimeWarning: EventEncoding[WholeSpace]: nDim=8 leaves no content width after the canonical band (nWhere=4 + nWhen=4); raise <nDim> to at least 9 if this space builds a what-basis.
    warnings.warn(

-- Docs: https://docs.pytest.org/en/stable/how-to/capture-warnings.html
157 passed, 4 skipped, 33 warnings in 100.47s (0:01:40)
