F                                                                        [100%]
=================================== FAILURES ===================================
___ test_definition_share_of_native_predictor_reads[MM_grammar_wording.xml] ____
doc/benchmarks/2026-09-29-item7-review-round3/probe_packed_definition_context.py:44: in test_definition_share_of_native_predictor_reads
    m.runBatch(train=False,batchNum=0,batchSize=1,split='validation',
bin/Models.py:14029: in runBatch
    return self._run_sentence_batch(*args, **kwargs)
           ^^^^^^^^^^^^^^^^^^^^^^^^^^^^^^^^^^^^^^^^^
bin/Models.py:14201: in _run_sentence_batch
    return self._run_batch_once(**call)
           ^^^^^^^^^^^^^^^^^^^^^^^^^^^^
bin/Models.py:14568: in _run_batch_once
    _what_answers = self._what_or_think(
bin/Models.py:9263: in _what_or_think
    return self.what(questions, input_data, executor=executor, record=record)
           ^^^^^^^^^^^^^^^^^^^^^^^^^^^^^^^^^^^^^^^^^^^^^^^^^^^^^^^^^^^^^^^^^^
bin/Models.py:10741: in what
    execution = self._execute_input_sentence(input_data, executor)
                ^^^^^^^^^^^^^^^^^^^^^^^^^^^^^^^^^^^^^^^^^^^^^^^^^^
bin/Models.py:154: in masked
    return method(self, *args, **kwargs)
           ^^^^^^^^^^^^^^^^^^^^^^^^^^^^^
bin/Models.py:8962: in _execute_input_sentence
    return (executor or self.forward)(input_data)
           ^^^^^^^^^^^^^^^^^^^^^^^^^^^^^^^^^^^^^^
bin/Models.py:154: in masked
    return method(self, *args, **kwargs)
           ^^^^^^^^^^^^^^^^^^^^^^^^^^^^^
bin/Models.py:8774: in forward
    return self._forward_per_stage(inputData)
           ^^^^^^^^^^^^^^^^^^^^^^^^^^^^^^^^^^
bin/Models.py:23823: in _forward_per_stage
    in_sub = self._lex_embed_stem(inputData)
             ^^^^^^^^^^^^^^^^^^^^^^^^^^^^^^^
bin/Models.py:13583: in _lex_embed_stem
    self.inputSpace.finalize_stem(in_sub, self.perceptualSpace)
bin/Spaces.py:10586: in finalize_stem
    return self._finalize_serial_word_stem(sub, ps)
           ^^^^^^^^^^^^^^^^^^^^^^^^^^^^^^^^^^^^^^^^
bin/Spaces.py:10484: in _finalize_serial_word_stem
    self._finalize_sentence_word_layout(active)
bin/Spaces.py:10524: in _finalize_sentence_word_layout
    raise RuntimeError(
E   RuntimeError: packed surface word layout differs from the staged sentence boundaries; refusing to train misaligned roots
----------------------------- Captured stdout call -----------------------------
[AMP] off (fp32, MODEL_AMP unset or =off)
=============================== warnings summary ===============================
test/test_mm_xor.py:171
  /Users/arogers/github/WikiOracle/basicmodel/test/test_mm_xor.py:171: PytestUnknownMarkWarning: Unknown pytest.mark.slow - is this a typo?  You can register custom marks to avoid this warning - for details, see https://docs.pytest.org/en/stable/how-to/mark.html
    @pytest.mark.slow

test/test_mm_xor.py:176
  /Users/arogers/github/WikiOracle/basicmodel/test/test_mm_xor.py:176: PytestUnknownMarkWarning: Unknown pytest.mark.slow - is this a typo?  You can register custom marks to avoid this warning - for details, see https://docs.pytest.org/en/stable/how-to/mark.html
    @pytest.mark.slow

test/test_mm_xor.py:182
  /Users/arogers/github/WikiOracle/basicmodel/test/test_mm_xor.py:182: PytestUnknownMarkWarning: Unknown pytest.mark.slow - is this a typo?  You can register custom marks to avoid this warning - for details, see https://docs.pytest.org/en/stable/how-to/mark.html
    @pytest.mark.slow

doc/benchmarks/2026-09-29-item7-review-round3/probe_packed_definition_context.py::test_definition_share_of_native_predictor_reads[MM_grammar_wording.xml]
  /Users/arogers/github/WikiOracle/basicmodel/.venv/lib/python3.12/site-packages/torch/utils/_device.py:122: UserWarning: Sparse invariant checks are implicitly disabled. Memory errors (e.g. SEGFAULT) will occur when operating on a sparse tensor which violates the invariants, but checks incur performance overhead. To silence this warning, explicitly opt in or out. See `torch.sparse.check_sparse_tensor_invariants.__doc__` for guidance.  (Triggered internally at /Users/runner/work/pytorch/pytorch/aten/src/ATen/Context.cpp:855.)
    return func(*args, **kwargs)

-- Docs: https://docs.pytest.org/en/stable/how-to/capture-warnings.html
=========================== short test summary info ============================
FAILED doc/benchmarks/2026-09-29-item7-review-round3/probe_packed_definition_context.py::test_definition_share_of_native_predictor_reads[MM_grammar_wording.xml]
1 failed, 4 warnings in 4.20s
