test/test_stm_recon_from_cleared_cache.py::test_topk_overlap_requires_every_forward_position[forward0-recovered0-0.0]
test/test_stm_recon_from_cleared_cache.py::test_topk_overlap_requires_every_forward_position[forward1-recovered1-0.0]
test/test_stm_recon_from_cleared_cache.py::test_topk_overlap_requires_every_forward_position[forward2-recovered2-0.0]
test/test_stm_recon_from_cleared_cache.py::test_topk_overlap_requires_every_forward_position[forward3-recovered3-1.0]
test/test_stm_recon_from_cleared_cache.py::test_topk_overlap_requires_every_forward_position[forward4-recovered4-0.5]
test/test_stm_recon_from_cleared_cache.py::test_forward_produces_single_S_and_targets
test/test_stm_recon_from_cleared_cache.py::test_cache_clears_and_chart_generate_rederives_from_stm
test/test_stm_recon_from_cleared_cache.py::test_reverse_from_cleared_cache_is_drivable_and_decodable
test/test_stm_recon_from_cleared_cache.py::test_reverse_body_preserves_finiteness_on_finite_seed
test/test_stm_recon_from_cleared_cache.py::test_forward_stm_idea_is_finite
test/test_stm_recon_from_cleared_cache.py::test_reverse_perceptual_preserves_finiteness_on_finite_seed
test/test_stm_recon_from_cleared_cache.py::test_topk_recovered_words_overlap_input
test/test_operators_round3a.py::test_forms_anagrams_length_and_nontrivial_containment
test/test_operators_round3a.py::test_mint_rekeys_existing_word_and_checkpoints_without_global_rng
test/test_operators_round3a.py::test_fixed_atoms_survive_optimizer_and_projection_is_only_binding_view
test/test_operators_round3a.py::test_unidentified_pair_assembly_and_index_resolves_ambiguity
test/test_operators_round3a.py::test_masked_mint_extends_bits_and_has_declared_quadruple_fallback[False]
test/test_operators_round3a.py::test_masked_mint_extends_bits_and_has_declared_quadruple_fallback[True]
test/test_operators_round3a.py::test_live_mint_rekeys_pending_and_completed_definitions[False]
test/test_operators_round3a.py::test_live_mint_rekeys_pending_and_completed_definitions[True]
test/test_operators_round3a.py::test_numeric_mm_keeps_its_original_geometry
test/test_operators_round3a.py::test_trust_to_pair_and_negation[0.7-True-expected0]
test/test_operators_round3a.py::test_trust_to_pair_and_negation[-0.4-True-expected1]
test/test_operators_round3a.py::test_trust_to_pair_and_negation[0.7-False-expected2]
test/test_operators_round3a.py::test_trust_to_pair_and_negation[-0.4-False-expected3]
test/test_operators_round3a.py::test_trust_to_pair_and_negation[0.0-True-expected4]
test/test_operators_round3a.py::test_live_grammar_uses_sparse_index_dense_nonzero_roots_and_exact_rung0
test/test_reconstruction_precedence.py::test_only_strictly_lower_total_wins_and_tie_keeps_greedy
test/test_prepared_answer_boundary.py::test_realization_uses_a_held_derivation_without_running_resolution[False]
test/test_prepared_answer_boundary.py::test_realization_uses_a_held_derivation_without_running_resolution[True]
test/test_prepared_answer_boundary.py::test_prepared_answer_generates_more_words_than_the_captured_input
test/test_prepared_answer_boundary.py::test_public_boundary_prepares_target_free_metadata_before_realization
test/test_prepared_answer_boundary.py::test_prepared_concept_handoff_cuts_answer_state_gradient[False-False]
test/test_prepared_answer_boundary.py::test_prepared_concept_handoff_cuts_answer_state_gradient[False-True]
test/test_prepared_answer_boundary.py::test_prepared_concept_handoff_cuts_answer_state_gradient[True-False]
test/test_prepared_answer_boundary.py::test_prepared_concept_handoff_cuts_answer_state_gradient[True-True]
test/test_prepared_answer_boundary.py::test_answer_loss_trains_an_executed_shared_inverse_without_state_credit[False]
test/test_prepared_answer_boundary.py::test_answer_loss_trains_an_executed_shared_inverse_without_state_credit[True]
test/test_prepared_answer_boundary.py::test_what_reconstructs_then_resolves_then_realizes
test/test_review14_contracts.py::test_net_evidence_interval_and_detached_native_sources
test/test_review14_contracts.py::test_against_alone_is_not_negative_form_and_no_wholes_means_lower
test/test_review14_contracts.py::test_room_projection_reports_before_after_and_moves_extremal_rows
test/test_review14_contracts.py::test_pair_is_hard_detached_and_relative_under_product_scaling
test/test_review14_contracts.py::test_byte_scorer_bank_is_constant_leaf_is_live
test/test_review14_contracts.py::test_sentence_path_has_no_native_prototype_or_evidence_gradient
test/test_review14_contracts.py::test_raw_root_reader_is_affine_and_cuts_the_root_gradient
test/test_review14_contracts.py::test_zero_parent_relative_search_remains_finite
test/test_review14_contracts.py::test_review17_measurement_wiring_on_one_ordinary_batch
test/test_review14_contracts.py::test_repeated_part_address_does_not_multiply_its_11b_evidence
test/test_review14_contracts.py::test_zero_parent_relative_search_with_large_valid_codes_stays_finite
test/test_review14_contracts.py::test_room_report_includes_fixed_missing_whole_boundary
test/test_review14_contracts.py::test_compose_score_function_moves_toward_the_cheaper_departure[-0.5]
test/test_review14_contracts.py::test_compose_score_function_moves_toward_the_cheaper_departure[0.0]
test/test_review14_contracts.py::test_compose_score_function_moves_toward_the_cheaper_departure[0.5]

54 tests collected in 2.19s
