test/test_relative_error.py::test_squared_error_is_ratio_of_means_and_baseline_is_detached
test/test_relative_error.py::test_uniform_categorical_prediction_is_one_even_for_constant_targets[2]
test/test_relative_error.py::test_uniform_categorical_prediction_is_one_even_for_constant_targets[7]
test/test_relative_error.py::test_uniform_categorical_prediction_is_one_even_for_constant_targets[256]
test/test_relative_error.py::test_binary_zero_logits_have_one_error_for_constant_targets
test/test_relative_error.py::test_zero_targets_are_an_unnormalized_penalty_and_empty_mask_is_inactive
test/test_relative_error.py::test_repeated_contributions_share_one_target_baseline
test/test_relative_error.py::test_row_costs_train_one_ratio_without_amplifying_small_target_rows
test/test_relative_error.py::test_nearly_solved_error_stays_small_and_regularizer_keeps_strength
test/test_relative_error.py::test_reporting_only_penalty_does_not_enter_trained_total
test/test_relative_error.py::test_row_receipt_reports_the_trained_mean_and_contextual_weight
test/test_relative_error.py::test_scalar_receipt_and_history_include_contextual_weight
test/test_supplied_answer_training.py::test_supplied_answer_is_in_trial_cost_with_code_chooser_and_readout_gradient
test/test_supplied_answer_training.py::test_answer_projection_cost_does_not_include_a_generate_lesson
test/test_supplied_answer_training.py::test_sentence_without_answer_keeps_code_and_chooser_out_of_answer_gradient
test/test_supplied_answer_training.py::test_real_supplied_trials_cost_before_updates_and_reach_all_three_owners
test/test_supplied_answer_training.py::test_native_trial_reads_the_completed_point_with_live_credit
test/test_supplied_answer_training.py::test_automatic_answers_do_not_start_a_supplied_answer_trial
test/test_reconstruction_precedence.py::test_lower_total_explore_cannot_win_with_worse_reconstruction
test/test_reconstruction_precedence.py::test_projection_preserves_reconstruction_other_objectives_and_reading_map
test/test_reconstruction_precedence.py::test_projection_includes_the_trial_perception_pullback
test/test_reconstruction_precedence.py::test_nonopposing_answer_and_absent_reconstruction_need_no_correction
test/test_reconstruction_precedence.py::test_sparse_answer_projection_preserves_the_sparse_code_gradient
test/test_reconstruction_precedence.py::test_real_answer_and_reconstruction_trials_use_one_registry_and_shared_projection[none]
test/test_reconstruction_precedence.py::test_real_answer_and_reconstruction_trials_use_one_registry_and_shared_projection[eager]
test/test_compose_pair_driver.py::test_pair_trains_twice_and_commits_once
test/test_compose_pair_driver.py::test_evaluation_repeats_the_same_program_without_an_explore_trial
test/test_trial_policy_ownership.py::test_trial_generation_leaves_policy_credit_at_batch_end[False-exploit]
test/test_trial_policy_ownership.py::test_trial_generation_leaves_policy_credit_at_batch_end[False-explore]
test/test_trial_policy_ownership.py::test_trial_generation_leaves_policy_credit_at_batch_end[True-exploit]
test/test_trial_policy_ownership.py::test_trial_generation_leaves_policy_credit_at_batch_end[True-explore]
test/test_inter_sentence_prediction_shape.py::test_prediction_trains_live_context_encoder_but_not_observed_target
test/test_inter_sentence_prediction_shape.py::test_consuming_prediction_loss_ends_encoder_graph_lifetime
test/test_inter_sentence_prediction_shape.py::test_prediction_context_is_row_local_and_reset_keeps_other_rows
test/test_inter_sentence_prediction_shape.py::test_consolidated_prediction_uses_observed_context_without_target_leak
test/test_inter_sentence_prediction_shape.py::test_evaluation_does_not_accumulate_training_losses_with_autograd_enabled
test/test_inter_sentence_prediction_shape.py::TestPredictNextEndStateShape::test_cold_start_returns_degenerate_shape
test/test_inter_sentence_prediction_shape.py::TestPredictNextEndStateShape::test_depth_hat_tracks_most_recent_end_state
test/test_inter_sentence_prediction_shape.py::TestPredictNextEndStateShape::test_payload_finite_over_a_longer_chain
test/test_inter_sentence_prediction_shape.py::TestPredictNextEndStateShape::test_relative_then_absolute_emits_valid_shape
test/test_inter_sentence_prediction_shape.py::TestPredictFailLoud::test_nan_prediction_raises
test/test_inter_sentence_prediction_shape.py::TestInterPredictorParamsExposed::test_chain_window_is_bounded
test/test_inter_sentence_prediction_shape.py::TestInterPredictorParamsExposed::test_predictor_is_built
test/test_inter_sentence_prediction_shape.py::TestInterPredictorParamsExposed::test_predictor_is_on_layers_for_ergodic_cascade
test/test_inter_sentence_prediction_shape.py::TestInterPredictorParamsExposed::test_predictor_params_are_in_layer_parameters
test/test_inter_sentence_prediction_shape.py::TestInterLoss::test_cold_start_prediction_is_not_scored
test/test_inter_sentence_prediction_shape.py::TestInterLoss::test_loss_backprops_into_predictor
test/test_inter_sentence_prediction_shape.py::TestInterLoss::test_no_accumulation_under_no_grad
test/test_inter_sentence_prediction_shape.py::TestInterLoss::test_observe_without_prediction_does_not_accumulate
test/test_inter_sentence_prediction_shape.py::TestInterLoss::test_predict_then_observe_accumulates_live_loss
test/test_inter_sentence_prediction_shape.py::TestInterLoss::test_reset_clears_pending_prediction_and_accumulator
test/test_inter_sentence_prediction_shape.py::TestInterLoss::test_weight_off_disables_accumulation
test/test_inter_sentence_prediction_shape.py::TestTrainingBoundaryStagesPrediction::test_combined_call_accumulates_across_several_boundaries
test/test_inter_sentence_prediction_shape.py::TestTrainingBoundaryStagesPrediction::test_combined_call_accumulates_live_loss_after_first_boundary
test/test_inter_sentence_prediction_shape.py::TestTrainingBoundaryStagesPrediction::test_combined_call_loss_backprops_into_predictor
test/test_inter_sentence_prediction_shape.py::TestTrainingBoundaryStagesPrediction::test_combined_call_matches_manual_two_call_order
test/test_inter_sentence_prediction_shape.py::TestTrainingBoundaryStagesPrediction::test_combined_call_no_grad_does_not_accumulate
test/test_inter_sentence_prediction_shape.py::TestTrainingBoundaryStagesPrediction::test_combined_call_no_predictor_is_bare_observe
test/test_inter_sentence_prediction_shape.py::TestInterContrastive::test_contrastive_accumulates_live_loss
test/test_inter_sentence_prediction_shape.py::TestInterContrastive::test_contrastive_trains_predictor
test/test_inter_sentence_prediction_shape.py::TestInterContrastive::test_no_accumulation_under_no_grad
test/test_inter_sentence_prediction_shape.py::TestInterContrastive::test_weight_off_disables_contrastive
test/test_intra_sentence_layer.py::TestIntraSentenceLayerShapes::test_no_intermediate_activation
test/test_intra_sentence_layer.py::TestIntraSentenceLayerShapes::test_parallel_forward_shape
test/test_intra_sentence_layer.py::TestIntraSentenceLayerShapes::test_serial_forward_shape
test/test_intra_sentence_layer.py::TestIntraSentenceLayerRouting::test_routing_changes_parallel_output
test/test_intra_sentence_layer.py::TestIntraSentenceLayerRouting::test_routing_changes_serial_output
test/test_intra_sentence_layer.py::TestIntraSentenceLayerRoundtrip::test_intra_loss_is_mse
test/test_intra_sentence_layer.py::TestIntraSentenceLayerRoundtrip::test_parallel_roundtrip_no_routing
test/test_intra_sentence_layer.py::TestIntraSentenceLayerRoundtrip::test_parallel_roundtrip_with_routing
test/test_intra_sentence_layer.py::TestIntraSentenceLayerRoundtrip::test_serial_reverse_shape
test/test_intra_sentence_layer.py::TestConceptualSpaceOwnership::test_dims_match_space
test/test_intra_sentence_layer.py::TestConceptualSpaceOwnership::test_intra_layer_in_cascade
test/test_intra_sentence_layer.py::TestConceptualSpaceOwnership::test_intra_loss_weight_read
test/test_intra_sentence_layer.py::TestConceptualSpaceOwnership::test_reset_reaches_layer
test/test_intra_sentence_layer.py::TestConceptualSpaceOwnership::test_routing_dim_is_n_rules
test/test_intra_sentence_layer.py::TestConceptualSpaceOwnership::test_space_owns_intra_layer
test/test_intra_sentence_layer.py::TestRuleConditionedPredictor::test_bias_fires_on_real_model
test/test_intra_sentence_layer.py::TestRuleConditionedPredictor::test_intra_routing_for_predict_returns_real_tensor
test/test_intra_sentence_layer.py::TestRuleConditionedPredictor::test_routing_state_built_with_rule_probs

80 tests collected in 1.22s
